(node:30259) [MODULE_TYPELESS_PACKAGE_JSON] Warning: Module type of file://[local-path] is not specified and it doesn't parse as CommonJS.
Reparsing as ES module because module syntax was detected. This incurs a performance overhead.
To eliminate this warning, add "type": "module" to [local-path]
(Use `node --trace-warnings ...` to show where the warning was created)
✖ E1 watch rounds cold reopen and replay the four literal post-start checkpoints (1456.818375ms)
ℹ tests 1
ℹ suites 0
ℹ pass 0
ℹ fail 1
ℹ cancelled 0
ℹ skipped 0
ℹ todo 0
ℹ duration_ms 1798.807

✖ failing tests:

test at kernel/ts/test/e1_watch_rounds.test.ts:14:1
✖ E1 watch rounds cold reopen and replay the four literal post-start checkpoints (1456.818375ms)
  AssertionError [ERR_ASSERTION]: Expected values to be strictly equal:
  + actual - expected
  
  + 'room.north_gate.title'
  - 'room.watch_post.title'
          ^
  
      at watchRounds (file://[local-path]
      at TestContext.<anonymous> (file://[local-path]
      at Test.runInAsyncScope (node:async_hooks:227:14)
      at Test.run (node:internal/test_runner/test:1402:25)
      at Test.start (node:internal/test_runner/test:1262:17)
      at startSubtestAfterBootstrap (node:internal/test_runner/harness:387:17)
      at process.processTicksAndRejections (node:internal/process/task_queues:104:5) {
    generatedMessage: true,
    code: 'ERR_ASSERTION',
    actual: 'room.north_gate.title',
    expected: 'room.watch_post.title',
    operator: 'strictEqual',
    diff: 'simple'
  }

exit_status=1
