✔ two-exit Flee selects canonical north/west using independent seeded answers (8.035125ms)
✔ blocked exits are excluded; zero exits or insufficient fare refuse without a draw (5.56975ms)
✖ active combat exposes one directionless Flee and refuses directional movement (3.037333ms)
✔ real SQLite reopens Attack and both M4 A rounds with original receipt replay (43.084417ms)
✔ a real rat kill commits corpse and preacceptance credit together and reopens exactly (11.03275ms)
✔ actual lethal combat returns empty-handed and ordinary six-exit journey recovers corpse roots (19.288334ms)
✔ genuine FULL and both unknown-COMMIT outcomes fence a real fatal round (26.028917ms)
✔ saved encounter corruption refuses before exposing play without repairing rows (20.206ms)
✔ input at the due deadline settles lethal combat before attempting Flee (8.03825ms)
✔ random Flee destination and RNG reopen and replay one SQLite receipt (7.787208ms)
ℹ tests 10
ℹ suites 0
ℹ pass 9
ℹ fail 1
ℹ cancelled 0
ℹ skipped 0
ℹ todo 0
ℹ duration_ms 319.221

✖ failing tests:

test at kernel/ts/test/combat_flee.test.ts:122:1
✖ active combat exposes one directionless Flee and refuses directional movement (3.037333ms)
  AssertionError [ERR_ASSERTION]: Expected values to be strictly deep-equal:
  + actual - expected
  
    {
  +   delta: {
  +     ops: [
  +       {
  +         entity_id: '3d4829ad-9e43-81ef-bc10-66b1b267e157',
  +         from: 100,
  +         op: 'resource.adjust',
  +         resource: {
  +           cartridge_id: 'ashmere_sampler',
  +           cartridge_version: '0.0.9',
  +           key: 'mv',
  +           kind: 'resource'
  +         },
  +         to: 98,
  +         writer_group: 0
  +       },
  +       {
  +         destination_id: '953a909b-3a29-8c5c-9e3f-4105b9a47c4b',
  +         entity_id: '3d4829ad-9e43-81ef-bc10-66b1b267e157',
  +         op: 'entity.transfer',
  +         source_id: 'd530207e-b845-8be5-9d53-b44b2cf5d8a1',
  +         writer_group: 0
  +       },
  +       {
  +         encounter_id: 'af0fb296-b16c-8d98-b3d3-e010266cfaf3',
  +         job_id: 'f038a615-df00-8e76-a44b-e345bd798d8a',
  +         op: 'encounter.close',
  +         writer_group: 0
  +       },
  +       {
  +         encounter_id: 'af0fb296-b16c-8d98-b3d3-e010266cfaf3',
  +         job_id: 'f038a615-df00-8e76-a44b-e345bd798d8a',
  +         op: 'job.cancel',
  +         writer_group: 0
  +       }
  +     ]
  -   error: {
  -     code: 'invalid_state'
      },
  +   effects: [],
  +   events: [
  +     {
  +       actor_id: 'bd595711-ea5f-89a5-abb0-046cd349d2f9',
  +       causation_id: 'aaaaaaaa-0000-4000-8000-000000000002',
  +       correlation_id: 'aaaaaaaa-0000-4000-8000-000000000002',
  +       id: 'd68e2570-678e-8b51-9a20-82fa0ea8920f',
  +       logical_time: 0,
  +       payload: {
  +         entity_id: '3d4829ad-9e43-81ef-bc10-66b1b267e157',
  +         room_id: '953a909b-3a29-8c5c-9e3f-4105b9a47c4b',
  +         type: 'entity_entered_room'
  +       },
  +       position: 1,
  +       scope: {
  +         character_id: 'bd595711-ea5f-89a5-abb0-046cd349d2f9',
  +         kind: 'player'
  +       },
  +       world_context_id: '0d4e8a5c-3f1b-4c2a-9e7d-6b5a4c3d2e1f'
  +     }
  +   ],
  +   kind: 'accepted',
  +   outcome: 'moved',
  +   rng: [
  +     1,
  +     2,
  +     3,
  +     4
  +   ]
  -   kind: 'rejected'
    }
  
      at TestContext.<anonymous> (file://<repo>/kernel/ts/test/combat_flee.test.ts:136:10)
      at Test.runInAsyncScope (node:async_hooks:227:14)
      at Test.run (node:internal/test_runner/test:1402:25)
      at Test.processPendingSubtests (node:internal/test_runner/test:974:18)
      at Test.postRun (node:internal/test_runner/test:1542:19)
      at Test.run (node:internal/test_runner/test:1467:12)
      at async Test.processPendingSubtests (node:internal/test_runner/test:974:7) {
    generatedMessage: true,
    code: 'ERR_ASSERTION',
    actual: { kind: 'accepted', outcome: 'moved', delta: { ops: [Array] }, events: [ [Object] ], effects: [], rng: [ 1, 2, 3, 4 ] },
    expected: { kind: 'rejected', error: { code: 'invalid_state' } },
    operator: 'deepStrictEqual',
    diff: 'simple'
  }
