✖ two-exit Flee selects canonical north/west using independent seeded answers (7.417958ms)
✔ blocked exits are excluded; zero exits or insufficient fare refuse without a draw (4.4225ms)
✔ active combat exposes one directionless Flee and refuses directional movement (1.466792ms)
✔ real SQLite reopens Attack and both M4 A rounds with original receipt replay (40.618417ms)
✔ a real rat kill commits corpse and preacceptance credit together and reopens exactly (10.900458ms)
✔ actual lethal combat returns empty-handed and ordinary six-exit journey recovers corpse roots (18.311167ms)
✔ genuine FULL and both unknown-COMMIT outcomes fence a real fatal round (24.685417ms)
✔ saved encounter corruption refuses before exposing play without repairing rows (19.660375ms)
✔ input at the due deadline settles lethal combat before attempting Flee (7.855875ms)
✔ random Flee destination and RNG reopen and replay one SQLite receipt (7.559416ms)
ℹ tests 10
ℹ suites 0
ℹ pass 9
ℹ fail 1
ℹ cancelled 0
ℹ skipped 0
ℹ todo 0
ℹ duration_ms 298.984833

✖ failing tests:

test at kernel/ts/test/combat_flee.test.ts:38:1
✖ two-exit Flee selects canonical north/west using independent seeded answers (7.417958ms)
  AssertionError [ERR_ASSERTION]: Expected values to be strictly equal:
  + actual - expected
  
  + '953a909b-3a29-8c5c-9e3f-4105b9a47c4b'
  - '1a7c3699-2844-8a55-b29f-eac079c7bf50'
  
      at TestContext.<anonymous> (file://<repo>/kernel/ts/test/combat_flee.test.ts:52:12)
      at Test.runInAsyncScope (node:async_hooks:227:14)
      at Test.run (node:internal/test_runner/test:1402:25)
      at Test.start (node:internal/test_runner/test:1262:17)
      at startSubtestAfterBootstrap (node:internal/test_runner/harness:387:17) {
    generatedMessage: true,
    code: 'ERR_ASSERTION',
    actual: '953a909b-3a29-8c5c-9e3f-4105b9a47c4b',
    expected: '1a7c3699-2844-8a55-b29f-eac079c7bf50',
    operator: 'strictEqual',
    diff: 'simple'
  }
