✖ two-exit Flee selects canonical north/west using independent seeded answers (7.30025ms)
✔ blocked exits are excluded; zero exits or insufficient fare refuse without a draw (3.788791ms)
✔ active combat exposes one directionless Flee and refuses directional movement (1.2835ms)
✔ real SQLite reopens Attack and both M4 A rounds with original receipt replay (39.842875ms)
✔ a real rat kill commits corpse and preacceptance credit together and reopens exactly (10.445ms)
✔ actual lethal combat returns empty-handed and ordinary six-exit journey recovers corpse roots (19.370917ms)
✔ genuine FULL and both unknown-COMMIT outcomes fence a real fatal round (30.621625ms)
✔ saved encounter corruption refuses before exposing play without repairing rows (20.124792ms)
✔ input at the due deadline settles lethal combat before attempting Flee (8.030584ms)
✖ random Flee destination and RNG reopen and replay one SQLite receipt (7.704791ms)
ℹ tests 10
ℹ suites 0
ℹ pass 8
ℹ fail 2
ℹ cancelled 0
ℹ skipped 0
ℹ todo 0
ℹ duration_ms 309.449166

✖ failing tests:

test at kernel/ts/test/combat_flee.test.ts:38:1
✖ two-exit Flee selects canonical north/west using independent seeded answers (7.30025ms)
  AssertionError [ERR_ASSERTION]: Expected values to be strictly deep-equal:
  + actual - expected
  
    [
  +   1,
  +   2,
  +   3,
  +   4
  -   7,
  -   0,
  -   1026,
  -   12288
    ]
  
      at TestContext.<anonymous> (file://<repo>/kernel/ts/test/combat_flee.test.ts:53:12)
      at Test.runInAsyncScope (node:async_hooks:227:14)
      at Test.run (node:internal/test_runner/test:1402:25)
      at Test.start (node:internal/test_runner/test:1262:17)
      at startSubtestAfterBootstrap (node:internal/test_runner/harness:387:17) {
    generatedMessage: true,
    code: 'ERR_ASSERTION',
    actual: [ 1, 2, 3, 4 ],
    expected: [ 7, 0, 1026, 12288 ],
    operator: 'deepStrictEqual',
    diff: 'simple'
  }

test at mobile/authority/local-story/combat.test.ts:303:1
✖ random Flee destination and RNG reopen and replay one SQLite receipt (7.704791ms)
  AssertionError [ERR_ASSERTION]: Expected values to be strictly deep-equal:
  + actual - expected
  
    [
  +   1,
  +   2,
  +   3,
  +   4
  -   7,
  -   0,
  -   1026,
  -   12288
    ]
  
      at TestContext.<anonymous> (file://<repo>/mobile/authority/local-story/combat.test.ts:317:12)
      at Test.runInAsyncScope (node:async_hooks:227:14)
      at Test.run (node:internal/test_runner/test:1402:25)
      at Test.processPendingSubtests (node:internal/test_runner/test:974:18)
      at Test.postRun (node:internal/test_runner/test:1542:19)
      at Test.run (node:internal/test_runner/test:1467:12)
      at async Test.processPendingSubtests (node:internal/test_runner/test:974:7) {
    generatedMessage: true,
    code: 'ERR_ASSERTION',
    actual: [ 1, 2, 3, 4 ],
    expected: [ 7, 0, 1026, 12288 ],
    operator: 'deepStrictEqual',
    diff: 'simple'
  }
