✖ random Flee candidate policies share the command query budget and fault atomically (11.185917ms)
ℹ tests 1
ℹ suites 0
ℹ pass 0
ℹ fail 1
ℹ cancelled 0
ℹ skipped 0
ℹ todo 0
ℹ duration_ms 151.161125

✖ failing tests:

test at kernel/ts/test/combat_flee.test.ts:142:1
✖ random Flee candidate policies share the command query budget and fault atomically (11.185917ms)
  AssertionError [ERR_ASSERTION]: Expected values to be strictly deep-equal:
  + actual - expected
  
    {
  +   delta: {
  +     ops: [
  +       {
  +         entity_id: '3d4829ad-9e43-81ef-bc10-66b1b267e157',
  +         from: 100,
  +         op: 'resource.adjust',
  +         resource: {
  +           cartridge_id: 'ashmere_sampler',
  +           cartridge_version: '0.0.9',
  +           key: 'mv',
  +           kind: 'resource'
  +         },
  +         to: 98,
  +         writer_group: 0
  +       },
  +       {
  +         destination_id: '953a909b-3a29-8c5c-9e3f-4105b9a47c4b',
  +         entity_id: '3d4829ad-9e43-81ef-bc10-66b1b267e157',
  +         op: 'entity.transfer',
  +         source_id: 'd530207e-b845-8be5-9d53-b44b2cf5d8a1',
  +         writer_group: 0
  +       },
  +       {
  +         encounter_id: 'af0fb296-b16c-8d98-b3d3-e010266cfaf3',
  +         job_id: 'f038a615-df00-8e76-a44b-e345bd798d8a',
  +         op: 'encounter.close',
  +         writer_group: 0
  +       },
  +       {
  +         encounter_id: 'af0fb296-b16c-8d98-b3d3-e010266cfaf3',
  +         job_id: 'f038a615-df00-8e76-a44b-e345bd798d8a',
  +         op: 'job.cancel',
  +         writer_group: 0
  +       }
  +     ]
  +   },
  +   effects: [],
  +   events: [
  +     {
  +       actor_id: 'bd595711-ea5f-89a5-abb0-046cd349d2f9',
  +       causation_id: 'aaaaaaaa-0000-4000-8000-000000000002',
  +       correlation_id: 'aaaaaaaa-0000-4000-8000-000000000002',
  +       id: 'd68e2570-678e-8b51-9a20-82fa0ea8920f',
  +       logical_time: 0,
  +       payload: {
  +         entity_id: '3d4829ad-9e43-81ef-bc10-66b1b267e157',
  +         room_id: '953a909b-3a29-8c5c-9e3f-4105b9a47c4b',
  +         type: 'entity_entered_room'
  +       },
  +       position: 1,
  +       scope: {
  +         character_id: 'bd595711-ea5f-89a5-abb0-046cd349d2f9',
  +         kind: 'player'
  +       },
  +       world_context_id: '0d4e8a5c-3f1b-4c2a-9e7d-6b5a4c3d2e1f'
  +     }
  +   ],
  +   kind: 'accepted',
  +   outcome: 'fled',
  +   rng: [
  +     7,
  +     0,
  +     1026,
  +     12288
  +   ]
  -   code: 'budget_exceeded',
  -   kind: 'fault'
    }
  
      at TestContext.<anonymous> (file://<repo>/kernel/ts/test/combat_flee.test.ts:166:10)
      at Test.runInAsyncScope (node:async_hooks:227:14)
      at Test.run (node:internal/test_runner/test:1402:25)
      at Test.start (node:internal/test_runner/test:1262:17)
      at startSubtestAfterBootstrap (node:internal/test_runner/harness:387:17) {
    generatedMessage: true,
    code: 'ERR_ASSERTION',
    actual: { kind: 'accepted', outcome: 'fled', delta: { ops: [Array] }, events: [ [Object] ], effects: [], rng: [ 7, 0, 1026, 12288 ] },
    expected: { kind: 'fault', code: 'budget_exceeded' },
    operator: 'deepStrictEqual',
    diff: 'simple'
  }
