(node:31787) [MODULE_TYPELESS_PACKAGE_JSON] Warning: Module type of file:///private[review]/mobile/app/book/c1.test.ts is not specified and it doesn't parse as CommonJS.
Reparsing as ES module because module syntax was detected. This incurs a performance overhead.
To eliminate this warning, add "type": "module" to /private[review]/mobile/app/package.json.
(Use `node --trace-warnings ...` to show where the warning was created)
✔ exit door actions keep their direction and remain separate from walking (2.331959ms)
✔ worn items and reachable nested contents offer actions on their own ids (0.484833ms)
✔ same-room actions retain projected item pages and remove pages hidden by a closed lid (0.34075ms)
✔ chapter changes queue one title which survives scene lines and acknowledgement (0.214333ms)
✔ band phrases and the hp accessibility label use the cartridge catalog (0.2605ms)
✔ scene Continue and position verbs have dedicated groups (0.172208ms)
(node:31788) [MODULE_TYPELESS_PACKAGE_JSON] Warning: Module type of file:///private[review]/mobile/app/book/joystick.test.ts is not specified and it doesn't parse as CommonJS.
Reparsing as ES module because module syntax was detected. This incurs a performance overhead.
To eliminate this warning, add "type": "module" to /private[review]/mobile/app/package.json.
(Use `node --trace-warnings ...` to show where the warning was created)
✔ a drag points at the exit in its 90-degree quadrant, only if that exit exists (1.835208ms)
✔ a drag inside the cancel radius points at nothing (0.265083ms)
✔ the label sits opposite the drag, and above for a kept note (1.462ms)
✔ stair nodes are reached by dragging out to them, only when the exit exists (0.264458ms)
✔ a drag begun before a redraw walks on its own screen: stale_view, no commit (69.128208ms)
✔ refused drags do not grow the log without bound (162.358375ms)
(node:31789) [MODULE_TYPELESS_PACKAGE_JSON] Warning: Module type of file:///private[review]/mobile/app/book/model.test.ts is not specified and it doesn't parse as CommonJS.
Reparsing as ES module because module syntax was detected. This incurs a performance overhead.
To eliminate this warning, add "type": "module" to /private[review]/mobile/app/package.json.
(Use `node --trace-warnings ...` to show where the warning was created)
✔ exits, the look title, place actions and a thing page come from the right buttons (2.221209ms)
✔ position cycling skips absent offers and retains the offered freshness (0.298833ms)
✔ a touch link is shown as its label (0.3ms)
✔ a choice's answers and Close are their own group, not place actions (0.275458ms)
✔ the character label says the hp band and no other (0.345375ms)
✔ the absent-speaker line shows only when the speaker is not here (0.288791ms)
✔ a restored choice opens its actual speaker detail or retained conversation (0.352375ms)
✔ the ending line shows once every quest is over (0.266792ms)
✔ a closed exit's log line and a capitalised title (0.326916ms)
✔ a move refused at 0 MV says the body is too exhausted (0.286167ms)
✔ a hint survives a store that throws, for this session (0.304125ms)
✔ the status line shows the double hour as its earthly branch (0.397542ms)
(node:31790) [MODULE_TYPELESS_PACKAGE_JSON] Warning: Module type of file:///private[review]/mobile/app/book/polish.test.ts is not specified and it doesn't parse as CommonJS.
Reparsing as ES module because module syntax was detected. This incurs a performance overhead.
To eliminate this warning, add "type": "module" to /private[review]/mobile/app/package.json.
(Use `node --trace-warnings ...` to show where the warning was created)
✔ room is focused while Map retains directions and every detail returns to the world (77.811125ms)
✔ a postcommit narration read fault preserves the saved result and clears retry context (28.547334ms)
✔ NPC history has distinct journal events and one confirmed Leave after the scrolling log (49.9725ms)
✔ only World position taps directly cycle the offered states with captured freshness (23.080708ms)
✔ an NPC choice retried from the world keeps its result in the original detail (15.369833ms)
✔ only confirmed pickup returns World, including a retry from another page (20.607667ms)
✔ touch omits incomplete Give but the complete item and recipient command remains valid (14.729958ms)
✔ inventory Drop returns World with one named event only after confirmation (19.079625ms)
✔ other item actions retain their detail and World consequences (9.82175ms)
(node:31791) [MODULE_TYPELESS_PACKAGE_JSON] Warning: Module type of file:///private[review]/mobile/app/book/presenter.test.ts is not specified and it doesn't parse as CommonJS.
Reparsing as ES module because module syntax was detected. This incurs a performance overhead.
To eliminate this warning, add "type": "module" to /private[review]/mobile/app/package.json.
(Use `node --trace-warnings ...` to show where the warning was created)
✔ pending and refused Take/Drop/Leave retain detail routing and unchanged custody (4.305333ms)
✔ journal cues belong only to changed NPC histories (0.750041ms)
✔ recovery removes the current heading but retains an unclassified consequence (0.346125ms)
✔ confirmed room change clears old history before adding new authored consequences (0.457208ms)
✔ World omits the routine Close fallback while retaining authored consequences (0.326792ms)
✔ a restored committed narration is not duplicated by its pending receipt retry (0.342875ms)
✔ a move rejected for want of MV says the body is too exhausted (0.204375ms)
✔ the log stops growing in one room, its last line the latest answer (2.344834ms)
✔ the save-error line says a pending start over in words and shows any other message (0.316959ms)
(node:31792) [MODULE_TYPELESS_PACKAGE_JSON] Warning: Module type of file:///private[review]/mobile/app/book/touch.test.ts is not specified and it doesn't parse as CommonJS.
Reparsing as ES module because module syntax was detected. This incurs a performance overhead.
To eliminate this warning, add "type": "module" to /private[review]/mobile/app/package.json.
(Use `node --trace-warnings ...` to show where the warning was created)
✔ talk by day offers one button per choice and Close; carry narrates (116.712083ms)
✔ a second press from the same screen is a stale view and changes nothing (24.628666ms)
✔ a reopen shows the last committed narration first; a fresh game none (53.734458ms)
✔ walked away: the choices say why, Close leaves the quest open, the landing resolves it (50.226459ms)
✔ the log has story words, never a kernel code, across both endings (84.311875ms)
✔ an NPC who leaves while you stay is logged, and nothing else (46.588916ms)
✔ closed answers and a stale answer give their reason in words, not their code (41.080875ms)
✔ the Lantern gate unlocks and opens through its projected exit buttons (31.793291ms)
ℹ tests 50
ℹ suites 0
ℹ pass 50
ℹ fail 0
ℹ cancelled 0
ℹ skipped 0
ℹ todo 0
ℹ duration_ms 1098.657209
