(node:31135) [MODULE_TYPELESS_PACKAGE_JSON] Warning: Module type of file:///private[review]/mobile/app/book/model.test.ts is not specified and it doesn't parse as CommonJS.
Reparsing as ES module because module syntax was detected. This incurs a performance overhead.
To eliminate this warning, add "type": "module" to /private[review]/mobile/app/package.json.
(Use `node --trace-warnings ...` to show where the warning was created)
✔ exits, the look title, place actions and a thing page come from the right buttons (2.132667ms)
✔ position cycling skips absent offers and retains the offered freshness (0.1865ms)
✔ a touch link is shown as its label (0.248542ms)
✔ a choice's answers and Close are their own group, not place actions (0.209416ms)
✔ the character label says the hp band and no other (0.423ms)
✔ the absent-speaker line shows only when the speaker is not here (0.636416ms)
✔ a restored choice opens its actual speaker detail or retained conversation (0.262791ms)
✔ the ending line shows once every quest is over (0.191208ms)
✔ a closed exit's log line and a capitalised title (0.19725ms)
✔ a move refused at 0 MV says the body is too exhausted (0.183042ms)
✔ a hint survives a store that throws, for this session (0.200709ms)
✔ the status line shows the double hour as its earthly branch (0.3805ms)
(node:31136) [MODULE_TYPELESS_PACKAGE_JSON] Warning: Module type of file:///private[review]/mobile/app/book/polish.test.ts is not specified and it doesn't parse as CommonJS.
Reparsing as ES module because module syntax was detected. This incurs a performance overhead.
To eliminate this warning, add "type": "module" to /private[review]/mobile/app/package.json.
(Use `node --trace-warnings ...` to show where the warning was created)
✔ room is focused while Map retains directions and every detail returns to the world (75.327041ms)
✔ a postcommit narration read fault preserves the saved result and clears retry context (25.704834ms)
✔ NPC history has distinct journal events and one confirmed Leave after the scrolling log (44.156875ms)
✔ only World position taps directly cycle the offered states with captured freshness (21.33ms)
✔ an NPC choice retried from the world keeps its result in the original detail (14.754334ms)
✔ only confirmed pickup returns World, including a retry from another page (21.6815ms)
✔ touch omits incomplete Give but the complete item and recipient command remains valid (14.434125ms)
✔ inventory Drop returns World with one named event only after confirmation (19.391125ms)
✔ other item actions retain their detail and World consequences (9.558625ms)
(node:31137) [MODULE_TYPELESS_PACKAGE_JSON] Warning: Module type of file:///private[review]/mobile/app/book/presenter.test.ts is not specified and it doesn't parse as CommonJS.
Reparsing as ES module because module syntax was detected. This incurs a performance overhead.
To eliminate this warning, add "type": "module" to /private[review]/mobile/app/package.json.
(Use `node --trace-warnings ...` to show where the warning was created)
✔ pending and refused Take/Drop/Leave retain detail routing and unchanged custody (2.653375ms)
✔ journal cues belong only to changed NPC histories (0.929709ms)
✔ recovery removes the current heading but retains an unclassified consequence (0.373125ms)
✔ confirmed room change clears old history before adding new authored consequences (0.456167ms)
✔ World omits the routine Close fallback while retaining authored consequences (0.305ms)
✔ a restored committed narration is not duplicated by its pending receipt retry (0.262417ms)
✔ a move rejected for want of MV says the body is too exhausted (0.144333ms)
✔ the log stops growing in one room, its last line the latest answer (1.825875ms)
✔ the save-error line says a pending start over in words and shows any other message (0.248542ms)
ℹ tests 30
ℹ suites 0
ℹ pass 30
ℹ fail 0
ℹ cancelled 0
ℹ skipped 0
ℹ todo 0
ℹ duration_ms 806.217917
