(node:31484) [MODULE_TYPELESS_PACKAGE_JSON] Warning: Module type of file:///private[review]/mobile/app/book/model.test.ts is not specified and it doesn't parse as CommonJS.
Reparsing as ES module because module syntax was detected. This incurs a performance overhead.
To eliminate this warning, add "type": "module" to /private[review]/mobile/app/package.json.
(Use `node --trace-warnings ...` to show where the warning was created)
✔ exits, the look title, place actions and a thing page come from the right buttons (1.766541ms)
✔ position cycling skips absent offers and retains the offered freshness (0.190125ms)
✔ a touch link is shown as its label (0.2025ms)
✔ a choice's answers and Close are their own group, not place actions (0.177459ms)
✔ the character label says the hp band and no other (0.24975ms)
✔ the absent-speaker line shows only when the speaker is not here (0.1875ms)
✔ a restored choice opens its actual speaker detail or retained conversation (0.236208ms)
✔ the ending line shows once every quest is over (0.176166ms)
✔ a closed exit's log line and a capitalised title (0.189709ms)
✔ a move refused at 0 MV says the body is too exhausted (0.200209ms)
✔ a hint survives a store that throws, for this session (0.190375ms)
✔ the status line shows the double hour as its earthly branch (0.265708ms)
(node:31485) [MODULE_TYPELESS_PACKAGE_JSON] Warning: Module type of file:///private[review]/mobile/app/book/polish.test.ts is not specified and it doesn't parse as CommonJS.
Reparsing as ES module because module syntax was detected. This incurs a performance overhead.
To eliminate this warning, add "type": "module" to /private[review]/mobile/app/package.json.
(Use `node --trace-warnings ...` to show where the warning was created)
✔ room is focused while Map retains directions and every detail returns to the world (75.983333ms)
✔ a postcommit narration read fault preserves the saved result and clears retry context (29.3915ms)
✔ NPC history has distinct journal events and one confirmed Leave after the scrolling log (52.233042ms)
✔ only World position taps directly cycle the offered states with captured freshness (26.1255ms)
✔ an NPC choice retried from the world keeps its result in the original detail (19.112541ms)
✔ only confirmed pickup returns World, including a retry from another page (23.160416ms)
✔ touch omits incomplete Give but the complete item and recipient command remains valid (17.877583ms)
✔ inventory Drop returns World with one named event only after confirmation (22.718417ms)
✔ other item actions retain their detail and World consequences (10.346875ms)
✖ reviewer projected descriptions and matching Leave preserve honest old views (9.948875ms)
(node:31486) [MODULE_TYPELESS_PACKAGE_JSON] Warning: Module type of file:///private[review]/mobile/app/book/presenter.test.ts is not specified and it doesn't parse as CommonJS.
Reparsing as ES module because module syntax was detected. This incurs a performance overhead.
To eliminate this warning, add "type": "module" to /private[review]/mobile/app/package.json.
(Use `node --trace-warnings ...` to show where the warning was created)
✔ pending and refused Take/Drop/Leave retain detail routing and unchanged custody (2.559833ms)
✔ journal cues belong only to changed NPC histories (0.525125ms)
✔ recovery removes the current heading but retains an unclassified consequence (0.205917ms)
✔ confirmed room change clears old history before adding new authored consequences (0.277875ms)
✔ World omits the routine Close fallback while retaining authored consequences (0.206791ms)
✔ a restored committed narration is not duplicated by its pending receipt retry (0.217333ms)
✔ a move rejected for want of MV says the body is too exhausted (0.122417ms)
✔ the log stops growing in one room, its last line the latest answer (1.450458ms)
✔ the save-error line says a pending start over in words and shows any other message (0.153334ms)
ℹ tests 31
ℹ suites 0
ℹ pass 30
ℹ fail 1
ℹ cancelled 0
ℹ skipped 0
ℹ todo 0
ℹ duration_ms 827.245916

✖ failing tests:

test at book/polish.test.ts:518:1
✖ reviewer projected descriptions and matching Leave preserve honest old views (9.948875ms)
  AssertionError [ERR_ASSERTION]: Expected values to be strictly deep-equal:
  + actual - expected
  
    [
      'Bram',
      'Real authored prose.',
      'A real answer.',
      'Journal updated',
  +   'They are not here to answer. Find them, or close this.',
      'Leave'
    ]
  
      at TestContext.<anonymous> (file:///private[review]/mobile/app/book/polish.test.ts:534:10)
      at process.processTicksAndRejections (node:internal/process/task_queues:104:5)
      at async Test.run (node:internal/test_runner/test:1409:7)
      at async Test.processPendingSubtests (node:internal/test_runner/test:974:7) {
    generatedMessage: true,
    code: 'ERR_ASSERTION',
    actual: [ 'Bram', 'Real authored prose.', 'A real answer.', 'Journal updated', 'They are not here to answer. Find them, or close this.', 'Leave' ],
    expected: [ 'Bram', 'Real authored prose.', 'A real answer.', 'Journal updated', 'Leave' ],
    operator: 'deepStrictEqual',
    diff: 'simple'
  }
