(node:31657) [MODULE_TYPELESS_PACKAGE_JSON] Warning: Module type of file:///private[review]/mobile/app/book/model.test.ts is not specified and it doesn't parse as CommonJS.
Reparsing as ES module because module syntax was detected. This incurs a performance overhead.
To eliminate this warning, add "type": "module" to /private[review]/mobile/app/package.json.
(Use `node --trace-warnings ...` to show where the warning was created)
✔ exits, the look title, place actions and a thing page come from the right buttons (2.21325ms)
✖ position cycling skips absent offers and retains the offered freshness (1.284ms)
✔ a touch link is shown as its label (0.1665ms)
✔ a choice's answers and Close are their own group, not place actions (0.166ms)
✔ the character label says the hp band and no other (0.177375ms)
✔ the absent-speaker line shows only when the speaker is not here (0.158125ms)
✔ a restored choice opens its actual speaker detail or retained conversation (0.168584ms)
✔ the ending line shows once every quest is over (0.12975ms)
✔ a closed exit's log line and a capitalised title (0.182333ms)
✔ a move refused at 0 MV says the body is too exhausted (0.162958ms)
✔ a hint survives a store that throws, for this session (0.183334ms)
✔ the status line shows the double hour as its earthly branch (0.237667ms)
(node:31658) [MODULE_TYPELESS_PACKAGE_JSON] Warning: Module type of file:///private[review]/mobile/app/book/polish.test.ts is not specified and it doesn't parse as CommonJS.
Reparsing as ES module because module syntax was detected. This incurs a performance overhead.
To eliminate this warning, add "type": "module" to /private[review]/mobile/app/package.json.
(Use `node --trace-warnings ...` to show where the warning was created)
✔ room is focused while Map retains directions and every detail returns to the world (67.208ms)
✔ a postcommit narration read fault preserves the saved result and clears retry context (24.851708ms)
✔ NPC history has distinct journal events and one confirmed Leave after the scrolling log (44.816917ms)
✖ only World position taps directly cycle the offered states with captured freshness (20.530834ms)
✔ an NPC choice retried from the world keeps its result in the original detail (14.779708ms)
✔ only confirmed pickup returns World, including a retry from another page (21.105ms)
✔ touch omits incomplete Give but the complete item and recipient command remains valid (14.713375ms)
✔ inventory Drop returns World with one named event only after confirmation (20.007708ms)
✔ other item actions retain their detail and World consequences (9.216208ms)
✔ reviewer projected descriptions and matching Leave preserve honest old views (7.881166ms)
(node:31659) [MODULE_TYPELESS_PACKAGE_JSON] Warning: Module type of file:///private[review]/mobile/app/book/presenter.test.ts is not specified and it doesn't parse as CommonJS.
Reparsing as ES module because module syntax was detected. This incurs a performance overhead.
To eliminate this warning, add "type": "module" to /private[review]/mobile/app/package.json.
(Use `node --trace-warnings ...` to show where the warning was created)
✔ pending and refused Take/Drop/Leave retain detail routing and unchanged custody (2.483458ms)
✔ journal cues belong only to changed NPC histories (0.419ms)
✔ recovery removes the current heading but retains an unclassified consequence (0.180666ms)
✔ confirmed room change clears old history before adding new authored consequences (0.251916ms)
✔ World omits the routine Close fallback while retaining authored consequences (0.186833ms)
✔ a restored committed narration is not duplicated by its pending receipt retry (0.187708ms)
✔ a move rejected for want of MV says the body is too exhausted (0.108375ms)
✔ the log stops growing in one room, its last line the latest answer (1.296542ms)
✔ the save-error line says a pending start over in words and shows any other message (0.139209ms)
ℹ tests 31
ℹ suites 0
ℹ pass 29
ℹ fail 2
ℹ cancelled 0
ℹ skipped 0
ℹ todo 0
ℹ duration_ms 738.294375

✖ failing tests:

test at book/model.test.ts:58:1
✖ position cycling skips absent offers and retains the offered freshness (1.284ms)
  AssertionError [ERR_ASSERTION]: Expected values to be strictly deep-equal:
  + actual - expected
  
    {
      action_key: 'rest',
      input: {},
      label: 'Rest',
      target_ids: [],
  +   token: undefined
  -   token: 'view:r:7'
    }
  
      at TestContext.<anonymous> (file:///private[review]/mobile/app/book/model.test.ts:60:10)
      at Test.runInAsyncScope (node:async_hooks:227:14)
      at Test.run (node:internal/test_runner/test:1402:25)
      at Test.processPendingSubtests (node:internal/test_runner/test:974:18)
      at Test.postRun (node:internal/test_runner/test:1542:19)
      at Test.run (node:internal/test_runner/test:1467:12)
      at process.processTicksAndRejections (node:internal/process/task_queues:104:5)
      at async startSubtestAfterBootstrap (node:internal/test_runner/harness:387:3) {
    generatedMessage: true,
    code: 'ERR_ASSERTION',
    actual: { label: 'Rest', action_key: 'rest', target_ids: [], input: {}, token: undefined },
    expected: { label: 'Rest', action_key: 'rest', target_ids: [], input: {}, token: 'view:r:7' },
    operator: 'deepStrictEqual',
    diff: 'simple'
  }

test at book/polish.test.ts:316:1
✖ only World position taps directly cycle the offered states with captured freshness (20.530834ms)
  AssertionError [ERR_ASSERTION]: Expected values to be strictly equal:
  + actual - expected
  
  + 'view:<runtime-id>:5'
  - 'view:<runtime-id>:4'
  
      at TestContext.<anonymous> (file:///private[review]/mobile/app/book/polish.test.ts:333:10)
      at Test.runInAsyncScope (node:async_hooks:227:14)
      at Test.run (node:internal/test_runner/test:1402:25)
      at Test.processPendingSubtests (node:internal/test_runner/test:974:18)
      at Test.postRun (node:internal/test_runner/test:1542:19)
      at Test.run (node:internal/test_runner/test:1467:12)
      at process.processTicksAndRejections (node:internal/process/task_queues:104:5)
      at async Test.processPendingSubtests (node:internal/test_runner/test:974:7) {
    generatedMessage: true,
    code: 'ERR_ASSERTION',
    actual: 'view:<runtime-id>:5',
    expected: 'view:<runtime-id>:4',
    operator: 'strictEqual',
    diff: 'simple'
  }
