(node:31647) [MODULE_TYPELESS_PACKAGE_JSON] Warning: Module type of file:///private[review]/mobile/app/book/model.test.ts is not specified and it doesn't parse as CommonJS.
Reparsing as ES module because module syntax was detected. This incurs a performance overhead.
To eliminate this warning, add "type": "module" to /private[review]/mobile/app/package.json.
(Use `node --trace-warnings ...` to show where the warning was created)
✔ exits, the look title, place actions and a thing page come from the right buttons (3.832459ms)
✔ position cycling skips absent offers and retains the offered freshness (0.3215ms)
✔ a touch link is shown as its label (0.302875ms)
✔ a choice's answers and Close are their own group, not place actions (0.427209ms)
✔ the character label says the hp band and no other (0.453292ms)
✔ the absent-speaker line shows only when the speaker is not here (0.465917ms)
✔ a restored choice opens its actual speaker detail or retained conversation (0.422333ms)
✔ the ending line shows once every quest is over (0.299625ms)
✔ a closed exit's log line and a capitalised title (0.392375ms)
✔ a move refused at 0 MV says the body is too exhausted (0.302875ms)
✔ a hint survives a store that throws, for this session (0.310542ms)
✔ the status line shows the double hour as its earthly branch (0.407792ms)
(node:31648) [MODULE_TYPELESS_PACKAGE_JSON] Warning: Module type of file:///private[review]/mobile/app/book/polish.test.ts is not specified and it doesn't parse as CommonJS.
Reparsing as ES module because module syntax was detected. This incurs a performance overhead.
To eliminate this warning, add "type": "module" to /private[review]/mobile/app/package.json.
(Use `node --trace-warnings ...` to show where the warning was created)
✔ room is focused while Map retains directions and every detail returns to the world (67.30525ms)
✔ a postcommit narration read fault preserves the saved result and clears retry context (23.83475ms)
✖ NPC history has distinct journal events and one confirmed Leave after the scrolling log (14.276708ms)
✔ only World position taps directly cycle the offered states with captured freshness (22.294375ms)
✔ an NPC choice retried from the world keeps its result in the original detail (14.405916ms)
✔ only confirmed pickup returns World, including a retry from another page (21.646916ms)
✔ touch omits incomplete Give but the complete item and recipient command remains valid (14.143833ms)
✔ inventory Drop returns World with one named event only after confirmation (19.557541ms)
✔ other item actions retain their detail and World consequences (9.418333ms)
✖ reviewer projected descriptions and matching Leave preserve honest old views (8.541375ms)
(node:31649) [MODULE_TYPELESS_PACKAGE_JSON] Warning: Module type of file:///private[review]/mobile/app/book/presenter.test.ts is not specified and it doesn't parse as CommonJS.
Reparsing as ES module because module syntax was detected. This incurs a performance overhead.
To eliminate this warning, add "type": "module" to /private[review]/mobile/app/package.json.
(Use `node --trace-warnings ...` to show where the warning was created)
✔ pending and refused Take/Drop/Leave retain detail routing and unchanged custody (4.669ms)
✔ journal cues belong only to changed NPC histories (0.809667ms)
✔ recovery removes the current heading but retains an unclassified consequence (0.372375ms)
✔ confirmed room change clears old history before adding new authored consequences (0.4535ms)
✔ World omits the routine Close fallback while retaining authored consequences (0.339625ms)
✔ a restored committed narration is not duplicated by its pending receipt retry (0.351875ms)
✔ a move rejected for want of MV says the body is too exhausted (0.217958ms)
✔ the log stops growing in one room, its last line the latest answer (2.427042ms)
✔ the save-error line says a pending start over in words and shows any other message (0.366458ms)
ℹ tests 31
ℹ suites 0
ℹ pass 29
ℹ fail 2
ℹ cancelled 0
ℹ skipped 0
ℹ todo 0
ℹ duration_ms 974.839792

✖ failing tests:

test at book/polish.test.ts:242:1
✖ NPC history has distinct journal events and one confirmed Leave after the scrolling log (14.276708ms)
  AssertionError [ERR_ASSERTION]: Expected values to be strictly equal:
  + actual - expected
  
  + {
  +   choices: [
  +     {
  +       available: true,
  +       choice_id: 'accept',
  +       label: 'quest.lantern.accept'
  +     }
  +   ],
  +   closable: true,
  +   continuation_id: '<runtime-id>',
  +   prompt: {
  +     key: 'dialogue.bram_offer.prompt'
  +   },
  +   speaker_id: '<runtime-id>'
  + }
  - undefined
  
      at TestContext.<anonymous> (file:///private[review]/mobile/app/book/polish.test.ts:268:10)
      at Test.runInAsyncScope (node:async_hooks:227:14)
      at Test.run (node:internal/test_runner/test:1402:25)
      at Test.processPendingSubtests (node:internal/test_runner/test:974:18)
      at Test.postRun (node:internal/test_runner/test:1542:19)
      at Test.run (node:internal/test_runner/test:1467:12)
      at process.processTicksAndRejections (node:internal/process/task_queues:104:5)
      at async Test.processPendingSubtests (node:internal/test_runner/test:974:7) {
    generatedMessage: true,
    code: 'ERR_ASSERTION',
    actual: { continuation_id: '<runtime-id>', prompt: { key: 'dialogue.bram_offer.prompt' }, speaker_id: '<runtime-id>', closable: true, choices: [ [Object] ] },
    expected: undefined,
    operator: 'strictEqual',
    diff: 'simple'
  }

test at book/polish.test.ts:518:1
✖ reviewer projected descriptions and matching Leave preserve honest old views (8.541375ms)
  AssertionError [ERR_ASSERTION]: Expected values to be strictly deep-equal:
  + actual - expected
  
  + []
  - [
  -   {
  -     action_key: 'close_choice',
  -     input: {},
  -     label: 'Leave',
  -     target_ids: [],
  -     token: 'view:r:17'
  -   }
  - ]
  
      at TestContext.<anonymous> (file:///private[review]/mobile/app/book/polish.test.ts:538:10)
      at process.processTicksAndRejections (node:internal/process/task_queues:104:5)
      at async Test.run (node:internal/test_runner/test:1409:7)
      at async Test.processPendingSubtests (node:internal/test_runner/test:974:7) {
    generatedMessage: true,
    code: 'ERR_ASSERTION',
    actual: [],
    expected: [ { label: 'Leave', action_key: 'close_choice', target_ids: [], input: {}, token: 'view:r:17' } ],
    operator: 'deepStrictEqual',
    diff: 'simple'
  }
