(node:31670) [MODULE_TYPELESS_PACKAGE_JSON] Warning: Module type of file:///private[review]/mobile/app/book/model.test.ts is not specified and it doesn't parse as CommonJS.
Reparsing as ES module because module syntax was detected. This incurs a performance overhead.
To eliminate this warning, add "type": "module" to /private[review]/mobile/app/package.json.
(Use `node --trace-warnings ...` to show where the warning was created)
✔ exits, the look title, place actions and a thing page come from the right buttons (1.657791ms)
✔ position cycling skips absent offers and retains the offered freshness (0.179583ms)
✔ a touch link is shown as its label (0.183917ms)
✔ a choice's answers and Close are their own group, not place actions (0.161542ms)
✔ the character label says the hp band and no other (0.234167ms)
✔ the absent-speaker line shows only when the speaker is not here (0.176958ms)
✔ a restored choice opens its actual speaker detail or retained conversation (0.210833ms)
✔ the ending line shows once every quest is over (0.163541ms)
✔ a closed exit's log line and a capitalised title (0.18825ms)
✔ a move refused at 0 MV says the body is too exhausted (0.188291ms)
✔ a hint survives a store that throws, for this session (0.181167ms)
✔ the status line shows the double hour as its earthly branch (0.24375ms)
(node:31671) [MODULE_TYPELESS_PACKAGE_JSON] Warning: Module type of file:///private[review]/mobile/app/book/polish.test.ts is not specified and it doesn't parse as CommonJS.
Reparsing as ES module because module syntax was detected. This incurs a performance overhead.
To eliminate this warning, add "type": "module" to /private[review]/mobile/app/package.json.
(Use `node --trace-warnings ...` to show where the warning was created)
✔ room is focused while Map retains directions and every detail returns to the world (67.371958ms)
✔ a postcommit narration read fault preserves the saved result and clears retry context (23.726292ms)
✔ NPC history has distinct journal events and one confirmed Leave after the scrolling log (43.981333ms)
✔ only World position taps directly cycle the offered states with captured freshness (23.684334ms)
✔ an NPC choice retried from the world keeps its result in the original detail (15.129083ms)
✔ only confirmed pickup returns World, including a retry from another page (21.39725ms)
✔ touch omits incomplete Give but the complete item and recipient command remains valid (13.86675ms)
✔ inventory Drop returns World with one named event only after confirmation (19.347583ms)
✔ other item actions retain their detail and World consequences (9.279875ms)
✔ reviewer projected descriptions and matching Leave preserve honest old views (7.610875ms)
(node:31672) [MODULE_TYPELESS_PACKAGE_JSON] Warning: Module type of file:///private[review]/mobile/app/book/presenter.test.ts is not specified and it doesn't parse as CommonJS.
Reparsing as ES module because module syntax was detected. This incurs a performance overhead.
To eliminate this warning, add "type": "module" to /private[review]/mobile/app/package.json.
(Use `node --trace-warnings ...` to show where the warning was created)
✔ pending and refused Take/Drop/Leave retain detail routing and unchanged custody (2.783875ms)
✔ journal cues belong only to changed NPC histories (0.474125ms)
✔ recovery removes the current heading but retains an unclassified consequence (0.211417ms)
✔ confirmed room change clears old history before adding new authored consequences (0.284875ms)
✔ World omits the routine Close fallback while retaining authored consequences (0.209542ms)
✔ a restored committed narration is not duplicated by its pending receipt retry (0.21725ms)
✔ a move rejected for want of MV says the body is too exhausted (0.126291ms)
✔ the log stops growing in one room, its last line the latest answer (1.44025ms)
✔ the save-error line says a pending start over in words and shows any other message (0.178083ms)
ℹ tests 31
ℹ suites 0
ℹ pass 31
ℹ fail 0
ℹ cancelled 0
ℹ skipped 0
ℹ todo 0
ℹ duration_ms 747.490375
