✔ combat artifact requires executable API, owners, ordered damage and explicit NPC HP (87.757125ms)
✔ death credit binds unique local attackable NPCs and false player Boolean facts (71.033708ms)
✔ every combat narration role names existing cartridge text (31.223875ms)
✔ combat requires executable death settings even without authored corpse templates (5.175333ms)
✔ combat contracts match the independent shared boundary corpus (9.220583ms)
(node:42833) [MODULE_TYPELESS_PACKAGE_JSON] Warning: Module type of file://<repo>/mobile/app/sampler.test.ts is not specified and it doesn't parse as CommonJS.
Reparsing as ES module because module syntax was detected. This incurs a performance overhead.
To eliminate this warning, add "type": "module" to <repo>/mobile/app/package.json.
(Use `node --trace-warnings ...` to show where the warning was created)
✔ the app opens and replaces only its sampler save, preserving an existing Lantern save (85.252459ms)
✔ actual App pause and resume preserve 9ms plus 11ms as exactly one logical unit (29.164667ms)
✔ actual App stops unknown storage wakeups and resumes after confirmed user recovery (24.455166ms)
✔ old App wakeups cannot mutate the same remounted Game or a replacement save (25.751708ms)
✔ sampler invocation walk reaches all six rooms and resumes the carried ending at line two (65.4025ms)
✔ leaving the lantern resolves with the fallback journal and no carried chapter or scene (5.3105ms)
ℹ tests 11
ℹ suites 0
ℹ pass 11
ℹ fail 0
ℹ cancelled 0
ℹ skipped 0
ℹ todo 0
ℹ duration_ms 476.588083
