✔ frozen M4 A runs through real Attack and two trusted elapsed proposals (15.211625ms)
✔ frozen M4 B closes before retaliation and credits the exact third rat at proposal.now (5.438458ms)
✔ frozen M4 C dies sleeping on the rat-first round and returns the same body (7.647959ms)
✔ Flee and directional move share one multiplied payment and future cancellation (3.9165ms)
✔ a surviving sleeper wakes before its remaining opportunity, other positions skip (17.600334ms)
✔ accuracy20 misses on roll20; endpoint chances still draw accuracy (11.254416ms)
✔ production hour-boundary recovery precedes damage and Flee preserves the remainder (3.433042ms)
✔ admission refuses absent, dead, sanctuary, nonstanding and already engaged participants (10.064583ms)
✔ eight raw draws including damage rejections exhaust the whole round atomically (1.700042ms)
✔ credit delivery rejects counterfeit attribution and missing fatal/corpse provenance (19.471458ms)
✔ five distinct preacceptance lethal occurrences set exactly five facts without quest rewards (13.8805ms)
✔ real SQLite reopens Attack and both M4 A rounds with original receipt replay (113.42025ms)
✔ a real rat kill commits corpse and preacceptance credit together and reopens exactly (30.861083ms)
✔ actual lethal combat returns empty-handed and ordinary six-exit journey recovers corpse roots (71.613459ms)
✔ genuine FULL and both unknown-COMMIT outcomes fence a real fatal round (92.059333ms)
✔ saved encounter corruption refuses before exposing play without repairing rows (61.861583ms)
✔ input at the due deadline settles lethal combat before attempting Flee (23.491458ms)
ℹ tests 17
ℹ suites 0
ℹ pass 17
ℹ fail 0
ℹ cancelled 0
ℹ skipped 0
ℹ todo 0
ℹ duration_ms 913.625834
