{"file":"command.schema.json","path":["$defs","CommandPayload","oneOf",25,"properties","type","const"],"subset_rejected":true}
{"field":"type","file":"command.schema.json","path":["$defs","CommandPayload","oneOf",25,"required"],"subset_rejected":true}
{"caught":["attack:missing actor_id"],"field":"actor_id","file":"command.schema.json","path":["$defs","CommandPayload","oneOf",25,"required"]}
{"caught":["attack:missing target_id"],"field":"target_id","file":"command.schema.json","path":["$defs","CommandPayload","oneOf",25,"required"]}
{"file":"command.schema.json","path":["$defs","CommandPayload","oneOf",25,"additionalProperties"],"subset_rejected":true}
{"file":"command.schema.json","path":["$defs","CommandPayload","oneOf",26,"properties","type","const"],"subset_rejected":true}
{"field":"type","file":"command.schema.json","path":["$defs","CommandPayload","oneOf",26,"required"],"subset_rejected":true}
{"caught":["flee:missing actor_id"],"field":"actor_id","file":"command.schema.json","path":["$defs","CommandPayload","oneOf",26,"required"]}
{"caught":["flee:missing direction"],"field":"direction","file":"command.schema.json","path":["$defs","CommandPayload","oneOf",26,"required"]}
{"file":"command.schema.json","path":["$defs","CommandPayload","oneOf",26,"additionalProperties"],"subset_rejected":true}
{"caught":["AttackProfile:invalid chance-1"],"file":"entity.schema.json","path":["$defs","AttackProfile","properties","chance","minimum"]}
{"caught":["AttackProfile:invalid chance101","NpcDefinition:invalid attack chance"],"file":"entity.schema.json","path":["$defs","AttackProfile","properties","chance","maximum"]}
{"caught":["AttackProfile:invalid damage_min0"],"file":"entity.schema.json","path":["$defs","AttackProfile","properties","damage_min","minimum"]}
{"caught":["AttackProfile:invalid damage_max0"],"file":"entity.schema.json","path":["$defs","AttackProfile","properties","damage_max","minimum"]}
{"caught":["AttackProfile:missing chance"],"field":"chance","file":"entity.schema.json","path":["$defs","AttackProfile","required"]}
{"caught":["AttackProfile:missing damage_min"],"field":"damage_min","file":"entity.schema.json","path":["$defs","AttackProfile","required"]}
{"caught":["AttackProfile:missing damage_max"],"field":"damage_max","file":"entity.schema.json","path":["$defs","AttackProfile","required"]}
{"file":"entity.schema.json","path":["$defs","AttackProfile","additionalProperties"],"subset_rejected":true}
{"caught":["WorldSettings:invalid death_credit"],"file":"cartridge.schema.json","path":["$defs","WorldSettings","properties","death_credit","minItems"]}
{"caught":["CombatSettings:zero interval","WorldSettings:invalid combat interval"],"file":"cartridge.schema.json","path":["$defs","CombatSettings","properties","interval","minimum"]}
{"caught":["CombatSettings:zero sleep_multiplier"],"file":"cartridge.schema.json","path":["$defs","CombatSettings","properties","sleep_multiplier","minimum"]}
{"caught":["CombatSettings:zero flee_multiplier"],"file":"cartridge.schema.json","path":["$defs","CombatSettings","properties","flee_multiplier","minimum"]}
{"caught":["CombatSettings:missing narration player_hit"],"field":"player_hit","file":"cartridge.schema.json","path":["$defs","CombatSettings","properties","narration","required"]}
{"caught":["CombatSettings:missing narration player_miss"],"field":"player_miss","file":"cartridge.schema.json","path":["$defs","CombatSettings","properties","narration","required"]}
{"caught":["CombatSettings:missing narration npc_hit"],"field":"npc_hit","file":"cartridge.schema.json","path":["$defs","CombatSettings","properties","narration","required"]}
{"caught":["CombatSettings:missing narration npc_miss"],"field":"npc_miss","file":"cartridge.schema.json","path":["$defs","CombatSettings","properties","narration","required"]}
{"caught":["CombatSettings:missing narration player_died"],"field":"player_died","file":"cartridge.schema.json","path":["$defs","CombatSettings","properties","narration","required"]}
{"caught":["CombatSettings:missing narration npc_died"],"field":"npc_died","file":"cartridge.schema.json","path":["$defs","CombatSettings","properties","narration","required"]}
{"file":"cartridge.schema.json","path":["$defs","CombatSettings","properties","narration","additionalProperties"],"subset_rejected":true}
{"caught":["CombatSettings:missing player_attack"],"field":"player_attack","file":"cartridge.schema.json","path":["$defs","CombatSettings","required"]}
{"caught":["CombatSettings:missing interval"],"field":"interval","file":"cartridge.schema.json","path":["$defs","CombatSettings","required"]}
{"caught":["CombatSettings:missing sleep_multiplier"],"field":"sleep_multiplier","file":"cartridge.schema.json","path":["$defs","CombatSettings","required"]}
{"caught":["CombatSettings:missing flee_multiplier"],"field":"flee_multiplier","file":"cartridge.schema.json","path":["$defs","CombatSettings","required"]}
{"caught":["CombatSettings:missing narration"],"field":"narration","file":"cartridge.schema.json","path":["$defs","CombatSettings","required"]}
{"file":"cartridge.schema.json","path":["$defs","CombatSettings","additionalProperties"],"subset_rejected":true}
{"caught":["DeathCredit:missing npc"],"field":"npc","file":"cartridge.schema.json","path":["$defs","DeathCredit","required"]}
{"caught":["DeathCredit:missing room"],"field":"room","file":"cartridge.schema.json","path":["$defs","DeathCredit","required"]}
{"caught":["DeathCredit:missing fact"],"field":"fact","file":"cartridge.schema.json","path":["$defs","DeathCredit","required"]}
{"file":"cartridge.schema.json","path":["$defs","DeathCredit","additionalProperties"],"subset_rejected":true}
{"file":"delta.schema.json","path":["$defs","DeltaOp","oneOf",14,"properties","op","const"],"subset_rejected":true}
{"field":"op","file":"delta.schema.json","path":["$defs","DeltaOp","oneOf",14,"required"],"subset_rejected":true}
{"caught":["encounter.open:missing writer_group"],"field":"writer_group","file":"delta.schema.json","path":["$defs","DeltaOp","oneOf",14,"required"]}
{"caught":["encounter.open:missing encounter_id"],"field":"encounter_id","file":"delta.schema.json","path":["$defs","DeltaOp","oneOf",14,"required"]}
{"caught":["encounter.open:missing character_id"],"field":"character_id","file":"delta.schema.json","path":["$defs","DeltaOp","oneOf",14,"required"]}
{"caught":["encounter.open:missing body_id"],"field":"body_id","file":"delta.schema.json","path":["$defs","DeltaOp","oneOf",14,"required"]}
{"caught":["encounter.open:missing npc_id"],"field":"npc_id","file":"delta.schema.json","path":["$defs","DeltaOp","oneOf",14,"required"]}
{"caught":["encounter.open:missing room_id"],"field":"room_id","file":"delta.schema.json","path":["$defs","DeltaOp","oneOf",14,"required"]}
{"caught":["encounter.open:missing job_id"],"field":"job_id","file":"delta.schema.json","path":["$defs","DeltaOp","oneOf",14,"required"]}
{"file":"delta.schema.json","path":["$defs","DeltaOp","oneOf",14,"additionalProperties"],"subset_rejected":true}
{"file":"delta.schema.json","path":["$defs","DeltaOp","oneOf",15,"properties","op","const"],"subset_rejected":true}
{"caught":["encounter.advance:zero round"],"file":"delta.schema.json","path":["$defs","DeltaOp","oneOf",15,"properties","round","minimum"]}
{"field":"op","file":"delta.schema.json","path":["$defs","DeltaOp","oneOf",15,"required"],"subset_rejected":true}
{"caught":["encounter.advance:missing writer_group"],"field":"writer_group","file":"delta.schema.json","path":["$defs","DeltaOp","oneOf",15,"required"]}
{"caught":["encounter.advance:missing encounter_id"],"field":"encounter_id","file":"delta.schema.json","path":["$defs","DeltaOp","oneOf",15,"required"]}
{"caught":["encounter.advance:missing job_id"],"field":"job_id","file":"delta.schema.json","path":["$defs","DeltaOp","oneOf",15,"required"]}
{"caught":["encounter.advance:missing round"],"field":"round","file":"delta.schema.json","path":["$defs","DeltaOp","oneOf",15,"required"]}
{"caught":["encounter.advance:missing next_job_id"],"field":"next_job_id","file":"delta.schema.json","path":["$defs","DeltaOp","oneOf",15,"required"]}
{"file":"delta.schema.json","path":["$defs","DeltaOp","oneOf",15,"additionalProperties"],"subset_rejected":true}
{"file":"delta.schema.json","path":["$defs","DeltaOp","oneOf",16,"properties","op","const"],"subset_rejected":true}
{"field":"op","file":"delta.schema.json","path":["$defs","DeltaOp","oneOf",16,"required"],"subset_rejected":true}
{"caught":["encounter.close:missing writer_group"],"field":"writer_group","file":"delta.schema.json","path":["$defs","DeltaOp","oneOf",16,"required"]}
{"caught":["encounter.close:missing encounter_id"],"field":"encounter_id","file":"delta.schema.json","path":["$defs","DeltaOp","oneOf",16,"required"]}
{"caught":["encounter.close:missing job_id"],"field":"job_id","file":"delta.schema.json","path":["$defs","DeltaOp","oneOf",16,"required"]}
{"file":"delta.schema.json","path":["$defs","DeltaOp","oneOf",16,"additionalProperties"],"subset_rejected":true}
{"file":"delta.schema.json","path":["$defs","DeltaOp","oneOf",17,"properties","op","const"],"subset_rejected":true}
{"field":"op","file":"delta.schema.json","path":["$defs","DeltaOp","oneOf",17,"required"],"subset_rejected":true}
{"caught":["job.cancel:missing writer_group"],"field":"writer_group","file":"delta.schema.json","path":["$defs","DeltaOp","oneOf",17,"required"]}
{"caught":["job.cancel:missing job_id"],"field":"job_id","file":"delta.schema.json","path":["$defs","DeltaOp","oneOf",17,"required"]}
{"caught":["job.cancel:missing encounter_id"],"field":"encounter_id","file":"delta.schema.json","path":["$defs","DeltaOp","oneOf",17,"required"]}
{"file":"delta.schema.json","path":["$defs","DeltaOp","oneOf",17,"additionalProperties"],"subset_rejected":true}
{"file":"delta.schema.json","path":["$defs","MutationTarget","oneOf",10,"properties","kind","const"],"subset_rejected":true}
{"field":"kind","file":"delta.schema.json","path":["$defs","MutationTarget","oneOf",10,"required"],"subset_rejected":true}
{"caught":["MutationTarget:missing encounter_id"],"field":"encounter_id","file":"delta.schema.json","path":["$defs","MutationTarget","oneOf",10,"required"]}
{"file":"delta.schema.json","path":["$defs","MutationTarget","oneOf",10,"additionalProperties"],"subset_rejected":true}
{"caught":["MutationTarget:invalid encounter_id","CombatView:invalid encounter_id","encounter.open:invalid encounter_id","encounter.advance:invalid encounter_id","encounter.close:invalid encounter_id","job.cancel:invalid encounter_id","attack_result:invalid encounter_id","EncounterId:malformed","GameView:invalid combat encounter_id","DeltaOp:invalid encounter_id"],"file":"delta.schema.json","path":["$defs","EncounterId","pattern"]}
{"file":"delta.schema.json","path":["$defs","EncounterRow","properties","status","enum"],"subset_rejected":true}
{"caught":["EncounterRow:zero round"],"file":"delta.schema.json","path":["$defs","EncounterRow","properties","round","minimum"]}
{"caught":["EncounterRow:missing character_id"],"field":"character_id","file":"delta.schema.json","path":["$defs","EncounterRow","required"]}
{"caught":["EncounterRow:missing body_id"],"field":"body_id","file":"delta.schema.json","path":["$defs","EncounterRow","required"]}
{"caught":["EncounterRow:missing npc_id"],"field":"npc_id","file":"delta.schema.json","path":["$defs","EncounterRow","required"]}
{"caught":["EncounterRow:missing room_id"],"field":"room_id","file":"delta.schema.json","path":["$defs","EncounterRow","required"]}
{"caught":["EncounterRow:missing status"],"field":"status","file":"delta.schema.json","path":["$defs","EncounterRow","required"]}
{"caught":["EncounterRow:missing round"],"field":"round","file":"delta.schema.json","path":["$defs","EncounterRow","required"]}
{"caught":["EncounterRow:missing job_id"],"field":"job_id","file":"delta.schema.json","path":["$defs","EncounterRow","required"]}
{"file":"delta.schema.json","path":["$defs","EncounterRow","additionalProperties"],"subset_rejected":true}
{"caught":["CombatView:missing encounter_id"],"field":"encounter_id","file":"gameview.schema.json","path":["$defs","CombatView","required"]}
{"caught":["CombatView:missing opponent_id"],"field":"opponent_id","file":"gameview.schema.json","path":["$defs","CombatView","required"]}
{"caught":["CombatView:missing name"],"field":"name","file":"gameview.schema.json","path":["$defs","CombatView","required"]}
{"file":"gameview.schema.json","path":["$defs","CombatView","additionalProperties"],"subset_rejected":true}
{"file":"event.schema.json","path":["$defs","EventPayload","oneOf",16,"properties","type","const"],"subset_rejected":true}
{"caught":["attack_result:negative loss"],"file":"event.schema.json","path":["$defs","EventPayload","oneOf",16,"properties","loss","minimum"]}
{"field":"type","file":"event.schema.json","path":["$defs","EventPayload","oneOf",16,"required"],"subset_rejected":true}
{"caught":["attack_result:missing encounter_id"],"field":"encounter_id","file":"event.schema.json","path":["$defs","EventPayload","oneOf",16,"required"]}
{"caught":["attack_result:missing attacker_id"],"field":"attacker_id","file":"event.schema.json","path":["$defs","EventPayload","oneOf",16,"required"]}
{"caught":["attack_result:missing target_id"],"field":"target_id","file":"event.schema.json","path":["$defs","EventPayload","oneOf",16,"required"]}
{"caught":["attack_result:missing hit"],"field":"hit","file":"event.schema.json","path":["$defs","EventPayload","oneOf",16,"required"]}
{"caught":["attack_result:missing loss"],"field":"loss","file":"event.schema.json","path":["$defs","EventPayload","oneOf",16,"required"]}
{"file":"event.schema.json","path":["$defs","EventPayload","oneOf",16,"additionalProperties"],"subset_rejected":true}
