
> loka-kernel@0.0.0 test
> node --test --test-reporter=${TEST_REPORTER:-spec} "test/**/*.test.ts"

✔ stat_compare holds at the start value and not one above (40.020125ms)
✔ resource_compare reads the current value of the pool on the actor body (8.338959ms)
✔ a recipe gated on mv at least 2 is offered and admitted at mv 2, refused at mv 1 (86.103333ms)
✔ only legal transitions are admitted; an illegal one changes nothing (86.491917ms)
✔ open proposes one barrier.transition and barrier_changed (14.449209ms)
✔ lock and unlock need the key, held directly or in a carried bag (54.65525ms)
✔ both faces of a door are one barrier (16.309333ms)
✔ moves through closed and locked exits are refused, and the GameView says why (6.091666ms)
✔ each exit lists only the door verbs step accepts there now (35.549875ms)
✔ barrier_state reads the door's current state (1.662209ms)
✔ a door's keywords name the exits it is on (1.549209ms)
✔ the loader checks barrier references, texts, faces and the lock (19.256959ms)
✔ two passages between the same rooms may carry different barriers (3.041209ms)
✔ a locked barrier whose key is out of reach is BARRIER_UNREACHABLE_KEY (12.956875ms)
✔ a door on a bent passage is BARRIER_MISMATCH (9.401333ms)
✔ a budget fault in a run is one valid diagnostics record of its limit (940.9805ms)
✔ a failed diagnostics write leaves the budget fault, and the run goes on (1098.562125ms)
✔ the loader rejects an enum fact default outside its values (39.2475ms)
✔ the loader rejects a bounded integer fact default outside its bounds (5.995625ms)
✔ the loader rejects an invalid v2 fact default (7.83425ms)
✔ the known-answer cartridge loads and its hash is the fixture literal (1.859958ms)
✔ corpus not_decodable: yields exactly its hand-written diagnostic (0.92425ms)
✔ corpus duplicate_key: yields exactly its hand-written diagnostic (0.143083ms)
✔ corpus unknown_format: yields exactly its hand-written diagnostic (0.213583ms)
✔ corpus no_cartridge: yields exactly its hand-written diagnostic (0.224709ms)
✔ corpus unknown_field: yields exactly its hand-written diagnostic (1.032834ms)
✔ corpus schema_violation: yields exactly its hand-written diagnostic (0.681542ms)
✔ corpus schema_violation_index: yields exactly its hand-written diagnostic (0.371666ms)
✔ corpus kind_mismatch: yields exactly its hand-written diagnostic (0.328125ms)
✔ corpus hash_mismatch: yields exactly its hand-written diagnostic (0.313875ms)
✔ corpus key_cartridge_id: yields exactly its hand-written diagnostic (0.521667ms)
✔ corpus key_cartridge_version: yields exactly its hand-written diagnostic (0.402417ms)
✔ corpus key_key: yields exactly its hand-written diagnostic (0.405667ms)
✔ corpus lock_missing_required: yields exactly its hand-written diagnostic (0.350334ms)
✔ corpus lock_extra: yields exactly its hand-written diagnostic (0.346667ms)
✔ corpus command_owner_absent: yields exactly its hand-written diagnostic (0.318458ms)
✔ corpus unknown_command: yields exactly its hand-written diagnostic (2.125958ms)
✔ corpus policy_op_owner_absent: yields exactly its hand-written diagnostic (0.667708ms)
✔ corpus stage_list_order: yields exactly its hand-written diagnostic (0.39125ms)
✔ corpus capability_not_installed: yields exactly its hand-written diagnostic (0.386458ms)
✔ corpus capability_version_not_installed: yields exactly its hand-written diagnostic (0.342625ms)
✔ corpus kernel_api_at_below: yields exactly its hand-written diagnostic (0.471792ms)
✔ corpus kernel_api_under: yields exactly its hand-written diagnostic (0.361208ms)
✔ corpus kernel_api_numeric: yields exactly its hand-written diagnostic (1.268167ms)
✔ corpus rule_ir_unsupported: yields exactly its hand-written diagnostic (3.280292ms)
✔ corpus content_schema_unsupported: yields exactly its hand-written diagnostic (0.368833ms)
✔ corpus client_feature_missing: yields exactly its hand-written diagnostic (2.839166ms)
✔ corpus two_faults_schema_hash: yields exactly its hand-written diagnostic (0.321875ms)
✔ corpus two_faults_hash_keys: yields exactly its hand-written diagnostic (0.271125ms)
✔ corpus two_faults_lock_installed: yields exactly its hand-written diagnostic (3.5635ms)
✔ corpus band_table_unsorted: yields exactly its hand-written diagnostic (6.0235ms)
✔ corpus band_table_gap: yields exactly its hand-written diagnostic (4.577625ms)
✔ corpus band_table_duplicate_cut: yields exactly its hand-written diagnostic (6.225917ms)
✔ corpus band_table_duplicate_key: yields exactly its hand-written diagnostic (7.0725ms)
✔ corpus band_text_missing: yields exactly its hand-written diagnostic (1.40125ms)
✔ corpus move_cost_unknown_pool: yields exactly its hand-written diagnostic (2.467959ms)
✔ corpus move_cost_zero: yields exactly its hand-written diagnostic (1.297416ms)
✔ corpus band_cut_over_100: yields exactly its hand-written diagnostic (1.231375ms)
✔ corpus band_tone_unknown: yields exactly its hand-written diagnostic (0.386ms)
✔ corpus band_table_empty: yields exactly its hand-written diagnostic (0.339458ms)
✔ corpus attribute_unlocked: yields exactly its hand-written diagnostic (1.719709ms)
✔ corpus stat_compare_unlocked: yields exactly its hand-written diagnostic (2.151833ms)
✔ corpus resource_compare_unlocked: yields exactly its hand-written diagnostic (3.978167ms)
✔ corpus stat_compare_unresolved: yields exactly its hand-written diagnostic (2.557708ms)
✔ corpus resource_compare_unresolved: yields exactly its hand-written diagnostic (15.3745ms)
✔ corpus attribute_key_mismatch: yields exactly its hand-written diagnostic (1.869541ms)
✔ corpus slot_unlocked: yields exactly its hand-written diagnostic (4.3295ms)
✔ corpus slot_finger: yields exactly its hand-written diagnostic (2.570792ms)
✔ corpus journal_missing_stage_text: yields exactly its hand-written diagnostic (16.022667ms)
✔ corpus journal_missing_outcome_text: yields exactly its hand-written diagnostic (5.092041ms)
✔ corpus journal_missing_failed: yields exactly its hand-written diagnostic (3.387791ms)
✔ corpus chapters_missing_text: yields exactly its hand-written diagnostic (17.846417ms)
✔ corpus chapters_missing_point: yields exactly its hand-written diagnostic (5.537167ms)
✔ corpus chapters_missing_outcome: yields exactly its hand-written diagnostic (2.587083ms)
✔ corpus chapters_opening_point: yields exactly its hand-written diagnostic (8.436084ms)
✔ corpus chapters_opening_outcome: yields exactly its hand-written diagnostic (17.148917ms)
✔ corpus chapters_later_missing_point: yields exactly its hand-written diagnostic (7.868292ms)
✔ corpus chapters_ambiguous: yields exactly its hand-written diagnostic (7.752834ms)
✔ corpus scene_unknown_step: yields exactly its hand-written diagnostic (3.4085ms)
✔ corpus scene_missing_ack: yields exactly its hand-written diagnostic (6.184208ms)
✔ corpus scene_restricted_control: yields exactly its hand-written diagnostic (3.255041ms)
✔ corpus scene_unknown_story_point: yields exactly its hand-written diagnostic (3.576875ms)
✔ corpus scene_unknown_outcome: yields exactly its hand-written diagnostic (3.79975ms)
✔ corpus scene_missing_text: yields exactly its hand-written diagnostic (3.648625ms)
✔ corpus scene_duplicate_trigger: yields exactly its hand-written diagnostic (2.491667ms)
✔ corpus scene_undeclared: yields exactly its hand-written diagnostic (1.753583ms)
✔ corpus scene_definition_key: yields exactly its hand-written diagnostic (1.133209ms)
✔ corpus scene_fact_changed: yields exactly its hand-written diagnostic (1.5625ms)
✔ corpus scene_fact_missing: yields exactly its hand-written diagnostic (1.55425ms)
✔ corpus scene_recipe_write: yields exactly its hand-written diagnostic (1.636041ms)
✔ corpus scene_reaction_write: yields exactly its hand-written diagnostic (47.72875ms)
✔ corpus scene_dialogue_write: yields exactly its hand-written diagnostic (1.550125ms)
✔ the byte cap applies to the raw length before decoding (12.030667ms)
✔ artifact bytes that are not strict UTF-8 are INVALID_JSON (3.228916ms)
✔ the items known answer loads (31.486375ms)
✔ a location, NPC room or has_item item naming no definition is UNRESOLVED_REFERENCE (24.938709ms)
✔ a touch link naming no detail, item or NPC it may name is UNRESOLVED_REFERENCE (9.549708ms)
✔ items that start in a cycle or over a capacity are rejected (20.791792ms)
✔ items and NPCs need containment, and their map keys their keys (5.43975ms)
✔ carrying loader requires every mass while preserving explicit zero (19.100208ms)
✔ carrying loader and validator reject malformed numbers and fields (39.286583ms)
✔ carrying loader requires API 1.3 and containment (24.410042ms)
✔ the v2 known answer loads with its fixture hash (6.886167ms)
✔ an exit or entry naming no room of this cartridge is UNRESOLVED_REFERENCE (8.450541ms)
✔ a room text key missing from the catalog is UNRESOLVED_REFERENCE (3.559042ms)
✔ rooms without movement in the lock are UNDECLARED_CAPABILITY (2.883334ms)
✔ a room map key that disagrees with the room's key is ARTIFACT_DEFINITION_KEY_MISMATCH (10.453958ms)
✔ a v1 artifact carrying rooms is UNKNOWN_FIELD (18.987375ms)
✔ an action text key missing from the catalog is UNRESOLVED_REFERENCE (4.308042ms)
✔ the details known answer loads with its fixture hash (2.048958ms)
✔ a detail's text key missing from the catalog is UNRESOLVED_REFERENCE (2.564375ms)
✔ a detail whose first alias is shared or untypable is UNREACHABLE_DETAIL (32.57075ms)
✔ resolved trigger choices select the highest reached chapter (68.685166ms)
✔ a story-point marker counts either outcome (137.265625ms)
✔ only the player resolved quest with its trigger choice counts (24.384833ms)
✔ a cartridge without chapters preserves the view shape (2.545208ms)
✔ ambiguity counts only matching quest choices in selected outcomes (10.261833ms)
✔ a luck check of chance 21 passes on the roll of 20 and runs success (24.769208ms)
✔ a luck check of chance 20 fails on the roll of 20: accepted, draw and time commit (5.261417ms)
✔ a rejected perform of a checked recipe draws nothing and changes nothing (15.094333ms)
✔ a recipe without a check keeps outcome performed and the RNG; duration still advances (10.580791ms)
✔ wait advances the clock to until, later than now only (4.554708ms)
✔ time_window holds in its window, wrapping midnight when to < from (4.518917ms)
✔ a clock overflow in a rule is an evaluator_error fault that changes nothing (2.290333ms)
✔ frozen M4 A runs through real Attack and two trusted elapsed proposals (5.928375ms)
✔ frozen M4 B closes before retaliation and credits the exact third rat at proposal.now (32.308709ms)
✔ frozen M4 C dies sleeping on the rat-first round and returns the same body (3.472792ms)
✔ one-exit Flee pays once and cancels its future round without drawing (9.192583ms)
✔ a surviving sleeper wakes before its remaining opportunity, other positions skip (6.072125ms)
✔ accuracy20 misses on roll20; endpoint chances still draw accuracy (3.409209ms)
✔ production hour-boundary recovery precedes damage and Flee preserves the remainder (39.292958ms)
✔ admission refuses absent, dead, sanctuary, nonstanding and already engaged participants (7.329333ms)
✔ eight raw draws including damage rejections exhaust the whole round atomically (1.074834ms)
✔ combat artifact requires executable API, owners, ordered damage and explicit NPC HP (181.930375ms)
✔ death credit binds unique local attackable NPCs and false player Boolean facts (190.177167ms)
✔ every combat narration role names existing cartridge text (153.317708ms)
✔ combat requires executable death settings even without authored corpse templates (6.031792ms)
✔ combat contracts match the independent shared boundary corpus (15.609833ms)
✔ credit delivery rejects counterfeit attribution and missing fatal/corpse provenance (33.512875ms)
✔ five distinct preacceptance lethal occurrences set exactly five facts without quest rewards (10.558625ms)
✔ two-exit Flee selects canonical north/west using independent seeded answers (8.253833ms)
✔ blocked exits are excluded; zero exits or insufficient fare refuse without a draw (3.952334ms)
✔ active combat exposes one directionless Flee and refuses directional movement (1.578583ms)
✔ composition known answers (50.406ms)
✔ invariant checks known answers, a holding and a violated case per invariant checked in both kernels (1.7285ms)
✔ invalid successful deltas fail their independent precondition check (0.872334ms)
✔ containment checks deep chains, untouched cycles and untouched capacity (23.859125ms)
✔ limits are named in the composition profile order (0.499166ms)
✔ composition-profile budgets: at the limit composes with the expected changes, one over faults (44.037167ms)
✔ a malformed barrier state faults precondition_failed (0.51975ms)
✔ opted recovery literal rows and independent metadata replay (2.640166ms)
✔ independent recovery replay rejects an unauthored stored rate (0.39675ms)
✔ recovery schema trust-boundary literals (1.535875ms)
✔ entity-resource overrides match literals and independent preconditions reject false success (1.391584ms)
✔ NPC HP schema trust-boundary literals (0.512791ms)
✔ a fresh world mints NPCs then items after the details and places each (49.961625ms)
✔ take proposes one transfer to the body and item_acquired, at the Python state hash (7.631042ms)
✔ drop leaves the item in the room with item_dropped; give hands it to the NPC (0.758209ms)
✔ each bad take, drop and give is rejected with its code and consumes nothing (4.203375ms)
✔ the containment invariants fail on a broken world (0.278958ms)
✔ containment_acyclic is linear in the items of one room (77.155625ms)
✔ a transfer past a capacity or into its own contents faults and commits nothing (0.517583ms)
✔ has_item holds for an item the actor carries, also inside a carried container (0.598833ms)
✔ target resolution names items and NPCs in the room and items the actor holds (0.673042ms)
✔ look with a target_id examines an item or NPC here or held, else not_present (34.000458ms)
✔ scan lists the NPCs and items in each room beyond, and changes nothing (0.436916ms)
✔ nested Take fits equality and reports the same carrying refusal in the view (1.346791ms)
✔ forced overload preserves owned extraction, Give and Drop while blocking positive Take (0.432084ms)
✔ large masses and repeated definitions stay exact by item identity (0.498333ms)
✔ zero subtree is neutral but positive contents and malformed mass remain distinct (0.373458ms)
✔ carrying charges prior policy work before accumulation and event allocation (0.210417ms)
✔ slot-holder indexing shares the carrying budget before inspecting worn mass (0.207709ms)
✔ cached owned and zero neutral results survive later budget exhaustion (0.323ms)
✔ a Take alias advertises too_heavy and cannot evade the view admission invariant (4.110375ms)
✔ portable creation/custody literals and independent success proof (13.696041ms)
✔ new contract trust boundaries (0.996666ms)
✔ independent invariants reject counterfeit success with matching identity rows (0.242417ms)
✔ one fatal sequence preserves custody and returns the same body with exact restoration (4.220958ms)
✔ owners recover roots through ordinary Take while corpses remain fixed and private (15.294375ms)
✔ HP-zero NPC retains identity but leaves living projection and admission (3.394ms)
✔ new API gate and narrow hydration reject invalid provenance/custody (10.592625ms)
✔ living projection refuses a missing required NPC HP row (0.666583ms)
✔ fatal transfer delta orders unsorted roots between initial placement and return (1.63925ms)
✔ corpse content requires templates, valid shrine/restoration and its capability/API contract (227.484417ms)
✔ talk opens one pending choice bound to EntityIds, stamped with its revision (31.089584ms)
✔ an action that opens no choice shares the choices map (11.896042ms)
✔ under loka play the stamp is the run revision and choose is accepted (40.716709ms)
✔ the GameView shows the pending choice; a dropped lantern makes both options unavailable (4.70975ms)
✔ the talk is listed on and accepts its speaker only (3.246167ms)
✔ talk is unavailable and refused before accepting and after resolving (26.081ms)
✔ the rule enforces the target's dialogue policy whatever talk admitted it (20.084375ms)
✔ a room contribution may subtract a dialogue's talk (7.793292ms)
✔ leave hands the lantern to Bram, sets party_led and resolves quest and choice at once (4.662458ms)
✔ carry keeps the lantern, sets player_led and resolves with outcome carry (9.528834ms)
✔ a story point reports its declared outcome key, after choice_resolved (2.133209ms)
✔ a choice reaches only a story point naming its own dialogue (5.800875ms)
✔ close changes no outcome; a second talk opens another occurrence (4.03725ms)
✔ a stale choice revalidates custody and presence; close still works (54.524666ms)
✔ talk while pending, and choose or close of no pending continuation, are invalid_state (27.815208ms)
✔ a lantern taken before accepting still lets leave resolve (3.718ms)
✔ choose pins the row bindings even if the definition would resolve elsewhere (14.917125ms)
✔ the loader checks dialogue references, roles, texts, facts, keys and the lock (63.196042ms)
✔ the loader checks story point triggers, outcomes, keys and the lock (58.33675ms)
✔ trusted elapsed advances and drains the existing due job with its owned event (44.992208ms)
✔ trusted elapsed rejects invalid identity and intervals without adopting anything (8.792334ms)
✔ normal player step cannot admit elapsed even through an offered alias (4.9565ms)
✔ elapsed ActionSet offers neither Wait nor the authority elapsed command (6.658209ms)
✔ elapsed player Wait refuses even when a forged alias offers it (8.114542ms)
✔ elapsed loader requires the new kernel API and schedule owner (8.335792ms)
✔ loader rejects authority elapsed actions and elapsed Wait aliases (40.112833ms)
✔ loader rejects duration in elapsed profiles while the frozen legacy fixture loads (11.218ms)
✔ encounter and bound job composition matches portable literal rows (3.54825ms)
✔ independent encounter preconditions reject matching counterfeit success (0.219417ms)
✔ independent replay verifies every written lifecycle row (0.428ms)
✔ cancelling a future job frees one slot in a full queue (4.373583ms)
✔ resource delivery times settle literal rows and reject counterfeit preconditions (1.848542ms)
✔ a fresh world mints one holder per declared slot after the job, in slot-key order (25.932584ms)
✔ a cartridge with equipment@1 but no slot keeps its ids and fresh state (12.233375ms)
✔ wear and remove by invocation, with their refusals (15.392166ms)
✔ the GameView lists the slots in order and wear and remove only where step accepts them (4.707041ms)
✔ a worn item cannot be dropped, given or taken (4.68ms)
✔ two items in one holder fail containment_acyclic (4.477791ms)
✔ a cartridge remove and its alias list on and remove a worn item (6.90675ms)
✔ a targetless wear alias is not listed, and the invariant refuses a view listing it (9.788625ms)
✔ worn gear counts once and Remove then Drop provides a carrying escape (37.238625ms)
✔ exit availability follows the room-composed movement action (59.477ms)
✔ exit availability follows an offered movement action whose policy fails (56.339958ms)
✔ a fresh world holds each fact default and no fact record (5.483542ms)
✔ fact.assign through the delta path commits one record, at the Python state hash (10.86575ms)
✔ conditions evaluate all, any, not and fact_compare over committed facts (6.926ms)
✔ describe shows the first variant whose condition holds, else the base (1.137416ms)
✔ the green's and reed path's descriptions change with the facts (23.21475ms)
✔ a player-scoped fact is read at the actor's own scope (0.282458ms)
✔ facts_typed holds for typed facts and fails on each kind of bad record (0.80875ms)
✔ a fact.assign its FactSpec does not allow faults precondition_failed (0.350208ms)
✔ each fact.assign that changes its fact appends fact_changed after the rule events (0.400167ms)
✔ a variant's unknown fact or missing text is UNRESOLVED_REFERENCE (50.403ms)
✔ details, variants and their ops without their owners locked are UNDECLARED_CAPABILITY (9.263958ms)
✔ a fact of any scope other than exactly player or instance is FACT_SCOPE_UNSUPPORTED (4.893667ms)
✔ the adapter matches the invocation known answers (15.123917ms)
✔ the intent digest matches its pinned known answers (1.3865ms)
✔ a mismatch reports the step, both results and the state as canonical bytes (0.53275ms)
✔ fault, rejection and failed attempt stay distinct; only the attempt changes the world (4.406875ms)
✔ Lantern text follows current possession and terminal choice outcome (102.347459ms)
✔ oar acquisition keeps the earned text after drop (5.469834ms)
✔ terminal rows use outcome overrides, else their stage text (3.321375ms)
✔ a quest without journal keeps its existing entry shape (1.939542ms)
✔ admission decides the invoked action only (160.6375ms)
✔ the known-answer runner steps with the invoked action (16.3515ms)
✔ the known answer loads with its hash, as its hand-written value (24.472875ms)
✔ the carry ending lands in its variant and ends Bram's talk (58.73575ms)
✔ the leave ending lands in its variant and ends Bram's talk (42.018333ms)
✔ at 06:00 the west gate is locked (18.177375ms)
✔ the old gate lists unlock only with the lantern, and each exit shows what lies beyond (9.206167ms)
✔ the chapter walk: lids opened, unlocked and closed by invocation, take through them (134.679541ms)
✔ a door verb names exactly one barrier: each bad shape is refused with its code (24.20275ms)
✔ a key inside a held, locked trunk still unlocks it (has_item unchanged) (5.333666ms)
✔ the GameView shows a lid, the verbs step accepts on it and what is in reach inside (32.299542ms)
✔ the loader rejects only keys that can never be reached, and checks an item barrier (24.748083ms)
✔ five real rats have distinct required birth rows, player HP10 and MV100 (163.976083ms)
✔ actual admitted adjustment adopts only one rat and keeps effective bounds after elapsed time (26.93525ms)
✔ explicit override queries refuse absent or malformed rows (18.569125ms)
✔ loader rejects invalid NPC HP and enforces API 1.4 (384.618125ms)
✔ a scripted walk prints the rooms and rejections a player expects (1.140625ms)
✔ every record validates and the game_trace keeps the ADR-075 §4 relationships (1.750416ms)
✔ replaying the transcript twice reproduces its records and state hashes byte for byte (2920.160167ms)
✔ a header in another world replays from that world (375.866083ms)
✔ a header-only transcript replays to the same initial world (620.182792ms)
✔ a transcript recorded by another kernel version replays and names both versions (307.614167ms)
✔ loader diagnostics are written with home paths and the device serial redacted (657.163833ms)
✔ go <serial> on a valid cartridge leaves the serial in no record (289.426792ms)
✔ look <words> examines one detail, lists an ambiguity, and records failed lookups (863.160292ms)
✔ look <serial> or <user name> leaves neither in any record (294.631042ms)
✔ a failed load records the input_digest known answer (269.749542ms)
✔ kernel_version names the commit, with -dirty for an unclean tree (360.989292ms)
✔ the terminal shows the description variant the fresh facts select (303.008417ms)
✔ brief mode: a revisited room shows its title and contents; look shows all (487.415583ms)
✔ doors are named by direction or keywords, and refusals read as words (567.485375ms)
✔ scan shows each door that bars the way, else the room beyond and what is in it (430.080875ms)
✔ take, drop, give, inventory and examine read as a player expects (425.532791ms)
✔ a lookup matching 1,025 items is refused and the session goes on (1809.676792ms)
✔ ring bell rings once, narrates, and the rooms and bell read differently after (589.831542ms)
✔ an alias shared by recipes picks the one whose target the words name (809.781709ms)
✔ wait passes whole hours and the bell rings only between dusk and dawn (453.819917ms)
✔ the status line follows the pools; exhaustion, costs and cooldowns read as words (353.092583ms)
✔ play shows a narration line with its key and pinned participants (495.461625ms)
✔ numeric-vectors: rng_steps from initial_rng (0.992125ms)
✔ numeric-vectors: division (0.135083ms)
✔ numeric-vectors: invalid_json (0.5415ms)
✔ numeric-vectors: canonical (0.161833ms)
✔ adverse-cases: uniform (0.217625ms)
✔ decode edge cases (0.234917ms)
✔ encode escapes and key order (0.085042ms)
✔ encode rejects values outside the profile (0.1305ms)
✔ nesting is limited to 128 containers (0.386708ms)
✔ hash is lowercase SHA-256 of the canonical bytes (0.594625ms)
✔ checked integers overflow as a typed error (0.13475ms)
✔ unsafe operands are integer_overflow (0.131208ms)
✔ uniform accepts bound 2^32 (0.06125ms)
✔ uniform rejects a bad draw budget (0.086916ms)
✔ IdSource ids (0.212875ms)
✔ IdSource rejects non-string ids (0.071916ms)
✔ IdSource rejects a bad ordinal (0.073416ms)
✔ CommandId known answers (0.568459ms)
✔ CommandId rejects bad ids (0.113291ms)
✔ job CommandId known answers (1.56475ms)
✔ job CommandId rejects bad input (0.264208ms)
✔ elapsed CommandId matches independently frozen run/world/interval vectors (1.012666ms)
✔ elapsed CommandId rejects malformed identity and interval operands (0.172209ms)
✔ a fresh world: no position record, the same state as without position@1, standing (13.247875ms)
✔ the position walk by invocation: only move needs standing, after the door (119.818584ms)
✔ a cartridge alias of sit is listed and dropped with sit, with its own policy (4.484792ms)
✔ no position changes regeneration: mv 1 at 0 is 19 at 3600, standing, resting or asleep (7.119625ms)
✔ the loader refuses content writing the position fact, and a wrong or missing spec (137.973834ms)
✔ elapsed Rest/Stand/Sit/Sleep settles old rates and retains literal metadata (9.047375ms)
✔ opted births at zero and calendar start earn only their own elapsed interval (6.775ms)
✔ distinct authored Sit/Sleep rates select the commanded position (5.66825ms)
✔ the public admitted proposal path faults rate/position disagreement before acceptance (1.833125ms)
✔ recovery loader checks actual opt-in dependencies and arithmetic bound (3.416ms)
✔ quest delivery runs in FIFO order, to instances active at emission and still active (23.429958ms)
✔ a quest delivery counts toward the deliveries budget (272.33975ms)
✔ every delivery eligible at emission counts toward the deliveries budget (147.439541ms)
✔ an accept choice activates its quest; the talk opens the first dialogue that holds (46.892833ms)
✔ a stale accept is invalid_state once the actor has an instance (8.881542ms)
✔ an accept is invalid_state while its quest's offer policy fails (14.03775ms)
✔ the loader checks each accept: a quest, no dialogue quest, no hand_over (16.47975ms)
✔ accept activates the quest: one quest.activate and its quest_activated (119.655292ms)
✔ a second accept and an accept of an undeclared quest are refused (15.914042ms)
✔ the offer is a place action that resolves to accept_quest and is withdrawn after (9.860917ms)
✔ an offer whose policy fails is listed unavailable and accept is invalid_state (1.6115ms)
✔ activation credits current possession under current_state only (5.705959ms)
✔ a post-activation acquisition completes a strict objective; current state stores nothing (6.687333ms)
✔ neither an earlier acquisition nor a give to someone else completes a strict objective (5.786ms)
✔ resolution re-checks current possession and resolves an open instance once (2.908375ms)
✔ a strict objective resolves only once its event completed it (2.330625ms)
✔ a cartridge using quest_state loads and its description follows the quest (2.088459ms)
✔ the journal lists the player quest with its state and title (19.142042ms)
✔ the loader checks quest references, texts, keys and the lock (29.318208ms)
✔ two strict quests on one item complete in quest order, also after a restore (1.885333ms)
✔ a move into the green triggers green_noticed, whose fact_changed triggers gossip (25.550583ms)
✔ a wait runs Bram's arrival's reactions to quiescence before Maud's job (33.554ms)
✔ entering the belfry starts a cycle that faults budget_exceeded and commits nothing (18.362792ms)
✔ a chain of 32 deliveries commits; one of 33 exceeds reaction_depth (61.685417ms)
✔ 8193 deliveries of one event exceed deliveries, whether their `when` holds or not (4248.199042ms)
✔ reaction guards past 32768 policy leaves exceed query_steps (1176.613167ms)
✔ a move whose action policy evaluates more than 32768 leaves exceeds query_steps (1164.308875ms)
✔ a root and its reactions share one query_steps budget (626.586541ms)
✔ a root over the operations limit names it, found at its first delivery (2.405125ms)
✔ deliveries and query_steps over at one check name query_steps (562.013458ms)
✔ a chain past reaction_depth from Bram's 19:00 arrival discards the whole wait (7.346958ms)
✔ 4097 events exceed the events budget; 4096 commit (23.066833ms)
✔ the loader checks reaction triggers, consequences and owners (14.503ms)
✔ the five ActionSet operations compose by stable key (0.960041ms)
✔ ring bell assigns the fact, then fact_changed, then the custom event, and narrates (52.424209ms)
✔ an assign that keeps its value takes no position and emits no fact_changed (6.269792ms)
✔ perform is rejected for another target, key or room, and once its policy fails (6.923166ms)
✔ a recipe assigning a wrongly typed value faults with nothing committed (7.808125ms)
✔ the place's actions: the recipe first while its detail is here, then the verbs (2.251458ms)
✔ a room's contributions shape its actions, and step admits only what they offer (42.332ms)
✔ a cartridge action overrides the engine verb of its key, policy included (2.086667ms)
✔ the output budget counts the fact_changed events adopt adds (247.907125ms)
✔ a command no offered action's target or input accepts is refused like an unoffered one (1.884792ms)
✔ an entity target in the action's scope is admitted (19.052833ms)
✔ a recipe's unknown target, fact or text is UNRESOLVED_REFERENCE (49.922375ms)
✔ a recipe with an action's or a registered command's key is DUPLICATE_DEFINITION (13.19525ms)
✔ a room's contribution naming no verb, action or recipe is UNRESOLVED_REFERENCE (1.365083ms)
✔ a recipe and its steps without their owners locked are UNDECLARED_CAPABILITY (13.422042ms)
✔ a v1 action policy's undeclared fact is UNRESOLVED_REFERENCE (1.038917ms)
✔ a recipe has a failure outcome exactly when it has a check (OUTCOME_MISMATCH) (15.913375ms)
✔ a failure outcome's references and owners, and the check's, are checked (30.415458ms)
✔ time_window needs schedule@1 and a non-empty window (28.704542ms)
✔ a recipe's or a policy's fact value outside its FactSpec is FACT_TYPE_MISMATCH (8.33975ms)
✔ two recipes' checks with one key are DUPLICATE_DEFINITION (1.1845ms)
✔ a resource spec whose bounds do not hold its start is RESOURCE_SPEC_INVALID (19.948917ms)
✔ a cost's, threshold's or resource.adjust's unknown resource is UNRESOLVED_REFERENCE (13.097834ms)
✔ resources without resource@1 in the lock are UNDECLARED_CAPABILITY (21.529209ms)
✔ a failed threshold check still pays its cost; success runs the outcome (39.369042ms)
✔ a threshold reads the resource before the recipe pays its costs (10.299417ms)
✔ an unaffordable cost is insufficient_resource before any draw, and changes nothing (12.703417ms)
✔ a move costs 1 mv and is refused at 0 mv (3.862625ms)
✔ a cartridge without the pools moves for free, writes and shows no resource (2.168625ms)
✔ regeneration adds gain per hour boundary crossed, stopping at the maximum (9.045208ms)
✔ a resource.adjust step stops at the maximum; at full value it changes nothing (8.818875ms)
✔ a cooldown of 2^53 - 1 refuses with cooldown, not a fault (2.007875ms)
✔ a cooldown refuses the recipe until exactly its end (6.770417ms)
✔ a failed attempt starts the cooldown too (1.819625ms)
✔ the GameView shows cooldowns, unaffordable costs and exhaustion as unavailable (15.55725ms)
✔ the view lists the body resources at the clock with their bands (19.675ms)
✔ the band is the first row of 04 §15 whose cut p reaches (89.283125ms)
✔ a cartridge move cost of 2 mv charges 2 and refuses the next move at 1 mv (1.611333ms)
✔ a move cost on another pool pays that pool and leaves mv (1.603125ms)
✔ a pool's own band table gives the first band whose cut p reaches, with its tone (12.532666ms)
✔ the engine default table gives each band its tone (30.549ms)
✔ a pool's bands beat world.bands, which beat the engine default (5.660292ms)
✔ an unlock counts its key check: 32767 action leaves fit, 32768 exceed query_steps (2448.154833ms)
✔ an accept counts its objective check: 32767 offer leaves fit, 32768 exceed query_steps (951.283625ms)
✔ a talk counts its policy twice: 16384 leaves fit, 16385 exceed query_steps (640.588291ms)
✔ a choose counts its objective check: 32767 leaves fit, 32768 exceed query_steps (819.3335ms)
✔ fresh scenes keep the same state as their scene-free variant (37.094ms)
✔ story outcome starts line one and refuses every ordinary action at both boundaries (30.223208ms)
✔ each continue advances one line, ends at minus one and composes its fact reaction (79.568291ms)
✔ start needs only scene and never restarts an ended fact or a different outcome (43.314791ms)
✔ a fresh world starts at 06:00 with Bram at the landing and his job due at 19:00 (95.059459ms)
✔ wait to 19:00 moves Bram to the green through his job; 18:59 does not (16.414916ms)
✔ a job its own advance would schedule at or before the target faults the whole wait (31.938583ms)
✔ due jobs run in due-time order across one advance (2.298917ms)
✔ jobs due at one time run in job-id order whatever the row order (3.160916ms)
✔ a run_job submitted to step is refused and changes nothing (1.573584ms)
✔ a recipe's duration runs the job due inside it in the player's proposal (2.176125ms)
✔ a body starts with its resources at their start values at the calendar start (3.928416ms)
✔ an advance over a job budget faults whole, in a wait and in a recipe (23.987541ms)
✔ a root over a job budget names its limit, pending_jobs before due_jobs_per_advance (67.616125ms)
✔ the loader checks schedule rooms and the schedule and calendar owners (9.25275ms)
✔ a recipe's committed narration pins its participants' EntityIds (1.672584ms)
✔ an item participant is pinned to the item's EntityId (26.121ms)
✔ the loader rejects a narration participant naming no npc or item of its role (3.801458ms)
✔ two fresh ranges and regression seeds retain all sequence counts and coverage (560.125667ms)
✔ an unknown constructor action is safe to compare with admission (0.208166ms)
✔ a door verb listed under an alias key agrees with admission through its command (0.105542ms)
✔ every registered invariant is checked per step, or says why not (0.202917ms)
✔ the regression seeds, then 500 fresh sequences, keep every invariant (4864.068791ms)
ℹ generator 15; regression seeds 432 35225 1791136864905; fresh seeds 1791157077674 to 1791157078173; 503 sequences, 15963 steps; lengths 1-8, 9-16, ... 57-64: 62 62 67 70 65 58 67 52; outcomes accepted, cooldown, exit_closed, exit_locked, fault budget_exceeded, fault evaluator_error, fault nonfuture_job, insufficient_resource, invalid_state, invalid_target, not_found, not_owned, not_present, permission_denied, unsupported_capability
✔ each regression seed still issues the command type it was kept for (49.449375ms)
✔ a seed gives byte-identical steps twice in one process and in another process (338.802125ms)
✔ red control: a planted rule bug (drop puts the item inside itself) is found and shrunk (218.035959ms)
✔ red control: a job completed in the root writer group trips job_complete_owned_by_run (91.39775ms)
✔ red control: a rejection that moves the clock trips rejection_consumes_nothing (0.529875ms)
✔ red control: an unknown command type accepted trips unknown_types_fail_closed (68.079375ms)
✔ red control: a GameView that disagrees with admission trips gameview_agrees_with_admission (313.553417ms)
✔ red control: a door verb listed but refused, or accepted but unlisted, trips gameview_agrees_with_admission (978.272667ms)
✔ red control: wear listed but refused, or remove accepted but unlisted, trips gameview_agrees_with_admission (283.967041ms)
✔ red control: a recipe shown available, or refused for another code, trips gameview_agrees_with_admission (36.5515ms)
✔ red control: an accepted decision with an unregistered event trips unknown_types_fail_closed (2.136708ms)
✔ red control: an accepted step adopted wrong, or not composing, is adopt_mismatch (234.648916ms)
✔ red control: a throw inside a rule is a reported failure, not a crash of the runner (51.338167ms)
✔ a fresh world gives each detail a target id after the rooms (2.391833ms)
✔ resolution is none, unique or ambiguous per the hand-written table (10.424542ms)
✔ look with a target_id examines a detail of this room, else not_found or not_present (0.715667ms)
✔ a lookup over 1024 candidates fails explicitly; 1024 are all returned (30.334042ms)
✔ target_present holds for a target in reach and never without one (95.982333ms)
✔ the target reaches admission for a talk alias, a recipe and a take (7.039625ms)
✔ every talk path gives the same code in the GameView and in step (40.0845ms)
✔ every example transcript replays and exercises its capability (5513.089208ms)
✔ every contract has examples and every example validates (18.138959ms)
✔ invalid fixtures fail with exactly the listed errors (55.473334ms)
✔ the capability registry: valid entries, key@version unique, covers the chapter-one lock, all portable (1.331125ms)
✔ the capability lock encodes and hashes to the independent known answer (0.984041ms)
✔ a declared __proto__ property survives generation (0.08425ms)
✔ values outside the canonical profile are rejected at decode, before validation (0.435834ms)
✔ a recursive Policy at the depth cap (0.977958ms)
✔ narration at 64 and 65 lines (0.543375ms)
✔ ambiguous candidates at 1024 and 1025 (2.002708ms)
✔ every composition-profile limit is a valid BudgetExceeded (0.239666ms)
✔ a fresh world mints IdSource ids and puts the player in the entry room (8.715666ms)
✔ a body out of mv waits an hour and moves again (53.305417ms)
✔ move north proposes one transfer and entity_entered_room, and commits it (0.536334ms)
✔ a scripted walk visits the expected rooms and rejects the known bad moves (1.820625ms)
✔ look is accepted with an empty delta and leaves the state unchanged (0.348542ms)
✔ unknown capabilities and other actors are rejected before any rule (2.524584ms)
✔ the movement invariants fail on a broken world (0.464209ms)
✔ the delta digest construction matches the Python known answer (0.548708ms)
✔ a foreign event faults unowned_event, and a rule mutating the world throws (0.810333ms)
✔ INSTALLED is each rule module and each implemented ruleless capability (3.914208ms)
ℹ tests 462
ℹ suites 0
ℹ pass 462
ℹ fail 0
ℹ cancelled 0
ℹ skipped 0
ℹ todo 0
ℹ duration_ms 13355.024458
