Resolving Hex dependencies...
Resolution completed in 0.022s
Unchanged:
  boundary 0.11.0
  bunt 1.0.0
  credo 1.7.19
  file_system 1.1.1
  jason 1.4.5
All dependencies have been fetched
No cycles found
Running ExUnit with seed: 25049, max_cases: 16

...............................................................................................................................................................................................................................................................................................
Finished in 5.0 seconds (4.9s async, 0.05s sync)

Result: 287 passed
Checking 82 source files (this might take a while) ...

Please report incorrect results: https://github.com/rrrene/credo/issues

Analysis took 0.04 seconds (0.03s to load, 0.01s running 4 checks on 82 files)
964 mods/funs, found no issues.

Use `mix credo explain` to explain issues, `mix credo --help` for options.
ok   boundary: web reaches store (only platform may)
ok   boundary: core calls an undeclared external app
ok   types: a PartyId where a CharacterId is matched (03 §6)
ok   xref: dependency cycle
ok   xref: compile-connected edge
ok   credo: cyclomatic complexity 10
ok   credo: nesting 3
ok   credo: ABC size 31
ok   credo: arity 7
ok   contracts: schema changed without regenerating the TypeScript
ok   contracts: schema changed without regenerating the docs
ok   contracts: unsupported keyword fails compilation
ok   contracts: unsupported keyword fails generation
ok   contracts: a map with declared properties fails compilation
ok   contracts: anyOf with overlapping types fails compilation
ok   features: a capability implemented without its feature map cells
ok   features: a ruleless capability implemented without its feature map cells
ok   features: a transcript added without regenerating the feature map
ok   docs: AGENTS.md over its word budget
ok   contracts: elixir host adapter without a differential (ADR-074)
ok   size: limits and allow markers
[warn] postinstall script did not run; falling back to runtime binary resolution.
Enable postinstall to avoid the per-invocation overhead.
Running 14 tests

----------- Case Details -----------
PASS mobile-realm-no-story  .........
PASS mobile-renderer-imports  ....................................
PASS ts-foundation-imports  .........
PASS ts-rule-registration  .......
PASS ts-rule-module-pure  ..........................
PASS ts-rule-module-imports  ..................
PASS mobile-shared-no-authority  .........
PASS mobile-authority-no-display-text  ....................
PASS mobile-session-contracts-only  .......
PASS ts-kernel-pure  ............
PASS elixir-kernel-pure  .....................................
PASS ts-rule-module-location  .........
PASS mobile-story-no-realm  ..........
PASS mobile-kernel-via-local-story  ........

test result: ok. 14 passed; 0 failed;
[warn] postinstall script did not run; falling back to runtime binary resolution.
Enable postinstall to avoid the per-invocation overhead.
ok   elixir-kernel-pure
ok   mobile-authority-no-display-text
ok   mobile-kernel-via-local-story
ok   mobile-realm-no-story
ok   mobile-renderer-imports
ok   mobile-session-contracts-only
ok   mobile-shared-no-authority
ok   mobile-story-no-realm
ok   ts-foundation-imports
ok   ts-kernel-pure
ok   ts-rule-module-imports
ok   ts-rule-module-location
ok   ts-rule-module-pure
ok   ts-rule-registration
ok   docs_only: skip for .md only, run otherwise
392 docs, 0 broken link(s), 0 unreachable
ok   docs: stale code pointers

> loka-kernel@0.0.0 typecheck
> tsc && tsc -p test && tsc -p play


> loka-kernel@0.0.0 test
> node --test --test-reporter=${TEST_REPORTER:-spec} "test/**/*.test.ts"

....................
....................
....................
....................
....................
....................
....................
....................
....................
....................
....................
....................
....................
....................
....................
....................
....................
....................
....................
....................
....................
....................
....................
....
ok   kernel tsc rejects host and Node APIs
ok   typecheck covers the tests
ok   typecheck covers play/
ok   step cannot skip admit()
kernel/ts/play/main.ts:2: info: size: allow 315, one terminal session: its loop, each command's dispatch and the replay
kernel/ts/src/content/cartridge_refs.ts:3: info: size: allow 340, one reference stage preserves diagnostic ordering including carrying and NPC HP opt-ins
kernel/ts/src/content/cartridge_refs.ts:153: info: size: allow 60, reference checks retain the existing ordered stage plus carrying opt-in checks
kernel/ts/src/view/action_lists.ts:38: info: size: allow 50, existing action lists share one lazy carrying context across their item offers
kernel/ts/test/containment.test.ts:1: info: size: allow 555, containment and carrying behavior share the same minimal custody fixture
kernel/ts/test/dialogue.test.ts:1: info: size: allow 603, dialogue@1's rule and loader checks, story points included, share the ferry harness
mobile/app/book/pages.tsx:1: info: size: allow 315, established book pages with the current carrying refusal note
mobile/app/book/polish.test.ts:2: info: size: allow 750, Book routes, elapsed completion and carrying note regressions share one real-session adapter
mobile/authority/local-story/local_story.test.ts:1: info: size: allow 650, every local authority case (restart, receipts, COMMIT faults, kill, trace, jobs, reactions, narration, choices) shares this harness
mobile/authority/local-story/saves.test.ts:1: info: size: allow 560, every save-open outcome shares this file's one-process harness
mobile/authority/local-story/store.ts:99: info: size: allow 45, one save-load boundary checks elapsed and required pinned resource rows
ok   ts size: limits and allow markers
Checking formatting...
All matched files use Prettier code style!

> loka-app@0.0.0 test
> node --test --test-reporter=${TEST_REPORTER:-spec} "../authority/**/*.test.ts" "book/*.test.ts" "*.test.ts"

....................
....................
....................
....................
....................
....................
....................
....................
....................
....................
....................
....................
....................
.............
