✔ frozen M4 A runs through real Attack and two trusted elapsed proposals (7.078834ms)
✔ frozen M4 B closes before retaliation and credits the exact third rat at proposal.now (2.840792ms)
✔ frozen M4 C dies sleeping on the rat-first round and returns the same body (3.19675ms)
✔ Flee and directional move share one multiplied payment and future cancellation (2.83375ms)
✔ a surviving sleeper wakes before its remaining opportunity, other positions skip (5.687375ms)
✔ accuracy20 misses on roll20; endpoint chances still draw accuracy (3.135291ms)
✖ production hour-boundary recovery precedes damage and Flee preserves the remainder (2.493667ms)
✔ admission refuses absent, dead, sanctuary, nonstanding and already engaged participants (2.660167ms)
✔ eight raw draws including damage rejections exhaust the whole round atomically (1.027334ms)
✔ real SQLite reopens Attack and both M4 A rounds with original receipt replay (42.248958ms)
✔ a real rat kill commits corpse and preacceptance credit together and reopens exactly (10.789959ms)
✔ actual lethal combat returns empty-handed and ordinary six-exit journey recovers corpse roots (17.65775ms)
✔ genuine FULL and both unknown-COMMIT outcomes fence a real fatal round (24.499666ms)
✔ saved encounter corruption refuses before exposing play without repairing rows (18.612375ms)
ℹ tests 14
ℹ suites 0
ℹ pass 13
ℹ fail 1
ℹ cancelled 0
ℹ skipped 0
ℹ todo 0
ℹ duration_ms 284.513

✖ failing tests:

test at kernel/ts/test/combat.test.ts:144:1
✖ production hour-boundary recovery precedes damage and Flee preserves the remainder (2.493667ms)
  AssertionError [ERR_ASSERTION]: {"kind":"fault","code":"precondition_failed","target":{"kind":"resource","resource":{"cartridge_id":"ashmere_sampler","cartridge_version":"0.0.9","kind":"resource","key":"hp"},"entity_id":"3d4829ad-9e43-81ef-bc10-66b1b267e157"}}
  + actual - expected
  
  + 'fault'
  - 'accepted'
  
      at TestContext.<anonymous> (file://<repo>/kernel/ts/test/combat.test.ts:158:10)
      at Test.runInAsyncScope (node:async_hooks:227:14)
      at Test.run (node:internal/test_runner/test:1402:25)
      at Test.processPendingSubtests (node:internal/test_runner/test:974:18)
      at Test.postRun (node:internal/test_runner/test:1542:19)
      at Test.run (node:internal/test_runner/test:1467:12)
      at async Test.processPendingSubtests (node:internal/test_runner/test:974:7) {
    generatedMessage: false,
    code: 'ERR_ASSERTION',
    actual: 'fault',
    expected: 'accepted',
    operator: 'strictEqual',
    diff: 'simple'
  }
