✔ one fatal sequence preserves custody and returns the same body with exact restoration (4.488834ms)
✔ owners recover roots through ordinary Take while corpses remain fixed and private (7.789417ms)
✔ HP-zero NPC retains identity but leaves living projection and admission (2.68ms)
✔ new API gate and narrow hydration reject invalid provenance/custody (7.802291ms)
✔ living projection refuses a missing required NPC HP row (0.767375ms)
✔ fatal transfer delta orders unsorted roots between initial placement and return (7.765208ms)
✔ trusted elapsed advances and drains the existing due job with its owned event (17.869042ms)
✔ trusted elapsed rejects invalid identity and intervals without adopting anything (12.029791ms)
✔ normal player step cannot admit elapsed even through an offered alias (3.19275ms)
✔ elapsed ActionSet offers neither Wait nor the authority elapsed command (3.1225ms)
✔ elapsed player Wait refuses even when a forged alias offers it (7.398459ms)
✔ elapsed loader requires the new kernel API and schedule owner (27.880083ms)
✔ loader rejects authority elapsed actions and elapsed Wait aliases (5.257458ms)
✔ loader rejects duration in elapsed profiles while the frozen legacy fixture loads (5.760458ms)
✔ a fresh world: no position record, the same state as without position@1, standing (13.830167ms)
✔ the position walk by invocation: only move needs standing, after the door (29.1945ms)
✔ a cartridge alias of sit is listed and dropped with sit, with its own policy (5.033125ms)
✔ no position changes regeneration: mv 1 at 0 is 19 at 3600, standing, resting or asleep (7.121041ms)
✔ the loader refuses content writing the position fact, and a wrong or missing spec (25.034875ms)
✔ elapsed Rest/Stand/Sit/Sleep settles old rates and retains literal metadata (3.700917ms)
✔ opted births at zero and calendar start earn only their own elapsed interval (6.115333ms)
✔ distinct authored Sit/Sleep rates select the commanded position (3.895208ms)
✔ the public admitted proposal path faults rate/position disagreement before acceptance (1.44925ms)
✔ recovery loader checks actual opt-in dependencies and arithmetic bound (3.752708ms)
✔ a failed threshold check still pays its cost; success runs the outcome (37.727708ms)
✔ a threshold reads the resource before the recipe pays its costs (2.69675ms)
✔ an unaffordable cost is insufficient_resource before any draw, and changes nothing (9.252334ms)
✔ a move costs 1 mv and is refused at 0 mv (3.807042ms)
✔ a cartridge without the pools moves for free, writes and shows no resource (1.919292ms)
✔ regeneration adds gain per hour boundary crossed, stopping at the maximum (4.506125ms)
✔ a resource.adjust step stops at the maximum; at full value it changes nothing (15.037916ms)
✔ a cooldown of 2^53 - 1 refuses with cooldown, not a fault (2.248333ms)
✔ a cooldown refuses the recipe until exactly its end (2.329292ms)
✔ a failed attempt starts the cooldown too (1.776083ms)
✔ the GameView shows cooldowns, unaffordable costs and exhaustion as unavailable (6.111792ms)
✔ the view lists the body resources at the clock with their bands (6.939584ms)
✔ the band is the first row of 04 §15 whose cut p reaches (33.553834ms)
✔ a cartridge move cost of 2 mv charges 2 and refuses the next move at 1 mv (1.644875ms)
✔ a move cost on another pool pays that pool and leaves mv (1.612917ms)
✔ a pool's own band table gives the first band whose cut p reaches, with its tone (8.338959ms)
✔ the engine default table gives each band its tone (11.988625ms)
✔ a pool's bands beat world.bands, which beat the engine default (2.555583ms)
✔ a fresh world starts at 06:00 with Bram at the landing and his job due at 19:00 (29.244083ms)
✔ wait to 19:00 moves Bram to the green through his job; 18:59 does not (7.645834ms)
✔ a job its own advance would schedule at or before the target faults the whole wait (2.508042ms)
✔ due jobs run in due-time order across one advance (6.239875ms)
✔ jobs due at one time run in job-id order whatever the row order (10.785958ms)
✔ a run_job submitted to step is refused and changes nothing (1.980708ms)
✔ a recipe's duration runs the job due inside it in the player's proposal (18.194875ms)
✔ a body starts with its resources at their start values at the calendar start (2.605458ms)
✔ an advance over a job budget faults whole, in a wait and in a recipe (12.281917ms)
✔ a root over a job budget names its limit, pending_jobs before due_jobs_per_advance (26.265416ms)
✔ the loader checks schedule rooms and the schedule and calendar owners (7.982166ms)
✔ a recipe's committed narration pins its participants' EntityIds (1.875458ms)
✔ an item participant is pinned to the item's EntityId (2.068709ms)
✔ the loader rejects a narration participant naming no npc or item of its role (5.0265ms)
ℹ tests 56
ℹ suites 0
ℹ pass 56
ℹ fail 0
ℹ cancelled 0
ℹ skipped 0
ℹ todo 0
ℹ duration_ms 405.716833
