✔ one fatal sequence preserves custody and returns the same body with exact restoration (4.636ms)
✔ owners recover roots through ordinary Take while corpses remain fixed and private (6.371458ms)
✔ HP-zero NPC retains identity but leaves living projection and admission (2.716333ms)
✔ new API gate and narrow hydration reject invalid provenance/custody (7.551417ms)
✔ living projection refuses a missing required NPC HP row (2.430416ms)
✔ fatal transfer delta orders unsorted roots between initial placement and return (1.062667ms)
✔ trusted elapsed advances and drains the existing due job with its owned event (32.649708ms)
✔ trusted elapsed rejects invalid identity and intervals without adopting anything (3.935ms)
✔ normal player step cannot admit elapsed even through an offered alias (4.424875ms)
✔ elapsed ActionSet offers neither Wait nor the authority elapsed command (2.923709ms)
✔ elapsed player Wait refuses even when a forged alias offers it (2.992916ms)
✔ elapsed loader requires the new kernel API and schedule owner (14.301334ms)
✔ loader rejects authority elapsed actions and elapsed Wait aliases (3.967ms)
✔ loader rejects duration in elapsed profiles while the frozen legacy fixture loads (5.093917ms)
✔ a fresh world: no position record, the same state as without position@1, standing (16.972625ms)
✔ the position walk by invocation: only move needs standing, after the door (38.251041ms)
✔ a cartridge alias of sit is listed and dropped with sit, with its own policy (8.469209ms)
✔ no position changes regeneration: mv 1 at 0 is 19 at 3600, standing, resting or asleep (3.239583ms)
✔ the loader refuses content writing the position fact, and a wrong or missing spec (38.708959ms)
✔ elapsed Rest/Stand/Sit/Sleep settles old rates and retains literal metadata (3.748709ms)
✔ opted births at zero and calendar start earn only their own elapsed interval (2.166125ms)
✔ distinct authored Sit/Sleep rates select the commanded position (1.839208ms)
✔ the public admitted proposal path faults rate/position disagreement before acceptance (1.729792ms)
✔ recovery loader checks actual opt-in dependencies and arithmetic bound (3.660875ms)
✔ a failed threshold check still pays its cost; success runs the outcome (31.515125ms)
✔ a threshold reads the resource before the recipe pays its costs (2.125917ms)
✔ an unaffordable cost is insufficient_resource before any draw, and changes nothing (13.905917ms)
✔ a move costs 1 mv and is refused at 0 mv (11.336292ms)
✔ a cartridge without the pools moves for free, writes and shows no resource (2.20725ms)
✔ regeneration adds gain per hour boundary crossed, stopping at the maximum (5.028917ms)
✔ a resource.adjust step stops at the maximum; at full value it changes nothing (8.417417ms)
✔ a cooldown of 2^53 - 1 refuses with cooldown, not a fault (2.564417ms)
✔ a cooldown refuses the recipe until exactly its end (2.336625ms)
✔ a failed attempt starts the cooldown too (2.148459ms)
✔ the GameView shows cooldowns, unaffordable costs and exhaustion as unavailable (6.248958ms)
✔ the view lists the body resources at the clock with their bands (6.644ms)
✔ the band is the first row of 04 §15 whose cut p reaches (35.000125ms)
✔ a cartridge move cost of 2 mv charges 2 and refuses the next move at 1 mv (1.716042ms)
✔ a move cost on another pool pays that pool and leaves mv (1.422958ms)
✔ a pool's own band table gives the first band whose cut p reaches, with its tone (7.703667ms)
✔ the engine default table gives each band its tone (11.911292ms)
✔ a pool's bands beat world.bands, which beat the engine default (2.49ms)
✔ a fresh world starts at 06:00 with Bram at the landing and his job due at 19:00 (29.351292ms)
✔ wait to 19:00 moves Bram to the green through his job; 18:59 does not (14.070125ms)
✔ a job its own advance would schedule at or before the target faults the whole wait (7.538708ms)
✔ due jobs run in due-time order across one advance (2.60125ms)
✔ jobs due at one time run in job-id order whatever the row order (3.311083ms)
✔ a run_job submitted to step is refused and changes nothing (1.730041ms)
✔ a recipe's duration runs the job due inside it in the player's proposal (2.482375ms)
✔ a body starts with its resources at their start values at the calendar start (5.830708ms)
✔ an advance over a job budget faults whole, in a wait and in a recipe (9.654459ms)
✔ a root over a job budget names its limit, pending_jobs before due_jobs_per_advance (22.866083ms)
✔ the loader checks schedule rooms and the schedule and calendar owners (7.464875ms)
✔ a recipe's committed narration pins its participants' EntityIds (1.805584ms)
✔ an item participant is pinned to the item's EntityId (1.837042ms)
✔ the loader rejects a narration participant naming no npc or item of its role (4.789792ms)
ℹ tests 56
ℹ suites 0
ℹ pass 56
ℹ fail 0
ℹ cancelled 0
ℹ skipped 0
ℹ todo 0
ℹ duration_ms 402.631625
