✖ credit delivery rejects counterfeit attribution and missing fatal/corpse provenance (6.627625ms)
✔ five distinct preacceptance lethal occurrences set exactly five facts without quest rewards (6.997416ms)
ℹ tests 2
ℹ suites 0
ℹ pass 1
ℹ fail 1
ℹ cancelled 0
ℹ skipped 0
ℹ todo 0
ℹ duration_ms 152.107

✖ failing tests:

test at kernel/ts/test/combat_credit.test.ts:10:1
✖ credit delivery rejects counterfeit attribution and missing fatal/corpse provenance (6.627625ms)
  AssertionError [ERR_ASSERTION]: Expected values to be strictly deep-equal:
  + actual - expected
  
  + [
  +   {
  +     expected: false,
  +     fact: {
  +       cartridge_id: 'ashmere_sampler',
  +       cartridge_version: '0.0.9',
  +       key: 'rat_3_killed',
  +       kind: 'fact'
  +     },
  +     op: 'fact.assign',
  +     scope: {
  +       character_id: 'bd595711-ea5f-89a5-abb0-046cd349d2f9',
  +       kind: 'player'
  +     },
  +     value: true,
  +     writer_group: 1
  +   }
  + ]
  - []
  
      at TestContext.<anonymous> (file://<repo>/kernel/ts/test/combat_credit.test.ts:42:10)
      at Test.runInAsyncScope (node:async_hooks:227:14)
      at Test.run (node:internal/test_runner/test:1402:25)
      at Test.start (node:internal/test_runner/test:1262:17)
      at startSubtestAfterBootstrap (node:internal/test_runner/harness:387:17) {
    generatedMessage: true,
    code: 'ERR_ASSERTION',
    actual: [ { op: 'fact.assign', writer_group: 1, fact: [Object], scope: [Object], expected: false, value: true } ],
    expected: [],
    operator: 'deepStrictEqual',
    diff: 'simple'
  }
