✔ one fatal sequence preserves custody and returns the same body with exact restoration (4.563458ms)
✔ owners recover roots through ordinary Take while corpses remain fixed and private (6.340334ms)
✔ HP-zero NPC retains identity but leaves living projection and admission (2.690375ms)
✔ new API gate and narrow hydration reject invalid provenance/custody (11.527333ms)
✔ living projection refuses a missing required NPC HP row (1.023166ms)
✔ fatal transfer delta orders unsorted roots between initial placement and return (0.817208ms)
✔ trusted elapsed advances and drains the existing due job with its owned event (28.286291ms)
✔ trusted elapsed rejects invalid identity and intervals without adopting anything (7.056334ms)
✔ normal player step cannot admit elapsed even through an offered alias (2.743042ms)
✔ elapsed ActionSet offers neither Wait nor the authority elapsed command (2.700125ms)
✔ elapsed player Wait refuses even when a forged alias offers it (2.460375ms)
✔ elapsed loader requires the new kernel API and schedule owner (3.989417ms)
✔ loader rejects authority elapsed actions and elapsed Wait aliases (3.727542ms)
✔ loader rejects duration in elapsed profiles while the frozen legacy fixture loads (3.619083ms)
✔ a fresh world: no position record, the same state as without position@1, standing (24.325458ms)
✔ the position walk by invocation: only move needs standing, after the door (24.714834ms)
✔ a cartridge alias of sit is listed and dropped with sit, with its own policy (5.558042ms)
✔ no position changes regeneration: mv 1 at 0 is 19 at 3600, standing, resting or asleep (3.054917ms)
✔ the loader refuses content writing the position fact, and a wrong or missing spec (36.592792ms)
✔ elapsed Rest/Stand/Sit/Sleep settles old rates and retains literal metadata (3.6935ms)
✔ opted births at zero and calendar start earn only their own elapsed interval (2.336041ms)
✔ distinct authored Sit/Sleep rates select the commanded position (2.148958ms)
✔ the public admitted proposal path faults rate/position disagreement before acceptance (1.723416ms)
✔ recovery loader checks actual opt-in dependencies and arithmetic bound (3.470417ms)
✔ a failed threshold check still pays its cost; success runs the outcome (23.35925ms)
✔ a threshold reads the resource before the recipe pays its costs (3.800708ms)
✔ an unaffordable cost is insufficient_resource before any draw, and changes nothing (13.769292ms)
✔ a move costs 1 mv and is refused at 0 mv (20.953833ms)
✔ a cartridge without the pools moves for free, writes and shows no resource (4.785625ms)
✔ regeneration adds gain per hour boundary crossed, stopping at the maximum (18.616667ms)
✔ a resource.adjust step stops at the maximum; at full value it changes nothing (8.538917ms)
✔ a cooldown of 2^53 - 1 refuses with cooldown, not a fault (2.511416ms)
✔ a cooldown refuses the recipe until exactly its end (2.199917ms)
✔ a failed attempt starts the cooldown too (3.34425ms)
✔ the GameView shows cooldowns, unaffordable costs and exhaustion as unavailable (6.260042ms)
✔ the view lists the body resources at the clock with their bands (7.041459ms)
✔ the band is the first row of 04 §15 whose cut p reaches (32.609125ms)
✔ a cartridge move cost of 2 mv charges 2 and refuses the next move at 1 mv (1.679084ms)
✔ a move cost on another pool pays that pool and leaves mv (1.469416ms)
✔ a pool's own band table gives the first band whose cut p reaches, with its tone (7.608792ms)
✔ the engine default table gives each band its tone (11.450833ms)
✔ a pool's bands beat world.bands, which beat the engine default (2.466458ms)
✔ a fresh world starts at 06:00 with Bram at the landing and his job due at 19:00 (27.996667ms)
✔ wait to 19:00 moves Bram to the green through his job; 18:59 does not (16.704333ms)
✔ a job its own advance would schedule at or before the target faults the whole wait (2.364292ms)
✔ due jobs run in due-time order across one advance (4.647791ms)
✔ jobs due at one time run in job-id order whatever the row order (2.738666ms)
✔ a run_job submitted to step is refused and changes nothing (1.779708ms)
✔ a recipe's duration runs the job due inside it in the player's proposal (2.620792ms)
✔ a body starts with its resources at their start values at the calendar start (2.044084ms)
✔ an advance over a job budget faults whole, in a wait and in a recipe (13.985167ms)
✔ a root over a job budget names its limit, pending_jobs before due_jobs_per_advance (24.161209ms)
✔ the loader checks schedule rooms and the schedule and calendar owners (8.174708ms)
✔ a recipe's committed narration pins its participants' EntityIds (2.020042ms)
✔ an item participant is pinned to the item's EntityId (2.379458ms)
✔ the loader rejects a narration participant naming no npc or item of its role (4.57ms)
ℹ tests 56
ℹ suites 0
ℹ pass 56
ℹ fail 0
ℹ cancelled 0
ℹ skipped 0
ℹ todo 0
ℹ duration_ms 401.406208
