✔ one fatal sequence preserves custody and returns the same body with exact restoration (4.809375ms)
✔ owners recover roots through ordinary Take while corpses remain fixed and private (11.569375ms)
✔ HP-zero NPC retains identity but leaves living projection and admission (2.579208ms)
✔ new API gate and narrow hydration reject invalid provenance/custody (27.09175ms)
✔ living projection refuses a missing required NPC HP row (0.955708ms)
✔ fatal transfer delta orders unsorted roots between initial placement and return (1.041709ms)
✔ trusted elapsed advances and drains the existing due job with its owned event (37.010542ms)
✔ trusted elapsed rejects invalid identity and intervals without adopting anything (12.97675ms)
✔ normal player step cannot admit elapsed even through an offered alias (2.989542ms)
✔ elapsed ActionSet offers neither Wait nor the authority elapsed command (3.479208ms)
✔ elapsed player Wait refuses even when a forged alias offers it (2.525542ms)
✔ elapsed loader requires the new kernel API and schedule owner (3.861208ms)
✔ loader rejects authority elapsed actions and elapsed Wait aliases (3.804708ms)
✔ loader rejects duration in elapsed profiles while the frozen legacy fixture loads (3.6845ms)
✔ a fresh world: no position record, the same state as without position@1, standing (21.33075ms)
✔ the position walk by invocation: only move needs standing, after the door (40.763041ms)
✔ a cartridge alias of sit is listed and dropped with sit, with its own policy (9.874625ms)
✔ no position changes regeneration: mv 1 at 0 is 19 at 3600, standing, resting or asleep (3.293625ms)
✔ the loader refuses content writing the position fact, and a wrong or missing spec (42.619875ms)
✔ elapsed Rest/Stand/Sit/Sleep settles old rates and retains literal metadata (4.10025ms)
✔ opted births at zero and calendar start earn only their own elapsed interval (2.688708ms)
✔ distinct authored Sit/Sleep rates select the commanded position (2.079958ms)
✔ the public admitted proposal path faults rate/position disagreement before acceptance (1.429083ms)
✔ recovery loader checks actual opt-in dependencies and arithmetic bound (3.799625ms)
✔ a failed threshold check still pays its cost; success runs the outcome (25.313375ms)
✔ a threshold reads the resource before the recipe pays its costs (3.623875ms)
✔ an unaffordable cost is insufficient_resource before any draw, and changes nothing (13.032875ms)
✔ a move costs 1 mv and is refused at 0 mv (6.919459ms)
✔ a cartridge without the pools moves for free, writes and shows no resource (2.037125ms)
✔ regeneration adds gain per hour boundary crossed, stopping at the maximum (4.255084ms)
✔ a resource.adjust step stops at the maximum; at full value it changes nothing (6.4735ms)
✔ a cooldown of 2^53 - 1 refuses with cooldown, not a fault (2.159667ms)
✔ a cooldown refuses the recipe until exactly its end (2.332ms)
✔ a failed attempt starts the cooldown too (2.443708ms)
✔ the GameView shows cooldowns, unaffordable costs and exhaustion as unavailable (7.094791ms)
✔ the view lists the body resources at the clock with their bands (15.113125ms)
✔ the band is the first row of 04 §15 whose cut p reaches (41.331083ms)
✔ a cartridge move cost of 2 mv charges 2 and refuses the next move at 1 mv (1.811417ms)
✔ a move cost on another pool pays that pool and leaves mv (1.702166ms)
✔ a pool's own band table gives the first band whose cut p reaches, with its tone (8.6265ms)
✔ the engine default table gives each band its tone (12.633708ms)
✔ a pool's bands beat world.bands, which beat the engine default (2.706916ms)
✔ a fresh world starts at 06:00 with Bram at the landing and his job due at 19:00 (26.011333ms)
✔ wait to 19:00 moves Bram to the green through his job; 18:59 does not (7.084959ms)
✔ a job its own advance would schedule at or before the target faults the whole wait (4.061416ms)
✔ due jobs run in due-time order across one advance (2.744125ms)
✔ jobs due at one time run in job-id order whatever the row order (3.074792ms)
✔ a run_job submitted to step is refused and changes nothing (1.826083ms)
✔ a recipe's duration runs the job due inside it in the player's proposal (2.486833ms)
✔ a body starts with its resources at their start values at the calendar start (4.622584ms)
✔ an advance over a job budget faults whole, in a wait and in a recipe (10.568792ms)
✔ a root over a job budget names its limit, pending_jobs before due_jobs_per_advance (28.243709ms)
✔ the loader checks schedule rooms and the schedule and calendar owners (8.498709ms)
✔ a recipe's committed narration pins its participants' EntityIds (1.869375ms)
✔ an item participant is pinned to the item's EntityId (1.899042ms)
✔ the loader rejects a narration participant naming no npc or item of its role (5.368833ms)
ℹ tests 56
ℹ suites 0
ℹ pass 56
ℹ fail 0
ℹ cancelled 0
ℹ skipped 0
ℹ todo 0
ℹ duration_ms 381.587292
