✔ frozen M4 A runs through real Attack and two trusted elapsed proposals (5.463166ms)
✔ frozen M4 B closes before retaliation and credits the exact third rat at proposal.now (2.600417ms)
✔ frozen M4 C dies sleeping on the rat-first round and returns the same body (3.08125ms)
✔ Flee and directional move share one multiplied payment and future cancellation (2.527208ms)
✔ a surviving sleeper wakes before its remaining opportunity, other positions skip (5.303125ms)
✔ accuracy20 misses on roll20; endpoint chances still draw accuracy (2.91475ms)
✔ production hour-boundary recovery precedes damage and Flee preserves the remainder (2.092792ms)
✔ admission refuses absent, dead, sanctuary, nonstanding and already engaged participants (2.408667ms)
✖ eight raw draws including damage rejections exhaust the whole round atomically (2.025792ms)
ℹ tests 9
ℹ suites 0
ℹ pass 8
ℹ fail 1
ℹ cancelled 0
ℹ skipped 0
ℹ todo 0
ℹ duration_ms 167.616333

✖ failing tests:

test at kernel/ts/test/combat.test.ts:228:1
✖ eight raw draws including damage rejections exhaust the whole round atomically (2.025792ms)
  AssertionError [ERR_ASSERTION]: Expected values to be strictly equal:
  + actual - expected
  
  + 'accepted'
  - 'fault'
  
      at TestContext.<anonymous> (file://<repo>/kernel/ts/test/combat.test.ts:247:10)
      at Test.runInAsyncScope (node:async_hooks:227:14)
      at Test.run (node:internal/test_runner/test:1402:25)
      at Test.processPendingSubtests (node:internal/test_runner/test:974:18)
      at Test.postRun (node:internal/test_runner/test:1542:19)
      at Test.run (node:internal/test_runner/test:1467:12)
      at async Test.processPendingSubtests (node:internal/test_runner/test:974:7) {
    generatedMessage: true,
    code: 'ERR_ASSERTION',
    actual: 'accepted',
    expected: 'fault',
    operator: 'strictEqual',
    diff: 'simple'
  }
