✔ one fatal sequence preserves custody and returns the same body with exact restoration (15.19475ms)
✔ owners recover roots through ordinary Take while corpses remain fixed and private (9.206ms)
✔ HP-zero NPC retains identity but leaves living projection and admission (7.271ms)
✔ new API gate and narrow hydration reject invalid provenance/custody (7.364375ms)
✔ living projection refuses a missing required NPC HP row (0.991875ms)
✔ fatal transfer delta orders unsorted roots between initial placement and return (0.987792ms)
✔ trusted elapsed advances and drains the existing due job with its owned event (30.867333ms)
✔ trusted elapsed rejects invalid identity and intervals without adopting anything (7.209417ms)
✔ normal player step cannot admit elapsed even through an offered alias (2.751125ms)
✔ elapsed ActionSet offers neither Wait nor the authority elapsed command (8.086167ms)
✔ elapsed player Wait refuses even when a forged alias offers it (2.547625ms)
✔ elapsed loader requires the new kernel API and schedule owner (10.8655ms)
✔ loader rejects authority elapsed actions and elapsed Wait aliases (9.146791ms)
✔ loader rejects duration in elapsed profiles while the frozen legacy fixture loads (6.585291ms)
✔ a fresh world: no position record, the same state as without position@1, standing (25.124834ms)
✔ the position walk by invocation: only move needs standing, after the door (34.480417ms)
✔ a cartridge alias of sit is listed and dropped with sit, with its own policy (6.356542ms)
✔ no position changes regeneration: mv 1 at 0 is 19 at 3600, standing, resting or asleep (3.302875ms)
✔ the loader refuses content writing the position fact, and a wrong or missing spec (30.875125ms)
✔ elapsed Rest/Stand/Sit/Sleep settles old rates and retains literal metadata (4.15925ms)
✔ opted births at zero and calendar start earn only their own elapsed interval (2.266375ms)
✔ distinct authored Sit/Sleep rates select the commanded position (1.929292ms)
✔ the public admitted proposal path faults rate/position disagreement before acceptance (1.405833ms)
✔ recovery loader checks actual opt-in dependencies and arithmetic bound (4.0545ms)
✔ a failed threshold check still pays its cost; success runs the outcome (33.873541ms)
✔ a threshold reads the resource before the recipe pays its costs (5.200125ms)
✔ an unaffordable cost is insufficient_resource before any draw, and changes nothing (6.449583ms)
✔ a move costs 1 mv and is refused at 0 mv (9.48225ms)
✔ a cartridge without the pools moves for free, writes and shows no resource (1.985542ms)
✔ regeneration adds gain per hour boundary crossed, stopping at the maximum (4.318667ms)
✔ a resource.adjust step stops at the maximum; at full value it changes nothing (13.325625ms)
✔ a cooldown of 2^53 - 1 refuses with cooldown, not a fault (2.438417ms)
✔ a cooldown refuses the recipe until exactly its end (4.374667ms)
✔ a failed attempt starts the cooldown too (1.881583ms)
✔ the GameView shows cooldowns, unaffordable costs and exhaustion as unavailable (7.005583ms)
✔ the view lists the body resources at the clock with their bands (7.667333ms)
✔ the band is the first row of 04 §15 whose cut p reaches (34.819334ms)
✔ a cartridge move cost of 2 mv charges 2 and refuses the next move at 1 mv (1.651291ms)
✔ a move cost on another pool pays that pool and leaves mv (1.554292ms)
✔ a pool's own band table gives the first band whose cut p reaches, with its tone (8.160917ms)
✔ the engine default table gives each band its tone (12.173166ms)
✔ a pool's bands beat world.bands, which beat the engine default (2.844042ms)
✔ a fresh world starts at 06:00 with Bram at the landing and his job due at 19:00 (28.206792ms)
✔ wait to 19:00 moves Bram to the green through his job; 18:59 does not (5.046417ms)
✔ a job its own advance would schedule at or before the target faults the whole wait (8.706875ms)
✔ due jobs run in due-time order across one advance (6.605709ms)
✔ jobs due at one time run in job-id order whatever the row order (2.942875ms)
✔ a run_job submitted to step is refused and changes nothing (1.684333ms)
✔ a recipe's duration runs the job due inside it in the player's proposal (2.51125ms)
✔ a body starts with its resources at their start values at the calendar start (5.118417ms)
✔ an advance over a job budget faults whole, in a wait and in a recipe (21.470167ms)
✔ a root over a job budget names its limit, pending_jobs before due_jobs_per_advance (25.412334ms)
✔ the loader checks schedule rooms and the schedule and calendar owners (8.457916ms)
✔ a recipe's committed narration pins its participants' EntityIds (1.855875ms)
✔ an item participant is pinned to the item's EntityId (1.906792ms)
✔ the loader rejects a narration participant naming no npc or item of its role (4.910458ms)
ℹ tests 56
ℹ suites 0
ℹ pass 56
ℹ fail 0
ℹ cancelled 0
ℹ skipped 0
ℹ todo 0
ℹ duration_ms 407.062
