✔ one fatal sequence preserves custody and returns the same body with exact restoration (4.41725ms)
✔ owners recover roots through ordinary Take while corpses remain fixed and private (6.014166ms)
✔ HP-zero NPC retains identity but leaves living projection and admission (3.23525ms)
✔ new API gate and narrow hydration reject invalid provenance/custody (19.91875ms)
✔ living projection refuses a missing required NPC HP row (0.722375ms)
✔ fatal transfer delta orders unsorted roots between initial placement and return (0.824708ms)
✔ trusted elapsed advances and drains the existing due job with its owned event (22.186041ms)
✔ trusted elapsed rejects invalid identity and intervals without adopting anything (9.994708ms)
✔ normal player step cannot admit elapsed even through an offered alias (2.688916ms)
✔ elapsed ActionSet offers neither Wait nor the authority elapsed command (3.32425ms)
✔ elapsed player Wait refuses even when a forged alias offers it (2.46825ms)
✔ elapsed loader requires the new kernel API and schedule owner (4.206708ms)
✔ loader rejects authority elapsed actions and elapsed Wait aliases (3.749208ms)
✔ loader rejects duration in elapsed profiles while the frozen legacy fixture loads (5.999334ms)
✔ a fresh world: no position record, the same state as without position@1, standing (24.855958ms)
✔ the position walk by invocation: only move needs standing, after the door (31.182125ms)
✔ a cartridge alias of sit is listed and dropped with sit, with its own policy (5.73675ms)
✔ no position changes regeneration: mv 1 at 0 is 19 at 3600, standing, resting or asleep (3.597583ms)
✔ the loader refuses content writing the position fact, and a wrong or missing spec (25.648459ms)
✔ elapsed Rest/Stand/Sit/Sleep settles old rates and retains literal metadata (3.996417ms)
✔ opted births at zero and calendar start earn only their own elapsed interval (2.033292ms)
✔ distinct authored Sit/Sleep rates select the commanded position (1.876666ms)
✔ the public admitted proposal path faults rate/position disagreement before acceptance (1.352958ms)
✔ recovery loader checks actual opt-in dependencies and arithmetic bound (3.823333ms)
✔ a failed threshold check still pays its cost; success runs the outcome (27.731792ms)
✔ a threshold reads the resource before the recipe pays its costs (9.4485ms)
✔ an unaffordable cost is insufficient_resource before any draw, and changes nothing (6.787416ms)
✔ a move costs 1 mv and is refused at 0 mv (3.917041ms)
✔ a cartridge without the pools moves for free, writes and shows no resource (3.616ms)
✔ regeneration adds gain per hour boundary crossed, stopping at the maximum (4.343708ms)
✔ a resource.adjust step stops at the maximum; at full value it changes nothing (7.901875ms)
✔ a cooldown of 2^53 - 1 refuses with cooldown, not a fault (2.043333ms)
✔ a cooldown refuses the recipe until exactly its end (3.704458ms)
✔ a failed attempt starts the cooldown too (1.856583ms)
✔ the GameView shows cooldowns, unaffordable costs and exhaustion as unavailable (5.92325ms)
✔ the view lists the body resources at the clock with their bands (6.529709ms)
✔ the band is the first row of 04 §15 whose cut p reaches (34.432333ms)
✔ a cartridge move cost of 2 mv charges 2 and refuses the next move at 1 mv (1.916958ms)
✔ a move cost on another pool pays that pool and leaves mv (1.866166ms)
✔ a pool's own band table gives the first band whose cut p reaches, with its tone (8.441583ms)
✔ the engine default table gives each band its tone (12.483625ms)
✔ a pool's bands beat world.bands, which beat the engine default (2.857375ms)
✔ a fresh world starts at 06:00 with Bram at the landing and his job due at 19:00 (39.083417ms)
✔ wait to 19:00 moves Bram to the green through his job; 18:59 does not (4.254125ms)
✔ a job its own advance would schedule at or before the target faults the whole wait (2.688042ms)
✔ due jobs run in due-time order across one advance (4.229292ms)
✔ jobs due at one time run in job-id order whatever the row order (2.946458ms)
✔ a run_job submitted to step is refused and changes nothing (2.276167ms)
✔ a recipe's duration runs the job due inside it in the player's proposal (2.982334ms)
✔ a body starts with its resources at their start values at the calendar start (2.3025ms)
✔ an advance over a job budget faults whole, in a wait and in a recipe (9.03625ms)
✔ a root over a job budget names its limit, pending_jobs before due_jobs_per_advance (26.931625ms)
✔ the loader checks schedule rooms and the schedule and calendar owners (8.397666ms)
✔ a recipe's committed narration pins its participants' EntityIds (2.018375ms)
✔ an item participant is pinned to the item's EntityId (2.444708ms)
✔ the loader rejects a narration participant naming no npc or item of its role (5.053375ms)
ℹ tests 56
ℹ suites 0
ℹ pass 56
ℹ fail 0
ℹ cancelled 0
ℹ skipped 0
ℹ todo 0
ℹ duration_ms 392.9975
