✔ frozen M4 A runs through real Attack and two trusted elapsed proposals (5.894083ms)
✔ frozen M4 B closes before retaliation and credits the exact third rat at proposal.now (2.730875ms)
✔ frozen M4 C dies sleeping on the rat-first round and returns the same body (3.144166ms)
✔ Flee and directional move share one multiplied payment and future cancellation (2.8205ms)
✔ a surviving sleeper wakes before its remaining opportunity, other positions skip (5.635834ms)
✔ accuracy20 misses on roll20; endpoint chances still draw accuracy (3.378292ms)
✔ production hour-boundary recovery precedes damage and Flee preserves the remainder (2.209042ms)
✔ admission refuses absent, dead, sanctuary, nonstanding and already engaged participants (2.634417ms)
✔ eight raw draws including damage rejections exhaust the whole round atomically (1.088708ms)
✔ real SQLite reopens Attack and both M4 A rounds with original receipt replay (43.307375ms)
✔ a real rat kill commits corpse and preacceptance credit together and reopens exactly (10.952459ms)
✔ actual lethal combat returns empty-handed and ordinary six-exit journey recovers corpse roots (18.083292ms)
✔ genuine FULL and both unknown-COMMIT outcomes fence a real fatal round (24.42275ms)
✔ saved encounter corruption refuses before exposing play without repairing rows (18.832375ms)
ℹ tests 14
ℹ suites 0
ℹ pass 14
ℹ fail 0
ℹ cancelled 0
ℹ skipped 0
ℹ todo 0
ℹ duration_ms 285.298584
