✔ frozen M4 A runs through real Attack and two trusted elapsed proposals (6.184333ms)
✖ frozen M4 B closes before retaliation and credits the exact third rat at proposal.now (3.102792ms)
✔ frozen M4 C dies sleeping on the rat-first round and returns the same body (3.204042ms)
✔ Flee and directional move share one multiplied payment and future cancellation (2.944292ms)
✔ a surviving sleeper wakes before its remaining opportunity, other positions skip (5.661041ms)
✔ accuracy20 misses on roll20; endpoint chances still draw accuracy (3.12625ms)
✔ production hour-boundary recovery precedes damage and Flee preserves the remainder (2.259959ms)
✔ admission refuses absent, dead, sanctuary, nonstanding and already engaged participants (2.5425ms)
✔ eight raw draws including damage rejections exhaust the whole round atomically (0.999166ms)
✔ real SQLite reopens Attack and both M4 A rounds with original receipt replay (41.537ms)
✖ a real rat kill commits corpse and preacceptance credit together and reopens exactly (9.166917ms)
✔ actual lethal combat returns empty-handed and ordinary six-exit journey recovers corpse roots (18.073375ms)
✖ genuine FULL and both unknown-COMMIT outcomes fence a real fatal round (22.973083ms)
✔ saved encounter corruption refuses before exposing play without repairing rows (18.791292ms)
ℹ tests 14
ℹ suites 0
ℹ pass 11
ℹ fail 3
ℹ cancelled 0
ℹ skipped 0
ℹ todo 0
ℹ duration_ms 283.401208

✖ failing tests:

test at kernel/ts/test/combat.test.ts:33:1
✖ frozen M4 B closes before retaliation and credits the exact third rat at proposal.now (3.102792ms)
  AssertionError [ERR_ASSERTION]: Expected values to be strictly deep-equal:
  + actual - expected
  
    [
      'attack_result',
      'entity_died',
  -   'fact_changed'
    ]
  
      at TestContext.<anonymous> (file://<repo>/kernel/ts/test/combat.test.ts:43:10)
      at Test.runInAsyncScope (node:async_hooks:227:14)
      at Test.run (node:internal/test_runner/test:1402:25)
      at Test.processPendingSubtests (node:internal/test_runner/test:974:18)
      at Test.postRun (node:internal/test_runner/test:1542:19)
      at Test.run (node:internal/test_runner/test:1467:12)
      at async startSubtestAfterBootstrap (node:internal/test_runner/harness:387:3) {
    generatedMessage: true,
    code: 'ERR_ASSERTION',
    actual: [ 'attack_result', 'entity_died' ],
    expected: [ 'attack_result', 'entity_died', 'fact_changed' ],
    operator: 'deepStrictEqual',
    diff: 'simple'
  }

test at mobile/authority/local-story/combat.test.ts:91:1
✖ a real rat kill commits corpse and preacceptance credit together and reopens exactly (9.166917ms)
  AssertionError [ERR_ASSERTION]: Expected values to be strictly deep-equal:
  + actual - expected
  
    [
      false,
      false,
  -   true,
      false,
      false,
  +   false
    ]
  
      at TestContext.<anonymous> (file://<repo>/mobile/authority/local-story/combat.test.ts:98:12)
      at Test.runInAsyncScope (node:async_hooks:227:14)
      at Test.run (node:internal/test_runner/test:1402:25)
      at Test.processPendingSubtests (node:internal/test_runner/test:974:18)
      at Test.postRun (node:internal/test_runner/test:1542:19)
      at Test.run (node:internal/test_runner/test:1467:12)
      at async startSubtestAfterBootstrap (node:internal/test_runner/harness:387:3) {
    generatedMessage: true,
    code: 'ERR_ASSERTION',
    actual: [ false, false, false, false, false ],
    expected: [ false, false, true, false, false ],
    operator: 'deepStrictEqual',
    diff: 'simple'
  }

test at mobile/authority/local-story/combat.test.ts:182:1
✖ genuine FULL and both unknown-COMMIT outcomes fence a real fatal round (22.973083ms)
  AssertionError [ERR_ASSERTION]: Expected values to be strictly deep-equal:
  + actual - expected
  
    [
      false,
      false,
  -   true,
      false,
      false,
  +   false
    ]
  
      at TestContext.<anonymous> (file://<repo>/mobile/authority/local-story/combat.test.ts:217:18)
      at Test.runInAsyncScope (node:async_hooks:227:14)
      at Test.run (node:internal/test_runner/test:1402:25)
      at Test.processPendingSubtests (node:internal/test_runner/test:974:18)
      at Test.postRun (node:internal/test_runner/test:1542:19)
      at Test.run (node:internal/test_runner/test:1467:12)
      at async Test.processPendingSubtests (node:internal/test_runner/test:974:7) {
    generatedMessage: true,
    code: 'ERR_ASSERTION',
    actual: [ false, false, false, false, false ],
    expected: [ false, false, true, false, false ],
    operator: 'deepStrictEqual',
    diff: 'simple'
  }
