✖ frozen M4 A runs through real Attack and two trusted elapsed proposals (6.28325ms)
✔ frozen M4 B closes before retaliation and credits the exact third rat at proposal.now (3.007125ms)
✔ frozen M4 C dies sleeping on the rat-first round and returns the same body (3.131291ms)
✔ Flee and directional move share one multiplied payment and future cancellation (2.704833ms)
✖ a surviving sleeper wakes before its remaining opportunity, other positions skip (2.060958ms)
✔ accuracy20 misses on roll20; endpoint chances still draw accuracy (3.261459ms)
✔ production hour-boundary recovery precedes damage and Flee preserves the remainder (2.068792ms)
✔ admission refuses absent, dead, sanctuary, nonstanding and already engaged participants (2.786459ms)
✔ eight raw draws including damage rejections exhaust the whole round atomically (1.224334ms)
✖ real SQLite reopens Attack and both M4 A rounds with original receipt replay (42.927083ms)
✔ a real rat kill commits corpse and preacceptance credit together and reopens exactly (10.439916ms)
✔ actual lethal combat returns empty-handed and ordinary six-exit journey recovers corpse roots (17.886625ms)
✔ genuine FULL and both unknown-COMMIT outcomes fence a real fatal round (24.626958ms)
✔ saved encounter corruption refuses before exposing play without repairing rows (19.259417ms)
ℹ tests 14
ℹ suites 0
ℹ pass 11
ℹ fail 3
ℹ cancelled 0
ℹ skipped 0
ℹ todo 0
ℹ duration_ms 279.706084

✖ failing tests:

test at kernel/ts/test/combat.test.ts:17:1
✖ frozen M4 A runs through real Attack and two trusted elapsed proposals (6.28325ms)
  AssertionError [ERR_ASSERTION]: Expected values to be strictly deep-equal:
  + actual - expected
  
    [
  +   9,
  +   3,
  -   8,
  -   5,
      [
  +     1110993931,
  +     286554632,
  +     2431677446,
  +     2165318166
  -     15224335,
  -     29364750,
  -     272377353,
  -     1125134346
      ]
    ]
  
      at TestContext.<anonymous> (file://<repo>/kernel/ts/test/combat.test.ts:26:10)
      at Test.runInAsyncScope (node:async_hooks:227:14)
      at Test.run (node:internal/test_runner/test:1402:25)
      at Test.start (node:internal/test_runner/test:1262:17)
      at startSubtestAfterBootstrap (node:internal/test_runner/harness:387:17) {
    generatedMessage: true,
    code: 'ERR_ASSERTION',
    actual: [ 9, 3, [ 1110993931, 286554632, 2431677446, 2165318166 ] ],
    expected: [ 8, 5, [ 15224335, 29364750, 272377353, 1125134346 ] ],
    operator: 'deepStrictEqual',
    diff: 'simple'
  }

test at kernel/ts/test/combat.test.ts:94:1
✖ a surviving sleeper wakes before its remaining opportunity, other positions skip (2.060958ms)
  AssertionError [ERR_ASSERTION]: Expected values to be strictly deep-equal:
  + actual - expected
  
    [
      2,
  +   6,
  -   4,
      [
  +     25179138,
  +     12295,
  +     540162,
  +     2107404
  -     15224335,
  -     29364750,
  -     272377353,
  -     1125134346
      ]
    ]
  
      at TestContext.<anonymous> (file://<repo>/kernel/ts/test/combat.test.ts:109:12)
      at Test.runInAsyncScope (node:async_hooks:227:14)
      at Test.run (node:internal/test_runner/test:1402:25)
      at Test.processPendingSubtests (node:internal/test_runner/test:974:18)
      at Test.postRun (node:internal/test_runner/test:1542:19)
      at Test.run (node:internal/test_runner/test:1467:12)
      at async Test.processPendingSubtests (node:internal/test_runner/test:974:7) {
    generatedMessage: true,
    code: 'ERR_ASSERTION',
    actual: [ 2, 6, [ 25179138, 12295, 540162, 2107404 ] ],
    expected: [ 2, 4, [ 15224335, 29364750, 272377353, 1125134346 ] ],
    operator: 'deepStrictEqual',
    diff: 'simple'
  }

test at mobile/authority/local-story/combat.test.ts:55:1
✖ real SQLite reopens Attack and both M4 A rounds with original receipt replay (42.927083ms)
  AssertionError [ERR_ASSERTION]: Expected values to be strictly deep-equal:
  + actual - expected
  
    [
  +   1110993931,
  +   286554632,
  +   2431677446,
  +   2165318166
  -   15224335,
  -   29364750,
  -   272377353,
  -   1125134346
    ]
  
      at TestContext.<anonymous> (file://<repo>/mobile/authority/local-story/combat.test.ts:81:10)
      at Test.runInAsyncScope (node:async_hooks:227:14)
      at Test.run (node:internal/test_runner/test:1402:25)
      at Test.start (node:internal/test_runner/test:1262:17)
      at startSubtestAfterBootstrap (node:internal/test_runner/harness:387:17) {
    generatedMessage: true,
    code: 'ERR_ASSERTION',
    actual: [ 1110993931, 286554632, 2431677446, 2165318166 ],
    expected: [ 15224335, 29364750, 272377353, 1125134346 ],
    operator: 'deepStrictEqual',
    diff: 'simple'
  }
