✔ one fatal sequence preserves custody and returns the same body with exact restoration (5.876958ms)
✔ owners recover roots through ordinary Take while corpses remain fixed and private (11.752292ms)
✔ HP-zero NPC retains identity but leaves living projection and admission (3.516791ms)
✔ new API gate and narrow hydration reject invalid provenance/custody (9.194334ms)
✔ living projection refuses a missing required NPC HP row (0.762833ms)
✔ fatal transfer delta orders unsorted roots between initial placement and return (0.96275ms)
✔ trusted elapsed advances and drains the existing due job with its owned event (28.20475ms)
✔ trusted elapsed rejects invalid identity and intervals without adopting anything (7.324667ms)
✔ normal player step cannot admit elapsed even through an offered alias (5.301ms)
✔ elapsed ActionSet offers neither Wait nor the authority elapsed command (2.878416ms)
✔ elapsed player Wait refuses even when a forged alias offers it (7.340833ms)
✔ elapsed loader requires the new kernel API and schedule owner (4.386667ms)
✔ loader rejects authority elapsed actions and elapsed Wait aliases (7.442416ms)
✔ loader rejects duration in elapsed profiles while the frozen legacy fixture loads (6.082583ms)
✔ a fresh world: no position record, the same state as without position@1, standing (15.10275ms)
✔ the position walk by invocation: only move needs standing, after the door (41.642667ms)
✔ a cartridge alias of sit is listed and dropped with sit, with its own policy (5.822625ms)
✔ no position changes regeneration: mv 1 at 0 is 19 at 3600, standing, resting or asleep (12.738875ms)
✔ the loader refuses content writing the position fact, and a wrong or missing spec (35.13425ms)
✔ elapsed Rest/Stand/Sit/Sleep settles old rates and retains literal metadata (5.042833ms)
✔ opted births at zero and calendar start earn only their own elapsed interval (2.033042ms)
✔ distinct authored Sit/Sleep rates select the commanded position (5.8475ms)
✔ the public admitted proposal path faults rate/position disagreement before acceptance (1.58425ms)
✔ recovery loader checks actual opt-in dependencies and arithmetic bound (4.009708ms)
✔ a failed threshold check still pays its cost; success runs the outcome (22.563792ms)
✔ a threshold reads the resource before the recipe pays its costs (2.167ms)
✔ an unaffordable cost is insufficient_resource before any draw, and changes nothing (9.822541ms)
✔ a move costs 1 mv and is refused at 0 mv (15.622583ms)
✔ a cartridge without the pools moves for free, writes and shows no resource (2.029167ms)
✔ regeneration adds gain per hour boundary crossed, stopping at the maximum (4.02125ms)
✔ a resource.adjust step stops at the maximum; at full value it changes nothing (6.717416ms)
✔ a cooldown of 2^53 - 1 refuses with cooldown, not a fault (1.994ms)
✔ a cooldown refuses the recipe until exactly its end (1.939625ms)
✔ a failed attempt starts the cooldown too (1.836417ms)
✔ the GameView shows cooldowns, unaffordable costs and exhaustion as unavailable (14.356333ms)
✔ the view lists the body resources at the clock with their bands (6.732417ms)
✔ the band is the first row of 04 §15 whose cut p reaches (40.402916ms)
✔ a cartridge move cost of 2 mv charges 2 and refuses the next move at 1 mv (1.847375ms)
✔ a move cost on another pool pays that pool and leaves mv (4.157709ms)
✔ a pool's own band table gives the first band whose cut p reaches, with its tone (9.808667ms)
✔ the engine default table gives each band its tone (14.470625ms)
✔ a pool's bands beat world.bands, which beat the engine default (3.120375ms)
✔ a fresh world starts at 06:00 with Bram at the landing and his job due at 19:00 (20.420958ms)
✔ wait to 19:00 moves Bram to the green through his job; 18:59 does not (6.656375ms)
✔ a job its own advance would schedule at or before the target faults the whole wait (3.789375ms)
✔ due jobs run in due-time order across one advance (6.337625ms)
✔ jobs due at one time run in job-id order whatever the row order (2.832ms)
✔ a run_job submitted to step is refused and changes nothing (1.851458ms)
✔ a recipe's duration runs the job due inside it in the player's proposal (2.401292ms)
✔ a body starts with its resources at their start values at the calendar start (2.233125ms)
✔ an advance over a job budget faults whole, in a wait and in a recipe (12.7995ms)
✔ a root over a job budget names its limit, pending_jobs before due_jobs_per_advance (22.946875ms)
✔ the loader checks schedule rooms and the schedule and calendar owners (10.807459ms)
✔ a recipe's committed narration pins its participants' EntityIds (1.91925ms)
✔ an item participant is pinned to the item's EntityId (1.980334ms)
✔ the loader rejects a narration participant naming no npc or item of its role (4.985209ms)
ℹ tests 56
ℹ suites 0
ℹ pass 56
ℹ fail 0
ℹ cancelled 0
ℹ skipped 0
ℹ todo 0
ℹ duration_ms 377.498167
