✔ one fatal sequence preserves custody and returns the same body with exact restoration (6.716959ms)
✔ owners recover roots through ordinary Take while corpses remain fixed and private (6.24625ms)
✔ HP-zero NPC retains identity but leaves living projection and admission (3.61775ms)
✔ new API gate and narrow hydration reject invalid provenance/custody (11.410042ms)
✔ living projection refuses a missing required NPC HP row (0.779708ms)
✔ fatal transfer delta orders unsorted roots between initial placement and return (0.96175ms)
✔ trusted elapsed advances and drains the existing due job with its owned event (20.471084ms)
✔ trusted elapsed rejects invalid identity and intervals without adopting anything (19.308625ms)
✔ normal player step cannot admit elapsed even through an offered alias (2.879ms)
✔ elapsed ActionSet offers neither Wait nor the authority elapsed command (2.690542ms)
✔ elapsed player Wait refuses even when a forged alias offers it (2.416209ms)
✔ elapsed loader requires the new kernel API and schedule owner (13.193916ms)
✔ loader rejects authority elapsed actions and elapsed Wait aliases (4.787459ms)
✔ loader rejects duration in elapsed profiles while the frozen legacy fixture loads (17.744833ms)
✔ a fresh world: no position record, the same state as without position@1, standing (12.310583ms)
✔ the position walk by invocation: only move needs standing, after the door (34.223ms)
✔ a cartridge alias of sit is listed and dropped with sit, with its own policy (6.276667ms)
✔ no position changes regeneration: mv 1 at 0 is 19 at 3600, standing, resting or asleep (2.965625ms)
✔ the loader refuses content writing the position fact, and a wrong or missing spec (34.76275ms)
✔ elapsed Rest/Stand/Sit/Sleep settles old rates and retains literal metadata (3.575166ms)
✔ opted births at zero and calendar start earn only their own elapsed interval (1.948917ms)
✔ distinct authored Sit/Sleep rates select the commanded position (2.069917ms)
✔ the public admitted proposal path faults rate/position disagreement before acceptance (1.357792ms)
✔ recovery loader checks actual opt-in dependencies and arithmetic bound (3.436167ms)
✔ a failed threshold check still pays its cost; success runs the outcome (45.770542ms)
✔ a threshold reads the resource before the recipe pays its costs (20.95575ms)
✔ an unaffordable cost is insufficient_resource before any draw, and changes nothing (7.458333ms)
✔ a move costs 1 mv and is refused at 0 mv (4.143875ms)
✔ a cartridge without the pools moves for free, writes and shows no resource (1.973209ms)
✔ regeneration adds gain per hour boundary crossed, stopping at the maximum (8.890166ms)
✔ a resource.adjust step stops at the maximum; at full value it changes nothing (6.563208ms)
✔ a cooldown of 2^53 - 1 refuses with cooldown, not a fault (2.336042ms)
✔ a cooldown refuses the recipe until exactly its end (1.996125ms)
✔ a failed attempt starts the cooldown too (1.749583ms)
✔ the GameView shows cooldowns, unaffordable costs and exhaustion as unavailable (6.074917ms)
✔ the view lists the body resources at the clock with their bands (5.865708ms)
✔ the band is the first row of 04 §15 whose cut p reaches (30.345084ms)
✔ a cartridge move cost of 2 mv charges 2 and refuses the next move at 1 mv (1.8205ms)
✔ a move cost on another pool pays that pool and leaves mv (1.536958ms)
✔ a pool's own band table gives the first band whose cut p reaches, with its tone (8.208667ms)
✔ the engine default table gives each band its tone (11.417208ms)
✔ a pool's bands beat world.bands, which beat the engine default (2.653792ms)
✔ a fresh world starts at 06:00 with Bram at the landing and his job due at 19:00 (21.432542ms)
✔ wait to 19:00 moves Bram to the green through his job; 18:59 does not (3.962084ms)
✔ a job its own advance would schedule at or before the target faults the whole wait (4.159458ms)
✔ due jobs run in due-time order across one advance (3.6595ms)
✔ jobs due at one time run in job-id order whatever the row order (3.907375ms)
✔ a run_job submitted to step is refused and changes nothing (1.998333ms)
✔ a recipe's duration runs the job due inside it in the player's proposal (8.711208ms)
✔ a body starts with its resources at their start values at the calendar start (2.093416ms)
✔ an advance over a job budget faults whole, in a wait and in a recipe (10.148625ms)
✔ a root over a job budget names its limit, pending_jobs before due_jobs_per_advance (22.318167ms)
✔ the loader checks schedule rooms and the schedule and calendar owners (8.405042ms)
✔ a recipe's committed narration pins its participants' EntityIds (1.930417ms)
✔ an item participant is pinned to the item's EntityId (2.1185ms)
✔ the loader rejects a narration participant naming no npc or item of its role (5.089667ms)
ℹ tests 56
ℹ suites 0
ℹ pass 56
ℹ fail 0
ℹ cancelled 0
ℹ skipped 0
ℹ todo 0
ℹ duration_ms 405.147708
