✔ frozen M4 A runs through real Attack and two trusted elapsed proposals (5.84725ms)
✔ frozen M4 B closes before retaliation and credits the exact third rat at proposal.now (2.764291ms)
✔ frozen M4 C dies sleeping on the rat-first round and returns the same body (3.360625ms)
✔ Flee and directional move share one multiplied payment and future cancellation (2.830708ms)
✔ a surviving sleeper wakes before its remaining opportunity, other positions skip (5.260417ms)
✔ accuracy20 misses on roll20; endpoint chances still draw accuracy (2.984625ms)
✔ production hour-boundary recovery precedes damage and Flee preserves the remainder (2.296459ms)
✔ admission refuses absent, dead, sanctuary, nonstanding and already engaged participants (2.657083ms)
✔ eight raw draws including damage rejections exhaust the whole round atomically (1.084291ms)
✔ real SQLite reopens Attack and both M4 A rounds with original receipt replay (42.090709ms)
✔ a real rat kill commits corpse and preacceptance credit together and reopens exactly (10.601375ms)
✔ actual lethal combat returns empty-handed and ordinary six-exit journey recovers corpse roots (17.706875ms)
✔ genuine FULL and both unknown-COMMIT outcomes fence a real fatal round (24.592791ms)
✔ saved encounter corruption refuses before exposing play without repairing rows (18.801625ms)
ℹ tests 14
ℹ suites 0
ℹ pass 14
ℹ fail 0
ℹ cancelled 0
ℹ skipped 0
ℹ todo 0
ℹ duration_ms 286.451958
