node:internal/modules/run_main:107
    triggerUncaughtException(
    ^

AssertionError [ERR_ASSERTION]: The expression evaluated to a falsy value:

  assert.ok(loaded.ok)

    at file://<checkout>/mobile/authority/local-story/sampler.test.ts:18:8
    at ModuleJob.run (node:internal/modules/esm/module_job:561:25)
    at async node:internal/modules/esm/loader:647:26
    at async asyncRunEntryPointWithESMLoader (node:internal/modules/run_main:101:5) {
  generatedMessage: true,
  code: 'ERR_ASSERTION',
  actual: false,
  expected: true,
  operator: '==',
  diff: 'simple'
}

Node.js v24.21.0
✖ mobile/authority/local-story/sampler.test.ts (186.764542ms)
ℹ tests 1
ℹ suites 0
ℹ pass 0
ℹ fail 1
ℹ cancelled 0
ℹ skipped 0
ℹ todo 0
ℹ duration_ms 193.387875

✖ failing tests:

test at mobile/authority/local-story/sampler.test.ts:1:1
✖ mobile/authority/local-story/sampler.test.ts (186.764542ms)
  'test failed'
