✖ sampler invocation walk reaches all six rooms and resumes the carried ending at line two (9.658041ms)
✔ leaving the lantern resolves with the fallback journal and no carried chapter or scene (17.953583ms)
ℹ tests 2
ℹ suites 0
ℹ pass 1
ℹ fail 1
ℹ cancelled 0
ℹ skipped 0
ℹ todo 0
ℹ duration_ms 242.016875

✖ failing tests:

test at mobile/authority/local-story/sampler.test.ts:92:1
✖ sampler invocation walk reaches all six rooms and resumes the carried ending at line two (9.658041ms)
  AssertionError [ERR_ASSERTION]: Expected values to be strictly deep-equal:
  + actual - expected
  
    [
  +   'perfect_health',
  -   'ready',
      'normal'
    ]
  
      at TestContext.<anonymous> (file://<checkout>/mobile/authority/local-story/sampler.test.ts:102:12)
      at Test.runInAsyncScope (node:async_hooks:227:14)
      at Test.run (node:internal/test_runner/test:1402:25)
      at Test.start (node:internal/test_runner/test:1262:17)
      at startSubtestAfterBootstrap (node:internal/test_runner/harness:387:17) {
    generatedMessage: true,
    code: 'ERR_ASSERTION',
    actual: [ 'perfect_health', 'normal' ],
    expected: [ 'ready', 'normal' ],
    operator: 'deepStrictEqual',
    diff: 'simple'
  }
