✔ seed 12: every fault leaves the prior or next revision and the run ends unchanged (1113.193709ms)
✔ seed 366: every fault leaves the prior or next revision and the run ends unchanged (707.111834ms)
✔ seed 30636: every fault leaves the prior or next revision and the run ends unchanged (749.5005ms)
✔ seed 300: every fault leaves the prior or next revision and the run ends unchanged (891.773833ms)
✔ seed 622: every fault leaves the prior or next revision and the run ends unchanged (660.440583ms)
✔ seed 9633: every fault leaves the prior or next revision and the run ends unchanged (841.363875ms)
✔ seed 2841: every fault leaves the prior or next revision and the run ends unchanged (644.392375ms)
✔ seed 454: every fault leaves the prior or next revision and the run ends unchanged (870.762959ms)
✔ seed 172: every fault leaves the prior or next revision and the run ends unchanged (677.742708ms)
✔ seed 49: every fault leaves the prior or next revision and the run ends unchanged (899.399ms)
✔ seed 211: every fault leaves the prior or next revision and the run ends unchanged (899.331375ms)
✔ seed 1595: every fault leaves the prior or next revision and the run ends unchanged (823.30925ms)
✔ seed 337982: every fault leaves the prior or next revision and the run ends unchanged (829.787667ms)
✔ seed 105497: every fault leaves the prior or next revision and the run ends unchanged (723.700625ms)
✔ seed 81: every fault leaves the prior or next revision and the run ends unchanged (964.821959ms)
✔ seed 130: every fault leaves the prior or next revision and the run ends unchanged (828.206667ms)
✔ seed 54: every fault leaves the prior or next revision and the run ends unchanged (826.239209ms)
✔ hand-checked anchors (16.993333ms)
✔ views, a reopen and a changed host clock leave the play_time clock and world as they were (63.839334ms)
ℹ tests 19
ℹ suites 0
ℹ pass 19
ℹ fail 0
ℹ cancelled 0
ℹ skipped 0
ℹ todo 0
ℹ duration_ms 14220.136666
