✖ the app opens and replaces only its sampler save, preserving an existing Lantern save (61.986208ms)
ℹ tests 1
ℹ suites 0
ℹ pass 0
ℹ fail 1
ℹ cancelled 0
ℹ skipped 0
ℹ todo 0
ℹ duration_ms 270.150375

✖ failing tests:

test at mobile/app/sampler.test.ts:29:1
✖ the app opens and replaces only its sampler save, preserving an existing Lantern save (61.986208ms)
  AssertionError [ERR_ASSERTION]: The expression evaluated to a falsy value:
  
    assert.ok(globals.loka_session .game())
  
      at TestContext.<anonymous> (file://<checkout>/mobile/app/sampler.test.ts:83:12)
      at Test.runInAsyncScope (node:async_hooks:227:14)
      at Test.run (node:internal/test_runner/test:1402:25)
      at Test.start (node:internal/test_runner/test:1262:17)
      at startSubtestAfterBootstrap (node:internal/test_runner/harness:387:17)
      at process.processTicksAndRejections (node:internal/process/task_queues:104:5) {
    generatedMessage: true,
    code: 'ERR_ASSERTION',
    actual: undefined,
    expected: true,
    operator: '==',
    diff: 'simple'
  }
