✖ sampler invocation walk reaches all six rooms and resumes the carried ending at line two (4.262083ms)
✔ leaving the lantern resolves with the fallback journal and no carried chapter or scene (11.328041ms)
ℹ tests 2
ℹ suites 0
ℹ pass 1
ℹ fail 1
ℹ cancelled 0
ℹ skipped 0
ℹ todo 0
ℹ duration_ms 142.362875

✖ failing tests:

test at mobile/authority/local-story/sampler.test.ts:92:1
✖ sampler invocation walk reaches all six rooms and resumes the carried ending at line two (4.262083ms)
  AssertionError [ERR_ASSERTION]: Expected values to be strictly equal:
  + actual - expected
  
  + undefined
  - '251e7a71-b5ad-8d22-858b-533e52cc5415'
  
      at TestContext.<anonymous> (file://<checkout>/mobile/authority/local-story/sampler.test.ts:99:12)
      at Test.runInAsyncScope (node:async_hooks:227:14)
      at Test.run (node:internal/test_runner/test:1402:25)
      at Test.start (node:internal/test_runner/test:1262:17)
      at startSubtestAfterBootstrap (node:internal/test_runner/harness:387:17) {
    generatedMessage: true,
    code: 'ERR_ASSERTION',
    actual: undefined,
    expected: '251e7a71-b5ad-8d22-858b-533e52cc5415',
    operator: 'strictEqual',
    diff: 'simple'
  }
