✖ sampler invocation walk reaches all six rooms and resumes the carried ending at line two (64.616584ms)
✖ leaving the lantern resolves with the fallback journal and no carried chapter or scene (4.219333ms)
ℹ tests 2
ℹ suites 0
ℹ pass 0
ℹ fail 2
ℹ cancelled 0
ℹ skipped 0
ℹ todo 0
ℹ duration_ms 196.216333

✖ failing tests:

test at mobile/authority/local-story/sampler.test.ts:92:1
✖ sampler invocation walk reaches all six rooms and resumes the carried ending at line two (64.616584ms)
  AssertionError [ERR_ASSERTION]: Expected values to be strictly deep-equal:
  + actual - expected
  
    [
  +   'move',
  +   'rest',
  +   'scan',
  +   'sit',
  +   'sleep',
  +   'wait'
  -   'continue'
    ]
  
      at TestContext.<anonymous> (file://<checkout>/mobile/authority/local-story/sampler.test.ts:168:12)
      at Test.runInAsyncScope (node:async_hooks:227:14)
      at Test.run (node:internal/test_runner/test:1402:25)
      at Test.start (node:internal/test_runner/test:1262:17)
      at startSubtestAfterBootstrap (node:internal/test_runner/harness:387:17) {
    generatedMessage: true,
    code: 'ERR_ASSERTION',
    actual: [ 'move', 'rest', 'scan', 'sit', 'sleep', 'wait' ],
    expected: [ 'continue' ],
    operator: 'deepStrictEqual',
    diff: 'simple'
  }

test at mobile/authority/local-story/sampler.test.ts:223:1
✖ leaving the lantern resolves with the fallback journal and no carried chapter or scene (4.219333ms)
  AssertionError [ERR_ASSERTION]: Expected values to be strictly equal:
  + actual - expected
  
  + {
  +   count: 3,
  +   index: 1,
  +   line: 'scene.lantern_kept.bram',
  +   scene: {
  +     cartridge_id: 'ashmere_sampler',
  +     cartridge_version: '0.0.1',
  +     key: 'lantern_kept',
  +     kind: 'scene'
  +   }
  + }
  - undefined
  
      at TestContext.<anonymous> (file://<checkout>/mobile/authority/local-story/sampler.test.ts:237:12)
      at Test.runInAsyncScope (node:async_hooks:227:14)
      at Test.run (node:internal/test_runner/test:1402:25)
      at Test.processPendingSubtests (node:internal/test_runner/test:974:18)
      at Test.postRun (node:internal/test_runner/test:1542:19)
      at Test.run (node:internal/test_runner/test:1467:12)
      at async startSubtestAfterBootstrap (node:internal/test_runner/harness:387:3) {
    generatedMessage: true,
    code: 'ERR_ASSERTION',
    actual: { scene: { cartridge_id: 'ashmere_sampler', cartridge_version: '0.0.1', kind: 'scene', key: 'lantern_kept' }, line: 'scene.lantern_kept.bram', index: 1, count: 3 },
    expected: undefined,
    operator: 'strictEqual',
    diff: 'simple'
  }
