$ mise exec -- node --test mobile/authority/local-story/practical_skills.test.ts mobile/authority/local-story/training.test.ts mobile/authority/local-story/commerce.test.ts mobile/authority/local-story/infirmary.test.ts mobile/authority/local-story/transport.test.ts mobile/app/book/practical_skills.test.ts mobile/app/book/training.test.ts mobile/app/book/infirmary.test.ts
(node:98177) [MODULE_TYPELESS_PACKAGE_JSON] Warning: Module type of file://<WORKTREE>/mobile/app/book/infirmary.test.ts is not specified and it doesn't parse as CommonJS.
Reparsing as ES module because module syntax was detected. This incurs a performance overhead.
To eliminate this warning, add "type": "module" to <WORKTREE>/mobile/app/package.json.
(Use `node --trace-warnings ...` to show where the warning was created)
✔ Book patch and Wick controls use confirmed exact targets, readiness and journal state (338.603417ms)
(node:98178) [MODULE_TYPELESS_PACKAGE_JSON] Warning: Module type of file://<WORKTREE>/mobile/app/book/practical_skills.test.ts is not specified and it doesn't parse as CommonJS.
Reparsing as ES module because module syntax was detected. This incurs a performance overhead.
To eliminate this warning, add "type": "module" to <WORKTREE>/mobile/app/package.json.
(Use `node --trace-warnings ...` to show where the warning was created)
✔ Book teacher detail to learned patch/shop controls sends the exact loaded offer and refreshes after cold open (976.073917ms)
(node:98179) [MODULE_TYPELESS_PACKAGE_JSON] Warning: Module type of file://<WORKTREE>/mobile/app/book/training.test.ts is not specified and it doesn't parse as CommonJS.
Reparsing as ES module because module syntax was detected. This incurs a performance overhead.
To eliminate this warning, add "type": "module" to <WORKTREE>/mobile/app/package.json.
(Use `node --trace-warnings ...` to show where the warning was created)
✔ Character draws projected attributes and acquired qualification with authored labels (2.346334ms)
✔ item equipment detail copies current typed slot/profile/requirement and block chance (0.6175ms)
✔ Book interaction teaches swords then dodge in Tobin detail and recovers each committed result once (545.343917ms)
✔ shared item detail draws confirmed fuel for lit and exhausted items (0.168792ms)
✔ real SQLite reopens buy before acceptance, active, and both chronological payout orders (357.821333ms)
✔ purchase receipt retry, sale and buyback cold reopen one exact item and conserved pennies (100.470542ms)
✔ buy under an active and expired S2 retains the exact ledger and pending/failure truth (120.224625ms)
✔ cold open refuses omitted debit, wrong recipient, false prior balance and reversed receipt order (345.473875ms)
✔ shop failed COMMIT and both unknown outcomes retain all prior or all next rows (135.342542ms)
✔ satchel Put/Take is immediately useful but active S2 ancestor Sell is refused (66.807625ms)
✔ v018 ID pin binds the spawned world, purchased torch and worn slot after cold reopen (52.745333ms)
✔ real SQLite reopens every immediate occurrence, exact replay and later ordinary bandage custody (995.946208ms)
✔ failed and lost COMMIT exchange outcomes reconcile all-prior or all-next rows (336.399208ms)
✔ exchange history corruption refuses without rewriting the SQLite rows (491.120375ms)
✔ accepted herbs can be dropped, reopened and retrieved for the same exact occurrence (168.520292ms)
✔ B2 and S9 faction receipts reopen in both composed orders without changing pennies (356.647542ms)
✔ reacceptance retirement and fresh activation reconcile as one real SQLite commit (311.550833ms)
✔ randomly seeded B5 lineage reopens and Start over preserves the drawn seed (65.709708ms)
✔ trusted elapsed reopens before S9 and reaches the actual herb exchange consumer (224.281833ms)
✔ both original 2p teachers learn below qualification, refuse low funds and replay one receipt on disk (1114.845667ms)
✔ careful harvest and discounted Buy retain historical truth across cold opens and later custody/qualification (537.655833ms)
✔ all three new writers reconcile real failed COMMIT and lost acknowledgement, fence, reopen and replay once (1826.144958ms)
✔ corrupt two-item receipt and fully funded forged discounted quote refuse without rewriting the save (529.746208ms)
✔ real SQLite cold reopen retains both lessons, exact replay, wear, Attack and defended due state (255.077333ms)
✔ forged lesson receipts and contradictory acquired rows reopen as save_corrupt without rewriting (569.426792ms)
✔ each foreign lesson event identity refuses file-backed reopen after lawful later custody (324.871375ms)
✔ real failed and lost-ack COMMIT keep all prior or all next lesson rows and retry once (91.234959ms)
✔ defense hit/loss conjunction is guarded at saved-receipt and narration boundaries (100.448209ms)
✔ trained player death cold reopens and recovers the exact worn lesson sword (72.560625ms)
✔ authored training/shop/S2 orders retain conserved pennies and trained five-rat reward/storage (6542.840875ms)
(node:98206) [MODULE_TYPELESS_PACKAGE_JSON] Warning: Module type of file://<WORKTREE>/mobile/app/book/presenter.ts is not specified and it doesn't parse as CommonJS.
Reparsing as ES module because module syntax was detected. This incurs a performance overhead.
To eliminate this warning, add "type": "module" to <WORKTREE>/mobile/app/package.json.
(Use `node --trace-warnings ...` to show where the warning was created)
✖ paid crossing, free Sedge lesson, six-room exploration and return reopen at committed boundaries (486.199292ms)
✔ forged ferry receipts and saved custody refuse typed corruption without changing the database (1316.2485ms)
✖ real failed and uncertain COMMIT outcomes fence paid/free crossing and lesson then replay once (1098.091292ms)
✔ Book projects an exact boarding control and restores one committed endpoint result (181.087792ms)
✔ the original following Wren crosses once without rescue credit; separated Wren stays behind (395.966208ms)
✖ actual Chapel death return reaches the dark-loft corpse without gear and retains every nested identity on cold reopen (175.176209ms)
✔ a transport-only cartridge validates crossing receipts without another producer (134.235834ms)
ℹ tests 39
ℹ suites 0
ℹ pass 36
ℹ fail 3
ℹ cancelled 0
ℹ skipped 0
ℹ todo 0
ℹ duration_ms 8811.534209

✖ failing tests:

test at mobile/authority/local-story/transport.test.ts:128:1
✖ paid crossing, free Sedge lesson, six-room exploration and return reopen at committed boundaries (486.199292ms)
  AssertionError [ERR_ASSERTION]: Expected values to be strictly equal:
  + actual - expected
  
  + 'rejected'
  - 'accepted'
  
      at TestContext.<anonymous> (file://<WORKTREE>/mobile/authority/local-story/transport.test.ts:145:10)
      at Test.runInAsyncScope (node:async_hooks:227:14)
      at Test.run (node:internal/test_runner/test:1402:25)
      at Test.start (node:internal/test_runner/test:1262:17)
      at startSubtestAfterBootstrap (node:internal/test_runner/harness:387:17)
      at process.processTicksAndRejections (node:internal/process/task_queues:104:5) {
    generatedMessage: true,
    code: 'ERR_ASSERTION',
    actual: 'rejected',
    expected: 'accepted',
    operator: 'strictEqual',
    diff: 'simple'
  }

test at mobile/authority/local-story/transport.test.ts:203:1
✖ real failed and uncertain COMMIT outcomes fence paid/free crossing and lesson then replay once (1098.091292ms)
  AssertionError [ERR_ASSERTION]: Expected values to be strictly equal:
  + actual - expected
  
  + 'rejected'
  - 'accepted'
  
      at dieOnIsle (file://<WORKTREE>/mobile/authority/local-story/transport.test.ts:404:10)
      at TestContext.<anonymous> (file://<WORKTREE>/mobile/authority/local-story/transport.test.ts:210:11)
      at Test.runInAsyncScope (node:async_hooks:227:14)
      at Test.run (node:internal/test_runner/test:1402:25)
      at Test.processPendingSubtests (node:internal/test_runner/test:974:18)
      at Test.postRun (node:internal/test_runner/test:1542:19)
      at Test.run (node:internal/test_runner/test:1467:12)
      at process.processTicksAndRejections (node:internal/process/task_queues:104:5)
      at async Test.processPendingSubtests (node:internal/test_runner/test:974:7) {
    generatedMessage: true,
    code: 'ERR_ASSERTION',
    actual: 'rejected',
    expected: 'accepted',
    operator: 'strictEqual',
    diff: 'simple'
  }

test at mobile/authority/local-story/transport.test.ts:430:1
✖ actual Chapel death return reaches the dark-loft corpse without gear and retains every nested identity on cold reopen (175.176209ms)
  AssertionError [ERR_ASSERTION]: Expected values to be strictly equal:
  + actual - expected
  
  + 'rejected'
  - 'accepted'
  
      at dieOnIsle (file://<WORKTREE>/mobile/authority/local-story/transport.test.ts:404:10)
      at TestContext.<anonymous> (file://<WORKTREE>/mobile/authority/local-story/transport.test.ts:435:34)
      at Test.runInAsyncScope (node:async_hooks:227:14)
      at Test.run (node:internal/test_runner/test:1402:25)
      at Test.processPendingSubtests (node:internal/test_runner/test:974:18)
      at Test.postRun (node:internal/test_runner/test:1542:19)
      at Test.run (node:internal/test_runner/test:1467:12)
      at process.processTicksAndRejections (node:internal/process/task_queues:104:5)
      at async Test.processPendingSubtests (node:internal/test_runner/test:974:7) {
    generatedMessage: true,
    code: 'ERR_ASSERTION',
    actual: 'rejected',
    expected: 'accepted',
    operator: 'strictEqual',
    diff: 'simple'
  }

exit_status=1
