✔ two fresh ranges and regression seeds retain all sequence counts and coverage (383.547791ms)
✔ an unknown constructor action is safe to compare with admission (0.207958ms)
✔ a door verb listed under an alias key agrees with admission through its command (0.113583ms)
✔ every registered invariant is checked per step, or says why not (0.43825ms)
✔ the regression seeds, then 500 fresh sequences, keep every invariant (4826.71775ms)
ℹ generator 17; regression seeds 432 35225 1791136864905; fresh seeds 1791301503678 to 1791301504177; 503 sequences, 17299 steps; lengths 1-8, 9-16, ... 57-64: 62 50 55 64 53 67 80 72; outcomes accepted, cooldown, exit_closed, exit_locked, fault budget_exceeded, fault evaluator_error, fault nonfuture_job, insufficient_resource, invalid_state, invalid_target, not_found, not_owned, not_present, permission_denied, unsupported_capability
✔ each regression seed still issues the command type it was kept for (61.9375ms)
✔ a seed gives byte-identical steps twice in one process and in another process (380.951166ms)
✔ red control: a planted rule bug (drop puts the item inside itself) is found and shrunk (779.11025ms)
✔ red control: a job completed in the root writer group trips job_complete_owned_by_run (94.008875ms)
✔ red control: a rejection that moves the clock trips rejection_consumes_nothing (0.597125ms)
✔ red control: an unknown command type accepted trips unknown_types_fail_closed (71.318875ms)
✔ red control: a GameView that disagrees with admission trips gameview_agrees_with_admission (366.381375ms)
✔ red control: a door verb listed but refused, or accepted but unlisted, trips gameview_agrees_with_admission (1206.708667ms)
✔ red control: wear listed but refused, or remove accepted but unlisted, trips gameview_agrees_with_admission (440.568917ms)
✔ red control: a recipe shown available, or refused for another code, trips gameview_agrees_with_admission (58.23775ms)
✔ red control: an accepted decision with an unregistered event trips unknown_types_fail_closed (2.975583ms)
✔ red control: an accepted step adopted wrong, or not composing, is adopt_mismatch (302.682ms)
✔ red control: a throw inside a rule is a reported failure, not a crash of the runner (74.218958ms)
ℹ tests 18
ℹ suites 0
ℹ pass 18
ℹ fail 0
ℹ cancelled 0
ℹ skipped 0
ℹ todo 0
ℹ duration_ms 9347.333084
exit_status=0
