(node:90240) [MODULE_TYPELESS_PACKAGE_JSON] Warning: Module type of file://<WORKTREE>/mobile/app/book/practical_skills.test.ts is not specified and it doesn't parse as CommonJS.
Reparsing as ES module because module syntax was detected. This incurs a performance overhead.
To eliminate this warning, add "type": "module" to <WORKTREE>/mobile/app/package.json.
(Use `node --trace-warnings ...` to show where the warning was created)
✖ Book teacher detail to learned patch/shop controls sends the exact loaded offer and refreshes after cold open (271.621875ms)
ℹ tests 1
ℹ suites 0
ℹ pass 0
ℹ fail 1
ℹ cancelled 0
ℹ skipped 0
ℹ todo 0
ℹ duration_ms 586.510041

✖ failing tests:

test at mobile/app/book/practical_skills.test.ts:13:1
✖ Book teacher detail to learned patch/shop controls sends the exact loaded offer and refreshes after cold open (271.621875ms)
  AssertionError [ERR_ASSERTION]: Expected values to be strictly deep-equal:
  + actual - expected
  
    [
      'harvest',
      [
        '1b2bc79f-64d7-8f86-86c4-b8ffe05ca5e2'
      ],
  +   {}
  -   {
  -     method: 'careful'
  -   }
    ]
  
      at TestContext.<anonymous> (file://<WORKTREE>/mobile/app/book/practical_skills.test.ts:32:10)
      at Test.runInAsyncScope (node:async_hooks:227:14)
      at Test.run (node:internal/test_runner/test:1402:25)
      at Test.start (node:internal/test_runner/test:1262:17)
      at startSubtestAfterBootstrap (node:internal/test_runner/harness:387:17)
      at process.processTicksAndRejections (node:internal/process/task_queues:104:5) {
    generatedMessage: true,
    code: 'ERR_ASSERTION',
    actual: [ 'harvest', [ '1b2bc79f-64d7-8f86-86c4-b8ffe05ca5e2' ], {} ],
    expected: [ 'harvest', [ '1b2bc79f-64d7-8f86-86c4-b8ffe05ca5e2' ], { method: 'careful' } ],
    operator: 'deepStrictEqual',
    diff: 'simple'
  }
