✔ buy at the carrying ceiling, sell and buyback conserve forty pennies and one identity (6.595708ms)
✔ projection and direct exchange refuse too-heavy, poor, absent and changed-quote purchases atomically (4.908708ms)
✔ sell requires direct eligible custody and funded Peg (1.847625ms)
✔ loader independently rejects malformed shop stock and funding (189.316667ms)
✔ finite harvest selects the lowest real ID at equality and Drop/Take share stock (19.984833ms)
✔ four immediate explicit exchanges conserve all twelve herbs/bandages and cap only S9 gain (106.931791ms)
✔ exchange final load allows reducing overload and positive-net equality, refuses one gram over (15.545541ms)
✔ bound turn-in refuses stale exact custody and older occurrence without effects (40.126166ms)
✔ global saturation spends no allowance and unrelated loss never refunds S9 contribution (34.848875ms)
✔ exchange retains original Wick bindings after definition mapping drift (9.408417ms)
✔ unqualified learning persists distinct acquisition and one-time exact payment and custody (33.734166ms)
✔ lesson rechecks teacher, exact original gift, money and carry atomically (16.474458ms)
✔ only qualified learned wield custody selects the sword at the due opportunity (62.254625ms)
✔ strict dodge then shield block stop later draws on independent S3/S4 answers (42.082417ms)
✔ sleeping cannot defend and lethal armed hits close before retaliation (15.637167ms)
ℹ tests 15
ℹ suites 0
ℹ pass 15
ℹ fail 0
ℹ cancelled 0
ℹ skipped 0
ℹ todo 0
ℹ duration_ms 621.754833
