✔ buy at the carrying ceiling, sell and buyback conserve forty pennies and one identity (7.051708ms)
✖ projection and direct exchange refuse too-heavy, poor, absent and changed-quote purchases atomically (2.377208ms)
✔ sell requires direct eligible custody and funded Peg (1.163709ms)
✔ loader independently rejects malformed shop stock and funding (170.012666ms)
✔ finite harvest selects the lowest real ID at equality and Drop/Take share stock (16.502417ms)
✔ four immediate explicit exchanges conserve all twelve herbs/bandages and cap only S9 gain (96.134833ms)
✔ exchange final load allows reducing overload and positive-net equality, refuses one gram over (14.922542ms)
✔ bound turn-in refuses stale exact custody and older occurrence without effects (32.26125ms)
✔ global saturation spends no allowance and unrelated loss never refunds S9 contribution (36.502041ms)
✔ exchange retains original Wick bindings after definition mapping drift (5.824875ms)
✔ unqualified learning persists distinct acquisition and one-time exact payment and custody (31.898375ms)
✔ lesson rechecks teacher, exact original gift, money and carry atomically (19.014208ms)
✔ only qualified learned wield custody selects the sword at the due opportunity (56.224042ms)
✔ strict dodge then shield block stop later draws on independent S3/S4 answers (24.680167ms)
✔ sleeping cannot defend and lethal armed hits close before retaliation (19.529333ms)
ℹ tests 15
ℹ suites 0
ℹ pass 14
ℹ fail 1
ℹ cancelled 0
ℹ skipped 0
ℹ todo 0
ℹ duration_ms 497.356209

✖ failing tests:

test at kernel/ts/test/commerce.test.ts:98:1
✖ projection and direct exchange refuse too-heavy, poor, absent and changed-quote purchases atomically (2.377208ms)
  AssertionError [ERR_ASSERTION]: Expected values to be strictly deep-equal:
  + actual - expected
  
    {
  +   delta: {
  +     ops: [
  +       {
  +         destination_id: '3d4829ad-9e43-81ef-bc10-66b1b267e157',
  +         entity_id: '3f7be222-cc48-8fb0-b007-f6d17119bd7f',
  +         op: 'entity.transfer',
  +         source_id: '7d88a524-5246-885e-a937-f6be4219ad48',
  +         writer_group: 0
  +       },
  +       {
  +         entity_id: '3d4829ad-9e43-81ef-bc10-66b1b267e157',
  +         from: 20,
  +         op: 'resource.adjust',
  +         resource: [Object: null prototype] {
  +           cartridge_id: 'ashmere_missing_child',
  +           cartridge_version: '0.0.18',
  +           key: 'pennies',
  +           kind: 'resource'
  +         },
  +         to: 16,
  +         writer_group: 0
  +       },
  +       {
  +         entity_id: '7d88a524-5246-885e-a937-f6be4219ad48',
  +         from: 20,
  +         op: 'resource.adjust',
  +         resource: [Object: null prototype] {
  +           cartridge_id: 'ashmere_missing_child',
  +           cartridge_version: '0.0.18',
  +           key: 'pennies',
  +           kind: 'resource'
  +         },
  +         to: 24,
  +         writer_group: 0
  +       }
  +     ]
  -   error: {
  -     code: 'invalid_state'
      },
  +   effects: [],
  +   events: [
  +     {
  +       actor_id: 'bd595711-ea5f-89a5-abb0-046cd349d2f9',
  +       causation_id: 'bbbbbbbb-0000-4000-8000-000000000001',
  +       correlation_id: 'bbbbbbbb-0000-4000-8000-000000000001',
  +       id: '391cde46-d8e9-8bbb-93e6-715df16bc1ee',
  +       logical_time: 64800,
  +       payload: {
  +         holder_id: '3d4829ad-9e43-81ef-bc10-66b1b267e157',
  +         item_id: '3f7be222-cc48-8fb0-b007-f6d17119bd7f',
  +         type: 'item_acquired'
  +       },
  +       position: 1,
  +       scope: {
  +         character_id: 'bd595711-ea5f-89a5-abb0-046cd349d2f9',
  +         kind: 'player'
  +       },
  +       world_context_id: '0d4e8a5c-3f1b-4c2a-9e7d-6b5a4c3d2e1f'
  +     }
  +   ],
  +   kind: 'accepted',
  +   narration: [
  +     {
  +       key: 'shop.bought'
  +     }
  +   ],
  +   outcome: 'bought',
  +   rng: [
  +     1,
  +     2,
  +     3,
  +     4
  +   ]
  -   kind: 'rejected'
    }
  
      at TestContext.<anonymous> (file://<WORKTREE>/kernel/ts/test/commerce.test.ts:133:12)
      at Test.runInAsyncScope (node:async_hooks:227:14)
      at Test.run (node:internal/test_runner/test:1402:25)
      at Test.processPendingSubtests (node:internal/test_runner/test:974:18)
      at Test.postRun (node:internal/test_runner/test:1542:19)
      at Test.run (node:internal/test_runner/test:1467:12)
      at async startSubtestAfterBootstrap (node:internal/test_runner/harness:387:3) {
    generatedMessage: true,
    code: 'ERR_ASSERTION',
    actual: { kind: 'accepted', outcome: 'bought', delta: { ops: [Array] }, events: [ [Object] ], effects: [], rng: [ 1, 2, 3, 4 ], narration: [ [Object] ] },
    expected: { kind: 'rejected', error: { code: 'invalid_state' } },
    operator: 'deepStrictEqual',
    diff: 'simple'
  }
