✔ buy at the carrying ceiling, sell and buyback conserve forty pennies and one identity (5.806334ms)
✔ projection and direct exchange refuse too-heavy, poor, absent and changed-quote purchases atomically (4.113083ms)
✔ sell requires direct eligible custody and funded Peg (1.118584ms)
✔ loader independently rejects malformed shop stock and funding (134.400792ms)
✔ finite harvest selects the lowest real ID at equality and Drop/Take share stock (13.963333ms)
✔ four immediate explicit exchanges conserve all twelve herbs/bandages and cap only S9 gain (73.590917ms)
✔ exchange final load allows reducing overload and positive-net equality, refuses one gram over (14.817ms)
✔ bound turn-in refuses stale exact custody and older occurrence without effects (29.040042ms)
✔ global saturation spends no allowance and unrelated loss never refunds S9 contribution (29.390875ms)
✔ exchange retains original Wick bindings after definition mapping drift (4.96075ms)
✔ unqualified learning persists distinct acquisition and one-time exact payment and custody (29.944167ms)
✔ lesson rechecks teacher, exact original gift, money and carry atomically (14.067834ms)
✔ only qualified learned wield custody selects the sword at the due opportunity (41.029042ms)
✔ strict dodge then shield block stop later draws on independent S3/S4 answers (18.898417ms)
✔ sleeping cannot defend and lethal armed hits close before retaliation (12.765583ms)
ℹ tests 15
ℹ suites 0
ℹ pass 15
ℹ fail 0
ℹ cancelled 0
ℹ skipped 0
ℹ todo 0
ℹ duration_ms 443.759833
