✔ buy at the carrying ceiling, sell and buyback conserve forty pennies and one identity (5.802542ms)
✔ projection and direct exchange refuse too-heavy, poor, absent and changed-quote purchases atomically (4.624875ms)
✔ sell requires direct eligible custody and funded Peg (1.067958ms)
✔ loader independently rejects malformed shop stock and funding (128.496458ms)
✔ finite harvest selects the lowest real ID at equality and Drop/Take share stock (13.05975ms)
✔ four immediate explicit exchanges conserve all twelve herbs/bandages and cap only S9 gain (70.704541ms)
✔ exchange final load allows reducing overload and positive-net equality, refuses one gram over (13.513ms)
✔ bound turn-in refuses stale exact custody and older occurrence without effects (24.612542ms)
✔ global saturation spends no allowance and unrelated loss never refunds S9 contribution (26.982458ms)
✔ exchange retains original Wick bindings after definition mapping drift (4.463958ms)
✔ unqualified learning persists distinct acquisition and one-time exact payment and custody (29.495292ms)
✔ lesson rechecks teacher, exact original gift, money and carry atomically (13.727292ms)
✔ only qualified learned wield custody selects the sword at the due opportunity (38.416542ms)
✔ strict dodge then shield block stop later draws on independent S3/S4 answers (18.115792ms)
✔ sleeping cannot defend and lethal armed hits close before retaliation (12.679458ms)
ℹ tests 15
ℹ suites 0
ℹ pass 15
ℹ fail 0
ℹ cancelled 0
ℹ skipped 0
ℹ todo 0
ℹ duration_ms 471.836708
