✔ loaded careful alias resolves literal input and transfers the two lowest finite IDs (115.501542ms)
✔ careful refuses atomically at each independent boundary while ordinary stock-one Harvest remains legal (268.241083ms)
✖ one current quote applies all seven floors and conserves a controlled 10p Buy at 9p (59.965167ms)
ℹ tests 3
ℹ suites 0
ℹ pass 2
ℹ fail 1
ℹ cancelled 0
ℹ skipped 0
ℹ todo 0
ℹ duration_ms 646.015542

✖ failing tests:

test at kernel/ts/test/practical_skills.test.ts:123:1
✖ one current quote applies all seven floors and conserves a controlled 10p Buy at 9p (59.965167ms)
  AssertionError [ERR_ASSERTION]: Expected values to be strictly equal:
  
  9 !== 10
  
      at TestContext.<anonymous> (file://<WORKTREE>/kernel/ts/test/practical_skills.test.ts:171:10)
      at Test.runInAsyncScope (node:async_hooks:227:14)
      at Test.run (node:internal/test_runner/test:1402:25)
      at Test.processPendingSubtests (node:internal/test_runner/test:974:18)
      at Test.postRun (node:internal/test_runner/test:1542:19)
      at Test.run (node:internal/test_runner/test:1467:12)
      at async Test.processPendingSubtests (node:internal/test_runner/test:974:7) {
    generatedMessage: true,
    code: 'ERR_ASSERTION',
    actual: 9,
    expected: 10,
    operator: 'strictEqual',
    diff: 'simple'
  }
