✔ buy at the carrying ceiling, sell and buyback conserve forty pennies and one identity (5.83325ms)
✔ projection and direct exchange refuse too-heavy, poor, absent and changed-quote purchases atomically (3.898625ms)
✔ sell requires direct eligible custody and funded Peg (1.592125ms)
✔ loader independently rejects malformed shop stock and funding (129.891708ms)
✔ finite harvest selects the lowest real ID at equality and Drop/Take share stock (13.885834ms)
✔ four immediate explicit exchanges conserve all twelve herbs/bandages and cap only S9 gain (72.533667ms)
✔ exchange final load allows reducing overload and positive-net equality, refuses one gram over (14.253375ms)
✔ bound turn-in refuses stale exact custody and older occurrence without effects (29.129834ms)
✔ global saturation spends no allowance and unrelated loss never refunds S9 contribution (28.855583ms)
✔ exchange retains original Wick bindings after definition mapping drift (4.872375ms)
✔ unqualified learning persists distinct acquisition and one-time exact payment and custody (31.366167ms)
✔ lesson rechecks teacher, exact original gift, money and carry atomically (14.122292ms)
✔ only qualified learned wield custody selects the sword at the due opportunity (41.405334ms)
✔ strict dodge then shield block stop later draws on independent S3/S4 answers (18.94125ms)
✔ sleeping cannot defend and lethal armed hits close before retaliation (12.805833ms)
ℹ tests 15
ℹ suites 0
ℹ pass 15
ℹ fail 0
ℹ cancelled 0
ℹ skipped 0
ℹ todo 0
ℹ duration_ms 449.475458
