(node:90161) [MODULE_TYPELESS_PACKAGE_JSON] Warning: Module type of file://<WORKTREE>/mobile/app/book/infirmary.test.ts is not specified and it doesn't parse as CommonJS.
Reparsing as ES module because module syntax was detected. This incurs a performance overhead.
To eliminate this warning, add "type": "module" to <WORKTREE>/mobile/app/package.json.
(Use `node --trace-warnings ...` to show where the warning was created)
✔ Book patch and Wick controls use confirmed exact targets, readiness and journal state (156.731291ms)
(node:90162) [MODULE_TYPELESS_PACKAGE_JSON] Warning: Module type of file://<WORKTREE>/mobile/app/book/training.test.ts is not specified and it doesn't parse as CommonJS.
Reparsing as ES module because module syntax was detected. This incurs a performance overhead.
To eliminate this warning, add "type": "module" to <WORKTREE>/mobile/app/package.json.
(Use `node --trace-warnings ...` to show where the warning was created)
✔ Character draws projected attributes and acquired qualification with authored labels (4.392916ms)
✔ item equipment detail copies current typed slot/profile/requirement and block chance (0.883708ms)
✔ Book interaction teaches swords then dodge in Tobin detail and recovers each committed result once (410.373167ms)
✔ shared item detail draws confirmed fuel for lit and exhausted items (0.489958ms)
ℹ tests 5
ℹ suites 0
ℹ pass 5
ℹ fail 0
ℹ cancelled 0
ℹ skipped 0
ℹ todo 0
ℹ duration_ms 1134.259875
