✖ method is literal and optional declarations enforce every new field and numeric boundary (125.858208ms)
ℹ tests 1
ℹ suites 0
ℹ pass 0
ℹ fail 1
ℹ cancelled 0
ℹ skipped 0
ℹ todo 0
ℹ duration_ms 292.903625

✖ failing tests:

test at kernel/ts/test/practical_skills_contracts.test.ts:23:1
✖ method is literal and optional declarations enforce every new field and numeric boundary (125.858208ms)
  AssertionError [ERR_ASSERTION]: narration
      at TestContext.<anonymous> (file://<WORKTREE>/kernel/ts/test/practical_skills_contracts.test.ts:37:12)
      at Test.runInAsyncScope (node:async_hooks:227:14)
      at Test.run (node:internal/test_runner/test:1402:25)
      at Test.start (node:internal/test_runner/test:1262:17)
      at startSubtestAfterBootstrap (node:internal/test_runner/harness:387:17) {
    generatedMessage: false,
    code: 'ERR_ASSERTION',
    actual: 0,
    expected: true,
    operator: '==',
    diff: 'simple'
  }
