README.md: OK
app-types.log: OK
book-boundary.log: OK
commit-hook.log: OK
compiler.log: OK
contracts.log: OK
controls.csv: OK
d1-helper-before-fix.log: OK
headless-sim.log: OK
historical-restored.log: OK
host-book-transport.log: OK
kernel-types.log: OK
kernel.log: OK
mutant-book_input-new.log: OK
mutant-book_input-old.log: OK
mutant-combined_carry-new.log: OK
mutant-combined_carry-old.log: OK
mutant-historical_quote-new.log: OK
mutant-historical_quote-old.log: OK
mutant-qualification-new.log: OK
mutant-qualification-old.log: OK
mutant-quote_use-new.log: OK
mutant-quote_use-old.log: OK
mutant-second_transfer-new.log: OK
mutant-second_transfer-old.log: OK
mutant-stale_quote-new.log: OK
mutant-stale_quote-old.log: OK
schema-00.log: OK
schema-01.log: OK
schema-02.log: OK
schema-03.log: OK
schema-04.log: OK
schema-05.log: OK
schema-06.log: OK
schema-07.log: OK
schema-08.log: OK
schema-09.log: OK
schema-10.log: OK
schema-11.log: OK
schema-12.log: OK
schema-13.log: OK
schema-14.log: OK
schema-15.log: OK
schema-16.log: OK
schema-17.log: OK
schema-18.log: OK
schema-19.log: OK
sqlite-book-s9.log: OK
