New regression alias exit 1
(node:44151) [MODULE_TYPELESS_PACKAGE_JSON] Warning: Module type of file://[workspace]/mobile/app/book/liquid.test.ts is not specified and it doesn't parse as CommonJS.
Reparsing as ES module because module syntax was detected. This incurs a performance overhead.
To eliminate this warning, add "type": "module" to [workspace]/mobile/app/package.json.
(Use `node --trace-warnings ...` to show where the warning was created)
✖ loaded liquid aliases reach exact Book presses and matching target/input/policy refusal (161.589333ms)
ℹ tests 1
ℹ suites 0
ℹ pass 0
ℹ fail 1
ℹ cancelled 0
ℹ skipped 0
ℹ todo 0
ℹ duration_ms 411.267417

✖ failing tests:

test at mobile/app/book/liquid.test.ts:162:1
✖ loaded liquid aliases reach exact Book presses and matching target/input/policy refusal (161.589333ms)
  TypeError: Cannot read properties of undefined (reading 'find')
      at TestContext.<anonymous> (file://[workspace]/mobile/app/book/liquid.test.ts:178:40)
      at Test.runInAsyncScope (node:async_hooks:227:14)
      at Test.run (node:internal/test_runner/test:1402:25)
      at Test.start (node:internal/test_runner/test:1262:17)
      at startSubtestAfterBootstrap (node:internal/test_runner/harness:387:17)
      at process.processTicksAndRejections (node:internal/process/task_queues:104:5)
