New regression alias-invariant exit 1
✖ authored liquid overrides project the same availability as the exact invocation (32.46675ms)
ℹ tests 1
ℹ suites 0
ℹ pass 0
ℹ fail 1
ℹ cancelled 0
ℹ skipped 0
ℹ todo 0
ℹ duration_ms 327.516542

✖ failing tests:

test at kernel/ts/test/liquid.test.ts:377:1
✖ authored liquid overrides project the same availability as the exact invocation (32.46675ms)
  AssertionError [ERR_ASSERTION]: The expression evaluated to a falsy value:
  
    assert.ok(
  
      at TestContext.<anonymous> (file://[workspace]/kernel/ts/test/liquid.test.ts:441:18)
      at Test.runInAsyncScope (node:async_hooks:227:14)
      at Test.run (node:internal/test_runner/test:1402:25)
      at Test.start (node:internal/test_runner/test:1262:17)
      at startSubtestAfterBootstrap (node:internal/test_runner/harness:387:17) {
    generatedMessage: true,
    code: 'ERR_ASSERTION',
    actual: false,
    expected: true,
    operator: '==',
    diff: 'simple'
  }
