New regression pour-owner exit 1
(node:44221) [MODULE_TYPELESS_PACKAGE_JSON] Warning: Module type of file://[workspace]/mobile/app/book/liquid.test.ts is not specified and it doesn't parse as CommonJS.
Reparsing as ES module because module syntax was detected. This incurs a performance overhead.
To eliminate this warning, add "type": "module" to [workspace]/mobile/app/package.json.
(Use `node --trace-warnings ...` to show where the warning was created)
✖ Book preserves exact water pairs and invalidates changed quantities in displayed context (120.804791ms)
ℹ tests 1
ℹ suites 0
ℹ pass 0
ℹ fail 1
ℹ cancelled 0
ℹ skipped 0
ℹ todo 0
ℹ duration_ms 305.110916

✖ failing tests:

test at mobile/app/book/liquid.test.ts:40:1
✖ Book preserves exact water pairs and invalidates changed quantities in displayed context (120.804791ms)
  AssertionError [ERR_ASSERTION]: Expected values to be strictly equal:
  + actual - expected
  
  + undefined
  - '5ce172d0-4fa9-8ded-bde5-0f32bc984fcc'
  
      at TestContext.<anonymous> (file://[workspace]/mobile/app/book/liquid.test.ts:61:12)
      at Test.runInAsyncScope (node:async_hooks:227:14)
      at Test.run (node:internal/test_runner/test:1402:25)
      at Test.start (node:internal/test_runner/test:1262:17)
      at startSubtestAfterBootstrap (node:internal/test_runner/harness:387:17)
      at process.processTicksAndRejections (node:internal/process/task_queues:104:5) {
    generatedMessage: true,
    code: 'ERR_ASSERTION',
    actual: undefined,
    expected: '5ce172d0-4fa9-8ded-bde5-0f32bc984fcc',
    operator: 'strictEqual',
    diff: 'simple'
  }
