✔ elapsed receipt survives reopen and replays its first result after later clock commits (32.145708ms)
✔ old run elapsed refuses before receipt lookup after replacement without Host.random (18.441667ms)
✔ unknown elapsed COMMIT fences trusted and player delivery until the real receipt reconciles (14.781208ms)
✔ modal scene keeps Continue-only player controls while elapsed time commits (19.7675ms)
✔ malformed stored command JSON conflicts without state or receipt changes (4.021542ms)
✔ malformed stored response JSON conflicts without state or receipt changes (3.179416ms)
✔ healthy elapsed delivery preserves actual SQLite receipt-read failures (4.230917ms)
✔ openStory.invoke refuses a failing chat on Bram by its key (38.083916ms)
✔ a new save allocates and pins its identity; a restart and a replay reuse it (8.611792ms)
✔ a save whose pinned release is missing is refused untouched; a new game moves on (5.852333ms)
✔ a save of an unknown format is refused with nothing written and no new game (13.698042ms)
✔ a damaged identity is save_corrupt and untouched; its new game repairs it (93.657041ms)
✔ an app update reopens a save on its pinned release; new games pin the newest (4.801875ms)
✔ a save that does not parse is save_corrupt until the player starts a new game (17.242875ms)
✔ a new game replaces the save; an old invocation id is new again (5.049334ms)
✔ a new game that fails part way leaves the old save and memory (2.928792ms)
✔ a new game settles a pending attempt first, in the run it was made in (5.058584ms)
✔ a new game whose COMMIT is unknown is fenced; settling it moves play to the new run (4.196125ms)
✔ a new game whose COMMIT fails keeps the old save, memory and receipts (3.695375ms)
✔ a committed new game is adopted before play; a retry does not replace it twice (5.516583ms)
✔ a corrupt save's new game settles its COMMIT like any other (7.984083ms)
✔ a new run's entries missed by the trace follow its own header (4.963333ms)
✔ a new game after a settled one replaces the save again (6.085917ms)
✔ a pending start over whose retry fails shows that error, not "not confirmed" (20.39375ms)
ℹ tests 24
ℹ suites 0
ℹ pass 24
ℹ fail 0
ℹ cancelled 0
ℹ skipped 0
ℹ todo 0
ℹ duration_ms 422.680084
