✔ base1000 accounting preserves exact safe boundary quotients and rejects target overflow (0.990833ms)
✔ 9ms and reopened 11ms commit one unit and preserve the durable fractional account (24.256625ms)
✔ negative wall resume rebases without credit then credits the next 20ms (5.422709ms)
✔ a fixed 36hour horizon commits all four daily boundaries in order (6.188291ms)
✔ sixteen segments yield and one reserved input completes at its original finite horizon (12.460584ms)
✔ a current choice crossing departure refuses presence while Leave still closes its continuation (5.785084ms)
✔ preexisting stale input does not account time and synchronous success emits no completion (3.589709ms)
✔ trusted explicit v2 advance raises its durable target and missing checkpoints refuse (5.905625ms)
✔ an elapsed managed session without clocks fails with a typed refusal (3.955084ms)
✔ resume extends durable target debt rather than a lagging head (9.824583ms)
✖ unexpected closed checkpoint evidence blocks play as corrupt until confirmed Start over (3.673083ms)
✖ a valid durable replacement invalidates an old fenced clock and input without writes (6.835875ms)
✔ malformed v2 checkpoints and heads refuse without rewriting their progress (29.848792ms)
✔ a managed v1 upgrade starts its durable account at the actual opening clocks (4.213625ms)
✖ a committed unknown elapsed segment with corrupt checkpoint completes its input as blocked (2.914542ms)
✖ a valid replacement during unknown positive elapsed invalidates the old pending input (6.375791ms)
✔ a private reservation rejects another intent and retains its original bounded input (10.03225ms)
ℹ tests 17
ℹ suites 0
ℹ pass 13
ℹ fail 4
ℹ cancelled 0
ℹ skipped 0
ℹ todo 0
ℹ duration_ms 261.177708

✖ failing tests:

test at mobile/authority/local-story/elapsed-driver.test.ts:247:1
✖ unexpected closed checkpoint evidence blocks play as corrupt until confirmed Start over (3.673083ms)
  AssertionError [ERR_ASSERTION]: Expected values to be strictly equal:
  + actual - expected
  
  + false
  - 'save_corrupt'
  
      at TestContext.<anonymous> (file://[private-path]:261:10)
      at Test.runInAsyncScope (node:async_hooks:227:14)
      at Test.run (node:internal/test_runner/test:1402:25)
      at Test.processPendingSubtests (node:internal/test_runner/test:974:18)
      at Test.postRun (node:internal/test_runner/test:1542:19)
      at Test.run (node:internal/test_runner/test:1467:12)
      at async Test.processPendingSubtests (node:internal/test_runner/test:974:7) {
    generatedMessage: true,
    code: 'ERR_ASSERTION',
    actual: false,
    expected: 'save_corrupt',
    operator: 'strictEqual',
    diff: 'simple'
  }

test at mobile/authority/local-story/elapsed-driver.test.ts:278:1
✖ a valid durable replacement invalidates an old fenced clock and input without writes (6.835875ms)
  AssertionError [ERR_ASSERTION]: Expected values to be strictly equal:
  + actual - expected
  
  + 'pending'
  - 'replaced'
  
      at TestContext.<anonymous> (file://[private-path]:288:10)
      at Test.runInAsyncScope (node:async_hooks:227:14)
      at Test.run (node:internal/test_runner/test:1402:25)
      at Test.processPendingSubtests (node:internal/test_runner/test:974:18)
      at Test.postRun (node:internal/test_runner/test:1542:19)
      at Test.run (node:internal/test_runner/test:1467:12)
      at async Test.processPendingSubtests (node:internal/test_runner/test:974:7) {
    generatedMessage: true,
    code: 'ERR_ASSERTION',
    actual: 'pending',
    expected: 'replaced',
    operator: 'strictEqual',
    diff: 'simple'
  }

test at mobile/authority/local-story/elapsed-driver.test.ts:337:1
✖ a committed unknown elapsed segment with corrupt checkpoint completes its input as blocked (2.914542ms)
  AssertionError [ERR_ASSERTION]: Expected values to be strictly equal:
  + actual - expected
  
  + false
  - 'save_corrupt'
  
      at TestContext.<anonymous> (file://[private-path]:349:10)
      at Test.runInAsyncScope (node:async_hooks:227:14)
      at Test.run (node:internal/test_runner/test:1402:25)
      at Test.processPendingSubtests (node:internal/test_runner/test:974:18)
      at Test.postRun (node:internal/test_runner/test:1542:19)
      at Test.run (node:internal/test_runner/test:1467:12)
      at async Test.processPendingSubtests (node:internal/test_runner/test:974:7) {
    generatedMessage: true,
    code: 'ERR_ASSERTION',
    actual: false,
    expected: 'save_corrupt',
    operator: 'strictEqual',
    diff: 'simple'
  }

test at mobile/authority/local-story/elapsed-driver.test.ts:359:1
✖ a valid replacement during unknown positive elapsed invalidates the old pending input (6.375791ms)
  AssertionError [ERR_ASSERTION]: Expected values to be strictly equal:
  + actual - expected
  
  + 'pending'
  - 'replaced'
  
      at TestContext.<anonymous> (file://[private-path]:370:10)
      at Test.runInAsyncScope (node:async_hooks:227:14)
      at Test.run (node:internal/test_runner/test:1402:25)
      at Test.processPendingSubtests (node:internal/test_runner/test:974:18)
      at Test.postRun (node:internal/test_runner/test:1542:19)
      at Test.run (node:internal/test_runner/test:1467:12)
      at async Test.processPendingSubtests (node:internal/test_runner/test:974:7) {
    generatedMessage: true,
    code: 'ERR_ASSERTION',
    actual: 'pending',
    expected: 'replaced',
    operator: 'strictEqual',
    diff: 'simple'
  }
