✔ elapsed receipt survives reopen and replays its first result after later clock commits (23.854542ms)
✔ old run elapsed refuses before receipt lookup after replacement without Host.random (5.314959ms)
✔ unknown elapsed COMMIT fences trusted and player delivery until the real receipt reconciles (4.208042ms)
✔ modal scene keeps Continue-only player controls while elapsed time commits (9.609625ms)
✔ malformed stored command JSON conflicts without state or receipt changes (3.450583ms)
✔ malformed stored response JSON conflicts without state or receipt changes (3.081292ms)
✔ healthy elapsed delivery preserves actual SQLite receipt-read failures (3.344167ms)
✔ openStory.invoke refuses a failing chat on Bram by its key (24.71625ms)
✔ a new save allocates and pins its identity; a restart and a replay reuse it (8.30175ms)
✔ a save whose pinned release is missing is refused untouched; a new game moves on (5.495584ms)
✔ a save of an unknown format is refused with nothing written and no new game (8.772166ms)
✔ a damaged identity is save_corrupt and untouched; its new game repairs it (91.679125ms)
✔ an app update reopens a save on its pinned release; new games pin the newest (6.565458ms)
✔ a save that does not parse is save_corrupt until the player starts a new game (16.99075ms)
✔ a new game replaces the save; an old invocation id is new again (5.249958ms)
✔ a new game that fails part way leaves the old save and memory (3.983583ms)
✔ a new game settles a pending attempt first, in the run it was made in (4.983416ms)
✔ a new game whose COMMIT is unknown is fenced; settling it moves play to the new run (4.562ms)
✔ a new game whose COMMIT fails keeps the old save, memory and receipts (3.501625ms)
✔ a committed new game is adopted before play; a retry does not replace it twice (4.552209ms)
✔ a corrupt save's new game settles its COMMIT like any other (8.621834ms)
✔ a new run's entries missed by the trace follow its own header (6.335958ms)
✔ a new game after a settled one replaces the save again (6.72175ms)
✔ a pending start over whose retry fails shows that error, not "not confirmed" (14.85875ms)
ℹ tests 24
ℹ suites 0
ℹ pass 24
ℹ fail 0
ℹ cancelled 0
ℹ skipped 0
ℹ todo 0
ℹ duration_ms 419.875583
