✖ base1000 accounting preserves exact safe boundary quotients and rejects target overflow (1.254167ms)
✔ 9ms and reopened 11ms commit one unit and preserve the durable fractional account (25.723958ms)
✔ negative wall resume rebases without credit then credits the next 20ms (3.886833ms)
✔ a fixed 36hour horizon commits all four daily boundaries in order (6.015333ms)
✔ sixteen segments yield and one reserved input completes at its original finite horizon (12.285584ms)
✔ a current choice crossing departure refuses presence while Leave still closes its continuation (5.859375ms)
✔ preexisting stale input does not account time and synchronous success emits no completion (3.773542ms)
✔ trusted explicit v2 advance raises its durable target and missing checkpoints refuse (5.932916ms)
✔ an elapsed managed session without clocks fails with a typed refusal (3.899709ms)
✔ resume extends durable target debt rather than a lagging head (9.027792ms)
✔ unexpected closed checkpoint evidence blocks play as corrupt until confirmed Start over (5.535ms)
✔ a valid durable replacement invalidates an old fenced clock and input without writes (6.637708ms)
✔ malformed v2 checkpoints and heads refuse without rewriting their progress (28.355417ms)
✔ a managed v1 upgrade starts its durable account at the actual opening clocks (4.022709ms)
✔ a committed unknown elapsed segment with corrupt checkpoint completes its input as blocked (3.16025ms)
✔ a valid replacement during unknown positive elapsed invalidates the old pending input (6.6395ms)
✔ a private reservation rejects another intent and retains its original bounded input (10.166375ms)
ℹ tests 17
ℹ suites 0
ℹ pass 16
ℹ fail 1
ℹ cancelled 0
ℹ skipped 0
ℹ todo 0
ℹ duration_ms 263.18525

✖ failing tests:

test at mobile/authority/local-story/elapsed-driver.test.ts:15:1
✖ base1000 accounting preserves exact safe boundary quotients and rejects target overflow (1.254167ms)
  AssertionError [ERR_ASSERTION]: The input did not match the regular expression /invalid elapsed clock evidence/. Input:
  
  'Error: elapsed target exceeds safe integer range'
  
      at TestContext.<anonymous> (file://[private-path]:26:12)
      at Test.runInAsyncScope (node:async_hooks:227:14)
      at Test.run (node:internal/test_runner/test:1402:25)
      at Test.start (node:internal/test_runner/test:1262:17)
      at startSubtestAfterBootstrap (node:internal/test_runner/harness:387:17) {
    generatedMessage: true,
    code: 'ERR_ASSERTION',
    actual: Error: elapsed target exceeds safe integer range
        at accounted (file://[private-path]:61:46)
        at file://[private-path]:26:25
        at getActual (node:assert:611:5)
        at strict.throws (node:assert:759:24)
        at TestContext.<anonymous> (file://[private-path]:26:12)
        at Test.runInAsyncScope (node:async_hooks:227:14)
        at Test.run (node:internal/test_runner/test:1402:25)
        at Test.start (node:internal/test_runner/test:1262:17)
        at startSubtestAfterBootstrap (node:internal/test_runner/harness:387:17),
    expected: /invalid elapsed clock evidence/,
    operator: 'throws',
    diff: 'simple'
  }
