✔ base1000 accounting preserves exact safe boundary quotients and rejects target overflow (1.155541ms)
✔ 9ms and reopened 11ms commit one unit and preserve the durable fractional account (34.997625ms)
✔ negative wall resume rebases without credit then credits the next 20ms (4.824ms)
✔ a fixed 36hour horizon commits all four daily boundaries in order (7.487083ms)
✔ sixteen segments yield and one reserved input completes at its original finite horizon (14.536958ms)
✔ a current choice crossing departure refuses presence while Leave still closes its continuation (7.460916ms)
✔ preexisting stale input does not account time and synchronous success emits no completion (4.805042ms)
✔ trusted explicit v2 advance raises its durable target and missing checkpoints refuse (7.646334ms)
✔ an elapsed managed session without clocks fails with a typed refusal (4.353125ms)
✔ resume extends durable target debt rather than a lagging head (14.3385ms)
✔ unexpected closed checkpoint evidence blocks play as corrupt until confirmed Start over (7.419791ms)
✔ a valid durable replacement invalidates an old fenced clock and input without writes (7.452792ms)
✔ malformed v2 checkpoints and heads refuse without rewriting their progress (39.448167ms)
✔ a managed v1 upgrade starts its durable account at the actual opening clocks (5.976416ms)
✔ a committed unknown elapsed segment with corrupt checkpoint completes its input as blocked (4.624375ms)
✔ a valid replacement during unknown positive elapsed invalidates the old pending input (8.505125ms)
✔ a private reservation rejects another intent and retains its original bounded input (11.828583ms)
✔ seed 12: every fault leaves the prior or next revision and the run ends unchanged (1133.054208ms)
✔ seed 366: every fault leaves the prior or next revision and the run ends unchanged (670.570458ms)
✔ seed 30636: every fault leaves the prior or next revision and the run ends unchanged (729.055291ms)
✔ seed 300: every fault leaves the prior or next revision and the run ends unchanged (880.234458ms)
✔ seed 622: every fault leaves the prior or next revision and the run ends unchanged (624.520042ms)
✔ seed 9633: every fault leaves the prior or next revision and the run ends unchanged (818.141083ms)
✔ seed 2841: every fault leaves the prior or next revision and the run ends unchanged (627.515917ms)
✔ seed 454: every fault leaves the prior or next revision and the run ends unchanged (825.986334ms)
✔ seed 172: every fault leaves the prior or next revision and the run ends unchanged (661.114542ms)
✔ seed 49: every fault leaves the prior or next revision and the run ends unchanged (881.272458ms)
✔ seed 211: every fault leaves the prior or next revision and the run ends unchanged (874.618125ms)
✔ seed 1595: every fault leaves the prior or next revision and the run ends unchanged (823.157875ms)
✔ seed 337982: every fault leaves the prior or next revision and the run ends unchanged (804.097583ms)
✔ seed 105497: every fault leaves the prior or next revision and the run ends unchanged (697.209833ms)
✔ seed 81: every fault leaves the prior or next revision and the run ends unchanged (926.57025ms)
✔ seed 130: every fault leaves the prior or next revision and the run ends unchanged (800.937834ms)
✔ seed 54: every fault leaves the prior or next revision and the run ends unchanged (812.304041ms)
✔ hand-checked anchors (15.363125ms)
✔ views, a reopen and a changed host clock leave the play_time clock and world as they were (58.134042ms)
✔ backward-anchor metadata accounts reconcile exact prior or next real SQLite evidence (8.558917ms)
✔ failed and lost-ack positive elapsed commits reconcile head receipt and checkpoint together (6.660417ms)
✔ real SQLITE_FULL rolls back elapsed evidence and retries its unchanged candidate (3.269959ms)
✔ a timer completes an unknown player receipt before sampling and emits it once (3.719792ms)
✔ process kill before and after elapsed COMMIT leaves entirely prior or next and reopens once (253.538042ms)
✔ a budget fault is one valid observation of its limit, with the ReplayIds of its decision (9.754916ms)
✔ a failing observation sink changes no reply, revision, storage or retry (9.744541ms)
✔ an older save gains the sink untouched, and the sink keeps the newest 1000 records (300.607125ms)
✔ each NEW decision, accepted, rejected or fault, is one kernel.decision_latency (24.052167ms)
✔ a clock changes no reply or durable state when a COMMIT is held, then committed (7.565292ms)
✔ a real committed elapsed then ordinary local trace replays identically with header run preflight (546.376333ms)
ℹ tests 47
ℹ suites 0
ℹ pass 47
ℹ fail 0
ℹ cancelled 0
ℹ skipped 0
ℹ todo 0
ℹ duration_ms 14167.304333
