✔ base1000 accounting preserves exact safe boundary quotients and rejects target overflow (0.994ms)
✔ 9ms and reopened 11ms commit one unit and preserve the durable fractional account (25.124583ms)
✔ negative wall resume rebases without credit then credits the next 20ms (3.915833ms)
✔ a fixed 36hour horizon commits all four daily boundaries in order (5.864959ms)
✔ sixteen segments yield and one reserved input completes at its original finite horizon (12.752459ms)
✔ a current choice crossing departure refuses presence while Leave still closes its continuation (5.845ms)
✔ preexisting stale input does not account time and synchronous success emits no completion (3.819917ms)
✔ trusted explicit v2 advance raises its durable target and missing checkpoints refuse (5.862333ms)
✔ an elapsed managed session without clocks fails with a typed refusal (3.816291ms)
✔ resume extends durable target debt rather than a lagging head (9.114625ms)
✔ unexpected closed checkpoint evidence blocks play as corrupt until confirmed Start over (5.528708ms)
✔ a valid durable replacement invalidates an old fenced clock and input without writes (6.440542ms)
✔ malformed v2 checkpoints and heads refuse without rewriting their progress (28.340417ms)
✔ a managed v1 upgrade starts its durable account at the actual opening clocks (4.067792ms)
✔ a committed unknown elapsed segment with corrupt checkpoint completes its input as blocked (3.243792ms)
✖ a valid replacement during unknown positive elapsed invalidates the old pending input (7.273333ms)
✔ a private reservation rejects another intent and retains its original bounded input (11.327041ms)
ℹ tests 17
ℹ suites 0
ℹ pass 16
ℹ fail 1
ℹ cancelled 0
ℹ skipped 0
ℹ todo 0
ℹ duration_ms 265.824833

✖ failing tests:

test at mobile/authority/local-story/elapsed-driver.test.ts:359:1
✖ a valid replacement during unknown positive elapsed invalidates the old pending input (7.273333ms)
  AssertionError [ERR_ASSERTION]: Expected values to be strictly equal:
  + actual - expected
  
  + 'error'
  - 'replaced'
  
      at TestContext.<anonymous> (file://[private-path]:370:10)
      at Test.runInAsyncScope (node:async_hooks:227:14)
      at Test.run (node:internal/test_runner/test:1402:25)
      at Test.processPendingSubtests (node:internal/test_runner/test:974:18)
      at Test.postRun (node:internal/test_runner/test:1542:19)
      at Test.run (node:internal/test_runner/test:1467:12)
      at async Test.processPendingSubtests (node:internal/test_runner/test:974:7) {
    generatedMessage: true,
    code: 'ERR_ASSERTION',
    actual: 'error',
    expected: 'replaced',
    operator: 'strictEqual',
    diff: 'simple'
  }
