✔ elapsed receipt survives reopen and replays its first result after later clock commits (25.288458ms)
✔ old run elapsed refuses before receipt lookup after replacement without Host.random (6.210875ms)
✔ unknown elapsed COMMIT fences trusted and player delivery until the real receipt reconciles (4.291292ms)
✔ modal scene keeps Continue-only player controls while elapsed time commits (10.729625ms)
✔ malformed stored command JSON conflicts without state or receipt changes (3.543667ms)
✔ malformed stored response JSON conflicts without state or receipt changes (2.97875ms)
✔ healthy elapsed delivery preserves actual SQLite receipt-read failures (4.140708ms)
✔ openStory.invoke refuses a failing chat on Bram by its key (25.823333ms)
✔ a new save allocates and pins its identity; a restart and a replay reuse it (9.978042ms)
✔ a save whose pinned release is missing is refused untouched; a new game moves on (5.360334ms)
✔ a save of an unknown format is refused with nothing written and no new game (8.559416ms)
✔ a damaged identity is save_corrupt and untouched; its new game repairs it (96.794833ms)
✔ an app update reopens a save on its pinned release; new games pin the newest (5.824042ms)
✔ a save that does not parse is save_corrupt until the player starts a new game (17.967916ms)
✔ a new game replaces the save; an old invocation id is new again (5.099125ms)
✔ a new game that fails part way leaves the old save and memory (3.218125ms)
✔ a new game settles a pending attempt first, in the run it was made in (6.757958ms)
✔ a new game whose COMMIT is unknown is fenced; settling it moves play to the new run (4.827625ms)
✔ a new game whose COMMIT fails keeps the old save, memory and receipts (4.186667ms)
✔ a committed new game is adopted before play; a retry does not replace it twice (4.6765ms)
✔ a corrupt save's new game settles its COMMIT like any other (10.807667ms)
✔ a new run's entries missed by the trace follow its own header (4.879625ms)
✔ a new game after a settled one replaces the save again (5.351042ms)
✔ a pending start over whose retry fails shows that error, not "not confirmed" (20.674583ms)
ℹ tests 24
ℹ suites 0
ℹ pass 24
ℹ fail 0
ℹ cancelled 0
ℹ skipped 0
ℹ todo 0
ℹ duration_ms 416.482458
