✔ elapsed receipt survives reopen and replays its first result after later clock commits (23.209417ms)
✔ old run elapsed refuses before receipt lookup after replacement without Host.random (5.70325ms)
✔ unknown elapsed COMMIT fences trusted and player delivery until the real receipt reconciles (4.332791ms)
✔ modal scene keeps Continue-only player controls while elapsed time commits (10.804125ms)
✔ malformed stored command JSON conflicts without state or receipt changes (3.436958ms)
✔ malformed stored response JSON conflicts without state or receipt changes (3.336792ms)
✔ healthy elapsed delivery preserves actual SQLite receipt-read failures (3.945792ms)
✔ openStory.invoke refuses a failing chat on Bram by its key (32.862125ms)
✔ a new save allocates and pins its identity; a restart and a replay reuse it (8.909834ms)
✔ a save whose pinned release is missing is refused untouched; a new game moves on (5.372ms)
✔ a save of an unknown format is refused with nothing written and no new game (7.508333ms)
✔ a damaged identity is save_corrupt and untouched; its new game repairs it (95.409125ms)
✔ an app update reopens a save on its pinned release; new games pin the newest (5.096916ms)
✔ a save that does not parse is save_corrupt until the player starts a new game (16.907625ms)
✔ a new game replaces the save; an old invocation id is new again (5.608542ms)
✔ a new game that fails part way leaves the old save and memory (3.072958ms)
✔ a new game settles a pending attempt first, in the run it was made in (4.253333ms)
✔ a new game whose COMMIT is unknown is fenced; settling it moves play to the new run (5.262708ms)
✔ a new game whose COMMIT fails keeps the old save, memory and receipts (4.841042ms)
✔ a committed new game is adopted before play; a retry does not replace it twice (3.966542ms)
✔ a corrupt save's new game settles its COMMIT like any other (9.418583ms)
✔ a new run's entries missed by the trace follow its own header (6.805875ms)
✔ a new game after a settled one replaces the save again (5.101ms)
✔ a pending start over whose retry fails shows that error, not "not confirmed" (14.248042ms)
ℹ tests 24
ℹ suites 0
ℹ pass 24
ℹ fail 0
ℹ cancelled 0
ℹ skipped 0
ℹ todo 0
ℹ duration_ms 401.266166
