✔ base1000 accounting preserves exact safe boundary quotients and rejects target overflow (1.119125ms)
✖ 9ms and reopened 11ms commit one unit and preserve the durable fractional account (29.858708ms)
✔ negative wall resume rebases without credit then credits the next 20ms (7.35125ms)
✔ a fixed 36hour horizon commits all four daily boundaries in order (6.442833ms)
✔ sixteen segments yield and one reserved input completes at its original finite horizon (14.44575ms)
✔ a current choice crossing departure refuses presence while Leave still closes its continuation (6.695459ms)
✔ preexisting stale input does not account time and synchronous success emits no completion (4.659292ms)
✔ trusted explicit v2 advance raises its durable target and missing checkpoints refuse (7.834667ms)
✔ an elapsed managed session without clocks fails with a typed refusal (4.653542ms)
✔ resume extends durable target debt rather than a lagging head (10.306542ms)
✔ unexpected closed checkpoint evidence blocks play as corrupt until confirmed Start over (6.380417ms)
✔ a valid durable replacement invalidates an old fenced clock and input without writes (7.711333ms)
✔ malformed v2 checkpoints and heads refuse without rewriting their progress (27.739166ms)
✔ seed 12: every fault leaves the prior or next revision and the run ends unchanged (1131.957167ms)
✔ seed 366: every fault leaves the prior or next revision and the run ends unchanged (671.466917ms)
✔ seed 30636: every fault leaves the prior or next revision and the run ends unchanged (728.82125ms)
✔ seed 300: every fault leaves the prior or next revision and the run ends unchanged (858.273666ms)
✔ seed 622: every fault leaves the prior or next revision and the run ends unchanged (622.403708ms)
✔ seed 9633: every fault leaves the prior or next revision and the run ends unchanged (843.539ms)
✔ seed 2841: every fault leaves the prior or next revision and the run ends unchanged (633.330833ms)
✔ seed 454: every fault leaves the prior or next revision and the run ends unchanged (825.164625ms)
✔ seed 172: every fault leaves the prior or next revision and the run ends unchanged (669.902917ms)
✔ seed 49: every fault leaves the prior or next revision and the run ends unchanged (903.913834ms)
✔ seed 211: every fault leaves the prior or next revision and the run ends unchanged (890.199541ms)
✔ seed 1595: every fault leaves the prior or next revision and the run ends unchanged (829.284583ms)
✔ seed 337982: every fault leaves the prior or next revision and the run ends unchanged (815.844709ms)
✔ seed 105497: every fault leaves the prior or next revision and the run ends unchanged (703.303875ms)
✔ seed 81: every fault leaves the prior or next revision and the run ends unchanged (945.7915ms)
✔ seed 130: every fault leaves the prior or next revision and the run ends unchanged (802.522042ms)
✔ seed 54: every fault leaves the prior or next revision and the run ends unchanged (884.779958ms)
✔ hand-checked anchors (14.81125ms)
✔ views, a reopen and a changed host clock leave the play_time clock and world as they were (59.729916ms)
✔ backward-anchor metadata accounts reconcile exact prior or next real SQLite evidence (7.659292ms)
✔ failed and lost-ack positive elapsed commits reconcile head receipt and checkpoint together (5.796709ms)
✔ real SQLITE_FULL rolls back elapsed evidence and retries its unchanged candidate (2.908ms)
✔ a timer completes an unknown player receipt before sampling and emits it once (3.077584ms)
✔ process kill before and after elapsed COMMIT leaves entirely prior or next and reopens once (251.051666ms)
✔ a budget fault is one valid observation of its limit, with the ReplayIds of its decision (10.383833ms)
✔ a failing observation sink changes no reply, revision, storage or retry (9.936167ms)
✔ an older save gains the sink untouched, and the sink keeps the newest 1000 records (319.887084ms)
✔ each NEW decision, accepted, rejected or fault, is one kernel.decision_latency (25.948042ms)
✔ a clock changes no reply or durable state when a COMMIT is held, then committed (6.639917ms)
✔ a real committed elapsed then ordinary local trace replays identically with header run preflight (502.340625ms)
ℹ tests 43
ℹ suites 0
ℹ pass 42
ℹ fail 1
ℹ cancelled 0
ℹ skipped 0
ℹ todo 0
ℹ duration_ms 14318.879917

✖ failing tests:

test at mobile/authority/local-story/elapsed-driver.test.ts:33:1
✖ 9ms and reopened 11ms commit one unit and preserve the durable fractional account (29.858708ms)
  AssertionError [ERR_ASSERTION]: Expected values to be strictly equal:
  
  64800 !== 64801
  
      at TestContext.<anonymous> (file://[private-path]:48:10)
      at Test.runInAsyncScope (node:async_hooks:227:14)
      at Test.run (node:internal/test_runner/test:1402:25)
      at Test.processPendingSubtests (node:internal/test_runner/test:974:18)
      at Test.postRun (node:internal/test_runner/test:1542:19)
      at Test.run (node:internal/test_runner/test:1467:12)
      at async startSubtestAfterBootstrap (node:internal/test_runner/harness:387:3) {
    generatedMessage: true,
    code: 'ERR_ASSERTION',
    actual: 64800,
    expected: 64801,
    operator: 'strictEqual',
    diff: 'simple'
  }
