✔ base1000 accounting preserves exact safe boundary quotients and rejects target overflow (1.09025ms)
✔ 9ms and reopened 11ms commit one unit and preserve the durable fractional account (36.937875ms)
✔ negative wall resume rebases without credit then credits the next 20ms (5.0005ms)
✔ a fixed 36hour horizon commits all four daily boundaries in order (7.329083ms)
✔ sixteen segments yield and one reserved input completes at its original finite horizon (15.722125ms)
✔ a current choice crossing departure refuses presence while Leave still closes its continuation (11.24425ms)
✔ preexisting stale input does not account time and synchronous success emits no completion (6.20525ms)
✔ trusted explicit v2 advance raises its durable target and missing checkpoints refuse (8.04175ms)
✔ an elapsed managed session without clocks fails with a typed refusal (4.880208ms)
✖ resume extends durable target debt rather than a lagging head (10.241458ms)
✔ unexpected closed checkpoint evidence blocks play as corrupt until confirmed Start over (6.846333ms)
✔ a valid durable replacement invalidates an old fenced clock and input without writes (8.287292ms)
✔ malformed v2 checkpoints and heads refuse without rewriting their progress (31.469458ms)
✔ seed 12: every fault leaves the prior or next revision and the run ends unchanged (1117.910916ms)
✔ seed 366: every fault leaves the prior or next revision and the run ends unchanged (663.979625ms)
✔ seed 30636: every fault leaves the prior or next revision and the run ends unchanged (723.966292ms)
✔ seed 300: every fault leaves the prior or next revision and the run ends unchanged (853.975875ms)
✔ seed 622: every fault leaves the prior or next revision and the run ends unchanged (613.418542ms)
✔ seed 9633: every fault leaves the prior or next revision and the run ends unchanged (833.558125ms)
✔ seed 2841: every fault leaves the prior or next revision and the run ends unchanged (624.847583ms)
✔ seed 454: every fault leaves the prior or next revision and the run ends unchanged (820.721541ms)
✔ seed 172: every fault leaves the prior or next revision and the run ends unchanged (667.068709ms)
✔ seed 49: every fault leaves the prior or next revision and the run ends unchanged (885.386708ms)
✔ seed 211: every fault leaves the prior or next revision and the run ends unchanged (896.362917ms)
✔ seed 1595: every fault leaves the prior or next revision and the run ends unchanged (836.6775ms)
✔ seed 337982: every fault leaves the prior or next revision and the run ends unchanged (884.840417ms)
✔ seed 105497: every fault leaves the prior or next revision and the run ends unchanged (717.983291ms)
✔ seed 81: every fault leaves the prior or next revision and the run ends unchanged (937.95925ms)
✔ seed 130: every fault leaves the prior or next revision and the run ends unchanged (802.933167ms)
✔ seed 54: every fault leaves the prior or next revision and the run ends unchanged (823.533334ms)
✔ hand-checked anchors (16.834375ms)
✔ views, a reopen and a changed host clock leave the play_time clock and world as they were (60.314666ms)
✔ backward-anchor metadata accounts reconcile exact prior or next real SQLite evidence (7.795292ms)
✔ failed and lost-ack positive elapsed commits reconcile head receipt and checkpoint together (5.841333ms)
✔ real SQLITE_FULL rolls back elapsed evidence and retries its unchanged candidate (2.917417ms)
✔ a timer completes an unknown player receipt before sampling and emits it once (3.105083ms)
✖ process kill before and after elapsed COMMIT leaves entirely prior or next and reopens once (251.193916ms)
✔ a budget fault is one valid observation of its limit, with the ReplayIds of its decision (10.426625ms)
✔ a failing observation sink changes no reply, revision, storage or retry (9.8475ms)
✔ an older save gains the sink untouched, and the sink keeps the newest 1000 records (294.746708ms)
✔ each NEW decision, accepted, rejected or fault, is one kernel.decision_latency (22.405459ms)
✔ a clock changes no reply or durable state when a COMMIT is held, then committed (8.445292ms)
✔ a real committed elapsed then ordinary local trace replays identically with header run preflight (505.754875ms)
ℹ tests 43
ℹ suites 0
ℹ pass 41
ℹ fail 2
ℹ cancelled 0
ℹ skipped 0
ℹ todo 0
ℹ duration_ms 14280.642958

✖ failing tests:

test at mobile/authority/local-story/elapsed-driver.test.ts:232:1
✖ resume extends durable target debt rather than a lagging head (10.241458ms)
  AssertionError [ERR_ASSERTION]: Expected values to be strictly deep-equal:
  + actual - expected
  
    {
      remainder: 0,
  +   target: 68391,
  -   target: 68401,
      wall_ms: 10020
    }
  
      at TestContext.<anonymous> (file://[private-path]:240:10)
      at Test.runInAsyncScope (node:async_hooks:227:14)
      at Test.run (node:internal/test_runner/test:1402:25)
      at Test.processPendingSubtests (node:internal/test_runner/test:974:18)
      at Test.postRun (node:internal/test_runner/test:1542:19)
      at Test.run (node:internal/test_runner/test:1467:12)
      at async Test.processPendingSubtests (node:internal/test_runner/test:974:7) {
    generatedMessage: true,
    code: 'ERR_ASSERTION',
    actual: { wall_ms: 10020, remainder: 0, target: 68391 },
    expected: { wall_ms: 10020, remainder: 0, target: 68401 },
    operator: 'deepStrictEqual',
    diff: 'simple'
  }

test at mobile/authority/local-story/faults.test.ts:458:1
✖ process kill before and after elapsed COMMIT leaves entirely prior or next and reopens once (251.193916ms)
  AssertionError [ERR_ASSERTION]: Expected values to be strictly equal:
  
  68400 !== 194400
  
      at TestContext.<anonymous> (file://[private-path]:492:12)
      at Test.runInAsyncScope (node:async_hooks:227:14)
      at Test.run (node:internal/test_runner/test:1402:25)
      at Test.processPendingSubtests (node:internal/test_runner/test:974:18)
      at Test.postRun (node:internal/test_runner/test:1542:19)
      at Test.run (node:internal/test_runner/test:1467:12)
      at async Test.processPendingSubtests (node:internal/test_runner/test:974:7) {
    generatedMessage: true,
    code: 'ERR_ASSERTION',
    actual: 68400,
    expected: 194400,
    operator: 'strictEqual',
    diff: 'simple'
  }
