✔ elapsed receipt survives reopen and replays its first result after later clock commits (22.011167ms)
✔ old run elapsed refuses before receipt lookup after replacement without Host.random (5.547833ms)
✔ unknown elapsed COMMIT fences trusted and player delivery until the real receipt reconciles (5.948417ms)
✔ modal scene keeps Continue-only player controls while elapsed time commits (10.969709ms)
✔ malformed stored command JSON conflicts without state or receipt changes (3.223375ms)
✔ malformed stored response JSON conflicts without state or receipt changes (2.747333ms)
✔ healthy elapsed delivery preserves actual SQLite receipt-read failures (3.713291ms)
✔ openStory.invoke refuses a failing chat on Bram by its key (23.935875ms)
✔ a new save allocates and pins its identity; a restart and a replay reuse it (9.147083ms)
✔ a save whose pinned release is missing is refused untouched; a new game moves on (6.158292ms)
✔ a save of an unknown format is refused with nothing written and no new game (8.776041ms)
✔ a damaged identity is save_corrupt and untouched; its new game repairs it (91.329958ms)
✔ an app update reopens a save on its pinned release; new games pin the newest (6.32875ms)
✔ a save that does not parse is save_corrupt until the player starts a new game (18.138625ms)
✔ a new game replaces the save; an old invocation id is new again (5.180583ms)
✔ a new game that fails part way leaves the old save and memory (3.898125ms)
✔ a new game settles a pending attempt first, in the run it was made in (4.321667ms)
✔ a new game whose COMMIT is unknown is fenced; settling it moves play to the new run (4.18575ms)
✔ a new game whose COMMIT fails keeps the old save, memory and receipts (3.343375ms)
✔ a committed new game is adopted before play; a retry does not replace it twice (5.358917ms)
✔ a corrupt save's new game settles its COMMIT like any other (8.597083ms)
✔ a new run's entries missed by the trace follow its own header (5.984083ms)
✔ a new game after a settled one replaces the save again (6.893041ms)
✔ a pending start over whose retry fails shows that error, not "not confirmed" (23.763458ms)
ℹ tests 24
ℹ suites 0
ℹ pass 24
ℹ fail 0
ℹ cancelled 0
ℹ skipped 0
ℹ todo 0
ℹ duration_ms 401.766333
