✔ elapsed receipt survives reopen and replays its first result after later clock commits (20.900666ms)
✔ old run elapsed refuses before receipt lookup after replacement without Host.random (4.827459ms)
✔ unknown elapsed COMMIT fences trusted and player delivery until the real receipt reconciles (3.969667ms)
✔ modal scene keeps Continue-only player controls while elapsed time commits (10.178209ms)
✔ malformed stored command JSON conflicts without state or receipt changes (3.371ms)
✔ malformed stored response JSON conflicts without state or receipt changes (2.77475ms)
✔ healthy elapsed delivery preserves actual SQLite receipt-read failures (3.764292ms)
✔ openStory.invoke refuses a failing chat on Bram by its key (46.4485ms)
✔ a new save allocates and pins its identity; a restart and a replay reuse it (9.0875ms)
✔ a save whose pinned release is missing is refused untouched; a new game moves on (5.534667ms)
✔ a save of an unknown format is refused with nothing written and no new game (8.351584ms)
✔ a damaged identity is save_corrupt and untouched; its new game repairs it (100.964166ms)
✔ an app update reopens a save on its pinned release; new games pin the newest (4.946875ms)
✔ a save that does not parse is save_corrupt until the player starts a new game (16.688416ms)
✔ a new game replaces the save; an old invocation id is new again (5.032708ms)
✔ a new game that fails part way leaves the old save and memory (2.763ms)
✔ a new game settles a pending attempt first, in the run it was made in (5.764375ms)
✔ a new game whose COMMIT is unknown is fenced; settling it moves play to the new run (4.001708ms)
✔ a new game whose COMMIT fails keeps the old save, memory and receipts (3.985833ms)
✔ a committed new game is adopted before play; a retry does not replace it twice (3.76975ms)
✔ a corrupt save's new game settles its COMMIT like any other (8.066125ms)
✔ a new run's entries missed by the trace follow its own header (4.849208ms)
✔ a new game after a settled one replaces the save again (5.552ms)
✔ a pending start over whose retry fails shows that error, not "not confirmed" (15.743ms)
ℹ tests 24
ℹ suites 0
ℹ pass 24
ℹ fail 0
ℹ cancelled 0
ℹ skipped 0
ℹ todo 0
ℹ duration_ms 413.180958
