✖ base1000 accounting preserves exact safe boundary quotients and rejects target overflow (1.563708ms)
✔ 9ms and reopened 11ms commit one unit and preserve the durable fractional account (29.815583ms)
✔ negative wall resume rebases without credit then credits the next 20ms (4.77725ms)
✔ a fixed 36hour horizon commits all four daily boundaries in order (7.753375ms)
✔ sixteen segments yield and one reserved input completes at its original finite horizon (15.4175ms)
✔ a current choice crossing departure refuses presence while Leave still closes its continuation (6.575458ms)
✔ preexisting stale input does not account time and synchronous success emits no completion (4.720584ms)
✔ trusted explicit v2 advance raises its durable target and missing checkpoints refuse (10.271ms)
✔ an elapsed managed session without clocks fails with a typed refusal (4.327791ms)
✔ resume extends durable target debt rather than a lagging head (12.235458ms)
✔ unexpected closed checkpoint evidence blocks play as corrupt until confirmed Start over (9.195958ms)
✔ a valid durable replacement invalidates an old fenced clock and input without writes (10.161667ms)
✔ malformed v2 checkpoints and heads refuse without rewriting their progress (26.635416ms)
✔ seed 12: every fault leaves the prior or next revision and the run ends unchanged (1161.613083ms)
✔ seed 366: every fault leaves the prior or next revision and the run ends unchanged (675.279375ms)
✔ seed 30636: every fault leaves the prior or next revision and the run ends unchanged (730.751625ms)
✔ seed 300: every fault leaves the prior or next revision and the run ends unchanged (853.980875ms)
✔ seed 622: every fault leaves the prior or next revision and the run ends unchanged (654.354291ms)
✔ seed 9633: every fault leaves the prior or next revision and the run ends unchanged (863.660958ms)
✔ seed 2841: every fault leaves the prior or next revision and the run ends unchanged (630.905542ms)
✔ seed 454: every fault leaves the prior or next revision and the run ends unchanged (838.431708ms)
✔ seed 172: every fault leaves the prior or next revision and the run ends unchanged (670.755334ms)
✔ seed 49: every fault leaves the prior or next revision and the run ends unchanged (969.117375ms)
✔ seed 211: every fault leaves the prior or next revision and the run ends unchanged (881.233416ms)
✔ seed 1595: every fault leaves the prior or next revision and the run ends unchanged (821.460166ms)
✔ seed 337982: every fault leaves the prior or next revision and the run ends unchanged (822.499042ms)
✔ seed 105497: every fault leaves the prior or next revision and the run ends unchanged (703.009458ms)
✔ seed 81: every fault leaves the prior or next revision and the run ends unchanged (932.871708ms)
✔ seed 130: every fault leaves the prior or next revision and the run ends unchanged (803.205458ms)
✔ seed 54: every fault leaves the prior or next revision and the run ends unchanged (814.392167ms)
✔ hand-checked anchors (14.397791ms)
✔ views, a reopen and a changed host clock leave the play_time clock and world as they were (58.110583ms)
✔ backward-anchor metadata accounts reconcile exact prior or next real SQLite evidence (7.770709ms)
✔ failed and lost-ack positive elapsed commits reconcile head receipt and checkpoint together (5.816875ms)
✔ real SQLITE_FULL rolls back elapsed evidence and retries its unchanged candidate (2.892083ms)
✔ a timer completes an unknown player receipt before sampling and emits it once (3.62625ms)
✔ process kill before and after elapsed COMMIT leaves entirely prior or next and reopens once (253.051917ms)
✔ a budget fault is one valid observation of its limit, with the ReplayIds of its decision (11.571708ms)
✔ a failing observation sink changes no reply, revision, storage or retry (9.466375ms)
✔ an older save gains the sink untouched, and the sink keeps the newest 1000 records (378.650875ms)
✔ each NEW decision, accepted, rejected or fault, is one kernel.decision_latency (23.937959ms)
✔ a clock changes no reply or durable state when a COMMIT is held, then committed (7.845542ms)
✔ a real committed elapsed then ordinary local trace replays identically with header run preflight (508.88ms)
ℹ tests 43
ℹ suites 0
ℹ pass 42
ℹ fail 1
ℹ cancelled 0
ℹ skipped 0
ℹ todo 0
ℹ duration_ms 14401.0125

✖ failing tests:

test at mobile/authority/local-story/elapsed-driver.test.ts:15:1
✖ base1000 accounting preserves exact safe boundary quotients and rejects target overflow (1.563708ms)
  AssertionError [ERR_ASSERTION]: Expected values to be strictly deep-equal:
  + actual - expected
  
    {
  +   remainder: 984,
  -   remainder: 9,
      run_id: 'run',
      target: 8998192055486250,
      wall_ms: 0
    }
  
      at TestContext.<anonymous> (file://[private-path]:23:12)
      at Test.runInAsyncScope (node:async_hooks:227:14)
      at Test.run (node:internal/test_runner/test:1402:25)
      at Test.start (node:internal/test_runner/test:1262:17)
      at startSubtestAfterBootstrap (node:internal/test_runner/harness:387:17) {
    generatedMessage: true,
    code: 'ERR_ASSERTION',
    actual: { run_id: 'run', wall_ms: 0, remainder: 984, target: 8998192055486250 },
    expected: { run_id: 'run', wall_ms: 0, remainder: 9, target: 8998192055486250 },
    operator: 'deepStrictEqual',
    diff: 'simple'
  }
