✔ elapsed receipt survives reopen and replays its first result after later clock commits (23.708459ms)
✔ old run elapsed refuses before receipt lookup after replacement without Host.random (6.625083ms)
✔ unknown elapsed COMMIT fences trusted and player delivery until the real receipt reconciles (5.081458ms)
✔ modal scene keeps Continue-only player controls while elapsed time commits (14.425208ms)
✔ malformed stored command JSON conflicts without state or receipt changes (3.896ms)
✔ malformed stored response JSON conflicts without state or receipt changes (3.07475ms)
✔ healthy elapsed delivery preserves actual SQLite receipt-read failures (4.042083ms)
✔ openStory.invoke refuses a failing chat on Bram by its key (29.286625ms)
✔ a new save allocates and pins its identity; a restart and a replay reuse it (9.147833ms)
✔ a save whose pinned release is missing is refused untouched; a new game moves on (6.802833ms)
✔ a save of an unknown format is refused with nothing written and no new game (9.837ms)
✔ a damaged identity is save_corrupt and untouched; its new game repairs it (102.674125ms)
✔ an app update reopens a save on its pinned release; new games pin the newest (5.44275ms)
✔ a save that does not parse is save_corrupt until the player starts a new game (19.265375ms)
✔ a new game replaces the save; an old invocation id is new again (4.913542ms)
✔ a new game that fails part way leaves the old save and memory (3.064708ms)
✔ a new game settles a pending attempt first, in the run it was made in (5.95925ms)
✔ a new game whose COMMIT is unknown is fenced; settling it moves play to the new run (4.398166ms)
✔ a new game whose COMMIT fails keeps the old save, memory and receipts (5.048625ms)
✔ a committed new game is adopted before play; a retry does not replace it twice (5.36125ms)
✔ a corrupt save's new game settles its COMMIT like any other (9.550708ms)
✔ a new run's entries missed by the trace follow its own header (6.087208ms)
✔ a new game after a settled one replaces the save again (5.447041ms)
✔ a pending start over whose retry fails shows that error, not "not confirmed" (21.122875ms)
ℹ tests 24
ℹ suites 0
ℹ pass 24
ℹ fail 0
ℹ cancelled 0
ℹ skipped 0
ℹ todo 0
ℹ duration_ms 412.46075
