✔ elapsed receipt survives reopen and replays its first result after later clock commits (42.113792ms)
✔ old run elapsed refuses before receipt lookup after replacement without Host.random (7.667375ms)
✔ unknown elapsed COMMIT fences trusted and player delivery until the real receipt reconciles (11.439041ms)
✔ modal scene keeps Continue-only player controls while elapsed time commits (21.324875ms)
✔ malformed stored command JSON conflicts without state or receipt changes (4.441584ms)
✔ malformed stored response JSON conflicts without state or receipt changes (4.020542ms)
✔ healthy elapsed delivery preserves actual SQLite receipt-read failures (4.969666ms)
✔ openStory.invoke refuses a failing chat on Bram by its key (49.3095ms)
✔ a new save allocates and pins its identity; a restart and a replay reuse it (18.217292ms)
✔ a save whose pinned release is missing is refused untouched; a new game moves on (12.656291ms)
✔ a save of an unknown format is refused with nothing written and no new game (18.257083ms)
✔ a damaged identity is save_corrupt and untouched; its new game repairs it (127.93325ms)
✔ an app update reopens a save on its pinned release; new games pin the newest (7.156875ms)
✔ a save that does not parse is save_corrupt until the player starts a new game (22.043959ms)
✔ a new game replaces the save; an old invocation id is new again (6.871708ms)
✔ a new game that fails part way leaves the old save and memory (4.234334ms)
✔ a new game settles a pending attempt first, in the run it was made in (5.455083ms)
✔ a new game whose COMMIT is unknown is fenced; settling it moves play to the new run (5.330791ms)
✔ a new game whose COMMIT fails keeps the old save, memory and receipts (6.998917ms)
✔ a committed new game is adopted before play; a retry does not replace it twice (5.00175ms)
✔ a corrupt save's new game settles its COMMIT like any other (9.446791ms)
✔ a new run's entries missed by the trace follow its own header (6.220041ms)
✔ a new game after a settled one replaces the save again (6.116292ms)
✔ a pending start over whose retry fails shows that error, not "not confirmed" (47.322792ms)
ℹ tests 24
ℹ suites 0
ℹ pass 24
ℹ fail 0
ℹ cancelled 0
ℹ skipped 0
ℹ todo 0
ℹ duration_ms 569.678375
