✖ a timer completes an unknown player receipt before sampling and emits it once (10.306667ms)
ℹ tests 1
ℹ suites 0
ℹ pass 0
ℹ fail 1
ℹ cancelled 0
ℹ skipped 0
ℹ todo 0
ℹ duration_ms 190.207708

✖ failing tests:

test at mobile/authority/local-story/faults.test.ts:407:1
✖ a timer completes an unknown player receipt before sampling and emits it once (10.306667ms)
  AssertionError [ERR_ASSERTION]: Expected values to be strictly equal:
  + actual - expected
  
  + 'conflict'
  - 'saved'
  
      at TestContext.<anonymous> (file://[private-path]:429:10)
      at Test.runInAsyncScope (node:async_hooks:227:14)
      at Test.run (node:internal/test_runner/test:1402:25)
      at Test.start (node:internal/test_runner/test:1262:17)
      at startSubtestAfterBootstrap (node:internal/test_runner/harness:387:17) {
    generatedMessage: true,
    code: 'ERR_ASSERTION',
    actual: 'conflict',
    expected: 'saved',
    operator: 'strictEqual',
    diff: 'simple'
  }
