✔ elapsed receipt survives reopen and replays its first result after later clock commits (31.069417ms)
✔ old run elapsed refuses before receipt lookup after replacement without Host.random (7.967417ms)
✔ unknown elapsed COMMIT fences trusted and player delivery until the real receipt reconciles (7.780083ms)
✔ modal scene keeps Continue-only player controls while elapsed time commits (11.512875ms)
✔ malformed stored command JSON conflicts without state or receipt changes (3.574125ms)
✔ malformed stored response JSON conflicts without state or receipt changes (4.476833ms)
✔ healthy elapsed delivery preserves actual SQLite receipt-read failures (7.526542ms)
✔ openStory.invoke refuses a failing chat on Bram by its key (27.942125ms)
✔ a new save allocates and pins its identity; a restart and a replay reuse it (8.4345ms)
✔ a save whose pinned release is missing is refused untouched; a new game moves on (5.730625ms)
✔ a save of an unknown format is refused with nothing written and no new game (6.464167ms)
✔ a damaged identity is save_corrupt and untouched; its new game repairs it (87.255459ms)
✔ an app update reopens a save on its pinned release; new games pin the newest (4.599542ms)
✔ a save that does not parse is save_corrupt until the player starts a new game (17.203209ms)
✔ a new game replaces the save; an old invocation id is new again (5.050833ms)
✔ a new game that fails part way leaves the old save and memory (2.806375ms)
✔ a new game settles a pending attempt first, in the run it was made in (5.141625ms)
✔ a new game whose COMMIT is unknown is fenced; settling it moves play to the new run (4.387292ms)
✔ a new game whose COMMIT fails keeps the old save, memory and receipts (3.666125ms)
✔ a committed new game is adopted before play; a retry does not replace it twice (4.2735ms)
✔ a corrupt save's new game settles its COMMIT like any other (9.025208ms)
✔ a new run's entries missed by the trace follow its own header (4.940125ms)
✔ a new game after a settled one replaces the save again (5.261125ms)
✔ a pending start over whose retry fails shows that error, not "not confirmed" (24.68575ms)
ℹ tests 24
ℹ suites 0
ℹ pass 24
ℹ fail 0
ℹ cancelled 0
ℹ skipped 0
ℹ todo 0
ℹ duration_ms 406.859
