✔ elapsed receipt survives reopen and replays its first result after later clock commits (21.446958ms)
✔ old run elapsed refuses before receipt lookup after replacement without Host.random (5.774125ms)
✔ unknown elapsed COMMIT fences trusted and player delivery until the real receipt reconciles (4.539209ms)
✔ modal scene keeps Continue-only player controls while elapsed time commits (10.560584ms)
✔ malformed stored command JSON conflicts without state or receipt changes (3.760333ms)
✔ malformed stored response JSON conflicts without state or receipt changes (3.5345ms)
✔ healthy elapsed delivery preserves actual SQLite receipt-read failures (4.483458ms)
✔ openStory.invoke refuses a failing chat on Bram by its key (30.89975ms)
✔ a new save allocates and pins its identity; a restart and a replay reuse it (8.315792ms)
✔ a save whose pinned release is missing is refused untouched; a new game moves on (5.907917ms)
✔ a save of an unknown format is refused with nothing written and no new game (7.857041ms)
✔ a damaged identity is save_corrupt and untouched; its new game repairs it (92.511208ms)
✔ an app update reopens a save on its pinned release; new games pin the newest (5.7705ms)
✔ a save that does not parse is save_corrupt until the player starts a new game (16.063375ms)
✔ a new game replaces the save; an old invocation id is new again (5.429708ms)
✔ a new game that fails part way leaves the old save and memory (5.72475ms)
✔ a new game settles a pending attempt first, in the run it was made in (4.492625ms)
✔ a new game whose COMMIT is unknown is fenced; settling it moves play to the new run (5.141166ms)
✔ a new game whose COMMIT fails keeps the old save, memory and receipts (4.745875ms)
✔ a committed new game is adopted before play; a retry does not replace it twice (3.933084ms)
✔ a corrupt save's new game settles its COMMIT like any other (11.4385ms)
✔ a new run's entries missed by the trace follow its own header (4.946708ms)
✔ a new game after a settled one replaces the save again (4.961083ms)
✔ a pending start over whose retry fails shows that error, not "not confirmed" (17.727333ms)
ℹ tests 24
ℹ suites 0
ℹ pass 24
ℹ fail 0
ℹ cancelled 0
ℹ skipped 0
ℹ todo 0
ℹ duration_ms 407.167792
