✔ base1000 accounting preserves exact safe boundary quotients and rejects target overflow (0.996875ms)
✔ 9ms and reopened 11ms commit one unit and preserve the durable fractional account (27.461166ms)
✔ negative wall resume rebases without credit then credits the next 20ms (3.980542ms)
✔ a fixed 36hour horizon commits all four daily boundaries in order (6.317041ms)
✔ sixteen segments yield and one reserved input completes at its original finite horizon (13.259959ms)
✔ a current choice crossing departure refuses presence while Leave still closes its continuation (6.166375ms)
✔ preexisting stale input does not account time and synchronous success emits no completion (4.018333ms)
✔ trusted explicit v2 advance raises its durable target and missing checkpoints refuse (6.0025ms)
✔ an elapsed managed session without clocks fails with a typed refusal (3.856667ms)
✔ resume extends durable target debt rather than a lagging head (9.319375ms)
✔ unexpected closed checkpoint evidence blocks play as corrupt until confirmed Start over (5.714708ms)
✖ a valid durable replacement invalidates an old fenced clock and input without writes (7.052833ms)
✔ malformed v2 checkpoints and heads refuse without rewriting their progress (30.511334ms)
✔ a managed v1 upgrade starts its durable account at the actual opening clocks (4.188958ms)
✔ a committed unknown elapsed segment with corrupt checkpoint completes its input as blocked (3.27475ms)
✖ a valid replacement during unknown positive elapsed invalidates the old pending input (6.797375ms)
✔ a private reservation rejects another intent and retains its original bounded input (10.319292ms)
ℹ tests 17
ℹ suites 0
ℹ pass 15
ℹ fail 2
ℹ cancelled 0
ℹ skipped 0
ℹ todo 0
ℹ duration_ms 270.662292

✖ failing tests:

test at mobile/authority/local-story/elapsed-driver.test.ts:278:1
✖ a valid durable replacement invalidates an old fenced clock and input without writes (7.052833ms)
  AssertionError [ERR_ASSERTION]: Expected values to be strictly equal:
  + actual - expected
  
  + 'error'
  - 'replaced'
  
      at TestContext.<anonymous> (file://[private-path]:288:10)
      at Test.runInAsyncScope (node:async_hooks:227:14)
      at Test.run (node:internal/test_runner/test:1402:25)
      at Test.processPendingSubtests (node:internal/test_runner/test:974:18)
      at Test.postRun (node:internal/test_runner/test:1542:19)
      at Test.run (node:internal/test_runner/test:1467:12)
      at async Test.processPendingSubtests (node:internal/test_runner/test:974:7) {
    generatedMessage: true,
    code: 'ERR_ASSERTION',
    actual: 'error',
    expected: 'replaced',
    operator: 'strictEqual',
    diff: 'simple'
  }

test at mobile/authority/local-story/elapsed-driver.test.ts:359:1
✖ a valid replacement during unknown positive elapsed invalidates the old pending input (6.797375ms)
  AssertionError [ERR_ASSERTION]: Expected values to be strictly equal:
  + actual - expected
  
  + 'error'
  - 'replaced'
  
      at TestContext.<anonymous> (file://[private-path]:370:10)
      at Test.runInAsyncScope (node:async_hooks:227:14)
      at Test.run (node:internal/test_runner/test:1402:25)
      at Test.processPendingSubtests (node:internal/test_runner/test:974:18)
      at Test.postRun (node:internal/test_runner/test:1542:19)
      at Test.run (node:internal/test_runner/test:1467:12)
      at async Test.processPendingSubtests (node:internal/test_runner/test:974:7) {
    generatedMessage: true,
    code: 'ERR_ASSERTION',
    actual: 'error',
    expected: 'replaced',
    operator: 'strictEqual',
    diff: 'simple'
  }
