✔ elapsed receipt survives reopen and replays its first result after later clock commits (29.08325ms)
✔ old run elapsed refuses before receipt lookup after replacement without Host.random (5.151625ms)
✔ unknown elapsed COMMIT fences trusted and player delivery until the real receipt reconciles (4.488375ms)
✔ modal scene keeps Continue-only player controls while elapsed time commits (9.877542ms)
✔ malformed stored command JSON conflicts without state or receipt changes (3.361791ms)
✔ malformed stored response JSON conflicts without state or receipt changes (2.649875ms)
✔ healthy elapsed delivery preserves actual SQLite receipt-read failures (3.526625ms)
✔ openStory.invoke refuses a failing chat on Bram by its key (29.882833ms)
✔ a new save allocates and pins its identity; a restart and a replay reuse it (9.094166ms)
✔ a save whose pinned release is missing is refused untouched; a new game moves on (5.751375ms)
✔ a save of an unknown format is refused with nothing written and no new game (7.0655ms)
✔ a damaged identity is save_corrupt and untouched; its new game repairs it (95.686583ms)
✔ an app update reopens a save on its pinned release; new games pin the newest (5.914042ms)
✔ a save that does not parse is save_corrupt until the player starts a new game (16.041042ms)
✔ a new game replaces the save; an old invocation id is new again (5.275916ms)
✔ a new game that fails part way leaves the old save and memory (2.991958ms)
✔ a new game settles a pending attempt first, in the run it was made in (4.854042ms)
✔ a new game whose COMMIT is unknown is fenced; settling it moves play to the new run (3.958583ms)
✔ a new game whose COMMIT fails keeps the old save, memory and receipts (3.759958ms)
✔ a committed new game is adopted before play; a retry does not replace it twice (5.077459ms)
✔ a corrupt save's new game settles its COMMIT like any other (10.483959ms)
✔ a new run's entries missed by the trace follow its own header (6.278292ms)
✔ a new game after a settled one replaces the save again (5.43475ms)
✔ a pending start over whose retry fails shows that error, not "not confirmed" (15.69825ms)
ℹ tests 24
ℹ suites 0
ℹ pass 24
ℹ fail 0
ℹ cancelled 0
ℹ skipped 0
ℹ todo 0
ℹ duration_ms 410.511666
