✔ elapsed receipt survives reopen and replays its first result after later clock commits (21.178584ms)
✔ old run elapsed refuses before receipt lookup after replacement without Host.random (4.573834ms)
✔ unknown elapsed COMMIT fences trusted and player delivery until the real receipt reconciles (4.083084ms)
✔ modal scene keeps Continue-only player controls while elapsed time commits (9.931834ms)
✔ malformed stored command JSON conflicts without state or receipt changes (3.573125ms)
✔ malformed stored response JSON conflicts without state or receipt changes (3.420042ms)
✔ healthy elapsed delivery preserves actual SQLite receipt-read failures (3.751875ms)
✔ openStory.invoke refuses a failing chat on Bram by its key (23.3715ms)
✔ a new save allocates and pins its identity; a restart and a replay reuse it (9.469208ms)
✔ a save whose pinned release is missing is refused untouched; a new game moves on (6.967417ms)
✔ a save of an unknown format is refused with nothing written and no new game (7.563833ms)
✔ a damaged identity is save_corrupt and untouched; its new game repairs it (97.407458ms)
✔ an app update reopens a save on its pinned release; new games pin the newest (4.384083ms)
✔ a save that does not parse is save_corrupt until the player starts a new game (14.8285ms)
✔ a new game replaces the save; an old invocation id is new again (5.386625ms)
✔ a new game that fails part way leaves the old save and memory (4.261042ms)
✔ a new game settles a pending attempt first, in the run it was made in (4.447167ms)
✔ a new game whose COMMIT is unknown is fenced; settling it moves play to the new run (5.296708ms)
✔ a new game whose COMMIT fails keeps the old save, memory and receipts (5.253166ms)
✔ a committed new game is adopted before play; a retry does not replace it twice (3.782167ms)
✔ a corrupt save's new game settles its COMMIT like any other (8.690583ms)
✔ a new run's entries missed by the trace follow its own header (4.915792ms)
✔ a new game after a settled one replaces the save again (5.521917ms)
✔ a pending start over whose retry fails shows that error, not "not confirmed" (31.208625ms)
ℹ tests 24
ℹ suites 0
ℹ pass 24
ℹ fail 0
ℹ cancelled 0
ℹ skipped 0
ℹ todo 0
ℹ duration_ms 396.562542
