✔ elapsed receipt survives reopen and replays its first result after later clock commits (28.349959ms)
✔ old run elapsed refuses before receipt lookup after replacement without Host.random (5.284834ms)
✔ unknown elapsed COMMIT fences trusted and player delivery until the real receipt reconciles (4.173833ms)
✔ modal scene keeps Continue-only player controls while elapsed time commits (10.562667ms)
✔ malformed stored command JSON conflicts without state or receipt changes (3.273792ms)
✔ malformed stored response JSON conflicts without state or receipt changes (3.080792ms)
✔ healthy elapsed delivery preserves actual SQLite receipt-read failures (4.159875ms)
✔ openStory.invoke refuses a failing chat on Bram by its key (22.218042ms)
✔ a new save allocates and pins its identity; a restart and a replay reuse it (8.643333ms)
✔ a save whose pinned release is missing is refused untouched; a new game moves on (6.080959ms)
✔ a save of an unknown format is refused with nothing written and no new game (8.665375ms)
✔ a damaged identity is save_corrupt and untouched; its new game repairs it (100.455583ms)
✔ an app update reopens a save on its pinned release; new games pin the newest (6.034875ms)
✔ a save that does not parse is save_corrupt until the player starts a new game (15.534583ms)
✔ a new game replaces the save; an old invocation id is new again (5.123334ms)
✔ a new game that fails part way leaves the old save and memory (4.411833ms)
✔ a new game settles a pending attempt first, in the run it was made in (4.482833ms)
✔ a new game whose COMMIT is unknown is fenced; settling it moves play to the new run (4.660583ms)
✔ a new game whose COMMIT fails keeps the old save, memory and receipts (4.657375ms)
✔ a committed new game is adopted before play; a retry does not replace it twice (4.19575ms)
✔ a corrupt save's new game settles its COMMIT like any other (10.014125ms)
✔ a new run's entries missed by the trace follow its own header (5.32025ms)
✔ a new game after a settled one replaces the save again (6.141458ms)
✔ a pending start over whose retry fails shows that error, not "not confirmed" (17.856583ms)
ℹ tests 24
ℹ suites 0
ℹ pass 24
ℹ fail 0
ℹ cancelled 0
ℹ skipped 0
ℹ todo 0
ℹ duration_ms 396.364542
