✔ base1000 accounting preserves exact safe boundary quotients and rejects target overflow (1.012ms)
✔ 9ms and reopened 11ms commit one unit and preserve the durable fractional account (25.093541ms)
✔ negative wall resume rebases without credit then credits the next 20ms (5.047666ms)
✔ a fixed 36hour horizon commits all four daily boundaries in order (6.186ms)
✔ sixteen segments yield and one reserved input completes at its original finite horizon (13.003333ms)
✔ a current choice crossing departure refuses presence while Leave still closes its continuation (6.18375ms)
✔ preexisting stale input does not account time and synchronous success emits no completion (3.922833ms)
✔ trusted explicit v2 advance raises its durable target and missing checkpoints refuse (6.674834ms)
✔ an elapsed managed session without clocks fails with a typed refusal (4.064917ms)
✔ resume extends durable target debt rather than a lagging head (9.583416ms)
✔ unexpected closed checkpoint evidence blocks play as corrupt until confirmed Start over (5.712333ms)
✔ a valid durable replacement invalidates an old fenced clock and input without writes (6.755917ms)
✖ malformed v2 checkpoints and heads refuse without rewriting their progress (21.913667ms)
✔ a managed v1 upgrade starts its durable account at the actual opening clocks (3.944458ms)
✔ a committed unknown elapsed segment with corrupt checkpoint completes its input as blocked (3.01175ms)
✔ a valid replacement during unknown positive elapsed invalidates the old pending input (6.233083ms)
✔ a private reservation rejects another intent and retains its original bounded input (9.472584ms)
ℹ tests 17
ℹ suites 0
ℹ pass 16
ℹ fail 1
ℹ cancelled 0
ℹ skipped 0
ℹ todo 0
ℹ duration_ms 259.758958

✖ failing tests:

test at mobile/authority/local-story/elapsed-driver.test.ts:303:1
✖ malformed v2 checkpoints and heads refuse without rewriting their progress (21.913667ms)
  AssertionError [ERR_ASSERTION]: Missing expected exception.
      at TestContext.<anonymous> (file://[private-path]:316:12)
      at Test.runInAsyncScope (node:async_hooks:227:14)
      at Test.run (node:internal/test_runner/test:1402:25)
      at Test.processPendingSubtests (node:internal/test_runner/test:974:18)
      at Test.postRun (node:internal/test_runner/test:1542:19)
      at Test.run (node:internal/test_runner/test:1467:12)
      at async Test.processPendingSubtests (node:internal/test_runner/test:974:7) {
    generatedMessage: false,
    code: 'ERR_ASSERTION',
    actual: undefined,
    operator: 'throws',
    diff: 'simple'
  }
