✔ elapsed receipt survives reopen and replays its first result after later clock commits (19.51125ms)
✔ old run elapsed refuses before receipt lookup after replacement without Host.random (4.434667ms)
✔ unknown elapsed COMMIT fences trusted and player delivery until the real receipt reconciles (4.132ms)
✔ modal scene keeps Continue-only player controls while elapsed time commits (10.345958ms)
✔ malformed stored command JSON conflicts without state or receipt changes (3.2685ms)
✔ malformed stored response JSON conflicts without state or receipt changes (2.756666ms)
✔ healthy elapsed delivery preserves actual SQLite receipt-read failures (3.611375ms)
✔ openStory.invoke refuses a failing chat on Bram by its key (26.426334ms)
✔ a new save allocates and pins its identity; a restart and a replay reuse it (9.40075ms)
✔ a save whose pinned release is missing is refused untouched; a new game moves on (5.507125ms)
✔ a save of an unknown format is refused with nothing written and no new game (7.770583ms)
✔ a damaged identity is save_corrupt and untouched; its new game repairs it (94.184083ms)
✔ an app update reopens a save on its pinned release; new games pin the newest (5.961541ms)
✔ a save that does not parse is save_corrupt until the player starts a new game (16.639208ms)
✔ a new game replaces the save; an old invocation id is new again (5.370167ms)
✔ a new game that fails part way leaves the old save and memory (2.965208ms)
✔ a new game settles a pending attempt first, in the run it was made in (6.538834ms)
✔ a new game whose COMMIT is unknown is fenced; settling it moves play to the new run (4.924ms)
✔ a new game whose COMMIT fails keeps the old save, memory and receipts (4.724542ms)
✔ a committed new game is adopted before play; a retry does not replace it twice (4.065209ms)
✔ a corrupt save's new game settles its COMMIT like any other (9.250208ms)
✔ a new run's entries missed by the trace follow its own header (5.539167ms)
✔ a new game after a settled one replaces the save again (6.608959ms)
✔ a pending start over whose retry fails shows that error, not "not confirmed" (19.656333ms)
ℹ tests 24
ℹ suites 0
ℹ pass 24
ℹ fail 0
ℹ cancelled 0
ℹ skipped 0
ℹ todo 0
ℹ duration_ms 401.612209
