✔ base1000 accounting preserves exact safe boundary quotients and rejects target overflow (1.139917ms)
✔ 9ms and reopened 11ms commit one unit and preserve the durable fractional account (32.567375ms)
✔ negative wall resume rebases without credit then credits the next 20ms (5.14275ms)
✔ a fixed 36hour horizon commits all four daily boundaries in order (6.657875ms)
✖ sixteen segments yield and one reserved input completes at its original finite horizon (15.074833ms)
✖ a current choice crossing departure refuses presence while Leave still closes its continuation (6.829417ms)
✔ preexisting stale input does not account time and synchronous success emits no completion (4.753042ms)
✔ trusted explicit v2 advance raises its durable target and missing checkpoints refuse (7.073125ms)
✔ an elapsed managed session without clocks fails with a typed refusal (4.478625ms)
✔ resume extends durable target debt rather than a lagging head (11.047291ms)
✔ unexpected closed checkpoint evidence blocks play as corrupt until confirmed Start over (6.579084ms)
✔ a valid durable replacement invalidates an old fenced clock and input without writes (9.335ms)
✔ malformed v2 checkpoints and heads refuse without rewriting their progress (29.467208ms)
✔ seed 12: every fault leaves the prior or next revision and the run ends unchanged (1176.340292ms)
✔ seed 366: every fault leaves the prior or next revision and the run ends unchanged (665.507042ms)
✔ seed 30636: every fault leaves the prior or next revision and the run ends unchanged (721.896375ms)
✔ seed 300: every fault leaves the prior or next revision and the run ends unchanged (862.692625ms)
✔ seed 622: every fault leaves the prior or next revision and the run ends unchanged (616.74725ms)
✔ seed 9633: every fault leaves the prior or next revision and the run ends unchanged (832.513375ms)
✔ seed 2841: every fault leaves the prior or next revision and the run ends unchanged (629.574417ms)
✔ seed 454: every fault leaves the prior or next revision and the run ends unchanged (850.0115ms)
✔ seed 172: every fault leaves the prior or next revision and the run ends unchanged (681.536708ms)
✔ seed 49: every fault leaves the prior or next revision and the run ends unchanged (910.427125ms)
✔ seed 211: every fault leaves the prior or next revision and the run ends unchanged (909.776625ms)
✔ seed 1595: every fault leaves the prior or next revision and the run ends unchanged (842.993ms)
✔ seed 337982: every fault leaves the prior or next revision and the run ends unchanged (832.8255ms)
✔ seed 105497: every fault leaves the prior or next revision and the run ends unchanged (708.835083ms)
✔ seed 81: every fault leaves the prior or next revision and the run ends unchanged (953.228959ms)
✔ seed 130: every fault leaves the prior or next revision and the run ends unchanged (813.252042ms)
✔ seed 54: every fault leaves the prior or next revision and the run ends unchanged (828.032625ms)
✔ hand-checked anchors (15.082375ms)
✔ views, a reopen and a changed host clock leave the play_time clock and world as they were (60.660375ms)
✔ backward-anchor metadata accounts reconcile exact prior or next real SQLite evidence (7.78775ms)
✔ failed and lost-ack positive elapsed commits reconcile head receipt and checkpoint together (5.839667ms)
✔ real SQLITE_FULL rolls back elapsed evidence and retries its unchanged candidate (2.900833ms)
✔ a timer completes an unknown player receipt before sampling and emits it once (3.071417ms)
✔ process kill before and after elapsed COMMIT leaves entirely prior or next and reopens once (253.167125ms)
✔ a budget fault is one valid observation of its limit, with the ReplayIds of its decision (9.750208ms)
✔ a failing observation sink changes no reply, revision, storage or retry (9.297542ms)
✔ an older save gains the sink untouched, and the sink keeps the newest 1000 records (317.456917ms)
✔ each NEW decision, accepted, rejected or fault, is one kernel.decision_latency (15.390417ms)
✔ a clock changes no reply or durable state when a COMMIT is held, then committed (7.159334ms)
✔ a real committed elapsed then ordinary local trace replays identically with header run preflight (504.903125ms)
ℹ tests 43
ℹ suites 0
ℹ pass 41
ℹ fail 2
ℹ cancelled 0
ℹ skipped 0
ℹ todo 0
ℹ duration_ms 14402.158167

✖ failing tests:

test at mobile/authority/local-story/elapsed-driver.test.ts:87:1
✖ sixteen segments yield and one reserved input completes at its original finite horizon (15.074833ms)
  AssertionError [ERR_ASSERTION]: Expected values to be strictly equal:
  + actual - expected
  
  + 'replaced'
  - 'ready'
       ^
  
      at TestContext.<anonymous> (file://[private-path]:101:10)
      at Test.runInAsyncScope (node:async_hooks:227:14)
      at Test.run (node:internal/test_runner/test:1402:25)
      at Test.processPendingSubtests (node:internal/test_runner/test:974:18)
      at Test.postRun (node:internal/test_runner/test:1542:19)
      at Test.run (node:internal/test_runner/test:1467:12)
      at async Test.processPendingSubtests (node:internal/test_runner/test:974:7) {
    generatedMessage: true,
    code: 'ERR_ASSERTION',
    actual: 'replaced',
    expected: 'ready',
    operator: 'strictEqual',
    diff: 'simple'
  }

test at mobile/authority/local-story/elapsed-driver.test.ts:115:1
✖ a current choice crossing departure refuses presence while Leave still closes its continuation (6.829417ms)
  AssertionError [ERR_ASSERTION]: Expected values to be strictly equal:
  + actual - expected
  
  + 'stale_view'
  - 'saved'
  
      at TestContext.<anonymous> (file://[private-path]:146:10)
      at Test.runInAsyncScope (node:async_hooks:227:14)
      at Test.run (node:internal/test_runner/test:1402:25)
      at Test.processPendingSubtests (node:internal/test_runner/test:974:18)
      at Test.postRun (node:internal/test_runner/test:1542:19)
      at Test.run (node:internal/test_runner/test:1467:12)
      at async Test.processPendingSubtests (node:internal/test_runner/test:974:7) {
    generatedMessage: true,
    code: 'ERR_ASSERTION',
    actual: 'stale_view',
    expected: 'saved',
    operator: 'strictEqual',
    diff: 'simple'
  }
