✔ elapsed receipt survives reopen and replays its first result after later clock commits (17.619083ms)
✔ old run elapsed refuses before receipt lookup after replacement without Host.random (5.170667ms)
✔ unknown elapsed COMMIT fences trusted and player delivery until the real receipt reconciles (4.371167ms)
✔ modal scene keeps Continue-only player controls while elapsed time commits (11.061958ms)
✔ malformed stored command JSON conflicts without state or receipt changes (3.351ms)
✔ malformed stored response JSON conflicts without state or receipt changes (3.43575ms)
✔ healthy elapsed delivery preserves actual SQLite receipt-read failures (3.761ms)
✔ openStory.invoke refuses a failing chat on Bram by its key (29.889ms)
✔ a new save allocates and pins its identity; a restart and a replay reuse it (8.308833ms)
✔ a save whose pinned release is missing is refused untouched; a new game moves on (5.7465ms)
✔ a save of an unknown format is refused with nothing written and no new game (7.055083ms)
✔ a damaged identity is save_corrupt and untouched; its new game repairs it (93.124667ms)
✔ an app update reopens a save on its pinned release; new games pin the newest (5.240583ms)
✔ a save that does not parse is save_corrupt until the player starts a new game (14.156875ms)
✔ a new game replaces the save; an old invocation id is new again (4.959ms)
✔ a new game that fails part way leaves the old save and memory (2.792292ms)
✔ a new game settles a pending attempt first, in the run it was made in (4.450125ms)
✔ a new game whose COMMIT is unknown is fenced; settling it moves play to the new run (4.785667ms)
✔ a new game whose COMMIT fails keeps the old save, memory and receipts (3.653916ms)
✔ a committed new game is adopted before play; a retry does not replace it twice (6.681084ms)
✔ a corrupt save's new game settles its COMMIT like any other (7.856667ms)
✔ a new run's entries missed by the trace follow its own header (5.138542ms)
✔ a new game after a settled one replaces the save again (5.510791ms)
✔ a pending start over whose retry fails shows that error, not "not confirmed" (32.585375ms)
ℹ tests 24
ℹ suites 0
ℹ pass 24
ℹ fail 0
ℹ cancelled 0
ℹ skipped 0
ℹ todo 0
ℹ duration_ms 399.524708
