✔ elapsed receipt survives reopen and replays its first result after later clock commits (32.983541ms)
✔ old run elapsed refuses before receipt lookup after replacement without Host.random (6.257666ms)
✔ unknown elapsed COMMIT fences trusted and player delivery until the real receipt reconciles (4.159042ms)
✔ modal scene keeps Continue-only player controls while elapsed time commits (10.452417ms)
✔ malformed stored command JSON conflicts without state or receipt changes (3.527458ms)
✔ malformed stored response JSON conflicts without state or receipt changes (3.219375ms)
✔ healthy elapsed delivery preserves actual SQLite receipt-read failures (3.519ms)
✔ openStory.invoke refuses a failing chat on Bram by its key (29.703959ms)
✔ a new save allocates and pins its identity; a restart and a replay reuse it (9.030375ms)
✔ a save whose pinned release is missing is refused untouched; a new game moves on (7.076958ms)
✔ a save of an unknown format is refused with nothing written and no new game (9.820416ms)
✔ a damaged identity is save_corrupt and untouched; its new game repairs it (105.413334ms)
✔ an app update reopens a save on its pinned release; new games pin the newest (7.101917ms)
✔ a save that does not parse is save_corrupt until the player starts a new game (18.756708ms)
✔ a new game replaces the save; an old invocation id is new again (5.4005ms)
✔ a new game that fails part way leaves the old save and memory (3.462333ms)
✔ a new game settles a pending attempt first, in the run it was made in (8.132792ms)
✔ a new game whose COMMIT is unknown is fenced; settling it moves play to the new run (4.56075ms)
✔ a new game whose COMMIT fails keeps the old save, memory and receipts (4.207ms)
✔ a committed new game is adopted before play; a retry does not replace it twice (5.109041ms)
✔ a corrupt save's new game settles its COMMIT like any other (10.322125ms)
✔ a new run's entries missed by the trace follow its own header (5.609125ms)
✔ a new game after a settled one replaces the save again (7.516ms)
✔ a pending start over whose retry fails shows that error, not "not confirmed" (24.2325ms)
ℹ tests 24
ℹ suites 0
ℹ pass 24
ℹ fail 0
ℹ cancelled 0
ℹ skipped 0
ℹ todo 0
ℹ duration_ms 421.8495
