✔ base1000 accounting preserves exact safe boundary quotients and rejects target overflow (1.117916ms)
✔ 9ms and reopened 11ms commit one unit and preserve the durable fractional account (32.33475ms)
✔ negative wall resume rebases without credit then credits the next 20ms (4.607375ms)
✔ a fixed 36hour horizon commits all four daily boundaries in order (6.969958ms)
✖ sixteen segments yield and one reserved input completes at its original finite horizon (13.760167ms)
✔ a current choice crossing departure refuses presence while Leave still closes its continuation (7.402625ms)
✔ preexisting stale input does not account time and synchronous success emits no completion (4.620625ms)
✔ trusted explicit v2 advance raises its durable target and missing checkpoints refuse (7.471459ms)
✔ an elapsed managed session without clocks fails with a typed refusal (4.606291ms)
✔ resume extends durable target debt rather than a lagging head (10.872375ms)
✔ unexpected closed checkpoint evidence blocks play as corrupt until confirmed Start over (6.769542ms)
✔ a valid durable replacement invalidates an old fenced clock and input without writes (8.765834ms)
✔ malformed v2 checkpoints and heads refuse without rewriting their progress (29.137291ms)
✔ seed 12: every fault leaves the prior or next revision and the run ends unchanged (1185.58325ms)
✔ seed 366: every fault leaves the prior or next revision and the run ends unchanged (664.3915ms)
✔ seed 30636: every fault leaves the prior or next revision and the run ends unchanged (727.865834ms)
✔ seed 300: every fault leaves the prior or next revision and the run ends unchanged (865.929916ms)
✔ seed 622: every fault leaves the prior or next revision and the run ends unchanged (626.703833ms)
✔ seed 9633: every fault leaves the prior or next revision and the run ends unchanged (826.511459ms)
✔ seed 2841: every fault leaves the prior or next revision and the run ends unchanged (640.6975ms)
✔ seed 454: every fault leaves the prior or next revision and the run ends unchanged (836.0745ms)
✔ seed 172: every fault leaves the prior or next revision and the run ends unchanged (667.945208ms)
✔ seed 49: every fault leaves the prior or next revision and the run ends unchanged (890.803417ms)
✔ seed 211: every fault leaves the prior or next revision and the run ends unchanged (912.655042ms)
✔ seed 1595: every fault leaves the prior or next revision and the run ends unchanged (894.595709ms)
✔ seed 337982: every fault leaves the prior or next revision and the run ends unchanged (822.053416ms)
✔ seed 105497: every fault leaves the prior or next revision and the run ends unchanged (710.06975ms)
✔ seed 81: every fault leaves the prior or next revision and the run ends unchanged (959.476916ms)
✔ seed 130: every fault leaves the prior or next revision and the run ends unchanged (808.493709ms)
✔ seed 54: every fault leaves the prior or next revision and the run ends unchanged (825.203541ms)
✔ hand-checked anchors (16.587209ms)
✔ views, a reopen and a changed host clock leave the play_time clock and world as they were (58.428416ms)
✔ backward-anchor metadata accounts reconcile exact prior or next real SQLite evidence (7.870125ms)
✔ failed and lost-ack positive elapsed commits reconcile head receipt and checkpoint together (6.52225ms)
✔ real SQLITE_FULL rolls back elapsed evidence and retries its unchanged candidate (2.904541ms)
✔ a timer completes an unknown player receipt before sampling and emits it once (3.052083ms)
✔ process kill before and after elapsed COMMIT leaves entirely prior or next and reopens once (249.444125ms)
✔ a budget fault is one valid observation of its limit, with the ReplayIds of its decision (9.862959ms)
✔ a failing observation sink changes no reply, revision, storage or retry (9.867333ms)
✔ an older save gains the sink untouched, and the sink keeps the newest 1000 records (303.174916ms)
✔ each NEW decision, accepted, rejected or fault, is one kernel.decision_latency (18.124833ms)
✔ a clock changes no reply or durable state when a COMMIT is held, then committed (5.091958ms)
✔ a real committed elapsed then ordinary local trace replays identically with header run preflight (503.267042ms)
ℹ tests 43
ℹ suites 0
ℹ pass 42
ℹ fail 1
ℹ cancelled 0
ℹ skipped 0
ℹ todo 0
ℹ duration_ms 14432.526375

✖ failing tests:

test at mobile/authority/local-story/elapsed-driver.test.ts:87:1
✖ sixteen segments yield and one reserved input completes at its original finite horizon (13.760167ms)
  AssertionError [ERR_ASSERTION]: Expected values to be strictly equal:
  + actual - expected
  
  + 'saved'
  - 'catching_up'
  
      at TestContext.<anonymous> (file://[private-path]:94:10)
      at Test.runInAsyncScope (node:async_hooks:227:14)
      at Test.run (node:internal/test_runner/test:1402:25)
      at Test.processPendingSubtests (node:internal/test_runner/test:974:18)
      at Test.postRun (node:internal/test_runner/test:1542:19)
      at Test.run (node:internal/test_runner/test:1467:12)
      at async Test.processPendingSubtests (node:internal/test_runner/test:974:7) {
    generatedMessage: true,
    code: 'ERR_ASSERTION',
    actual: 'saved',
    expected: 'catching_up',
    operator: 'strictEqual',
    diff: 'simple'
  }
