✔ elapsed receipt survives reopen and replays its first result after later clock commits (36.396666ms)
✔ old run elapsed refuses before receipt lookup after replacement without Host.random (5.361375ms)
✔ unknown elapsed COMMIT fences trusted and player delivery until the real receipt reconciles (5.551084ms)
✔ modal scene keeps Continue-only player controls while elapsed time commits (10.66775ms)
✔ malformed stored command JSON conflicts without state or receipt changes (3.407042ms)
✔ malformed stored response JSON conflicts without state or receipt changes (2.997958ms)
✔ healthy elapsed delivery preserves actual SQLite receipt-read failures (3.320416ms)
✔ openStory.invoke refuses a failing chat on Bram by its key (25.322417ms)
✔ a new save allocates and pins its identity; a restart and a replay reuse it (10.234458ms)
✔ a save whose pinned release is missing is refused untouched; a new game moves on (6.520375ms)
✔ a save of an unknown format is refused with nothing written and no new game (8.201208ms)
✔ a damaged identity is save_corrupt and untouched; its new game repairs it (95.274791ms)
✔ an app update reopens a save on its pinned release; new games pin the newest (5.20625ms)
✔ a save that does not parse is save_corrupt until the player starts a new game (16.6905ms)
✔ a new game replaces the save; an old invocation id is new again (4.719375ms)
✔ a new game that fails part way leaves the old save and memory (2.90725ms)
✔ a new game settles a pending attempt first, in the run it was made in (5.619792ms)
✔ a new game whose COMMIT is unknown is fenced; settling it moves play to the new run (5.779042ms)
✔ a new game whose COMMIT fails keeps the old save, memory and receipts (4.807208ms)
✔ a committed new game is adopted before play; a retry does not replace it twice (4.462333ms)
✔ a corrupt save's new game settles its COMMIT like any other (10.252ms)
✔ a new run's entries missed by the trace follow its own header (4.832375ms)
✔ a new game after a settled one replaces the save again (5.35325ms)
✔ a pending start over whose retry fails shows that error, not "not confirmed" (16.729625ms)
ℹ tests 24
ℹ suites 0
ℹ pass 24
ℹ fail 0
ℹ cancelled 0
ℹ skipped 0
ℹ todo 0
ℹ duration_ms 396.295541
