✔ elapsed receipt survives reopen and replays its first result after later clock commits (42.285459ms)
✔ old run elapsed refuses before receipt lookup after replacement without Host.random (4.541292ms)
✔ unknown elapsed COMMIT fences trusted and player delivery until the real receipt reconciles (3.955375ms)
✔ modal scene keeps Continue-only player controls while elapsed time commits (10.48ms)
✔ malformed stored command JSON conflicts without state or receipt changes (3.000417ms)
✔ malformed stored response JSON conflicts without state or receipt changes (2.858125ms)
✔ healthy elapsed delivery preserves actual SQLite receipt-read failures (3.561458ms)
✔ openStory.invoke refuses a failing chat on Bram by its key (21.72675ms)
✔ a new save allocates and pins its identity; a restart and a replay reuse it (9.9405ms)
✔ a save whose pinned release is missing is refused untouched; a new game moves on (5.823666ms)
✔ a save of an unknown format is refused with nothing written and no new game (7.762042ms)
✔ a damaged identity is save_corrupt and untouched; its new game repairs it (96.591333ms)
✔ an app update reopens a save on its pinned release; new games pin the newest (4.818125ms)
✔ a save that does not parse is save_corrupt until the player starts a new game (16.572791ms)
✔ a new game replaces the save; an old invocation id is new again (7.786958ms)
✔ a new game that fails part way leaves the old save and memory (2.862709ms)
✔ a new game settles a pending attempt first, in the run it was made in (4.401584ms)
✔ a new game whose COMMIT is unknown is fenced; settling it moves play to the new run (4.892291ms)
✔ a new game whose COMMIT fails keeps the old save, memory and receipts (3.545708ms)
✔ a committed new game is adopted before play; a retry does not replace it twice (5.257083ms)
✔ a corrupt save's new game settles its COMMIT like any other (10.614166ms)
✔ a new run's entries missed by the trace follow its own header (6.064125ms)
✔ a new game after a settled one replaces the save again (5.347916ms)
✔ a pending start over whose retry fails shows that error, not "not confirmed" (16.717ms)
ℹ tests 24
ℹ suites 0
ℹ pass 24
ℹ fail 0
ℹ cancelled 0
ℹ skipped 0
ℹ todo 0
ℹ duration_ms 405.636583
