✔ base1000 accounting preserves exact safe boundary quotients and rejects target overflow (0.98225ms)
✔ 9ms and reopened 11ms commit one unit and preserve the durable fractional account (25.41225ms)
✔ negative wall resume rebases without credit then credits the next 20ms (4.83425ms)
✔ a fixed 36hour horizon commits all four daily boundaries in order (7.056916ms)
✔ sixteen segments yield and one reserved input completes at its original finite horizon (13.448875ms)
✔ a current choice crossing departure refuses presence while Leave still closes its continuation (5.845208ms)
✔ preexisting stale input does not account time and synchronous success emits no completion (3.849083ms)
✖ trusted explicit v2 advance raises its durable target and missing checkpoints refuse (5.626333ms)
✔ an elapsed managed session without clocks fails with a typed refusal (4.041625ms)
✔ resume extends durable target debt rather than a lagging head (9.664375ms)
✔ unexpected closed checkpoint evidence blocks play as corrupt until confirmed Start over (5.682167ms)
✔ a valid durable replacement invalidates an old fenced clock and input without writes (6.706834ms)
✔ malformed v2 checkpoints and heads refuse without rewriting their progress (29.169958ms)
✔ a managed v1 upgrade starts its durable account at the actual opening clocks (4.020833ms)
✔ a committed unknown elapsed segment with corrupt checkpoint completes its input as blocked (3.145ms)
✔ a valid replacement during unknown positive elapsed invalidates the old pending input (6.506666ms)
✔ a private reservation rejects another intent and retains its original bounded input (9.74225ms)
ℹ tests 17
ℹ suites 0
ℹ pass 16
ℹ fail 1
ℹ cancelled 0
ℹ skipped 0
ℹ todo 0
ℹ duration_ms 265.4415

✖ failing tests:

test at mobile/authority/local-story/elapsed-driver.test.ts:188:1
✖ trusted explicit v2 advance raises its durable target and missing checkpoints refuse (5.626333ms)
  AssertionError [ERR_ASSERTION]: Expected values to be strictly deep-equal:
  + actual - expected
  
    {
      remainder: 0,
  +   target: 64800,
  -   target: 64801,
      wall_ms: 10000
    }
  
      at TestContext.<anonymous> (file://[private-path]:212:10)
      at Test.runInAsyncScope (node:async_hooks:227:14)
      at Test.run (node:internal/test_runner/test:1402:25)
      at Test.processPendingSubtests (node:internal/test_runner/test:974:18)
      at Test.postRun (node:internal/test_runner/test:1542:19)
      at Test.run (node:internal/test_runner/test:1467:12)
      at async Test.processPendingSubtests (node:internal/test_runner/test:974:7) {
    generatedMessage: true,
    code: 'ERR_ASSERTION',
    actual: { wall_ms: 10000, remainder: 0, target: 64800 },
    expected: { wall_ms: 10000, remainder: 0, target: 64801 },
    operator: 'deepStrictEqual',
    diff: 'simple'
  }
