(node:51046) [MODULE_TYPELESS_PACKAGE_JSON] Warning: Module type of file://[local-path] is not specified and it doesn't parse as CommonJS.
Reparsing as ES module because module syntax was detected. This incurs a performance overhead.
To eliminate this warning, add "type": "module" to [local-path]
(Use `node --trace-warnings ...` to show where the warning was created)
✔ E1 SQLite case requires complete fault schedule and committed commands (1970.700917ms)
✔ E1 binds only the witnessed study_tracks consequence after semantic replay (6495.238541ms)
✔ E1 binds the exact study_tracks recipe and required policy from committed performance (2689.354583ms)
✔ E1 binds the two bell assignments and the epilogue event to accepted receipts (8018.401833ms)
✔ E1 witnesses an opened dialogue and only its accepted choice (1209.827625ms)
✔ E1 binds each required predicate of the selected Elspeth report dialogue (2707.050875ms)
✔ E1 binds modal scene steps only to accepted acknowledgements (13326.212417ms)
✔ E1 binds both selected dream branches and acknowledged scene steps (5507.230083ms)
(node:51047) [MODULE_TYPELESS_PACKAGE_JSON] Warning: Module type of file://[local-path] is not specified and it doesn't parse as CommonJS.
Reparsing as ES module because module syntax was detected. This incurs a performance overhead.
To eliminate this warning, add "type": "module" to [local-path]
(Use `node --trace-warnings ...` to show where the warning was created)
✔ E1 binds Maud objective only on its committed resolved transition (14135.167542ms)
✔ E1 binds selected dialogue fact adjustment and assignment from committed receipt (13984.930125ms)
✔ E1 binds only visible entity definitions after committed room entry (2383.643916ms)
✔ E1 binds only the used ferry route on committed arrival (1799.036333ms)
ℹ tests 12
ℹ suites 0
ℹ pass 12
ℹ fail 0
ℹ cancelled 0
ℹ skipped 0
ℹ todo 0
ℹ duration_ms 43000.537708

exit_status=0
