(node:54882) [MODULE_TYPELESS_PACKAGE_JSON] Warning: Module type of file://[local-path] is not specified and it doesn't parse as CommonJS.
Reparsing as ES module because module syntax was detected. This incurs a performance overhead.
To eliminate this warning, add "type": "module" to [local-path]
(Use `node --trace-warnings ...` to show where the warning was created)
✖ E1 binds sedge_swim/learn membership only to its resolved committed effect (383.057542ms)
✖ E1 binds b_wisp_riddle/answer membership only to its resolved committed effect (746.577ms)
ℹ tests 2
ℹ suites 0
ℹ pass 0
ℹ fail 2
ℹ cancelled 0
ℹ skipped 0
ℹ todo 0
ℹ duration_ms 1723.267458

✖ failing tests:

test at kernel/ts/test/e1_knowledge_effects.test.ts:48:3
✖ E1 binds sedge_swim/learn membership only to its resolved committed effect (383.057542ms)
  AssertionError [ERR_ASSERTION]: Expected values to be strictly equal:
  
  true !== false
  
      at file://[local-path]
      at observe (file://[local-path]
      at send (file://[local-path]
      at invoke (file://[local-path]
      at Object.choose (file://[local-path]
      at learnSwim (file://[local-path]
      at TestContext.<anonymous> (file://[local-path]
      at Test.runInAsyncScope (node:async_hooks:227:14)
      at Test.run (node:internal/test_runner/test:1402:25)
      at Test.start (node:internal/test_runner/test:1262:17) {
    generatedMessage: true,
    code: 'ERR_ASSERTION',
    actual: true,
    expected: false,
    operator: 'strictEqual',
    diff: 'simple'
  }

test at kernel/ts/test/e1_knowledge_effects.test.ts:48:3
✖ E1 binds b_wisp_riddle/answer membership only to its resolved committed effect (746.577ms)
  AssertionError [ERR_ASSERTION]: Expected values to be strictly equal:
  
  true !== false
  
      at file://[local-path]
      at observe (file://[local-path]
      at send (file://[local-path]
      at invoke (file://[local-path]
      at Object.choose (file://[local-path]
      at wispWard (file://[local-path]
      at TestContext.<anonymous> (file://[local-path]
      at Test.runInAsyncScope (node:async_hooks:227:14)
      at Test.run (node:internal/test_runner/test:1402:25)
      at Test.processPendingSubtests (node:internal/test_runner/test:974:18) {
    generatedMessage: true,
    code: 'ERR_ASSERTION',
    actual: true,
    expected: false,
    operator: 'strictEqual',
    diff: 'simple'
  }

exit_status=1
