(node:54909) [MODULE_TYPELESS_PACKAGE_JSON] Warning: Module type of file://[local-path] is not specified and it doesn't parse as CommonJS.
Reparsing as ES module because module syntax was detected. This incurs a performance overhead.
To eliminate this warning, add "type": "module" to [local-path]
(Use `node --trace-warnings ...` to show where the warning was created)
✔ E1 SQLite case requires complete fault schedule and committed commands (943.680291ms)
✔ E1 binds only the witnessed study_tracks consequence after semantic replay (2316.389125ms)
✔ E1 binds the exact study_tracks recipe and required policy from committed performance (1071.077042ms)
✔ E1 binds the two bell assignments and the epilogue event to accepted receipts (2816.221042ms)
✔ E1 witnesses an opened dialogue and only its accepted choice (387.646709ms)
✔ E1 binds each required predicate of the selected Elspeth report dialogue (1089.998167ms)
✔ E1 binds modal scene steps only to accepted acknowledgements (4390.47625ms)
✔ E1 binds both selected dream branches and acknowledged scene steps (2348.472875ms)
(node:54910) [MODULE_TYPELESS_PACKAGE_JSON] Warning: Module type of file://[local-path] is not specified and it doesn't parse as CommonJS.
Reparsing as ES module because module syntax was detected. This incurs a performance overhead.
To eliminate this warning, add "type": "module" to [local-path]
(Use `node --trace-warnings ...` to show where the warning was created)
✔ E1 binds sedge_swim/learn membership only to its resolved committed effect (1161.021167ms)
✔ E1 binds b_wisp_riddle/answer membership only to its resolved committed effect (2716.383333ms)
(node:54911) [MODULE_TYPELESS_PACKAGE_JSON] Warning: Module type of file://[local-path] is not specified and it doesn't parse as CommonJS.
Reparsing as ES module because module syntax was detected. This incurs a performance overhead.
To eliminate this warning, add "type": "module" to [local-path]
(Use `node --trace-warnings ...` to show where the warning was created)
✔ E1 binds Maud objective only on its committed resolved transition (5432.476542ms)
✔ E1 binds selected dialogue fact adjustment and assignment from committed receipt (4956.417083ms)
✔ E1 binds only visible entity definitions after committed room entry (798.939125ms)
✔ E1 binds only the used ferry route on committed arrival (645.101375ms)
ℹ tests 14
ℹ suites 0
ℹ pass 14
ℹ fail 0
ℹ cancelled 0
ℹ skipped 0
ℹ todo 0
ℹ duration_ms 16019.821125

exit_status=0
