$ mise exec -- node --test --test-reporter=spec mobile/authority/local-story/practical_skills.test.ts mobile/authority/local-story/c4_pack.test.ts mobile/app/book/practical_skills.test.ts mobile/app/book/combat.test.ts mobile/authority/local-story/transport.test.ts
(node:46731) [MODULE_TYPELESS_PACKAGE_JSON] Warning: Module type of file://[redacted]/mobile/app/book/combat.test.ts is not specified and it doesn't parse as CommonJS.
Reparsing as ES module because module syntax was detected. This incurs a performance overhead.
To eliminate this warning, add "type": "module" to [redacted]/mobile/app/package.json.
(Use `node --trace-warnings ...` to show where the warning was created)
✔ combat component shows the exact active pack and marks the current primary (8.653ms)
✔ combat page lists offered controls vertically below history in one scroll (9.029333ms)
✔ committed opponent death narrates once through the existing subscription (2.611875ms)
✔ confirmed encounter foregrounds another page and closure or death restores the World (13.502875ms)
✔ Attack opens its committed page; pending and refused Flee stay until committed escape (5.008542ms)
✔ reopening an encounter restores the combat page and last committed narration (1.186667ms)
✔ reopening after escape or either death never restores combat into the World log (6.238125ms)
(node:46735) [MODULE_TYPELESS_PACKAGE_JSON] Warning: Module type of file://[redacted]/mobile/app/book/practical_skills.test.ts is not specified and it doesn't parse as CommonJS.
Reparsing as ES module because module syntax was detected. This incurs a performance overhead.
To eliminate this warning, add "type": "module" to [redacted]/mobile/app/package.json.
(Use `node --trace-warnings ...` to show where the warning was created)
✔ Book teacher detail to learned patch/shop controls sends the exact loaded offer and refreshes after cold open (908.613125ms)
✔ SQLite reopens a rotated pack then a wounded hound flight with one surviving encounter (50.113125ms)
✔ failed SQLite flight COMMIT keeps the old pack then exact retry flies once (34.781833ms)
✔ both original 2p teachers learn below qualification, refuse low funds and replay one receipt on disk (1396.048625ms)
✔ careful harvest and discounted Buy retain historical truth across cold opens and later custody/qualification (768.875542ms)
✔ all three new writers reconcile real failed COMMIT and lost acknowledgement, fence, reopen and replay once (2411.249625ms)
✔ corrupt two-item receipt and fully funded forged discounted quote refuse without rewriting the save (501.940542ms)
(node:46740) [MODULE_TYPELESS_PACKAGE_JSON] Warning: Module type of file://[redacted]/mobile/app/book/presenter.ts is not specified and it doesn't parse as CommonJS.
Reparsing as ES module because module syntax was detected. This incurs a performance overhead.
To eliminate this warning, add "type": "module" to [redacted]/mobile/app/package.json.
(Use `node --trace-warnings ...` to show where the warning was created)
✔ paid crossing, free Sedge lesson, six-room exploration and return reopen at committed boundaries (967.249917ms)
✔ forged ferry receipts and saved custody refuse typed corruption without changing the database (973.973209ms)
✔ real failed and uncertain COMMIT outcomes fence paid/free crossing and lesson then replay once (1926.891375ms)
✔ Book projects an exact boarding control and restores one committed endpoint result (171.362917ms)
✔ the original following Wren crosses once without rescue credit; separated Wren stays behind (393.574667ms)
✔ actual Chapel death return reaches the dark-loft corpse without gear and retains every nested identity on cold reopen (1224.698333ms)
✔ a transport-only cartridge validates crossing receipts without another producer (191.27725ms)
ℹ tests 21
ℹ suites 0
ℹ pass 21
ℹ fail 0
ℹ cancelled 0
ℹ skipped 0
ℹ todo 0
ℹ duration_ms 10442.912792

exit_status=0
