$ mise exec -- node --test --test-reporter=spec mobile/app/book/practical_skills.test.ts
(node:49412) [MODULE_TYPELESS_PACKAGE_JSON] Warning: Module type of file://[redacted]/mobile/app/book/practical_skills.test.ts is not specified and it doesn't parse as CommonJS.
Reparsing as ES module because module syntax was detected. This incurs a performance overhead.
To eliminate this warning, add "type": "module" to [redacted]/mobile/app/package.json.
(Use `node --trace-warnings ...` to show where the warning was created)
✖ Book teacher detail to learned patch/shop controls sends the exact loaded offer and refreshes after cold open (764.881584ms)
ℹ tests 1
ℹ suites 0
ℹ pass 0
ℹ fail 1
ℹ cancelled 0
ℹ skipped 0
ℹ todo 0
ℹ duration_ms 1409.288875

✖ failing tests:

test at mobile/app/book/practical_skills.test.ts:12:1
✖ Book teacher detail to learned patch/shop controls sends the exact loaded offer and refreshes after cold open (764.881584ms)
  AssertionError [ERR_ASSERTION]: The expression evaluated to a falsy value:
  
    assert.ok(careful)
  
      at TestContext.<anonymous> (file://[redacted]/mobile/app/book/practical_skills.test.ts:30:10)
      at Test.runInAsyncScope (node:async_hooks:227:14)
      at Test.run (node:internal/test_runner/test:1402:25)
      at Test.start (node:internal/test_runner/test:1262:17)
      at startSubtestAfterBootstrap (node:internal/test_runner/harness:387:17)
      at process.processTicksAndRejections (node:internal/process/task_queues:104:5) {
    generatedMessage: true,
    code: 'ERR_ASSERTION',
    actual: undefined,
    expected: true,
    operator: '==',
    diff: 'simple'
  }

exit_status=1
