kernel/ts/play/main.ts:2: info: size: allow 315, one terminal session: its loop, each command's dispatch and the replay
kernel/ts/src/content/cartridge_dialogues.ts:192: info: size: allow 52, one authored option validates its mutually constrained effects together
kernel/ts/src/content/cartridge_refs.ts:161: info: size: allow 60, reference checks retain the existing ordered stage plus carrying opt-in checks
kernel/ts/src/foundation/compose.ts:106: info: size: allow 44, exhaustive dispatch over closed liquid, choice and patrol operations
kernel/ts/src/foundation/compose_patrol.ts:6: info: size: allow 60, full-prior row and closed attempt lifecycle share one portable precondition
kernel/ts/src/foundation/compose_target.ts:7: size marker not needed, 39 lines
kernel/ts/src/foundation/validate.ts:86: info: size: allow 55, closed-keyword dispatch includes scene trigger alternatives
kernel/ts/src/mechanics/containment/rule.ts:28: info: size: allow 52, finite Harvest joins the existing conserved-transfer decision
kernel/ts/src/mechanics/containment/shared.ts:158: info: size: allow 50, one bounded pair query keeps source, reach, lid, ancestry and capacity admission together
kernel/ts/src/mechanics/dialogue/exchange.ts:31: info: size: allow 50, shared funded readiness rechecks exact bound stock and final load
kernel/ts/src/mechanics/dialogue/rule.ts:152: info: size: allow 60, one choice lowers its bound quest, custody, payment and events atomically
kernel/ts/src/mechanics/dialogue/shared.ts:1: size marker not needed, 288 lines
kernel/ts/src/mechanics/dialogue/shared.ts:86: info: size: allow 55, dialogue availability and bound custody share one admission check
kernel/ts/src/mechanics/dialogue/shared.ts:203: info: size: allow 55, exact drawn choice input shares keyed admission and mechanic eligibility
kernel/ts/src/mechanics/dialogue/shared.ts:204: function choiceView, 56 lines, limit 55
kernel/ts/src/mechanics/quest/lifecycle.ts:43: info: size: allow 45, exact retirement joins bound activation and optional deadline scheduling
kernel/ts/src/mechanics/reaction.ts:60: info: size: allow 58, one ordered delivery lowers fact assignments and quest effects
kernel/ts/src/mechanics/schedule/rule.ts:27: info: size: allow 45, schedule dispatch retains its due job and elapsed clock paths
kernel/ts/src/mechanics/schedule/rule.ts:70: info: size: allow 50, one expiry checks its bound occurrence and commits status, trust and job together
kernel/ts/src/runtime/invariants.ts:1: info: size: allow 315, independent retirement pairing joins precondition replay
kernel/ts/src/runtime/invariants.ts:1: file, 318 lines, limit 315
kernel/ts/src/runtime/invariants.ts:200: info: size: allow 46, independent retirement pairing joins existing ordered precondition replay
kernel/ts/src/runtime/invariants.ts:201: function delta_preconditions_hold, 48 lines, limit 46
kernel/ts/src/runtime/invariants_patrol.ts:28: info: size: allow 50, independent lifecycle proof covers every retained attempt transition
kernel/ts/src/runtime/proposal.ts:1: info: size: allow 315, typed quest reactions join the existing FIFO admission/causation path
kernel/ts/src/runtime/proposal.ts:215: info: size: allow 45, one existing FIFO loop admits typed quest reaction deliveries
kernel/ts/src/view/action_lists.ts:44: info: size: allow 60, one composed ActionSet/query context projects item and exact-subject Notice offers
kernel/ts/src/view/action_lists.ts:142: info: size: allow 50, exact detail harvest joins shared action admission and projection
kernel/ts/test/containment.test.ts:1: info: size: allow 555, containment and carrying behavior share the same minimal custody fixture
kernel/ts/test/dialogue.test.ts:1: info: size: allow 603, dialogue@1's rule and loader checks, story points included, share the ferry harness
kernel/ts/test/sim.ts:1: info: size: allow 515, the existing headless action generator also consumes exact service offers
mobile/app/book/Book.tsx:186: info: size: allow 45, footer keeps standalone Leave and nested Back alongside status and faults
mobile/app/book/Footer.tsx:35: function Footer, 69 lines, limit 40
mobile/app/book/Footer.tsx:191: function Status, 47 lines, limit 40
mobile/app/book/Menu.tsx:66: info: size: allow 45, bounded tile editing and submission share one local buffer
mobile/app/book/model.ts:1: info: size: allow 350, current shop quotes join the shared button/freshness builder
mobile/app/book/model.ts:231: info: size: allow 60, one offer-to-button conversion serves place/entity/Notice and quoted shop actions
mobile/app/book/notice_board.test.ts:1: info: size: allow 650, Read and Study routes/retry/recovery share one controlled Book renderer
mobile/app/book/notices.tsx:111: info: size: allow 45, ordered description/history/Notice options share one detail page
mobile/app/book/pages.tsx:3: info: size: allow 325, established book pages with projected notice entries
mobile/app/book/pages.tsx:1: file, 339 lines, limit 325
mobile/app/book/pages.tsx:56: info: size: allow 50, room layout retains local detail entries and ordinary place actions
mobile/app/book/polish.test.ts:2: info: size: allow 750, Book routes, elapsed completion and carrying note regressions share one real-session adapter
mobile/app/book/presenter.ts:77: info: size: allow 55, receipt-specific Read/recipe routing joins existing item, combat and conversation histories
mobile/authority/local-story/bell-save.ts:26: function bellSave, 85 lines, limit 40
mobile/authority/local-story/bell-save.ts:112: function choiceReceipt, 135 lines, limit 40
mobile/authority/local-story/bell-save.ts:132: function <anonymous>, 114 lines, limit 40
mobile/authority/local-story/bell.test.ts:1: file, 833 lines, limit 500
mobile/authority/local-story/commerce-save.ts:27: info: size: allow 60, one ordered reconciliation loop joins exact money and custody evidence
mobile/authority/local-story/commerce-save.ts:125: info: size: allow 50, bind one whole exchange to its command, item, payment and acquired event
mobile/authority/local-story/deadline-save.ts:1: file, 373 lines, limit 300
mobile/authority/local-story/deadline-save.ts:26: function deadlineSave, 178 lines, limit 40
mobile/authority/local-story/deadline-save.ts:205: function terminalAxis, 42 lines, limit 40
mobile/authority/local-story/deadline-save.ts:293: function expiryReceipt, 81 lines, limit 40
mobile/authority/local-story/deadline-save.ts:307: function <anonymous>, 66 lines, limit 40
mobile/authority/local-story/dialogue-receipt.ts:26: info: size: allow 60, one trust boundary checks original command, binding and narration identity
mobile/authority/local-story/dialogue-receipt.ts:166: info: size: allow 42, exact authored transition binds original identity and receipt effect
mobile/authority/local-story/dialogue-save.ts:19: info: size: allow 56, one load boundary checks the original receive and its current terminal/custody evidence
mobile/authority/local-story/dialogue-save.ts:20: function dialogueSave, 58 lines, limit 56
mobile/authority/local-story/dialogue-save.ts:114: function checkAssignments, 43 lines, limit 40
mobile/authority/local-story/dialogue-save.ts:158: info: size: allow 46, terminal receipt, quest, status and original custody must agree at one load boundary
mobile/authority/local-story/dialogue-save.ts:159: function handoff, 48 lines, limit 46
mobile/authority/local-story/finale-save.ts:34: function finaleSave, 264 lines, limit 40
mobile/authority/local-story/local_story.test.ts:1: info: size: allow 650, every local authority case (restart, receipts, COMMIT faults, kill, trace, jobs, reactions, narration, choices) shares this harness
mobile/authority/local-story/missing_child.test.ts:1: info: size: allow 610, current chapter/search persistence regressions share one real SQLite harness
mobile/authority/local-story/saves.test.ts:1: info: size: allow 560, every save-open outcome shares this file's one-process harness
mobile/authority/local-story/store.ts:2: info: size: allow 304, shared save boundary retains quest reference checks before receipt recovery
mobile/authority/local-story/store.ts:1: file, 307 lines, limit 304
mobile/authority/local-story/store.ts:101: info: size: allow 52, one save-load boundary checks elapsed, quest references and pinned resource rows
mobile/authority/local-story/store.ts:266: function commit, 42 lines, limit 40
mobile/authority/local-story/vesper_message.test.ts:1: info: size: allow 590, message receipt, custody, corruption and COMMIT recovery share one real SQLite journey
