omitted payment
✖ literal room/meal/ale outcomes conserve exact money, stock and capped MV (228.91225ms)
✖ bound second provider pays and consumes its own stock; only service can assign entitlement (35.28325ms)
✖ room-before-Rest, meal, partial/empty ale reopen and exact retries preserve the next real consumer (338.96775ms)
✖ real failed COMMIT and both uncertain outcomes keep room/meal/ale all old or all new (79.390875ms)
✖ real Book captured alias press and lost acknowledgement restore one original-Maud line (99.6985ms)
✖ S1 remains reachable beside services and same-body fatal return reopens the paid bed truth (106.476416ms)
✖ failing tests:
test at kernel/ts/test/service.test.ts:23:1
✖ literal room/meal/ale outcomes conserve exact money, stock and capped MV (228.91225ms)
  AssertionError [ERR_ASSERTION]: Expected values to be strictly deep-equal:
test at kernel/ts/test/service.test.ts:246:1
✖ bound second provider pays and consumes its own stock; only service can assign entitlement (35.28325ms)
  AssertionError [ERR_ASSERTION]: Expected values to be strictly deep-equal:
test at mobile/authority/local-story/service.test.ts:102:1
✖ room-before-Rest, meal, partial/empty ale reopen and exact retries preserve the next real consumer (338.96775ms)
test at mobile/authority/local-story/service.test.ts:246:1
✖ real failed COMMIT and both uncertain outcomes keep room/meal/ale all old or all new (79.390875ms)
  AssertionError [ERR_ASSERTION]: {"kind":"save_corrupt"}
test at mobile/authority/local-story/service.test.ts:295:1
✖ real Book captured alias press and lost acknowledgement restore one original-Maud line (99.6985ms)
  AssertionError [ERR_ASSERTION]: Expected values to be strictly deep-equal:
test at mobile/authority/local-story/service.test.ts:360:1
✖ S1 remains reachable beside services and same-body fatal return reopens the paid bed truth (106.476416ms)
  AssertionError [ERR_ASSERTION]: {"kind":"save_corrupt"}
omitted meal stock
✖ literal room/meal/ale outcomes conserve exact money, stock and capped MV (110.513959ms)
✖ bound second provider pays and consumes its own stock; only service can assign entitlement (46.563708ms)
✖ room-before-Rest, meal, partial/empty ale reopen and exact retries preserve the next real consumer (339.49875ms)
✖ forged bounded service rows and swapped/omitted historical service evidence refuse without repair (266.078208ms)
✖ real failed COMMIT and both uncertain outcomes keep room/meal/ale all old or all new (365.669166ms)
✖ S1 remains reachable beside services and same-body fatal return reopens the paid bed truth (396.564041ms)
✖ failing tests:
test at kernel/ts/test/service.test.ts:23:1
✖ literal room/meal/ale outcomes conserve exact money, stock and capped MV (110.513959ms)
  AssertionError [ERR_ASSERTION]: Expected values to be strictly equal:
test at kernel/ts/test/service.test.ts:246:1
✖ bound second provider pays and consumes its own stock; only service can assign entitlement (46.563708ms)
  AssertionError [ERR_ASSERTION]: Expected values to be strictly equal:
test at mobile/authority/local-story/service.test.ts:102:1
✖ room-before-Rest, meal, partial/empty ale reopen and exact retries preserve the next real consumer (339.49875ms)
  AssertionError [ERR_ASSERTION]: Expected values to be strictly deep-equal:
test at mobile/authority/local-story/service.test.ts:153:1
✖ forged bounded service rows and swapped/omitted historical service evidence refuse without repair (266.078208ms)
  AssertionError [ERR_ASSERTION]: meals
test at mobile/authority/local-story/service.test.ts:246:1
✖ real failed COMMIT and both uncertain outcomes keep room/meal/ale all old or all new (365.669166ms)
  AssertionError [ERR_ASSERTION]: Expected values to be strictly deep-equal:
test at mobile/authority/local-story/service.test.ts:360:1
✖ S1 remains reachable beside services and same-body fatal return reopens the paid bed truth (396.564041ms)
  AssertionError [ERR_ASSERTION]: Expected values to be strictly equal:
wrong bound service
✖ literal room/meal/ale outcomes conserve exact money, stock and capped MV (123.499916ms)
✖ service refusal rolls back every row and respects exact provider, quote and complete serving (860.240333ms)
✖ loaded differently named service keys project exactly the captured invocation admission (72.252125ms)
✖ old-rate elapsed settlement precedes meal and actual targetless bed Rest (58.6485ms)
✖ bound second provider pays and consumes its own stock; only service can assign entitlement (70.005041ms)
✖ room-before-Rest, meal, partial/empty ale reopen and exact retries preserve the next real consumer (365.477834ms)
✖ forged bounded service rows and swapped/omitted historical service evidence refuse without repair (133.101541ms)
✖ real failed COMMIT and both uncertain outcomes keep room/meal/ale all old or all new (426.3105ms)
✖ real Book captured alias press and lost acknowledgement restore one original-Maud line (157.907958ms)
✖ S1 remains reachable beside services and same-body fatal return reopens the paid bed truth (363.343334ms)
✖ failing tests:
test at kernel/ts/test/service.test.ts:23:1
✖ literal room/meal/ale outcomes conserve exact money, stock and capped MV (123.499916ms)
  AssertionError [ERR_ASSERTION]: Expected values to be strictly equal:
test at kernel/ts/test/service.test.ts:64:1
✖ service refusal rolls back every row and respects exact provider, quote and complete serving (860.240333ms)
  AssertionError [ERR_ASSERTION]: Expected values to be strictly equal:
test at kernel/ts/test/service.test.ts:159:1
✖ loaded differently named service keys project exactly the captured invocation admission (72.252125ms)
  AssertionError [ERR_ASSERTION]: Expected values to be strictly equal:
test at kernel/ts/test/service.test.ts:189:1
✖ old-rate elapsed settlement precedes meal and actual targetless bed Rest (58.6485ms)
  AssertionError [ERR_ASSERTION]: Expected values to be strictly equal:
test at kernel/ts/test/service.test.ts:246:1
✖ bound second provider pays and consumes its own stock; only service can assign entitlement (70.005041ms)
  AssertionError [ERR_ASSERTION]: Expected values to be strictly equal:
test at mobile/authority/local-story/service.test.ts:102:1
✖ room-before-Rest, meal, partial/empty ale reopen and exact retries preserve the next real consumer (365.477834ms)
  AssertionError [ERR_ASSERTION]: {"kind":"saved","replay":false,"revision":1,"decision":{"kind":"rejected","error":{"code":"invalid_state"}}}
test at mobile/authority/local-story/service.test.ts:153:1
✖ forged bounded service rows and swapped/omitted historical service evidence refuse without repair (133.101541ms)
  AssertionError [ERR_ASSERTION]: {"kind":"saved","replay":false,"revision":1,"decision":{"kind":"rejected","error":{"code":"invalid_state"}}}
test at mobile/authority/local-story/service.test.ts:246:1
✖ real failed COMMIT and both uncertain outcomes keep room/meal/ale all old or all new (426.3105ms)
  AssertionError [ERR_ASSERTION]: Expected values to be strictly deep-equal:
test at mobile/authority/local-story/service.test.ts:295:1
✖ real Book captured alias press and lost acknowledgement restore one original-Maud line (157.907958ms)
test at mobile/authority/local-story/service.test.ts:360:1
✖ S1 remains reachable beside services and same-body fatal return reopens the paid bed truth (363.343334ms)
  AssertionError [ERR_ASSERTION]: {"kind":"saved","replay":false,"revision":3,"decision":{"kind":"rejected","error":{"code":"invalid_state"}}}
bypassed keyed view admission
✖ loaded differently named service keys project exactly the captured invocation admission (140.4575ms)
✖ failing tests:
test at kernel/ts/test/service.test.ts:159:1
✖ loaded differently named service keys project exactly the captured invocation admission (140.4575ms)
  AssertionError [ERR_ASSERTION]: Expected values to be strictly equal:
Book key equals command filter
✖ real Book captured alias press and lost acknowledgement restore one original-Maud line (89.062583ms)
✖ failing tests:
test at mobile/authority/local-story/service.test.ts:295:1
✖ real Book captured alias press and lost acknowledgement restore one original-Maud line (89.062583ms)
free entitlement writer
✖ bound second provider pays and consumes its own stock; only service can assign entitlement (60.080583ms)
✖ failing tests:
test at kernel/ts/test/service.test.ts:246:1
✖ bound second provider pays and consumes its own stock; only service can assign entitlement (60.080583ms)
  AssertionError [ERR_ASSERTION]: Missing expected exception.
loader accepts regenerating service stock
✖ loader refuses service bindings that cannot produce exact immediate outcomes (335.340417ms)
✖ failing tests:
test at kernel/ts/test/cartridge_services.test.ts:13:1
✖ loader refuses service bindings that cannot produce exact immediate outcomes (335.340417ms)
  AssertionError [ERR_ASSERTION]: regenerating stock
compiler accepts regenerating service stock
Result: 0/1 passed
Failed: 1 test
