kernel/ts/src/commands/actions.ts:1: info: size: allow 310, service aliases bind their exact action key, provider target and captured input
kernel/ts/src/content/cartridge.ts:1: info: size: allow 310, the artifact loader includes the consumed service definitions and validation stage
kernel/ts/src/content/cartridge_position.ts:27: info: size: allow 55, one existing write-site walk checks scene, skill, patrol trust and paid-entitlement ownership
kernel/ts/src/mechanics/service/shared.ts:28: info: size: allow 45, one provider/payment query admits its typed immediate benefit before allocation
kernel/ts/src/view/action_lists.ts:44: info: size: allow 60, one composed ActionSet/query context projects item and exact-subject Notice offers
kernel/ts/src/view/action_lists.ts:142: info: size: allow 50, exact detail harvest joins shared action admission and projection
kernel/ts/src/view/notice_boards.ts:10: info: size: allow 45, standalone detail projection includes the paid bed with ordinary Rest
kernel/ts/src/view/services.ts:7: info: size: allow 50, one exact provider offer projects its quoted invocation and shared admission reason
kernel/ts/src/view/view.ts:1: info: size: allow 330, current GameView includes bounded patrol and exact provider-service projection
kernel/ts/src/view/view.ts:266: info: size: allow 45, existing journal projection includes finite patrol state and actual leader route
kernel/ts/test/sim.ts:1: file, 508 lines, limit 500
mobile/app/book/Book.tsx:1: info: size: allow 330, notice routes and targetless bed Rest share the existing Book shell
mobile/app/book/Book.tsx:198: info: size: allow 45, footer keeps standalone Leave and nested Back alongside status and faults
mobile/app/book/Book.tsx:286: info: size: allow 45, current Book page dispatch including board and notice details
mobile/app/book/Menu.tsx:66: info: size: allow 45, bounded tile editing and submission share one local buffer
mobile/app/book/Menu.tsx:120: info: size: allow 60, one ordered NPC detail joins description, history, dialogue and finite service offers
mobile/app/book/model.ts:1: info: size: allow 390, finite shop and service quotes join the shared button/freshness builder
mobile/app/book/model.ts:230: info: size: allow 60, one offer-to-button conversion serves place/entity/Notice and quoted shop actions
mobile/app/book/notices.tsx:111: info: size: allow 45, ordered description/history/Notice options share one detail page
mobile/authority/local-story/commerce-save.ts:27: info: size: allow 60, one ordered reconciliation loop joins exact money and custody evidence
mobile/authority/local-story/commerce-save.ts:28: function commerceSave, 79 lines, limit 60
mobile/authority/local-story/commerce-save.ts:144: info: size: allow 50, bind one whole exchange to its command, item, payment and acquired event
