Break: omit the two extracted renderer files from the explicit own-file allowlist.
Older boundary controls exit 0; updated controls exit 4.
Running 1 tests

----------- Case Details -----------
PASS mobile-renderer-imports  .....................................

test result: ok. 1 passed; 0 failed;
[warn] postinstall script did not run; falling back to runtime binary resolution.
Enable postinstall to avoid the per-invocation overhead.
Running 1 tests

----------- Case Details -----------
[Noisy] Expect mobile-renderer-imports to report no issue, but some issues found in:

  import { Body } from './Body.tsx';
  import { serviceButtons, shopButtons } from './offers.ts';

FAIL mobile-renderer-imports  N.....................................

[warn] postinstall script did not run; falling back to runtime binary resolution.
Enable postinstall to avoid the per-invocation overhead.
Error: test failed. 0 passed; 1 failed;
Help: You can use ast-grep playground to debug your rules and test cases.
See also: https://ast-grep.github.io/playground.html


Restored boundary controls exit 0.
Running 1 tests

----------- Case Details -----------
PASS mobile-renderer-imports  ......................................

test result: ok. 1 passed; 0 failed;
[warn] postinstall script did not run; falling back to runtime binary resolution.
Enable postinstall to avoid the per-invocation overhead.
