1/61 RED fixture: protocol/service.schema.json /$defs/ServiceDefinition/properties/price/minimum
2/61 RED fixture: protocol/service.schema.json /$defs/ServiceDefinition/properties/price/maximum
3/61 RED fixture: protocol/service.schema.json /$defs/ServiceDefinition/required/0
4/61 RED fixture: protocol/service.schema.json /$defs/ServiceDefinition/required/1
5/61 RED fixture: protocol/service.schema.json /$defs/ServiceDefinition/required/2
6/61 RED fixture: protocol/service.schema.json /$defs/ServiceDefinition/required/3
7/61 RED fixture: protocol/service.schema.json /$defs/ServiceDefinition/required/4
8/61 RED fixture: protocol/service.schema.json /$defs/ServiceDefinition/required/5
9/61 RED fixture: protocol/service.schema.json /$defs/ServiceDefinition/required/6
10/61 RED fixture: protocol/service.schema.json /$defs/ServiceDefinition/required/7
11/61 RED generation: protocol/service.schema.json /$defs/ServiceDefinition/additionalProperties
12/61 RED generation: protocol/service.schema.json /$defs/ServiceBenefit/oneOf/0/properties/kind/const
13/61 RED generation: protocol/service.schema.json /$defs/ServiceBenefit/oneOf/0/required/0
14/61 RED fixture: protocol/service.schema.json /$defs/ServiceBenefit/oneOf/0/required/1
15/61 RED generation: protocol/service.schema.json /$defs/ServiceBenefit/oneOf/0/additionalProperties
16/61 RED generation: protocol/service.schema.json /$defs/ServiceBenefit/oneOf/1/properties/kind/const
17/61 RED fixture: protocol/service.schema.json /$defs/ServiceBenefit/oneOf/1/properties/debit/minimum
18/61 RED fixture: protocol/service.schema.json /$defs/ServiceBenefit/oneOf/1/properties/debit/maximum
19/61 RED fixture: protocol/service.schema.json /$defs/ServiceBenefit/oneOf/1/properties/amount/minimum
20/61 RED fixture: protocol/service.schema.json /$defs/ServiceBenefit/oneOf/1/properties/amount/maximum
21/61 RED generation: protocol/service.schema.json /$defs/ServiceBenefit/oneOf/1/required/0
22/61 RED fixture: protocol/service.schema.json /$defs/ServiceBenefit/oneOf/1/required/1
23/61 RED fixture: protocol/service.schema.json /$defs/ServiceBenefit/oneOf/1/required/2
24/61 RED fixture: protocol/service.schema.json /$defs/ServiceBenefit/oneOf/1/required/3
25/61 RED fixture: protocol/service.schema.json /$defs/ServiceBenefit/oneOf/1/required/4
26/61 RED generation: protocol/service.schema.json /$defs/ServiceBenefit/oneOf/1/additionalProperties
27/61 RED generation: protocol/service.schema.json /$defs/ServiceBenefit/oneOf/2/properties/kind/const
28/61 RED fixture: protocol/service.schema.json /$defs/ServiceBenefit/oneOf/2/properties/amount/minimum
29/61 RED fixture: protocol/service.schema.json /$defs/ServiceBenefit/oneOf/2/properties/amount/maximum
30/61 RED generation: protocol/service.schema.json /$defs/ServiceBenefit/oneOf/2/required/0
31/61 RED fixture: protocol/service.schema.json /$defs/ServiceBenefit/oneOf/2/required/1
32/61 RED fixture: protocol/service.schema.json /$defs/ServiceBenefit/oneOf/2/required/2
33/61 RED fixture: protocol/service.schema.json /$defs/ServiceBenefit/oneOf/2/required/3
34/61 RED fixture: protocol/service.schema.json /$defs/ServiceBenefit/oneOf/2/required/4
35/61 RED generation: protocol/service.schema.json /$defs/ServiceBenefit/oneOf/2/additionalProperties
36/61 RED generation: protocol/action.schema.json /$defs/ActionInputParameter/enum
37/61 RED generation: protocol/command.schema.json /$defs/CommandPayload/oneOf/38/properties/type/const
38/61 RED fixture: protocol/command.schema.json /$defs/CommandPayload/oneOf/38/properties/quoted_price/minimum
39/61 RED fixture: protocol/command.schema.json /$defs/CommandPayload/oneOf/38/properties/quoted_price/maximum
40/61 RED generation: protocol/command.schema.json /$defs/CommandPayload/oneOf/38/required/0
41/61 RED fixture: protocol/command.schema.json /$defs/CommandPayload/oneOf/38/required/1
42/61 RED fixture: protocol/command.schema.json /$defs/CommandPayload/oneOf/38/required/2
43/61 RED fixture: protocol/command.schema.json /$defs/CommandPayload/oneOf/38/required/3
44/61 RED fixture: protocol/command.schema.json /$defs/CommandPayload/oneOf/38/required/4
45/61 RED generation: protocol/command.schema.json /$defs/CommandPayload/oneOf/38/additionalProperties
46/61 RED generation: protocol/gameview.schema.json /$defs/NoticeView/properties/bed/const
47/61 RED fixture: protocol/gameview.schema.json /$defs/ServiceOffer/properties/price/minimum
48/61 RED fixture: protocol/gameview.schema.json /$defs/ServiceOffer/properties/price/maximum
49/61 RED fixture: protocol/gameview.schema.json /$defs/ServiceOffer/required/0
50/61 RED fixture: protocol/gameview.schema.json /$defs/ServiceOffer/required/1
51/61 RED fixture: protocol/gameview.schema.json /$defs/ServiceOffer/required/2
52/61 RED fixture: protocol/gameview.schema.json /$defs/ServiceOffer/required/3
53/61 RED fixture: protocol/gameview.schema.json /$defs/ServiceOffer/required/4
54/61 RED generation: protocol/gameview.schema.json /$defs/ServiceOffer/additionalProperties
55/61 RED generation: protocol/cartridge.schema.json /$defs/CompiledCartridge/oneOf/1/properties/services/propertyNames/pattern
56/61 RED generation: protocol/cartridge.schema.json /$defs/CompiledCartridge/oneOf/1/properties/services/additionalProperties
57/61 RED fixture: protocol/entity.schema.json /$defs/NpcDefinition/properties/services/minItems
58/61 RED fixture: protocol/entity.schema.json /$defs/NpcDefinition/properties/services/maxItems
59/61 RED fixture: protocol/room.schema.json /$defs/InspectableDetail/properties/bed/required/0
60/61 RED fixture: protocol/room.schema.json /$defs/InspectableDetail/properties/bed/required/1
61/61 RED generation: protocol/room.schema.json /$defs/InspectableDetail/properties/bed/additionalProperties
