Resolving Hex dependencies...
Resolution completed in 0.024s
Unchanged:
  boundary 0.11.0
  bunt 1.0.0
  credo 1.7.19
  file_system 1.1.1
  jason 1.4.5
All dependencies have been fetched
No cycles found
Running ExUnit with seed: 177540, max_cases: 16

...................................................................................................................................................................................................................................................................................................
Finished in 10.6 seconds (10.6s async, 0.07s sync)

Result: 291 passed
Checking 84 source files (this might take a while) ...

  Refactoring opportunities                                                     
┃ 
┃ [F] → Function is too complex (ABC size is 41, max is 30).
┃       test/loka/content_reward_storage_test.exs:11:8 #(Loka.ContentRewardStorageTest.source)

Please report incorrect results: https://github.com/rrrene/credo/issues

Analysis took 0.3 seconds (0.2s to load, 0.07s running 4 checks on 84 files)
978 mods/funs, found 1 refactoring opportunity.

Use `mix credo explain` to explain issues, `mix credo --help` for options.
