Resolving Hex dependencies...
Resolution completed in 0.012s
Unchanged:
  boundary 0.11.0
  bunt 1.0.0
  credo 1.7.19
  file_system 1.1.1
  jason 1.4.5
All dependencies have been fetched
No cycles found
Running ExUnit with seed: 256246, max_cases: 16

....................................................................................................................................................................................

  1) test compiled artifacts load in TypeScript with identical bytes, hash and lock (Loka.CartridgeCrossKernelTest)
     test/loka/cartridge_cross_kernel_test.exs:169
     <local-path>
     code: for {theirs, path} <- Enum.zip(loaded, paths) do
     stacktrace:
       test/loka/cartridge_cross_kernel_test.exs:206: anonymous fn/2 in Loka.CartridgeCrossKernelTest."test compiled artifacts load in TypeScript with identical bytes, hash and lock"/1
       (elixir 1.20.4) lib/enum.ex:2622: Enum."-reduce/3-lists^foldl/2-0-"/3
       test/loka/cartridge_cross_kernel_test.exs:203: (test)

......................................................................................

  2) test controlled source extends real M6 and compiles to the independent API1.7 known answer (Loka.ContentRewardStorageTest)
     test/loka/content_reward_storage_test.exs:91
     match (=) failed
     code:  assert {:ok, actual, []} = Loka.Content.compile(source(dir))
     left:  {:ok, actual, []}
     right: {:error,
             [
               %{
                 "code" => "BARRIER_UNREACHABLE_KEY",
                 "data" => %{},
                 "message_key" => "diagnostics.barrier_unreachable_key",
                 "path" => "barriers/storage_chest_lid",
                 "severity" => "error",
                 "suggested_capabilities" => []
               }
             ]}
     stacktrace:
       test/loka/content_reward_storage_test.exs:95: (test)

.......................
Finished in 5.1 seconds (5.0s async, 0.05s sync)

Result: 289/291 passed
Failed: 2 tests
