✖ production five preacceptance kills reopen into Maud reward and usable storage (141.529667ms)
ℹ tests 1
ℹ suites 0
ℹ pass 0
ℹ fail 1
ℹ cancelled 0
ℹ skipped 0
ℹ todo 0
ℹ duration_ms 300.081417

✖ failing tests:

test at mobile/authority/local-story/mauds_cellar.test.ts:112:1
✖ production five preacceptance kills reopen into Maud reward and usable storage (141.529667ms)
  AssertionError [ERR_ASSERTION]: {"kind":"saved","replay":false,"revision":58,"decision":{"kind":"rejected","error":{"code":"not_owned"}}}
  + actual - expected
  
  + 'not_owned'
  - 'accepted'
  
      at Object.invoke (file://<local-path>:70:14)
      at TestContext.<anonymous> (file://<local-path>:150:5)
      at Test.runInAsyncScope (node:async_hooks:227:14)
      at Test.run (node:internal/test_runner/test:1402:25)
      at Test.start (node:internal/test_runner/test:1262:17)
      at startSubtestAfterBootstrap (node:internal/test_runner/harness:387:17) {
    generatedMessage: false,
    code: 'ERR_ASSERTION',
    actual: 'not_owned',
    expected: 'accepted',
    operator: 'strictEqual',
    diff: 'simple'
  }
