Mutation: remove description_variant from manifest and lock; independently recanonicalize and rehash.
✖ sampler invocation walk reaches all six rooms and resumes the carried ending at line two (9.910208ms)
✔ leaving the lantern resolves with the fallback journal and no carried chapter or scene (10.270375ms)
ℹ tests 2
ℹ suites 0
ℹ pass 1
ℹ fail 1
ℹ cancelled 0
ℹ skipped 0
ℹ todo 0
ℹ duration_ms 159.35525

✖ failing tests:

test at mobile/authority/local-story/sampler.test.ts:92:1
✖ sampler invocation walk reaches all six rooms and resumes the carried ending at line two (9.910208ms)
  AssertionError [ERR_ASSERTION]: The expression evaluated to a falsy value:
  
    assert.ok(p.view().actions.some((a) => a.action_key === 'look'))
  
      at TestContext.<anonymous> (file://[review-worktree]/mobile/authority/local-story/sampler.test.ts:109:12)
      at Test.runInAsyncScope (node:async_hooks:227:14)
      at Test.run (node:internal/test_runner/test:1402:25)
      at Test.start (node:internal/test_runner/test:1262:17)
      at startSubtestAfterBootstrap (node:internal/test_runner/harness:387:17) {
    generatedMessage: true,
    code: 'ERR_ASSERTION',
    actual: false,
    expected: true,
    operator: '==',
    diff: 'simple'
  }

EXIT 1
