✖ real COMMIT faults preserve all-prior or all-next deer rows and one replayable receipt (78.063625ms)
ℹ tests 1
ℹ suites 0
ℹ pass 0
ℹ fail 1
ℹ cancelled 0
ℹ skipped 0
ℹ todo 0
ℹ duration_ms 1165.499042

✖ failing tests:

test at mobile/authority/local-story/deer.test.ts:233:1
✖ real COMMIT faults preserve all-prior or all-next deer rows and one replayable receipt (78.063625ms)
  AssertionError [ERR_ASSERTION]: sight/lost
  + actual - expected
  
  + 'save_corrupt'
  - 'open'
  
      at TestContext.<anonymous> (file://<redacted>
      at Test.runInAsyncScope (node:async_hooks:227:14)
      at Test.run (node:internal/test_runner/test:1402:25)
      at Test.start (node:internal/test_runner/test:1262:17)
      at startSubtestAfterBootstrap (node:internal/test_runner/harness:387:17) {
    generatedMessage: false,
    code: 'ERR_ASSERTION',
    actual: 'save_corrupt',
    expected: 'open',
    operator: 'strictEqual',
    diff: 'simple'
  }
