✔ exit door actions keep their direction and remain separate from walking (7.369375ms)
✔ worn items and reachable nested contents offer actions on their own ids (0.333125ms)
✔ same-room actions retain projected item pages and remove pages hidden by a closed lid (0.225083ms)
✔ chapter changes queue one title which survives scene lines and acknowledgement (0.121875ms)
✔ band phrases and the hp accessibility label use the cartridge catalog (0.505625ms)
✔ scene Continue and position verbs have dedicated groups (0.314958ms)
✔ combat page replaces ordinary pages and retains complete Stand/Flee controls (39.976875ms)
✔ committed opponent death narrates once through the existing subscription (1.826208ms)
✔ exits, the look title, place actions and a thing page come from the right buttons (7.571959ms)
✔ position cycling skips absent offers and retains the offered freshness (8.278125ms)
✔ a touch link is shown as its label (6.36775ms)
✔ a choice's answers and Close are their own group, not place actions (0.246417ms)
✔ the character label says the hp band and no other (0.19225ms)
✔ the absent-speaker line shows only when the speaker is not here (0.136167ms)
✔ a restored choice opens its actual speaker detail or retained conversation (0.164417ms)
✔ the ending line shows once every quest is over (2.856709ms)
✔ a closed exit's log line and a capitalised title (0.183792ms)
✔ a move refused at 0 MV says the body is too exhausted (0.13825ms)
✔ a hint survives a store that throws, for this session (0.1345ms)
✔ the status line shows the double hour as its earthly branch (0.18175ms)
✔ pending and refused Take/Drop/Leave retain detail routing and unchanged custody (3.244875ms)
✔ journal cues belong only to changed NPC histories (1.32775ms)
✔ recovery removes the current heading but retains an unclassified consequence (3.458125ms)
✔ confirmed room change clears old history before adding new authored consequences (3.663ms)
✔ World omits the routine Close fallback while retaining authored consequences (1.504875ms)
✔ a restored committed narration is not duplicated by its pending receipt retry (0.606833ms)
✔ a move rejected for want of MV says the body is too exhausted (2.085792ms)
✔ the log stops growing in one room, its last line the latest answer (6.834042ms)
✔ the save-error line says a pending start over in words and shows any other message (0.389417ms)
ℹ tests 29
ℹ suites 0
ℹ pass 29
ℹ fail 0
ℹ cancelled 0
ℹ skipped 0
ℹ todo 0
ℹ duration_ms 1370.514375
✔ combat page replaces ordinary pages and retains complete Stand/Flee controls (17.350084ms)
✔ committed opponent death narrates once through the existing subscription (1.072834ms)
✔ confirmed encounter foregrounds another page and closure or death restores the World (17.738792ms)
✔ Attack opens its committed page; pending and refused Flee stay until committed escape (19.221167ms)
✖ reopening an encounter restores the combat page and last committed narration (7.861667ms)
ℹ tests 5
ℹ suites 0
ℹ pass 4
ℹ fail 1
ℹ cancelled 0
ℹ skipped 0
ℹ todo 0
ℹ duration_ms 1072.134208

✖ failing tests:

test at ../../../../private<mutation-tree>/book/combat.test.ts:352:1
✖ reopening an encounter restores the combat page and last committed narration (7.861667ms)
  AssertionError [ERR_ASSERTION]: The expression evaluated to a falsy value:
  
    assert.ok(h.texts().includes('Combat'))
  
      at TestContext.<anonymous> (file:///private<mutation-tree>/book/combat.test.ts:358:12)
      at Test.runInAsyncScope (node:async_hooks:227:14)
      at Test.run (node:internal/test_runner/test:1402:25)
      at Test.processPendingSubtests (node:internal/test_runner/test:974:18)
      at Test.postRun (node:internal/test_runner/test:1542:19)
      at Test.run (node:internal/test_runner/test:1467:12)
      at async Test.processPendingSubtests (node:internal/test_runner/test:974:7) {
    generatedMessage: true,
    code: 'ERR_ASSERTION',
    actual: false,
    expected: true,
    operator: '==',
    diff: 'simple'
  }
