✔ exit door actions keep their direction and remain separate from walking (20.883208ms)
✔ worn items and reachable nested contents offer actions on their own ids (0.4875ms)
✔ same-room actions retain projected item pages and remove pages hidden by a closed lid (0.413083ms)
✔ chapter changes queue one title which survives scene lines and acknowledgement (0.448875ms)
✔ band phrases and the hp accessibility label use the cartridge catalog (20.122416ms)
✔ scene Continue and position verbs have dedicated groups (0.429417ms)
✔ combat page replaces ordinary pages and retains complete Stand/Flee controls (76.076291ms)
✔ committed opponent death narrates once through the existing subscription (0.391833ms)
✔ exits, the look title, place actions and a thing page come from the right buttons (13.015708ms)
✔ position cycling skips absent offers and retains the offered freshness (0.160292ms)
✔ a touch link is shown as its label (0.155042ms)
✔ a choice's answers and Close are their own group, not place actions (59.107125ms)
✔ the character label says the hp band and no other (13.603833ms)
✔ the absent-speaker line shows only when the speaker is not here (0.197291ms)
✔ a restored choice opens its actual speaker detail or retained conversation (0.19275ms)
✔ the ending line shows once every quest is over (16.592375ms)
✔ a closed exit's log line and a capitalised title (9.145416ms)
✔ a move refused at 0 MV says the body is too exhausted (0.170333ms)
✔ a hint survives a store that throws, for this session (0.15525ms)
✔ the status line shows the double hour as its earthly branch (0.192459ms)
✔ pending and refused Take/Drop/Leave retain detail routing and unchanged custody (10.251792ms)
✔ journal cues belong only to changed NPC histories (1.506708ms)
✔ recovery removes the current heading but retains an unclassified consequence (0.167875ms)
✔ confirmed room change clears old history before adding new authored consequences (0.229291ms)
✔ World omits the routine Close fallback while retaining authored consequences (0.171083ms)
✔ a restored committed narration is not duplicated by its pending receipt retry (0.163125ms)
✔ a move rejected for want of MV says the body is too exhausted (0.092584ms)
✔ the log stops growing in one room, its last line the latest answer (19.745875ms)
✔ the save-error line says a pending start over in words and shows any other message (2.885125ms)
ℹ tests 29
ℹ suites 0
ℹ pass 29
ℹ fail 0
ℹ cancelled 0
ℹ skipped 0
ℹ todo 0
ℹ duration_ms 2076.057791
✔ combat page replaces ordinary pages and retains complete Stand/Flee controls (16.9975ms)
✔ committed opponent death narrates once through the existing subscription (0.972083ms)
✔ confirmed encounter foregrounds another page and closure or death restores the World (16.776917ms)
✖ Attack opens its committed page; pending and refused Flee stay until committed escape (8.403375ms)
✔ reopening an encounter restores the combat page and last committed narration (1.208917ms)
ℹ tests 5
ℹ suites 0
ℹ pass 4
ℹ fail 1
ℹ cancelled 0
ℹ skipped 0
ℹ todo 0
ℹ duration_ms 1295.209833

✖ failing tests:

test at ../../../../private<mutation-tree>/book/combat.test.ts:305:1
✖ Attack opens its committed page; pending and refused Flee stay until committed escape (8.403375ms)
  AssertionError [ERR_ASSERTION]: Expected values to be strictly equal:
  
  0 !== 1
  
      at TestContext.<anonymous> (file:///private<mutation-tree>/book/combat.test.ts:328:12)
      at Test.runInAsyncScope (node:async_hooks:227:14)
      at Test.run (node:internal/test_runner/test:1402:25)
      at Test.processPendingSubtests (node:internal/test_runner/test:974:18)
      at Test.postRun (node:internal/test_runner/test:1542:19)
      at Test.run (node:internal/test_runner/test:1467:12)
      at async Test.processPendingSubtests (node:internal/test_runner/test:974:7) {
    generatedMessage: true,
    code: 'ERR_ASSERTION',
    actual: 0,
    expected: 1,
    operator: 'strictEqual',
    diff: 'simple'
  }
