✔ exit door actions keep their direction and remain separate from walking (5.031917ms)
✔ worn items and reachable nested contents offer actions on their own ids (0.820583ms)
✔ same-room actions retain projected item pages and remove pages hidden by a closed lid (0.559167ms)
✔ chapter changes queue one title which survives scene lines and acknowledgement (0.288583ms)
✔ band phrases and the hp accessibility label use the cartridge catalog (0.411583ms)
✔ scene Continue and position verbs have dedicated groups (0.299ms)
✔ combat page replaces ordinary pages and retains complete Stand/Flee controls (26.912666ms)
✔ committed opponent death narrates once through the existing subscription (2.1205ms)
✔ exits, the look title, place actions and a thing page come from the right buttons (3.304416ms)
✔ position cycling skips absent offers and retains the offered freshness (5.195209ms)
✔ a touch link is shown as its label (0.661833ms)
✔ a choice's answers and Close are their own group, not place actions (0.339666ms)
✔ the character label says the hp band and no other (0.387125ms)
✔ the absent-speaker line shows only when the speaker is not here (0.30175ms)
✔ a restored choice opens its actual speaker detail or retained conversation (0.424375ms)
✔ the ending line shows once every quest is over (0.307417ms)
✔ a closed exit's log line and a capitalised title (0.401334ms)
✔ a move refused at 0 MV says the body is too exhausted (0.336417ms)
✔ a hint survives a store that throws, for this session (0.332959ms)
✔ the status line shows the double hour as its earthly branch (0.451875ms)
✔ pending and refused Take/Drop/Leave retain detail routing and unchanged custody (7.054334ms)
✔ journal cues belong only to changed NPC histories (0.751334ms)
✔ recovery removes the current heading but retains an unclassified consequence (0.185667ms)
✔ confirmed room change clears old history before adding new authored consequences (1.5435ms)
✔ World omits the routine Close fallback while retaining authored consequences (0.492416ms)
✔ a restored committed narration is not duplicated by its pending receipt retry (0.651042ms)
✔ a move rejected for want of MV says the body is too exhausted (0.106583ms)
✔ the log stops growing in one room, its last line the latest answer (6.545125ms)
✔ the save-error line says a pending start over in words and shows any other message (0.408625ms)
ℹ tests 29
ℹ suites 0
ℹ pass 29
ℹ fail 0
ℹ cancelled 0
ℹ skipped 0
ℹ todo 0
ℹ duration_ms 2038.642542
✔ combat page replaces ordinary pages and retains complete Stand/Flee controls (27.271833ms)
✔ committed opponent death narrates once through the existing subscription (1.301709ms)
✖ confirmed encounter foregrounds another page and closure or death restores the World (28.717958ms)
✔ Attack opens its committed page; pending and refused Flee stay until committed escape (36.325375ms)
✔ reopening an encounter restores the combat page and last committed narration (1.824417ms)
ℹ tests 5
ℹ suites 0
ℹ pass 4
ℹ fail 1
ℹ cancelled 0
ℹ skipped 0
ℹ todo 0
ℹ duration_ms 1308.150458

✖ failing tests:

test at ../../../../private<mutation-tree>/book/combat.test.ts:265:1
✖ confirmed encounter foregrounds another page and closure or death restores the World (28.717958ms)
  AssertionError [ERR_ASSERTION]: The expression evaluated to a falsy value:
  
    assert.ok(h.texts().includes(ending === 'player_dead' ? 'The shrine' : 'The cellar'))
  
      at TestContext.<anonymous> (file:///private<mutation-tree>/book/combat.test.ts:297:14)
      at Test.runInAsyncScope (node:async_hooks:227:14)
      at Test.run (node:internal/test_runner/test:1402:25)
      at Test.processPendingSubtests (node:internal/test_runner/test:974:18)
      at Test.postRun (node:internal/test_runner/test:1542:19)
      at Test.run (node:internal/test_runner/test:1467:12)
      at async Test.processPendingSubtests (node:internal/test_runner/test:974:7) {
    generatedMessage: true,
    code: 'ERR_ASSERTION',
    actual: false,
    expected: true,
    operator: '==',
    diff: 'simple'
  }
