✔ a fresh world mints NPCs then items after the details and places each (3.374709ms)
✔ take proposes one transfer to the body and item_acquired, at the Python state hash (2.802208ms)
✔ drop leaves the item in the room with item_dropped; give hands it to the NPC (1.099625ms)
✔ each bad take, drop and give is rejected with its code and consumes nothing (3.987625ms)
✔ the containment invariants fail on a broken world (0.278583ms)
✔ containment_acyclic is linear in the items of one room (35.9605ms)
✔ a transfer past a capacity or into its own contents faults and commits nothing (0.45375ms)
✔ has_item holds for an item the actor carries, also inside a carried container (0.529584ms)
✔ target resolution names items and NPCs in the room and items the actor holds (0.767625ms)
✔ look with a target_id examines an item or NPC here or held, else not_present (1.22ms)
✔ scan lists the NPCs and items in each room beyond, and changes nothing (0.389459ms)
✔ a fresh world mints one holder per declared slot after the job, in slot-key order (12.83375ms)
✔ a cartridge with equipment@1 but no slot keeps its ids and fresh state (10.843334ms)
✔ wear and remove by invocation, with their refusals (8.880708ms)
✔ the GameView lists the slots in order and wear and remove only where step accepts them (3.920209ms)
✔ a worn item cannot be dropped, given or taken (2.197333ms)
✔ two items in one holder fail containment_acyclic (1.670542ms)
✔ a cartridge remove and its alias list on and remove a worn item (3.159417ms)
✔ a targetless wear alias is not listed, and the invariant refuses a view listing it (2.483625ms)
✔ the chapter walk: lids opened, unlocked and closed by invocation, take through them (43.227583ms)
✔ a door verb names exactly one barrier: each bad shape is refused with its code (11.535459ms)
✔ a key inside a held, locked trunk still unlocks it (has_item unchanged) (2.598208ms)
✔ the GameView shows a lid, the verbs step accepts on it and what is in reach inside (7.217917ms)
✔ the loader rejects only keys that can never be reached, and checks an item barrier (14.35475ms)
✔ every contract has examples and every example validates (14.774708ms)
✔ invalid fixtures fail with exactly the listed errors (35.017875ms)
✔ the capability registry: valid entries, key@version unique, covers the chapter-one lock, all portable (1.510041ms)
✔ the capability lock encodes and hashes to the independent known answer (1.026958ms)
✔ a declared __proto__ property survives generation (0.09675ms)
✔ values outside the canonical profile are rejected at decode, before validation (0.43375ms)
✔ a recursive Policy at the depth cap (0.940916ms)
✔ narration at 64 and 65 lines (0.593042ms)
✔ ambiguous candidates at 1024 and 1025 (5.527625ms)
✔ every composition-profile limit is a valid BudgetExceeded (1.016708ms)
ℹ tests 34
ℹ suites 0
ℹ pass 34
ℹ fail 0
ℹ cancelled 0
ℹ skipped 0
ℹ todo 0
ℹ duration_ms 251.040042
