✔ a fresh world mints NPCs then items after the details and places each (3.148541ms)
✔ take proposes one transfer to the body and item_acquired, at the Python state hash (2.793209ms)
✔ drop leaves the item in the room with item_dropped; give hands it to the NPC (1.152709ms)
✔ each bad take, drop and give is rejected with its code and consumes nothing (7.431292ms)
✔ the containment invariants fail on a broken world (0.596625ms)
✔ containment_acyclic is linear in the items of one room (57.834958ms)
✔ a transfer past a capacity or into its own contents faults and commits nothing (0.457916ms)
✔ has_item holds for an item the actor carries, also inside a carried container (0.537625ms)
✔ target resolution names items and NPCs in the room and items the actor holds (0.995125ms)
✔ look with a target_id examines an item or NPC here or held, else not_present (1.122917ms)
✔ scan lists the NPCs and items in each room beyond, and changes nothing (1.349125ms)
✔ a fresh world mints one holder per declared slot after the job, in slot-key order (12.002459ms)
✔ a cartridge with equipment@1 but no slot keeps its ids and fresh state (9.666208ms)
✔ wear and remove by invocation, with their refusals (9.329208ms)
✖ the GameView lists the slots in order and wear and remove only where step accepts them (5.606625ms)
✔ a worn item cannot be dropped, given or taken (2.391708ms)
✔ two items in one holder fail containment_acyclic (1.75625ms)
✔ a cartridge remove and its alias list on and remove a worn item (3.250625ms)
✔ a targetless wear alias is not listed, and the invariant refuses a view listing it (2.750208ms)
✔ the chapter walk: lids opened, unlocked and closed by invocation, take through them (31.29975ms)
✔ a door verb names exactly one barrier: each bad shape is refused with its code (11.339792ms)
✔ a key inside a held, locked trunk still unlocks it (has_item unchanged) (2.547666ms)
✔ the GameView shows a lid, the verbs step accepts on it and what is in reach inside (6.286334ms)
✔ the loader rejects only keys that can never be reached, and checks an item barrier (12.113375ms)
✔ every contract has examples and every example validates (22.062167ms)
✔ invalid fixtures fail with exactly the listed errors (36.050416ms)
✔ the capability registry: valid entries, key@version unique, covers the chapter-one lock, all portable (0.683834ms)
✔ the capability lock encodes and hashes to the independent known answer (1.034875ms)
✔ a declared __proto__ property survives generation (0.086625ms)
✔ values outside the canonical profile are rejected at decode, before validation (0.408292ms)
✔ a recursive Policy at the depth cap (1.050792ms)
✔ narration at 64 and 65 lines (0.638459ms)
✔ ambiguous candidates at 1024 and 1025 (2.420667ms)
✔ every composition-profile limit is a valid BudgetExceeded (0.251083ms)
ℹ tests 34
ℹ suites 0
ℹ pass 33
ℹ fail 1
ℹ cancelled 0
ℹ skipped 0
ℹ todo 0
ℹ duration_ms 306.655542

✖ failing tests:

test at test/equipment.test.ts:196:1
✖ the GameView lists the slots in order and wear and remove only where step accepts them (5.606625ms)
  AssertionError [ERR_ASSERTION]: Expected values to be strictly equal:
  + actual - expected
  
  + 'item.leather_cap.description'
  - 'catalog.cap_body'
  
      at TestContext.<anonymous> (file:///private[review-checkout]/kernel/ts/test/equipment.test.ts:212:10)
      at Test.runInAsyncScope (node:async_hooks:227:14)
      at Test.run (node:internal/test_runner/test:1402:25)
      at Test.processPendingSubtests (node:internal/test_runner/test:974:18)
      at Test.postRun (node:internal/test_runner/test:1542:19)
      at Test.run (node:internal/test_runner/test:1467:12)
      at async Test.processPendingSubtests (node:internal/test_runner/test:974:7) {
    generatedMessage: true,
    code: 'ERR_ASSERTION',
    actual: 'item.leather_cap.description',
    expected: 'catalog.cap_body',
    operator: 'strictEqual',
    diff: 'simple'
  }
