✖ a fresh world mints NPCs then items after the details and places each (3.804416ms)
✖ take proposes one transfer to the body and item_acquired, at the Python state hash (2.97275ms)
✔ drop leaves the item in the room with item_dropped; give hands it to the NPC (3.737167ms)
✔ each bad take, drop and give is rejected with its code and consumes nothing (3.189666ms)
✔ the containment invariants fail on a broken world (0.272ms)
✔ containment_acyclic is linear in the items of one room (41.836334ms)
✔ a transfer past a capacity or into its own contents faults and commits nothing (0.450084ms)
✔ has_item holds for an item the actor carries, also inside a carried container (0.521042ms)
✔ target resolution names items and NPCs in the room and items the actor holds (0.663167ms)
✔ look with a target_id examines an item or NPC here or held, else not_present (1.096875ms)
✔ scan lists the NPCs and items in each room beyond, and changes nothing (0.378167ms)
✔ a fresh world mints one holder per declared slot after the job, in slot-key order (11.205333ms)
✔ a cartridge with equipment@1 but no slot keeps its ids and fresh state (6.5015ms)
✔ wear and remove by invocation, with their refusals (12.329125ms)
✖ the GameView lists the slots in order and wear and remove only where step accepts them (2.809ms)
✔ a worn item cannot be dropped, given or taken (2.2335ms)
✔ two items in one holder fail containment_acyclic (1.774583ms)
✔ a cartridge remove and its alias list on and remove a worn item (3.277166ms)
✔ a targetless wear alias is not listed, and the invariant refuses a view listing it (2.504958ms)
✔ the chapter walk: lids opened, unlocked and closed by invocation, take through them (26.157208ms)
✔ a door verb names exactly one barrier: each bad shape is refused with its code (10.984333ms)
✔ a key inside a held, locked trunk still unlocks it (has_item unchanged) (2.705084ms)
✖ the GameView shows a lid, the verbs step accepts on it and what is in reach inside (3.17175ms)
✔ the loader rejects only keys that can never be reached, and checks an item barrier (16.385541ms)
✔ every contract has examples and every example validates (28.977834ms)
✔ invalid fixtures fail with exactly the listed errors (31.519875ms)
✔ the capability registry: valid entries, key@version unique, covers the chapter-one lock, all portable (5.573166ms)
✔ the capability lock encodes and hashes to the independent known answer (1.183958ms)
✔ a declared __proto__ property survives generation (0.094208ms)
✔ values outside the canonical profile are rejected at decode, before validation (0.452167ms)
✔ a recursive Policy at the depth cap (1.365875ms)
✔ narration at 64 and 65 lines (4.4125ms)
✔ ambiguous candidates at 1024 and 1025 (2.671833ms)
✔ every composition-profile limit is a valid BudgetExceeded (0.278ms)
ℹ tests 34
ℹ suites 0
ℹ pass 30
ℹ fail 4
ℹ cancelled 0
ℹ skipped 0
ℹ todo 0
ℹ duration_ms 245.259084

✖ failing tests:

test at test/containment.test.ts:66:1
✖ a fresh world mints NPCs then items after the details and places each (3.804416ms)
  AssertionError [ERR_ASSERTION]: Expected values to be strictly deep-equal:
  + actual - expected
  ... Skipped lines
  
    [
      {
        actions: [],
  -     description: 'npc.bram.description',
        id: 'ff864ad5-cd56-80c8-9392-dc88bdc28fd2',
        kind: 'npc',
        name: 'npc.bram.short'
      },
      {
  ...
            container_id: 'd530207e-b845-8be5-9d53-b44b2cf5d8a1',
  -         description: 'item.lamp_oil.description',
            id: '6a70d262-b6ea-8b64-9809-ec7f79d1521e',
            kind: 'item',
            name: 'item.lamp_oil.short'
          }
        ],
  -     description: 'item.satchel.description',
        id: 'd530207e-b845-8be5-9d53-b44b2cf5d8a1',
        kind: 'item',
        name: 'item.satchel.short'
      }
    ]
  
      at TestContext.<anonymous> (file:///private[review-checkout]/kernel/ts/test/containment.test.ts:77:10)
      at Test.runInAsyncScope (node:async_hooks:227:14)
      at Test.run (node:internal/test_runner/test:1402:25)
      at Test.start (node:internal/test_runner/test:1262:17)
      at startSubtestAfterBootstrap (node:internal/test_runner/harness:387:17) {
    generatedMessage: true,
    code: 'ERR_ASSERTION',
    actual: [ { id: 'ff864ad5-cd56-80c8-9392-dc88bdc28fd2', name: 'npc.bram.short', kind: 'npc', actions: [] }, { id: 'd530207e-b845-8be5-9d53-b44b2cf5d8a1', name: 'item.satchel.short', kind: 'item', actions: [Array], contents: [Array] } ],
    expected: [ { id: 'ff864ad5-cd56-80c8-9392-dc88bdc28fd2', name: 'npc.bram.short', description: 'npc.bram.description', kind: 'npc', actions: [] }, { id: 'd530207e-b845-8be5-9d53-b44b2cf5d8a1', name: 'item.satchel.short', description: 'item.satchel.description', kind: 'item', actions: [Array], contents: [Array] } ],
    operator: 'deepStrictEqual',
    diff: 'simple'
  }

test at test/containment.test.ts:99:1
✖ take proposes one transfer to the body and item_acquired, at the Python state hash (2.97275ms)
  AssertionError [ERR_ASSERTION]: Expected values to be strictly deep-equal:
  + actual - expected
  ... Skipped lines
  
    [
      {
        actions: [
          {
            action_key: 'drop',
  ...
            container_id: 'd530207e-b845-8be5-9d53-b44b2cf5d8a1',
  -         description: 'item.lamp_oil.description',
            id: '6a70d262-b6ea-8b64-9809-ec7f79d1521e',
            kind: 'item',
            name: 'item.lamp_oil.short'
          }
        ],
  -     description: 'item.satchel.description',
        id: 'd530207e-b845-8be5-9d53-b44b2cf5d8a1',
        kind: 'item',
        name: 'item.satchel.short'
      }
    ]
  
      at TestContext.<anonymous> (file:///private[review-checkout]/kernel/ts/test/containment.test.ts:140:10)
      at Test.runInAsyncScope (node:async_hooks:227:14)
      at Test.run (node:internal/test_runner/test:1402:25)
      at Test.processPendingSubtests (node:internal/test_runner/test:974:18)
      at Test.postRun (node:internal/test_runner/test:1542:19)
      at Test.run (node:internal/test_runner/test:1467:12)
      at async startSubtestAfterBootstrap (node:internal/test_runner/harness:387:3) {
    generatedMessage: true,
    code: 'ERR_ASSERTION',
    actual: [ { id: 'd530207e-b845-8be5-9d53-b44b2cf5d8a1', name: 'item.satchel.short', kind: 'item', actions: [Array], contents: [Array] } ],
    expected: [ { id: 'd530207e-b845-8be5-9d53-b44b2cf5d8a1', name: 'item.satchel.short', description: 'item.satchel.description', kind: 'item', actions: [Array], contents: [Array] } ],
    operator: 'deepStrictEqual',
    diff: 'simple'
  }

test at test/equipment.test.ts:196:1
✖ the GameView lists the slots in order and wear and remove only where step accepts them (2.809ms)
  AssertionError [ERR_ASSERTION]: Expected values to be strictly equal:
  + actual - expected
  
  + undefined
  - 'npc.bram.description'
  
      at TestContext.<anonymous> (file:///private[review-checkout]/kernel/ts/test/equipment.test.ts:201:10)
      at Test.runInAsyncScope (node:async_hooks:227:14)
      at Test.run (node:internal/test_runner/test:1402:25)
      at Test.processPendingSubtests (node:internal/test_runner/test:974:18)
      at Test.postRun (node:internal/test_runner/test:1542:19)
      at Test.run (node:internal/test_runner/test:1467:12)
      at async Test.processPendingSubtests (node:internal/test_runner/test:974:7) {
    generatedMessage: true,
    code: 'ERR_ASSERTION',
    actual: undefined,
    expected: 'npc.bram.description',
    operator: 'strictEqual',
    diff: 'simple'
  }

test at test/locks.test.ts:194:1
✖ the GameView shows a lid, the verbs step accepts on it and what is in reach inside (3.17175ms)
  AssertionError [ERR_ASSERTION]: Expected values to be strictly deep-equal:
  + actual - expected
  ... Skipped lines
  
    {
      actions: [
        {
          action_key: 'open',
          available: true,
  ...
      ],
  -   description: 'item.sewing_box.description',
      id: '15349791-fa65-81f7-b378-bb8212b808d2',
      kind: 'item',
      name: 'item.sewing_box.short',
      state: 'closed'
    }
  
      at TestContext.<anonymous> (file:///private[review-checkout]/kernel/ts/test/locks.test.ts:196:10)
      at Test.runInAsyncScope (node:async_hooks:227:14)
      at Test.run (node:internal/test_runner/test:1402:25)
      at Test.processPendingSubtests (node:internal/test_runner/test:974:18)
      at Test.postRun (node:internal/test_runner/test:1542:19)
      at Test.run (node:internal/test_runner/test:1467:12)
      at async Test.processPendingSubtests (node:internal/test_runner/test:974:7) {
    generatedMessage: true,
    code: 'ERR_ASSERTION',
    actual: { id: '15349791-fa65-81f7-b378-bb8212b808d2', name: 'item.sewing_box.short', kind: 'item', state: 'closed', actions: [ [Object], [Object] ] },
    expected: { id: '15349791-fa65-81f7-b378-bb8212b808d2', name: 'item.sewing_box.short', description: 'item.sewing_box.description', kind: 'item', state: 'closed', actions: [ [Object], [Object] ] },
    operator: 'deepStrictEqual',
    diff: 'simple'
  }
