✔ a fresh world mints NPCs then items after the details and places each (3.030542ms)
✔ take proposes one transfer to the body and item_acquired, at the Python state hash (2.750417ms)
✔ drop leaves the item in the room with item_dropped; give hands it to the NPC (1.116334ms)
✔ each bad take, drop and give is rejected with its code and consumes nothing (4.818708ms)
✔ the containment invariants fail on a broken world (0.282667ms)
✔ containment_acyclic is linear in the items of one room (35.124625ms)
✔ a transfer past a capacity or into its own contents faults and commits nothing (0.505167ms)
✔ has_item holds for an item the actor carries, also inside a carried container (0.548041ms)
✔ target resolution names items and NPCs in the room and items the actor holds (0.690208ms)
✔ look with a target_id examines an item or NPC here or held, else not_present (1.390625ms)
✔ scan lists the NPCs and items in each room beyond, and changes nothing (0.400666ms)
✔ a fresh world mints one holder per declared slot after the job, in slot-key order (21.239625ms)
✔ a cartridge with equipment@1 but no slot keeps its ids and fresh state (12.468375ms)
✔ wear and remove by invocation, with their refusals (10.398625ms)
✔ the GameView lists the slots in order and wear and remove only where step accepts them (3.956209ms)
✔ a worn item cannot be dropped, given or taken (2.430417ms)
✔ two items in one holder fail containment_acyclic (1.48325ms)
✔ a cartridge remove and its alias list on and remove a worn item (3.683833ms)
✔ a targetless wear alias is not listed, and the invariant refuses a view listing it (2.138375ms)
✔ the chapter walk: lids opened, unlocked and closed by invocation, take through them (31.325959ms)
✔ a door verb names exactly one barrier: each bad shape is refused with its code (12.562125ms)
✔ a key inside a held, locked trunk still unlocks it (has_item unchanged) (4.956292ms)
✔ the GameView shows a lid, the verbs step accepts on it and what is in reach inside (7.245208ms)
✔ the loader rejects only keys that can never be reached, and checks an item barrier (14.527541ms)
✔ every contract has examples and every example validates (34.389959ms)
✔ invalid fixtures fail with exactly the listed errors (22.109ms)
✔ the capability registry: valid entries, key@version unique, covers the chapter-one lock, all portable (0.688208ms)
✔ the capability lock encodes and hashes to the independent known answer (0.903583ms)
✔ a declared __proto__ property survives generation (0.080208ms)
✔ values outside the canonical profile are rejected at decode, before validation (0.455084ms)
✔ a recursive Policy at the depth cap (0.906334ms)
✔ narration at 64 and 65 lines (1.360666ms)
✔ ambiguous candidates at 1024 and 1025 (2.140917ms)
✔ every composition-profile limit is a valid BudgetExceeded (0.265ms)
ℹ tests 34
ℹ suites 0
ℹ pass 34
ℹ fail 0
ℹ cancelled 0
ℹ skipped 0
ℹ todo 0
ℹ duration_ms 253.257875
