✖ independent job replay preserves the frozen bleed schedule binding (1.641041ms)
✖ independent job replay rejects invalid bleed schedules even with matching rows (0.506958ms)
✖ independent job replay cancels only the exact pending bleed occurrence (0.196875ms)
ℹ tests 3
ℹ suites 0
ℹ pass 0
ℹ fail 3
ℹ cancelled 0
ℹ skipped 0
ℹ todo 0
ℹ duration_ms 190.953667

✖ failing tests:

test at kernel/ts/test/encounter_bleed_jobs.test.ts:16:1
✖ independent job replay preserves the frozen bleed schedule binding (1.641041ms)
  AssertionError [ERR_ASSERTION]: Expected values to be strictly equal:
  
  false !== true
  
      at TestContext.<anonymous> (file://<worktree>/kernel/ts/test/encounter_bleed_jobs.test.ts:17:10)
      at Test.runInAsyncScope (node:async_hooks:227:14)
      at Test.run (node:internal/test_runner/test:1402:25)
      at Test.start (node:internal/test_runner/test:1262:17)
      at startSubtestAfterBootstrap (node:internal/test_runner/harness:387:17) {
    generatedMessage: true,
    code: 'ERR_ASSERTION',
    actual: false,
    expected: true,
    operator: 'strictEqual',
    diff: 'simple'
  }

test at kernel/ts/test/encounter_bleed_jobs.test.ts:31:1
✖ independent job replay rejects invalid bleed schedules even with matching rows (0.506958ms)
  AssertionError [ERR_ASSERTION]: {}
  
  true !== false
  
      at TestContext.<anonymous> (file://<worktree>/kernel/ts/test/encounter_bleed_jobs.test.ts:47:12)
      at Test.runInAsyncScope (node:async_hooks:227:14)
      at Test.run (node:internal/test_runner/test:1402:25)
      at Test.processPendingSubtests (node:internal/test_runner/test:974:18)
      at Test.postRun (node:internal/test_runner/test:1542:19)
      at Test.run (node:internal/test_runner/test:1467:12)
      at async startSubtestAfterBootstrap (node:internal/test_runner/harness:387:3) {
    generatedMessage: false,
    code: 'ERR_ASSERTION',
    actual: true,
    expected: false,
    operator: 'strictEqual',
    diff: 'simple'
  }

test at kernel/ts/test/encounter_bleed_jobs.test.ts:60:1
✖ independent job replay cancels only the exact pending bleed occurrence (0.196875ms)
  AssertionError [ERR_ASSERTION]: Expected values to be strictly equal:
  
  false !== true
  
      at TestContext.<anonymous> (file://<worktree>/kernel/ts/test/encounter_bleed_jobs.test.ts:70:10)
      at Test.runInAsyncScope (node:async_hooks:227:14)
      at Test.run (node:internal/test_runner/test:1402:25)
      at Test.processPendingSubtests (node:internal/test_runner/test:974:18)
      at Test.postRun (node:internal/test_runner/test:1542:19)
      at Test.run (node:internal/test_runner/test:1467:12)
      at async Test.processPendingSubtests (node:internal/test_runner/test:974:7) {
    generatedMessage: true,
    code: 'ERR_ASSERTION',
    actual: false,
    expected: true,
    operator: 'strictEqual',
    diff: 'simple'
  }

Recorded exit status: 1
