✖ bought torch survives real drowning, Chapel recovery and cold reopen (279.333292ms)
ℹ tests 1
ℹ suites 0
ℹ pass 0
ℹ fail 1
ℹ cancelled 0
ℹ skipped 0
ℹ todo 0
ℹ duration_ms 484.001541

✖ failing tests:

test at mobile/authority/local-story/water_chapter.test.ts:19:1
✖ bought torch survives real drowning, Chapel recovery and cold reopen (279.333292ms)
  Error: save_corrupt
      at openGame (file://<repo>/mobile/authority/local-story/session.ts:94:50)
      at elapsedHost (file://<repo>/mobile/authority/local-story/__tests__/elapsed-host.test.ts:72:16)
      at TestContext.<anonymous> (file://<repo>/mobile/authority/local-story/water_chapter.test.ts:103:10)
      at Test.runInAsyncScope (node:async_hooks:227:14)
      at Test.run (node:internal/test_runner/test:1402:25)
      at Test.start (node:internal/test_runner/test:1262:17)
      at startSubtestAfterBootstrap (node:internal/test_runner/harness:387:17) {
    cause: "{ kind: 'save_corrupt', newGame: [Function: newGame] }"
  }
