✖ combat contracts match the independent shared boundary corpus (4.765209ms)
ℹ tests 1
ℹ suites 0
ℹ pass 0
ℹ fail 1
ℹ cancelled 0
ℹ skipped 0
ℹ todo 0
ℹ duration_ms 110.565584

✖ failing tests:

test at kernel/ts/test/combat_contracts.test.ts:7:1
✖ combat contracts match the independent shared boundary corpus (4.765209ms)
  AssertionError [ERR_ASSERTION]: job.cancel:missing encounter_id
  + actual - expected
  
  + []
  - [
  -   {
  -     code: 'missing_property',
  -     path: '/encounter_id'
  -   }
  - ]
  
      at TestContext.<anonymous> (file://<repo>/kernel/ts/test/combat_contracts.test.ts:10:12)
      at Test.runInAsyncScope (node:async_hooks:227:14)
      at Test.run (node:internal/test_runner/test:1402:25)
      at Test.start (node:internal/test_runner/test:1262:17)
      at startSubtestAfterBootstrap (node:internal/test_runner/harness:387:17) {
    generatedMessage: false,
    code: 'ERR_ASSERTION',
    actual: [],
    expected: [ { path: '/encounter_id', code: 'missing_property' } ],
    operator: 'deepStrictEqual',
    diff: 'simple'
  }
