✔ the known answer loads with its hash, as its hand-written value (11.148875ms)
✔ the carry ending lands in its variant and ends Bram's talk (11.152417ms)
✔ the leave ending lands in its variant and ends Bram's talk (6.305083ms)
✔ at 06:00 the west gate is locked (2.38025ms)
✔ the old gate lists unlock only with the lantern, and each exit shows what lies beyond (4.794459ms)
✔ numeric-vectors: rng_steps from initial_rng (0.9965ms)
✔ numeric-vectors: division (0.131125ms)
✔ numeric-vectors: invalid_json (0.569667ms)
✔ numeric-vectors: canonical (0.167709ms)
✔ adverse-cases: uniform (0.207ms)
✔ decode edge cases (0.262ms)
✔ encode escapes and key order (0.094666ms)
✔ encode rejects values outside the profile (0.105208ms)
✔ nesting is limited to 128 containers (0.312584ms)
✔ hash is lowercase SHA-256 of the canonical bytes (0.843083ms)
✔ checked integers overflow as a typed error (0.180125ms)
✔ unsafe operands are integer_overflow (0.150875ms)
✔ uniform accepts bound 2^32 (0.071125ms)
✔ uniform rejects a bad draw budget (0.092292ms)
✔ IdSource ids (0.299792ms)
✔ IdSource rejects non-string ids (0.087584ms)
✔ IdSource rejects a bad ordinal (0.074292ms)
✔ CommandId known answers (0.808167ms)
✔ CommandId rejects bad ids (0.120667ms)
✔ job CommandId known answers (0.7115ms)
✔ job CommandId rejects bad input (0.098875ms)
✔ a fresh world mints IdSource ids and puts the player in the entry room (2.62075ms)
✔ a body out of mv waits an hour and moves again (10.357542ms)
✔ move north proposes one transfer and entity_entered_room, and commits it (0.533625ms)
✔ a scripted walk visits the expected rooms and rejects the known bad moves (1.869792ms)
✔ look is accepted with an empty delta and leaves the state unchanged (0.366375ms)
✔ unknown capabilities and other actors are rejected before any rule (0.422375ms)
✔ the movement invariants fail on a broken world (0.422417ms)
✔ the delta digest construction matches the Python known answer (0.437833ms)
✔ a foreign event faults unowned_event, and a rule mutating the world throws (0.798334ms)
✔ INSTALLED is each rule module and each implemented ruleless capability (4.574625ms)
ℹ tests 36
ℹ suites 0
ℹ pass 36
ℹ fail 0
ℹ cancelled 0
ℹ skipped 0
ℹ todo 0
ℹ duration_ms 178.276
