✖ the known answer loads with its hash, as its hand-written value (12.121584ms)
✖ the carry ending lands in its variant and ends Bram's talk (6.516166ms)
✖ the leave ending lands in its variant and ends Bram's talk (2.671875ms)
✖ at 06:00 the west gate is locked (3.289125ms)
✖ the old gate lists unlock only with the lantern, and each exit shows what lies beyond (2.370042ms)
node:internal/modules/run_main:107
    triggerUncaughtException(
    ^

AssertionError [ERR_ASSERTION]: The expression evaluated to a falsy value:

  assert.ok(loaded.ok)

    at file:///private<review-checkout>/kernel/ts/test/world.test.ts:48:8
    at ModuleJob.run (node:internal/modules/esm/module_job:561:25)
    at async node:internal/modules/esm/loader:647:26
    at async asyncRunEntryPointWithESMLoader (node:internal/modules/run_main:101:5) {
  generatedMessage: true,
  code: 'ERR_ASSERTION',
  actual: false,
  expected: true,
  operator: '==',
  diff: 'simple'
}

Node.js v24.21.0
✖ test/world.test.ts (176.829959ms)
ℹ tests 6
ℹ suites 0
ℹ pass 0
ℹ fail 6
ℹ cancelled 0
ℹ skipped 0
ℹ todo 0
ℹ duration_ms 201.178458

✖ failing tests:

test at test/lantern_proof.test.ts:26:1
✖ the known answer loads with its hash, as its hand-written value (12.121584ms)
  AssertionError [ERR_ASSERTION]: {"ok":false,"diagnostic":{"severity":"error","code":"CAPABILITY_NOT_INSTALLED","path":".cartridge.lock.capabilities.movement","message_key":"diagnostics.capability_not_installed","data":{"capability":"movement@1"},"suggested_capabilities":[]}}
      at TestContext.<anonymous> (file:///private<review-checkout>/kernel/ts/test/lantern_proof.test.ts:28:10)
      at Test.runInAsyncScope (node:async_hooks:227:14)
      at Test.run (node:internal/test_runner/test:1402:25)
      at Test.start (node:internal/test_runner/test:1262:17)
      at startSubtestAfterBootstrap (node:internal/test_runner/harness:387:17) {
    generatedMessage: false,
    code: 'ERR_ASSERTION',
    actual: false,
    expected: true,
    operator: '==',
    diff: 'simple'
  }

test at test/lantern_proof.test.ts:65:3
✖ the carry ending lands in its variant and ends Bram's talk (6.516166ms)
  AssertionError [ERR_ASSERTION]: The expression evaluated to a falsy value:
  
    assert.ok(loaded.ok)
  
      at world (file:///private<review-checkout>/kernel/ts/test/lantern_proof.test.ts:35:10)
      at TestContext.<anonymous> (file:///private<review-checkout>/kernel/ts/test/lantern_proof.test.ts:66:13)
      at Test.runInAsyncScope (node:async_hooks:227:14)
      at Test.run (node:internal/test_runner/test:1402:25)
      at Test.processPendingSubtests (node:internal/test_runner/test:974:18)
      at Test.postRun (node:internal/test_runner/test:1542:19)
      at Test.run (node:internal/test_runner/test:1467:12)
      at async startSubtestAfterBootstrap (node:internal/test_runner/harness:387:3) {
    generatedMessage: true,
    code: 'ERR_ASSERTION',
    actual: false,
    expected: true,
    operator: '==',
    diff: 'simple'
  }

test at test/lantern_proof.test.ts:65:3
✖ the leave ending lands in its variant and ends Bram's talk (2.671875ms)
  AssertionError [ERR_ASSERTION]: The expression evaluated to a falsy value:
  
    assert.ok(loaded.ok)
  
      at world (file:///private<review-checkout>/kernel/ts/test/lantern_proof.test.ts:35:10)
      at TestContext.<anonymous> (file:///private<review-checkout>/kernel/ts/test/lantern_proof.test.ts:66:13)
      at Test.runInAsyncScope (node:async_hooks:227:14)
      at Test.run (node:internal/test_runner/test:1402:25)
      at Test.processPendingSubtests (node:internal/test_runner/test:974:18)
      at Test.postRun (node:internal/test_runner/test:1542:19)
      at Test.run (node:internal/test_runner/test:1467:12)
      at async Test.processPendingSubtests (node:internal/test_runner/test:974:7) {
    generatedMessage: true,
    code: 'ERR_ASSERTION',
    actual: false,
    expected: true,
    operator: '==',
    diff: 'simple'
  }

test at test/lantern_proof.test.ts:91:1
✖ at 06:00 the west gate is locked (3.289125ms)
  AssertionError [ERR_ASSERTION]: The expression evaluated to a falsy value:
  
    assert.ok(loaded.ok)
  
      at world (file:///private<review-checkout>/kernel/ts/test/lantern_proof.test.ts:35:10)
      at TestContext.<anonymous> (file:///private<review-checkout>/kernel/ts/test/lantern_proof.test.ts:92:13)
      at Test.runInAsyncScope (node:async_hooks:227:14)
      at Test.run (node:internal/test_runner/test:1402:25)
      at Test.processPendingSubtests (node:internal/test_runner/test:974:18)
      at Test.postRun (node:internal/test_runner/test:1542:19)
      at Test.run (node:internal/test_runner/test:1467:12)
      at async Test.processPendingSubtests (node:internal/test_runner/test:974:7) {
    generatedMessage: true,
    code: 'ERR_ASSERTION',
    actual: false,
    expected: true,
    operator: '==',
    diff: 'simple'
  }

test at test/lantern_proof.test.ts:112:1
✖ the old gate lists unlock only with the lantern, and each exit shows what lies beyond (2.370042ms)
  AssertionError [ERR_ASSERTION]: The expression evaluated to a falsy value:
  
    assert.ok(loaded.ok)
  
      at world (file:///private<review-checkout>/kernel/ts/test/lantern_proof.test.ts:35:10)
      at TestContext.<anonymous> (file:///private<review-checkout>/kernel/ts/test/lantern_proof.test.ts:114:13)
      at Test.runInAsyncScope (node:async_hooks:227:14)
      at Test.run (node:internal/test_runner/test:1402:25)
      at Test.processPendingSubtests (node:internal/test_runner/test:974:18)
      at Test.postRun (node:internal/test_runner/test:1542:19)
      at Test.run (node:internal/test_runner/test:1467:12)
      at async Test.processPendingSubtests (node:internal/test_runner/test:974:7) {
    generatedMessage: true,
    code: 'ERR_ASSERTION',
    actual: false,
    expected: true,
    operator: '==',
    diff: 'simple'
  }

test at test/world.test.ts:1:1
✖ test/world.test.ts (176.829959ms)
  'test failed'
