(node:20144) [MODULE_TYPELESS_PACKAGE_JSON] Warning: Module type of file://<private-path> is not specified and it doesn't parse as CommonJS.
Reparsing as ES module because module syntax was detected. This incurs a performance overhead.
To eliminate this warning, add "type": "module" to <private-path>
(Use `node --trace-warnings ...` to show where the warning was created)
✔ exit door actions keep their direction and remain separate from walking (1.42ms)
✔ worn items and reachable nested contents offer actions on their own ids (0.308167ms)
✔ same-room actions retain projected item pages and remove pages hidden by a closed lid (0.212708ms)
✔ chapter changes queue one title which survives scene lines and acknowledgement (0.131041ms)
✔ band phrases and the hp accessibility label use the cartridge catalog (0.129209ms)
✔ scene Continue and position verbs have dedicated groups (0.085416ms)
(node:20145) [MODULE_TYPELESS_PACKAGE_JSON] Warning: Module type of file://<private-path> is not specified and it doesn't parse as CommonJS.
Reparsing as ES module because module syntax was detected. This incurs a performance overhead.
To eliminate this warning, add "type": "module" to <private-path>
(Use `node --trace-warnings ...` to show where the warning was created)
✔ combat page lists offered controls vertically below history in one scroll (6.540334ms)
✔ committed opponent death narrates once through the existing subscription (0.335292ms)
✔ confirmed encounter foregrounds another page and closure or death restores the World (14.889292ms)
✔ Attack opens its committed page; pending and refused Flee stay until committed escape (42.362416ms)
✔ reopening an encounter restores the combat page and last committed narration (0.523792ms)
✔ reopening after escape or either death never restores combat into the World log (1.601458ms)
(node:20146) [MODULE_TYPELESS_PACKAGE_JSON] Warning: Module type of file://<private-path> is not specified and it doesn't parse as CommonJS.
Reparsing as ES module because module syntax was detected. This incurs a performance overhead.
To eliminate this warning, add "type": "module" to <private-path>
(Use `node --trace-warnings ...` to show where the warning was created)
✔ Book patch and Wick controls use confirmed exact targets, readiness and journal state (405.593042ms)
(node:20147) [MODULE_TYPELESS_PACKAGE_JSON] Warning: Module type of file://<private-path> is not specified and it doesn't parse as CommonJS.
Reparsing as ES module because module syntax was detected. This incurs a performance overhead.
To eliminate this warning, add "type": "module" to <private-path>
(Use `node --trace-warnings ...` to show where the warning was created)
✔ retained item results appear chronologically between description and options, empty log omitted (211.115333ms)
(node:20148) [MODULE_TYPELESS_PACKAGE_JSON] Warning: Module type of file://<private-path> is not specified and it doesn't parse as CommonJS.
Reparsing as ES module because module syntax was detected. This incurs a performance overhead.
To eliminate this warning, add "type": "module" to <private-path>
(Use `node --trace-warnings ...` to show where the warning was created)
✔ a drag points at the exit in its 90-degree quadrant, only if that exit exists (0.808541ms)
✔ a drag inside the cancel radius points at nothing (0.087333ms)
✔ the label sits opposite the drag, and above for a kept note (0.487292ms)
✔ stair nodes are reached by dragging out to them, only when the exit exists (0.33ms)
✔ a choice opened during a drag keeps the original context stale and commits no move (131.895333ms)
✔ refused drags do not grow the log without bound (411.872083ms)
(node:20149) [MODULE_TYPELESS_PACKAGE_JSON] Warning: Module type of file://<private-path> is not specified and it doesn't parse as CommonJS.
Reparsing as ES module because module syntax was detected. This incurs a performance overhead.
To eliminate this warning, add "type": "module" to <private-path>
(Use `node --trace-warnings ...` to show where the warning was created)
✔ web keyboard uses offered exits and keeps focused controls (5.541875ms)
✔ Book captures movement keys only on an active World page (2.068875ms)
(node:20150) [MODULE_TYPELESS_PACKAGE_JSON] Warning: Module type of file://<private-path> is not specified and it doesn't parse as CommonJS.
Reparsing as ES module because module syntax was detected. This incurs a performance overhead.
To eliminate this warning, add "type": "module" to <private-path>
(Use `node --trace-warnings ...` to show where the warning was created)
✔ Book preserves exact water pairs and invalidates changed quantities in displayed context (517.372833ms)
✔ Book restores liquid narration on the exact saved source detail after SQLite reopen (473.461667ms)
✔ loaded liquid aliases reach exact Book presses and matching target/input/policy refusal (2681.436208ms)
✔ aliased liquid freshness refuses a stale pair after another committed drink (237.148917ms)
(node:20161) [MODULE_TYPELESS_PACKAGE_JSON] Warning: Module type of file://<private-path> is not specified and it doesn't parse as CommonJS.
Reparsing as ES module because module syntax was detected. This incurs a performance overhead.
To eliminate this warning, add "type": "module" to <private-path>
(Use `node --trace-warnings ...` to show where the warning was created)
✔ after Bram acceptance an unchanged north drag crosses a pulse and commits exactly one move (244.254667ms)
✔ sampler Bram offers at19:00 and receives the fetched lantern the next day without waiting (137.84875ms)
✔ a captured north action never becomes north from a different origin room (13.2355ms)
✔ Maud acceptance, position and item buttons survive elapsed-only redraws (139.798583ms)
✔ an altered captured choice is refused without sending a new decision (46.924459ms)
✔ old Leave and departed Bram actions keep stale refusal after context changes (79.332166ms)
✔ a held answer refuses after its speaker departs during the elapsed pulse (19.803834ms)
✔ combat context changes refuse old Look while an unchanged encounter tolerates a pulse (39.415083ms)
✔ pending move retry adopts its original durable receipt once without a second action (58.132666ms)
✔ withdrawn or changed-context Notice controls retain their captured stale token (53.67ms)
(node:20181) [MODULE_TYPELESS_PACKAGE_JSON] Warning: Module type of file://<private-path> is not specified and it doesn't parse as CommonJS.
Reparsing as ES module because module syntax was detected. This incurs a performance overhead.
To eliminate this warning, add "type": "module" to <private-path>
(Use `node --trace-warnings ...` to show where the warning was created)
✔ exits, the look title, place actions and a thing page come from the right buttons (1.047333ms)
✔ position cycling skips absent offers and retains the offered freshness (0.3765ms)
✔ a touch link is shown as its label (0.141667ms)
✔ a choice's answers and Close are their own group, not place actions (0.116334ms)
✔ the character label says the hp band and no other (0.143042ms)
✔ the absent-speaker line shows only when the speaker is not here (0.117625ms)
✔ a restored choice opens its actual speaker detail or retained conversation (0.135709ms)
✔ a closed exit's log line and a capitalised title (0.112584ms)
✔ a move refused at 0 MV says the body is too exhausted (0.0805ms)
✔ a hint survives a store that throws, for this session (0.173459ms)
✔ the status line shows the double hour as its earthly branch (0.169208ms)
(node:20222) [MODULE_TYPELESS_PACKAGE_JSON] Warning: Module type of file://<private-path> is not specified and it doesn't parse as CommonJS.
Reparsing as ES module because module syntax was detected. This incurs a performance overhead.
To eliminate this warning, add "type": "module" to <private-path>
(Use `node --trace-warnings ...` to show where the warning was created)
✔ landing detail and two board children read exact targets and pop back without navigation receipts (287.669458ms)
✔ the south search reaches the oak and returns through visible fox clues (141.191333ms)
✔ cold Continue shows the confirmed notice once and restores its return route without Read (135.39225ms)
✔ an uncertain child read keeps an empty detail until its one receipt is confirmed (115.753458ms)
✔ long elapsed redraw retains board route and a real room change prunes it (73.0355ms)
✔ notice entries use available exact-target aliases and expose unavailable reasons (122.244875ms)
✔ Elspeth stays reachable all day and her Book replies direct a newcomer along usable exits (255.017875ms)
✔ Q1 drawing opens full item detail with Take and local Leave (96.62225ms)
✔ plank and hollow open descriptive noun detail pages without story credit (66.393875ms)
✔ Study is a detail-only empty-target control after Read/history and refreshes across elapsed redraw (68.853875ms)
✔ pending Study retains its detail context and restores exactly once without World narration (81.858458ms)
(node:20227) [MODULE_TYPELESS_PACKAGE_JSON] Warning: Module type of file://<private-path> is not specified and it doesn't parse as CommonJS.
Reparsing as ES module because module syntax was detected. This incurs a performance overhead.
To eliminate this warning, add "type": "module" to <private-path>
(Use `node --trace-warnings ...` to show where the warning was created)
✔ room is focused while Map retains directions and every detail returns to the world (265.099167ms)
✔ a postcommit narration read fault preserves the saved result and clears retry context (107.839667ms)
✔ NPC history has distinct journal events and one confirmed Leave after the scrolling log (229.573792ms)
✔ only World position taps directly cycle the offered states with captured freshness (57.862375ms)
✔ an NPC choice retried from the world keeps its result in the original detail (30.734083ms)
✔ only confirmed pickup returns World, including a retry from another page (67.000834ms)
✔ touch omits incomplete Give but the complete item and recipient command remains valid (109.915375ms)
✔ inventory Drop returns World with one named event only after confirmation (70.282042ms)
✔ other item actions retain their detail and show their consequences there (24.57525ms)
✔ elapsed confirmed boundaries retain Conversation and chapter acknowledgment without page flips (63.027834ms)
✔ delayed Take returns once with its original item name after a conflicting tap (84.34ms)
✔ delayed actual quest completion adds one authored result and Journal updated in original history (91.939ms)
✔ actual trunk detail explains refused Take and restores its button after Remove then Drop (96.607291ms)
(node:20232) [MODULE_TYPELESS_PACKAGE_JSON] Warning: Module type of file://<private-path> is not specified and it doesn't parse as CommonJS.
Reparsing as ES module because module syntax was detected. This incurs a performance overhead.
To eliminate this warning, add "type": "module" to <private-path>
(Use `node --trace-warnings ...` to show where the warning was created)
✔ pending and refused Take/Drop/Leave retain detail routing and unchanged custody (1.985917ms)
✔ journal cues belong only to changed NPC histories (0.296167ms)
✔ recovery removes the current heading but retains an unclassified consequence (0.149917ms)
✔ confirmed room change clears old history before adding new authored consequences (0.201959ms)
✔ World omits the routine Close fallback while retaining authored consequences (0.1415ms)
✔ a restored committed narration is not duplicated by its pending receipt retry (0.143791ms)
✔ a move rejected for want of MV says the body is too exhausted (0.079167ms)
✔ the log stops growing in one room, its last line the latest answer (6.766333ms)
✔ the save-error line says a pending start over in words and shows any other message (0.175375ms)
✔ a narration recovery fault holds combat results while their line routing is unavailable (0.383625ms)
✔ combat receipt history is once-only when completion follows an already displayed state (0.34425ms)
(node:20236) [MODULE_TYPELESS_PACKAGE_JSON] Warning: Module type of file://<private-path> is not specified and it doesn't parse as CommonJS.
Reparsing as ES module because module syntax was detected. This incurs a performance overhead.
To eliminate this warning, add "type": "module" to <private-path>
(Use `node --trace-warnings ...` to show where the warning was created)
✔ production Read targets retain confirmed detail messages without changing state (142.376917ms)
✔ uncertain Read recovers its one receipt and narration, then reads again after cold reopen (29.91625ms)
✔ stale and refused Read retain their target and never narrate an unread body (16.101042ms)
✔ held Read survives the authored 68350 to 68400 pulse with authority freshness intact (42.857375ms)
✔ cold reopen refuses a committed Read whose stored target is malformed (83.540666ms)
✔ invalid Read JSON offers in-place Start over and leaves older pins explicitly refused (157.641958ms)
(node:20237) [MODULE_TYPELESS_PACKAGE_JSON] Warning: Module type of file://<private-path> is not specified and it doesn't parse as CommonJS.
Reparsing as ES module because module syntax was detected. This incurs a performance overhead.
To eliminate this warning, add "type": "module" to <private-path>
(Use `node --trace-warnings ...` to show where the warning was created)
✔ Book sends the projected Put pair and original freshness through normal touch and receipt routing (240.41175ms)
(node:20238) [MODULE_TYPELESS_PACKAGE_JSON] Warning: Module type of file://<private-path> is not specified and it doesn't parse as CommonJS.
Reparsing as ES module because module syntax was detected. This incurs a performance overhead.
To eliminate this warning, add "type": "module" to <private-path>
(Use `node --trace-warnings ...` to show where the warning was created)
✔ NPC detail tiles edit a bounded word and submit retry/correct results after history (397.01775ms)
(node:20239) [MODULE_TYPELESS_PACKAGE_JSON] Warning: Module type of file://<private-path> is not specified and it doesn't parse as CommonJS.
Reparsing as ES module because module syntax was detected. This incurs a performance overhead.
To eliminate this warning, add "type": "module" to <private-path>
(Use `node --trace-warnings ...` to show where the warning was created)
✔ Peg detail binds exact available item, merchant and quote (170.215541ms)
(node:20241) [MODULE_TYPELESS_PACKAGE_JSON] Warning: Module type of file://<private-path> is not specified and it doesn't parse as CommonJS.
Reparsing as ES module because module syntax was detected. This incurs a performance overhead.
To eliminate this warning, add "type": "module" to <private-path>
(Use `node --trace-warnings ...` to show where the warning was created)
✔ talk by day offers one button per choice and Close; carry narrates (87.474833ms)
✔ a second press from the same screen is a stale view and changes nothing (24.36575ms)
✔ a reopen shows the last committed narration first; a fresh game none (44.227583ms)
✔ walked away: the choices say why, Close leaves the quest open, the landing resolves it (46.68025ms)
✔ the log has story words, never a kernel code, across both endings (86.097042ms)
✔ an NPC who leaves while you stay is logged, and nothing else (44.079833ms)
✔ closed answers and a stale answer give their reason in words, not their code (73.243458ms)
✔ the Lantern gate unlocks and opens through its projected exit buttons (40.620459ms)
(node:20242) [MODULE_TYPELESS_PACKAGE_JSON] Warning: Module type of file://<private-path> is not specified and it doesn't parse as CommonJS.
Reparsing as ES module because module syntax was detected. This incurs a performance overhead.
To eliminate this warning, add "type": "module" to <private-path>
(Use `node --trace-warnings ...` to show where the warning was created)
✔ Character draws projected attributes and acquired qualification with authored labels (1.328041ms)
✔ item equipment detail copies current typed slot/profile/requirement and block chance (0.278291ms)
✔ Book interaction teaches swords then dodge in Tobin detail and recovers each committed result once (586.267125ms)
✔ shared item detail draws confirmed fuel for lit and exhausted items (0.136167ms)
✔ bell-first loss survives real rollback-journal SQLite reopen after every scene line (436.6ms)
✔ forged lost quest without Ring receipt gives typed save corruption (112.7925ms)
✔ late Ring keeps both Q2 returns playable through cold reopen (688.810666ms)
✔ both completed returns keep Silence and its two scene lines through cold reopen (559.3375ms)
✔ fox terminal requires its own committed Silence receipt (101.095292ms)
✔ Silence receipt rejects foreign actors on linked fact events (193.791125ms)
✔ Silence receipt binds its action, actor and scene cause (1282.223125ms)
✔ fox terminal rejects contradictory saved rows without repairing them (711.739458ms)
✔ Silence COMMIT uncertainty settles once and its exact receipt replays unchanged (581.478792ms)
✔ late Ring rejects a receipt with an extra Q2 loss transition (118.265916ms)
✔ bell save contradictions offer typed recovery without changing saved rows (1487.427959ms)
✔ linked Ring receipt fields reject controlled forgeries without repairing rows (2971.473708ms)
✔ Ring COMMIT uncertainty settles to one complete outcome and one replayable receipt (372.278917ms)
✔ saved custody cycle faults in step (289.331667ms)
✔ saved custody cycle faults in list (262.09475ms)
✔ saved custody cycle faults in barrier (381.330667ms)
✔ Take and item-barrier reach preserve the spent decision budget (238.070459ms)
✔ a closed ancestor refuses reach before the hidden cycle (5.838708ms)
✔ saved B2 acceptance and funded turn-in reopen with their exact rows (136.038583ms)
✔ reopen refuses a missing bound expiry job (53.359041ms)
✔ expired B2 obligation reopens with one trust penalty (85.68725ms)
✔ on-time saved axis must agree with its turn-in receipt (74.867208ms)
✔ on-time receipt balances must match funded and saved rows (79.74675ms)
✔ expiry receipt trust scope must name its bound actor (41.449375ms)
✔ reopen derives Reeds from the saved trigger choice, equal to headless play (34.819584ms)
✔ real SQLite reopens Attack and both M4 A rounds with original receipt replay (74.257167ms)
✔ a real rat kill commits corpse and preacceptance credit together and reopens exactly (40.061083ms)
✔ actual lethal combat returns empty-handed and ordinary six-exit journey recovers corpse roots (53.005042ms)
✔ genuine FULL and both unknown-COMMIT outcomes fence a real fatal round (105.1705ms)
✔ saved encounter corruption refuses before exposing play without repairing rows (71.81875ms)
✔ input at the due deadline settles lethal combat before attempting Flee (9.926375ms)
✔ random Flee destination and RNG reopen and replay one SQLite receipt (20.654083ms)
✔ scheduled opponent departure reopens and reconciles before a harmless due combat round (82.378625ms)
✔ real SQLite reopens buy before acceptance, active, and both chronological payout orders (298.945292ms)
✔ purchase receipt retry, sale and buyback cold reopen one exact item and conserved pennies (81.376292ms)
✔ buy under an active and expired S2 retains the exact ledger and pending/failure truth (74.246834ms)
✔ cold open refuses omitted debit, wrong recipient, false prior balance and reversed receipt order (385.463667ms)
✔ shop failed COMMIT and both unknown outcomes retain all prior or all next rows (169.806875ms)
✔ satchel Put/Take is immediately useful but active S2 ancestor Sell is refused (97.275292ms)
✔ v018 ID pin binds the spawned world, purchased torch and worn slot after cold reopen (74.076167ms)
✔ corpse identity, worn roots and shrine return reopen atomically and receipt replay allocates nothing (106.187625ms)
✔ an older release list refuses the corpse release without rewriting it (33.981458ms)
✔ real FULL, failed COMMIT and committed-unknown COMMIT preserve all prior or all next corpse rows (107.205625ms)
✔ save load refuses missing identity, unknown template and illegal corpse custody without repair (78.396625ms)
✔ base1000 accounting preserves exact safe boundary quotients and rejects target overflow (9.265166ms)
✔ 9ms and reopened 11ms commit one unit and preserve the durable fractional account (55.044333ms)
✔ negative wall resume rebases without credit then credits the next 20ms (7.526666ms)
✔ a fixed 36hour horizon commits all four daily boundaries in order (8.879875ms)
✔ sixteen segments yield and one reserved input completes at its original finite horizon (91.015459ms)
✔ a current choice crossing departure refuses presence while Leave still closes its continuation (29.4565ms)
✔ preexisting stale input does not account time and synchronous success emits no completion (8.043458ms)
✔ trusted explicit v2 advance raises its durable target and missing checkpoints refuse (12.954292ms)
✔ an elapsed managed session without clocks fails with a typed refusal (9.742292ms)
✔ resume extends durable target debt rather than a lagging head (26.058875ms)
✔ unexpected closed checkpoint evidence blocks play as corrupt until confirmed Start over (13.203ms)
✔ a valid durable replacement invalidates an old fenced clock and input without writes (10.163875ms)
✔ malformed v2 checkpoints and heads refuse without rewriting their progress (90.747459ms)
✔ a managed v1 upgrade starts its durable account at the actual opening clocks (5.604916ms)
✔ a committed unknown elapsed segment with corrupt checkpoint completes its input as blocked (4.118958ms)
✔ a valid replacement during unknown positive elapsed invalidates the old pending input (24.972084ms)
✔ a private reservation rejects another intent and retains its original bounded input (11.93ms)
✔ terminal v1 upgrade recovery waits for real SQLite rollback closure before Start over (5.829541ms)
✔ resumed wall survives fractional reconciliation and invalid/stale preflight before a new input (114.478709ms)
✔ a new reservation waits for its actual resumed horizon and yields after sixteen boundaries (50.609ms)
✔ resume remains armed after fixed A completes and another intent cannot steal its result (36.123584ms)
✔ elapsed receipt survives reopen and replays its first result after later clock commits (131.661333ms)
✔ old run elapsed refuses before receipt lookup after replacement without Host.random (5.21525ms)
✔ unknown elapsed COMMIT fences trusted and player delivery until the real receipt reconciles (24.960042ms)
✔ modal scene keeps Continue-only player controls while elapsed time commits (51.199042ms)
✔ malformed stored command JSON conflicts without state or receipt changes (4.091375ms)
✔ malformed stored response JSON conflicts without state or receipt changes (6.184125ms)
✔ healthy elapsed delivery preserves actual SQLite receipt-read failures (27.052958ms)
✔ a worn cap is still worn after reopen, in the state the headless kernel reaches (17.90675ms)
✔ seed 12: every fault leaves the prior or next revision and the run ends unchanged (3373.54625ms)
✔ seed 366: every fault leaves the prior or next revision and the run ends unchanged (2367.952541ms)
✔ seed 30636: every fault leaves the prior or next revision and the run ends unchanged (3002.187833ms)
✔ seed 300: every fault leaves the prior or next revision and the run ends unchanged (2618.155ms)
✔ seed 622: every fault leaves the prior or next revision and the run ends unchanged (1429.801708ms)
✔ seed 9633: every fault leaves the prior or next revision and the run ends unchanged (1834.3195ms)
✔ seed 2841: every fault leaves the prior or next revision and the run ends unchanged (985.33975ms)
✔ seed 454: every fault leaves the prior or next revision and the run ends unchanged (1438.328167ms)
✔ seed 172: every fault leaves the prior or next revision and the run ends unchanged (1370.122ms)
✔ seed 49: every fault leaves the prior or next revision and the run ends unchanged (2115.905209ms)
✔ seed 211: every fault leaves the prior or next revision and the run ends unchanged (1991.441583ms)
✔ seed 1595: every fault leaves the prior or next revision and the run ends unchanged (1370.05625ms)
✔ seed 337982: every fault leaves the prior or next revision and the run ends unchanged (1209.326625ms)
✔ seed 105497: every fault leaves the prior or next revision and the run ends unchanged (1059.808291ms)
✔ seed 81: every fault leaves the prior or next revision and the run ends unchanged (1370.575333ms)
✔ seed 130: every fault leaves the prior or next revision and the run ends unchanged (1325.332166ms)
✔ seed 54: every fault leaves the prior or next revision and the run ends unchanged (1542.305584ms)
✔ hand-checked anchors (25.800125ms)
✔ views, a reopen and a changed host clock leave the play_time clock and world as they were (92.240542ms)
✔ backward-anchor metadata accounts reconcile exact prior or next real SQLite evidence (11.415459ms)
✔ failed and lost-ack positive elapsed commits reconcile head receipt and checkpoint together (7.850292ms)
✔ real SQLITE_FULL rolls back elapsed evidence and retries its unchanged candidate (4.181333ms)
✔ a timer completes an unknown player receipt before sampling and emits it once (5.339916ms)
✔ process kill before and after elapsed COMMIT leaves entirely prior or next and reopens once (545.237958ms)
✔ acknowledged Green finale reopens at every line and exports one report (997.694958ms)
✔ real SQLite reopens every immediate occurrence, exact replay and later ordinary bandage custody (1056.844ms)
✔ failed and lost COMMIT exchange outcomes reconcile all-prior or all-next rows (689.500833ms)
✔ exchange history corruption refuses without rewriting the SQLite rows (801.6335ms)
✔ accepted herbs can be dropped, reopened and retrieved for the same exact occurrence (393.669292ms)
✔ B2 and S9 faction receipts reopen in both composed orders without changing pennies (645.129667ms)
✔ reacceptance retirement and fresh activation reconcile as one real SQLite commit (656.967ms)
✔ randomly seeded B5 lineage reopens and Start over preserves the drawn seed (87.701292ms)
✔ trusted elapsed reopens before S9 and reaches the actual herb exchange consumer (496.074ms)
✔ reopen recomputes possession text and retains earned text after the oar is dropped (22.958417ms)
✔ openStory.invoke refuses a failing chat on Bram by its key (44.709041ms)
✔ lantern-carry plays as its frozen trace; its story point reaches the run's account once (114.763208ms)
✔ lantern-leave plays as its frozen trace; its story point reaches the run's account once (55.621208ms)
✔ an old run's view token is stale after a new game, at the same revision (16.611417ms)
✔ adverse early-possession (38.952708ms)
✔ adverse drop-after-choice-opened (56.756458ms)
✔ adverse walked-away-rejects-new-choice (30.9165ms)
✔ adverse walked-away-keeps-receipt (34.746083ms)
✔ adverse altered-choice (34.107917ms)
✔ adverse choice-rollback (54.364583ms)
✔ adverse choice-unknown-commit-absent (62.821125ms)
✔ adverse choice-unknown-commit-committed (42.215709ms)
✔ adverse commit-before-display (511.5225ms)
✔ adverse reading-has-no-effect (29.626458ms)
✔ adverse stale-choice-and-blocked-exit (36.935958ms)
✔ a choice committed with its acknowledgement lost recovers to its receipt, reported once (38.215125ms)
✔ actual torch oil and nested intervals survive cold reopen and sell/buyback with conserved pennies (343.344292ms)
✔ real failed and unknown refill commits reconcile the entire writer group and exact retry (314.688042ms)
✔ corrupt fuel and forged refills refuse without repairing SQLite (810.316833ms)
✔ dark lethal combat cold reopens and permits the gear-free owner corpse walk and exact recovery (555.481292ms)
✔ a light-only cartridge reopens lawful refill history and rejects a bounded forged charge (40.277959ms)
✔ undeclared fuel rows refuse in a cartridge without light metadata and leave SQLite untouched (35.038875ms)
(node:20299) [MODULE_TYPELESS_PACKAGE_JSON] Warning: Module type of file://<private-path> is not specified and it doesn't parse as CommonJS.
Reparsing as ES module because module syntax was detected. This incurs a performance overhead.
To eliminate this warning, add "type": "module" to <private-path>
(Use `node --trace-warnings ...` to show where the warning was created)
✔ Book binds the exact oil bottle and keeps worn torch controls on the item (21.605292ms)
✔ Book owns authored Refuel aliases on their source and preserves exact invocation identity (139.121291ms)
✔ the app path passes the random source: the pinned context is not the template (12.938791ms)
✔ two new games draw their own seed and world context, pinned and in the trace header (1.997208ms)
✔ a reopen rebuilds the ids from the pinned context: first open, Start over, app update (20.84775ms)
✔ luck replays: the drawn seed is the RNG, and a reopen picks as the same process did (12.929791ms)
✔ a save from before c1-host opens unchanged and plays on (41.136791ms)
✔ a pinned context that is not a WorldContextId is save_corrupt (3.051041ms)
✔ production empty, filled, partial Pour, empty, nested, ground and shop custody reopen exactly (2675.159417ms)
✔ cold open refuses missing, extra, malformed and plausible bounded liquid rows without repair (1638.0885ms)
✔ cold open binds every liquid receipt to its historical command, source and complete ordered rows (3060.99875ms)
✔ Pour failed COMMIT and lost acknowledgement fence liquid then reconcile and replay once (462.816292ms)
✔ actual fatal combat cold reopens the filled shell on its corpse then ordinary recovery (742.763292ms)
✔ cold open rejects consistent command/event rewrites that cannot derive from the original invocation (158.365625ms)
✔ a tiny world survives a restart with the same state (12.6085ms)
✔ a retried consumed take replays its receipt; altered intent is a conflict (8.169083ms)
✔ a failed attempt and a rejection persist; their retries draw nothing (8.002541ms)
✔ a fault changes nothing and gets no receipt (8.76525ms)
✔ a lost COMMIT acknowledgement reconciles to the committed receipt (7.740042ms)
✔ a genuinely failed COMMIT reconciles to not committed; the retry is a fresh attempt (7.794792ms)
✔ while the COMMIT outcome is unknown every call is fenced; a restart settles it (5.280583ms)
✔ a process killed after COMMIT restarts with the take once and its trace entry once (834.765458ms)
✔ a definite failure is traced once; a failed trace write changes nothing (8.941333ms)
✔ while the trace is behind no later entry overtakes a missed one (6.187209ms)
✔ an unreadable trace never stops play or the save opening (6.884583ms)
✔ an updated kernel starts a new segment after recovering the old one (8.0095ms)
✔ a transaction a failed ROLLBACK leaves open is never read as saved nor blocks play (7.176166ms)
✔ a save does not open inside a transaction left open (7.031708ms)
✔ jobs survive a restart: waiting to 19:00 after it moves Bram as without it (21.803834ms)
✔ a recipe whose time cost runs a job replays its receipt on retry (6.259917ms)
✔ a move whose reactions commit replays its events byte for byte after a restart (5.967ms)
✔ a recipe narration's pinned participants survive a restart and replay unchanged (4.9255ms)
✔ a talk committed, then a restart: the stored choice carries its revision and choose works (13.063209ms)
✔ production five preacceptance kills reopen into Maud reward and usable storage (354.421417ms)
✔ each of five missing actual credits refuses reward after early acceptance (798.833625ms)
(node:20373) [MODULE_TYPELESS_PACKAGE_JSON] Warning: Module type of file://<private-path> is not specified and it doesn't parse as CommonJS.
Reparsing as ES module because module syntax was detected. This incurs a performance overhead.
To eliminate this warning, add "type": "module" to <private-path>
(Use `node --trace-warnings ...` to show where the warning was created)
✔ production Maud completion leaves World free of story-ended claims and storage usable (156.0585ms)
(node:20374) [MODULE_TYPELESS_PACKAGE_JSON] Warning: Module type of file://<private-path> is not specified and it doesn't parse as CommonJS.
Reparsing as ES module because module syntax was detected. This incurs a performance overhead.
To eliminate this warning, add "type": "module" to <private-path>
(Use `node --trace-warnings ...` to show where the warning was created)
✔ active chapter five actual kills, shrine return, Maud reward and cold-reopen storage (467.121875ms)
✔ Q1 explicit acceptance, held drawing gate, report priority and durable once-only resolution (258.43775ms)
✔ picking up the clue first starts no quest and acceptance is immediately ready (13.500792ms)
✔ Maud offer and earned turn-in stay usable while Q1 is unaccepted (159.577458ms)
✔ Maud offer and earned turn-in stay usable while Q1 is active (135.332542ms)
✔ Maud offer and earned turn-in stay usable while Q1 is ready (122.137ms)
✔ Maud offer and earned turn-in stay usable while Q1 is resolved (110.925125ms)
✔ Q1 acceptance, Green pickup, report and Maud offer work throughout the day (1283.966792ms)
✔ Mire Crossing and Fox Hollow offer both approaches and cold return at every hour (4585.456833ms)
✔ Q1 report atomically activates Q2; only guarded Study tracks grants its active first lead (101.5855ms)
✔ SQLite report/Study reopen and exact replay preserve active Q2 and receipt-specific history (245.211125ms)
✔ malformed Study receipt evidence offers typed Start over on reopen (792.082709ms)
✔ committed combat line indices come from pinned keys and structured receipt events (7.012458ms)
✔ actual adopted rat adjustment commits, reopens pinned HP and replays without another write (43.85725ms)
✔ reopen rejects missing, malformed, or out-of-bounds NPC HP without rewriting progress (13.079958ms)
✔ SQLite FULL, failed COMMIT and lost acknowledgement preserve atomic NPC HP adoption (73.475458ms)
✔ a budget fault is one valid observation of its limit, with the ReplayIds of its decision (32.296541ms)
✔ a failing observation sink changes no reply, revision, storage or retry (12.638459ms)
✔ an older save gains the sink untouched, and the sink keeps the newest 1000 records (603.539ms)
✔ each NEW decision, accepted, rejected or fault, is one kernel.decision_latency (47.837666ms)
✔ a clock changes no reply or durable state when a COMMIT is held, then committed (34.638875ms)
✔ a real committed elapsed then ordinary local trace replays identically with header run preflight (2159.472459ms)
✔ a seated player is still sitting after reopen, in the state the headless kernel reaches (20.44575ms)
(node:20451) [MODULE_TYPELESS_PACKAGE_JSON] Warning: Module type of file://<private-path> is not specified and it doesn't parse as CommonJS.
Reparsing as ES module because module syntax was detected. This incurs a performance overhead.
To eliminate this warning, add "type": "module" to <private-path>
(Use `node --trace-warnings ...` to show where the warning was created)
✔ Book preserves an aliased Read place offer and exact target through a live redraw (169.245708ms)
✔ a leftover transaction is settled before the trace catches up (37.779ms)
✔ a file that is not a database or has a corrupt page is save_corrupt (15.683292ms)
✔ a head with a damaged column is save_corrupt; its new game recreates the head (17.078209ms)
✔ at the cap a new game deletes the oldest run whole and keeps the current one (149.612583ms)
✔ a run alone at the cap keeps its beginning and appends no more entries (195.996167ms)
✔ a new game at the cap makes room for its header by deleting the old run (138.228ms)
✔ a run that drops an entry pair below the cap writes nothing more (130.625333ms)
✔ catch-up at the cap boundary writes a missed entry at 4,998 rows and not at 4,999 (328.110333ms)
✔ Rest/reopen/Stand keeps literal fractions and replays the Rest receipt without writes (109.424875ms)
✔ load refuses corrupt opted rows without rewriting stored progress (20.63125ms)
✔ reconciled adoption rejects wrong authored rate and keeps the prior confirmed view (26.796125ms)
✔ bundled sampler pays MV1 and rests twice as fast before reaching its pool cap (49.737583ms)
✔ real SQLite write failures keep the pool and position together until the unchanged retry commits (27.859792ms)
✔ five actual preacceptance kills reopen into one atomic reward and identity-preserving storage (212.491417ms)
✔ real rollback, failed COMMIT and lost acknowledgement preserve complete old/new reward rows across reopen (266.267958ms)
✔ sampler invocation walk reaches all six rooms and resumes the carried ending at line two (156.795584ms)
✔ leaving the lantern resolves with the fallback journal and no carried chapter or scene (14.042917ms)
✔ a new save allocates and pins its identity; a restart and a replay reuse it (19.848542ms)
✔ a save whose pinned release is missing is refused untouched; a new game moves on (11.623125ms)
✔ a save of an unknown format is refused with nothing written and no new game (10.201667ms)
✔ a damaged identity is save_corrupt and untouched; its new game repairs it (178.942041ms)
✔ an app update reopens a save on its pinned release; new games pin the newest (12.019708ms)
✔ a save that does not parse is save_corrupt until the player starts a new game (29.459292ms)
✔ a new game replaces the save; an old invocation id is new again (9.016959ms)
✔ a new game that fails part way leaves the old save and memory (4.5505ms)
✔ a new game settles a pending attempt first, in the run it was made in (8.825333ms)
✔ a new game whose COMMIT is unknown is fenced; settling it moves play to the new run (6.2705ms)
✔ a new game whose COMMIT fails keeps the old save, memory and receipts (5.09675ms)
✔ a committed new game is adopted before play; a retry does not replace it twice (5.928ms)
✔ a corrupt save's new game settles its COMMIT like any other (27.95025ms)
✔ a new run's entries missed by the trace follow its own header (16.430125ms)
✔ a new game after a settled one replaces the save again (8.293084ms)
✔ line two survives reopen and triggering receipt retry without duplicate effects (34.456542ms)
✔ a pending start over whose retry fails shows that error, not "not confirmed" (53.223166ms)
✔ catch-up conflicts preserve the original attempt and matching retries keep its identity (64.480834ms)
✔ invalid and cyclic shared input refuses before snapshot or elapsed sampling (8.37275ms)
✔ missing elapsed columns after unknown metadata or gameplay commit block and permit explicit recovery (40.450375ms)
✔ corrupt elapsed recovery binds valid, malformed, and absent original headers without erasing a replacement (168.682708ms)
✔ loaded elapsed recovery refuses newer and malformed same-run formats without writes (52.024458ms)
✔ changed refused elapsed header classifies malformed before differing valid run and preserves newer formats (24.849708ms)
(node:20562) [MODULE_TYPELESS_PACKAGE_JSON] Warning: Module type of file://<private-path> is not specified and it doesn't parse as CommonJS.
Reparsing as ES module because module syntax was detected. This incurs a performance overhead.
To eliminate this warning, add "type": "module" to <private-path>
(Use `node --trace-warnings ...` to show where the warning was created)
✔ a scripted session survives a restart and plays on (112.122584ms)
✔ an invalid press before a save does not make the next id collide after a restart (28.924917ms)
✔ an unknown COMMIT shows pending, not a success; a restart shows what committed (10.1615ms)
✔ a pending press is retried with its own id and replays what committed (9.309917ms)
✔ a same-scope receipt from another allocator does not move the id counter (20.191083ms)
✔ a failed write is not claimed unsaved; the next press retries it (13.990417ms)
✔ a read error after a durable commit does not commit the press twice (10.733959ms)
✔ a confirmed receipt that is not a decision is a conflict and ends the attempt (18.398208ms)
✔ start over replaces a file that does not open with a fresh game (28.578292ms)
✔ start over of a damaged identity keeps the file and its old run (13.306708ms)
✔ a damaged receipt index fails the open with start over, which gives a fresh game (16.067375ms)
✔ a newer app's save is never started over (11.158792ms)
✔ a start over whose delete failed can be tried again (7.445959ms)
✔ an open that fails but not as corrupt is never started over (4.031166ms)
✔ a start over that fails during play keeps the game and its retry (10.982583ms)
✔ a pending start over leaves no game to play until it settles (9.202875ms)
✔ the gate tap script ends at its declared state, wherever the kills fall (63.928458ms)
﹣ the save copied from the phone equals the reference (0.054667ms) # SKIP
(node:20575) [MODULE_TYPELESS_PACKAGE_JSON] Warning: Module type of file://<private-path> is not specified and it doesn't parse as CommonJS.
Reparsing as ES module because module syntax was detected. This incurs a performance overhead.
To eliminate this warning, add "type": "module" to <private-path>
(Use `node --trace-warnings ...` to show where the warning was created)
✔ a corrupt report page: Start over gives a working save (214.482333ms)
✔ a corrupt sqlite_autoindex_report_1 page: Start over gives a working save (42.635875ms)
✔ a malformed report index record: Start over gives a working save (48.612875ms)
✔ an intact report table survives Start over in place (39.7115ms)
✔ the latest committed narration is read again on reopen, from the receipts (85.057417ms)
✔ an older save reopens with its narration and keeps its report on Start over (46.109417ms)
✔ a malformed receipt response: Start over keeps the pending report (37.603125ms)
✔ a narration read that fails on a lock offers no Start over (26.683333ms)
✔ a save with no body row: save_corrupt, Start over repairs it in place (40.06225ms)
✔ a save with a null choice: save_corrupt, Start over repairs it in place (34.795584ms)
✔ a save with an empty resource: save_corrupt, Start over repairs it in place (40.140792ms)
✔ a receipt narration line that is null: save_corrupt at open, Start over repairs it (49.519583ms)
✔ a receipt response that is not a decision replays as a conflict (12.387167ms)
✔ elapsed NOTADB and page corruption recover only through explicit working Start over (37.93725ms)
✔ unreadable elapsed opening refuses a newly readable replacement and waits on real SQLite uncertainty (17.890459ms)
✔ a story point reached offline is captured once, survives restart, and is delivered (29.235417ms)
✔ a run is bound once, when it starts; each of its reports carries that binding (32.789417ms)
✔ a story point whose report is malformed is not committed (8.582584ms)
✔ a pending report leaves the canonical state hash unchanged (37.402875ms)
✔ a report commits with its gameplay result or not at all (43.480416ms)
✔ a new game keeps a pending report, delivered under its original run (20.341167ms)
✔ a lost reply is retried and reads back the one acceptance (15.342833ms)
✔ an acceptance of another payload needs attention (19.992666ms)
✔ an acknowledgement that does not commit stops the batch; the next call resends it (85.131417ms)
✔ a report that always fails does not hold back the rest (26.821834ms)
✔ delivery is bounded, persists each disposition and drops nothing (50.770458ms)
✔ real SQLite cold reopen retains both lessons, exact replay, wear, Attack and defended due state (222.807209ms)
✔ forged lesson receipts and contradictory acquired rows reopen as save_corrupt without rewriting (711.934917ms)
✔ each foreign lesson event identity refuses file-backed reopen after lawful later custody (314.292458ms)
✔ real failed and lost-ack COMMIT keep all prior or all next lesson rows and retry once (99.851666ms)
✔ defense hit/loss conjunction is guarded at saved-receipt and narration boundaries (206.605709ms)
✔ trained player death cold reopens and recovers the exact worn lesson sword (145.71325ms)
✔ authored training/shop/S2 orders retain conserved pennies and trained five-rat reward/storage (6177.802125ms)
(node:20596) [MODULE_TYPELESS_PACKAGE_JSON] Warning: Module type of file://<private-path> is not specified and it doesn't parse as CommonJS.
Reparsing as ES module because module syntax was detected. This incurs a performance overhead.
To eliminate this warning, add "type": "module" to <private-path>
(Use `node --trace-warnings ...` to show where the warning was created)
✔ original message branch and terminal reopen with their own NPC narration and exact replay (452.255792ms)
✔ Drop and held-container Put reopen and recover the same item; stale handoff never prints success (364.473625ms)
✔ fatal combat and cold reopen preserve the message through ordinary corpse recovery (257.289083ms)
✔ elapsed redraw keeps an unchanged message choice usable (102.559583ms)
▶ retained delivery evidence corruption is typed even behind an unrelated latest receipt
  ✔ missing branch row (107.632125ms)
  ✔ wrong message role (111.16925ms)
  ✔ null retained source (186.429958ms)
  ✔ branch fact reset (129.879709ms)
  ✔ branch fact deleted (101.811375ms)
  ✔ message in unrelated NPC (91.715292ms)
  ✔ message nested in NPC-held container (111.199375ms)
  ✔ malformed receipt command JSON (147.178125ms)
  ✔ receipt transfer removed (79.065041ms)
  ✔ receive narration names another speaker (86.744ms)
  ✔ terminal fact event missing (94.73075ms)
  ✔ terminal status reset (94.001667ms)
  ✔ terminal message returned to actor (98.96975ms)
  ✔ terminal quest reopened (73.823459ms)
✔ retained delivery evidence corruption is typed even behind an unrelated latest receipt (1520.3545ms)
✔ failed and lost branch/terminal COMMIT keep narration and custody behind confirmed disk (319.299917ms)
✔ v012 refuses the frozen v010 SQLite save and offers explicit Start over without changing it (39.729417ms)
✔ terminal quest without a message branch refuses reopen and requires explicit Start over (102.565708ms)
(node:20604) [MODULE_TYPELESS_PACKAGE_JSON] Warning: Module type of file://<private-path> is not specified and it doesn't parse as CommonJS.
Reparsing as ES module because module syntax was detected. This incurs a performance overhead.
To eliminate this warning, add "type": "module" to <private-path>
(Use `node --trace-warnings ...` to show where the warning was created)
✔ real SQLite reopens at counts zero one two, third close, reset and resolved ward (1100.396666ms)
✔ wrong final-wrong and correct commits reconcile both real outcomes and exact replay once (933.031042ms)
✔ bounded saves refuse forged rows and wrong receipts without deleting progress (1012.789208ms)
✔ unjustified discovery and topic facts fail cold-open reconciliation (151.444542ms)
✔ receipt association checks reject forged actor source and quest independently of later save consumers (71.618041ms)
✔ cold-open verifies the ward Talk selector against its saved source (100.724666ms)
(node:20609) [MODULE_TYPELESS_PACKAGE_JSON] Warning: Module type of file://<private-path> is not specified and it doesn't parse as CommonJS.
Reparsing as ES module because module syntax was detected. This incurs a performance overhead.
To eliminate this warning, add "type": "module" to <private-path>
(Use `node --trace-warnings ...` to show where the warning was created)
▶ malformed Q1 after rescue selection or completion offers typed recovery without replacing progress
  ✔ following row: null (261.88925ms)
  ✔ following row: false (153.481417ms)
  ✔ following row: 0 (303.652875ms)
  ✔ following row: [] (207.801541ms)
  ✔ following row: {} (230.462291ms)
  ✔ following row: {"quest":{},"scope":{}} (185.924ms)
  ✔ following row: {"quest":true,"scope":true} (129.486083ms)
  ✔ following quest: {} (161.110542ms)
  ✔ following scope: {} (153.963417ms)
  ✔ completed row: null (194.42125ms)
  ✔ completed row: false (159.653583ms)
  ✔ completed row: 0 (131.073292ms)
  ✔ completed row: [] (136.421833ms)
  ✔ completed row: {} (128.734041ms)
  ✔ completed row: {"quest":{},"scope":{}} (131.664542ms)
  ✔ completed row: {"quest":true,"scope":true} (128.934917ms)
  ✔ completed quest: {} (142.771625ms)
  ✔ completed scope: {} (131.469959ms)
✔ malformed Q1 after rescue selection or completion offers typed recovery without replacing progress (3085.347916ms)
✔ real SQLite rescue reopens start, death separation, Rejoin and terminal with their own narration (479.706708ms)
▶ retained rescue identity, physical state and own receipts reject corruption behind a later look
  ✔ missing escort row (72.270708ms)
  ✔ substituted bound NPC (56.998125ms)
  ✔ wrong quest instance (64.563208ms)
  ✔ wrong originating continuation (65.046042ms)
  ✔ following NPC in another room (105.954375ms)
  ✔ separated without committed death (84.093583ms)
  ✔ rescue message removed from Vesper (121.862542ms)
  ✔ rescue branch changed to stays (69.453542ms)
  ✔ missing start receipt (59.9985ms)
  ✔ old start receipt missing escort transition (116.001667ms)
  ✔ forged rescued terminal without turn-in (64.907833ms)
  ✔ rescued terminal rewritten to stays (105.95275ms)
  ✔ completed Wren moved away from Elspeth (99.062375ms)
✔ retained rescue identity, physical state and own receipts reject corruption behind a later look (1088.219917ms)
(node:20631) [MODULE_TYPELESS_PACKAGE_JSON] Warning: Module type of file://<private-path> is not specified and it doesn't parse as CommonJS.
Reparsing as ES module because module syntax was detected. This incurs a performance overhead.
To eliminate this warning, add "type": "module" to <private-path>
(Use `node --trace-warnings ...` to show where the warning was created)
✔ file-backed riddle cold opens before, after wrong and after success with exact replay/conflict (425.038917ms)
✔ stored riddle command, binding and root evidence mismatches become typed save corruption (511.630083ms)
▶ malformed retained riddle source offers typed recovery and explicit Start over
  ✔ null source (89.876583ms)
  ✔ missing source (141.849708ms)
✔ malformed retained riddle source offers typed recovery and explicit Start over (233.100667ms)
✔ answer input refreshes only across unchanged offered riddle context and reads its own eventless receipt (60.037875ms)
✔ failed and lost COMMIT answers retain the exact invocation and answer until reconciliation (254.424292ms)
ℹ tests 452
ℹ suites 0
ℹ pass 451
ℹ fail 0
ℹ cancelled 0
ℹ skipped 1
ℹ todo 0
ℹ duration_ms 36385.989
