✔ base1000 accounting preserves exact safe boundary quotients and rejects target overflow (1.184625ms)
✔ 9ms and reopened 11ms commit one unit and preserve the durable fractional account (30.151959ms)
✔ negative wall resume rebases without credit then credits the next 20ms (7.791ms)
✔ a fixed 36hour horizon commits all four daily boundaries in order (7.218792ms)
✖ sixteen segments yield and one reserved input completes at its original finite horizon (12.353042ms)
✔ a current choice crossing departure refuses presence while Leave still closes its continuation (6.928709ms)
✔ preexisting stale input does not account time and synchronous success emits no completion (4.5645ms)
✔ trusted explicit v2 advance raises its durable target and missing checkpoints refuse (8.547125ms)
✔ an elapsed managed session without clocks fails with a typed refusal (4.897292ms)
✔ resume extends durable target debt rather than a lagging head (10.573292ms)
✔ unexpected closed checkpoint evidence blocks play as corrupt until confirmed Start over (6.226375ms)
✔ a valid durable replacement invalidates an old fenced clock and input without writes (7.377709ms)
✔ malformed v2 checkpoints and heads refuse without rewriting their progress (45.612375ms)
✔ a managed v1 upgrade starts its durable account at the actual opening clocks (4.860958ms)
✔ a committed unknown elapsed segment with corrupt checkpoint completes its input as blocked (3.817375ms)
✔ a valid replacement during unknown positive elapsed invalidates the old pending input (8.165958ms)
✔ a private reservation rejects another intent and retains its original bounded input (10.732584ms)
✔ terminal v1 upgrade recovery waits for real SQLite rollback closure before Start over (5.150167ms)
✔ a budget fault is one valid observation of its limit, with the ReplayIds of its decision (9.918458ms)
✔ a failing observation sink changes no reply, revision, storage or retry (9.663958ms)
✔ an older save gains the sink untouched, and the sink keeps the newest 1000 records (240.400209ms)
✔ each NEW decision, accepted, rejected or fault, is one kernel.decision_latency (20.504084ms)
✔ a clock changes no reply or durable state when a COMMIT is held, then committed (6.063ms)
✔ a real committed elapsed then ordinary local trace replays identically with header run preflight (567.268833ms)
✔ a pending start over whose retry fails shows that error, not "not confirmed" (17.405667ms)
✔ catch-up conflicts preserve the original attempt and matching retries keep its identity (21.901042ms)
✔ invalid and cyclic shared input refuses before snapshot or elapsed sampling (4.059166ms)
✔ missing elapsed columns after unknown metadata or gameplay commit block and permit explicit recovery (14.120875ms)
✔ corrupt elapsed recovery binds valid, malformed, and absent original headers without erasing a replacement (37.751042ms)
ℹ tests 29
ℹ suites 0
ℹ pass 28
ℹ fail 1
ℹ cancelled 0
ℹ skipped 0
ℹ todo 0
ℹ duration_ms 1351.351416

✖ failing tests:

test at mobile/authority/local-story/elapsed-driver.test.ts:94:1
✖ sixteen segments yield and one reserved input completes at its original finite horizon (12.353042ms)
  AssertionError [ERR_ASSERTION]: Expected values to be strictly equal:
  
  712800 !== 864000
  
      at TestContext.<anonymous> (file://[private-path]:112:10)
      at Test.runInAsyncScope (node:async_hooks:227:14)
      at Test.run (node:internal/test_runner/test:1402:25)
      at Test.processPendingSubtests (node:internal/test_runner/test:974:18)
      at Test.postRun (node:internal/test_runner/test:1542:19)
      at Test.run (node:internal/test_runner/test:1467:12)
      at async Test.processPendingSubtests (node:internal/test_runner/test:974:7) {
    generatedMessage: true,
    code: 'ERR_ASSERTION',
    actual: 712800,
    expected: 864000,
    operator: 'strictEqual',
    diff: 'simple'
  }
