✔ base1000 accounting preserves exact safe boundary quotients and rejects target overflow (1.176917ms)
✔ 9ms and reopened 11ms commit one unit and preserve the durable fractional account (31.932ms)
✔ negative wall resume rebases without credit then credits the next 20ms (4.322208ms)
✔ a fixed 36hour horizon commits all four daily boundaries in order (6.919584ms)
✔ sixteen segments yield and one reserved input completes at its original finite horizon (19.832833ms)
✔ a current choice crossing departure refuses presence while Leave still closes its continuation (7.143625ms)
✔ preexisting stale input does not account time and synchronous success emits no completion (4.53725ms)
✔ trusted explicit v2 advance raises its durable target and missing checkpoints refuse (7.061875ms)
✔ an elapsed managed session without clocks fails with a typed refusal (4.122041ms)
✔ resume extends durable target debt rather than a lagging head (12.655125ms)
✔ unexpected closed checkpoint evidence blocks play as corrupt until confirmed Start over (6.985042ms)
✔ a valid durable replacement invalidates an old fenced clock and input without writes (8.398583ms)
✔ malformed v2 checkpoints and heads refuse without rewriting their progress (47.147666ms)
✔ a managed v1 upgrade starts its durable account at the actual opening clocks (4.929792ms)
✔ a committed unknown elapsed segment with corrupt checkpoint completes its input as blocked (3.76275ms)
✔ a valid replacement during unknown positive elapsed invalidates the old pending input (6.864875ms)
✔ a private reservation rejects another intent and retains its original bounded input (10.4215ms)
✔ terminal v1 upgrade recovery waits for real SQLite rollback closure before Start over (5.173917ms)
✔ a budget fault is one valid observation of its limit, with the ReplayIds of its decision (10.329791ms)
✔ a failing observation sink changes no reply, revision, storage or retry (8.804916ms)
✔ an older save gains the sink untouched, and the sink keeps the newest 1000 records (249.395708ms)
✔ each NEW decision, accepted, rejected or fault, is one kernel.decision_latency (15.871125ms)
✔ a clock changes no reply or durable state when a COMMIT is held, then committed (6.475667ms)
✔ a real committed elapsed then ordinary local trace replays identically with header run preflight (570.603542ms)
✔ a pending start over whose retry fails shows that error, not "not confirmed" (15.203584ms)
✖ catch-up conflicts preserve the original attempt and matching retries keep its identity (22.941083ms)
✔ invalid and cyclic shared input refuses before snapshot or elapsed sampling (4.274125ms)
✔ missing elapsed columns after unknown metadata or gameplay commit block and permit explicit recovery (15.161208ms)
✔ corrupt elapsed recovery binds valid, malformed, and absent original headers without erasing a replacement (37.446167ms)
ℹ tests 29
ℹ suites 0
ℹ pass 28
ℹ fail 1
ℹ cancelled 0
ℹ skipped 0
ℹ todo 0
ℹ duration_ms 1360.103958

✖ failing tests:

test at mobile/authority/local-story/session.test.ts:53:1
✖ catch-up conflicts preserve the original attempt and matching retries keep its identity (22.941083ms)
  AssertionError [ERR_ASSERTION]: Expected values to be strictly equal:
  + actual - expected
  
  + 'saved'
  - 'conflict'
  
      at TestContext.<anonymous> (file://[private-path]:60:10)
      at Test.runInAsyncScope (node:async_hooks:227:14)
      at Test.run (node:internal/test_runner/test:1402:25)
      at Test.processPendingSubtests (node:internal/test_runner/test:974:18)
      at Test.postRun (node:internal/test_runner/test:1542:19)
      at Test.run (node:internal/test_runner/test:1467:12)
      at async startSubtestAfterBootstrap (node:internal/test_runner/harness:387:3) {
    generatedMessage: true,
    code: 'ERR_ASSERTION',
    actual: 'saved',
    expected: 'conflict',
    operator: 'strictEqual',
    diff: 'simple'
  }
