✔ base1000 accounting preserves exact safe boundary quotients and rejects target overflow (1.223958ms)
✔ 9ms and reopened 11ms commit one unit and preserve the durable fractional account (30.857625ms)
✔ negative wall resume rebases without credit then credits the next 20ms (5.010291ms)
✔ a fixed 36hour horizon commits all four daily boundaries in order (6.818666ms)
✔ sixteen segments yield and one reserved input completes at its original finite horizon (15.848083ms)
✔ a current choice crossing departure refuses presence while Leave still closes its continuation (7.169ms)
✔ preexisting stale input does not account time and synchronous success emits no completion (4.541334ms)
✔ trusted explicit v2 advance raises its durable target and missing checkpoints refuse (6.991209ms)
✔ an elapsed managed session without clocks fails with a typed refusal (3.983791ms)
✔ resume extends durable target debt rather than a lagging head (12.200792ms)
✔ unexpected closed checkpoint evidence blocks play as corrupt until confirmed Start over (5.956834ms)
✔ a valid durable replacement invalidates an old fenced clock and input without writes (8.369583ms)
✖ malformed v2 checkpoints and heads refuse without rewriting their progress (4.769375ms)
✔ a managed v1 upgrade starts its durable account at the actual opening clocks (4.844417ms)
✔ a committed unknown elapsed segment with corrupt checkpoint completes its input as blocked (3.559792ms)
✔ a valid replacement during unknown positive elapsed invalidates the old pending input (7.737666ms)
✔ a private reservation rejects another intent and retains its original bounded input (11.227416ms)
✖ terminal v1 upgrade recovery waits for real SQLite rollback closure before Start over (5.317ms)
✔ a budget fault is one valid observation of its limit, with the ReplayIds of its decision (11.527792ms)
✔ a failing observation sink changes no reply, revision, storage or retry (9.169416ms)
✔ an older save gains the sink untouched, and the sink keeps the newest 1000 records (254.912625ms)
✔ each NEW decision, accepted, rejected or fault, is one kernel.decision_latency (20.305708ms)
✔ a clock changes no reply or durable state when a COMMIT is held, then committed (7.1205ms)
✔ a real committed elapsed then ordinary local trace replays identically with header run preflight (576.308917ms)
✔ a pending start over whose retry fails shows that error, not "not confirmed" (16.385583ms)
✔ catch-up conflicts preserve the original attempt and matching retries keep its identity (23.530167ms)
✔ invalid and cyclic shared input refuses before snapshot or elapsed sampling (4.271625ms)
✖ missing elapsed columns after unknown metadata or gameplay commit block and permit explicit recovery (4.64375ms)
✖ corrupt elapsed recovery binds valid, malformed, and absent original headers without erasing a replacement (6.055709ms)
ℹ tests 29
ℹ suites 0
ℹ pass 25
ℹ fail 4
ℹ cancelled 0
ℹ skipped 0
ℹ todo 0
ℹ duration_ms 1361.302167

✖ failing tests:

test at mobile/authority/local-story/elapsed-driver.test.ts:314:1
✖ malformed v2 checkpoints and heads refuse without rewriting their progress (4.769375ms)
  TypeError: Cannot read properties of undefined (reading 'kind')
      at Object.<anonymous> (file://[private-path]:332:27)
      at expectedException (node:assert:578:17)
      at expectsError (node:assert:703:21)
      at strict.throws (node:assert:759:3)
      at TestContext.<anonymous> (file://[private-path]:330:12)
      at Test.runInAsyncScope (node:async_hooks:227:14)
      at Test.run (node:internal/test_runner/test:1402:25)
      at Test.processPendingSubtests (node:internal/test_runner/test:974:18)
      at Test.postRun (node:internal/test_runner/test:1542:19)
      at Test.run (node:internal/test_runner/test:1467:12)

test at mobile/authority/local-story/elapsed-driver.test.ts:445:1
✖ terminal v1 upgrade recovery waits for real SQLite rollback closure before Start over (5.317ms)
  AssertionError [ERR_ASSERTION]: Missing expected exception.
      at TestContext.<anonymous> (file://[private-path]:468:10)
      at Test.runInAsyncScope (node:async_hooks:227:14)
      at Test.run (node:internal/test_runner/test:1402:25)
      at Test.processPendingSubtests (node:internal/test_runner/test:974:18)
      at Test.postRun (node:internal/test_runner/test:1542:19)
      at Test.run (node:internal/test_runner/test:1467:12)
      at async Test.processPendingSubtests (node:internal/test_runner/test:974:7) {
    generatedMessage: false,
    code: 'ERR_ASSERTION',
    actual: undefined,
    operator: 'throws',
    diff: 'simple'
  }

test at mobile/authority/local-story/session.test.ts:102:1
✖ missing elapsed columns after unknown metadata or gameplay commit block and permit explicit recovery (4.64375ms)
  AssertionError [ERR_ASSERTION]: Expected values to be strictly equal:
  + actual - expected
  
  + false
  - 'save_corrupt'
  
      at TestContext.<anonymous> (file://[private-path]:116:12)
      at Test.runInAsyncScope (node:async_hooks:227:14)
      at Test.run (node:internal/test_runner/test:1402:25)
      at Test.processPendingSubtests (node:internal/test_runner/test:974:18)
      at Test.postRun (node:internal/test_runner/test:1542:19)
      at Test.run (node:internal/test_runner/test:1467:12)
      at async Test.processPendingSubtests (node:internal/test_runner/test:974:7) {
    generatedMessage: true,
    code: 'ERR_ASSERTION',
    actual: false,
    expected: 'save_corrupt',
    operator: 'strictEqual',
    diff: 'simple'
  }

test at mobile/authority/local-story/session.test.ts:131:1
✖ corrupt elapsed recovery binds valid, malformed, and absent original headers without erasing a replacement (6.055709ms)
  TypeError: Cannot read properties of undefined (reading 'kind')
      at Object.<anonymous> (file://[private-path]:144:24)
      at expectedException (node:assert:578:17)
      at expectsError (node:assert:703:21)
      at strict.throws (node:assert:759:3)
      at refusal (file://[private-path]:140:14)
      at TestContext.<anonymous> (file://[private-path]:149:17)
      at Test.runInAsyncScope (node:async_hooks:227:14)
      at Test.run (node:internal/test_runner/test:1402:25)
      at Test.processPendingSubtests (node:internal/test_runner/test:974:18)
      at Test.postRun (node:internal/test_runner/test:1542:19)
