✔ base1000 accounting preserves exact safe boundary quotients and rejects target overflow (1.196084ms)
✔ 9ms and reopened 11ms commit one unit and preserve the durable fractional account (32.011042ms)
✔ negative wall resume rebases without credit then credits the next 20ms (4.13825ms)
✔ a fixed 36hour horizon commits all four daily boundaries in order (6.152792ms)
✔ sixteen segments yield and one reserved input completes at its original finite horizon (13.782292ms)
✔ a current choice crossing departure refuses presence while Leave still closes its continuation (6.805625ms)
✔ preexisting stale input does not account time and synchronous success emits no completion (4.125083ms)
✔ trusted explicit v2 advance raises its durable target and missing checkpoints refuse (6.892625ms)
✔ an elapsed managed session without clocks fails with a typed refusal (4.017458ms)
✔ resume extends durable target debt rather than a lagging head (9.388417ms)
✔ unexpected closed checkpoint evidence blocks play as corrupt until confirmed Start over (6.016292ms)
✔ a valid durable replacement invalidates an old fenced clock and input without writes (7.185625ms)
✔ malformed v2 checkpoints and heads refuse without rewriting their progress (42.062375ms)
✔ a managed v1 upgrade starts its durable account at the actual opening clocks (5.700958ms)
✔ a committed unknown elapsed segment with corrupt checkpoint completes its input as blocked (4.361792ms)
✔ a valid replacement during unknown positive elapsed invalidates the old pending input (7.681083ms)
✔ a private reservation rejects another intent and retains its original bounded input (10.832583ms)
✔ a budget fault is one valid observation of its limit, with the ReplayIds of its decision (9.815959ms)
✔ a failing observation sink changes no reply, revision, storage or retry (8.9855ms)
✔ an older save gains the sink untouched, and the sink keeps the newest 1000 records (240.830542ms)
✔ each NEW decision, accepted, rejected or fault, is one kernel.decision_latency (18.935417ms)
✔ a clock changes no reply or durable state when a COMMIT is held, then committed (5.429583ms)
✔ a real committed elapsed then ordinary local trace replays identically with header run preflight (435.770958ms)
✔ a pending start over whose retry fails shows that error, not "not confirmed" (14.22025ms)
ℹ tests 24
ℹ suites 0
ℹ pass 24
ℹ fail 0
ℹ cancelled 0
ℹ skipped 0
ℹ todo 0
ℹ duration_ms 1218.322041
