✔ base1000 accounting preserves exact safe boundary quotients and rejects target overflow (1.146167ms)
✔ 9ms and reopened 11ms commit one unit and preserve the durable fractional account (33.59ms)
✔ negative wall resume rebases without credit then credits the next 20ms (4.42875ms)
✔ a fixed 36hour horizon commits all four daily boundaries in order (6.48375ms)
✔ sixteen segments yield and one reserved input completes at its original finite horizon (14.687833ms)
✔ a current choice crossing departure refuses presence while Leave still closes its continuation (7.104875ms)
✔ preexisting stale input does not account time and synchronous success emits no completion (4.302459ms)
✔ trusted explicit v2 advance raises its durable target and missing checkpoints refuse (7.582875ms)
✔ an elapsed managed session without clocks fails with a typed refusal (4.393584ms)
✔ resume extends durable target debt rather than a lagging head (10.692958ms)
✔ unexpected closed checkpoint evidence blocks play as corrupt until confirmed Start over (6.350875ms)
✔ a valid durable replacement invalidates an old fenced clock and input without writes (7.585917ms)
✔ malformed v2 checkpoints and heads refuse without rewriting their progress (50.259916ms)
✔ a managed v1 upgrade starts its durable account at the actual opening clocks (5.747625ms)
✔ a committed unknown elapsed segment with corrupt checkpoint completes its input as blocked (4.059042ms)
✔ a valid replacement during unknown positive elapsed invalidates the old pending input (7.812625ms)
✔ a private reservation rejects another intent and retains its original bounded input (10.479709ms)
✔ terminal v1 upgrade recovery waits for real SQLite rollback closure before Start over (5.087166ms)
✔ a budget fault is one valid observation of its limit, with the ReplayIds of its decision (9.892167ms)
✔ a failing observation sink changes no reply, revision, storage or retry (8.991458ms)
✔ an older save gains the sink untouched, and the sink keeps the newest 1000 records (248.125958ms)
✔ each NEW decision, accepted, rejected or fault, is one kernel.decision_latency (17.366833ms)
✔ a clock changes no reply or durable state when a COMMIT is held, then committed (9.72675ms)
✔ a real committed elapsed then ordinary local trace replays identically with header run preflight (605.978333ms)
✔ a pending start over whose retry fails shows that error, not "not confirmed" (15.105167ms)
✔ catch-up conflicts preserve the original attempt and matching retries keep its identity (22.842875ms)
✔ invalid and cyclic shared input refuses before snapshot or elapsed sampling (4.218916ms)
✔ missing elapsed columns after unknown metadata or gameplay commit block and permit explicit recovery (15.052666ms)
✔ corrupt elapsed recovery binds valid, malformed, and absent original headers without erasing a replacement (36.870959ms)
ℹ tests 29
ℹ suites 0
ℹ pass 29
ℹ fail 0
ℹ cancelled 0
ℹ skipped 0
ℹ todo 0
ℹ duration_ms 1412.018375
