✔ base1000 accounting preserves exact safe boundary quotients and rejects target overflow (1.448791ms)
✔ 9ms and reopened 11ms commit one unit and preserve the durable fractional account (44.806375ms)
✔ negative wall resume rebases without credit then credits the next 20ms (5.09425ms)
✔ a fixed 36hour horizon commits all four daily boundaries in order (22.622834ms)
✔ sixteen segments yield and one reserved input completes at its original finite horizon (33.650292ms)
✔ a current choice crossing departure refuses presence while Leave still closes its continuation (10.812709ms)
✔ preexisting stale input does not account time and synchronous success emits no completion (4.120542ms)
✔ trusted explicit v2 advance raises its durable target and missing checkpoints refuse (8.490667ms)
✔ an elapsed managed session without clocks fails with a typed refusal (6.527333ms)
✔ resume extends durable target debt rather than a lagging head (17.772542ms)
✔ unexpected closed checkpoint evidence blocks play as corrupt until confirmed Start over (9.684375ms)
✔ a valid durable replacement invalidates an old fenced clock and input without writes (10.804584ms)
✔ malformed v2 checkpoints and heads refuse without rewriting their progress (73.603875ms)
✔ a managed v1 upgrade starts its durable account at the actual opening clocks (7.974667ms)
✔ a committed unknown elapsed segment with corrupt checkpoint completes its input as blocked (7.832ms)
✔ a valid replacement during unknown positive elapsed invalidates the old pending input (10.654291ms)
✔ a private reservation rejects another intent and retains its original bounded input (20.954375ms)
✔ seed 12: every fault leaves the prior or next revision and the run ends unchanged (1292.946042ms)
✔ seed 366: every fault leaves the prior or next revision and the run ends unchanged (694.96525ms)
✔ seed 30636: every fault leaves the prior or next revision and the run ends unchanged (724.266375ms)
✔ seed 300: every fault leaves the prior or next revision and the run ends unchanged (871.89075ms)
✔ seed 622: every fault leaves the prior or next revision and the run ends unchanged (606.078458ms)
✔ seed 9633: every fault leaves the prior or next revision and the run ends unchanged (819.014417ms)
✔ seed 2841: every fault leaves the prior or next revision and the run ends unchanged (620.228291ms)
✔ seed 454: every fault leaves the prior or next revision and the run ends unchanged (915.68875ms)
✔ seed 172: every fault leaves the prior or next revision and the run ends unchanged (763.782375ms)
✔ seed 49: every fault leaves the prior or next revision and the run ends unchanged (892.20525ms)
✔ seed 211: every fault leaves the prior or next revision and the run ends unchanged (889.833625ms)
✔ seed 1595: every fault leaves the prior or next revision and the run ends unchanged (824.078709ms)
✔ seed 337982: every fault leaves the prior or next revision and the run ends unchanged (814.324541ms)
✔ seed 105497: every fault leaves the prior or next revision and the run ends unchanged (703.79775ms)
✔ seed 81: every fault leaves the prior or next revision and the run ends unchanged (932.58175ms)
✔ seed 130: every fault leaves the prior or next revision and the run ends unchanged (802.937917ms)
✔ seed 54: every fault leaves the prior or next revision and the run ends unchanged (821.399ms)
✔ hand-checked anchors (16.722083ms)
✔ views, a reopen and a changed host clock leave the play_time clock and world as they were (58.467666ms)
✔ backward-anchor metadata accounts reconcile exact prior or next real SQLite evidence (8.480584ms)
✔ failed and lost-ack positive elapsed commits reconcile head receipt and checkpoint together (5.898959ms)
✔ real SQLITE_FULL rolls back elapsed evidence and retries its unchanged candidate (2.92475ms)
✔ a timer completes an unknown player receipt before sampling and emits it once (3.450917ms)
✔ process kill before and after elapsed COMMIT leaves entirely prior or next and reopens once (250.491542ms)
✔ a budget fault is one valid observation of its limit, with the ReplayIds of its decision (13.102709ms)
✔ a failing observation sink changes no reply, revision, storage or retry (8.979958ms)
✔ an older save gains the sink untouched, and the sink keeps the newest 1000 records (376.994125ms)
✔ each NEW decision, accepted, rejected or fault, is one kernel.decision_latency (14.857416ms)
✔ a clock changes no reply or durable state when a COMMIT is held, then committed (9.464041ms)
✔ a real committed elapsed then ordinary local trace replays identically with header run preflight (745.54575ms)
✔ a leftover transaction is settled before the trace catches up (23.3095ms)
✔ a file that is not a database or has a corrupt page is save_corrupt (13.525459ms)
✔ a head with a damaged column is save_corrupt; its new game recreates the head (6.938125ms)
✔ at the cap a new game deletes the oldest run whole and keeps the current one (75.735167ms)
✔ a run alone at the cap keeps its beginning and appends no more entries (68.291917ms)
✔ a new game at the cap makes room for its header by deleting the old run (78.715584ms)
✔ a run that drops an entry pair below the cap writes nothing more (69.660375ms)
✔ catch-up at the cap boundary writes a missed entry at 4,998 rows and not at 4,999 (127.765208ms)
✔ a pending start over whose retry fails shows that error, not "not confirmed" (17.490209ms)
✔ catch-up conflicts preserve the original attempt and matching retries keep its identity (53.840833ms)
✔ invalid and cyclic shared input refuses before snapshot or elapsed sampling (10.729958ms)
✔ missing elapsed columns after unknown metadata or gameplay commit block and permit explicit recovery (36.22375ms)
✔ corrupt elapsed recovery binds valid, malformed, and absent original headers without erasing a replacement (51.582166ms)
(node:61570) [MODULE_TYPELESS_PACKAGE_JSON] Warning: Module type of file://[private-path] is not specified and it doesn't parse as CommonJS.
Reparsing as ES module because module syntax was detected. This incurs a performance overhead.
To eliminate this warning, add "type": "module" to [private-path]
(Use `node --trace-warnings ...` to show where the warning was created)
✔ a corrupt report page: Start over gives a working save (82.164792ms)
✔ a corrupt sqlite_autoindex_report_1 page: Start over gives a working save (30.131041ms)
✔ a malformed report index record: Start over gives a working save (35.850333ms)
✔ an intact report table survives Start over in place (28.513958ms)
✔ the latest committed narration is read again on reopen, from the receipts (24.908708ms)
✔ an older save reopens with its narration and keeps its report on Start over (37.509292ms)
✔ a malformed receipt response: Start over keeps the pending report (20.714333ms)
✔ a narration read that fails on a lock offers no Start over (14.936083ms)
✔ a save with no body row: save_corrupt, Start over repairs it in place (17.874375ms)
✔ a save with a null choice: save_corrupt, Start over repairs it in place (24.000167ms)
✔ a save with an empty resource: save_corrupt, Start over repairs it in place (18.984625ms)
✔ a receipt narration line that is null: save_corrupt at open, Start over repairs it (19.560875ms)
✔ a receipt response that is not a decision replays as a conflict (9.863875ms)
ℹ tests 73
ℹ suites 0
ℹ pass 73
ℹ fail 0
ℹ cancelled 0
ℹ skipped 0
ℹ todo 0
ℹ duration_ms 14741.83275
