✔ base1000 accounting preserves exact safe boundary quotients and rejects target overflow (2.463833ms)
✔ 9ms and reopened 11ms commit one unit and preserve the durable fractional account (40.346875ms)
✔ negative wall resume rebases without credit then credits the next 20ms (4.307417ms)
✔ a fixed 36hour horizon commits all four daily boundaries in order (6.544833ms)
✔ sixteen segments yield and one reserved input completes at its original finite horizon (14.222083ms)
✔ a current choice crossing departure refuses presence while Leave still closes its continuation (7.825791ms)
✔ preexisting stale input does not account time and synchronous success emits no completion (8.641083ms)
✔ trusted explicit v2 advance raises its durable target and missing checkpoints refuse (9.078708ms)
✔ an elapsed managed session without clocks fails with a typed refusal (4.729375ms)
✔ resume extends durable target debt rather than a lagging head (11.181625ms)
✔ unexpected closed checkpoint evidence blocks play as corrupt until confirmed Start over (8.496667ms)
✔ a valid durable replacement invalidates an old fenced clock and input without writes (9.040542ms)
✔ malformed v2 checkpoints and heads refuse without rewriting their progress (60.965708ms)
✔ a managed v1 upgrade starts its durable account at the actual opening clocks (4.881125ms)
✔ a committed unknown elapsed segment with corrupt checkpoint completes its input as blocked (4.04225ms)
✔ a valid replacement during unknown positive elapsed invalidates the old pending input (8.560542ms)
✔ a private reservation rejects another intent and retains its original bounded input (10.801792ms)
✔ terminal v1 upgrade recovery waits for real SQLite rollback closure before Start over (5.333833ms)
✔ seed 12: every fault leaves the prior or next revision and the run ends unchanged (1143.00175ms)
✔ seed 366: every fault leaves the prior or next revision and the run ends unchanged (677.323459ms)
✔ seed 30636: every fault leaves the prior or next revision and the run ends unchanged (732.249792ms)
✔ seed 300: every fault leaves the prior or next revision and the run ends unchanged (955.28375ms)
✔ seed 622: every fault leaves the prior or next revision and the run ends unchanged (612.16475ms)
✔ seed 9633: every fault leaves the prior or next revision and the run ends unchanged (837.469958ms)
✔ seed 2841: every fault leaves the prior or next revision and the run ends unchanged (636.534958ms)
✔ seed 454: every fault leaves the prior or next revision and the run ends unchanged (823.136083ms)
✔ seed 172: every fault leaves the prior or next revision and the run ends unchanged (664.778083ms)
✔ seed 49: every fault leaves the prior or next revision and the run ends unchanged (886.338667ms)
✔ seed 211: every fault leaves the prior or next revision and the run ends unchanged (889.011333ms)
✔ seed 1595: every fault leaves the prior or next revision and the run ends unchanged (820.268875ms)
✔ seed 337982: every fault leaves the prior or next revision and the run ends unchanged (817.046834ms)
✔ seed 105497: every fault leaves the prior or next revision and the run ends unchanged (692.808542ms)
✔ seed 81: every fault leaves the prior or next revision and the run ends unchanged (938.815459ms)
✔ seed 130: every fault leaves the prior or next revision and the run ends unchanged (828.565ms)
✔ seed 54: every fault leaves the prior or next revision and the run ends unchanged (814.055291ms)
✔ hand-checked anchors (16.091959ms)
✔ views, a reopen and a changed host clock leave the play_time clock and world as they were (60.058834ms)
✔ backward-anchor metadata accounts reconcile exact prior or next real SQLite evidence (7.808ms)
✔ failed and lost-ack positive elapsed commits reconcile head receipt and checkpoint together (5.935125ms)
✔ real SQLITE_FULL rolls back elapsed evidence and retries its unchanged candidate (2.907791ms)
✔ a timer completes an unknown player receipt before sampling and emits it once (3.437791ms)
✔ process kill before and after elapsed COMMIT leaves entirely prior or next and reopens once (255.663458ms)
✔ a budget fault is one valid observation of its limit, with the ReplayIds of its decision (9.475916ms)
✔ a failing observation sink changes no reply, revision, storage or retry (9.544334ms)
✔ an older save gains the sink untouched, and the sink keeps the newest 1000 records (283.692167ms)
✔ each NEW decision, accepted, rejected or fault, is one kernel.decision_latency (18.816375ms)
✔ a clock changes no reply or durable state when a COMMIT is held, then committed (5.606542ms)
✔ a real committed elapsed then ordinary local trace replays identically with header run preflight (697.144292ms)
✔ a pending start over whose retry fails shows that error, not "not confirmed" (24.603542ms)
✔ catch-up conflicts preserve the original attempt and matching retries keep its identity (26.579167ms)
✔ invalid and cyclic shared input refuses before snapshot or elapsed sampling (7.413708ms)
✔ missing elapsed columns after unknown metadata or gameplay commit block and permit explicit recovery (15.0275ms)
✔ corrupt elapsed recovery binds valid, malformed, and absent original headers without erasing a replacement (45.786666ms)
ℹ tests 53
ℹ suites 0
ℹ pass 53
ℹ fail 0
ℹ cancelled 0
ℹ skipped 0
ℹ todo 0
ℹ duration_ms 14381.997875
