✔ base1000 accounting preserves exact safe boundary quotients and rejects target overflow (1.188041ms)
✔ 9ms and reopened 11ms commit one unit and preserve the durable fractional account (32.328209ms)
✔ negative wall resume rebases without credit then credits the next 20ms (5.186792ms)
✔ a fixed 36hour horizon commits all four daily boundaries in order (6.59075ms)
✖ sixteen segments yield and one reserved input completes at its original finite horizon (13.676209ms)
✔ a current choice crossing departure refuses presence while Leave still closes its continuation (7.593417ms)
✔ preexisting stale input does not account time and synchronous success emits no completion (4.615625ms)
✔ trusted explicit v2 advance raises its durable target and missing checkpoints refuse (7.373209ms)
✔ an elapsed managed session without clocks fails with a typed refusal (4.014708ms)
✔ resume extends durable target debt rather than a lagging head (10.616833ms)
✔ unexpected closed checkpoint evidence blocks play as corrupt until confirmed Start over (6.28175ms)
✔ a valid durable replacement invalidates an old fenced clock and input without writes (6.915959ms)
✖ malformed v2 checkpoints and heads refuse without rewriting their progress (4.5605ms)
✔ a managed v1 upgrade starts its durable account at the actual opening clocks (4.988708ms)
✔ a committed unknown elapsed segment with corrupt checkpoint completes its input as blocked (3.986958ms)
✔ a valid replacement during unknown positive elapsed invalidates the old pending input (7.65975ms)
✔ a private reservation rejects another intent and retains its original bounded input (10.330542ms)
✔ a budget fault is one valid observation of its limit, with the ReplayIds of its decision (10.296125ms)
✔ a failing observation sink changes no reply, revision, storage or retry (9.247709ms)
✔ an older save gains the sink untouched, and the sink keeps the newest 1000 records (264.127583ms)
✔ each NEW decision, accepted, rejected or fault, is one kernel.decision_latency (21.045083ms)
✔ a clock changes no reply or durable state when a COMMIT is held, then committed (6.089333ms)
✖ a real committed elapsed then ordinary local trace replays identically with header run preflight (606.82225ms)
✔ a pending start over whose retry fails shows that error, not "not confirmed" (16.121583ms)
✖ catch-up conflicts preserve the original attempt and matching retries keep its identity (23.606292ms)
✔ invalid and cyclic shared input refuses before snapshot or elapsed sampling (4.330417ms)
✖ missing elapsed columns after unknown metadata or gameplay commit block and permit explicit recovery (3.873042ms)
ℹ tests 27
ℹ suites 0
ℹ pass 22
ℹ fail 5
ℹ cancelled 0
ℹ skipped 0
ℹ todo 0
ℹ duration_ms 1419.419666

✖ failing tests:

test at mobile/authority/local-story/elapsed-driver.test.ts:93:1
✖ sixteen segments yield and one reserved input completes at its original finite horizon (13.676209ms)
  AssertionError [ERR_ASSERTION]: Expected values to be strictly equal:
  
  712800 !== 864000
  
      at TestContext.<anonymous> (file://[private-path]:111:10)
      at Test.runInAsyncScope (node:async_hooks:227:14)
      at Test.run (node:internal/test_runner/test:1402:25)
      at Test.processPendingSubtests (node:internal/test_runner/test:974:18)
      at Test.postRun (node:internal/test_runner/test:1542:19)
      at Test.run (node:internal/test_runner/test:1467:12)
      at async Test.processPendingSubtests (node:internal/test_runner/test:974:7) {
    generatedMessage: true,
    code: 'ERR_ASSERTION',
    actual: 712800,
    expected: 864000,
    operator: 'strictEqual',
    diff: 'simple'
  }

test at mobile/authority/local-story/elapsed-driver.test.ts:313:1
✖ malformed v2 checkpoints and heads refuse without rewriting their progress (4.5605ms)
  TypeError: Cannot read properties of undefined (reading 'kind')
      at Object.<anonymous> (file://[private-path]:331:27)
      at expectedException (node:assert:578:17)
      at expectsError (node:assert:703:21)
      at strict.throws (node:assert:759:3)
      at TestContext.<anonymous> (file://[private-path]:329:12)
      at Test.runInAsyncScope (node:async_hooks:227:14)
      at Test.run (node:internal/test_runner/test:1402:25)
      at Test.processPendingSubtests (node:internal/test_runner/test:974:18)
      at Test.postRun (node:internal/test_runner/test:1542:19)
      at Test.run (node:internal/test_runner/test:1467:12)

test at mobile/authority/local-story/observe.test.ts:231:1
✖ a real committed elapsed then ordinary local trace replays identically with header run preflight (606.82225ms)
  AssertionError [ERR_ASSERTION]: The input was expected to not match the regular expression /\[state /. Input:
  
  'recorded by loka-kernel@0000000000000000000000000000000000000000\n' +
    'replayed on loka-kernel@2d23372974bbf75505817b25bdbef9263fc2dbb8-dirty\n' +
    'Ferry Landing\n' +
    'Reeds crowd a slick wooden landing. A mooring post leans into the current.\n' +
    'Bram the ferryman is here.\n' +
    'A brass lantern sits on a coil of rope.\n' +
    'Exits: north\n' +
    'hp 20/20  ma 100/100  mv 82/82  day 1, 18:00\n' +
    '[state b51fdf086f0737aece32f0ba6b7c11c46429772460266fb1655702bd885f9912]\n' +
    'Ferry Landing\n' +
    'Reeds crowd a slick wooden landing. A mooring post leans into the current.\n' +
    'Bram the ferryman is here.\n' +
    'A brass lantern sits on a coil of rope.\n' +
    'Exits: north\n' +
    'hp 20/20  ma 100/100  mv 82/82  day 1, 18:00\n' +
    '[state 8cc3dd87d16a7d77ade2b5a0f832d306ce761bf2fec6b49e507d715bf92145ee  step 0 µs]\n' +
    'Ferry Landing\n' +
    'Reeds crowd a slick wooden landing. A mooring post leans into the current.\n' +
    'Bram the ferryman is here.\n' +
    'A brass lantern sits on a coil of rope.\n' +
    'Exits: north\n' +
    'hp 20/20  ma 100/100  mv 82/82  day 1, 18:00\n' +
    '[state 8cc3dd87d16a7d77ade2b5a0f832d306ce761bf2fec6b49e507d715bf92145ee  step 0 µs]\n'
  
      at TestContext.<anonymous> (file://[private-path]:279:10)
      at Test.runInAsyncScope (node:async_hooks:227:14)
      at Test.run (node:internal/test_runner/test:1402:25)
      at Test.processPendingSubtests (node:internal/test_runner/test:974:18)
      at Test.postRun (node:internal/test_runner/test:1542:19)
      at Test.run (node:internal/test_runner/test:1467:12)
      at async Test.processPendingSubtests (node:internal/test_runner/test:974:7) {
    generatedMessage: true,
    code: 'ERR_ASSERTION',
    actual: 'recorded by loka-kernel@0000000000000000000000000000000000000000\nreplayed on loka-kernel@2d23372974bbf75505817b25bdbef9263fc2dbb8-dirty\nFerry Landing\nReeds crowd a slick wooden landing. A mooring post leans into the current.\nBram the ferryman is here.\nA brass lantern sits on a coil of rope.\nExits: north\nhp 20/20  ma 100/100  mv 82/82  day 1, 18:00\n[state b51fdf086f0737aece32f0ba6b7c11c46429772460266fb1655702bd885f9912]\nFerry Landing\nReeds crowd a slick wooden landing. A mooring post leans into the current.\nBram the ferryman is here.\nA brass lantern sits on a coil of rope.\nExits: north\nhp 20/20  ma 100/100  mv 82/82  day 1, 18:00\n[state 8cc3dd87d16a7d77ade2b5a0f832d306ce761bf2fec6b49e507d715bf92145ee  step 0 µs]\nFerry Landing\nReeds crowd a slick wooden landing. A mooring post leans into the current.\nBram the ferryman is here.\nA brass lantern sits on a coil of rope.\nExits: north\nhp 20/20  ma 100/100  mv 82/82  day 1, 18:00\n[state 8cc3dd87d16a7d77ade2b5a0f832d306ce761bf2fec6b49e507d715bf92145ee  step 0 µs]\n',
    expected: /\[state /,
    operator: 'doesNotMatch',
    diff: 'simple'
  }

test at mobile/authority/local-story/session.test.ts:54:1
✖ catch-up conflicts preserve the original attempt and matching retries keep its identity (23.606292ms)
  AssertionError [ERR_ASSERTION]: Expected values to be strictly equal:
  + actual - expected
  
  + 'saved'
  - 'conflict'
  
      at TestContext.<anonymous> (file://[private-path]:61:10)
      at Test.runInAsyncScope (node:async_hooks:227:14)
      at Test.run (node:internal/test_runner/test:1402:25)
      at Test.processPendingSubtests (node:internal/test_runner/test:974:18)
      at Test.postRun (node:internal/test_runner/test:1542:19)
      at Test.run (node:internal/test_runner/test:1467:12)
      at async startSubtestAfterBootstrap (node:internal/test_runner/harness:387:3) {
    generatedMessage: true,
    code: 'ERR_ASSERTION',
    actual: 'saved',
    expected: 'conflict',
    operator: 'strictEqual',
    diff: 'simple'
  }

test at mobile/authority/local-story/session.test.ts:92:1
✖ missing elapsed columns after unknown metadata or gameplay commit block and permit explicit recovery (3.873042ms)
  AssertionError [ERR_ASSERTION]: Expected values to be strictly equal:
  + actual - expected
  
  + false
  - 'save_corrupt'
  
      at TestContext.<anonymous> (file://[private-path]:103:12)
      at Test.runInAsyncScope (node:async_hooks:227:14)
      at Test.run (node:internal/test_runner/test:1402:25)
      at Test.processPendingSubtests (node:internal/test_runner/test:974:18)
      at Test.postRun (node:internal/test_runner/test:1542:19)
      at Test.run (node:internal/test_runner/test:1467:12)
      at async Test.processPendingSubtests (node:internal/test_runner/test:974:7) {
    generatedMessage: true,
    code: 'ERR_ASSERTION',
    actual: false,
    expected: 'save_corrupt',
    operator: 'strictEqual',
    diff: 'simple'
  }
