✔ base1000 accounting preserves exact safe boundary quotients and rejects target overflow (1.198125ms)
✔ 9ms and reopened 11ms commit one unit and preserve the durable fractional account (31.914459ms)
✔ negative wall resume rebases without credit then credits the next 20ms (4.24675ms)
✔ a fixed 36hour horizon commits all four daily boundaries in order (6.5635ms)
✔ sixteen segments yield and one reserved input completes at its original finite horizon (14.53425ms)
✔ a current choice crossing departure refuses presence while Leave still closes its continuation (6.793292ms)
✔ preexisting stale input does not account time and synchronous success emits no completion (4.726667ms)
✔ trusted explicit v2 advance raises its durable target and missing checkpoints refuse (6.296916ms)
✔ an elapsed managed session without clocks fails with a typed refusal (3.935833ms)
✔ resume extends durable target debt rather than a lagging head (10.3155ms)
✔ unexpected closed checkpoint evidence blocks play as corrupt until confirmed Start over (6.018459ms)
✔ a valid durable replacement invalidates an old fenced clock and input without writes (7.418458ms)
✔ malformed v2 checkpoints and heads refuse without rewriting their progress (42.373542ms)
✔ a managed v1 upgrade starts its durable account at the actual opening clocks (4.644334ms)
✔ a committed unknown elapsed segment with corrupt checkpoint completes its input as blocked (4.113792ms)
✔ a valid replacement during unknown positive elapsed invalidates the old pending input (7.667125ms)
✔ a private reservation rejects another intent and retains its original bounded input (10.343667ms)
✔ a budget fault is one valid observation of its limit, with the ReplayIds of its decision (9.625875ms)
✔ a failing observation sink changes no reply, revision, storage or retry (8.687791ms)
✔ an older save gains the sink untouched, and the sink keeps the newest 1000 records (238.975709ms)
✔ each NEW decision, accepted, rejected or fault, is one kernel.decision_latency (13.947792ms)
✔ a clock changes no reply or durable state when a COMMIT is held, then committed (6.835709ms)
✔ a real committed elapsed then ordinary local trace replays identically with header run preflight (434.397166ms)
✔ a pending start over whose retry fails shows that error, not "not confirmed" (16.109375ms)
ℹ tests 24
ℹ suites 0
ℹ pass 24
ℹ fail 0
ℹ cancelled 0
ℹ skipped 0
ℹ todo 0
ℹ duration_ms 1205.000375
