✔ base1000 accounting preserves exact safe boundary quotients and rejects target overflow (1.191833ms)
✔ 9ms and reopened 11ms commit one unit and preserve the durable fractional account (32.57375ms)
✔ negative wall resume rebases without credit then credits the next 20ms (5.543542ms)
✔ a fixed 36hour horizon commits all four daily boundaries in order (7.186125ms)
✔ sixteen segments yield and one reserved input completes at its original finite horizon (14.305ms)
✔ a current choice crossing departure refuses presence while Leave still closes its continuation (6.749292ms)
✔ preexisting stale input does not account time and synchronous success emits no completion (4.481584ms)
✔ trusted explicit v2 advance raises its durable target and missing checkpoints refuse (8.949167ms)
✔ an elapsed managed session without clocks fails with a typed refusal (4.201833ms)
✔ resume extends durable target debt rather than a lagging head (11.270584ms)
✔ unexpected closed checkpoint evidence blocks play as corrupt until confirmed Start over (8.978166ms)
✔ a valid durable replacement invalidates an old fenced clock and input without writes (8.7745ms)
✔ malformed v2 checkpoints and heads refuse without rewriting their progress (48.197625ms)
✔ a managed v1 upgrade starts its durable account at the actual opening clocks (5.14775ms)
✔ a committed unknown elapsed segment with corrupt checkpoint completes its input as blocked (3.498333ms)
✔ a valid replacement during unknown positive elapsed invalidates the old pending input (8.530125ms)
✔ a private reservation rejects another intent and retains its original bounded input (10.9515ms)
✔ seed 12: every fault leaves the prior or next revision and the run ends unchanged (1195.321625ms)
✔ seed 366: every fault leaves the prior or next revision and the run ends unchanged (674.84125ms)
✔ seed 30636: every fault leaves the prior or next revision and the run ends unchanged (723.811208ms)
✔ seed 300: every fault leaves the prior or next revision and the run ends unchanged (853.6255ms)
✔ seed 622: every fault leaves the prior or next revision and the run ends unchanged (620.0225ms)
✔ seed 9633: every fault leaves the prior or next revision and the run ends unchanged (831.56025ms)
✔ seed 2841: every fault leaves the prior or next revision and the run ends unchanged (624.865833ms)
✔ seed 454: every fault leaves the prior or next revision and the run ends unchanged (824.65625ms)
✔ seed 172: every fault leaves the prior or next revision and the run ends unchanged (663.792042ms)
✔ seed 49: every fault leaves the prior or next revision and the run ends unchanged (936.439083ms)
✔ seed 211: every fault leaves the prior or next revision and the run ends unchanged (882.266333ms)
✔ seed 1595: every fault leaves the prior or next revision and the run ends unchanged (818.691667ms)
✔ seed 337982: every fault leaves the prior or next revision and the run ends unchanged (809.507625ms)
✔ seed 105497: every fault leaves the prior or next revision and the run ends unchanged (694.315625ms)
✔ seed 81: every fault leaves the prior or next revision and the run ends unchanged (934.887ms)
✔ seed 130: every fault leaves the prior or next revision and the run ends unchanged (803.805625ms)
✔ seed 54: every fault leaves the prior or next revision and the run ends unchanged (877.73875ms)
✔ hand-checked anchors (15.071666ms)
✔ views, a reopen and a changed host clock leave the play_time clock and world as they were (59.544916ms)
✔ backward-anchor metadata accounts reconcile exact prior or next real SQLite evidence (7.656584ms)
✔ failed and lost-ack positive elapsed commits reconcile head receipt and checkpoint together (6.393666ms)
✔ real SQLITE_FULL rolls back elapsed evidence and retries its unchanged candidate (2.909833ms)
✔ a timer completes an unknown player receipt before sampling and emits it once (3.31075ms)
✔ process kill before and after elapsed COMMIT leaves entirely prior or next and reopens once (247.228875ms)
✔ a budget fault is one valid observation of its limit, with the ReplayIds of its decision (11.55ms)
✔ a failing observation sink changes no reply, revision, storage or retry (10.529125ms)
✔ an older save gains the sink untouched, and the sink keeps the newest 1000 records (413.220417ms)
✔ each NEW decision, accepted, rejected or fault, is one kernel.decision_latency (20.153417ms)
✔ a clock changes no reply or durable state when a COMMIT is held, then committed (7.902959ms)
✔ a real committed elapsed then ordinary local trace replays identically with header run preflight (554.676834ms)
ℹ tests 47
ℹ suites 0
ℹ pass 47
ℹ fail 0
ℹ cancelled 0
ℹ skipped 0
ℹ todo 0
ℹ duration_ms 14354.119875
