✔ base1000 accounting preserves exact safe boundary quotients and rejects target overflow (1.193292ms)
✔ 9ms and reopened 11ms commit one unit and preserve the durable fractional account (33.858667ms)
✔ negative wall resume rebases without credit then credits the next 20ms (5.083583ms)
✔ a fixed 36hour horizon commits all four daily boundaries in order (6.909791ms)
✔ sixteen segments yield and one reserved input completes at its original finite horizon (15.117083ms)
✔ a current choice crossing departure refuses presence while Leave still closes its continuation (6.910458ms)
✔ preexisting stale input does not account time and synchronous success emits no completion (4.982542ms)
✔ trusted explicit v2 advance raises its durable target and missing checkpoints refuse (8.133208ms)
✔ an elapsed managed session without clocks fails with a typed refusal (4.592ms)
✔ resume extends durable target debt rather than a lagging head (12.348542ms)
✔ unexpected closed checkpoint evidence blocks play as corrupt until confirmed Start over (5.925333ms)
✔ a valid durable replacement invalidates an old fenced clock and input without writes (6.933583ms)
✔ malformed v2 checkpoints and heads refuse without rewriting their progress (45.3135ms)
✔ a managed v1 upgrade starts its durable account at the actual opening clocks (5.265875ms)
✔ a committed unknown elapsed segment with corrupt checkpoint completes its input as blocked (4.083417ms)
✔ a valid replacement during unknown positive elapsed invalidates the old pending input (8.257083ms)
✔ a private reservation rejects another intent and retains its original bounded input (10.865583ms)
✖ terminal v1 upgrade recovery waits for real SQLite rollback closure before Start over (4.713875ms)
✔ a budget fault is one valid observation of its limit, with the ReplayIds of its decision (10.483958ms)
✔ a failing observation sink changes no reply, revision, storage or retry (9.077833ms)
✔ an older save gains the sink untouched, and the sink keeps the newest 1000 records (248.138417ms)
✔ each NEW decision, accepted, rejected or fault, is one kernel.decision_latency (15.4395ms)
✔ a clock changes no reply or durable state when a COMMIT is held, then committed (5.258792ms)
✔ a real committed elapsed then ordinary local trace replays identically with header run preflight (587.933959ms)
✔ a pending start over whose retry fails shows that error, not "not confirmed" (18.300042ms)
✔ catch-up conflicts preserve the original attempt and matching retries keep its identity (21.368292ms)
✔ invalid and cyclic shared input refuses before snapshot or elapsed sampling (3.792958ms)
✔ missing elapsed columns after unknown metadata or gameplay commit block and permit explicit recovery (14.992ms)
✖ corrupt elapsed recovery binds valid, malformed, and absent original headers without erasing a replacement (10.5165ms)
ℹ tests 29
ℹ suites 0
ℹ pass 27
ℹ fail 2
ℹ cancelled 0
ℹ skipped 0
ℹ todo 0
ℹ duration_ms 1383.031542

✖ failing tests:

test at mobile/authority/local-story/elapsed-driver.test.ts:445:1
✖ terminal v1 upgrade recovery waits for real SQLite rollback closure before Start over (4.713875ms)
  Error: not authorized
      at Object.execSync (file://[private-path]:30:13)
      at transaction (file://[private-path]:24:36)
      at replace (file://[private-path]:166:10)
      at newGame (file://[private-path]:229:20)
      at Object.newGame (file://[private-path]:128:20)
      at TestContext.<anonymous> (file://[private-path]:478:22)
      at Test.runInAsyncScope (node:async_hooks:227:14)
      at Test.run (node:internal/test_runner/test:1402:25)
      at Test.processPendingSubtests (node:internal/test_runner/test:974:18)
      at Test.postRun (node:internal/test_runner/test:1542:19) {
    code: 'ERR_SQLITE_ERROR',
    errcode: 23,
    errstr: 'authorization denied'
  }

test at mobile/authority/local-story/session.test.ts:131:1
✖ corrupt elapsed recovery binds valid, malformed, and absent original headers without erasing a replacement (10.5165ms)
  Error: no such table: unavailable_elapsed_reads
      at readFault (file://[private-path]:24:26)
      at Object.getAllSync (file://[private-path]:56:7)
      at file://[private-path]:169:22
      at transaction (file://[private-path]:27:5)
      at replace (file://[private-path]:166:10)
      at newGame (file://[private-path]:229:20)
      at Object.newGame (file://[private-path]:73:55)
      at TestContext.<anonymous> (file://[private-path]:163:22)
      at Test.runInAsyncScope (node:async_hooks:227:14)
      at Test.run (node:internal/test_runner/test:1402:25) {
    code: 'ERR_SQLITE_ERROR',
    errcode: 1,
    errstr: 'SQL logic error'
  }
