✔ base1000 accounting preserves exact safe boundary quotients and rejects target overflow (1.174459ms)
✔ 9ms and reopened 11ms commit one unit and preserve the durable fractional account (29.609875ms)
✔ negative wall resume rebases without credit then credits the next 20ms (5.342208ms)
✔ a fixed 36hour horizon commits all four daily boundaries in order (6.708416ms)
✔ sixteen segments yield and one reserved input completes at its original finite horizon (14.342167ms)
✔ a current choice crossing departure refuses presence while Leave still closes its continuation (7.268958ms)
✔ preexisting stale input does not account time and synchronous success emits no completion (4.633834ms)
✔ trusted explicit v2 advance raises its durable target and missing checkpoints refuse (7.915583ms)
✔ an elapsed managed session without clocks fails with a typed refusal (4.125584ms)
✔ resume extends durable target debt rather than a lagging head (10.218833ms)
✔ unexpected closed checkpoint evidence blocks play as corrupt until confirmed Start over (6.174541ms)
✔ a valid durable replacement invalidates an old fenced clock and input without writes (7.036667ms)
✔ malformed v2 checkpoints and heads refuse without rewriting their progress (42.609375ms)
✔ a managed v1 upgrade starts its durable account at the actual opening clocks (4.587792ms)
✔ a committed unknown elapsed segment with corrupt checkpoint completes its input as blocked (3.907375ms)
✔ a valid replacement during unknown positive elapsed invalidates the old pending input (8.190916ms)
✔ a private reservation rejects another intent and retains its original bounded input (10.866167ms)
✔ a budget fault is one valid observation of its limit, with the ReplayIds of its decision (10.730125ms)
✔ a failing observation sink changes no reply, revision, storage or retry (9.190667ms)
✔ an older save gains the sink untouched, and the sink keeps the newest 1000 records (241.3705ms)
✔ each NEW decision, accepted, rejected or fault, is one kernel.decision_latency (18.402583ms)
✔ a clock changes no reply or durable state when a COMMIT is held, then committed (5.454083ms)
✔ a real committed elapsed then ordinary local trace replays identically with header run preflight (439.783666ms)
✔ a pending start over whose retry fails shows that error, not "not confirmed" (16.121417ms)
ℹ tests 24
ℹ suites 0
ℹ pass 24
ℹ fail 0
ℹ cancelled 0
ℹ skipped 0
ℹ todo 0
ℹ duration_ms 1225.908041
