✔ base1000 accounting preserves exact safe boundary quotients and rejects target overflow (1.174875ms)
✔ 9ms and reopened 11ms commit one unit and preserve the durable fractional account (32.629583ms)
✔ negative wall resume rebases without credit then credits the next 20ms (5.318167ms)
✔ a fixed 36hour horizon commits all four daily boundaries in order (6.822ms)
✔ sixteen segments yield and one reserved input completes at its original finite horizon (14.4305ms)
✔ a current choice crossing departure refuses presence while Leave still closes its continuation (6.898958ms)
✔ preexisting stale input does not account time and synchronous success emits no completion (5.077333ms)
✔ trusted explicit v2 advance raises its durable target and missing checkpoints refuse (7.597167ms)
✔ an elapsed managed session without clocks fails with a typed refusal (4.5805ms)
✔ resume extends durable target debt rather than a lagging head (15.802083ms)
✔ unexpected closed checkpoint evidence blocks play as corrupt until confirmed Start over (6.056209ms)
✔ a valid durable replacement invalidates an old fenced clock and input without writes (7.208125ms)
✔ malformed v2 checkpoints and heads refuse without rewriting their progress (46.540708ms)
✔ a managed v1 upgrade starts its durable account at the actual opening clocks (5.004791ms)
✔ a committed unknown elapsed segment with corrupt checkpoint completes its input as blocked (3.853208ms)
✔ a valid replacement during unknown positive elapsed invalidates the old pending input (7.873834ms)
✔ a private reservation rejects another intent and retains its original bounded input (10.585167ms)
✔ terminal v1 upgrade recovery waits for real SQLite rollback closure before Start over (5.106625ms)
✔ a budget fault is one valid observation of its limit, with the ReplayIds of its decision (14.965791ms)
✔ a failing observation sink changes no reply, revision, storage or retry (8.781541ms)
✔ an older save gains the sink untouched, and the sink keeps the newest 1000 records (240.736166ms)
✔ each NEW decision, accepted, rejected or fault, is one kernel.decision_latency (13.528125ms)
✔ a clock changes no reply or durable state when a COMMIT is held, then committed (5.256667ms)
✔ a real committed elapsed then ordinary local trace replays identically with header run preflight (597.420125ms)
✔ a pending start over whose retry fails shows that error, not "not confirmed" (20.260542ms)
✔ catch-up conflicts preserve the original attempt and matching retries keep its identity (24.048125ms)
✔ invalid and cyclic shared input refuses before snapshot or elapsed sampling (4.508416ms)
✔ missing elapsed columns after unknown metadata or gameplay commit block and permit explicit recovery (16.470916ms)
✖ corrupt elapsed recovery binds valid, malformed, and absent original headers without erasing a replacement (7.653125ms)
ℹ tests 29
ℹ suites 0
ℹ pass 28
ℹ fail 1
ℹ cancelled 0
ℹ skipped 0
ℹ todo 0
ℹ duration_ms 1387.076875

✖ failing tests:

test at mobile/authority/local-story/session.test.ts:131:1
✖ corrupt elapsed recovery binds valid, malformed, and absent original headers without erasing a replacement (7.653125ms)
  TypeError: Cannot read properties of undefined (reading 'format')
      at replaceable (file://[private-path]:190:28)
      at newGame (file://[private-path]:215:20)
      at Object.newGame (file://[private-path]:73:55)
      at TestContext.<anonymous> (file://[private-path]:156:28)
      at Test.runInAsyncScope (node:async_hooks:227:14)
      at Test.run (node:internal/test_runner/test:1402:25)
      at Test.processPendingSubtests (node:internal/test_runner/test:974:18)
      at Test.postRun (node:internal/test_runner/test:1542:19)
      at Test.run (node:internal/test_runner/test:1467:12)
      at async Test.processPendingSubtests (node:internal/test_runner/test:974:7)
