✔ base1000 accounting preserves exact safe boundary quotients and rejects target overflow (1.168541ms)
✔ 9ms and reopened 11ms commit one unit and preserve the durable fractional account (33.853708ms)
✔ negative wall resume rebases without credit then credits the next 20ms (4.649709ms)
✔ a fixed 36hour horizon commits all four daily boundaries in order (6.254125ms)
✔ sixteen segments yield and one reserved input completes at its original finite horizon (13.404375ms)
✔ a current choice crossing departure refuses presence while Leave still closes its continuation (6.0845ms)
✔ preexisting stale input does not account time and synchronous success emits no completion (4.233916ms)
✔ trusted explicit v2 advance raises its durable target and missing checkpoints refuse (7.12075ms)
✔ an elapsed managed session without clocks fails with a typed refusal (4.4645ms)
✔ resume extends durable target debt rather than a lagging head (10.254875ms)
✔ unexpected closed checkpoint evidence blocks play as corrupt until confirmed Start over (6.024083ms)
✔ a valid durable replacement invalidates an old fenced clock and input without writes (7.188875ms)
✔ malformed v2 checkpoints and heads refuse without rewriting their progress (43.158791ms)
✔ a managed v1 upgrade starts its durable account at the actual opening clocks (4.412167ms)
✔ a committed unknown elapsed segment with corrupt checkpoint completes its input as blocked (3.996959ms)
✔ a valid replacement during unknown positive elapsed invalidates the old pending input (8.712166ms)
✔ a private reservation rejects another intent and retains its original bounded input (11.103417ms)
✔ a budget fault is one valid observation of its limit, with the ReplayIds of its decision (10.851208ms)
✔ a failing observation sink changes no reply, revision, storage or retry (8.516208ms)
✔ an older save gains the sink untouched, and the sink keeps the newest 1000 records (252.234458ms)
✔ each NEW decision, accepted, rejected or fault, is one kernel.decision_latency (17.3025ms)
✔ a clock changes no reply or durable state when a COMMIT is held, then committed (6.029667ms)
✔ a real committed elapsed then ordinary local trace replays identically with header run preflight (440.545583ms)
✔ a pending start over whose retry fails shows that error, not "not confirmed" (17.425958ms)
ℹ tests 24
ℹ suites 0
ℹ pass 24
ℹ fail 0
ℹ cancelled 0
ℹ skipped 0
ℹ todo 0
ℹ duration_ms 1241.523375
