✔ base1000 accounting preserves exact safe boundary quotients and rejects target overflow (1.226ms)
✔ 9ms and reopened 11ms commit one unit and preserve the durable fractional account (30.692167ms)
✔ negative wall resume rebases without credit then credits the next 20ms (4.828166ms)
✔ a fixed 36hour horizon commits all four daily boundaries in order (6.282709ms)
✔ sixteen segments yield and one reserved input completes at its original finite horizon (14.449416ms)
✔ a current choice crossing departure refuses presence while Leave still closes its continuation (6.999667ms)
✔ preexisting stale input does not account time and synchronous success emits no completion (4.487458ms)
✔ trusted explicit v2 advance raises its durable target and missing checkpoints refuse (7.065958ms)
✔ an elapsed managed session without clocks fails with a typed refusal (4.068125ms)
✔ resume extends durable target debt rather than a lagging head (10.855125ms)
✔ unexpected closed checkpoint evidence blocks play as corrupt until confirmed Start over (6.123042ms)
✔ a valid durable replacement invalidates an old fenced clock and input without writes (7.348041ms)
✔ malformed v2 checkpoints and heads refuse without rewriting their progress (41.992959ms)
✔ a managed v1 upgrade starts its durable account at the actual opening clocks (4.456625ms)
✔ a committed unknown elapsed segment with corrupt checkpoint completes its input as blocked (4.299ms)
✔ a valid replacement during unknown positive elapsed invalidates the old pending input (7.303ms)
✔ a private reservation rejects another intent and retains its original bounded input (10.483958ms)
✔ a budget fault is one valid observation of its limit, with the ReplayIds of its decision (11.006041ms)
✔ a failing observation sink changes no reply, revision, storage or retry (9.216458ms)
✔ an older save gains the sink untouched, and the sink keeps the newest 1000 records (249.680958ms)
✔ each NEW decision, accepted, rejected or fault, is one kernel.decision_latency (22.972083ms)
✔ a clock changes no reply or durable state when a COMMIT is held, then committed (5.975ms)
✔ a real committed elapsed then ordinary local trace replays identically with header run preflight (434.247333ms)
✔ a pending start over whose retry fails shows that error, not "not confirmed" (16.438375ms)
ℹ tests 24
ℹ suites 0
ℹ pass 24
ℹ fail 0
ℹ cancelled 0
ℹ skipped 0
ℹ todo 0
ℹ duration_ms 1221.170166
