✔ base1000 accounting preserves exact safe boundary quotients and rejects target overflow (1.208291ms)
✔ 9ms and reopened 11ms commit one unit and preserve the durable fractional account (31.098958ms)
✔ negative wall resume rebases without credit then credits the next 20ms (4.235083ms)
✔ a fixed 36hour horizon commits all four daily boundaries in order (6.401166ms)
✔ sixteen segments yield and one reserved input completes at its original finite horizon (15.192125ms)
✔ a current choice crossing departure refuses presence while Leave still closes its continuation (6.9635ms)
✔ preexisting stale input does not account time and synchronous success emits no completion (4.589042ms)
✔ trusted explicit v2 advance raises its durable target and missing checkpoints refuse (7.436125ms)
✔ an elapsed managed session without clocks fails with a typed refusal (4.413708ms)
✔ resume extends durable target debt rather than a lagging head (11.409292ms)
✔ unexpected closed checkpoint evidence blocks play as corrupt until confirmed Start over (6.095667ms)
✔ a valid durable replacement invalidates an old fenced clock and input without writes (6.980625ms)
✔ malformed v2 checkpoints and heads refuse without rewriting their progress (44.976625ms)
✔ a managed v1 upgrade starts its durable account at the actual opening clocks (5.015584ms)
✔ a committed unknown elapsed segment with corrupt checkpoint completes its input as blocked (3.756666ms)
✔ a valid replacement during unknown positive elapsed invalidates the old pending input (8.363833ms)
✔ a private reservation rejects another intent and retains its original bounded input (10.38025ms)
✖ terminal v1 upgrade recovery waits for real SQLite rollback closure before Start over (4.906833ms)
✔ a budget fault is one valid observation of its limit, with the ReplayIds of its decision (9.963417ms)
✔ a failing observation sink changes no reply, revision, storage or retry (9.245292ms)
✔ an older save gains the sink untouched, and the sink keeps the newest 1000 records (240.154292ms)
✔ each NEW decision, accepted, rejected or fault, is one kernel.decision_latency (19.768167ms)
✔ a clock changes no reply or durable state when a COMMIT is held, then committed (5.081458ms)
✔ a real committed elapsed then ordinary local trace replays identically with header run preflight (573.004334ms)
✔ a pending start over whose retry fails shows that error, not "not confirmed" (15.44775ms)
✔ catch-up conflicts preserve the original attempt and matching retries keep its identity (26.418833ms)
✔ invalid and cyclic shared input refuses before snapshot or elapsed sampling (4.089041ms)
✔ missing elapsed columns after unknown metadata or gameplay commit block and permit explicit recovery (13.924625ms)
✔ corrupt elapsed recovery binds valid, malformed, and absent original headers without erasing a replacement (39.287875ms)
ℹ tests 29
ℹ suites 0
ℹ pass 28
ℹ fail 1
ℹ cancelled 0
ℹ skipped 0
ℹ todo 0
ℹ duration_ms 1354.351125

✖ failing tests:

test at mobile/authority/local-story/elapsed-driver.test.ts:445:1
✖ terminal v1 upgrade recovery waits for real SQLite rollback closure before Start over (4.906833ms)
  Error: not authorized
      at Object.execSync (file://[private-path]:30:13)
      at transaction (file://[private-path]:24:36)
      at replace (file://[private-path]:166:10)
      at newGame (file://[private-path]:229:20)
      at Object.newGame (file://[private-path]:128:20)
      at TestContext.<anonymous> (file://[private-path]:478:22)
      at Test.runInAsyncScope (node:async_hooks:227:14)
      at Test.run (node:internal/test_runner/test:1402:25)
      at Test.processPendingSubtests (node:internal/test_runner/test:974:18)
      at Test.postRun (node:internal/test_runner/test:1542:19) {
    code: 'ERR_SQLITE_ERROR',
    errcode: 23,
    errstr: 'authorization denied'
  }
