✔ base1000 accounting preserves exact safe boundary quotients and rejects target overflow (1.190666ms)
✔ 9ms and reopened 11ms commit one unit and preserve the durable fractional account (32.976833ms)
✔ negative wall resume rebases without credit then credits the next 20ms (4.738083ms)
✔ a fixed 36hour horizon commits all four daily boundaries in order (6.751916ms)
✔ sixteen segments yield and one reserved input completes at its original finite horizon (14.1435ms)
✔ a current choice crossing departure refuses presence while Leave still closes its continuation (6.268709ms)
✔ preexisting stale input does not account time and synchronous success emits no completion (4.101875ms)
✔ trusted explicit v2 advance raises its durable target and missing checkpoints refuse (7.555083ms)
✔ an elapsed managed session without clocks fails with a typed refusal (4.390542ms)
✔ resume extends durable target debt rather than a lagging head (10.425084ms)
✔ unexpected closed checkpoint evidence blocks play as corrupt until confirmed Start over (6.207583ms)
✔ a valid durable replacement invalidates an old fenced clock and input without writes (6.752042ms)
✔ malformed v2 checkpoints and heads refuse without rewriting their progress (40.159875ms)
✔ a managed v1 upgrade starts its durable account at the actual opening clocks (4.400209ms)
✔ a committed unknown elapsed segment with corrupt checkpoint completes its input as blocked (3.664167ms)
✔ a valid replacement during unknown positive elapsed invalidates the old pending input (8.374625ms)
✔ a private reservation rejects another intent and retains its original bounded input (11.368209ms)
✔ a budget fault is one valid observation of its limit, with the ReplayIds of its decision (10.540625ms)
✔ a failing observation sink changes no reply, revision, storage or retry (9.512ms)
✔ an older save gains the sink untouched, and the sink keeps the newest 1000 records (279.075375ms)
✔ each NEW decision, accepted, rejected or fault, is one kernel.decision_latency (19.178792ms)
✔ a clock changes no reply or durable state when a COMMIT is held, then committed (6.868541ms)
✔ a real committed elapsed then ordinary local trace replays identically with header run preflight (506.540958ms)
✔ a pending start over whose retry fails shows that error, not "not confirmed" (17.134208ms)
ℹ tests 24
ℹ suites 0
ℹ pass 24
ℹ fail 0
ℹ cancelled 0
ℹ skipped 0
ℹ todo 0
ℹ duration_ms 1325.993667
