(node:75245) [MODULE_TYPELESS_PACKAGE_JSON] Warning: Module type of file://[local-path] is not specified and it doesn't parse as CommonJS.
Reparsing as ES module because module syntax was detected. This incurs a performance overhead.
To eliminate this warning, add "type": "module" to [local-path]
(Use `node --trace-warnings ...` to show where the warning was created)
✖ E1 binds both selected dream branches and acknowledged scene steps (302.994125ms)
ℹ tests 1
ℹ suites 0
ℹ pass 0
ℹ fail 1
ℹ cancelled 0
ℹ skipped 0
ℹ todo 0
ℹ duration_ms 716.072583

✖ failing tests:

test at kernel/ts/test/e1_cases.test.ts:285:1
✖ E1 binds both selected dream branches and acknowledged scene steps (302.994125ms)
  AssertionError [ERR_ASSERTION]: Expected values to be strictly deep-equal:
  + actual - expected
  
  + [
  +   '/scenes/ashmere_missing_child@0.0.42:scene/dream_of_the_fen'
  + ]
  - []
  
      at file://[local-path]
      at observe (file://[local-path]
      at send (file://[local-path]
      at Object.invoke (file://[local-path]
      at lanternDream (file://[local-path]
      at TestContext.<anonymous> (file://[local-path]
      at Test.runInAsyncScope (node:async_hooks:227:14)
      at Test.run (node:internal/test_runner/test:1402:25)
      at Test.start (node:internal/test_runner/test:1262:17)
      at startSubtestAfterBootstrap (node:internal/test_runner/harness:387:17) {
    generatedMessage: true,
    code: 'ERR_ASSERTION',
    actual: [ '/scenes/ashmere_missing_child@0.0.42:scene/dream_of_the_fen' ],
    expected: [],
    operator: 'deepStrictEqual',
    diff: 'simple'
  }
