✔ E1 inventory retains slash-bearing v042 definition roots (113.208708ms)
✔ E1 world settings retain semantic gates and refuse unknown keys (15.694792ms)
✔ E1 command refuses a different admitted candidate (661.00075ms)
✔ E1 command fails an unknown applicability obligation (595.927458ms)
✔ retained repro rechecks the invariant and refuses incomplete or changed inputs (726.621833ms)
(node:14948) [MODULE_TYPELESS_PACKAGE_JSON] Warning: Module type of file://[local-path] is not specified and it doesn't parse as CommonJS.
Reparsing as ES module because module syntax was detected. This incurs a performance overhead.
To eliminate this warning, add "type": "module" to [local-path]
(Use `node --trace-warnings ...` to show where the warning was created)
✔ E1 SQLite case requires complete fault schedule and committed commands (805.017333ms)
✔ E1 binds only the witnessed study_tracks consequence after semantic replay (1835.405584ms)
(node:14949) [MODULE_TYPELESS_PACKAGE_JSON] Warning: Module type of file://[local-path] is not specified and it doesn't parse as CommonJS.
Reparsing as ES module because module syntax was detected. This incurs a performance overhead.
To eliminate this warning, add "type": "module" to [local-path]
(Use `node --trace-warnings ...` to show where the warning was created)
✔ E1 optional quest debt-on_time survives SQLite reopen and deterministic repetition (2162.455167ms)
✔ E1 optional quest dream-follow_fox survives SQLite reopen and deterministic repetition (1547.664209ms)
✔ E1 optional quest dream-wake survives SQLite reopen and deterministic repetition (1560.766542ms)
(node:14950) [MODULE_TYPELESS_PACKAGE_JSON] Warning: Module type of file://[local-path] is not specified and it doesn't parse as CommonJS.
Reparsing as ES module because module syntax was detected. This incurs a performance overhead.
To eliminate this warning, add "type": "module" to [local-path]
(Use `node --trace-warnings ...` to show where the warning was created)
✔ E1 fresh authority route visits 57 literal rooms and reopens before each joined consumer (6551.202959ms)
ℹ tests 11
ℹ suites 0
ℹ pass 11
ℹ fail 0
ℹ cancelled 0
ℹ skipped 0
ℹ todo 0
ℹ duration_ms 7039.373291

exit_status=0
