(node:14943) [MODULE_TYPELESS_PACKAGE_JSON] Warning: Module type of file://[local-path] is not specified and it doesn't parse as CommonJS.
Reparsing as ES module because module syntax was detected. This incurs a performance overhead.
To eliminate this warning, add "type": "module" to [local-path]
(Use `node --trace-warnings ...` to show where the warning was created)
✖ E1 optional quest debt-on_time survives SQLite reopen and deterministic repetition (517.723791ms)
✖ E1 optional quest dream-follow_fox survives SQLite reopen and deterministic repetition (501.149208ms)
✖ E1 optional quest dream-wake survives SQLite reopen and deterministic repetition (505.327625ms)
ℹ tests 3
ℹ suites 0
ℹ pass 0
ℹ fail 3
ℹ cancelled 0
ℹ skipped 0
ℹ todo 0
ℹ duration_ms 1799.54825

✖ failing tests:

test at kernel/ts/test/e1_optional_quests.test.ts:26:3
✖ E1 optional quest debt-on_time survives SQLite reopen and deterministic repetition (517.723791ms)
  AssertionError [ERR_ASSERTION]: unknown E1 case
      at replayCase (file://[local-path]
      at TestContext.<anonymous> (file://[local-path]
      at Test.runInAsyncScope (node:async_hooks:227:14)
      at Test.run (node:internal/test_runner/test:1402:25)
      at Test.start (node:internal/test_runner/test:1262:17)
      at startSubtestAfterBootstrap (node:internal/test_runner/harness:387:17)
      at process.processTicksAndRejections (node:internal/process/task_queues:104:5) {
    generatedMessage: false,
    code: 'ERR_ASSERTION',
    actual: false,
    expected: true,
    operator: '==',
    diff: 'simple'
  }

test at kernel/ts/test/e1_optional_quests.test.ts:26:3
✖ E1 optional quest dream-follow_fox survives SQLite reopen and deterministic repetition (501.149208ms)
  AssertionError [ERR_ASSERTION]: unknown E1 case
      at replayCase (file://[local-path]
      at TestContext.<anonymous> (file://[local-path]
      at Test.runInAsyncScope (node:async_hooks:227:14)
      at Test.run (node:internal/test_runner/test:1402:25)
      at Test.processPendingSubtests (node:internal/test_runner/test:974:18)
      at Test.postRun (node:internal/test_runner/test:1542:19)
      at Test.run (node:internal/test_runner/test:1467:12)
      at process.processTicksAndRejections (node:internal/process/task_queues:104:5)
      at async startSubtestAfterBootstrap (node:internal/test_runner/harness:387:3) {
    generatedMessage: false,
    code: 'ERR_ASSERTION',
    actual: false,
    expected: true,
    operator: '==',
    diff: 'simple'
  }

test at kernel/ts/test/e1_optional_quests.test.ts:26:3
✖ E1 optional quest dream-wake survives SQLite reopen and deterministic repetition (505.327625ms)
  AssertionError [ERR_ASSERTION]: unknown E1 case
      at replayCase (file://[local-path]
      at TestContext.<anonymous> (file://[local-path]
      at Test.runInAsyncScope (node:async_hooks:227:14)
      at Test.run (node:internal/test_runner/test:1402:25)
      at Test.processPendingSubtests (node:internal/test_runner/test:974:18)
      at Test.postRun (node:internal/test_runner/test:1542:19)
      at Test.run (node:internal/test_runner/test:1467:12)
      at process.processTicksAndRejections (node:internal/process/task_queues:104:5)
      at async Test.processPendingSubtests (node:internal/test_runner/test:974:7) {
    generatedMessage: false,
    code: 'ERR_ASSERTION',
    actual: false,
    expected: true,
    operator: '==',
    diff: 'simple'
  }

exit_status=1
