✖ simulator accepts a legal Night Marsh Start and refuses a false prior attempt (34.221125ms)
ℹ tests 1
ℹ suites 0
ℹ pass 0
ℹ fail 1
ℹ cancelled 0
ℹ skipped 0
ℹ todo 0
ℹ duration_ms 348.949166

✖ failing tests:

test at kernel/ts/test/sim_mechanics.test.ts:72:1
✖ simulator accepts a legal Night Marsh Start and refuses a false prior attempt (34.221125ms)
  AssertionError [ERR_ASSERTION]: Expected values to be strictly equal:
  
  true !== false
  
      at TestContext.<anonymous> (file://<redacted>xpedition-invariant/kernel/ts/test/sim_mechanics.test.ts:88:10)
      at Test.runInAsyncScope (node:async_hooks:227:14)
      at Test.run (node:internal/test_runner/test:1402:25)
      at Test.start (node:internal/test_runner/test:1262:17)
      at startSubtestAfterBootstrap (node:internal/test_runner/harness:387:17) {
    generatedMessage: true,
    code: 'ERR_ASSERTION',
    actual: true,
    expected: false,
    operator: 'strictEqual',
    diff: 'simple'
  }
