(node:26862) [MODULE_TYPELESS_PACKAGE_JSON] Warning: Module type of file://[worktree]/mobile/app/book/model.ts is not specified and it doesn't parse as CommonJS.
Reparsing as ES module because module syntax was detected. This incurs a performance overhead.
To eliminate this warning, add "type": "module" to [worktree]/mobile/app/package.json.
(Use `node --trace-warnings ...` to show where the warning was created)
✔ managed offline catch-up commits each bleed tick and expiry through real SQLite (230.370584ms)
✔ off-cadence final bleed job survives real SQLite reopen and expires (215.503625ms)
✔ refreshed early expiry replays and ticks after two real SQLite cold opens (304.039875ms)
✔ active tick and exact cure reconcile real SQLite COMMIT faults and replay once (182.462916ms)
✔ pending sight and confirmed flight cold-reopen with conserved deer custody (31.650458ms)
✔ missed round and +300 flight cold-reopen with closed combat (43.13925ms)
✔ sight-only receipt cannot justify a later deer binding (23.370333ms)
✔ forged current sight binding refuses without changing saved bytes (13.367ms)
✔ fatal deer and its owned hide cold-reopen without replacement (33.025875ms)
✔ real COMMIT faults preserve all-prior or all-next deer rows and one replayable receipt (172.601ms)
ℹ tests 10
ℹ suites 0
ℹ pass 10
ℹ fail 0
ℹ cancelled 0
ℹ skipped 0
ℹ todo 0
ℹ duration_ms 6158.819375
