(node:34182) [MODULE_TYPELESS_PACKAGE_JSON] Warning: Module type of file://[worktree]/mobile/app/book/model.ts is not specified and it doesn't parse as CommonJS.
Reparsing as ES module because module syntax was detected. This incurs a performance overhead.
To eliminate this warning, add "type": "module" to [worktree]/mobile/app/package.json.
(Use `node --trace-warnings ...` to show where the warning was created)
✔ managed offline catch-up commits each bleed tick and expiry through real SQLite (305.644375ms)
✔ off-cadence final bleed job survives real SQLite reopen and expires (278.536875ms)
✔ refreshed early expiry replays and ticks after two real SQLite cold opens (356.685959ms)
✔ active tick and exact cure reconcile real SQLite COMMIT faults and replay once (257.948208ms)
✔ pending sight and confirmed flight cold-reopen with conserved deer custody (49.255625ms)
✔ missed round and +300 flight cold-reopen with closed combat (61.46725ms)
✔ sight-only receipt cannot justify a later deer binding (34.826583ms)
✔ forged current sight binding refuses without changing saved bytes (18.154709ms)
✔ fatal deer and its owned hide cold-reopen without replacement (42.845125ms)
✔ real COMMIT faults preserve all-prior or all-next deer rows and one replayable receipt (215.3905ms)
ℹ tests 10
ℹ suites 0
ℹ pass 10
ℹ fail 0
ℹ cancelled 0
ℹ skipped 0
ℹ todo 0
ℹ duration_ms 1805.698209
