{
  "before": "open at 68300",
  "commit": "saved",
  "decision": "accepted",
  "after": "save_corrupt",
  "direct": "malformed JSON: inconsistent deer sight receipt",
  "rows": 11,
  "groups": [
    {
      "g": 1,
      "kind": "crow_green_2"
    },
    {
      "g": 2,
      "kind": "crow_oak"
    },
    {
      "g": 3,
      "kind": "oak_deer"
    },
    {
      "g": 4,
      "kind": "crow_green_1"
    },
    {
      "g": 5,
      "kind": "fen_hound"
    },
    {
      "g": 6,
      "kind": "crow_branches"
    },
    {
      "g": 7,
      "kind": "fen_hounds"
    },
    {
      "g": 8,
      "kind": "willow_deer"
    },
    {
      "g": 5,
      "kind": "bleed"
    },
    {
      "g": 10,
      "kind": "orchard_deer"
    }
  ]
}
node:internal/modules/run_main:107
    triggerUncaughtException(
    ^

AssertionError [ERR_ASSERTION]: Lawful committed bleed/population/round receipt must cold-reopen
+ actual - expected

+ 'save_corrupt'
- 'open'

    at file://[worktree][scratch]:44:10
    at ModuleJob.run (node:internal/modules/esm/module_job:561:25)
    at async node:internal/modules/esm/loader:647:26
    at async asyncRunEntryPointWithESMLoader (node:internal/modules/run_main:101:5) {
  generatedMessage: false,
  code: 'ERR_ASSERTION',
  actual: 'save_corrupt',
  expected: 'open',
  operator: 'strictEqual',
  diff: 'simple'
}

Node.js v24.21.0
