✖ real SQLite reopens a lawful interleaved round, population and bleed receipt (155.923541ms)
ℹ tests 1
ℹ suites 0
ℹ pass 0
ℹ fail 1
ℹ cancelled 0
ℹ skipped 0
ℹ todo 0
ℹ duration_ms 4027.222125

✖ failing tests:

test at mobile/authority/local-story/deer_bleed_recovery.test.ts:62:1
✖ real SQLite reopens a lawful interleaved round, population and bleed receipt (155.923541ms)
  AssertionError [ERR_ASSERTION]: Expected values to be strictly equal:
  + actual - expected
  
  + 'save_corrupt'
  - 'open'
  
      at TestContext.<anonymous> (file://[worktree]/mobile/authority/local-story/deer_bleed_recovery.test.ts:77:10)
      at Test.runInAsyncScope (node:async_hooks:227:14)
      at Test.run (node:internal/test_runner/test:1402:25)
      at Test.start (node:internal/test_runner/test:1262:17)
      at startSubtestAfterBootstrap (node:internal/test_runner/harness:387:17) {
    generatedMessage: true,
    code: 'ERR_ASSERTION',
    actual: 'save_corrupt',
    expected: 'open',
    operator: 'strictEqual',
    diff: 'simple'
  }
