(node:50932) [MODULE_TYPELESS_PACKAGE_JSON] Warning: Module type of file://[worktree]/mobile/app/book/model.ts is not specified and it doesn't parse as CommonJS.
Reparsing as ES module because module syntax was detected. This incurs a performance overhead.
To eliminate this warning, add "type": "module" to [worktree]/mobile/app/package.json.
(Use `node --trace-warnings ...` to show where the warning was created)
✔ managed offline catch-up commits each bleed tick and expiry through real SQLite (249.390542ms)
✔ off-cadence final bleed job survives real SQLite reopen and expires (207.675875ms)
✔ refreshed early expiry replays and ticks after two real SQLite cold opens (305.338084ms)
✔ active tick and exact cure reconcile real SQLite COMMIT faults and replay once (189.158791ms)
✔ pending sight and confirmed flight cold-reopen with conserved deer custody (37.194959ms)
✔ missed round and +300 flight cold-reopen with closed combat (58.579875ms)
✔ sight-only receipt cannot justify a later deer binding (28.337417ms)
✔ forged current sight binding refuses without changing saved bytes (14.792791ms)
✔ fatal deer and its owned hide cold-reopen without replacement (39.411042ms)
✔ real COMMIT faults preserve all-prior or all-next deer rows and one replayable receipt (185.00075ms)
✔ real SQLite reopens a lawful interleaved round, population and bleed receipt (104.079666ms)
✔ forged bleed group refuses without rewriting saved bytes (70.464875ms)
✔ forged population group refuses without rewriting saved bytes (62.570625ms)
✔ forged mixed sight cancellation group refuses without rewriting saved bytes (85.836625ms)
ℹ tests 14
ℹ suites 0
ℹ pass 14
ℹ fail 0
ℹ cancelled 0
ℹ skipped 0
ℹ todo 0
ℹ duration_ms 1398.594458
