Resolving Hex dependencies...
Resolution completed in 0.015s
Unchanged:
  boundary 0.11.0
  bunt 1.0.0
  credo 1.7.19
  file_system 1.1.1
  jason 1.4.5
All dependencies have been fetched
Compiling 84 files (.ex)
Generated loka app
No cycles found
Running ExUnit with seed: 362180, max_cases: 16

.................................................................................................................................................................................................................................................................................................................................................................................................................
Finished in 21.7 seconds (21.7s async, 0.05s sync)

Result: 401 passed
Checking 174 source files (this might take a while) ...

Please report incorrect results: https://github.com/rrrene/credo/issues

Analysis took 0.1 seconds (0.07s to load, 0.04s running 4 checks on 174 files)
1779 mods/funs, found no issues.

Use `mix credo explain` to explain issues, `mix credo --help` for options.
lib/loka/content/checks.ex:1: info: size: allow 450, ancestry, careful skill refs and Study ingress join shared source checking
lib/loka/content/compiler.ex:1: info: size: allow 326, ancestry and static map source wiring join the existing compiler boundary
lib/loka/content/dialogues.ex:1: info: size: allow 370, scene-triggered chapter point refs join dialogue trigger checks
lib/loka/content/scenes.ex:1: info: size: allow 320, action-started scenes validate source and end exports beside modal rules
lib/loka/core/compose.ex:1: info: size: allow 345, typed knowledge, patrol and final birth admission share portable composition
lib/loka/core/creation.ex:78: info: size: allow 55, one final birth-group guard; ponytail: split only for another bundle. # credo:disable-for-next-line /ABCSize|CyclomaticComplexity/
lib/loka/core/invariants.ex:1: info: size: allow 340, patrol, water, bleed and character pairing join precondition replay
lib/loka/core/invariants_creation.ex:62: info: size: allow 55, independent birth oracle; ponytail: split only for another bundle. # credo:disable-for-next-line /ABCSize|CyclomaticComplexity/
test/loka/core/compose_test.exs:1: info: size: allow 520, patrol and liquid cases share the existing randomized differential pool
ok   boundary: web reaches store (only platform may)
ok   boundary: core calls an undeclared external app
ok   types: a PartyId where a CharacterId is matched (03 §6)
ok   xref: dependency cycle
ok   xref: compile-connected edge
ok   credo: cyclomatic complexity 10
ok   credo: nesting 3
ok   credo: ABC size 31
ok   credo: arity 7
ok   contracts: schema changed without regenerating the TypeScript
ok   contracts: schema changed without regenerating the docs
ok   contracts: unsupported keyword fails compilation
ok   contracts: unsupported keyword fails generation
ok   contracts: a map with declared properties fails compilation
ok   contracts: anyOf with overlapping types fails compilation
ok   features: a capability implemented without its feature map cells
ok   features: a ruleless capability implemented without its feature map cells
ok   features: a transcript added without regenerating the feature map
ok   docs: AGENTS.md over its word budget
ok   contracts: elixir host adapter without a differential (ADR-074)
ok   size: limits and allow markers
[warn] postinstall script did not run; falling back to runtime binary resolution.
Enable postinstall to avoid the per-invocation overhead.
Running 7 tests

----------- Case Details -----------
PASS ts-foundation-imports  .........
PASS ts-rule-registration  .......
PASS ts-rule-module-pure  ..........................
PASS ts-rule-module-imports  .........................
PASS ts-kernel-pure  ............
PASS elixir-kernel-pure  .....................................
PASS ts-rule-module-location  .........

test result: ok. 7 passed; 0 failed;
[warn] postinstall script did not run; falling back to runtime binary resolution.
Enable postinstall to avoid the per-invocation overhead.
ok   elixir-kernel-pure
ok   ts-foundation-imports
ok   ts-kernel-pure
ok   ts-rule-module-imports
ok   ts-rule-module-location
ok   ts-rule-module-pure
ok   ts-rule-registration
ok   ci_scope: metadata and Book lanes, conservative fallback
756 docs, 0 broken link(s), 0 unreachable
ok   docs: stale code pointers
ok   beads: local paths, missing slices and reserved IDs refused

> loka-kernel@0.0.0 typecheck
> tsc && tsc -p test && tsc -p play

../../mobile/authority/local-story/deer_bleed_recovery.test.ts(46,42): error TS18047: 'r.decision' is possibly 'null'.
../../mobile/authority/local-story/deer_bleed_recovery.test.ts(46,53): error TS2339: Property 'kind' does not exist on type 'string | number | boolean | Json[] | { [key: string]: Json; }'.
  Property 'kind' does not exist on type 'string'.
../../mobile/authority/local-story/deer_bleed_recovery.test.ts(55,42): error TS18047: 'r.decision' is possibly 'null'.
../../mobile/authority/local-story/deer_bleed_recovery.test.ts(55,53): error TS2339: Property 'kind' does not exist on type 'string | number | boolean | Json[] | { [key: string]: Json; }'.
  Property 'kind' does not exist on type 'string'.
../../mobile/authority/local-story/deer_bleed_recovery.test.ts(88,36): error TS18047: 'p.result.decision' is possibly 'null'.
../../mobile/authority/local-story/deer_bleed_recovery.test.ts(88,54): error TS2339: Property 'kind' does not exist on type 'string | number | boolean | Json[] | { [key: string]: Json; }'.
  Property 'kind' does not exist on type 'string'.
../../mobile/authority/local-story/deer_bleed_recovery.test.ts(90,21): error TS18047: 'p.result.decision' is possibly 'null'.
../../mobile/authority/local-story/deer_bleed_recovery.test.ts(90,39): error TS2339: Property 'delta' does not exist on type 'string | number | boolean | Json[] | { [key: string]: Json; }'.
  Property 'delta' does not exist on type 'string'.
../../mobile/authority/local-story/deer_bleed_recovery.test.ts(91,14): error TS7006: Parameter 'op' implicitly has an 'any' type.
../../mobile/authority/local-story/deer_bleed_recovery.test.ts(92,11): error TS7006: Parameter 'op' implicitly has an 'any' type.
