Resolving Hex dependencies...
Resolution completed in 0.012s
Unchanged:
  boundary 0.11.0
  bunt 1.0.0
  credo 1.7.19
  file_system 1.1.1
  jason 1.4.5
All dependencies have been fetched
No cycles found
Running ExUnit with seed: 83930, max_cases: 16

..................................................................................................................................................................................................................................................................................................
BREAK: (a)bort (A)bort with dump (c)ontinue (p)roc info (i)nfo
       (l)oaded (v)ersion (k)ill (D)b-tables (d)istribution
Checking 174 source files (this might take a while) ...

Please report incorrect results: https://github.com/rrrene/credo/issues

Analysis took 1.4 seconds (1.3s to load, 0.1s running 4 checks on 174 files)
1779 mods/funs, found no issues.

Use `mix credo explain` to explain issues, `mix credo --help` for options.
lib/loka/content/checks.ex:1: info: size: allow 450, ancestry, careful skill refs and Study ingress join shared source checking
lib/loka/content/compiler.ex:1: info: size: allow 326, ancestry and static map source wiring join the existing compiler boundary
lib/loka/content/dialogues.ex:1: info: size: allow 370, scene-triggered chapter point refs join dialogue trigger checks
lib/loka/content/scenes.ex:1: info: size: allow 320, action-started scenes validate source and end exports beside modal rules
lib/loka/core/compose.ex:1: info: size: allow 345, typed knowledge, patrol and final birth admission share portable composition
lib/loka/core/creation.ex:78: info: size: allow 55, one final birth-group guard; ponytail: split only for another bundle. # credo:disable-for-next-line /ABCSize|CyclomaticComplexity/
lib/loka/core/invariants.ex:1: info: size: allow 340, patrol, water, bleed and character pairing join precondition replay
lib/loka/core/invariants_creation.ex:62: info: size: allow 55, independent birth oracle; ponytail: split only for another bundle. # credo:disable-for-next-line /ABCSize|CyclomaticComplexity/
test/loka/core/compose_test.exs:1: info: size: allow 520, patrol and liquid cases share the existing randomized differential pool
ok   boundary: web reaches store (only platform may)
ok   boundary: core calls an undeclared external app
ok   types: a PartyId where a CharacterId is matched (03 §6)
ok   xref: dependency cycle
ok   xref: compile-connected edge
ok   credo: cyclomatic complexity 10
ok   credo: nesting 3
ok   credo: ABC size 31
ok   credo: arity 7
ok   contracts: schema changed without regenerating the TypeScript
ok   contracts: schema changed without regenerating the docs
ok   contracts: unsupported keyword fails compilation
ok   contracts: unsupported keyword fails generation

19:54:24.297 [notice] SIGTERM received - shutting down

