✔ pending sight and confirmed flight cold-reopen with conserved deer custody (37.270542ms)
✖ missed round and +300 flight cold-reopen with closed combat (59.508458ms)
✔ sight-only receipt cannot justify a later deer binding (27.575292ms)
✔ forged current sight binding refuses without changing saved bytes (15.854583ms)
✔ fatal deer and its owned hide cold-reopen without replacement (39.966375ms)
✔ real COMMIT faults preserve all-prior or all-next deer rows and one replayable receipt (175.126208ms)
✔ real SQLite reopens a lawful interleaved round, population and bleed receipt (99.311667ms)
✖ forged bleed group refuses without rewriting saved bytes (77.392291ms)
✖ forged population group refuses without rewriting saved bytes (67.305417ms)
✖ forged mixed sight cancellation group refuses without rewriting saved bytes (97.944625ms)
ℹ tests 10
ℹ suites 0
ℹ pass 6
ℹ fail 4
ℹ cancelled 0
ℹ skipped 0
ℹ todo 0
ℹ duration_ms 1293.3565

✖ failing tests:

test at mobile/authority/local-story/deer.test.ts:142:1
✖ missed round and +300 flight cold-reopen with closed combat (59.508458ms)
  AssertionError [ERR_ASSERTION]: Expected values to be strictly equal:
  + actual - expected
  
  + 'open'
  - 'save_corrupt'
  
      at TestContext.<anonymous> (file://[worktree]/mobile/authority/local-story/deer.test.ts:197:10)
      at Test.runInAsyncScope (node:async_hooks:227:14)
      at Test.run (node:internal/test_runner/test:1402:25)
      at Test.processPendingSubtests (node:internal/test_runner/test:974:18)
      at Test.postRun (node:internal/test_runner/test:1542:19)
      at Test.run (node:internal/test_runner/test:1467:12)
      at async startSubtestAfterBootstrap (node:internal/test_runner/harness:387:3) {
    generatedMessage: true,
    code: 'ERR_ASSERTION',
    actual: 'open',
    expected: 'save_corrupt',
    operator: 'strictEqual',
    diff: 'simple'
  }

test at mobile/authority/local-story/deer_bleed_recovery.test.ts:114:3
✖ forged bleed group refuses without rewriting saved bytes (77.392291ms)
  AssertionError [ERR_ASSERTION]: bleed
  + actual - expected
  
  + 'open'
  - 'save_corrupt'
  
      at TestContext.<anonymous> (file://[worktree]/mobile/authority/local-story/deer_bleed_recovery.test.ts:155:12)
      at Test.runInAsyncScope (node:async_hooks:227:14)
      at Test.run (node:internal/test_runner/test:1402:25)
      at Test.processPendingSubtests (node:internal/test_runner/test:974:18)
      at Test.postRun (node:internal/test_runner/test:1542:19)
      at Test.run (node:internal/test_runner/test:1467:12)
      at async startSubtestAfterBootstrap (node:internal/test_runner/harness:387:3) {
    generatedMessage: false,
    code: 'ERR_ASSERTION',
    actual: 'open',
    expected: 'save_corrupt',
    operator: 'strictEqual',
    diff: 'simple'
  }

test at mobile/authority/local-story/deer_bleed_recovery.test.ts:114:3
✖ forged population group refuses without rewriting saved bytes (67.305417ms)
  AssertionError [ERR_ASSERTION]: population
  + actual - expected
  
  + 'open'
  - 'save_corrupt'
  
      at TestContext.<anonymous> (file://[worktree]/mobile/authority/local-story/deer_bleed_recovery.test.ts:155:12)
      at Test.runInAsyncScope (node:async_hooks:227:14)
      at Test.run (node:internal/test_runner/test:1402:25)
      at Test.processPendingSubtests (node:internal/test_runner/test:974:18)
      at Test.postRun (node:internal/test_runner/test:1542:19)
      at Test.run (node:internal/test_runner/test:1467:12)
      at async Test.processPendingSubtests (node:internal/test_runner/test:974:7) {
    generatedMessage: false,
    code: 'ERR_ASSERTION',
    actual: 'open',
    expected: 'save_corrupt',
    operator: 'strictEqual',
    diff: 'simple'
  }

test at mobile/authority/local-story/deer_bleed_recovery.test.ts:114:3
✖ forged mixed sight cancellation group refuses without rewriting saved bytes (97.944625ms)
  AssertionError [ERR_ASSERTION]: mixed sight cancellation
  + actual - expected
  
  + 'open'
  - 'save_corrupt'
  
      at TestContext.<anonymous> (file://[worktree]/mobile/authority/local-story/deer_bleed_recovery.test.ts:155:12)
      at Test.runInAsyncScope (node:async_hooks:227:14)
      at Test.run (node:internal/test_runner/test:1402:25)
      at Test.processPendingSubtests (node:internal/test_runner/test:974:18)
      at Test.postRun (node:internal/test_runner/test:1542:19)
      at Test.run (node:internal/test_runner/test:1467:12)
      at async Test.processPendingSubtests (node:internal/test_runner/test:974:7) {
    generatedMessage: false,
    code: 'ERR_ASSERTION',
    actual: 'open',
    expected: 'save_corrupt',
    operator: 'strictEqual',
    diff: 'simple'
  }
