(node:55636) [MODULE_TYPELESS_PACKAGE_JSON] Warning: Module type of file://[worktree]/mobile/app/book/model.ts is not specified and it doesn't parse as CommonJS.
Reparsing as ES module because module syntax was detected. This incurs a performance overhead.
To eliminate this warning, add "type": "module" to [worktree]/mobile/app/package.json.
(Use `node --trace-warnings ...` to show where the warning was created)
✔ managed offline catch-up commits each bleed tick and expiry through real SQLite (304.377333ms)
✔ off-cadence final bleed job survives real SQLite reopen and expires (291.854166ms)
✔ refreshed early expiry replays and ticks after two real SQLite cold opens (377.707292ms)
✔ active tick and exact cure reconcile real SQLite COMMIT faults and replay once (245.954ms)
✔ pending sight and confirmed flight cold-reopen with conserved deer custody (44.965542ms)
✔ missed round and +300 flight cold-reopen with closed combat (70.061791ms)
✔ sight-only receipt cannot justify a later deer binding (31.980375ms)
✔ forged current sight binding refuses without changing saved bytes (15.753541ms)
✔ fatal deer and its owned hide cold-reopen without replacement (42.335375ms)
✔ real COMMIT faults preserve all-prior or all-next deer rows and one replayable receipt (224.213125ms)
✔ real SQLite reopens a lawful interleaved round, population and bleed receipt (117.624666ms)
✔ forged bleed group refuses without rewriting saved bytes (84.033708ms)
✔ forged population group refuses without rewriting saved bytes (91.666208ms)
✔ forged mixed sight cancellation group refuses without rewriting saved bytes (99.122792ms)
ℹ tests 14
ℹ suites 0
ℹ pass 14
ℹ fail 0
ℹ cancelled 0
ℹ skipped 0
ℹ todo 0
ℹ duration_ms 2955.528375
