node:internal/child_process:1160
    result.error = new ErrnoException(result.error, 'spawnSync ' + options.file);
                   ^

<ref *1> Error: spawnSync mise ENOENT
    at Object.spawnSync (node:internal/child_process:1160:20)
    at spawnSync (node:child_process:928:24)
    at execFileSync (node:child_process:971:15)
    at file://<checkout>/kernel/ts/test/transport_fixture.ts:16:3
    at ModuleJob.run (node:internal/modules/esm/module_job:561:25)
    at async node:internal/modules/esm/loader:647:26
    at async asyncRunEntryPointWithESMLoader (node:internal/modules/run_main:101:5) {
  errno: -2,
  code: 'ENOENT',
  syscall: 'spawnSync mise',
  path: 'mise',
  spawnargs: [
    'exec',
    '--',
    'mix',
    'loka.compile',
    'cartridges/ashmere_missing_child',
    '<redacted-path>
  ],
  error: [Circular *1],
  status: null,
  signal: null,
  output: null,
  pid: 0,
  stdout: undefined,
  stderr: undefined
}

Node.js v24.21.0
✖ kernel/ts/test/transport.test.ts (165.412083ms)
ℹ tests 1
ℹ suites 0
ℹ pass 0
ℹ fail 1
ℹ cancelled 0
ℹ skipped 0
ℹ todo 0
ℹ duration_ms 170.228291

✖ failing tests:

test at kernel/ts/test/transport.test.ts:1:1
✖ kernel/ts/test/transport.test.ts (165.412083ms)
  'test failed'
