check: browser-initial
exit_status: 1

> loka-app@0.0.0 pretest:e2e
> node patch-sqlite-web.cjs


> loka-app@0.0.0 test:e2e
> E2E_TELEMETRY_DISABLED=1 e2e run tests/practical_skills.e2e.ts --workers 1 --output .e2e/d12-final --trace off --video off


 RUN  e2e v0.17.0 <WORKTREE>/mobile/app
      run 01a11250-ae6f-7c70-881c-929d9c610b53 · targets: web

 ✓ target "web" command ready 1.17s
 ❯ |web| tests/practical_skills.e2e.ts (2 tests | 1 failed) 23.32s
   × Sedge lesson leads to careful Harvest and survives browser reload 17.52s
     → expect.toBeVisible failed
   ✓ Peg lesson discounts an actual purchase after browser reload 5.80s

⎯⎯⎯⎯⎯⎯⎯⎯⎯⎯⎯⎯⎯⎯⎯⎯⎯⎯⎯⎯⎯⎯⎯⎯⎯⎯⎯⎯⎯⎯⎯⎯ Failed Tests 1 ⎯⎯⎯⎯⎯⎯⎯⎯⎯⎯⎯⎯⎯⎯⎯⎯⎯⎯⎯⎯⎯⎯⎯⎯⎯⎯⎯⎯⎯⎯⎯⎯

 FAIL  |web| tests/practical_skills.e2e.ts > Sedge lesson leads to careful Harvest and survives browser reload
ASSERTION_FAILED: expect.toBeVisible failed
locator: getByRole("button", name: "Look, Willow Shade")
expected: visible
observed: no node (match count 0)
 ❯ tests/practical_skills.e2e.ts:34:3
     32|   await app.restart();
     33|   await screen.getByRole('button', 'Continue').tap();
     34|   await expect(screen.getByRole('button', 'Look, Willow Shade')).toBe…
       |   ^
     35|   await screen.getByRole('button', 'Fenwort Patch').tap();
     36|   await expect(screen.getByText('You carefully gather two sprigs of f…
 ❯ at http://127.0.0.1:19106/
 ❯ screen .e2e/d12-final/artifacts/web/tests_practical_skills.e2e.ts__Sedge_20lesson_20leads_20to_20careful_20Harvest_20and_20survives_20browser_20rel-19adf7cd/default/attempt-0/failure/screen.txt

⎯⎯⎯⎯⎯⎯⎯⎯⎯⎯⎯⎯⎯⎯⎯⎯⎯⎯⎯⎯⎯⎯⎯⎯⎯⎯⎯⎯⎯⎯⎯⎯⎯⎯⎯⎯⎯⎯⎯⎯⎯⎯⎯⎯⎯⎯⎯⎯⎯⎯⎯⎯⎯⎯⎯⎯⎯⎯⎯⎯⎯⎯⎯⎯⎯⎯⎯⎯⎯⎯⎯⎯⎯⎯[1/1]⎯


 Test Files  1 failed | 0 passed (1)
      Tests  1 failed | 1 passed (2)
   Start at  07:44:00
   Duration  24.93s (startup 1.17s)
     Report  .e2e/d12-final/report.json

