check: focused-kernel
exit_status: 0
✔ three conserved apples share Take/Drop/Forage stock and exact Eat benefit (371.689792ms)
✔ Eat alias binds advertised item and refuses full, foreign, nested, spent and nonfood targets (551.475291ms)
✔ independent fresh IDs include consumed custody before published population births (145.43425ms)
✔ created edible loot uses the same admitted terminal transfer as static food (115.593125ms)
✔ the active Missing Child release keeps the simulator invariants on controlled seeds (7775.9425ms)
✔ loaded careful alias resolves literal input and transfers the two lowest finite IDs (475.543917ms)
✔ careful refuses atomically at each independent boundary while ordinary stock-one Harvest remains legal (597.452625ms)
✔ one current quote applies all seven floors and conserves a controlled 10p Buy at 9p (295.516834ms)
✔ method is literal and optional declarations enforce every new field and numeric boundary (2318.423958ms)
✔ literal Western Ashmere route visits all five rooms and returns through the preserved east exit (97.827792ms)
✔ original Hob starts at dusk in the loft and alternates at literal next-day schedule boundaries (126.656292ms)
✔ illuminated Mill Cellar has no new NPC or rat population (56.402916ms)
ℹ tests 12
ℹ suites 0
ℹ pass 12
ℹ fail 0
ℹ cancelled 0
ℹ skipped 0
ℹ todo 0
ℹ duration_ms 10160.926709
