check: focused-host-initial
exit_status: 1
(node:75836) [MODULE_TYPELESS_PACKAGE_JSON] Warning: Module type of file://<WORKTREE>/mobile/app/book/practical_skills.test.ts is not specified and it doesn't parse as CommonJS.
Reparsing as ES module because module syntax was detected. This incurs a performance overhead.
To eliminate this warning, add "type": "module" to <WORKTREE>/mobile/app/package.json.
(Use `node --trace-warnings ...` to show where the warning was created)
✔ Book teacher detail to learned patch/shop controls sends the exact loaded offer and refreshes after cold open (1090.358167ms)
✔ both original 2p teachers learn below qualification, refuse low funds and replay one receipt on disk (1169.320833ms)
✔ careful harvest and discounted Buy retain historical truth across cold opens and later custody/qualification (536.378834ms)
✔ all three new writers reconcile real failed COMMIT and lost acknowledgement, fence, reopen and replay once (1363.558291ms)
✔ corrupt two-item receipt and fully funded forged discounted quote refuse without rewriting the save (430.387834ms)
(node:75840) [MODULE_TYPELESS_PACKAGE_JSON] Warning: Module type of file://<WORKTREE>/mobile/app/book/presenter.ts is not specified and it doesn't parse as CommonJS.
Reparsing as ES module because module syntax was detected. This incurs a performance overhead.
To eliminate this warning, add "type": "module" to <WORKTREE>/mobile/app/package.json.
(Use `node --trace-warnings ...` to show where the warning was created)
✔ paid crossing, free Sedge lesson, six-room exploration and return reopen at committed boundaries (591.95575ms)
✔ forged ferry receipts and saved custody refuse typed corruption without changing the database (721.83625ms)
✔ real failed and uncertain COMMIT outcomes fence paid/free crossing and lesson then replay once (1410.822084ms)
✔ Book projects an exact boarding control and restores one committed endpoint result (117.645ms)
✔ the original following Wren crosses once without rescue credit; separated Wren stays behind (234.284208ms)
✔ actual Chapel death return reaches the dark-loft corpse without gear and retains every nested identity on cold reopen (711.050416ms)
✔ a transport-only cartridge validates crossing receipts without another producer (87.464ms)
(node:75842) [MODULE_TYPELESS_PACKAGE_JSON] Warning: Module type of file://<WORKTREE>/mobile/app/book/presenter.ts is not specified and it doesn't parse as CommonJS.
Reparsing as ES module because module syntax was detected. This incurs a performance overhead.
To eliminate this warning, add "type": "module" to <WORKTREE>/mobile/app/package.json.
(Use `node --trace-warnings ...` to show where the warning was created)
✖ Western rooms and both exact standalone Read histories survive cold SQLite reopen without story credit (876.95ms)
✔ Hob departure and return retain original identity and saved Conversation Leave at the two dawn/dusk boundaries (587.514041ms)
✔ actual death returns gearless through Chapel and recovers original nested possessions in both dark mill branches (1174.8855ms)
ℹ tests 15
ℹ suites 0
ℹ pass 14
ℹ fail 1
ℹ cancelled 0
ℹ skipped 0
ℹ todo 0
ℹ duration_ms 13666.337041

✖ failing tests:

test at mobile/authority/local-story/western_ashmere.test.ts:80:1
✖ Western rooms and both exact standalone Read histories survive cold SQLite reopen without story credit (876.95ms)
  AssertionError [ERR_ASSERTION]: Expected values to be strictly equal:
  + actual - expected
  
  + 'e2ad69a89f007881eba3ebec925abd63bcb563060dc60b8725d87da13c12a390'
  - '5d48ad7fb4402de91c775dfe9395949ed1c1fe73d4bf0e13f2cb29717c1c1fdf'
  
      at TestContext.<anonymous> (file://<WORKTREE>/mobile/authority/local-story/western_ashmere.test.ts:133:10)
      at Test.runInAsyncScope (node:async_hooks:227:14)
      at Test.run (node:internal/test_runner/test:1402:25)
      at Test.start (node:internal/test_runner/test:1262:17)
      at startSubtestAfterBootstrap (node:internal/test_runner/harness:387:17)
      at process.processTicksAndRejections (node:internal/process/task_queues:104:5) {
    generatedMessage: true,
    code: 'ERR_ASSERTION',
    actual: 'e2ad69a89f007881eba3ebec925abd63bcb563060dc60b8725d87da13c12a390',
    expected: '5d48ad7fb4402de91c775dfe9395949ed1c1fe73d4bf0e13f2cb29717c1c1fdf',
    operator: 'strictEqual',
    diff: 'simple'
  }
