check: focused-host-restored
exit_status: 0
(node:76624) [MODULE_TYPELESS_PACKAGE_JSON] Warning: Module type of file://<WORKTREE>/mobile/app/book/practical_skills.test.ts is not specified and it doesn't parse as CommonJS.
Reparsing as ES module because module syntax was detected. This incurs a performance overhead.
To eliminate this warning, add "type": "module" to <WORKTREE>/mobile/app/package.json.
(Use `node --trace-warnings ...` to show where the warning was created)
✔ Book teacher detail to learned patch/shop controls sends the exact loaded offer and refreshes after cold open (330.64475ms)
✔ both original 2p teachers learn below qualification, refuse low funds and replay one receipt on disk (428.561875ms)
✔ careful harvest and discounted Buy retain historical truth across cold opens and later custody/qualification (348.820417ms)
✔ all three new writers reconcile real failed COMMIT and lost acknowledgement, fence, reopen and replay once (1007.672625ms)
✔ corrupt two-item receipt and fully funded forged discounted quote refuse without rewriting the save (333.4205ms)
(node:76626) [MODULE_TYPELESS_PACKAGE_JSON] Warning: Module type of file://<WORKTREE>/mobile/app/book/presenter.ts is not specified and it doesn't parse as CommonJS.
Reparsing as ES module because module syntax was detected. This incurs a performance overhead.
To eliminate this warning, add "type": "module" to <WORKTREE>/mobile/app/package.json.
(Use `node --trace-warnings ...` to show where the warning was created)
✔ paid crossing, free Sedge lesson, six-room exploration and return reopen at committed boundaries (571.696583ms)
✔ forged ferry receipts and saved custody refuse typed corruption without changing the database (736.815875ms)
✔ real failed and uncertain COMMIT outcomes fence paid/free crossing and lesson then replay once (1384.246167ms)
✔ Book projects an exact boarding control and restores one committed endpoint result (114.91825ms)
✔ the original following Wren crosses once without rescue credit; separated Wren stays behind (234.425875ms)
✔ actual Chapel death return reaches the dark-loft corpse without gear and retains every nested identity on cold reopen (695.161042ms)
✔ a transport-only cartridge validates crossing receipts without another producer (89.237208ms)
(node:76627) [MODULE_TYPELESS_PACKAGE_JSON] Warning: Module type of file://<WORKTREE>/mobile/app/book/presenter.ts is not specified and it doesn't parse as CommonJS.
Reparsing as ES module because module syntax was detected. This incurs a performance overhead.
To eliminate this warning, add "type": "module" to <WORKTREE>/mobile/app/package.json.
(Use `node --trace-warnings ...` to show where the warning was created)
✔ Western rooms and both exact standalone Read histories survive cold SQLite reopen without story credit (884.969667ms)
✔ Hob departure and return retain original identity and saved Conversation Leave at the two dawn/dusk boundaries (624.277709ms)
✔ actual death returns gearless through Chapel and recovers original nested possessions in both dark mill branches (1163.272125ms)
ℹ tests 15
ℹ suites 0
ℹ pass 15
ℹ fail 0
ℹ cancelled 0
ℹ skipped 0
ℹ todo 0
ℹ duration_ms 9409.373458
