check: focused-elixir
exit_status: 0
==> boundary
Compiling 15 files (.ex)
Generated boundary app
==> file_system
Compiling 7 files (.ex)
Generated file_system app
==> bunt
Compiling 2 files (.ex)
Generated bunt app
==> jason
Compiling 10 files (.ex)
Generated jason app
==> credo
Compiling 257 files (.ex)
Generated credo app
==> loka
Compiling 72 files (.ex)
Generated loka app
Running ExUnit with seed: 633134, max_cases: 16

..............
Finished in 3.3 seconds (3.3s async, 0.00s sync)

Result: 14 passed
