check: mismatch-initial
exit_status: 1
node:internal/modules/run_main:107
    triggerUncaughtException(
    ^

AssertionError [ERR_ASSERTION]: Expected values to be strictly equal:
+ actual - expected

+ undefined
- 'ready'

    at file://<WORKTREE>/[eval1]:16:10
    at ModuleJob.run (node:internal/modules/esm/module_job:561:25)
    at process.processTicksAndRejections (node:internal/process/task_queues:104:5)
    at async node:internal/modules/esm/loader:223:26
    at async ModuleLoader.executeModuleJob (node:internal/modules/esm/loader:220:20)
    at async asyncRunEntryPointWithESMLoader (node:internal/modules/run_main:101:5) {
  generatedMessage: true,
  code: 'ERR_ASSERTION',
  actual: undefined,
  expected: 'ready',
  operator: 'strictEqual',
  diff: 'simple'
}

Node.js v24.21.0
