✖ retained repro rechecks the invariant and refuses incomplete or changed inputs (398.3725ms)
ℹ tests 1
ℹ suites 0
ℹ pass 0
ℹ fail 1
ℹ cancelled 0
ℹ skipped 0
ℹ todo 0
ℹ duration_ms 710.554125

✖ failing tests:

test at kernel/ts/test/e1.test.ts:82:1
✖ retained repro rechecks the invariant and refuses incomplete or changed inputs (398.3725ms)
  AssertionError [ERR_ASSERTION]: Missing expected exception.
      at TestContext.<anonymous> (file://[local-path]
      at Test.runInAsyncScope (node:async_hooks:227:14)
      at Test.run (node:internal/test_runner/test:1402:25)
      at Test.start (node:internal/test_runner/test:1262:17)
      at startSubtestAfterBootstrap (node:internal/test_runner/harness:387:17) {
    generatedMessage: false,
    code: 'ERR_ASSERTION',
    actual: undefined,
    expected: /identity mismatch/,
    operator: 'throws',
    diff: 'simple'
  }
