✔ position and scene artifacts require fact@1 in their effective lock (18.6935ms)
✔ the loader rejects an enum fact default outside its values (1.519583ms)
✔ the loader rejects a bounded integer fact default outside its bounds (1.01375ms)
✔ the loader rejects an invalid v2 fact default (2.661ms)
✔ the known-answer cartridge loads and its hash is the fixture literal (1.303958ms)
✔ corpus not_decodable: yields exactly its hand-written diagnostic (0.197042ms)
✔ corpus duplicate_key: yields exactly its hand-written diagnostic (0.280709ms)
✔ corpus unknown_format: yields exactly its hand-written diagnostic (0.361958ms)
✔ corpus no_cartridge: yields exactly its hand-written diagnostic (0.091791ms)
✔ corpus unknown_field: yields exactly its hand-written diagnostic (2.155041ms)
✔ corpus schema_violation: yields exactly its hand-written diagnostic (0.664833ms)
✔ corpus schema_violation_index: yields exactly its hand-written diagnostic (0.607875ms)
✔ corpus kind_mismatch: yields exactly its hand-written diagnostic (0.601458ms)
✔ corpus hash_mismatch: yields exactly its hand-written diagnostic (0.555541ms)
✔ corpus key_cartridge_id: yields exactly its hand-written diagnostic (0.645042ms)
✔ corpus key_cartridge_version: yields exactly its hand-written diagnostic (0.580666ms)
✔ corpus key_key: yields exactly its hand-written diagnostic (0.474792ms)
✔ corpus lock_missing_required: yields exactly its hand-written diagnostic (0.517375ms)
✔ corpus lock_extra: yields exactly its hand-written diagnostic (0.512334ms)
✔ corpus command_owner_absent: yields exactly its hand-written diagnostic (0.522792ms)
✔ corpus unknown_command: yields exactly its hand-written diagnostic (0.483916ms)
✔ corpus policy_op_owner_absent: yields exactly its hand-written diagnostic (0.500083ms)
✔ corpus stage_list_order: yields exactly its hand-written diagnostic (0.537958ms)
✔ corpus capability_not_installed: yields exactly its hand-written diagnostic (0.534958ms)
✔ corpus capability_version_not_installed: yields exactly its hand-written diagnostic (0.497041ms)
✔ corpus kernel_api_at_below: yields exactly its hand-written diagnostic (0.49425ms)
✔ corpus kernel_api_under: yields exactly its hand-written diagnostic (0.482042ms)
✔ corpus kernel_api_numeric: yields exactly its hand-written diagnostic (0.492791ms)
✔ corpus rule_ir_unsupported: yields exactly its hand-written diagnostic (0.511375ms)
✔ corpus content_schema_unsupported: yields exactly its hand-written diagnostic (1.406541ms)
✔ corpus client_feature_missing: yields exactly its hand-written diagnostic (0.595833ms)
✔ corpus two_faults_schema_hash: yields exactly its hand-written diagnostic (0.417917ms)
✔ corpus two_faults_hash_keys: yields exactly its hand-written diagnostic (0.392125ms)
✔ corpus two_faults_lock_installed: yields exactly its hand-written diagnostic (0.419417ms)
✔ corpus band_table_unsorted: yields exactly its hand-written diagnostic (1.067292ms)
✔ corpus band_table_gap: yields exactly its hand-written diagnostic (0.847667ms)
✔ corpus band_table_duplicate_cut: yields exactly its hand-written diagnostic (0.818208ms)
✔ corpus band_table_duplicate_key: yields exactly its hand-written diagnostic (0.952166ms)
✔ corpus band_text_missing: yields exactly its hand-written diagnostic (0.854667ms)
✔ corpus move_cost_unknown_pool: yields exactly its hand-written diagnostic (0.845542ms)
✔ corpus move_cost_zero: yields exactly its hand-written diagnostic (0.583833ms)
✔ corpus band_cut_over_100: yields exactly its hand-written diagnostic (0.563209ms)
✔ corpus band_tone_unknown: yields exactly its hand-written diagnostic (0.555875ms)
✔ corpus band_table_empty: yields exactly its hand-written diagnostic (0.520916ms)
✔ corpus attribute_unlocked: yields exactly its hand-written diagnostic (2.086292ms)
✔ corpus stat_compare_unlocked: yields exactly its hand-written diagnostic (1.059416ms)
✔ corpus resource_compare_unlocked: yields exactly its hand-written diagnostic (0.960083ms)
✔ corpus stat_compare_unresolved: yields exactly its hand-written diagnostic (1.593875ms)
✔ corpus resource_compare_unresolved: yields exactly its hand-written diagnostic (1.234708ms)
✔ corpus attribute_key_mismatch: yields exactly its hand-written diagnostic (1.044084ms)
✔ corpus slot_unlocked: yields exactly its hand-written diagnostic (1.353792ms)
✔ corpus slot_finger: yields exactly its hand-written diagnostic (0.999667ms)
✔ corpus journal_missing_stage_text: yields exactly its hand-written diagnostic (4.349167ms)
✔ corpus journal_missing_outcome_text: yields exactly its hand-written diagnostic (2.926875ms)
✔ corpus journal_missing_failed: yields exactly its hand-written diagnostic (1.821334ms)
✔ corpus chapters_missing_text: yields exactly its hand-written diagnostic (2.372167ms)
✔ corpus chapters_missing_point: yields exactly its hand-written diagnostic (2.17575ms)
✔ corpus chapters_missing_outcome: yields exactly its hand-written diagnostic (2.356083ms)
✔ corpus chapters_opening_point: yields exactly its hand-written diagnostic (1.905375ms)
✔ corpus chapters_opening_outcome: yields exactly its hand-written diagnostic (1.978792ms)
✔ corpus chapters_later_missing_point: yields exactly its hand-written diagnostic (1.81175ms)
✔ corpus chapters_ambiguous: yields exactly its hand-written diagnostic (2.203334ms)
✔ corpus scene_unknown_step: yields exactly its hand-written diagnostic (2.484875ms)
✔ corpus scene_missing_ack: yields exactly its hand-written diagnostic (2.783166ms)
✔ corpus scene_restricted_control: yields exactly its hand-written diagnostic (1.9325ms)
✔ corpus scene_unknown_story_point: yields exactly its hand-written diagnostic (2.047584ms)
✔ corpus scene_unknown_outcome: yields exactly its hand-written diagnostic (2.100875ms)
✔ corpus scene_missing_text: yields exactly its hand-written diagnostic (2.288583ms)
✔ corpus scene_duplicate_trigger: yields exactly its hand-written diagnostic (2.125917ms)
✔ corpus scene_undeclared: yields exactly its hand-written diagnostic (1.86625ms)
✔ corpus scene_definition_key: yields exactly its hand-written diagnostic (1.778833ms)
✔ corpus scene_fact_changed: yields exactly its hand-written diagnostic (2.784916ms)
✔ corpus scene_fact_missing: yields exactly its hand-written diagnostic (2.05325ms)
✔ corpus scene_recipe_write: yields exactly its hand-written diagnostic (2.052541ms)
✔ corpus scene_reaction_write: yields exactly its hand-written diagnostic (2.567666ms)
✔ corpus scene_dialogue_write: yields exactly its hand-written diagnostic (3.25875ms)
✔ the byte cap applies to the raw length before decoding (0.931208ms)
✔ artifact bytes that are not strict UTF-8 are INVALID_JSON (0.270708ms)
✔ E1 command refuses a different admitted candidate (435.613625ms)
✔ E1 command fails an unknown applicability obligation (413.259542ms)
✔ retained repro rechecks the invariant and refuses incomplete or changed inputs (539.119125ms)
ℹ tests 81
ℹ suites 0
ℹ pass 81
ℹ fail 0
ℹ cancelled 0
ℹ skipped 0
ℹ todo 0
ℹ duration_ms 1735.973042
