✖ position and scene artifacts require fact@1 in their effective lock (12.3885ms)
ℹ tests 1
ℹ suites 0
ℹ pass 0
ℹ fail 1
ℹ cancelled 0
ℹ skipped 0
ℹ todo 0
ℹ duration_ms 194.845333

✖ failing tests:

test at kernel/ts/test/cartridge.test.ts:56:1
✖ position and scene artifacts require fact@1 in their effective lock (12.3885ms)
  AssertionError [ERR_ASSERTION]: Expected values to be strictly deep-equal:
  + actual - expected
  
    {
  +   cartridge: [Object: null prototype] {
  +     actions: [Object: null prototype] {},
  +     barriers: [Object: null prototype] {
  +       'ashmere_rest@0.0.1:barrier/inn_door': [Object: null prototype] {
  +         initial: 'closed',
  +         key: 'inn_door',
  +         keywords: [
  +           'door',
  +           'inn_door'
  +         ],
  +         short: 'barrier.inn_door.short'
  +       }
  -   diagnostic: {
  -     code: 'UNDECLARED_CAPABILITY',
  -     data: {
  -       capability: 'fact'
        },
  +     entry: [Object: null prototype] {
  +       cartridge_id: 'ashmere_rest',
  +       cartridge_version: '0.0.1',
  +       key: 'inn_common',
  +       kind: 'room'
  +     },
  +     facts: [Object: null prototype] {
  +       'ashmere_rest@0.0.1:fact/position': [Object: null prototype] {
  +         key: 'position',
  +         meaning: "The character's position (position@1): only its rule writes it.",
  +         scopes: [
  +           'player'
  +         ],
  +         value_type: [Object: null prototype] {
  +           default: 'standing',
  +           type: 'enum',
  +           values: [
  +             'standing',
  +             'sitting',
  +             'resting',
  +             'sleeping'
  +           ]
  +         },
  +         version: 1
  +       }
  +     },
  +     format: 'loka-cartridge-v2',
  +     lock: [Object: null prototype] {
  +       capabilities: [Object: null prototype] {
  +         barrier: 1,
  +         movement: 1,
  +         position: 1,
  +         resource: 1,
  +         schedule: 1
  +       },
  +       format: 'loka-capability-lock-v1'
  +     },
  +     manifest: [Object: null prototype] {
  +       api_version: 'loka/v3',
  +       id: 'ashmere_rest',
  +       requires: [Object: null prototype] {
  +         capabilities: [Object: null prototype] {
  +           barrier: 1,
  +           movement: 1,
  +           position: 1,
  +           resource: 1,
  +           schedule: 1
  +         },
  +         client_features: [],
  +         content_schema: 1,
  +         kernel_api: [Object: null prototype] {
  +           at_least: '1.0',
  +           below: '2.0'
  +         },
  +         rule_ir: 1
  +       },
  +       supported_profiles: [
  +         'offline_private'
  +       ],
  +       title: 'Ashmere — Rest',
  +       version: '0.0.1'
  +     },
  +     policies: [Object: null prototype] {},
  +     resources: [Object: null prototype] {
  +       'ashmere_rest@0.0.1:resource/hp': [Object: null prototype] {
  +         gain: 5,
  +         key: 'hp',
  +         maximum: 20,
  +         minimum: 0,
  +         start: 20
  +       },
  +       'ashmere_rest@0.0.1:resource/ma': [Object: null prototype] {
  +         gain: 4,
  +         key: 'ma',
  +         maximum: 100,
  +         minimum: 0,
  +         start: 100
  +       },
  +       'ashmere_rest@0.0.1:resource/mv': [Object: null prototype] {
  +         gain: 18,
  +         key: 'mv',
  +         maximum: 82,
  +         minimum: 0,
  +         start: 82
  +       }
  +     },
  +     rooms: [Object: null prototype] {
  +       'ashmere_rest@0.0.1:room/inn_common': [Object: null prototype] {
  +         description: 'room.inn_common.description',
  +         exits: [Object: null prototype] {
  +           north: [Object: null prototype] {
  +             barrier: [Object: null prototype] {
  +               cartridge_id: 'ashmere_rest',
  +               cartridge_version: '0.0.1',
  +               key: 'inn_door',
  +               kind: 'barrier'
  +             },
  +             to: [Object: null prototype] {
  +               cartridge_id: 'ashmere_rest',
  +               cartridge_version: '0.0.1',
  +               key: 'inn_rooms',
  +               kind: 'room'
  +             }
  +           }
  +         },
  +         key: 'inn_common',
  +         title: 'room.inn_common.title'
  +       },
  +       'ashmere_rest@0.0.1:room/inn_rooms': [Object: null prototype] {
  +         description: 'room.inn_rooms.description',
  +         exits: [Object: null prototype] {
  +           south: [Object: null prototype] {
  +             barrier: [Object: null prototype] {
  +               cartridge_id: 'ashmere_rest',
  +               cartridge_version: '0.0.1',
  +               key: 'inn_door',
  +               kind: 'barrier'
  +             },
  +             to: [Object: null prototype] {
  +               cartridge_id: 'ashmere_rest',
  +               cartridge_version: '0.0.1',
  +               key: 'inn_common',
  +               kind: 'room'
  +             }
  +           }
  +         },
  +         key: 'inn_rooms',
  +         title: 'room.inn_rooms.title'
  +       }
  +     },
  +     text: [Object: null prototype] {
  +       'barrier.inn_door.short': 'the door to the rooms',
  +       'room.inn_common.description': 'Benches by a low fire. A door leads north to the rooms.',
  +       'room.inn_common.title': 'The Common Room',
  +       'room.inn_rooms.description': 'A narrow passage of doors.',
  +       'room.inn_rooms.title': "The Inn's Rooms"
  +     }
  -     message_key: 'diagnostics.undeclared_capability',
  -     path: '.cartridge.lock.capabilities.position',
  -     severity: 'error',
  -     suggested_capabilities: [
  -       'fact@1'
  -     ]
      },
  +   hash: 'd453adeb711e211487af5438a4c6ff1010f64da1653f0659d0ed58c953bcd8b3',
  +   ok: true
  -   ok: false
    }
  
      at TestContext.<anonymous> (file://[local-path]
      at Test.runInAsyncScope (node:async_hooks:227:14)
      at Test.run (node:internal/test_runner/test:1402:25)
      at Test.start (node:internal/test_runner/test:1262:17)
      at startSubtestAfterBootstrap (node:internal/test_runner/harness:387:17) {
    generatedMessage: true,
    code: 'ERR_ASSERTION',
    actual: { ok: true, cartridge: { format: 'loka-cartridge-v2', manifest: [Object], lock: [Object], facts: [Object], policies: {}, actions: {}, rooms: [Object], barriers: [Object], resources: [Object], entry: [Object], text: [Object] }, hash: 'd453adeb711e211487af5438a4c6ff1010f64da1653f0659d0ed58c953bcd8b3' },
    expected: { ok: false, diagnostic: { severity: 'error', code: 'UNDECLARED_CAPABILITY', path: '.cartridge.lock.capabilities.position', message_key: 'diagnostics.undeclared_capability', data: [Object], suggested_capabilities: [Array] } },
    operator: 'deepStrictEqual',
    diff: 'simple'
  }
