✖ E1 inventory retains slash-bearing v042 definition roots (65.875666ms)
ℹ tests 1
ℹ suites 0
ℹ pass 0
ℹ fail 1
ℹ cancelled 0
ℹ skipped 0
ℹ todo 0
ℹ duration_ms 299.995125

✖ failing tests:

test at kernel/ts/test/e1.test.ts:26:1
✖ E1 inventory retains slash-bearing v042 definition roots (65.875666ms)
  AssertionError [ERR_ASSERTION]: /quests/ashmere_missing_child@0.0.42:quest/a_night_in_the_marsh
      at TestContext.<anonymous> (file://[local-path]
      at Test.runInAsyncScope (node:async_hooks:227:14)
      at Test.run (node:internal/test_runner/test:1402:25)
      at Test.start (node:internal/test_runner/test:1262:17)
      at startSubtestAfterBootstrap (node:internal/test_runner/harness:387:17) {
    generatedMessage: false,
    code: 'ERR_ASSERTION',
    actual: false,
    expected: true,
    operator: '==',
    diff: 'simple'
  }
