✖ E1 command refuses a different admitted candidate (74.281792ms)
ℹ tests 1
ℹ suites 0
ℹ pass 0
ℹ fail 1
ℹ cancelled 0
ℹ skipped 0
ℹ todo 0
ℹ duration_ms 331.566042

✖ failing tests:

test at kernel/ts/test/e1.test.ts:64:1
✖ E1 command refuses a different admitted candidate (74.281792ms)
  AssertionError [ERR_ASSERTION]: Missing expected exception.
      at refused (file://[local-path]
      at TestContext.<anonymous> (file://[local-path]
      at Test.runInAsyncScope (node:async_hooks:227:14)
      at Test.run (node:internal/test_runner/test:1402:25)
      at Test.start (node:internal/test_runner/test:1262:17)
      at startSubtestAfterBootstrap (node:internal/test_runner/harness:387:17) {
    generatedMessage: false,
    code: 'ERR_ASSERTION',
    actual: undefined,
    expected: /wrong E1 candidate/,
    operator: 'throws',
    diff: 'simple'
  }
