Resolving Hex dependencies...
Resolution completed in 0.012s
Unchanged:
  boundary 0.11.0
  bunt 1.0.0
  credo 1.7.19
  file_system 1.1.1
  jason 1.4.5
All dependencies have been fetched
No cycles found
Running ExUnit with seed: 2293, max_cases: 16

............................................................................................................................................................................................................................................................................................................
Finished in 4.4 seconds (4.4s async, 0.04s sync)

Result: 300 passed
Checking 89 source files (this might take a while) ...

Please report incorrect results: https://github.com/rrrene/credo/issues

Analysis took 0.04 seconds (0.03s to load, 0.01s running 4 checks on 89 files)
995 mods/funs, found no issues.

Use `mix credo explain` to explain issues, `mix credo --help` for options.
lib/loka/content/checks.ex:1: info: size: allow 310, new short quest references join the existing checked expansion boundary
ok   boundary: web reaches store (only platform may)
ok   boundary: core calls an undeclared external app
ok   types: a PartyId where a CharacterId is matched (03 §6)
ok   xref: dependency cycle
ok   xref: compile-connected edge
ok   credo: cyclomatic complexity 10
ok   credo: nesting 3
ok   credo: ABC size 31
ok   credo: arity 7
ok   contracts: schema changed without regenerating the TypeScript
ok   contracts: schema changed without regenerating the docs
ok   contracts: unsupported keyword fails compilation
ok   contracts: unsupported keyword fails generation
ok   contracts: a map with declared properties fails compilation
ok   contracts: anyOf with overlapping types fails compilation
ok   features: a capability implemented without its feature map cells
ok   features: a ruleless capability implemented without its feature map cells
ok   features: a transcript added without regenerating the feature map
ok   docs: AGENTS.md over its word budget
ok   contracts: elixir host adapter without a differential (ADR-074)
ok   size: limits and allow markers
[warn] postinstall script did not run; falling back to runtime binary resolution.
Enable postinstall to avoid the per-invocation overhead.
Running 14 tests

----------- Case Details -----------
PASS mobile-realm-no-story  .........
PASS mobile-renderer-imports  .....................................
PASS ts-foundation-imports  .........
PASS ts-rule-registration  .......
PASS ts-rule-module-pure  ..........................
PASS ts-rule-module-imports  ..................
PASS mobile-shared-no-authority  .........
PASS mobile-authority-no-display-text  ....................
PASS mobile-session-contracts-only  .......
PASS ts-kernel-pure  ............
PASS elixir-kernel-pure  .....................................
PASS ts-rule-module-location  .........
PASS mobile-story-no-realm  ..........
PASS mobile-kernel-via-local-story  ........

test result: ok. 14 passed; 0 failed;
[warn] postinstall script did not run; falling back to runtime binary resolution.
Enable postinstall to avoid the per-invocation overhead.
ok   elixir-kernel-pure
ok   mobile-authority-no-display-text
ok   mobile-kernel-via-local-story
ok   mobile-realm-no-story
ok   mobile-renderer-imports
ok   mobile-session-contracts-only
ok   mobile-shared-no-authority
ok   mobile-story-no-realm
ok   ts-foundation-imports
ok   ts-kernel-pure
ok   ts-rule-module-imports
ok   ts-rule-module-location
ok   ts-rule-module-pure
ok   ts-rule-registration
ok   docs_only: skip for .md only, run otherwise
435 docs, 0 broken link(s), 0 unreachable
ok   docs: stale code pointers

> loka-kernel@0.0.0 typecheck
> tsc && tsc -p test && tsc -p play


> loka-kernel@0.0.0 test
> node --test --test-reporter=${TEST_REPORTER:-spec} "test/**/*.test.ts"

....................
....................
....................
....................
....................
....................
....................
....................
....................
....................
....................
....................
....................
....................
....................
....................
....................
....................
....................
....................
....................
....................
....................
....................
....................
.
ok   kernel tsc rejects host and Node APIs
ok   typecheck covers the tests
ok   typecheck covers play/
ok   step cannot skip admit()
kernel/ts/play/main.ts:2: info: size: allow 315, one terminal session: its loop, each command's dispatch and the replay
kernel/ts/src/content/cartridge_refs.ts:4: info: size: allow 340, one reference stage preserves diagnostic ordering for custody eligibility, carrying and NPC HP
kernel/ts/src/content/cartridge_refs.ts:153: info: size: allow 60, reference checks retain the existing ordered stage plus carrying opt-in checks
kernel/ts/src/mechanics/containment/rule.ts:27: info: size: allow 50, one conserved-transfer decision for Take/Drop/Give/Put with shared pair admission
kernel/ts/src/mechanics/containment/shared.ts:126: info: size: allow 50, one bounded pair query keeps source, reach, lid, ancestry and capacity admission together
kernel/ts/src/mechanics/dialogue/rule.ts:96: info: size: allow 60, one atomic choice validates reward and lowers the ordered sequence before event allocation
kernel/ts/src/mechanics/reaction.ts:60: info: size: allow 55, one ordered delivery lowers fact assignments and consumed quest activations
kernel/ts/src/runtime/proposal.ts:1: info: size: allow 315, typed quest reactions join the existing FIFO admission/causation path
kernel/ts/src/runtime/proposal.ts:215: info: size: allow 45, one existing FIFO loop admits typed quest reaction deliveries
kernel/ts/src/view/action_lists.ts:41: info: size: allow 60, one composed ActionSet/query context projects item and exact-subject Notice offers
kernel/ts/src/view/view.ts:54: info: size: allow 45, current snapshot composes optional notice metadata with existing projections
kernel/ts/test/containment.test.ts:1: info: size: allow 555, containment and carrying behavior share the same minimal custody fixture
kernel/ts/test/dialogue.test.ts:1: info: size: allow 603, dialogue@1's rule and loader checks, story points included, share the ferry harness
mobile/app/book/Book.tsx:1: info: size: allow 325, notice routes join the existing Book shell without another controller
mobile/app/book/Book.tsx:195: info: size: allow 45, footer keeps standalone Leave and nested Back alongside status and faults
mobile/app/book/Book.tsx:281: info: size: allow 45, current Book page dispatch including board and notice details
mobile/app/book/model.ts:1: info: size: allow 320, Notice membership joins the shared button/freshness builder
mobile/app/book/model.ts:236: info: size: allow 50, one offer-to-button conversion serves place/entity/Notice actions
mobile/app/book/notice_board.test.ts:1: info: size: allow 650, Read and Study routes/retry/recovery share one controlled Book renderer
mobile/app/book/notices.tsx:102: info: size: allow 45, ordered description/history/Notice options share one detail page
mobile/app/book/pages.tsx:1: info: size: allow 325, established book pages with projected notice entries
mobile/app/book/pages.tsx:56: info: size: allow 50, room layout retains local detail entries and ordinary place actions
mobile/app/book/polish.test.ts:2: info: size: allow 750, Book routes, elapsed completion and carrying note regressions share one real-session adapter
mobile/app/book/presenter.ts:76: info: size: allow 55, receipt-specific Read/recipe routing joins existing item, combat and conversation histories
mobile/authority/local-story/local_story.test.ts:1: info: size: allow 650, every local authority case (restart, receipts, COMMIT faults, kill, trace, jobs, reactions, narration, choices) shares this harness
mobile/authority/local-story/missing_child.test.ts:1: info: size: allow 610, current chapter/search persistence regressions share one real SQLite harness
mobile/authority/local-story/save.ts:157: info: size: allow 50, one receipt trust boundary validates Read and readable-recipe identity
mobile/authority/local-story/saves.test.ts:1: info: size: allow 560, every save-open outcome shares this file's one-process harness
mobile/authority/local-story/store.ts:99: info: size: allow 45, one save-load boundary checks elapsed and required pinned resource rows
ok   ts size: limits and allow markers
Checking formatting...
All matched files use Prettier code style!

> loka-app@0.0.0 test
> node --test --test-reporter=${TEST_REPORTER:-spec} "../authority/**/*.test.ts" "book/*.test.ts" "*.test.ts"

....................
....................
....................
....................
....................
....................
....................
....................
....................
....................
....................
....................
....................
....................
....................
....................
..
