✖ a malformed reaction source discards the report and all proposal-local changes (25.3385ms)
ℹ tests 1
ℹ suites 0
ℹ pass 0
ℹ fail 1
ℹ cancelled 0
ℹ skipped 0
ℹ todo 0
ℹ duration_ms 144.79525

✖ failing tests:

test at kernel/ts/test/first_search.test.ts:169:1
✖ a malformed reaction source discards the report and all proposal-local changes (25.3385ms)
  TypeError: Cannot read properties of undefined (reading 'ops')
      at react (file://[redacted-local-path])
      at propose (file://[redacted-local-path])
      at adopt (file://[redacted-local-path])
      at TestContext.<anonymous> (file://[redacted-local-path])
      at Test.runInAsyncScope (node:async_hooks:227:14)
      at Test.run (node:internal/test_runner/test:1402:25)
      at Test.start (node:internal/test_runner/test:1262:17)
      at startSubtestAfterBootstrap (node:internal/test_runner/harness:387:17)
