(node:25118) [MODULE_TYPELESS_PACKAGE_JSON] Warning: Module type of file://[redacted-local-path] is not specified and it doesn't parse as CommonJS.
Reparsing as ES module because module syntax was detected. This incurs a performance overhead.
To eliminate this warning, add "type": "module" to [redacted-local-path]
(Use `node --trace-warnings ...` to show where the warning was created)
✖ withdrawn or changed-context Notice controls retain their captured stale token (30.593166ms)
ℹ tests 1
ℹ suites 0
ℹ pass 0
ℹ fail 1
ℹ cancelled 0
ℹ skipped 0
ℹ todo 0
ℹ duration_ms 162.569625

✖ failing tests:

test at mobile/app/book/live_actions.test.ts:313:1
✖ withdrawn or changed-context Notice controls retain their captured stale token (30.593166ms)
  AssertionError [ERR_ASSERTION]: Expected values to be strictly equal:
  + actual - expected
  
  + 'view:new'
  - 'view:aaaaaaaa-0000-4000-8000-000000000002:0'
          ^
  
      at TestContext.<anonymous> (file://[redacted-local-path])
      at Test.runInAsyncScope (node:async_hooks:227:14)
      at Test.run (node:internal/test_runner/test:1402:25)
      at Test.start (node:internal/test_runner/test:1262:17)
      at startSubtestAfterBootstrap (node:internal/test_runner/harness:387:17)
      at process.processTicksAndRejections (node:internal/process/task_queues:104:5) {
    generatedMessage: true,
    code: 'ERR_ASSERTION',
    actual: 'view:new',
    expected: 'view:aaaaaaaa-0000-4000-8000-000000000002:0',
    operator: 'strictEqual',
    diff: 'simple'
  }
