(node:25131) [MODULE_TYPELESS_PACKAGE_JSON] Warning: Module type of file://[redacted-local-path] is not specified and it doesn't parse as CommonJS.
Reparsing as ES module because module syntax was detected. This incurs a performance overhead.
To eliminate this warning, add "type": "module" to [redacted-local-path]
(Use `node --trace-warnings ...` to show where the warning was created)
✖ SQLite report/Study reopen and exact replay preserve active Q2 and receipt-specific history (54.807ms)
ℹ tests 1
ℹ suites 0
ℹ pass 0
ℹ fail 1
ℹ cancelled 0
ℹ skipped 0
ℹ todo 0
ℹ duration_ms 208.984459

✖ failing tests:

test at mobile/authority/local-story/missing_child.test.ts:493:1
✖ SQLite report/Study reopen and exact replay preserve active Q2 and receipt-specific history (54.807ms)
  AssertionError [ERR_ASSERTION]: Expected values to be strictly equal:
  + actual - expected
  
  + undefined
  - '86b28f4e-f743-87f8-8375-2ead5c2c295c'
  
      at TestContext.<anonymous> (file://[redacted-local-path])
      at async Test.run (node:internal/test_runner/test:1409:7)
      at async startSubtestAfterBootstrap (node:internal/test_runner/harness:387:3) {
    generatedMessage: true,
    code: 'ERR_ASSERTION',
    actual: undefined,
    expected: '86b28f4e-f743-87f8-8375-2ead5c2c295c',
    operator: 'strictEqual',
    diff: 'simple'
  }
