(node:25121) [MODULE_TYPELESS_PACKAGE_JSON] Warning: Module type of file://[redacted-local-path] is not specified and it doesn't parse as CommonJS.
Reparsing as ES module because module syntax was detected. This incurs a performance overhead.
To eliminate this warning, add "type": "module" to [redacted-local-path]
(Use `node --trace-warnings ...` to show where the warning was created)
✖ Study is a detail-only empty-target control after Read/history and refreshes across elapsed redraw (57.401459ms)
ℹ tests 1
ℹ suites 0
ℹ pass 0
ℹ fail 1
ℹ cancelled 0
ℹ skipped 0
ℹ todo 0
ℹ duration_ms 381.506375

✖ failing tests:

test at mobile/app/book/notice_board.test.ts:535:1
✖ Study is a detail-only empty-target control after Read/history and refreshes across elapsed redraw (57.401459ms)
  AssertionError [ERR_ASSERTION]: Expected values to be strictly equal:
  
  0 !== 1
  
      at TestContext.<anonymous> (file://[redacted-local-path])
      at Test.runInAsyncScope (node:async_hooks:227:14)
      at Test.run (node:internal/test_runner/test:1402:25)
      at Test.start (node:internal/test_runner/test:1262:17)
      at startSubtestAfterBootstrap (node:internal/test_runner/harness:387:17)
      at process.processTicksAndRejections (node:internal/process/task_queues:104:5) {
    generatedMessage: true,
    code: 'ERR_ASSERTION',
    actual: 0,
    expected: 1,
    operator: 'strictEqual',
    diff: 'simple'
  }
