✖ Q1 report atomically activates Q2; only guarded Study tracks grants its active first lead (20.825375ms)
ℹ tests 1
ℹ suites 0
ℹ pass 0
ℹ fail 1
ℹ cancelled 0
ℹ skipped 0
ℹ todo 0
ℹ duration_ms 175.410125

✖ failing tests:

test at mobile/authority/local-story/missing_child.test.ts:415:1
✖ Q1 report atomically activates Q2; only guarded Study tracks grants its active first lead (20.825375ms)
  AssertionError [ERR_ASSERTION]: {"kind":"saved","replay":false,"revision":5,"decision":{"kind":"accepted","outcome":"performed","delta":{"ops":[{"op":"fact.assign","writer_group":0,"fact":{"cartridge_id":"ashmere_missing_child","cartridge_version":"0.0.9","kind":"fact","key":"fen_tracks_found"},"scope":{"kind":"player","character_id":"bd595711-ea5f-89a5-abb0-046cd349d2f9"},"expected":false,"value":true}]},"events":[{"id":"ca50c686-65d8-8eaa-aa0e-a2785b3b3c49","world_context_id":"0d4e8a5c-3f1b-4c2a-9e7d-6b5a4c3d2e1f","logical_time":64800,"causation_id":"d40fc0ac-d4a4-8fb3-9a49-5d550a991b96","correlation_id":"d40fc0ac-d4a4-8fb3-9a49-5d550a991b96","actor_id":"bd595711-ea5f-89a5-abb0-046cd349d2f9","scope":{"kind":"player","character_id":"bd595711-ea5f-89a5-abb0-046cd349d2f9"},"position":1,"payload":{"type":"fact_changed","fact":{"cartridge_id":"ashmere_missing_child","cartridge_version":"0.0.9","kind":"fact","key":"fen_tracks_found"},"old":false,"new":true}},{"id":"adb312db-630b-80a5-9099-b644ae69b3b7","world_context_id":"0d4e8a5c-3f1b-4c2a-9e7d-6b5a4c3d2e1f","scope":{"kind":"player","character_id":"bd595711-ea5f-89a5-abb0-046cd349d2f9"},"actor_id":"bd595711-ea5f-89a5-abb0-046cd349d2f9","logical_time":64800,"position":2,"causation_id":"d40fc0ac-d4a4-8fb3-9a49-5d550a991b96","correlation_id":"d40fc0ac-d4a4-8fb3-9a49-5d550a991b96","payload":{"type":"action_completed","action":"study_tracks","subject_id":"86b28f4e-f743-87f8-8375-2ead5c2c295c"}}],"effects":[],"rng":[1,2,3,4],"narration":[{"key":"narration.study_tracks"}]}}
  + actual - expected
  
  + 'accepted'
  - 'invalid_state'
  
      at Object.invoke (file://[redacted-local-path])
      at TestContext.<anonymous> (file://[redacted-local-path])
      at Test.runInAsyncScope (node:async_hooks:227:14)
      at Test.run (node:internal/test_runner/test:1402:25)
      at Test.start (node:internal/test_runner/test:1262:17)
      at startSubtestAfterBootstrap (node:internal/test_runner/harness:387:17) {
    generatedMessage: false,
    code: 'ERR_ASSERTION',
    actual: 'accepted',
    expected: 'invalid_state',
    operator: 'strictEqual',
    diff: 'simple'
  }
