✖ quest resolution delivers activation to its evidenced actor and never restarts any prior instance (25.751834ms)
ℹ tests 1
ℹ suites 0
ℹ pass 0
ℹ fail 1
ℹ cancelled 0
ℹ skipped 0
ℹ todo 0
ℹ duration_ms 149.988334

✖ failing tests:

test at kernel/ts/test/first_search.test.ts:89:1
✖ quest resolution delivers activation to its evidenced actor and never restarts any prior instance (25.751834ms)
  AssertionError [ERR_ASSERTION]: Expected values to be strictly deep-equal:
  + actual - expected
  ... Skipped lines
  
    [
      {
        instance_id: 'allocated',
        op: 'quest.activate',
        quest: {
  ...
        scope: {
  +       character_id: 'aaaaaaaa-0000-4000-8000-000000000099',
  -       character_id: 'bd595711-ea5f-89a5-abb0-046cd349d2f9',
          kind: 'player'
        },
        writer_group: 1
      }
    ]
  
      at TestContext.<anonymous> (file://[redacted-local-path])
      at Test.runInAsyncScope (node:async_hooks:227:14)
      at Test.run (node:internal/test_runner/test:1402:25)
      at Test.start (node:internal/test_runner/test:1262:17)
      at startSubtestAfterBootstrap (node:internal/test_runner/harness:387:17) {
    generatedMessage: true,
    code: 'ERR_ASSERTION',
    actual: [ { op: 'quest.activate', writer_group: 1, quest: [Object], scope: [Object], instance_id: 'allocated' } ],
    expected: [ { op: 'quest.activate', writer_group: 1, quest: [Object], scope: [Object], instance_id: 'allocated' } ],
    operator: 'deepStrictEqual',
    diff: 'simple'
  }
