✖ malformed Study receipt evidence is save_corrupt on reopen (121.756542ms)
ℹ tests 1
ℹ suites 0
ℹ pass 0
ℹ fail 1
ℹ cancelled 0
ℹ skipped 0
ℹ todo 0
ℹ duration_ms 273.639292

✖ failing tests:

test at mobile/authority/local-story/missing_child.test.ts:549:1
✖ malformed Study receipt evidence is save_corrupt on reopen (121.756542ms)
  AssertionError [ERR_ASSERTION]: Missing expected exception.
      at TestContext.<anonymous> (file://[redacted-local-path])
      at async Test.run (node:internal/test_runner/test:1409:7)
      at async startSubtestAfterBootstrap (node:internal/test_runner/harness:387:3) {
    generatedMessage: false,
    code: 'ERR_ASSERTION',
    actual: undefined,
    operator: 'throws',
    diff: 'simple'
  }
