✖ quest resolution delivers activation to its evidenced actor and never restarts any prior instance (25.434584ms)
ℹ tests 1
ℹ suites 0
ℹ pass 0
ℹ fail 1
ℹ cancelled 0
ℹ skipped 0
ℹ todo 0
ℹ duration_ms 148.356666

✖ failing tests:

test at kernel/ts/test/first_search.test.ts:89:1
✖ quest resolution delivers activation to its evidenced actor and never restarts any prior instance (25.434584ms)
  AssertionError [ERR_ASSERTION]: Expected values to be strictly equal:
  + actual - expected
  
  + 'aaaaaaaa-0000-4000-8000-000000000022'
  - 'aaaaaaaa-0000-4000-8000-000000000021'
                                        ^
  
      at TestContext.<anonymous> (file://[redacted-local-path])
      at Test.runInAsyncScope (node:async_hooks:227:14)
      at Test.run (node:internal/test_runner/test:1402:25)
      at Test.start (node:internal/test_runner/test:1262:17)
      at startSubtestAfterBootstrap (node:internal/test_runner/harness:387:17) {
    generatedMessage: true,
    code: 'ERR_ASSERTION',
    actual: 'aaaaaaaa-0000-4000-8000-000000000022',
    expected: 'aaaaaaaa-0000-4000-8000-000000000021',
    operator: 'strictEqual',
    diff: 'simple'
  }
