(node:61706) [MODULE_TYPELESS_PACKAGE_JSON] Warning: Module type of file://[local-path] is not specified and it doesn't parse as CommonJS.
Reparsing as ES module because module syntax was detected. This incurs a performance overhead.
To eliminate this warning, add "type": "module" to [local-path]
(Use `node --trace-warnings ...` to show where the warning was created)
✔ E1 SQLite case requires complete fault schedule and committed commands (923.674625ms)
✔ E1 binds only the witnessed study_tracks consequence after semantic replay (2463.678917ms)
✔ E1 witnesses an opened dialogue and only its accepted choice (459.526667ms)
(node:61707) [MODULE_TYPELESS_PACKAGE_JSON] Warning: Module type of file://[local-path] is not specified and it doesn't parse as CommonJS.
Reparsing as ES module because module syntax was detected. This incurs a performance overhead.
To eliminate this warning, add "type": "module" to [local-path]
(Use `node --trace-warnings ...` to show where the warning was created)
✔ E1 optional quest debt-on_time survives SQLite reopen and deterministic repetition (2642.014792ms)
✔ E1 optional quest dream-follow_fox survives SQLite reopen and deterministic repetition (2415.079583ms)
✔ E1 optional quest dream-wake survives SQLite reopen and deterministic repetition (2066.376708ms)
(node:61708) [MODULE_TYPELESS_PACKAGE_JSON] Warning: Module type of file://[local-path] is not specified and it doesn't parse as CommonJS.
Reparsing as ES module because module syntax was detected. This incurs a performance overhead.
To eliminate this warning, add "type": "module" to [local-path]
(Use `node --trace-warnings ...` to show where the warning was created)
✔ E1 fresh authority route visits 57 literal rooms and reopens before each joined consumer (9170.458125ms)
(node:61709) [MODULE_TYPELESS_PACKAGE_JSON] Warning: Module type of file://[local-path] is not specified and it doesn't parse as CommonJS.
Reparsing as ES module because module syntax was detected. This incurs a performance overhead.
To eliminate this warning, add "type": "module" to [local-path]
(Use `node --trace-warnings ...` to show where the warning was created)
✔ E1 watch rounds cold reopen and replay the four literal post-start checkpoints (6027.533958ms)
(node:61710) [MODULE_TYPELESS_PACKAGE_JSON] Warning: Module type of file://[local-path] is not specified and it doesn't parse as CommonJS.
Reparsing as ES module because module syntax was detected. This incurs a performance overhead.
To eliminate this warning, add "type": "module" to [local-path]
(Use `node --trace-warnings ...` to show where the warning was created)
✔ E1 wisp-ward cold reopens and replays its literal consequences (3883.048875ms)
✔ E1 infirmary-herbs cold reopens and replays its literal consequences (8196.749667ms)
ℹ tests 10
ℹ suites 0
ℹ pass 10
ℹ fail 0
ℹ cancelled 0
ℹ skipped 0
ℹ todo 0
ℹ duration_ms 13047.885417
