...........X........
....................
..X...............X

Failed tests:

✖ combat-first and population-first boundaries conserve the same fatal hound slot and pelt (11.55775ms)
  AssertionError [ERR_ASSERTION]: Expected values to be strictly equal:
  
  false !== true
  
      at TestContext.<anonymous> (file://<checkout>/kernel/ts/test/hounds.test.ts:226:12)
      at Test.runInAsyncScope (node:async_hooks:227:14)
      at Test.run (node:internal/test_runner/test:1402:25)
      at Test.processPendingSubtests (node:internal/test_runner/test:974:18)
      at Test.postRun (node:internal/test_runner/test:1542:19)
      at Test.run (node:internal/test_runner/test:1467:12)
      at async Test.processPendingSubtests (node:internal/test_runner/test:974:7) {
    generatedMessage: true,
    code: 'ERR_ASSERTION',
    actual: false,
    expected: true,
    operator: 'strictEqual',
    diff: 'simple'
  }
✖ population alone activates byte-preserving accepted-history refusal (42.2225ms)
  AssertionError [ERR_ASSERTION]: {"ok":false,"diagnostic":{"severity":"error","code":"SCHEMA_VIOLATION","path":".cartridge.transports[\"ashmere_missing_child@0.0.30:transport/fen_outbound\"].action","message_key":"diagnostics.schema_violation","data":{"error":"invalid_value"},"suggested_capabilities":[]}}
      at populationOnly (file://<checkout>/mobile/authority/local-story/hounds.test.ts:71:10)
      at TestContext.<anonymous> (file://<checkout>/mobile/authority/local-story/hounds.test.ts:90:16)
      at Test.runInAsyncScope (node:async_hooks:227:14)
      at Test.run (node:internal/test_runner/test:1402:25)
      at Test.start (node:internal/test_runner/test:1262:17)
      at startSubtestAfterBootstrap (node:internal/test_runner/harness:387:17) {
    generatedMessage: false,
    code: 'ERR_ASSERTION',
    actual: false,
    expected: true,
    operator: '==',
    diff: 'simple'
  }
✖ a transport-only cartridge validates crossing receipts without another producer (58.016375ms)
  AssertionError [ERR_ASSERTION]: {"ok":false,"diagnostic":{"severity":"error","code":"OUTCOME_MISMATCH","path":".cartridge.scenes[\"ashmere_missing_child@0.0.30:scene/dream_of_the_fen\"].on.rest.entitlement","message_key":"diagnostics.outcome_mismatch","data":{},"suggested_capabilities":[]}}
      at fresh (file://<checkout>/kernel/ts/test/transport_fixture.ts:54:10)
      at setup (file://<checkout>/mobile/authority/local-story/transport.test.ts:27:15)
      at TestContext.<anonymous> (file://<checkout>/mobile/authority/local-story/transport.test.ts:476:13)
      at Test.runInAsyncScope (node:async_hooks:227:14)
      at Test.run (node:internal/test_runner/test:1402:25)
      at Test.processPendingSubtests (node:internal/test_runner/test:974:18)
      at Test.postRun (node:internal/test_runner/test:1542:19)
      at Test.run (node:internal/test_runner/test:1467:12)
      at process.processTicksAndRejections (node:internal/process/task_queues:104:5)
      at async Test.processPendingSubtests (node:internal/test_runner/test:974:7) {
    generatedMessage: false,
    code: 'ERR_ASSERTION',
    actual: false,
    expected: true,
    operator: '==',
    diff: 'simple'
  }
