node:internal/modules/run_main:107
    triggerUncaughtException(
    ^

AssertionError [ERR_ASSERTION]: population/fen_hounds/slot4/pelt
+ actual - expected

+ '135ad56f-dfaa-8e43-985d-9dd1e051753b'
- 'dce25ff1-322e-80ae-8f48-e0c4062c2783'

    at file://<checkout>/[eval1]:17:9
    at ModuleJob.run (node:internal/modules/esm/module_job:561:25)
    at process.processTicksAndRejections (node:internal/process/task_queues:104:5)
    at async node:internal/modules/esm/loader:223:26
    at async ModuleLoader.executeModuleJob (node:internal/modules/esm/loader:220:20)
    at async asyncRunEntryPointWithESMLoader (node:internal/modules/run_main:101:5) {
  generatedMessage: false,
  code: 'ERR_ASSERTION',
  actual: '135ad56f-dfaa-8e43-985d-9dd1e051753b',
  expected: 'dce25ff1-322e-80ae-8f48-e0c4062c2783',
  operator: 'strictEqual',
  diff: 'simple'
}

Node.js v24.21.0
