
> loka-app@0.0.0 test
> node --test --test-reporter=${TEST_REPORTER:-spec} "../authority/**/*.test.ts" "book/*.test.ts" "*.test.ts"

✔ ../authority/local-story/__tests__/dream-host.test.ts (516.179916ms)
✔ ../authority/local-story/__tests__/elapsed-host.test.ts (479.242ms)
✔ ../authority/local-story/__tests__/reward-host.test.ts (605.114458ms)
✔ bell-first loss survives real rollback-journal SQLite reopen after every scene line (456.899958ms)
✔ forged lost quest without Ring receipt gives typed save corruption (57.254541ms)
✔ late Ring keeps both Q2 returns playable through cold reopen (659.614375ms)
✔ both completed returns keep Silence and its two scene lines through cold reopen (717.751833ms)
✔ fox terminal requires its own committed Silence receipt (206.522375ms)
✔ Silence receipt rejects foreign actors on linked fact events (328.662208ms)
✔ Silence receipt binds its action, actor and scene cause (1249.544041ms)
✔ fox terminal rejects contradictory saved rows without repairing them (617.086042ms)
✔ Silence COMMIT uncertainty settles once and its exact receipt replays unchanged (472.16075ms)
✔ late Ring rejects a receipt with an extra Q2 loss transition (101.854834ms)
✔ bell save contradictions offer typed recovery without changing saved rows (1272.297458ms)
✔ linked Ring receipt fields reject controlled forgeries without repairing rows (2296.41675ms)
✔ Ring COMMIT uncertainty settles to one complete outcome and one replayable receipt (276.426583ms)
✔ saved custody cycle faults in step (456.292ms)
✔ saved custody cycle faults in list (441.734167ms)
✔ saved custody cycle faults in barrier (355.825083ms)
✔ Take and item-barrier reach preserve the spent decision budget (193.995916ms)
✔ a closed ancestor refuses reach before the hidden cycle (3.313875ms)
✔ saved B2 acceptance and funded turn-in reopen with their exact rows (166.744042ms)
✔ reopen refuses a missing bound expiry job (56.185708ms)
✔ expired B2 obligation reopens with one trust penalty (49.587583ms)
✔ on-time saved axis must agree with its turn-in receipt (57.479209ms)
✔ on-time receipt balances must match funded and saved rows (131.6605ms)
✔ expiry receipt trust scope must name its bound actor (67.173459ms)
✔ reopen derives Reeds from the saved trigger choice, equal to headless play (150.155333ms)
✔ real SQLite reopens Attack and both M4 A rounds with original receipt replay (53.615041ms)
✔ a real rat kill commits corpse and preacceptance credit together and reopens exactly (57.355917ms)
✔ actual lethal combat returns empty-handed and ordinary six-exit journey recovers corpse roots (105.183375ms)
✔ genuine FULL and both unknown-COMMIT outcomes fence a real fatal round (89.142583ms)
✔ saved encounter corruption refuses before exposing play without repairing rows (124.387959ms)
✔ input at the due deadline settles lethal combat before attempting Flee (7.227875ms)
✔ random Flee destination and RNG reopen and replay one SQLite receipt (38.341667ms)
✔ scheduled opponent departure reopens and reconciles before a harmless due combat round (96.724625ms)
✔ real SQLite reopens buy before acceptance, active, and both chronological payout orders (272.692333ms)
✔ purchase receipt retry, sale and buyback cold reopen one exact item and conserved pennies (126.33475ms)
✔ buy under an active and expired S2 retains the exact ledger and pending/failure truth (110.475625ms)
✔ cold open refuses omitted debit, wrong recipient, false prior balance and reversed receipt order (219.56325ms)
✔ shop failed COMMIT and both unknown outcomes retain all prior or all next rows (108.517583ms)
✔ satchel Put/Take is immediately useful but active S2 ancestor Sell is refused (123.786458ms)
✔ v018 ID pin binds the spawned world, purchased torch and worn slot after cold reopen (37.459084ms)
✔ corpse identity, worn roots and shrine return reopen atomically and receipt replay allocates nothing (59.806208ms)
✔ an older release list refuses the corpse release without rewriting it (40.994167ms)
✔ real FULL, failed COMMIT and committed-unknown COMMIT preserve all prior or all next corpse rows (91.320709ms)
✔ save load refuses missing identity, unknown template and illegal corpse custody without repair (103.564625ms)
✔ every intermediate checkpoint and both ended branches cold-open and replay the exact original result once (3854.466292ms)
✔ cold open refuses forged dream truth and receipt producer evidence without changing file bytes (1322.377625ms)
✔ Rest, choice opening, branch selection and final ack settle uncertain COMMIT all old or all new (2259.981625ms)
✔ real elapsed and fatal return preserve the dormant choice until the actor lawfully reaches its actual bed (310.762375ms)
✔ base1000 accounting preserves exact safe boundary quotients and rejects target overflow (12.123417ms)
✔ 9ms and reopened 11ms commit one unit and preserve the durable fractional account (77.447833ms)
✔ negative wall resume rebases without credit then credits the next 20ms (6.248917ms)
✔ a fixed 36hour horizon commits all four daily boundaries in order (29.6625ms)
✔ sixteen segments yield and one reserved input completes at its original finite horizon (48.247916ms)
✔ a current choice crossing departure refuses presence while Leave still closes its continuation (35.598ms)
✔ preexisting stale input does not account time and synchronous success emits no completion (5.312542ms)
✔ trusted explicit v2 advance raises its durable target and missing checkpoints refuse (53.619375ms)
✔ an elapsed managed session without clocks fails with a typed refusal (4.586125ms)
✔ resume extends durable target debt rather than a lagging head (12.579541ms)
✔ unexpected closed checkpoint evidence blocks play as corrupt until confirmed Start over (7.693458ms)
✔ a valid durable replacement invalidates an old fenced clock and input without writes (10.690583ms)
✔ malformed v2 checkpoints and heads refuse without rewriting their progress (110.185875ms)
✔ a managed v1 upgrade starts its durable account at the actual opening clocks (4.831834ms)
✔ a committed unknown elapsed segment with corrupt checkpoint completes its input as blocked (26.996916ms)
✔ a valid replacement during unknown positive elapsed invalidates the old pending input (7.945041ms)
✔ a private reservation rejects another intent and retains its original bounded input (89.501958ms)
✔ terminal v1 upgrade recovery waits for real SQLite rollback closure before Start over (35.824583ms)
✔ resumed wall survives fractional reconciliation and invalid/stale preflight before a new input (70.240125ms)
✔ a new reservation waits for its actual resumed horizon and yields after sixteen boundaries (21.665791ms)
✔ resume remains armed after fixed A completes and another intent cannot steal its result (110.334209ms)
✔ elapsed receipt survives reopen and replays its first result after later clock commits (62.501834ms)
✔ old run elapsed refuses before receipt lookup after replacement without Host.random (8.74275ms)
✔ unknown elapsed COMMIT fences trusted and player delivery until the real receipt reconciles (5.326167ms)
✔ modal scene keeps Continue-only player controls while elapsed time commits (13.862375ms)
✔ malformed stored command JSON conflicts without state or receipt changes (5.348209ms)
✔ malformed stored response JSON conflicts without state or receipt changes (9.629083ms)
✔ healthy elapsed delivery preserves actual SQLite receipt-read failures (45.090833ms)
✔ a worn cap is still worn after reopen, in the state the headless kernel reaches (58.036334ms)
✔ seed 12: every fault leaves the prior or next revision and the run ends unchanged (3480.626125ms)
✔ seed 366: every fault leaves the prior or next revision and the run ends unchanged (2313.975875ms)
✔ seed 30636: every fault leaves the prior or next revision and the run ends unchanged (2400.07925ms)
✔ seed 300: every fault leaves the prior or next revision and the run ends unchanged (2642.784833ms)
✔ seed 622: every fault leaves the prior or next revision and the run ends unchanged (1726.734375ms)
✔ seed 9633: every fault leaves the prior or next revision and the run ends unchanged (1840.167291ms)
✔ seed 2841: every fault leaves the prior or next revision and the run ends unchanged (1787.6ms)
✔ seed 454: every fault leaves the prior or next revision and the run ends unchanged (2650.58975ms)
✔ seed 172: every fault leaves the prior or next revision and the run ends unchanged (2309.119458ms)
✔ seed 49: every fault leaves the prior or next revision and the run ends unchanged (3223.839ms)
✔ seed 211: every fault leaves the prior or next revision and the run ends unchanged (1814.390875ms)
✔ seed 1595: every fault leaves the prior or next revision and the run ends unchanged (1154.862083ms)
✔ seed 337982: every fault leaves the prior or next revision and the run ends unchanged (1077.5425ms)
✔ seed 105497: every fault leaves the prior or next revision and the run ends unchanged (876.428708ms)
✔ seed 81: every fault leaves the prior or next revision and the run ends unchanged (1348.882125ms)
✔ seed 130: every fault leaves the prior or next revision and the run ends unchanged (1246.830417ms)
✔ seed 54: every fault leaves the prior or next revision and the run ends unchanged (1257.746541ms)
✔ hand-checked anchors (22.138541ms)
✔ views, a reopen and a changed host clock leave the play_time clock and world as they were (90.799917ms)
✔ backward-anchor metadata accounts reconcile exact prior or next real SQLite evidence (10.708ms)
✔ failed and lost-ack positive elapsed commits reconcile head receipt and checkpoint together (7.480625ms)
✔ real SQLITE_FULL rolls back elapsed evidence and retries its unchanged candidate (4.167583ms)
✔ a timer completes an unknown player receipt before sampling and emits it once (6.073959ms)
✔ process kill before and after elapsed COMMIT leaves entirely prior or next and reopens once (469.008375ms)
✔ acknowledged Green finale reopens at every line and exports one report (1030.167708ms)
✔ population alone activates byte-preserving accepted-history refusal (126.627417ms)
✔ one hound wander persists across real SQLite unknown-COMMIT recovery and cold reopen (523.865625ms)
✔ a real hound kill and pelt Take cold-reopen with conserved custody and evidence (368.995875ms)
✔ real SQLite reopens every immediate occurrence, exact replay and later ordinary bandage custody (1237.760083ms)
✔ failed and lost COMMIT exchange outcomes reconcile all-prior or all-next rows (501.642417ms)
✔ exchange history corruption refuses without rewriting the SQLite rows (740.621042ms)
✔ accepted herbs can be dropped, reopened and retrieved for the same exact occurrence (250.142834ms)
✔ B2 and S9 faction receipts reopen in both composed orders without changing pennies (590.373625ms)
✔ reacceptance retirement and fresh activation reconcile as one real SQLite commit (572.55925ms)
✔ randomly seeded B5 lineage reopens and Start over preserves the drawn seed (73.58925ms)
✔ trusted elapsed reopens before S9 and reaches the actual herb exchange consumer (332.691917ms)
✔ reopen recomputes possession text and retains earned text after the oar is dropped (28.992125ms)
✔ openStory.invoke refuses a failing chat on Bram by its key (38.183875ms)
✔ lantern-carry plays as its frozen trace; its story point reaches the run's account once (116.148958ms)
✔ lantern-leave plays as its frozen trace; its story point reaches the run's account once (100.79ms)
✔ an old run's view token is stale after a new game, at the same revision (19.646ms)
✔ adverse early-possession (68.305375ms)
✔ adverse drop-after-choice-opened (39.731875ms)
✔ adverse walked-away-rejects-new-choice (60.517ms)
✔ adverse walked-away-keeps-receipt (40.959334ms)
✔ adverse altered-choice (47.284458ms)
✔ adverse choice-rollback (49.247625ms)
✔ adverse choice-unknown-commit-absent (47.675ms)
✔ adverse choice-unknown-commit-committed (87.739375ms)
✔ adverse commit-before-display (469.088ms)
✔ adverse reading-has-no-effect (35.648167ms)
✔ adverse stale-choice-and-blocked-exit (32.251375ms)
✔ a choice committed with its acknowledgement lost recovers to its receipt, reported once (30.6715ms)
✔ actual torch oil and nested intervals survive cold reopen and sell/buyback with conserved pennies (448.477583ms)
✔ real failed and unknown refill commits reconcile the entire writer group and exact retry (268.322584ms)
✔ corrupt fuel and forged refills refuse without repairing SQLite (722.238ms)
✔ dark lethal combat cold reopens and permits the gear-free owner corpse walk and exact recovery (396.279ms)
✔ a light-only cartridge reopens lawful refill history and rejects a bounded forged charge (20.642459ms)
✔ undeclared fuel rows refuse in a cartridge without light metadata and leave SQLite untouched (33.293ms)
✔ Book binds the exact oil bottle and keeps worn torch controls on the item (19.712625ms)
✔ Book owns authored Refuel aliases on their source and preserves exact invocation identity (170.323ms)
✔ the app path passes the random source: the pinned context is not the template (80.445459ms)
✔ two new games draw their own seed and world context, pinned and in the trace header (3.581792ms)
✔ a reopen rebuilds the ids from the pinned context: first open, Start over, app update (34.202458ms)
✔ luck replays: the drawn seed is the RNG, and a reopen picks as the same process did (13.607708ms)
✔ a save from before c1-host opens unchanged and plays on (14.494417ms)
✔ a pinned context that is not a WorldContextId is save_corrupt (3.642959ms)
✔ production empty, filled, partial Pour, empty, nested, ground and shop custody reopen exactly (2203.142875ms)
✔ cold open refuses missing, extra, malformed and plausible bounded liquid rows without repair (1284.5725ms)
✔ cold open binds every liquid receipt to its historical command, source and complete ordered rows (2049.051208ms)
✔ Pour failed COMMIT and lost acknowledgement fence liquid then reconcile and replay once (430.3505ms)
✔ actual fatal combat cold reopens the filled shell on its corpse then ordinary recovery (584.155666ms)
✔ cold open rejects consistent command/event rewrites that cannot derive from the original invocation (148.330917ms)
✔ a tiny world survives a restart with the same state (14.933708ms)
✔ a retried consumed take replays its receipt; altered intent is a conflict (6.667417ms)
✔ a failed attempt and a rejection persist; their retries draw nothing (15.895334ms)
✔ a fault changes nothing and gets no receipt (13.691625ms)
✔ a lost COMMIT acknowledgement reconciles to the committed receipt (6.937375ms)
✔ a genuinely failed COMMIT reconciles to not committed; the retry is a fresh attempt (8.000042ms)
✔ while the COMMIT outcome is unknown every call is fenced; a restart settles it (5.367541ms)
✔ a process killed after COMMIT restarts with the take once and its trace entry once (906.416625ms)
✔ a definite failure is traced once; a failed trace write changes nothing (13.66575ms)
✔ while the trace is behind no later entry overtakes a missed one (9.109292ms)
✔ an unreadable trace never stops play or the save opening (9.445959ms)
✔ an updated kernel starts a new segment after recovering the old one (8.838958ms)
✔ a transaction a failed ROLLBACK leaves open is never read as saved nor blocks play (12.303333ms)
✔ a save does not open inside a transaction left open (5.363583ms)
✔ jobs survive a restart: waiting to 19:00 after it moves Bram as without it (24.415209ms)
✔ a recipe whose time cost runs a job replays its receipt on retry (11.782709ms)
✔ a move whose reactions commit replays its events byte for byte after a restart (6.746542ms)
✔ a recipe narration's pinned participants survive a restart and replay unchanged (6.194625ms)
✔ a talk committed, then a restart: the stored choice carries its revision and choose works (15.699458ms)
✔ production five preacceptance kills reopen into Maud reward and usable storage (348.645792ms)
✔ each of five missing actual credits refuses reward after early acceptance (625.90975ms)
✔ production Maud completion leaves World free of story-ended claims and storage usable (125.01625ms)
✔ active chapter five actual kills, shrine return, Maud reward and cold-reopen storage (376.0025ms)
✔ Q1 explicit acceptance, held drawing gate, report priority and durable once-only resolution (174.448ms)
✔ picking up the clue first starts no quest and acceptance is immediately ready (20.787625ms)
✔ Maud offer and earned turn-in stay usable while Q1 is unaccepted (209.5135ms)
✔ Maud offer and earned turn-in stay usable while Q1 is active (188.743ms)
✔ Maud offer and earned turn-in stay usable while Q1 is ready (111.979542ms)
✔ Maud offer and earned turn-in stay usable while Q1 is resolved (157.15725ms)
✔ Q1 acceptance, Green pickup, report and Maud offer work throughout the day (1078.067459ms)
✔ Mire Crossing and Fox Hollow offer both approaches and cold return at every hour (3631.449333ms)
✔ Q1 report atomically activates Q2; only guarded Study tracks grants its active first lead (27.555791ms)
✔ SQLite report/Study reopen and exact replay preserve active Q2 and receipt-specific history (176.655458ms)
✔ malformed Study receipt evidence offers typed Start over on reopen (530.059458ms)
✔ committed combat line indices come from pinned keys and structured receipt events (4.188125ms)
✔ actual adopted rat adjustment commits, reopens pinned HP and replays without another write (34.766375ms)
✔ reopen rejects missing, malformed, or out-of-bounds NPC HP without rewriting progress (10.709459ms)
✔ SQLite FULL, failed COMMIT and lost acknowledgement preserve atomic NPC HP adoption (66.649ms)
✔ a budget fault is one valid observation of its limit, with the ReplayIds of its decision (15.578041ms)
✔ a failing observation sink changes no reply, revision, storage or retry (13.170792ms)
✔ an older save gains the sink untouched, and the sink keeps the newest 1000 records (521.175291ms)
✔ each NEW decision, accepted, rejected or fault, is one kernel.decision_latency (51.6795ms)
✔ a clock changes no reply or durable state when a COMMIT is held, then committed (8.362958ms)
✔ a real committed elapsed then ordinary local trace replays identically with header run preflight (2051.632291ms)
✔ real SQLite reopens every finite leg and explicit pause boundary (2609.123417ms)
✔ actual cellar death separates concurrent Wren, resets patrol, and permits Restart after cold reopen (2072.160542ms)
▶ full retained receipt replay refuses forged patrol rows and proofs without rewriting SQLite
  ✔ actor_id (188.389417ms)
  ✔ body_id (182.979542ms)
  ✔ npc_id (155.313084ms)
  ✔ quest_instance_id (172.380667ms)
  ✔ continuation_id (107.836334ms)
  ✔ attempt_id (132.885458ms)
  ✔ cursor (153.929042ms)
  ✔ credit (155.25625ms)
  ✔ status (214.119541ms)
  ✔ fractional (141.839333ms)
  ✔ missing (164.550292ms)
  ✔ scope (123.661375ms)
  ✔ cause (189.660209ms)
  ✔ source (177.307ms)
  ✔ lost-transition (148.236833ms)
✔ full retained receipt replay refuses forged patrol rows and proofs without rewriting SQLite (2410.602792ms)
▶ real failed and acknowledged-lost COMMIT reconcile one leader departure and exact Book retry
  ✔ failed (153.19925ms)
  ✔ lost (142.881ms)
✔ real failed and acknowledged-lost COMMIT reconcile one leader departure and exact Book retry (296.434334ms)
▶ final player join commits movement, terminal quest and trust together across both uncertain outcomes
  ✔ failed (256.465708ms)
  ✔ lost (255.803416ms)
✔ final player join commits movement, terminal quest and trust together across both uncertain outcomes (512.609417ms)
✔ real original-Tobin C1 lessons reopen during patrol and completion grants trust alone (510.432583ms)
✔ a seated player is still sitting after reopen, in the state the headless kernel reaches (13.731041ms)
✔ real SQLite preserves original books through ground Take nested open Read closure travel and reread (2462.383792ms)
✔ real failed and lost COMMIT outcomes fence Read then retry and replay once (1044.293667ms)
✔ historical Read and known-topic truth reject wrong actor book definition cause missing grants and closed custody (876.213083ms)
✔ actual fatal fight reopens with learned topics and gear-free recovery Takes the original books (217.917333ms)
✔ saved 19:00 novice overlap and 20:00 departure retain original pending speaker (187.310209ms)
✔ Book remount during lost Read acknowledgement waits for confirmation then routes its one recovered page (230.753459ms)
✔ readable-only SQLite recovery rejects forged narration without another history consumer (27.387416ms)
✔ Book preserves an aliased Read place offer and exact target through a live redraw (86.208458ms)
✔ a leftover transaction is settled before the trace catches up (23.444375ms)
✔ a file that is not a database or has a corrupt page is save_corrupt (22.931917ms)
✔ a head with a damaged column is save_corrupt; its new game recreates the head (11.801291ms)
✔ at the cap a new game deletes the oldest run whole and keeps the current one (154.474041ms)
✔ a run alone at the cap keeps its beginning and appends no more entries (119.158875ms)
✔ a new game at the cap makes room for its header by deleting the old run (117.562917ms)
✔ a run that drops an entry pair below the cap writes nothing more (161.136542ms)
✔ catch-up at the cap boundary writes a missed entry at 4,998 rows and not at 4,999 (251.806791ms)
✔ Rest/reopen/Stand keeps literal fractions and replays the Rest receipt without writes (45.153208ms)
✔ load refuses corrupt opted rows without rewriting stored progress (69.531584ms)
✔ reconciled adoption rejects wrong authored rate and keeps the prior confirmed view (10.863792ms)
✔ bundled sampler pays MV1 and rests twice as fast before reaching its pool cap (49.51525ms)
✔ real SQLite write failures keep the pool and position together until the unchanged retry commits (14.392042ms)
✔ five actual preacceptance kills reopen into one atomic reward and identity-preserving storage (200.168542ms)
✔ real rollback, failed COMMIT and lost acknowledgement preserve complete old/new reward rows across reopen (255.806875ms)
✔ sampler invocation walk reaches all six rooms and resumes the carried ending at line two (164.1145ms)
✔ leaving the lantern resolves with the fallback journal and no carried chapter or scene (6.274375ms)
✔ a new save allocates and pins its identity; a restart and a replay reuse it (16.775458ms)
✔ a save whose pinned release is missing is refused untouched; a new game moves on (15.957417ms)
✔ a save of an unknown format is refused with nothing written and no new game (11.138167ms)
✔ a damaged identity is save_corrupt and untouched; its new game repairs it (189.4025ms)
✔ an app update reopens a save on its pinned release; new games pin the newest (7.742916ms)
✔ a save that does not parse is save_corrupt until the player starts a new game (41.417625ms)
✔ a new game replaces the save; an old invocation id is new again (8.672292ms)
✔ a new game that fails part way leaves the old save and memory (4.386625ms)
✔ a new game settles a pending attempt first, in the run it was made in (7.260042ms)
✔ a new game whose COMMIT is unknown is fenced; settling it moves play to the new run (6.751875ms)
✔ a new game whose COMMIT fails keeps the old save, memory and receipts (7.130917ms)
✔ a committed new game is adopted before play; a retry does not replace it twice (6.266291ms)
✔ a corrupt save's new game settles its COMMIT like any other (11.902542ms)
✔ a new run's entries missed by the trace follow its own header (7.769084ms)
✔ a new game after a settled one replaces the save again (12.762541ms)
✔ line two survives reopen and triggering receipt retry without duplicate effects (60.41925ms)
✔ room-before-Rest, meal, partial/empty ale reopen and exact retries preserve the next real consumer (1012.078583ms)
✔ forged bounded service rows and swapped/omitted historical service evidence refuse without repair (1310.484417ms)
✔ real failed COMMIT and both uncertain outcomes keep room/meal/ale all old or all new (672.165833ms)
✔ real Book captured alias press and lost acknowledgement restore one original-Maud line (338.096708ms)
✔ S1 remains reachable beside services and same-body fatal return reopens the paid bed truth (364.10675ms)
✔ a pending start over whose retry fails shows that error, not "not confirmed" (41.018375ms)
✔ catch-up conflicts preserve the original attempt and matching retries keep its identity (104.157166ms)
✔ invalid and cyclic shared input refuses before snapshot or elapsed sampling (7.674333ms)
✔ missing elapsed columns after unknown metadata or gameplay commit block and permit explicit recovery (53.626958ms)
✔ corrupt elapsed recovery binds valid, malformed, and absent original headers without erasing a replacement (169.832125ms)
✔ loaded elapsed recovery refuses newer and malformed same-run formats without writes (34.261333ms)
✔ changed refused elapsed header classifies malformed before differing valid run and preserves newer formats (7.738292ms)
✔ a scripted session survives a restart and plays on (69.351333ms)
✔ an invalid press before a save does not make the next id collide after a restart (25.369334ms)
✔ an unknown COMMIT shows pending, not a success; a restart shows what committed (17.959709ms)
✔ a pending press is retried with its own id and replays what committed (12.661791ms)
✔ a same-scope receipt from another allocator does not move the id counter (14.613666ms)
✔ a failed write is not claimed unsaved; the next press retries it (8.929834ms)
✔ a read error after a durable commit does not commit the press twice (12.839625ms)
✔ a confirmed receipt that is not a decision is a conflict and ends the attempt (10.045583ms)
✔ start over replaces a file that does not open with a fresh game (29.590041ms)
✔ start over of a damaged identity keeps the file and its old run (13.722ms)
✔ a damaged receipt index fails the open with start over, which gives a fresh game (15.481958ms)
✔ a newer app's save is never started over (8.758167ms)
✔ a start over whose delete failed can be tried again (5.694833ms)
✔ an open that fails but not as corrupt is never started over (4.525958ms)
✔ a start over that fails during play keeps the game and its retry (6.737417ms)
✔ a pending start over leaves no game to play until it settles (10.472291ms)
✔ the gate tap script ends at its declared state, wherever the kills fall (53.736666ms)
﹣ the save copied from the phone equals the reference (0.059ms) # SKIP
✔ a corrupt report page: Start over gives a working save (172.229875ms)
✔ a corrupt sqlite_autoindex_report_1 page: Start over gives a working save (59.484417ms)
✔ a malformed report index record: Start over gives a working save (92.043167ms)
✔ an intact report table survives Start over in place (44.523042ms)
✔ the latest committed narration is read again on reopen, from the receipts (37.67975ms)
✔ an older save reopens with its narration and keeps its report on Start over (55.169792ms)
✔ a malformed receipt response: Start over keeps the pending report (32.524125ms)
✔ a narration read that fails on a lock offers no Start over (40.764ms)
✔ a save with no body row: save_corrupt, Start over repairs it in place (36.205458ms)
✔ a save with a null choice: save_corrupt, Start over repairs it in place (44.373125ms)
✔ a save with an empty resource: save_corrupt, Start over repairs it in place (43.177958ms)
✔ a receipt narration line that is null: save_corrupt at open, Start over repairs it (40.225417ms)
✔ a receipt response that is not a decision replays as a conflict (39.155542ms)
✔ elapsed NOTADB and page corruption recover only through explicit working Start over (26.157083ms)
✔ unreadable elapsed opening refuses a newly readable replacement and waits on real SQLite uncertainty (18.087083ms)
✔ a story point reached offline is captured once, survives restart, and is delivered (45.973459ms)
✔ a run is bound once, when it starts; each of its reports carries that binding (54.568792ms)
✔ a story point whose report is malformed is not committed (35.335042ms)
✔ a pending report leaves the canonical state hash unchanged (59.5965ms)
✔ a report commits with its gameplay result or not at all (84.675041ms)
✔ a new game keeps a pending report, delivered under its original run (20.476833ms)
✔ a lost reply is retried and reads back the one acceptance (37.73125ms)
✔ an acceptance of another payload needs attention (43.691584ms)
✔ an acknowledgement that does not commit stops the batch; the next call resends it (38.52775ms)
✔ a report that always fails does not hold back the rest (60.675833ms)
✔ delivery is bounded, persists each disposition and drops nothing (41.478625ms)
✔ real SQLite cold reopen retains both lessons, exact replay, wear, Attack and defended due state (203.573958ms)
✔ forged lesson receipts and contradictory acquired rows reopen as save_corrupt without rewriting (333.5555ms)
✔ each foreign lesson event identity refuses file-backed reopen after lawful later custody (216.339333ms)
✔ real failed and lost-ack COMMIT keep all prior or all next lesson rows and retry once (63.848208ms)
✔ defense hit/loss conjunction is guarded at saved-receipt and narration boundaries (73.219791ms)
✔ trained player death cold reopens and recovers the exact worn lesson sword (84.032292ms)
✔ authored training/shop/S2 orders retain conserved pennies and trained five-rat reward/storage (9903.545292ms)
✔ paid crossing, free Sedge lesson, six-room exploration and return reopen at committed boundaries (1335.5655ms)
✔ forged ferry receipts and saved custody refuse typed corruption without changing the database (1785.574542ms)
✔ real failed and uncertain COMMIT outcomes fence paid/free crossing and lesson then replay once (4167.196333ms)
✔ Book projects an exact boarding control and restores one committed endpoint result (125.162125ms)
✔ the original following Wren crosses once without rescue credit; separated Wren stays behind (321.959583ms)
✔ actual Chapel death return reaches the dark-loft corpse without gear and retains every nested identity on cold reopen (769.919291ms)
✔ a transport-only cartridge validates crossing receipts without another producer (74.621625ms)
✔ original message branch and terminal reopen with their own NPC narration and exact replay (274.831667ms)
✔ Drop and held-container Put reopen and recover the same item; stale handoff never prints success (196.248291ms)
✔ fatal combat and cold reopen preserve the message through ordinary corpse recovery (135.976667ms)
✔ elapsed redraw keeps an unchanged message choice usable (53.318792ms)
▶ retained delivery evidence corruption is typed even behind an unrelated latest receipt
  ✔ missing branch row (51.1905ms)
  ✔ wrong message role (56.804ms)
  ✔ null retained source (81.177417ms)
  ✔ branch fact reset (46.835041ms)
  ✔ branch fact deleted (41.557208ms)
  ✔ message in unrelated NPC (55.006208ms)
  ✔ message nested in NPC-held container (66.884958ms)
  ✔ malformed receipt command JSON (60.006ms)
  ✔ receipt transfer removed (53.698208ms)
  ✔ receive narration names another speaker (56.833792ms)
  ✔ terminal fact event missing (75.443917ms)
  ✔ terminal status reset (69.079125ms)
  ✔ terminal message returned to actor (50.46675ms)
  ✔ terminal quest reopened (75.758125ms)
✔ retained delivery evidence corruption is typed even behind an unrelated latest receipt (842.670166ms)
✔ failed and lost branch/terminal COMMIT keep narration and custody behind confirmed disk (262.215125ms)
✔ v012 refuses the frozen v010 SQLite save and offers explicit Start over without changing it (56.446167ms)
✔ terminal quest without a message branch refuses reopen and requires explicit Start over (109.742875ms)
✔ real SQLite reopens at counts zero one two, third close, reset and resolved ward (639.82225ms)
✔ wrong final-wrong and correct commits reconcile both real outcomes and exact replay once (647.260542ms)
✔ bounded saves refuse forged rows and wrong receipts without deleting progress (1548.615791ms)
✔ unjustified discovery and topic facts fail cold-open reconciliation (247.648ms)
✔ receipt association checks reject forged actor source and quest independently of later save consumers (86.547583ms)
✔ cold-open verifies the ward Talk selector against its saved source (204.888333ms)
▶ malformed Q1 after rescue selection or completion offers typed recovery without replacing progress
  ✔ following row: null (229.552792ms)
  ✔ following row: false (166.484583ms)
  ✔ following row: 0 (138.318917ms)
  ✔ following row: [] (152.808333ms)
  ✔ following row: {} (166.524916ms)
  ✔ following row: {"quest":{},"scope":{}} (122.590708ms)
  ✔ following row: {"quest":true,"scope":true} (171.084167ms)
  ✔ following quest: {} (154.027958ms)
  ✔ following scope: {} (133.928417ms)
  ✔ completed row: null (185.367416ms)
  ✔ completed row: false (154.583417ms)
  ✔ completed row: 0 (232.49525ms)
  ✔ completed row: [] (201.046292ms)
  ✔ completed row: {} (166.421417ms)
  ✔ completed row: {"quest":{},"scope":{}} (235.0785ms)
  ✔ completed row: {"quest":true,"scope":true} (145.6775ms)
  ✔ completed quest: {} (180.584917ms)
  ✔ completed scope: {} (191.918709ms)
✔ malformed Q1 after rescue selection or completion offers typed recovery without replacing progress (3139.204958ms)
✔ real SQLite rescue reopens start, death separation, Rejoin and terminal with their own narration (680.91825ms)
▶ retained rescue identity, physical state and own receipts reject corruption behind a later look
  ✔ missing escort row (150.820458ms)
  ✔ substituted bound NPC (96.027875ms)
  ✔ wrong quest instance (98.017458ms)
  ✔ wrong originating continuation (118.964667ms)
  ✔ following NPC in another room (82.539375ms)
  ✔ separated without committed death (61.056958ms)
  ✔ rescue message removed from Vesper (112.048708ms)
  ✔ rescue branch changed to stays (77.191958ms)
  ✔ missing start receipt (86.197333ms)
  ✔ old start receipt missing escort transition (70.65625ms)
  ✔ forged rescued terminal without turn-in (61.020333ms)
  ✔ rescued terminal rewritten to stays (132.059542ms)
  ✔ completed Wren moved away from Elspeth (111.259167ms)
✔ retained rescue identity, physical state and own receipts reject corruption behind a later look (1260.252666ms)
✔ file-backed riddle cold opens before, after wrong and after success with exact replay/conflict (324.320791ms)
✔ stored riddle command, binding and root evidence mismatches become typed save corruption (627.771708ms)
▶ malformed retained riddle source offers typed recovery and explicit Start over
  ✔ null source (91.6965ms)
  ✔ missing source (75.683667ms)
✔ malformed retained riddle source offers typed recovery and explicit Start over (168.025625ms)
✔ answer input refreshes only across unchanged offered riddle context and reads its own eventless receipt (100.081958ms)
✔ failed and lost COMMIT answers retain the exact invocation and answer until reconciliation (351.276959ms)
✔ exit door actions keep their direction and remain separate from walking (1.672333ms)
✔ worn items and reachable nested contents offer actions on their own ids (0.337833ms)
✔ same-room actions retain projected item pages and remove pages hidden by a closed lid (0.273084ms)
✔ chapter changes queue one title which survives scene lines and acknowledgement (0.121333ms)
✔ band phrases and the hp accessibility label use the cartridge catalog (0.15025ms)
✔ scene Continue and position verbs have dedicated groups (0.101333ms)
✔ combat page lists offered controls vertically below history in one scroll (8.91ms)
✔ committed opponent death narrates once through the existing subscription (0.444542ms)
✔ confirmed encounter foregrounds another page and closure or death restores the World (19.40225ms)
✔ Attack opens its committed page; pending and refused Flee stay until committed escape (7.992083ms)
✔ reopening an encounter restores the combat page and last committed narration (3.319458ms)
✔ reopening after escape or either death never restores combat into the World log (4.048458ms)
✔ live first Rest, nested Close/Resume, captured branches, final ack and cold World resume use the actual bed (1223.12575ms)
✔ uncertain paid Rest remount opens the first dream only when the original COMMIT settles (460.531334ms)
✔ Book offers instance-bound Attack and prunes a departed hound detail (372.254125ms)
✔ Book exposes a killed hound pelt through ordinary Contents and Carrying (168.056583ms)
✔ Book patch and Wick controls use confirmed exact targets, readiness and journal state (251.514042ms)
✔ retained item results appear chronologically between description and options, empty log omitted (169.58325ms)
✔ a drag points at the exit in its 90-degree quadrant, only if that exit exists (6.32575ms)
✔ a drag inside the cancel radius points at nothing (0.283667ms)
✔ the label sits opposite the drag, and above for a kept note (1.136958ms)
✔ stair nodes are reached by dragging out to them, only when the exit exists (0.194458ms)
✔ a choice opened during a drag keeps the original context stale and commits no move (85.309125ms)
✔ refused drags do not grow the log without bound (379.432208ms)
✔ web keyboard uses offered exits and keeps focused controls (12.648167ms)
✔ Book captures movement keys only on an active World page (1.299125ms)
✔ Book preserves exact water pairs and invalidates changed quantities in displayed context (413.404083ms)
✔ Book restores liquid narration on the exact saved source detail after SQLite reopen (314.036166ms)
✔ loaded liquid aliases reach exact Book presses and matching target/input/policy refusal (2647.940083ms)
✔ aliased liquid freshness refuses a stale pair after another committed drink (185.379125ms)
✔ after Bram acceptance an unchanged north drag crosses a pulse and commits exactly one move (151.080833ms)
✔ sampler Bram offers at19:00 and receives the fetched lantern the next day without waiting (90.740292ms)
✔ a captured north action never becomes north from a different origin room (16.778541ms)
✔ Maud acceptance, position and item buttons survive elapsed-only redraws (102.688792ms)
✔ an altered captured choice is refused without sending a new decision (39.593958ms)
✔ old Leave and departed Bram actions keep stale refusal after context changes (40.466584ms)
✔ a held answer refuses after its speaker departs during the elapsed pulse (25.043ms)
✔ combat context changes refuse old Look while an unchanged encounter tolerates a pulse (38.336291ms)
✔ pending move retry adopts its original durable receipt once without a second action (26.588167ms)
✔ withdrawn or changed-context Notice controls retain their captured stale token (13.259625ms)
✔ exits, the look title, place actions and a thing page come from the right buttons (1.205792ms)
✔ position cycling skips absent offers and retains the offered freshness (0.132ms)
✔ a touch link is shown as its label (0.159333ms)
✔ a choice's answers and Close are their own group, not place actions (0.114208ms)
✔ the character label says the hp band and no other (0.141125ms)
✔ the absent-speaker line shows only when the speaker is not here (0.128042ms)
✔ a restored choice opens its actual speaker detail or retained conversation (0.150959ms)
✔ a closed exit's log line and a capitalised title (0.117875ms)
✔ a move refused at 0 MV says the body is too exhausted (0.091333ms)
✔ a hint survives a store that throws, for this session (0.187625ms)
✔ the status line shows the double hour as its earthly branch (0.185083ms)
✔ landing detail and two board children read exact targets and pop back without navigation receipts (238.650083ms)
✔ the south search reaches the oak and returns through visible fox clues (137.133458ms)
✔ cold Continue shows the confirmed notice once and restores its return route without Read (252.002416ms)
✔ an uncertain child read keeps an empty detail until its one receipt is confirmed (76.125083ms)
✔ long elapsed redraw retains board route and a real room change prunes it (100.539125ms)
✔ notice entries use available exact-target aliases and expose unavailable reasons (247.430792ms)
✔ Elspeth stays reachable all day and her Book replies direct a newcomer along usable exits (384.976791ms)
✔ Q1 drawing opens full item detail with Take and local Leave (92.334792ms)
✔ plank and hollow open descriptive noun detail pages without story credit (55.540375ms)
✔ Study is a detail-only empty-target control after Read/history and refreshes across elapsed redraw (86.675459ms)
✔ pending Study retains its detail context and restores exactly once without World narration (179.688917ms)
✔ corpse Contents Take returns to its detail with one local pickup and Back to World (749.647041ms)
✔ remounted pending pelt Take settles on its exact corpse detail (345.578ms)
✔ room is focused while Map retains directions and every detail returns to the world (146.210291ms)
✔ a postcommit narration read fault preserves the saved result and clears retry context (106.397875ms)
✔ NPC history has distinct journal events and one confirmed Leave after the scrolling log (222.978584ms)
✔ only World position taps directly cycle the offered states with captured freshness (175.191959ms)
✔ an NPC choice retried from the world keeps its result in the original detail (50.847875ms)
✔ only confirmed pickup returns World, including a retry from another page (50.371084ms)
✔ touch omits incomplete Give but the complete item and recipient command remains valid (66.219292ms)
✔ inventory Drop returns World with one named event only after confirmation (56.052292ms)
✔ other item actions retain their detail and show their consequences there (67.357916ms)
✔ elapsed confirmed boundaries retain Conversation and chapter acknowledgment without page flips (61.101666ms)
✔ delayed Take returns once with its original item name after a conflicting tap (137.4635ms)
✔ delayed actual quest completion adds one authored result and Journal updated in original history (241.729875ms)
✔ actual trunk detail explains refused Take and restores its button after Remove then Drop (213.916583ms)
✔ pending and refused Take/Drop/Leave retain detail routing and unchanged custody (2.300125ms)
✔ journal cues belong only to changed NPC histories (0.336917ms)
✔ recovery removes the current heading but retains an unclassified consequence (0.169959ms)
✔ confirmed room change clears old history before adding new authored consequences (0.240042ms)
✔ World omits the routine Close fallback while retaining authored consequences (0.163875ms)
✔ a restored committed narration is not duplicated by its pending receipt retry (0.165ms)
✔ a move rejected for want of MV says the body is too exhausted (0.106167ms)
✔ the log stops growing in one room, its last line the latest answer (1.87125ms)
✔ the save-error line says a pending start over in words and shows any other message (0.777083ms)
✔ a narration recovery fault holds combat results while their line routing is unavailable (0.818666ms)
✔ combat receipt history is once-only when completion follows an already displayed state (0.388708ms)
✔ actual nested book Item opens locally and Read stays between description and options with local Back (419.598625ms)
✔ Book restores Ward or Bell once through pulse after remount during uncertain Read (849.254541ms)
✔ Book restores Ward or Bell once through title press after remount during uncertain Read (942.617542ms)
✔ production Read targets retain confirmed detail messages without changing state (167.53825ms)
✔ uncertain Read recovers its one receipt and narration, then reads again after cold reopen (33.397125ms)
✔ stale and refused Read retain their target and never narrate an unread body (16.836791ms)
✔ held Read survives the authored 68350 to 68400 pulse with authority freshness intact (66.543708ms)
✔ cold reopen refuses a committed Read whose stored target is malformed (136.004208ms)
✔ invalid Read JSON offers in-place Start over and leaves older pins explicitly refused (114.096041ms)
✔ Book sends the projected Put pair and original freshness through normal touch and receipt routing (341.235625ms)
✔ NPC detail tiles edit a bounded word and submit retry/correct results after history (363.089667ms)
✔ Peg detail binds exact available item, merchant and quote (267.750625ms)
✔ talk by day offers one button per choice and Close; carry narrates (189.382416ms)
✔ a second press from the same screen is a stale view and changes nothing (89.886125ms)
✔ a reopen shows the last committed narration first; a fresh game none (146.04225ms)
✔ walked away: the choices say why, Close leaves the quest open, the landing resolves it (63.387958ms)
✔ the log has story words, never a kernel code, across both endings (150.766542ms)
✔ an NPC who leaves while you stay is logged, and nothing else (61.935458ms)
✔ closed answers and a stale answer give their reason in words, not their code (98.439958ms)
✔ the Lantern gate unlocks and opens through its projected exit buttons (45.847ms)
✔ Character draws projected attributes and acquired qualification with authored labels (1.447ms)
✔ item equipment detail copies current typed slot/profile/requirement and block chance (0.290166ms)
✔ Book interaction teaches swords then dodge in Tobin detail and recovers each committed result once (338.9485ms)
✔ shared item detail draws confirmed fuel for lit and exhausted items (0.139583ms)
✔ the app opens and replaces only its chapter save, preserving existing Lantern and sampler saves (401.43825ms)
✔ the 0.0.9 chapter save is refused intact until explicit Start over (62.18175ms)
✔ actual App pause and resume preserve 9ms plus 11ms as exactly one logical unit (60.593541ms)
✔ actual App stops unknown storage wakeups and resumes after confirmed user recovery (59.428667ms)
✔ old App wakeups cannot mutate the same remounted Game or a replacement save (70.220791ms)
✔ git failing drops an inherited stamp (992.179208ms)
✔ Web reads preserve bound ordered rows beyond the bulk response capacity (5.033375ms)
ℹ tests 522
ℹ suites 0
ℹ pass 521
ℹ fail 0
ℹ cancelled 0
ℹ skipped 1
ℹ todo 0
ℹ duration_ms 36387.848417
