✔ combat page lists offered controls vertically below history in one scroll (4.120334ms)
✔ committed opponent death narrates once through the existing subscription (0.86475ms)
✔ confirmed encounter foregrounds another page and closure or death restores the World (20.8455ms)
✔ Attack opens its committed page; pending and refused Flee stay until committed escape (4.136041ms)
✔ reopening an encounter restores the combat page and last committed narration (0.520542ms)
✔ reopening after escape or either death never restores combat into the World log (1.718792ms)
✔ Book offers instance-bound Attack and prunes a departed hound detail (219.149458ms)
✔ Book exposes a killed hound pelt through ordinary Contents and Carrying (109.489083ms)
✔ paid crossing, free Sedge lesson, six-room exploration and return reopen at committed boundaries (755.4435ms)
✔ forged ferry receipts and saved custody refuse typed corruption without changing the database (799.722125ms)
✔ real failed and uncertain COMMIT outcomes fence paid/free crossing and lesson then replay once (1446.172833ms)
✔ Book projects an exact boarding control and restores one committed endpoint result (117.727708ms)
✔ the original following Wren crosses once without rescue credit; separated Wren stays behind (277.540667ms)
✔ actual Chapel death return reaches the dark-loft corpse without gear and retains every nested identity on cold reopen (742.171917ms)
✔ a transport-only cartridge validates crossing receipts without another producer (89.564375ms)
ℹ tests 15
ℹ suites 0
ℹ pass 15
ℹ fail 0
ℹ cancelled 0
ℹ skipped 0
ℹ todo 0
ℹ duration_ms 5555.895667
