....................
....................
..................X

Failed tests:

✖ a transport-only cartridge validates crossing receipts without another producer (42.717875ms)
  AssertionError [ERR_ASSERTION]: {"ok":false,"diagnostic":{"severity":"error","code":"SCHEMA_VIOLATION","path":".cartridge.items[\"ashmere_missing_child@0.0.30:item/hound_corpse\"].container","message_key":"diagnostics.schema_violation","data":{"error":"invalid_value"},"suggested_capabilities":[]}}
      at fresh (file://<checkout>/kernel/ts/test/transport_fixture.ts:54:10)
      at setup (file://<checkout>/mobile/authority/local-story/transport.test.ts:27:15)
      at TestContext.<anonymous> (file://<checkout>/mobile/authority/local-story/transport.test.ts:476:13)
      at Test.runInAsyncScope (node:async_hooks:227:14)
      at Test.run (node:internal/test_runner/test:1402:25)
      at Test.processPendingSubtests (node:internal/test_runner/test:974:18)
      at Test.postRun (node:internal/test_runner/test:1542:19)
      at Test.run (node:internal/test_runner/test:1467:12)
      at process.processTicksAndRejections (node:internal/process/task_queues:104:5)
      at async Test.processPendingSubtests (node:internal/test_runner/test:974:7) {
    generatedMessage: false,
    code: 'ERR_ASSERTION',
    actual: false,
    expected: true,
    operator: '==',
    diff: 'simple'
  }
