(node:55316) [MODULE_TYPELESS_PACKAGE_JSON] Warning: Module type of file://[local-path] is not specified and it doesn't parse as CommonJS.
Reparsing as ES module because module syntax was detected. This incurs a performance overhead.
To eliminate this warning, add "type": "module" to [local-path]
(Use `node --trace-warnings ...` to show where the warning was created)
✔ E1 witnesses only the selected active journal at each SQLite commit (9009.403833ms)
(node:55317) [MODULE_TYPELESS_PACKAGE_JSON] Warning: Module type of file://[local-path] is not specified and it doesn't parse as CommonJS.
Reparsing as ES module because module syntax was detected. This incurs a performance overhead.
To eliminate this warning, add "type": "module" to [local-path]
(Use `node --trace-warnings ...` to show where the warning was created)
✔ E1 binds Maud objective only on its committed resolved transition (7223.930917ms)
✔ E1 binds selected dialogue fact adjustment and assignment from committed receipt (4693.171625ms)
✔ E1 binds only visible entity definitions after committed room entry (603.826291ms)
✔ E1 binds only the used ferry route on committed arrival (606.894042ms)
ℹ tests 5
ℹ suites 0
ℹ pass 5
ℹ fail 0
ℹ cancelled 0
ℹ skipped 0
ℹ todo 0
ℹ duration_ms 14004.192292
exit=0
