(node:54802) [MODULE_TYPELESS_PACKAGE_JSON] Warning: Module type of file://[local-path] is not specified and it doesn't parse as CommonJS.
Reparsing as ES module because module syntax was detected. This incurs a performance overhead.
To eliminate this warning, add "type": "module" to [local-path]
(Use `node --trace-warnings ...` to show where the warning was created)
✖ E1 witnesses only the selected active journal at each SQLite commit (1297.28075ms)
ℹ tests 1
ℹ suites 0
ℹ pass 0
ℹ fail 1
ℹ cancelled 0
ℹ skipped 0
ℹ todo 0
ℹ duration_ms 1823.900875

✖ failing tests:

test at kernel/ts/test/e1_journal.test.ts:16:1
✖ E1 witnesses only the selected active journal at each SQLite commit (1297.28075ms)
  AssertionError [ERR_ASSERTION]: Expected values to be strictly deep-equal:
  + actual - expected
  
  + []
  - [
  -   '/quests/ashmere_missing_child@0.0.42:quest/missing_child/journal/active_variants/3/when/root',
  -   '/quests/ashmere_missing_child@0.0.42:quest/missing_child/journal/active_variants/3/when/root/items/0'
  - ]
  
      at file://[local-path]
      at observe (file://[local-path]
      at send (file://[local-path]
      at invoke (file://[local-path]
      at Object.choose (file://[local-path]
      at childReturn (file://[local-path]
      at TestContext.<anonymous> (file://[local-path]
      at Test.runInAsyncScope (node:async_hooks:227:14)
      at Test.run (node:internal/test_runner/test:1402:25)
      at Test.start (node:internal/test_runner/test:1262:17) {
    generatedMessage: true,
    code: 'ERR_ASSERTION',
    actual: [],
    expected: [ '/quests/ashmere_missing_child@0.0.42:quest/missing_child/journal/active_variants/3/when/root', '/quests/ashmere_missing_child@0.0.42:quest/missing_child/journal/active_variants/3/when/root/items/0' ],
    operator: 'deepStrictEqual',
    diff: 'simple'
  }
exit=1
