(node:77891) [MODULE_TYPELESS_PACKAGE_JSON] Warning: Module type of file://[redacted-path] is not specified and it doesn't parse as CommonJS.
Reparsing as ES module because module syntax was detected. This incurs a performance overhead.
To eliminate this warning, add "type": "module" to [redacted-path]
(Use `node --trace-warnings ...` to show where the warning was created)
✔ landing detail and two board children read exact targets and pop back without navigation receipts (234.786458ms)
✔ the south search reaches the oak and returns through visible fox clues (85.075083ms)
✔ cold Continue shows the confirmed notice once and restores its return route without Read (133.493375ms)
✔ an uncertain child read keeps an empty detail until its one receipt is confirmed (53.231417ms)
✔ long elapsed redraw retains board route and a real room change prunes it (115.735834ms)
✔ notice entries use available exact-target aliases and expose unavailable reasons (59.484667ms)
✔ Elspeth stays reachable all day and her Book replies direct a newcomer along usable exits (181.705084ms)
✔ Q1 drawing opens full item detail with Take and local Leave (38.498125ms)
✔ plank and hollow open descriptive noun detail pages without story credit (49.838125ms)
✔ Study is a detail-only empty-target control after Read/history and refreshes across elapsed redraw (85.979541ms)
✔ pending Study retains its detail context and restores exactly once without World narration (116.627375ms)
(node:77892) [MODULE_TYPELESS_PACKAGE_JSON] Warning: Module type of file://[redacted-path] is not specified and it doesn't parse as CommonJS.
Reparsing as ES module because module syntax was detected. This incurs a performance overhead.
To eliminate this warning, add "type": "module" to [redacted-path]
(Use `node --trace-warnings ...` to show where the warning was created)
✔ production Read targets retain confirmed detail messages without changing state (160.354459ms)
✔ uncertain Read recovers its one receipt and narration, then reads again after cold reopen (57.878792ms)
✔ stale and refused Read retain their target and never narrate an unread body (33.2355ms)
✔ held Read survives the authored 68350 to 68400 pulse with authority freshness intact (21.449ms)
✔ cold reopen refuses a committed Read whose stored target is malformed (122.016042ms)
✔ invalid Read JSON offers in-place Start over and leaves older pins explicitly refused (107.947875ms)
✔ corpse identity, worn roots and shrine return reopen atomically and receipt replay allocates nothing (83.210459ms)
✔ an older release list refuses the corpse release without rewriting it (36.91825ms)
✔ real FULL, failed COMMIT and committed-unknown COMMIT preserve all prior or all next corpse rows (82.647084ms)
✔ save load refuses missing identity, unknown template and illegal corpse custody without repair (73.07825ms)
✔ actual torch oil and nested intervals survive cold reopen and sell/buyback with conserved pennies (371.934667ms)
✔ real failed and unknown refill commits reconcile the entire writer group and exact retry (275.160584ms)
✔ corrupt fuel and forged refills refuse without repairing SQLite (667.422584ms)
✔ dark lethal combat cold reopens and permits the gear-free owner corpse walk and exact recovery (440.782709ms)
✔ a light-only cartridge reopens lawful refill history and rejects a bounded forged charge (12.767375ms)
✔ undeclared fuel rows refuse in a cartridge without light metadata and leave SQLite untouched (6.50775ms)
(node:77896) [MODULE_TYPELESS_PACKAGE_JSON] Warning: Module type of file://[redacted-path] is not specified and it doesn't parse as CommonJS.
Reparsing as ES module because module syntax was detected. This incurs a performance overhead.
To eliminate this warning, add "type": "module" to [redacted-path]
(Use `node --trace-warnings ...` to show where the warning was created)
✔ Book preserves an aliased Read place offer and exact target through a live redraw (193.908792ms)
(node:77897) [MODULE_TYPELESS_PACKAGE_JSON] Warning: Module type of file://[redacted-path] is not specified and it doesn't parse as CommonJS.
Reparsing as ES module because module syntax was detected. This incurs a performance overhead.
To eliminate this warning, add "type": "module" to [redacted-path]
(Use `node --trace-warnings ...` to show where the warning was created)
✔ original message branch and terminal reopen with their own NPC narration and exact replay (358.852667ms)
✔ Drop and held-container Put reopen and recover the same item; stale handoff never prints success (289.826417ms)
✔ fatal combat and cold reopen preserve the message through ordinary corpse recovery (251.2765ms)
✔ elapsed redraw keeps an unchanged message choice usable (200.51775ms)
▶ retained delivery evidence corruption is typed even behind an unrelated latest receipt
  ✔ missing branch row (176.14525ms)
  ✔ wrong message role (81.632458ms)
  ✔ null retained source (103.5685ms)
  ✔ branch fact reset (191.763416ms)
  ✔ branch fact deleted (83.390209ms)
  ✔ message in unrelated NPC (125.322834ms)
  ✔ message nested in NPC-held container (70.049709ms)
  ✔ malformed receipt command JSON (68.482708ms)
  ✔ receipt transfer removed (57.464ms)
  ✔ receive narration names another speaker (80.683375ms)
  ✔ terminal fact event missing (71.944666ms)
  ✔ terminal status reset (81.012042ms)
  ✔ terminal message returned to actor (56.364959ms)
  ✔ terminal quest reopened (68.547041ms)
✔ retained delivery evidence corruption is typed even behind an unrelated latest receipt (1318.592291ms)
✔ failed and lost branch/terminal COMMIT keep narration and custody behind confirmed disk (230.599792ms)
✔ v012 refuses the frozen v010 SQLite save and offers explicit Start over without changing it (37.109458ms)
✔ terminal quest without a message branch refuses reopen and requires explicit Start over (99.748583ms)
(node:77898) [MODULE_TYPELESS_PACKAGE_JSON] Warning: Module type of file://[redacted-path] is not specified and it doesn't parse as CommonJS.
Reparsing as ES module because module syntax was detected. This incurs a performance overhead.
To eliminate this warning, add "type": "module" to [redacted-path]
(Use `node --trace-warnings ...` to show where the warning was created)
▶ malformed Q1 after rescue selection or completion offers typed recovery without replacing progress
  ✔ following row: null (257.185125ms)
  ✔ following row: false (160.791083ms)
  ✔ following row: 0 (179.901333ms)
  ✔ following row: [] (150.285708ms)
  ✔ following row: {} (201.77ms)
  ✔ following row: {"quest":{},"scope":{}} (225.595ms)
  ✔ following row: {"quest":true,"scope":true} (193.613167ms)
  ✔ following quest: {} (157.148459ms)
  ✔ following scope: {} (170.463375ms)
  ✔ completed row: null (195.571417ms)
  ✔ completed row: false (155.070042ms)
  ✔ completed row: 0 (148.1915ms)
  ✔ completed row: [] (152.002083ms)
  ✔ completed row: {} (133.68875ms)
  ✔ completed row: {"quest":{},"scope":{}} (129.409625ms)
  ✔ completed row: {"quest":true,"scope":true} (137.367167ms)
  ✔ completed quest: {} (134.67525ms)
  ✔ completed scope: {} (135.674ms)
✔ malformed Q1 after rescue selection or completion offers typed recovery without replacing progress (3030.079125ms)
✔ real SQLite rescue reopens start, death separation, Rejoin and terminal with their own narration (327.58725ms)
▶ retained rescue identity, physical state and own receipts reject corruption behind a later look
  ✔ missing escort row (51.476666ms)
  ✔ substituted bound NPC (43.791084ms)
  ✔ wrong quest instance (44.667042ms)
  ✔ wrong originating continuation (45.179459ms)
  ✔ following NPC in another room (46.215ms)
  ✔ separated without committed death (48.739292ms)
  ✔ rescue message removed from Vesper (46.866708ms)
  ✔ rescue branch changed to stays (45.783709ms)
  ✔ missing start receipt (48.608875ms)
  ✔ old start receipt missing escort transition (48.515584ms)
  ✔ forged rescued terminal without turn-in (44.959208ms)
  ✔ rescued terminal rewritten to stays (48.65975ms)
  ✔ completed Wren moved away from Elspeth (48.677334ms)
✔ retained rescue identity, physical state and own receipts reject corruption behind a later look (613.54875ms)
ℹ tests 84
ℹ suites 0
ℹ pass 84
ℹ fail 0
ℹ cancelled 0
ℹ skipped 0
ℹ todo 0
ℹ duration_ms 4712.32975
