(node:71395) [MODULE_TYPELESS_PACKAGE_JSON] Warning: Module type of file://[redacted-path] is not specified and it doesn't parse as CommonJS.
Reparsing as ES module because module syntax was detected. This incurs a performance overhead.
To eliminate this warning, add "type": "module" to [redacted-path]
(Use `node --trace-warnings ...` to show where the warning was created)
✖ actual fatal separation in the den reopens and permits gear-free original-Wren Rejoin and rescue (1205.406458ms)
ℹ tests 1
ℹ suites 0
ℹ pass 0
ℹ fail 1
ℹ cancelled 0
ℹ skipped 0
ℹ todo 0
ℹ duration_ms 2526.534666

✖ failing tests:

test at kernel/ts/test/deep_fen.test.ts:232:1
✖ actual fatal separation in the den reopens and permits gear-free original-Wren Rejoin and rescue (1205.406458ms)
  Error: save_corrupt
      at openGame (file://[redacted-path]
      at Object.reopen (file://[redacted-path]
      at TestContext.<anonymous> (file://[redacted-path]
      at Test.runInAsyncScope (node:async_hooks:227:14)
      at Test.run (node:internal/test_runner/test:1402:25)
      at Test.start (node:internal/test_runner/test:1262:17)
      at startSubtestAfterBootstrap (node:internal/test_runner/harness:387:17)
      at process.processTicksAndRejections (node:internal/process/task_queues:104:5) {
    cause: "{ kind: 'save_corrupt', newGame: [Function: newGame] }"
  }
