
> loka-app@0.0.0 pretest:e2e
> node patch-sqlite-web.cjs && node --test sqlite-web-worker.test.ts

✔ patched worker uses elapsed time with Atomics.pause enabled (5487.231958ms)
✔ patched worker uses elapsed time with Atomics.pause absent (5481.331292ms)
ℹ tests 2
ℹ suites 0
ℹ pass 2
ℹ fail 0
ℹ cancelled 0
ℹ skipped 0
ℹ todo 0
ℹ duration_ms 11436.274833

> loka-app@0.0.0 test:e2e
> E2E_TELEMETRY_DISABLED=1 e2e run


 RUN  e2e v0.17.0 <redacted-path>
      run 01a11513-c182-740d-9626-85d3391adb42 · targets: web

 ✓ target "web" command ready 1.18s
 ✓ |web| tests/c4_pack.e2e.ts (1 test) 11.97s
 ✓ |web| tests/crows.e2e.ts (1 test) 20.71s
 ✓ |web| tests/deer.e2e.ts (2 tests) 13.57s
 ✓ |web| tests/character_choice.e2e.ts (1 test) 42.57s
 ✓ |web| tests/book.e2e.ts (3 tests) 48.58s
 ✓ |web| tests/practical_skills.e2e.ts (2 tests) 27.92s
 ✓ |web| tests/water_depths.e2e.ts (2 tests) 33.22s
 ✓ |web| tests/western_ashmere.e2e.ts (2 tests) 22.65s

 Test Files  8 passed (8)
      Tests  14 passed (14)
   Start at  20:36:19
   Duration  67.55s (1m 8s, startup 1.18s)
     Report  .e2e/report.json

