(node:24997) [MODULE_TYPELESS_PACKAGE_JSON] Warning: Module type of file://[worktree]/mobile/app/book/food.test.ts is not specified and it doesn't parse as CommonJS.
Reparsing as ES module because module syntax was detected. This incurs a performance overhead.
To eliminate this warning, add "type": "module" to [worktree]/mobile/app/package.json.
(Use `node --trace-warnings ...` to show where the warning was created)
✔ actual Book Item Eat returns World once on normal and uncertain settlement and cold remount (1240.11375ms)
(node:24998) [MODULE_TYPELESS_PACKAGE_JSON] Warning: Module type of file://[worktree]/mobile/app/book/hounds.test.ts is not specified and it doesn't parse as CommonJS.
Reparsing as ES module because module syntax was detected. This incurs a performance overhead.
To eliminate this warning, add "type": "module" to [worktree]/mobile/app/package.json.
(Use `node --trace-warnings ...` to show where the warning was created)
✔ Book offers instance-bound Attack and prunes a departed hound detail (217.701792ms)
✔ Book exposes a killed hound pelt through ordinary Contents and Carrying (175.773667ms)
(node:24999) [MODULE_TYPELESS_PACKAGE_JSON] Warning: Module type of file://[worktree]/mobile/app/book/item_detail.test.ts is not specified and it doesn't parse as CommonJS.
Reparsing as ES module because module syntax was detected. This incurs a performance overhead.
To eliminate this warning, add "type": "module" to [worktree]/mobile/app/package.json.
(Use `node --trace-warnings ...` to show where the warning was created)
✔ retained item results appear chronologically between description and options, empty log omitted (121.996417ms)
ℹ tests 4
ℹ suites 0
ℹ pass 4
ℹ fail 0
ℹ cancelled 0
ℹ skipped 0
ℹ todo 0
ℹ duration_ms 1910.512458

EXIT 0
