✔ three conserved apples share Take/Drop/Forage stock and exact Eat benefit (126.504584ms)
✔ Eat alias binds advertised item and refuses full, foreign, nested, spent and nonfood targets (188.652166ms)
✔ independent fresh IDs include consumed custody before published population births (65.369334ms)
✖ created edible loot uses the same admitted terminal transfer as static food (78.439541ms)
ℹ tests 4
ℹ suites 0
ℹ pass 3
ℹ fail 1
ℹ cancelled 0
ℹ skipped 0
ℹ todo 0
ℹ duration_ms 715.506625

✖ failing tests:

test at kernel/ts/test/food.test.ts:245:1
✖ created edible loot uses the same admitted terminal transfer as static food (78.439541ms)
  AssertionError [ERR_ASSERTION]: Expected values to be strictly equal:
  + actual - expected
  
  + 'fault'
  - 'accepted'
  
      at TestContext.<anonymous> (file://[worktree]/kernel/ts/test/food.test.ts:270:10)
      at Test.runInAsyncScope (node:async_hooks:227:14)
      at Test.run (node:internal/test_runner/test:1402:25)
      at Test.processPendingSubtests (node:internal/test_runner/test:974:18)
      at Test.postRun (node:internal/test_runner/test:1542:19)
      at Test.run (node:internal/test_runner/test:1467:12)
      at async Test.processPendingSubtests (node:internal/test_runner/test:974:7) {
    generatedMessage: true,
    code: 'ERR_ASSERTION',
    actual: 'fault',
    expected: 'accepted',
    operator: 'strictEqual',
    diff: 'simple'
  }

EXIT 1
