✔ portable creation/custody literals and independent success proof (77.387209ms)
✔ new contract trust boundaries (2.741583ms)
✔ independent invariants reject counterfeit success with matching identity rows (0.292ms)
✔ three conserved apples share Take/Drop/Forage stock and exact Eat benefit (389.417375ms)
✔ Eat alias binds advertised item and refuses full, foreign, nested, spent and nonfood targets (324.003125ms)
✔ independent fresh IDs include consumed custody before published population births (144.463875ms)
✔ created edible loot uses the same admitted terminal transfer as static food (94.669083ms)
✔ loader refuses a one-way hound area with a valid hash (108.449542ms)
✔ loader refuses a slower wander than replacement with a valid hash (71.200625ms)
✔ the integrated chapter has the independent genesis identities and one held pelt per hound (10.955125ms)
✔ hourly wander and night boundary keep four then six bounded living hounds (18.698625ms)
✔ thirty days of segmented elapsed time retain six members and one plan successor (759.127ms)
✔ combat-first and population-first boundaries conserve the same fatal hound slot and pelt (20.965208ms)
✔ deliberate attack leaves the same pelt in a hound corpse and delays replacement (35.421834ms)
✔ a due extra-slot death waits for night before its next generation (27.673167ms)
✔ a lethal hound reply returns the same body and keeps the surviving hound (6.984791ms)
✔ real SQLite carries the same apple through storage/drop/Forage/give/Eat and later consumers (1390.756958ms)
✔ food-only cold-open refuses plausible bounded forgeries without writing bytes (395.234709ms)
✔ real failed and committed/absent uncertain COMMIT preserve atomic Eat and exact retry (209.733166ms)
✔ spent apple and another apple in a real fight corpse both reopen before a later Eat (425.745875ms)
✔ population alone activates byte-preserving accepted-history refusal (93.8025ms)
✔ one hound wander persists across real SQLite unknown-COMMIT recovery and cold reopen (332.177792ms)
✔ a real hound kill and pelt Take cold-reopen with conserved custody and evidence (321.094083ms)
ℹ tests 23
ℹ suites 0
ℹ pass 23
ℹ fail 0
ℹ cancelled 0
ℹ skipped 0
ℹ todo 0
ℹ duration_ms 3045.634959

EXIT 0
