✔ loader rejects impossible held-food declarations while retaining capped food (597.1455ms)
✔ three conserved apples share Take/Drop/Forage stock and exact Eat benefit (145.757875ms)
✔ Eat alias binds advertised item and refuses full, foreign, nested, spent and nonfood targets (161.297083ms)
✔ independent fresh IDs include consumed custody before published population births (73.620917ms)
✔ terminal custody composition and independent success observation use literal cases (3.035625ms)
✔ food contracts reject independent malformed boundaries and retain valid controls (15.1845ms)
(node:13236) [MODULE_TYPELESS_PACKAGE_JSON] Warning: Module type of file://[worktree]/mobile/app/book/food.test.ts is not specified and it doesn't parse as CommonJS.
Reparsing as ES module because module syntax was detected. This incurs a performance overhead.
To eliminate this warning, add "type": "module" to [worktree]/mobile/app/package.json.
(Use `node --trace-warnings ...` to show where the warning was created)
✖ actual Book Item Eat returns World once on normal and uncertain settlement and cold remount (556.135708ms)
✔ real SQLite carries the same apple through storage/drop/Forage/give/Eat and later consumers (1114.108583ms)
✔ food-only cold-open refuses plausible bounded forgeries without writing bytes (758.758291ms)
✔ real failed and committed/absent uncertain COMMIT preserve atomic Eat and exact retry (322.281916ms)
✔ spent apple and another apple in a real fight corpse both reopen before a later Eat (611.842416ms)
(node:13238) [MODULE_TYPELESS_PACKAGE_JSON] Warning: Module type of file://[worktree]/mobile/app/book/presenter.ts is not specified and it doesn't parse as CommonJS.
Reparsing as ES module because module syntax was detected. This incurs a performance overhead.
To eliminate this warning, add "type": "module" to [worktree]/mobile/app/package.json.
(Use `node --trace-warnings ...` to show where the warning was created)
✔ paid crossing, free Sedge lesson, six-room exploration and return reopen at committed boundaries (1167.162541ms)
✔ forged ferry receipts and saved custody refuse typed corruption without changing the database (1221.938375ms)
✔ real failed and uncertain COMMIT outcomes fence paid/free crossing and lesson then replay once (2584.439209ms)
✔ Book projects an exact boarding control and restores one committed endpoint result (222.511666ms)
✔ the original following Wren crosses once without rescue credit; separated Wren stays behind (393.035667ms)
✔ actual Chapel death return reaches the dark-loft corpse without gear and retains every nested identity on cold reopen (1032.247541ms)
✔ a transport-only cartridge validates crossing receipts without another producer (115.706125ms)
ℹ tests 18
ℹ suites 0
ℹ pass 17
ℹ fail 1
ℹ cancelled 0
ℹ skipped 0
ℹ todo 0
ℹ duration_ms 13243.30575

✖ failing tests:

test at mobile/app/book/food.test.ts:55:1
✖ actual Book Item Eat returns World once on normal and uncertain settlement and cold remount (556.135708ms)
  AssertionError [ERR_ASSERTION]: {"kind":"saved","replay":false,"revision":5,"decision":{"kind":"rejected","error":{"code":"unsupported_capability"}}}
  + actual - expected
  
  + 'rejected'
  - 'accepted'
  
      at invoke (file://[worktree]/mobile/app/book/food.test.ts:72:16)
      at TestContext.<anonymous> (file://[worktree]/mobile/app/book/food.test.ts:78:7)
      at Test.runInAsyncScope (node:async_hooks:227:14)
      at Test.run (node:internal/test_runner/test:1402:25)
      at Test.start (node:internal/test_runner/test:1262:17)
      at startSubtestAfterBootstrap (node:internal/test_runner/harness:387:17)
      at process.processTicksAndRejections (node:internal/process/task_queues:104:5) {
    generatedMessage: false,
    code: 'ERR_ASSERTION',
    actual: 'rejected',
    expected: 'accepted',
    operator: 'strictEqual',
    diff: 'simple'
  }

EXIT 1
