Resolving Hex dependencies...
Resolution completed in 0.013s
Unchanged:
  boundary 0.11.0
  bunt 1.0.0
  credo 1.7.19
  file_system 1.1.1
  jason 1.4.5
All dependencies have been fetched
Compiling 1 file (.ex)
No cycles found
Running ExUnit with seed: 957179, max_cases: 16

.............................................................................................................................................................................................................................................................................................................................................................................
Finished in 17.5 seconds (17.4s async, 0.05s sync)

Result: 365 passed
Checking 145 source files (this might take a while) ...

  Refactoring opportunities                                                     
┃ 
┃ [F] → Function is too complex (cyclomatic complexity is 10, max is 9).
┃       lib/loka/core/invariants.ex:101:8 #(Loka.Core.Invariants.preconditions_hold?)

Please report incorrect results: https://github.com/rrrene/credo/issues

Analysis took 0.1 seconds (0.08s to load, 0.04s running 4 checks on 145 files)
1486 mods/funs, found 1 refactoring opportunity.

Use `mix credo explain` to explain issues, `mix credo --help` for options.

EXIT 8
