✖ terminal custody composition and independent success observation use literal cases (2.806166ms)
ℹ tests 1
ℹ suites 0
ℹ pass 0
ℹ fail 1
ℹ cancelled 0
ℹ skipped 0
ℹ todo 0
ℹ duration_ms 110.238708

✖ failing tests:

test at kernel/ts/test/food_composition.test.ts:8:1
✖ terminal custody composition and independent success observation use literal cases (2.806166ms)
  AssertionError [ERR_ASSERTION]: cannot-remove-spent-food
  + actual - expected
  
    {
  +   changes: [
  +     {
  +       target: {
  +         entity_id: 'a0000000-0000-4000-8000-000000000001',
  +         kind: 'containment'
  +       },
  +       value: 'a0000000-0000-4000-8000-000000000002'
  -   fault: {
  -     code: 'precondition_failed',
  -     kind: 'fault',
  -     target: {
  -       entity_id: 'a0000000-0000-4000-8000-000000000001',
  -       kind: 'containment'
        }
  +   ]
  -   }
    }
  
      at TestContext.<anonymous> (file://[worktree]/kernel/ts/test/food_composition.test.ts:11:12)
      at Test.runInAsyncScope (node:async_hooks:227:14)
      at Test.run (node:internal/test_runner/test:1402:25)
      at Test.start (node:internal/test_runner/test:1262:17)
      at startSubtestAfterBootstrap (node:internal/test_runner/harness:387:17) {
    generatedMessage: false,
    code: 'ERR_ASSERTION',
    actual: { changes: [ [Object] ] },
    expected: { fault: { kind: 'fault', code: 'precondition_failed', target: [Object] } },
    operator: 'deepStrictEqual',
    diff: 'simple'
  }

EXIT 1
