✖ three conserved apples share Take/Drop/Forage stock and exact Eat benefit (102.536291ms)
✔ Eat alias binds advertised item and refuses full, foreign, nested, spent and nonfood targets (140.11675ms)
✔ independent fresh IDs include consumed custody before published population births (53.068375ms)
ℹ tests 3
ℹ suites 0
ℹ pass 2
ℹ fail 1
ℹ cancelled 0
ℹ skipped 0
ℹ todo 0
ℹ duration_ms 497.652625

✖ failing tests:

test at kernel/ts/test/food.test.ts:15:1
✖ three conserved apples share Take/Drop/Forage stock and exact Eat benefit (102.536291ms)
  AssertionError [ERR_ASSERTION]: Expected values to be strictly equal:
  + actual - expected
  
  + 'fault'
  - 'accepted'
  
      at TestContext.<anonymous> (file://[worktree]/kernel/ts/test/food.test.ts:47:10)
      at Test.runInAsyncScope (node:async_hooks:227:14)
      at Test.run (node:internal/test_runner/test:1402:25)
      at Test.start (node:internal/test_runner/test:1262:17)
      at startSubtestAfterBootstrap (node:internal/test_runner/harness:387:17) {
    generatedMessage: true,
    code: 'ERR_ASSERTION',
    actual: 'fault',
    expected: 'accepted',
    operator: 'strictEqual',
    diff: 'simple'
  }

EXIT 1
