✔ three conserved apples share Take/Drop/Forage stock and exact Eat benefit (88.603042ms)
✖ Eat alias binds advertised item and refuses full, foreign, nested, spent and nonfood targets (58.807ms)
✔ independent fresh IDs include consumed custody before published population births (47.553583ms)
ℹ tests 3
ℹ suites 0
ℹ pass 2
ℹ fail 1
ℹ cancelled 0
ℹ skipped 0
ℹ todo 0
ℹ duration_ms 345.968584

✖ failing tests:

test at kernel/ts/test/food.test.ts:67:1
✖ Eat alias binds advertised item and refuses full, foreign, nested, spent and nonfood targets (58.807ms)
  AssertionError [ERR_ASSERTION]: Expected values to be strictly equal:
  
  true !== false
  
      at TestContext.<anonymous> (file://[worktree]/kernel/ts/test/food.test.ts:164:10)
      at Test.runInAsyncScope (node:async_hooks:227:14)
      at Test.run (node:internal/test_runner/test:1402:25)
      at Test.processPendingSubtests (node:internal/test_runner/test:974:18)
      at Test.postRun (node:internal/test_runner/test:1542:19)
      at Test.run (node:internal/test_runner/test:1467:12)
      at async startSubtestAfterBootstrap (node:internal/test_runner/harness:387:3) {
    generatedMessage: true,
    code: 'ERR_ASSERTION',
    actual: true,
    expected: false,
    operator: 'strictEqual',
    diff: 'simple'
  }

EXIT 1
