✖ loader rejects impossible held-food declarations while retaining capped food (117.139708ms)
ℹ tests 1
ℹ suites 0
ℹ pass 0
ℹ fail 1
ℹ cancelled 0
ℹ skipped 0
ℹ todo 0
ℹ duration_ms 271.509416

✖ failing tests:

test at kernel/ts/test/cartridge_food.test.ts:6:1
✖ loader rejects impossible held-food declarations while retaining capped food (117.139708ms)
  AssertionError [ERR_ASSERTION]: unknown
  
  true !== false
  
      at TestContext.<anonymous> (file://[worktree]/kernel/ts/test/cartridge_food.test.ts:34:12)
      at Test.runInAsyncScope (node:async_hooks:227:14)
      at Test.run (node:internal/test_runner/test:1402:25)
      at Test.start (node:internal/test_runner/test:1262:17)
      at startSubtestAfterBootstrap (node:internal/test_runner/harness:387:17) {
    generatedMessage: false,
    code: 'ERR_ASSERTION',
    actual: true,
    expected: false,
    operator: 'strictEqual',
    diff: 'simple'
  }

EXIT 1
