✔ composition known answers (10.693917ms)
✔ invariant checks known answers, a holding and a violated case per invariant checked in both kernels (3.351917ms)
✔ invalid successful deltas fail their independent precondition check (0.296708ms)
✔ containment checks deep chains, untouched cycles and untouched capacity (9.825167ms)
✔ limits are named in the composition profile order (0.4905ms)
✔ composition-profile budgets: at the limit composes with the expected changes, one over faults (12.763584ms)
✔ a malformed barrier state faults precondition_failed (0.220208ms)
✔ opted recovery literal rows and independent metadata replay (2.9455ms)
✔ independent recovery replay rejects an unauthored stored rate (0.282792ms)
✔ recovery schema trust-boundary literals (0.705459ms)
✔ entity-resource overrides match literals and independent preconditions reject false success (1.3205ms)
✔ NPC HP schema trust-boundary literals (0.44825ms)
ℹ tests 12
ℹ suites 0
ℹ pass 12
ℹ fail 0
ℹ cancelled 0
ℹ skipped 0
ℹ todo 0
ℹ duration_ms 163.909417

EXIT 0
