lib/loka/content/checks.ex:1: info: size: allow 392, transport, population and dream refs join the shared checked expansion boundary
lib/loka/content/dialogues.ex:1: info: size: allow 370, scene-triggered chapter point refs join dialogue trigger checks
lib/loka/content/scenes.ex:1: info: size: allow 320, action-started scenes validate source and end exports beside modal rules
lib/loka/core/compose.ex:1: info: size: allow 340, typed patrol, terminal quests and final birth admission share portable composition
lib/loka/core/creation.ex:78: info: size: allow 55, one final birth-group guard; ponytail: split only for another bundle. # credo:disable-for-next-line /ABCSize|CyclomaticComplexity/
lib/loka/core/invariants.ex:1: info: size: allow 330, independent patrol and retirement pairing joins precondition replay
lib/loka/core/invariants_creation.ex:62: info: size: allow 55, independent birth oracle; ponytail: split only for another bundle. # credo:disable-for-next-line /ABCSize|CyclomaticComplexity/
test/loka/core/compose_test.exs:1: info: size: allow 520, patrol and liquid cases share the existing randomized differential pool
kernel/ts/play/main.ts:2: info: size: allow 315, one terminal session: its loop, each command's dispatch and the replay
kernel/ts/src/content/cartridge_dialogues.ts:192: info: size: allow 52, one authored option validates its mutually constrained effects together
kernel/ts/src/content/cartridge_refs.ts:163: info: size: allow 60, reference checks retain the existing ordered stage plus carrying opt-in checks
kernel/ts/src/foundation/compose.ts:112: info: size: allow 44, exhaustive dispatch over closed liquid, choice and patrol operations
kernel/ts/src/foundation/compose_patrol.ts:6: info: size: allow 60, full-prior row and closed attempt lifecycle share one portable precondition
kernel/ts/src/foundation/creation.ts:80: info: size: allow 60, one final guard checks pair, HP and slot membership together
kernel/ts/src/foundation/validate.ts:86: info: size: allow 55, closed-keyword dispatch includes scene trigger alternatives
kernel/ts/src/mechanics/containment/rule.ts:29: info: size: allow 52, finite Harvest joins the existing conserved-transfer decision
kernel/ts/src/mechanics/containment/shared.ts:164: info: size: allow 50, one bounded pair query keeps source, reach, lid, ancestry and capacity admission together
kernel/ts/src/mechanics/dialogue/exchange.ts:31: info: size: allow 50, shared funded readiness rechecks exact bound stock and final load
kernel/ts/src/mechanics/dialogue/rule.ts:158: info: size: allow 60, one choice lowers its bound quest, custody, payment and events atomically
kernel/ts/src/mechanics/dialogue/shared.ts:85: info: size: allow 55, dialogue availability and bound custody share one admission check
kernel/ts/src/mechanics/dialogue/shared.ts:202: info: size: allow 55, exact drawn choice input shares keyed admission and mechanic eligibility
kernel/ts/src/mechanics/quest/lifecycle.ts:43: info: size: allow 45, exact retirement joins bound activation and optional deadline scheduling
kernel/ts/src/mechanics/reaction.ts:62: info: size: allow 58, one ordered delivery lowers fact assignments and quest effects
kernel/ts/src/mechanics/schedule/rule.ts:28: info: size: allow 45, schedule dispatch retains its due job and elapsed clock paths
kernel/ts/src/mechanics/schedule/rule.ts:73: info: size: allow 50, one expiry checks its bound occurrence and commits status, trust and job together
kernel/ts/src/mechanics/transport/shared.ts:42: info: size: allow 50, exact transport admission joins conserved fare with body and bound follower custody
kernel/ts/src/runtime/fresh.ts:35: function baseWorld, 41 lines, limit 40
kernel/ts/src/runtime/fresh.ts:35: function baseWorld, 41 lines, limit 40
kernel/ts/src/runtime/fresh.ts:35: function baseWorld, 41 lines, limit 40
kernel/ts/src/runtime/invariants.ts:197: info: size: allow 46, independent retirement pairing joins existing ordered precondition replay
kernel/ts/src/runtime/invariants.ts:197: info: size: allow 46, independent retirement pairing joins existing ordered precondition replay
kernel/ts/src/runtime/invariants.ts:197: info: size: allow 46, independent retirement pairing joins existing ordered precondition replay
kernel/ts/src/runtime/invariants_creation.ts:7: info: size: allow 45, one independent pass covers paired placement, origin and result rows
kernel/ts/src/runtime/invariants_creation.ts:53: info: size: allow 60, independent pair, HP and slot proof mirrors the contract
kernel/ts/src/runtime/invariants_patrol.ts:28: info: size: allow 50, independent lifecycle proof covers every retained attempt transition
kernel/ts/src/runtime/proposal.ts:1: info: size: allow 315, typed quest reactions join the existing FIFO admission/causation path
kernel/ts/src/runtime/proposal.ts:215: info: size: allow 45, one existing FIFO loop admits typed quest reaction deliveries
kernel/ts/src/view/action_lists.ts:36: info: size: allow 60, one composed ActionSet/query context projects item and exact-subject Notice offers
kernel/ts/src/view/action_lists.ts:138: info: size: allow 50, exact detail harvest joins shared action admission and projection
kernel/ts/src/view/action_lists.ts:36: info: size: allow 60, one composed ActionSet/query context projects item and exact-subject Notice offers
kernel/ts/src/view/action_lists.ts:138: info: size: allow 50, exact detail harvest joins shared action admission and projection
kernel/ts/src/view/action_lists.ts:36: info: size: allow 60, one composed ActionSet/query context projects item and exact-subject Notice offers
kernel/ts/src/view/action_lists.ts:138: info: size: allow 50, exact detail harvest joins shared action admission and projection
kernel/ts/test/containment.test.ts:1: info: size: allow 555, containment and carrying behavior share the same minimal custody fixture
kernel/ts/test/dialogue.test.ts:1: info: size: allow 603, dialogue@1's rule and loader checks, story points included, share the ferry harness
kernel/ts/test/sim.ts:1: info: size: allow 515, the existing headless action generator also consumes exact service offers

EXIT 1
