Book preview: http://localhost:19406
Starting project at [worktree]/mobile/app
Unable to run simctl:
Error: xcrun simctl help exited with non-zero code: 72
Metro is running in CI mode, reloads are disabled. Remove CI=true to enable watch mode.
Starting Metro Bundler

Waiting on http://localhost:19407

An update for expo is available: 57.0.24 → ~57.0.27
1 other package may need updating. Run npx expo install --check for details.
Logs for your project will appear below.
Web Bundled 323ms index.ts (437 modules)
Web  INFO  %cDownload the React DevTools for a better development experience: https://react.dev/link/react-devtools font-weight:bold
Web  WARN  Require cycle: ../../kernel/ts/src/content/cartridge_refs.ts -> ../../kernel/ts/src/content/cartridge_topics.ts -> ../../kernel/ts/src/content/cartridge_refs.ts

Require cycles are allowed, but can result in uninitialized values. Consider refactoring to remove the need for a cycle.
Web  WARN  Require cycle: ../../kernel/ts/src/foundation/compose.ts -> ../../kernel/ts/src/foundation/compose_liquid.ts -> ../../kernel/ts/src/foundation/compose.ts

Require cycles are allowed, but can result in uninitialized values. Consider refactoring to remove the need for a cycle.
Web  WARN  Require cycle: ../../kernel/ts/src/foundation/compose.ts -> ../../kernel/ts/src/foundation/compose_quest.ts -> ../../kernel/ts/src/foundation/compose.ts

Require cycles are allowed, but can result in uninitialized values. Consider refactoring to remove the need for a cycle.
Web  WARN  Require cycle: ../../kernel/ts/src/foundation/compose.ts -> ../../kernel/ts/src/foundation/compose_patrol.ts -> ../../kernel/ts/src/foundation/compose.ts

Require cycles are allowed, but can result in uninitialized values. Consider refactoring to remove the need for a cycle.
Web  WARN  Require cycle: ../../kernel/ts/src/foundation/compose.ts -> ../../kernel/ts/src/foundation/compose_escort.ts -> ../../kernel/ts/src/foundation/compose.ts

Require cycles are allowed, but can result in uninitialized values. Consider refactoring to remove the need for a cycle.
Web  WARN  Require cycle: ../../kernel/ts/src/content/cartridge_refs.ts -> ../../kernel/ts/src/content/cartridge_pools.ts -> ../../kernel/ts/src/content/cartridge_refs.ts

Require cycles are allowed, but can result in uninitialized values. Consider refactoring to remove the need for a cycle.
Web  WARN  Require cycle: ../../kernel/ts/src/content/cartridge_refs.ts -> ../../kernel/ts/src/content/cartridge_fuel.ts -> ../../kernel/ts/src/content/cartridge_refs.ts

Require cycles are allowed, but can result in uninitialized values. Consider refactoring to remove the need for a cycle.
Web  WARN  Require cycle: ../../kernel/ts/src/content/cartridge_refs.ts -> ../../kernel/ts/src/content/cartridge_skills.ts -> ../../kernel/ts/src/content/cartridge_refs.ts

Require cycles are allowed, but can result in uninitialized values. Consider refactoring to remove the need for a cycle.
Web  WARN  Require cycle: ../../kernel/ts/src/content/cartridge_refs.ts -> ../../kernel/ts/src/content/cartridge_exchange.ts -> ../../kernel/ts/src/content/cartridge_refs.ts

Require cycles are allowed, but can result in uninitialized values. Consider refactoring to remove the need for a cycle.
Web  WARN  Require cycle: ../../kernel/ts/src/content/cartridge_refs.ts -> ../../kernel/ts/src/content/cartridge_commerce.ts -> ../../kernel/ts/src/content/cartridge_refs.ts

Require cycles are allowed, but can result in uninitialized values. Consider refactoring to remove the need for a cycle.
Web  WARN  Require cycle: ../../kernel/ts/src/content/cartridge_refs.ts -> ../../kernel/ts/src/content/cartridge_boards.ts -> ../../kernel/ts/src/content/cartridge_refs.ts

Require cycles are allowed, but can result in uninitialized values. Consider refactoring to remove the need for a cycle.
Web  WARN  Require cycle: ../../kernel/ts/src/content/cartridge_refs.ts -> ../../kernel/ts/src/content/cartridge_combat.ts -> ../../kernel/ts/src/content/cartridge_refs.ts

Require cycles are allowed, but can result in uninitialized values. Consider refactoring to remove the need for a cycle.
Web  WARN  Require cycle: ../../kernel/ts/src/content/cartridge_refs.ts -> ../../kernel/ts/src/content/cartridge_death.ts -> ../../kernel/ts/src/content/cartridge_refs.ts

Require cycles are allowed, but can result in uninitialized values. Consider refactoring to remove the need for a cycle.
Web  WARN  Require cycle: ../../kernel/ts/src/content/cartridge_refs.ts -> ../../kernel/ts/src/content/cartridge_barriers.ts -> ../../kernel/ts/src/content/cartridge_refs.ts

Require cycles are allowed, but can result in uninitialized values. Consider refactoring to remove the need for a cycle.
Web  WARN  Require cycle: ../../kernel/ts/src/content/cartridge_refs.ts -> ../../kernel/ts/src/content/cartridge_links.ts -> ../../kernel/ts/src/content/cartridge_refs.ts

Require cycles are allowed, but can result in uninitialized values. Consider refactoring to remove the need for a cycle.
Web  WARN  Require cycle: ../../kernel/ts/src/content/cartridge_refs.ts -> ../../kernel/ts/src/content/cartridge_dialogues.ts -> ../../kernel/ts/src/content/cartridge_patrol.ts -> ../../kernel/ts/src/content/cartridge_refs.ts

Require cycles are allowed, but can result in uninitialized values. Consider refactoring to remove the need for a cycle.
Web  WARN  Require cycle: ../../kernel/ts/src/content/cartridge_refs.ts -> ../../kernel/ts/src/content/cartridge_dialogues.ts -> ../../kernel/ts/src/content/cartridge_refs.ts

Require cycles are allowed, but can result in uninitialized values. Consider refactoring to remove the need for a cycle.
Web  WARN  Require cycle: ../../kernel/ts/src/content/cartridge_refs.ts -> ../../kernel/ts/src/content/cartridge_quests.ts -> ../../kernel/ts/src/content/cartridge_refs.ts

Require cycles are allowed, but can result in uninitialized values. Consider refactoring to remove the need for a cycle.
Web  WARN  Require cycle: ../../kernel/ts/src/content/cartridge_refs.ts -> ../../kernel/ts/src/content/cartridge_reactions.ts -> ../../kernel/ts/src/content/cartridge_refs.ts

Require cycles are allowed, but can result in uninitialized values. Consider refactoring to remove the need for a cycle.
Web  WARN  Require cycle: ../../kernel/ts/src/content/cartridge_refs.ts -> ../../kernel/ts/src/content/cartridge_recipes.ts -> ../../kernel/ts/src/content/cartridge_refs.ts

Require cycles are allowed, but can result in uninitialized values. Consider refactoring to remove the need for a cycle.
Web  WARN  Require cycle: ../../kernel/ts/src/content/cartridge_refs.ts -> ../../kernel/ts/src/content/cartridge_position.ts -> ../../kernel/ts/src/content/cartridge_scenes.ts -> ../../kernel/ts/src/content/cartridge_dreams.ts -> ../../kernel/ts/src/content/cartridge_refs.ts

Require cycles are allowed, but can result in uninitialized values. Consider refactoring to remove the need for a cycle.
Web  WARN  Require cycle: ../../kernel/ts/src/content/cartridge_refs.ts -> ../../kernel/ts/src/content/cartridge_position.ts -> ../../kernel/ts/src/content/cartridge_scenes.ts -> ../../kernel/ts/src/content/cartridge_refs.ts

Require cycles are allowed, but can result in uninitialized values. Consider refactoring to remove the need for a cycle.
Web  WARN  Require cycle: ../../kernel/ts/src/content/cartridge_refs.ts -> ../../kernel/ts/src/content/cartridge_position.ts -> ../../kernel/ts/src/content/cartridge_refs.ts

Require cycles are allowed, but can result in uninitialized values. Consider refactoring to remove the need for a cycle.
Web  WARN  Require cycle: ../../kernel/ts/src/mechanics/scene/shared.ts -> ../../kernel/ts/src/mechanics/scene/rest.ts -> ../../kernel/ts/src/mechanics/scene/shared.ts

Require cycles are allowed, but can result in uninitialized values. Consider refactoring to remove the need for a cycle.
Web  WARN  Require cycle: ../../kernel/ts/src/mechanics/dialogue/shared.ts -> ../../kernel/ts/src/mechanics/patrol/shared.ts -> ../../kernel/ts/src/mechanics/movement/shared.ts -> ../../kernel/ts/src/mechanics/combat/shared.ts -> ../../kernel/ts/src/mechanics/scene/shared.ts -> ../../kernel/ts/src/mechanics/dialogue/shared.ts

Require cycles are allowed, but can result in uninitialized values. Consider refactoring to remove the need for a cycle.
Web  WARN  Require cycle: ../../kernel/ts/src/commands/actions.ts -> ../../kernel/ts/src/mechanics/dialogue/shared.ts -> ../../kernel/ts/src/commands/actions.ts

Require cycles are allowed, but can result in uninitialized values. Consider refactoring to remove the need for a cycle.
Web  WARN  Require cycle: book/model.ts -> book/offers.ts -> book/model.ts

Require cycles are allowed, but can result in uninitialized values. Consider refactoring to remove the need for a cycle.
Web  LOG  Running application "main" with appParams:
 {"hydrate": undefined, "rootTag": "#root"} 
Development-level warnings: ON.
Performance optimizations: OFF.
Web Bundled 23ms node_modules/expo-sqlite/web/worker.ts (1 module)
Web  WARN  Using synchronous SQLite operations can cause significant performance impact. Consider using async operations instead.
Web  WARN  Animated: `useNativeDriver` is not supported because the native animated module is missing. Falling back to JS-based animation. To resolve this, add `RCTAnimation` module to this app, or remove `useNativeDriver`. Make sure to run `bundle exec pod install` first. Read more about autolinking: https://github.com/react-native-community/cli/blob/master/docs/autolinking.md
Web  WARN  props.pointerEvents is deprecated. Use style.pointerEvents
Web Bundled 29ms index.ts (1 module)
Web  INFO  %cDownload the React DevTools for a better development experience: https://react.dev/link/react-devtools font-weight:bold
Web  WARN  Require cycle: ../../kernel/ts/src/content/cartridge_refs.ts -> ../../kernel/ts/src/content/cartridge_topics.ts -> ../../kernel/ts/src/content/cartridge_refs.ts

Require cycles are allowed, but can result in uninitialized values. Consider refactoring to remove the need for a cycle.
Web  WARN  Require cycle: ../../kernel/ts/src/foundation/compose.ts -> ../../kernel/ts/src/foundation/compose_liquid.ts -> ../../kernel/ts/src/foundation/compose.ts

Require cycles are allowed, but can result in uninitialized values. Consider refactoring to remove the need for a cycle.
Web  WARN  Require cycle: ../../kernel/ts/src/foundation/compose.ts -> ../../kernel/ts/src/foundation/compose_quest.ts -> ../../kernel/ts/src/foundation/compose.ts

Require cycles are allowed, but can result in uninitialized values. Consider refactoring to remove the need for a cycle.
Web  WARN  Require cycle: ../../kernel/ts/src/foundation/compose.ts -> ../../kernel/ts/src/foundation/compose_patrol.ts -> ../../kernel/ts/src/foundation/compose.ts

Require cycles are allowed, but can result in uninitialized values. Consider refactoring to remove the need for a cycle.
Web  WARN  Require cycle: ../../kernel/ts/src/foundation/compose.ts -> ../../kernel/ts/src/foundation/compose_escort.ts -> ../../kernel/ts/src/foundation/compose.ts

Require cycles are allowed, but can result in uninitialized values. Consider refactoring to remove the need for a cycle.
Web  WARN  Require cycle: ../../kernel/ts/src/content/cartridge_refs.ts -> ../../kernel/ts/src/content/cartridge_pools.ts -> ../../kernel/ts/src/content/cartridge_refs.ts

Require cycles are allowed, but can result in uninitialized values. Consider refactoring to remove the need for a cycle.
Web  WARN  Require cycle: ../../kernel/ts/src/content/cartridge_refs.ts -> ../../kernel/ts/src/content/cartridge_fuel.ts -> ../../kernel/ts/src/content/cartridge_refs.ts

Require cycles are allowed, but can result in uninitialized values. Consider refactoring to remove the need for a cycle.
Web  WARN  Require cycle: ../../kernel/ts/src/content/cartridge_refs.ts -> ../../kernel/ts/src/content/cartridge_skills.ts -> ../../kernel/ts/src/content/cartridge_refs.ts

Require cycles are allowed, but can result in uninitialized values. Consider refactoring to remove the need for a cycle.
Web  WARN  Require cycle: ../../kernel/ts/src/content/cartridge_refs.ts -> ../../kernel/ts/src/content/cartridge_exchange.ts -> ../../kernel/ts/src/content/cartridge_refs.ts

Require cycles are allowed, but can result in uninitialized values. Consider refactoring to remove the need for a cycle.
Web  WARN  Require cycle: ../../kernel/ts/src/content/cartridge_refs.ts -> ../../kernel/ts/src/content/cartridge_commerce.ts -> ../../kernel/ts/src/content/cartridge_refs.ts

Require cycles are allowed, but can result in uninitialized values. Consider refactoring to remove the need for a cycle.
Web  WARN  Require cycle: ../../kernel/ts/src/content/cartridge_refs.ts -> ../../kernel/ts/src/content/cartridge_boards.ts -> ../../kernel/ts/src/content/cartridge_refs.ts

Require cycles are allowed, but can result in uninitialized values. Consider refactoring to remove the need for a cycle.
Web  WARN  Require cycle: ../../kernel/ts/src/content/cartridge_refs.ts -> ../../kernel/ts/src/content/cartridge_combat.ts -> ../../kernel/ts/src/content/cartridge_refs.ts

Require cycles are allowed, but can result in uninitialized values. Consider refactoring to remove the need for a cycle.
Web  WARN  Require cycle: ../../kernel/ts/src/content/cartridge_refs.ts -> ../../kernel/ts/src/content/cartridge_death.ts -> ../../kernel/ts/src/content/cartridge_refs.ts

Require cycles are allowed, but can result in uninitialized values. Consider refactoring to remove the need for a cycle.
Web  WARN  Require cycle: ../../kernel/ts/src/content/cartridge_refs.ts -> ../../kernel/ts/src/content/cartridge_barriers.ts -> ../../kernel/ts/src/content/cartridge_refs.ts

Require cycles are allowed, but can result in uninitialized values. Consider refactoring to remove the need for a cycle.
Web  WARN  Require cycle: ../../kernel/ts/src/content/cartridge_refs.ts -> ../../kernel/ts/src/content/cartridge_links.ts -> ../../kernel/ts/src/content/cartridge_refs.ts

Require cycles are allowed, but can result in uninitialized values. Consider refactoring to remove the need for a cycle.
Web  WARN  Require cycle: ../../kernel/ts/src/content/cartridge_refs.ts -> ../../kernel/ts/src/content/cartridge_dialogues.ts -> ../../kernel/ts/src/content/cartridge_patrol.ts -> ../../kernel/ts/src/content/cartridge_refs.ts

Require cycles are allowed, but can result in uninitialized values. Consider refactoring to remove the need for a cycle.
Web  WARN  Require cycle: ../../kernel/ts/src/content/cartridge_refs.ts -> ../../kernel/ts/src/content/cartridge_dialogues.ts -> ../../kernel/ts/src/content/cartridge_refs.ts

Require cycles are allowed, but can result in uninitialized values. Consider refactoring to remove the need for a cycle.
Web  WARN  Require cycle: ../../kernel/ts/src/content/cartridge_refs.ts -> ../../kernel/ts/src/content/cartridge_quests.ts -> ../../kernel/ts/src/content/cartridge_refs.ts

Require cycles are allowed, but can result in uninitialized values. Consider refactoring to remove the need for a cycle.
Web  WARN  Require cycle: ../../kernel/ts/src/content/cartridge_refs.ts -> ../../kernel/ts/src/content/cartridge_reactions.ts -> ../../kernel/ts/src/content/cartridge_refs.ts

Require cycles are allowed, but can result in uninitialized values. Consider refactoring to remove the need for a cycle.
Web  WARN  Require cycle: ../../kernel/ts/src/content/cartridge_refs.ts -> ../../kernel/ts/src/content/cartridge_recipes.ts -> ../../kernel/ts/src/content/cartridge_refs.ts

Require cycles are allowed, but can result in uninitialized values. Consider refactoring to remove the need for a cycle.
Web  WARN  Require cycle: ../../kernel/ts/src/content/cartridge_refs.ts -> ../../kernel/ts/src/content/cartridge_position.ts -> ../../kernel/ts/src/content/cartridge_scenes.ts -> ../../kernel/ts/src/content/cartridge_dreams.ts -> ../../kernel/ts/src/content/cartridge_refs.ts

Require cycles are allowed, but can result in uninitialized values. Consider refactoring to remove the need for a cycle.
Web  WARN  Require cycle: ../../kernel/ts/src/content/cartridge_refs.ts -> ../../kernel/ts/src/content/cartridge_position.ts -> ../../kernel/ts/src/content/cartridge_scenes.ts -> ../../kernel/ts/src/content/cartridge_refs.ts

Require cycles are allowed, but can result in uninitialized values. Consider refactoring to remove the need for a cycle.
Web  WARN  Require cycle: ../../kernel/ts/src/content/cartridge_refs.ts -> ../../kernel/ts/src/content/cartridge_position.ts -> ../../kernel/ts/src/content/cartridge_refs.ts

Require cycles are allowed, but can result in uninitialized values. Consider refactoring to remove the need for a cycle.
Web  WARN  Require cycle: ../../kernel/ts/src/mechanics/scene/shared.ts -> ../../kernel/ts/src/mechanics/scene/rest.ts -> ../../kernel/ts/src/mechanics/scene/shared.ts

Require cycles are allowed, but can result in uninitialized values. Consider refactoring to remove the need for a cycle.
Web  WARN  Require cycle: ../../kernel/ts/src/mechanics/dialogue/shared.ts -> ../../kernel/ts/src/mechanics/patrol/shared.ts -> ../../kernel/ts/src/mechanics/movement/shared.ts -> ../../kernel/ts/src/mechanics/combat/shared.ts -> ../../kernel/ts/src/mechanics/scene/shared.ts -> ../../kernel/ts/src/mechanics/dialogue/shared.ts

Require cycles are allowed, but can result in uninitialized values. Consider refactoring to remove the need for a cycle.
Web  WARN  Require cycle: ../../kernel/ts/src/commands/actions.ts -> ../../kernel/ts/src/mechanics/dialogue/shared.ts -> ../../kernel/ts/src/commands/actions.ts

Require cycles are allowed, but can result in uninitialized values. Consider refactoring to remove the need for a cycle.
Web  WARN  Require cycle: book/model.ts -> book/offers.ts -> book/model.ts

Require cycles are allowed, but can result in uninitialized values. Consider refactoring to remove the need for a cycle.
Web  LOG  Running application "main" with appParams:
 {"hydrate": undefined, "rootTag": "#root"} 
Development-level warnings: ON.
Performance optimizations: OFF.
Web Bundled 4ms node_modules/expo-sqlite/web/worker.ts (1 module)
Web  WARN  Using synchronous SQLite operations can cause significant performance impact. Consider using async operations instead.
Web  WARN  Animated: `useNativeDriver` is not supported because the native animated module is missing. Falling back to JS-based animation. To resolve this, add `RCTAnimation` module to this app, or remove `useNativeDriver`. Make sure to run `bundle exec pod install` first. Read more about autolinking: https://github.com/react-native-community/cli/blob/master/docs/autolinking.md
Web  WARN  props.pointerEvents is deprecated. Use style.pointerEvents
Web Bundled 39ms index.ts (1 module)
Web  INFO  %cDownload the React DevTools for a better development experience: https://react.dev/link/react-devtools font-weight:bold
Web  WARN  Require cycle: ../../kernel/ts/src/content/cartridge_refs.ts -> ../../kernel/ts/src/content/cartridge_topics.ts -> ../../kernel/ts/src/content/cartridge_refs.ts

Require cycles are allowed, but can result in uninitialized values. Consider refactoring to remove the need for a cycle.
Web  WARN  Require cycle: ../../kernel/ts/src/foundation/compose.ts -> ../../kernel/ts/src/foundation/compose_liquid.ts -> ../../kernel/ts/src/foundation/compose.ts

Require cycles are allowed, but can result in uninitialized values. Consider refactoring to remove the need for a cycle.
Web  WARN  Require cycle: ../../kernel/ts/src/foundation/compose.ts -> ../../kernel/ts/src/foundation/compose_quest.ts -> ../../kernel/ts/src/foundation/compose.ts

Require cycles are allowed, but can result in uninitialized values. Consider refactoring to remove the need for a cycle.
Web  WARN  Require cycle: ../../kernel/ts/src/foundation/compose.ts -> ../../kernel/ts/src/foundation/compose_patrol.ts -> ../../kernel/ts/src/foundation/compose.ts

Require cycles are allowed, but can result in uninitialized values. Consider refactoring to remove the need for a cycle.
Web  WARN  Require cycle: ../../kernel/ts/src/foundation/compose.ts -> ../../kernel/ts/src/foundation/compose_escort.ts -> ../../kernel/ts/src/foundation/compose.ts

Require cycles are allowed, but can result in uninitialized values. Consider refactoring to remove the need for a cycle.
Web  WARN  Require cycle: ../../kernel/ts/src/content/cartridge_refs.ts -> ../../kernel/ts/src/content/cartridge_pools.ts -> ../../kernel/ts/src/content/cartridge_refs.ts

Require cycles are allowed, but can result in uninitialized values. Consider refactoring to remove the need for a cycle.
Web  WARN  Require cycle: ../../kernel/ts/src/content/cartridge_refs.ts -> ../../kernel/ts/src/content/cartridge_fuel.ts -> ../../kernel/ts/src/content/cartridge_refs.ts

Require cycles are allowed, but can result in uninitialized values. Consider refactoring to remove the need for a cycle.
Web  WARN  Require cycle: ../../kernel/ts/src/content/cartridge_refs.ts -> ../../kernel/ts/src/content/cartridge_skills.ts -> ../../kernel/ts/src/content/cartridge_refs.ts

Require cycles are allowed, but can result in uninitialized values. Consider refactoring to remove the need for a cycle.
Web  WARN  Require cycle: ../../kernel/ts/src/content/cartridge_refs.ts -> ../../kernel/ts/src/content/cartridge_exchange.ts -> ../../kernel/ts/src/content/cartridge_refs.ts

Require cycles are allowed, but can result in uninitialized values. Consider refactoring to remove the need for a cycle.
Web  WARN  Require cycle: ../../kernel/ts/src/content/cartridge_refs.ts -> ../../kernel/ts/src/content/cartridge_commerce.ts -> ../../kernel/ts/src/content/cartridge_refs.ts

Require cycles are allowed, but can result in uninitialized values. Consider refactoring to remove the need for a cycle.
Web  WARN  Require cycle: ../../kernel/ts/src/content/cartridge_refs.ts -> ../../kernel/ts/src/content/cartridge_boards.ts -> ../../kernel/ts/src/content/cartridge_refs.ts

Require cycles are allowed, but can result in uninitialized values. Consider refactoring to remove the need for a cycle.
Web  WARN  Require cycle: ../../kernel/ts/src/content/cartridge_refs.ts -> ../../kernel/ts/src/content/cartridge_combat.ts -> ../../kernel/ts/src/content/cartridge_refs.ts

Require cycles are allowed, but can result in uninitialized values. Consider refactoring to remove the need for a cycle.
Web  WARN  Require cycle: ../../kernel/ts/src/content/cartridge_refs.ts -> ../../kernel/ts/src/content/cartridge_death.ts -> ../../kernel/ts/src/content/cartridge_refs.ts

Require cycles are allowed, but can result in uninitialized values. Consider refactoring to remove the need for a cycle.
Web  WARN  Require cycle: ../../kernel/ts/src/content/cartridge_refs.ts -> ../../kernel/ts/src/content/cartridge_barriers.ts -> ../../kernel/ts/src/content/cartridge_refs.ts

Require cycles are allowed, but can result in uninitialized values. Consider refactoring to remove the need for a cycle.
Web  WARN  Require cycle: ../../kernel/ts/src/content/cartridge_refs.ts -> ../../kernel/ts/src/content/cartridge_links.ts -> ../../kernel/ts/src/content/cartridge_refs.ts

Require cycles are allowed, but can result in uninitialized values. Consider refactoring to remove the need for a cycle.
Web  WARN  Require cycle: ../../kernel/ts/src/content/cartridge_refs.ts -> ../../kernel/ts/src/content/cartridge_dialogues.ts -> ../../kernel/ts/src/content/cartridge_patrol.ts -> ../../kernel/ts/src/content/cartridge_refs.ts

Require cycles are allowed, but can result in uninitialized values. Consider refactoring to remove the need for a cycle.
Web  WARN  Require cycle: ../../kernel/ts/src/content/cartridge_refs.ts -> ../../kernel/ts/src/content/cartridge_dialogues.ts -> ../../kernel/ts/src/content/cartridge_refs.ts

Require cycles are allowed, but can result in uninitialized values. Consider refactoring to remove the need for a cycle.
Web  WARN  Require cycle: ../../kernel/ts/src/content/cartridge_refs.ts -> ../../kernel/ts/src/content/cartridge_quests.ts -> ../../kernel/ts/src/content/cartridge_refs.ts

Require cycles are allowed, but can result in uninitialized values. Consider refactoring to remove the need for a cycle.
Web  WARN  Require cycle: ../../kernel/ts/src/content/cartridge_refs.ts -> ../../kernel/ts/src/content/cartridge_reactions.ts -> ../../kernel/ts/src/content/cartridge_refs.ts

Require cycles are allowed, but can result in uninitialized values. Consider refactoring to remove the need for a cycle.
Web  WARN  Require cycle: ../../kernel/ts/src/content/cartridge_refs.ts -> ../../kernel/ts/src/content/cartridge_recipes.ts -> ../../kernel/ts/src/content/cartridge_refs.ts

Require cycles are allowed, but can result in uninitialized values. Consider refactoring to remove the need for a cycle.
Web  WARN  Require cycle: ../../kernel/ts/src/content/cartridge_refs.ts -> ../../kernel/ts/src/content/cartridge_position.ts -> ../../kernel/ts/src/content/cartridge_scenes.ts -> ../../kernel/ts/src/content/cartridge_dreams.ts -> ../../kernel/ts/src/content/cartridge_refs.ts

Require cycles are allowed, but can result in uninitialized values. Consider refactoring to remove the need for a cycle.
Web  WARN  Require cycle: ../../kernel/ts/src/content/cartridge_refs.ts -> ../../kernel/ts/src/content/cartridge_position.ts -> ../../kernel/ts/src/content/cartridge_scenes.ts -> ../../kernel/ts/src/content/cartridge_refs.ts

Require cycles are allowed, but can result in uninitialized values. Consider refactoring to remove the need for a cycle.
Web  WARN  Require cycle: ../../kernel/ts/src/content/cartridge_refs.ts -> ../../kernel/ts/src/content/cartridge_position.ts -> ../../kernel/ts/src/content/cartridge_refs.ts

Require cycles are allowed, but can result in uninitialized values. Consider refactoring to remove the need for a cycle.
Web  WARN  Require cycle: ../../kernel/ts/src/mechanics/scene/shared.ts -> ../../kernel/ts/src/mechanics/scene/rest.ts -> ../../kernel/ts/src/mechanics/scene/shared.ts

Require cycles are allowed, but can result in uninitialized values. Consider refactoring to remove the need for a cycle.
Web  WARN  Require cycle: ../../kernel/ts/src/mechanics/dialogue/shared.ts -> ../../kernel/ts/src/mechanics/patrol/shared.ts -> ../../kernel/ts/src/mechanics/movement/shared.ts -> ../../kernel/ts/src/mechanics/combat/shared.ts -> ../../kernel/ts/src/mechanics/scene/shared.ts -> ../../kernel/ts/src/mechanics/dialogue/shared.ts

Require cycles are allowed, but can result in uninitialized values. Consider refactoring to remove the need for a cycle.
Web  WARN  Require cycle: ../../kernel/ts/src/commands/actions.ts -> ../../kernel/ts/src/mechanics/dialogue/shared.ts -> ../../kernel/ts/src/commands/actions.ts

Require cycles are allowed, but can result in uninitialized values. Consider refactoring to remove the need for a cycle.
Web  WARN  Require cycle: book/model.ts -> book/offers.ts -> book/model.ts

Require cycles are allowed, but can result in uninitialized values. Consider refactoring to remove the need for a cycle.
Web  LOG  Running application "main" with appParams:
 {"hydrate": undefined, "rootTag": "#root"} 
Development-level warnings: ON.
Performance optimizations: OFF.
Web Bundled 4ms node_modules/expo-sqlite/web/worker.ts (1 module)
Web  WARN  Using synchronous SQLite operations can cause significant performance impact. Consider using async operations instead.
Web  WARN  Animated: `useNativeDriver` is not supported because the native animated module is missing. Falling back to JS-based animation. To resolve this, add `RCTAnimation` module to this app, or remove `useNativeDriver`. Make sure to run `bundle exec pod install` first. Read more about autolinking: https://github.com/react-native-community/cli/blob/master/docs/autolinking.md
Web  WARN  props.pointerEvents is deprecated. Use style.pointerEvents
Web Bundled 30ms index.ts (1 module)
Web  INFO  %cDownload the React DevTools for a better development experience: https://react.dev/link/react-devtools font-weight:bold
Web  WARN  Require cycle: ../../kernel/ts/src/content/cartridge_refs.ts -> ../../kernel/ts/src/content/cartridge_topics.ts -> ../../kernel/ts/src/content/cartridge_refs.ts

Require cycles are allowed, but can result in uninitialized values. Consider refactoring to remove the need for a cycle.
Web  WARN  Require cycle: ../../kernel/ts/src/foundation/compose.ts -> ../../kernel/ts/src/foundation/compose_liquid.ts -> ../../kernel/ts/src/foundation/compose.ts

Require cycles are allowed, but can result in uninitialized values. Consider refactoring to remove the need for a cycle.
Web  WARN  Require cycle: ../../kernel/ts/src/foundation/compose.ts -> ../../kernel/ts/src/foundation/compose_quest.ts -> ../../kernel/ts/src/foundation/compose.ts

Require cycles are allowed, but can result in uninitialized values. Consider refactoring to remove the need for a cycle.
Web  WARN  Require cycle: ../../kernel/ts/src/foundation/compose.ts -> ../../kernel/ts/src/foundation/compose_patrol.ts -> ../../kernel/ts/src/foundation/compose.ts

Require cycles are allowed, but can result in uninitialized values. Consider refactoring to remove the need for a cycle.
Web  WARN  Require cycle: ../../kernel/ts/src/foundation/compose.ts -> ../../kernel/ts/src/foundation/compose_escort.ts -> ../../kernel/ts/src/foundation/compose.ts

Require cycles are allowed, but can result in uninitialized values. Consider refactoring to remove the need for a cycle.
Web  WARN  Require cycle: ../../kernel/ts/src/content/cartridge_refs.ts -> ../../kernel/ts/src/content/cartridge_pools.ts -> ../../kernel/ts/src/content/cartridge_refs.ts

Require cycles are allowed, but can result in uninitialized values. Consider refactoring to remove the need for a cycle.
Web  WARN  Require cycle: ../../kernel/ts/src/content/cartridge_refs.ts -> ../../kernel/ts/src/content/cartridge_fuel.ts -> ../../kernel/ts/src/content/cartridge_refs.ts

Require cycles are allowed, but can result in uninitialized values. Consider refactoring to remove the need for a cycle.
Web  WARN  Require cycle: ../../kernel/ts/src/content/cartridge_refs.ts -> ../../kernel/ts/src/content/cartridge_skills.ts -> ../../kernel/ts/src/content/cartridge_refs.ts

Require cycles are allowed, but can result in uninitialized values. Consider refactoring to remove the need for a cycle.
Web  WARN  Require cycle: ../../kernel/ts/src/content/cartridge_refs.ts -> ../../kernel/ts/src/content/cartridge_exchange.ts -> ../../kernel/ts/src/content/cartridge_refs.ts

Require cycles are allowed, but can result in uninitialized values. Consider refactoring to remove the need for a cycle.
Web  WARN  Require cycle: ../../kernel/ts/src/content/cartridge_refs.ts -> ../../kernel/ts/src/content/cartridge_commerce.ts -> ../../kernel/ts/src/content/cartridge_refs.ts

Require cycles are allowed, but can result in uninitialized values. Consider refactoring to remove the need for a cycle.
Web  WARN  Require cycle: ../../kernel/ts/src/content/cartridge_refs.ts -> ../../kernel/ts/src/content/cartridge_boards.ts -> ../../kernel/ts/src/content/cartridge_refs.ts

Require cycles are allowed, but can result in uninitialized values. Consider refactoring to remove the need for a cycle.
Web  WARN  Require cycle: ../../kernel/ts/src/content/cartridge_refs.ts -> ../../kernel/ts/src/content/cartridge_combat.ts -> ../../kernel/ts/src/content/cartridge_refs.ts

Require cycles are allowed, but can result in uninitialized values. Consider refactoring to remove the need for a cycle.
Web  WARN  Require cycle: ../../kernel/ts/src/content/cartridge_refs.ts -> ../../kernel/ts/src/content/cartridge_death.ts -> ../../kernel/ts/src/content/cartridge_refs.ts

Require cycles are allowed, but can result in uninitialized values. Consider refactoring to remove the need for a cycle.
Web  WARN  Require cycle: ../../kernel/ts/src/content/cartridge_refs.ts -> ../../kernel/ts/src/content/cartridge_barriers.ts -> ../../kernel/ts/src/content/cartridge_refs.ts

Require cycles are allowed, but can result in uninitialized values. Consider refactoring to remove the need for a cycle.
Web  WARN  Require cycle: ../../kernel/ts/src/content/cartridge_refs.ts -> ../../kernel/ts/src/content/cartridge_links.ts -> ../../kernel/ts/src/content/cartridge_refs.ts

Require cycles are allowed, but can result in uninitialized values. Consider refactoring to remove the need for a cycle.
Web  WARN  Require cycle: ../../kernel/ts/src/content/cartridge_refs.ts -> ../../kernel/ts/src/content/cartridge_dialogues.ts -> ../../kernel/ts/src/content/cartridge_patrol.ts -> ../../kernel/ts/src/content/cartridge_refs.ts

Require cycles are allowed, but can result in uninitialized values. Consider refactoring to remove the need for a cycle.
Web  WARN  Require cycle: ../../kernel/ts/src/content/cartridge_refs.ts -> ../../kernel/ts/src/content/cartridge_dialogues.ts -> ../../kernel/ts/src/content/cartridge_refs.ts

Require cycles are allowed, but can result in uninitialized values. Consider refactoring to remove the need for a cycle.
Web  WARN  Require cycle: ../../kernel/ts/src/content/cartridge_refs.ts -> ../../kernel/ts/src/content/cartridge_quests.ts -> ../../kernel/ts/src/content/cartridge_refs.ts

Require cycles are allowed, but can result in uninitialized values. Consider refactoring to remove the need for a cycle.
Web  WARN  Require cycle: ../../kernel/ts/src/content/cartridge_refs.ts -> ../../kernel/ts/src/content/cartridge_reactions.ts -> ../../kernel/ts/src/content/cartridge_refs.ts

Require cycles are allowed, but can result in uninitialized values. Consider refactoring to remove the need for a cycle.
Web  WARN  Require cycle: ../../kernel/ts/src/content/cartridge_refs.ts -> ../../kernel/ts/src/content/cartridge_recipes.ts -> ../../kernel/ts/src/content/cartridge_refs.ts

Require cycles are allowed, but can result in uninitialized values. Consider refactoring to remove the need for a cycle.
Web  WARN  Require cycle: ../../kernel/ts/src/content/cartridge_refs.ts -> ../../kernel/ts/src/content/cartridge_position.ts -> ../../kernel/ts/src/content/cartridge_scenes.ts -> ../../kernel/ts/src/content/cartridge_dreams.ts -> ../../kernel/ts/src/content/cartridge_refs.ts

Require cycles are allowed, but can result in uninitialized values. Consider refactoring to remove the need for a cycle.
Web  WARN  Require cycle: ../../kernel/ts/src/content/cartridge_refs.ts -> ../../kernel/ts/src/content/cartridge_position.ts -> ../../kernel/ts/src/content/cartridge_scenes.ts -> ../../kernel/ts/src/content/cartridge_refs.ts

Require cycles are allowed, but can result in uninitialized values. Consider refactoring to remove the need for a cycle.
Web  WARN  Require cycle: ../../kernel/ts/src/content/cartridge_refs.ts -> ../../kernel/ts/src/content/cartridge_position.ts -> ../../kernel/ts/src/content/cartridge_refs.ts

Require cycles are allowed, but can result in uninitialized values. Consider refactoring to remove the need for a cycle.
Web  WARN  Require cycle: ../../kernel/ts/src/mechanics/scene/shared.ts -> ../../kernel/ts/src/mechanics/scene/rest.ts -> ../../kernel/ts/src/mechanics/scene/shared.ts

Require cycles are allowed, but can result in uninitialized values. Consider refactoring to remove the need for a cycle.
Web  WARN  Require cycle: ../../kernel/ts/src/mechanics/dialogue/shared.ts -> ../../kernel/ts/src/mechanics/patrol/shared.ts -> ../../kernel/ts/src/mechanics/movement/shared.ts -> ../../kernel/ts/src/mechanics/combat/shared.ts -> ../../kernel/ts/src/mechanics/scene/shared.ts -> ../../kernel/ts/src/mechanics/dialogue/shared.ts

Require cycles are allowed, but can result in uninitialized values. Consider refactoring to remove the need for a cycle.
Web  WARN  Require cycle: ../../kernel/ts/src/commands/actions.ts -> ../../kernel/ts/src/mechanics/dialogue/shared.ts -> ../../kernel/ts/src/commands/actions.ts

Require cycles are allowed, but can result in uninitialized values. Consider refactoring to remove the need for a cycle.
Web  WARN  Require cycle: book/model.ts -> book/offers.ts -> book/model.ts

Require cycles are allowed, but can result in uninitialized values. Consider refactoring to remove the need for a cycle.
Web  LOG  Running application "main" with appParams:
 {"hydrate": undefined, "rootTag": "#root"} 
Development-level warnings: ON.
Performance optimizations: OFF.
Web Bundled 3ms node_modules/expo-sqlite/web/worker.ts (1 module)
Web  WARN  Using synchronous SQLite operations can cause significant performance impact. Consider using async operations instead.
Web  WARN  Animated: `useNativeDriver` is not supported because the native animated module is missing. Falling back to JS-based animation. To resolve this, add `RCTAnimation` module to this app, or remove `useNativeDriver`. Make sure to run `bundle exec pod install` first. Read more about autolinking: https://github.com/react-native-community/cli/blob/master/docs/autolinking.md
Web  WARN  props.pointerEvents is deprecated. Use style.pointerEvents
Web Bundled 32ms index.ts (1 module)
Web  INFO  %cDownload the React DevTools for a better development experience: https://react.dev/link/react-devtools font-weight:bold
Web  WARN  Require cycle: ../../kernel/ts/src/content/cartridge_refs.ts -> ../../kernel/ts/src/content/cartridge_topics.ts -> ../../kernel/ts/src/content/cartridge_refs.ts

Require cycles are allowed, but can result in uninitialized values. Consider refactoring to remove the need for a cycle.
Web  WARN  Require cycle: ../../kernel/ts/src/foundation/compose.ts -> ../../kernel/ts/src/foundation/compose_liquid.ts -> ../../kernel/ts/src/foundation/compose.ts

Require cycles are allowed, but can result in uninitialized values. Consider refactoring to remove the need for a cycle.
Web  WARN  Require cycle: ../../kernel/ts/src/foundation/compose.ts -> ../../kernel/ts/src/foundation/compose_quest.ts -> ../../kernel/ts/src/foundation/compose.ts

Require cycles are allowed, but can result in uninitialized values. Consider refactoring to remove the need for a cycle.
Web  WARN  Require cycle: ../../kernel/ts/src/foundation/compose.ts -> ../../kernel/ts/src/foundation/compose_patrol.ts -> ../../kernel/ts/src/foundation/compose.ts

Require cycles are allowed, but can result in uninitialized values. Consider refactoring to remove the need for a cycle.
Web  WARN  Require cycle: ../../kernel/ts/src/foundation/compose.ts -> ../../kernel/ts/src/foundation/compose_escort.ts -> ../../kernel/ts/src/foundation/compose.ts

Require cycles are allowed, but can result in uninitialized values. Consider refactoring to remove the need for a cycle.
Web  WARN  Require cycle: ../../kernel/ts/src/content/cartridge_refs.ts -> ../../kernel/ts/src/content/cartridge_pools.ts -> ../../kernel/ts/src/content/cartridge_refs.ts

Require cycles are allowed, but can result in uninitialized values. Consider refactoring to remove the need for a cycle.
Web  WARN  Require cycle: ../../kernel/ts/src/content/cartridge_refs.ts -> ../../kernel/ts/src/content/cartridge_fuel.ts -> ../../kernel/ts/src/content/cartridge_refs.ts

Require cycles are allowed, but can result in uninitialized values. Consider refactoring to remove the need for a cycle.
Web  WARN  Require cycle: ../../kernel/ts/src/content/cartridge_refs.ts -> ../../kernel/ts/src/content/cartridge_skills.ts -> ../../kernel/ts/src/content/cartridge_refs.ts

Require cycles are allowed, but can result in uninitialized values. Consider refactoring to remove the need for a cycle.
Web  WARN  Require cycle: ../../kernel/ts/src/content/cartridge_refs.ts -> ../../kernel/ts/src/content/cartridge_exchange.ts -> ../../kernel/ts/src/content/cartridge_refs.ts

Require cycles are allowed, but can result in uninitialized values. Consider refactoring to remove the need for a cycle.
Web  WARN  Require cycle: ../../kernel/ts/src/content/cartridge_refs.ts -> ../../kernel/ts/src/content/cartridge_commerce.ts -> ../../kernel/ts/src/content/cartridge_refs.ts

Require cycles are allowed, but can result in uninitialized values. Consider refactoring to remove the need for a cycle.
Web  WARN  Require cycle: ../../kernel/ts/src/content/cartridge_refs.ts -> ../../kernel/ts/src/content/cartridge_boards.ts -> ../../kernel/ts/src/content/cartridge_refs.ts

Require cycles are allowed, but can result in uninitialized values. Consider refactoring to remove the need for a cycle.
Web  WARN  Require cycle: ../../kernel/ts/src/content/cartridge_refs.ts -> ../../kernel/ts/src/content/cartridge_combat.ts -> ../../kernel/ts/src/content/cartridge_refs.ts

Require cycles are allowed, but can result in uninitialized values. Consider refactoring to remove the need for a cycle.
Web  WARN  Require cycle: ../../kernel/ts/src/content/cartridge_refs.ts -> ../../kernel/ts/src/content/cartridge_death.ts -> ../../kernel/ts/src/content/cartridge_refs.ts

Require cycles are allowed, but can result in uninitialized values. Consider refactoring to remove the need for a cycle.
Web  WARN  Require cycle: ../../kernel/ts/src/content/cartridge_refs.ts -> ../../kernel/ts/src/content/cartridge_barriers.ts -> ../../kernel/ts/src/content/cartridge_refs.ts

Require cycles are allowed, but can result in uninitialized values. Consider refactoring to remove the need for a cycle.
Web  WARN  Require cycle: ../../kernel/ts/src/content/cartridge_refs.ts -> ../../kernel/ts/src/content/cartridge_links.ts -> ../../kernel/ts/src/content/cartridge_refs.ts

Require cycles are allowed, but can result in uninitialized values. Consider refactoring to remove the need for a cycle.
Web  WARN  Require cycle: ../../kernel/ts/src/content/cartridge_refs.ts -> ../../kernel/ts/src/content/cartridge_dialogues.ts -> ../../kernel/ts/src/content/cartridge_patrol.ts -> ../../kernel/ts/src/content/cartridge_refs.ts

Require cycles are allowed, but can result in uninitialized values. Consider refactoring to remove the need for a cycle.
Web  WARN  Require cycle: ../../kernel/ts/src/content/cartridge_refs.ts -> ../../kernel/ts/src/content/cartridge_dialogues.ts -> ../../kernel/ts/src/content/cartridge_refs.ts

Require cycles are allowed, but can result in uninitialized values. Consider refactoring to remove the need for a cycle.
Web  WARN  Require cycle: ../../kernel/ts/src/content/cartridge_refs.ts -> ../../kernel/ts/src/content/cartridge_quests.ts -> ../../kernel/ts/src/content/cartridge_refs.ts

Require cycles are allowed, but can result in uninitialized values. Consider refactoring to remove the need for a cycle.
Web  WARN  Require cycle: ../../kernel/ts/src/content/cartridge_refs.ts -> ../../kernel/ts/src/content/cartridge_reactions.ts -> ../../kernel/ts/src/content/cartridge_refs.ts

Require cycles are allowed, but can result in uninitialized values. Consider refactoring to remove the need for a cycle.
Web  WARN  Require cycle: ../../kernel/ts/src/content/cartridge_refs.ts -> ../../kernel/ts/src/content/cartridge_recipes.ts -> ../../kernel/ts/src/content/cartridge_refs.ts

Require cycles are allowed, but can result in uninitialized values. Consider refactoring to remove the need for a cycle.
Web  WARN  Require cycle: ../../kernel/ts/src/content/cartridge_refs.ts -> ../../kernel/ts/src/content/cartridge_position.ts -> ../../kernel/ts/src/content/cartridge_scenes.ts -> ../../kernel/ts/src/content/cartridge_dreams.ts -> ../../kernel/ts/src/content/cartridge_refs.ts

Require cycles are allowed, but can result in uninitialized values. Consider refactoring to remove the need for a cycle.
Web  WARN  Require cycle: ../../kernel/ts/src/content/cartridge_refs.ts -> ../../kernel/ts/src/content/cartridge_position.ts -> ../../kernel/ts/src/content/cartridge_scenes.ts -> ../../kernel/ts/src/content/cartridge_refs.ts

Require cycles are allowed, but can result in uninitialized values. Consider refactoring to remove the need for a cycle.
Web  WARN  Require cycle: ../../kernel/ts/src/content/cartridge_refs.ts -> ../../kernel/ts/src/content/cartridge_position.ts -> ../../kernel/ts/src/content/cartridge_refs.ts

Require cycles are allowed, but can result in uninitialized values. Consider refactoring to remove the need for a cycle.
Web  WARN  Require cycle: ../../kernel/ts/src/mechanics/scene/shared.ts -> ../../kernel/ts/src/mechanics/scene/rest.ts -> ../../kernel/ts/src/mechanics/scene/shared.ts

Require cycles are allowed, but can result in uninitialized values. Consider refactoring to remove the need for a cycle.
Web  WARN  Require cycle: ../../kernel/ts/src/mechanics/dialogue/shared.ts -> ../../kernel/ts/src/mechanics/patrol/shared.ts -> ../../kernel/ts/src/mechanics/movement/shared.ts -> ../../kernel/ts/src/mechanics/combat/shared.ts -> ../../kernel/ts/src/mechanics/scene/shared.ts -> ../../kernel/ts/src/mechanics/dialogue/shared.ts

Require cycles are allowed, but can result in uninitialized values. Consider refactoring to remove the need for a cycle.
Web  WARN  Require cycle: ../../kernel/ts/src/commands/actions.ts -> ../../kernel/ts/src/mechanics/dialogue/shared.ts -> ../../kernel/ts/src/commands/actions.ts

Require cycles are allowed, but can result in uninitialized values. Consider refactoring to remove the need for a cycle.
Web  WARN  Require cycle: book/model.ts -> book/offers.ts -> book/model.ts

Require cycles are allowed, but can result in uninitialized values. Consider refactoring to remove the need for a cycle.
Web  LOG  Running application "main" with appParams:
 {"hydrate": undefined, "rootTag": "#root"} 
Development-level warnings: ON.
Performance optimizations: OFF.
Web Bundled 4ms node_modules/expo-sqlite/web/worker.ts (1 module)
Web  WARN  Using synchronous SQLite operations can cause significant performance impact. Consider using async operations instead.
Web  WARN  Animated: `useNativeDriver` is not supported because the native animated module is missing. Falling back to JS-based animation. To resolve this, add `RCTAnimation` module to this app, or remove `useNativeDriver`. Make sure to run `bundle exec pod install` first. Read more about autolinking: https://github.com/react-native-community/cli/blob/master/docs/autolinking.md
Web  WARN  props.pointerEvents is deprecated. Use style.pointerEvents
Web Bundled 29ms index.ts (1 module)
Web  INFO  %cDownload the React DevTools for a better development experience: https://react.dev/link/react-devtools font-weight:bold
Web  WARN  Require cycle: ../../kernel/ts/src/content/cartridge_refs.ts -> ../../kernel/ts/src/content/cartridge_topics.ts -> ../../kernel/ts/src/content/cartridge_refs.ts

Require cycles are allowed, but can result in uninitialized values. Consider refactoring to remove the need for a cycle.
Web  WARN  Require cycle: ../../kernel/ts/src/foundation/compose.ts -> ../../kernel/ts/src/foundation/compose_liquid.ts -> ../../kernel/ts/src/foundation/compose.ts

Require cycles are allowed, but can result in uninitialized values. Consider refactoring to remove the need for a cycle.
Web  WARN  Require cycle: ../../kernel/ts/src/foundation/compose.ts -> ../../kernel/ts/src/foundation/compose_quest.ts -> ../../kernel/ts/src/foundation/compose.ts

Require cycles are allowed, but can result in uninitialized values. Consider refactoring to remove the need for a cycle.
Web  WARN  Require cycle: ../../kernel/ts/src/foundation/compose.ts -> ../../kernel/ts/src/foundation/compose_patrol.ts -> ../../kernel/ts/src/foundation/compose.ts

Require cycles are allowed, but can result in uninitialized values. Consider refactoring to remove the need for a cycle.
Web  WARN  Require cycle: ../../kernel/ts/src/foundation/compose.ts -> ../../kernel/ts/src/foundation/compose_escort.ts -> ../../kernel/ts/src/foundation/compose.ts

Require cycles are allowed, but can result in uninitialized values. Consider refactoring to remove the need for a cycle.
Web  WARN  Require cycle: ../../kernel/ts/src/content/cartridge_refs.ts -> ../../kernel/ts/src/content/cartridge_pools.ts -> ../../kernel/ts/src/content/cartridge_refs.ts

Require cycles are allowed, but can result in uninitialized values. Consider refactoring to remove the need for a cycle.
Web  WARN  Require cycle: ../../kernel/ts/src/content/cartridge_refs.ts -> ../../kernel/ts/src/content/cartridge_fuel.ts -> ../../kernel/ts/src/content/cartridge_refs.ts

Require cycles are allowed, but can result in uninitialized values. Consider refactoring to remove the need for a cycle.
Web  WARN  Require cycle: ../../kernel/ts/src/content/cartridge_refs.ts -> ../../kernel/ts/src/content/cartridge_skills.ts -> ../../kernel/ts/src/content/cartridge_refs.ts

Require cycles are allowed, but can result in uninitialized values. Consider refactoring to remove the need for a cycle.
Web  WARN  Require cycle: ../../kernel/ts/src/content/cartridge_refs.ts -> ../../kernel/ts/src/content/cartridge_exchange.ts -> ../../kernel/ts/src/content/cartridge_refs.ts

Require cycles are allowed, but can result in uninitialized values. Consider refactoring to remove the need for a cycle.
Web  WARN  Require cycle: ../../kernel/ts/src/content/cartridge_refs.ts -> ../../kernel/ts/src/content/cartridge_commerce.ts -> ../../kernel/ts/src/content/cartridge_refs.ts

Require cycles are allowed, but can result in uninitialized values. Consider refactoring to remove the need for a cycle.
Web  WARN  Require cycle: ../../kernel/ts/src/content/cartridge_refs.ts -> ../../kernel/ts/src/content/cartridge_boards.ts -> ../../kernel/ts/src/content/cartridge_refs.ts

Require cycles are allowed, but can result in uninitialized values. Consider refactoring to remove the need for a cycle.
Web  WARN  Require cycle: ../../kernel/ts/src/content/cartridge_refs.ts -> ../../kernel/ts/src/content/cartridge_combat.ts -> ../../kernel/ts/src/content/cartridge_refs.ts

Require cycles are allowed, but can result in uninitialized values. Consider refactoring to remove the need for a cycle.
Web  WARN  Require cycle: ../../kernel/ts/src/content/cartridge_refs.ts -> ../../kernel/ts/src/content/cartridge_death.ts -> ../../kernel/ts/src/content/cartridge_refs.ts

Require cycles are allowed, but can result in uninitialized values. Consider refactoring to remove the need for a cycle.
Web  WARN  Require cycle: ../../kernel/ts/src/content/cartridge_refs.ts -> ../../kernel/ts/src/content/cartridge_barriers.ts -> ../../kernel/ts/src/content/cartridge_refs.ts

Require cycles are allowed, but can result in uninitialized values. Consider refactoring to remove the need for a cycle.
Web  WARN  Require cycle: ../../kernel/ts/src/content/cartridge_refs.ts -> ../../kernel/ts/src/content/cartridge_links.ts -> ../../kernel/ts/src/content/cartridge_refs.ts

Require cycles are allowed, but can result in uninitialized values. Consider refactoring to remove the need for a cycle.
Web  WARN  Require cycle: ../../kernel/ts/src/content/cartridge_refs.ts -> ../../kernel/ts/src/content/cartridge_dialogues.ts -> ../../kernel/ts/src/content/cartridge_patrol.ts -> ../../kernel/ts/src/content/cartridge_refs.ts

Require cycles are allowed, but can result in uninitialized values. Consider refactoring to remove the need for a cycle.
Web  WARN  Require cycle: ../../kernel/ts/src/content/cartridge_refs.ts -> ../../kernel/ts/src/content/cartridge_dialogues.ts -> ../../kernel/ts/src/content/cartridge_refs.ts

Require cycles are allowed, but can result in uninitialized values. Consider refactoring to remove the need for a cycle.
Web  WARN  Require cycle: ../../kernel/ts/src/content/cartridge_refs.ts -> ../../kernel/ts/src/content/cartridge_quests.ts -> ../../kernel/ts/src/content/cartridge_refs.ts

Require cycles are allowed, but can result in uninitialized values. Consider refactoring to remove the need for a cycle.
Web  WARN  Require cycle: ../../kernel/ts/src/content/cartridge_refs.ts -> ../../kernel/ts/src/content/cartridge_reactions.ts -> ../../kernel/ts/src/content/cartridge_refs.ts

Require cycles are allowed, but can result in uninitialized values. Consider refactoring to remove the need for a cycle.
Web  WARN  Require cycle: ../../kernel/ts/src/content/cartridge_refs.ts -> ../../kernel/ts/src/content/cartridge_recipes.ts -> ../../kernel/ts/src/content/cartridge_refs.ts

Require cycles are allowed, but can result in uninitialized values. Consider refactoring to remove the need for a cycle.
Web  WARN  Require cycle: ../../kernel/ts/src/content/cartridge_refs.ts -> ../../kernel/ts/src/content/cartridge_position.ts -> ../../kernel/ts/src/content/cartridge_scenes.ts -> ../../kernel/ts/src/content/cartridge_dreams.ts -> ../../kernel/ts/src/content/cartridge_refs.ts

Require cycles are allowed, but can result in uninitialized values. Consider refactoring to remove the need for a cycle.
Web  WARN  Require cycle: ../../kernel/ts/src/content/cartridge_refs.ts -> ../../kernel/ts/src/content/cartridge_position.ts -> ../../kernel/ts/src/content/cartridge_scenes.ts -> ../../kernel/ts/src/content/cartridge_refs.ts

Require cycles are allowed, but can result in uninitialized values. Consider refactoring to remove the need for a cycle.
Web  WARN  Require cycle: ../../kernel/ts/src/content/cartridge_refs.ts -> ../../kernel/ts/src/content/cartridge_position.ts -> ../../kernel/ts/src/content/cartridge_refs.ts

Require cycles are allowed, but can result in uninitialized values. Consider refactoring to remove the need for a cycle.
Web  WARN  Require cycle: ../../kernel/ts/src/mechanics/scene/shared.ts -> ../../kernel/ts/src/mechanics/scene/rest.ts -> ../../kernel/ts/src/mechanics/scene/shared.ts

Require cycles are allowed, but can result in uninitialized values. Consider refactoring to remove the need for a cycle.
Web  WARN  Require cycle: ../../kernel/ts/src/mechanics/dialogue/shared.ts -> ../../kernel/ts/src/mechanics/patrol/shared.ts -> ../../kernel/ts/src/mechanics/movement/shared.ts -> ../../kernel/ts/src/mechanics/combat/shared.ts -> ../../kernel/ts/src/mechanics/scene/shared.ts -> ../../kernel/ts/src/mechanics/dialogue/shared.ts

Require cycles are allowed, but can result in uninitialized values. Consider refactoring to remove the need for a cycle.
Web  WARN  Require cycle: ../../kernel/ts/src/commands/actions.ts -> ../../kernel/ts/src/mechanics/dialogue/shared.ts -> ../../kernel/ts/src/commands/actions.ts

Require cycles are allowed, but can result in uninitialized values. Consider refactoring to remove the need for a cycle.
Web  WARN  Require cycle: book/model.ts -> book/offers.ts -> book/model.ts

Require cycles are allowed, but can result in uninitialized values. Consider refactoring to remove the need for a cycle.
Web  LOG  Running application "main" with appParams:
 {"hydrate": undefined, "rootTag": "#root"} 
Development-level warnings: ON.
Performance optimizations: OFF.
Web Bundled 3ms node_modules/expo-sqlite/web/worker.ts (1 module)
Web  WARN  Using synchronous SQLite operations can cause significant performance impact. Consider using async operations instead.
Web  WARN  Animated: `useNativeDriver` is not supported because the native animated module is missing. Falling back to JS-based animation. To resolve this, add `RCTAnimation` module to this app, or remove `useNativeDriver`. Make sure to run `bundle exec pod install` first. Read more about autolinking: https://github.com/react-native-community/cli/blob/master/docs/autolinking.md
