(node:77215) [MODULE_TYPELESS_PACKAGE_JSON] Warning: Module type of file://[local-path] is not specified and it doesn't parse as CommonJS.
Reparsing as ES module because module syntax was detected. This incurs a performance overhead.
To eliminate this warning, add "type": "module" to [local-path]
(Use `node --trace-warnings ...` to show where the warning was created)
✔ E1 SQLite case requires complete fault schedule and committed commands (722.470125ms)
✔ E1 binds only the witnessed study_tracks consequence after semantic replay (1642.551375ms)
✔ E1 binds the exact study_tracks recipe and required policy from committed performance (753.792584ms)
✔ E1 witnesses an opened dialogue and only its accepted choice (300.571ms)
✔ E1 binds each required predicate of the selected Elspeth report dialogue (771.349458ms)
✔ E1 binds modal scene steps only to accepted acknowledgements (3253.956833ms)
✔ E1 binds both selected dream branches and acknowledged scene steps (1958.510917ms)
✔ E1 binds Maud objective only on its committed resolved transition (3916.678917ms)
ℹ tests 8
ℹ suites 0
ℹ pass 8
ℹ fail 0
ℹ cancelled 0
ℹ skipped 0
ℹ todo 0
ℹ duration_ms 13779.303542
