{
  "source_head": "815f66f9039ca22f80d44112a1ff966eadb8381e",
  "fixture": "dbff57ba20305dffa4a0679ab58d480574fbc3fd93fddeb3bf08d48d78e057b9",
  "seeds": 200,
  "commands": 6758,
  "failures": [
    {
      "seed": 71,
      "id": "gameview_agrees_with_admission",
      "detail": "not_found",
      "at": 11,
      "command": {
        "id": "30858780-d5d8-817d-ac0d-91e4e2e837a5",
        "world_context_id": "80bb96e1-f6d7-8212-aba3-6dc0ebd97dba",
        "payload": {
          "actor_id": "574dfb63-b6eb-8db4-bf09-d2c166de114b",
          "type": "use_service",
          "provider_id": "ccfddbaf-99da-85ee-9c63-8d6a6a4fa511",
          "service": {
            "cartridge_id": "ashmere_missing_child",
            "cartridge_version": "0.0.30",
            "kind": "service",
            "key": "lantern_meal"
          },
          "quoted_price": 2
        }
      }
    }
  ]
}
