Compiling 70 files (.ex)
Generated loka app
Running ExUnit with seed: 436723, max_cases: 16

..

  1) test water rows match independent literal composition answers (Loka.Core.WaterCompositionTest)
     test/loka/core/water_composition_test.exs:7
     clear-stale-prior
     code: for c <- @cases do
     stacktrace:
       test/loka/core/water_composition_test.exs:11: anonymous fn/2 in Loka.Core.WaterCompositionTest."test water rows match independent literal composition answers"/1
       (elixir 1.20.4) lib/enum.ex:2622: Enum."-reduce/3-lists^foldl/2-0-"/3
       test/loka/core/water_composition_test.exs:8: (test)


Finished in 0.2 seconds (0.2s async, 0.00s sync)

Result: 2/3 passed
Failed: 1 test
    warning: variable "row" is unused (if the variable is not meant to be used, prefix it with an underscore)
    │
  3 │   def transition(op, row, {state, _, _} = ctx, read) do
    │                      ~~~
    │
    └─ lib/loka/core/compose_water.ex:3:22: Loka.Core.ComposeWater.transition/4

