✔ two-exit Flee selects canonical north/west using independent seeded answers (15.736333ms)
✔ blocked exits are excluded; zero exits or insufficient fare refuse without a draw (6.557583ms)
✔ active combat exposes one directionless Flee and refuses directional movement (2.804959ms)
✔ random Flee candidate policies share the command query budget and fault atomically (8.453625ms)
✔ one fatal sequence preserves custody and returns the same body with exact restoration (11.687125ms)
✔ owners recover roots through ordinary Take while corpses remain fixed and private (11.834709ms)
✔ HP-zero NPC retains identity but leaves living projection and admission (7.22775ms)
✔ new API gate and narrow hydration reject invalid provenance/custody (12.059417ms)
✔ living projection refuses a missing required NPC HP row (1.083417ms)
✔ fatal transfer delta orders unsorted roots between initial placement and return (1.671625ms)
✔ paid outbound and free return join exact conserved balances and body entry (101.816ms)
✔ unaffordable and forged endpoint offers refuse atomically (132.5045ms)
✔ recovery waiver uses actual death owner, isle room and contained roots (59.3705ms)
✔ Sedge teaches swim once freely through the original present dialogue (64.882792ms)
✔ loader rejects invalid endpoint, funding, action and free lesson bindings (328.634ms)
✔ boarding remains inspectable with a disabled offer during a real encounter (53.290084ms)
✔ a fresh world mints IdSource ids and puts the player in the entry room (4.862875ms)
✔ a body out of mv waits an hour and moves again (28.806958ms)
✔ move north proposes one transfer and entity_entered_room, and commits it (1.699209ms)
✔ a scripted walk visits the expected rooms and rejects the known bad moves (5.030167ms)
✔ look is accepted with an empty delta and leaves the state unchanged (0.485708ms)
✔ unknown capabilities and other actors are rejected before any rule (0.52075ms)
✔ the movement invariants fail on a broken world (0.715167ms)
✔ the delta digest construction matches the Python known answer (0.684083ms)
✔ a foreign event faults unowned_event, and a rule mutating the world throws (1.125083ms)
✔ INSTALLED is each rule module and each implemented ruleless capability (5.639125ms)
(node:26954) [MODULE_TYPELESS_PACKAGE_JSON] Warning: Module type of file://[workspace]/mobile/app/book/presenter.ts is not specified and it doesn't parse as CommonJS.
Reparsing as ES module because module syntax was detected. This incurs a performance overhead.
To eliminate this warning, add "type": "module" to [workspace]/mobile/app/package.json.
(Use `node --trace-warnings ...` to show where the warning was created)
✔ paid crossing, free Sedge lesson, six-room exploration and return reopen at committed boundaries (649.397875ms)
✔ forged ferry receipts and saved custody refuse typed corruption without changing the database (685.049417ms)
✔ real failed and uncertain COMMIT outcomes fence paid/free crossing and lesson then replay once (1385.681458ms)
✔ Book projects an exact boarding control and restores one committed endpoint result (132.930583ms)
✔ the original following Wren crosses once without rescue credit; separated Wren stays behind (320.460958ms)
✔ actual Chapel death return reaches the dark-loft corpse without gear and retains every nested identity on cold reopen (938.875125ms)
✔ a transport-only cartridge validates crossing receipts without another producer (107.429792ms)
ℹ tests 33
ℹ suites 0
ℹ pass 33
ℹ fail 0
ℹ cancelled 0
ℹ skipped 0
ℹ todo 0
ℹ duration_ms 5353.538292
