✔ two-exit Flee selects canonical north/west using independent seeded answers (24.025584ms)
✔ blocked exits are excluded; zero exits or insufficient fare refuse without a draw (7.786542ms)
✔ active combat exposes one directionless Flee and refuses directional movement (2.951083ms)
✔ random Flee candidate policies share the command query budget and fault atomically (13.840958ms)
✔ one fatal sequence preserves custody and returns the same body with exact restoration (26.074333ms)
✔ owners recover roots through ordinary Take while corpses remain fixed and private (10.904417ms)
✔ HP-zero NPC retains identity but leaves living projection and admission (11.234708ms)
✔ new API gate and narrow hydration reject invalid provenance/custody (20.888958ms)
✔ living projection refuses a missing required NPC HP row (1.083458ms)
✔ fatal transfer delta orders unsorted roots between initial placement and return (1.165625ms)
✔ paid outbound and free return join exact conserved balances and body entry (104.811542ms)
✔ unaffordable and forged endpoint offers refuse atomically (120.470709ms)
✔ recovery waiver uses actual death owner, isle room and contained roots (61.865833ms)
✔ Sedge teaches swim once freely through the original present dialogue (76.666584ms)
✔ loader rejects invalid endpoint, funding, action and free lesson bindings (340.606167ms)
✔ boarding remains inspectable with a disabled offer during a real encounter (52.1985ms)
✔ a fresh world mints IdSource ids and puts the player in the entry room (7.677958ms)
✔ a body out of mv waits an hour and moves again (25.303167ms)
✔ move north proposes one transfer and entity_entered_room, and commits it (0.769083ms)
✔ a scripted walk visits the expected rooms and rejects the known bad moves (3.359041ms)
✔ look is accepted with an empty delta and leaves the state unchanged (0.487917ms)
✔ unknown capabilities and other actors are rejected before any rule (0.604ms)
✔ the movement invariants fail on a broken world (0.605667ms)
✔ the delta digest construction matches the Python known answer (0.629917ms)
✔ a foreign event faults unowned_event, and a rule mutating the world throws (1.222583ms)
✔ INSTALLED is each rule module and each implemented ruleless capability (6.26375ms)
(node:26547) [MODULE_TYPELESS_PACKAGE_JSON] Warning: Module type of file://[workspace]/mobile/app/book/presenter.ts is not specified and it doesn't parse as CommonJS.
Reparsing as ES module because module syntax was detected. This incurs a performance overhead.
To eliminate this warning, add "type": "module" to [workspace]/mobile/app/package.json.
(Use `node --trace-warnings ...` to show where the warning was created)
✔ paid crossing, free Sedge lesson, six-room exploration and return reopen at committed boundaries (660.944125ms)
✔ forged ferry receipts and saved custody refuse typed corruption without changing the database (713.245833ms)
✔ real failed and uncertain COMMIT outcomes fence paid/free crossing and lesson then replay once (1721.430834ms)
✔ Book projects an exact boarding control and restores one committed endpoint result (167.543875ms)
✔ the original following Wren crosses once without rescue credit; separated Wren stays behind (317.058959ms)
✔ actual Chapel death return reaches the dark-loft corpse without gear and retains every nested identity on cold reopen (929.384209ms)
✔ a transport-only cartridge validates crossing receipts without another producer (111.792833ms)
ℹ tests 33
ℹ suites 0
ℹ pass 33
ℹ fail 0
ℹ cancelled 0
ℹ skipped 0
ℹ todo 0
ℹ duration_ms 5776.562291
