(node:26772) [MODULE_TYPELESS_PACKAGE_JSON] Warning: Module type of file://[workspace]/mobile/app/book/presenter.ts is not specified and it doesn't parse as CommonJS.
Reparsing as ES module because module syntax was detected. This incurs a performance overhead.
To eliminate this warning, add "type": "module" to [workspace]/mobile/app/package.json.
(Use `node --trace-warnings ...` to show where the warning was created)
✖ water entry/surface/expiry/recovery reopen with original deadline and custody, then replay once (701.766708ms)
✔ cold elapsed debt settles the original drowning deadline before input (232.698625ms)
✔ real failed, uncertain absent and committed COMMIT outcomes fence water commands and reconcile once (1279.517834ms)
✔ malformed water and historical recovery rows refuse save_corrupt without rewriting progress (922.488917ms)
✔ Book projects warning, confirmed remaining time, free Surface and selected original recovery once (204.78025ms)
✔ expiry COMMIT committed and absent branches reconcile one actual corpse with no split custody (208.288625ms)
✔ sleeping recovery stays ordinary and elapsed preflight within one generation still surfaces free (103.563209ms)
✔ real saved recovery preserves original roots when existing held gear forces overload (104.215208ms)
✔ two eligible corpses select one actual identity and keep the other original roots (135.883083ms)
ℹ tests 9
ℹ suites 0
ℹ pass 8
ℹ fail 1
ℹ cancelled 0
ℹ skipped 0
ℹ todo 0
ℹ duration_ms 5113.431

✖ failing tests:

test at mobile/authority/local-story/water.test.ts:124:1
✖ water entry/surface/expiry/recovery reopen with original deadline and custody, then replay once (701.766708ms)
  AssertionError [ERR_ASSERTION]: Expected values to be strictly equal:
  + actual - expected
  
  + 'saved'
  - 'stale_view'
  
      at TestContext.<anonymous> (file://[workspace]/mobile/authority/local-story/water.test.ts:152:10)
      at Test.runInAsyncScope (node:async_hooks:227:14)
      at Test.run (node:internal/test_runner/test:1402:25)
      at Test.start (node:internal/test_runner/test:1262:17)
      at startSubtestAfterBootstrap (node:internal/test_runner/harness:387:17)
      at process.processTicksAndRejections (node:internal/process/task_queues:104:5) {
    generatedMessage: true,
    code: 'ERR_ASSERTION',
    actual: 'saved',
    expected: 'stale_view',
    operator: 'strictEqual',
    diff: 'simple'
  }
