✔ water exact-edge admission is atomic at learned 6000g/MV10 boundary (141.270458ms)
✖ captured free Up survives changed eligibility and old generations cannot drown reentry (74.817ms)
✔ deadline 70800 drowns once with actual nested possessions and same-body Chapel return (81.091958ms)
✔ Chapel recovery selects only actual owned bottom corpses and permits forced overload (88.748917ms)
✖ both real bottoms retain darkness, actual chest descendants and free lit-loot return (64.321458ms)
✔ empty corpse history stays bounded by one holder scan and creates no recovery offers (75.258625ms)
✔ water exit projection checks its exact move key despite a differently keyed allowed alias (57.083125ms)
✔ ordinary combat death below also invalidates the original water occurrence (62.041542ms)
ℹ tests 8
ℹ suites 0
ℹ pass 6
ℹ fail 2
ℹ cancelled 0
ℹ skipped 0
ℹ todo 0
ℹ duration_ms 1675.77875

✖ failing tests:

test at kernel/ts/test/water.test.ts:138:1
✖ captured free Up survives changed eligibility and old generations cannot drown reentry (74.817ms)
  AssertionError [ERR_ASSERTION]: Expected values to be strictly equal:
  
  false !== true
  
      at TestContext.<anonymous> (file://[workspace]/kernel/ts/test/water.test.ts:144:10)
      at Test.runInAsyncScope (node:async_hooks:227:14)
      at Test.run (node:internal/test_runner/test:1402:25)
      at Test.processPendingSubtests (node:internal/test_runner/test:974:18)
      at Test.postRun (node:internal/test_runner/test:1542:19)
      at Test.run (node:internal/test_runner/test:1467:12)
      at async startSubtestAfterBootstrap (node:internal/test_runner/harness:387:3) {
    generatedMessage: true,
    code: 'ERR_ASSERTION',
    actual: false,
    expected: true,
    operator: 'strictEqual',
    diff: 'simple'
  }

test at kernel/ts/test/water.test.ts:292:1
✖ both real bottoms retain darkness, actual chest descendants and free lit-loot return (64.321458ms)
  AssertionError [ERR_ASSERTION]: Expected values to be strictly equal:
  
  false !== true
  
      at TestContext.<anonymous> (file://[workspace]/kernel/ts/test/water.test.ts:301:10)
      at Test.runInAsyncScope (node:async_hooks:227:14)
      at Test.run (node:internal/test_runner/test:1402:25)
      at Test.processPendingSubtests (node:internal/test_runner/test:974:18)
      at Test.postRun (node:internal/test_runner/test:1542:19)
      at Test.run (node:internal/test_runner/test:1467:12)
      at async Test.processPendingSubtests (node:internal/test_runner/test:974:7) {
    generatedMessage: true,
    code: 'ERR_ASSERTION',
    actual: false,
    expected: true,
    operator: 'strictEqual',
    diff: 'simple'
  }
