✔ water exact-edge admission is atomic at learned 6000g/MV10 boundary (182.384583ms)
✔ captured free Up survives changed eligibility and old generations cannot drown reentry (198.998959ms)
✔ deadline 70800 drowns once with actual nested possessions and same-body Chapel return (92.064ms)
✔ Chapel recovery selects only actual owned bottom corpses and permits forced overload (83.61925ms)
✔ both real bottoms retain darkness, actual chest descendants and free lit-loot return (81.55725ms)
✔ empty corpse history stays bounded by one holder scan and creates no recovery offers (93.828125ms)
✔ water exit projection checks its exact move key despite a differently keyed allowed alias (100.101375ms)
✔ ordinary combat death below also invalidates the original water occurrence (93.61425ms)
✔ water occupancy and deadline job composition match independent literal rows (7.697125ms)
✔ independent job invariant rejects partial actor/body/generation success (0.331333ms)
✔ loader rejects malformed water references, pairing and free Surface while source short refs compile (699.391ms)
✔ water contracts reject malformed bindings, bounds and closed corpse selection (8.459583ms)
(node:31108) [MODULE_TYPELESS_PACKAGE_JSON] Warning: Module type of file://[workspace]/mobile/app/book/presenter.ts is not specified and it doesn't parse as CommonJS.
Reparsing as ES module because module syntax was detected. This incurs a performance overhead.
To eliminate this warning, add "type": "module" to [workspace]/mobile/app/package.json.
(Use `node --trace-warnings ...` to show where the warning was created)
✔ water entry/surface/expiry/recovery reopen with original deadline and custody, then replay once (1228.69ms)
✔ cold elapsed debt settles the original drowning deadline before input (258.4755ms)
✔ real failed, uncertain absent and committed COMMIT outcomes fence water commands and reconcile once (1441.731458ms)
✔ malformed water and historical recovery rows refuse save_corrupt without rewriting progress (1119.576042ms)
✔ Book projects warning, confirmed remaining time, free Surface and selected original recovery once (284.060375ms)
✔ expiry COMMIT committed and absent branches reconcile one actual corpse with no split custody (303.468833ms)
✔ sleeping recovery stays ordinary and elapsed preflight within one generation still surfaces free (151.820584ms)
✔ real saved recovery preserves original roots when existing held gear forces overload (152.034416ms)
✔ two eligible corpses select one actual identity and keep the other original roots (204.234375ms)
ℹ tests 21
ℹ suites 0
ℹ pass 21
ℹ fail 0
ℹ cancelled 0
ℹ skipped 0
ℹ todo 0
ℹ duration_ms 8811.684333
