(node:26434) [MODULE_TYPELESS_PACKAGE_JSON] Warning: Module type of file://[workspace]/mobile/app/book/presenter.ts is not specified and it doesn't parse as CommonJS.
Reparsing as ES module because module syntax was detected. This incurs a performance overhead.
To eliminate this warning, add "type": "module" to [workspace]/mobile/app/package.json.
(Use `node --trace-warnings ...` to show where the warning was created)
✔ water entry/surface/expiry/recovery reopen with original deadline and custody, then replay once (718.789459ms)
✔ cold elapsed debt settles the original drowning deadline before input (160.769958ms)
✔ real failed, uncertain absent and committed COMMIT outcomes fence water commands and reconcile once (922.016625ms)
✖ malformed water and historical recovery rows refuse save_corrupt without rewriting progress (458.065ms)
✔ Book projects warning, confirmed remaining time, free Surface and selected original recovery once (209.047917ms)
✔ expiry COMMIT committed and absent branches reconcile one actual corpse with no split custody (212.980958ms)
✔ sleeping recovery stays ordinary and elapsed preflight within one generation still surfaces free (103.377584ms)
✔ real saved recovery preserves original roots when existing held gear forces overload (97.777625ms)
✔ two eligible corpses select one actual identity and keep the other original roots (133.767375ms)
ℹ tests 9
ℹ suites 0
ℹ pass 8
ℹ fail 1
ℹ cancelled 0
ℹ skipped 0
ℹ todo 0
ℹ duration_ms 4265.099

✖ failing tests:

test at mobile/authority/local-story/water.test.ts:251:1
✖ malformed water and historical recovery rows refuse save_corrupt without rewriting progress (458.065ms)
  TypeError: Cannot read properties of null (reading 'encounter_id')
      at jobsValid (file://[workspace]/kernel/ts/src/mechanics/combat/saved.ts:53:13)
      at encountersValid (file://[workspace]/kernel/ts/src/mechanics/combat/saved.ts:46:10)
      at load (file://[workspace]/mobile/authority/local-story/store.ts:135:20)
      at openStory (file://[workspace]/mobile/authority/local-story/authority.ts:99:28)
      at Object.refuse (file://[workspace]/mobile/authority/local-story/water.test.ts:115:19)
      at TestContext.<anonymous> (file://[workspace]/mobile/authority/local-story/water.test.ts:313:22)
      at Test.runInAsyncScope (node:async_hooks:227:14)
      at Test.run (node:internal/test_runner/test:1402:25)
      at Test.processPendingSubtests (node:internal/test_runner/test:974:18)
      at Test.postRun (node:internal/test_runner/test:1542:19)
