✔ two-exit Flee selects canonical north/west using independent seeded answers (91.932167ms)
✔ blocked exits are excluded; zero exits or insufficient fare refuse without a draw (11.503166ms)
✔ active combat exposes one directionless Flee and refuses directional movement (3.234458ms)
✔ random Flee candidate policies share the command query budget and fault atomically (15.24125ms)
✔ one fatal sequence preserves custody and returns the same body with exact restoration (42.937166ms)
✔ owners recover roots through ordinary Take while corpses remain fixed and private (13.763333ms)
✔ HP-zero NPC retains identity but leaves living projection and admission (7.458583ms)
✔ new API gate and narrow hydration reject invalid provenance/custody (13.138792ms)
✔ living projection refuses a missing required NPC HP row (2.577042ms)
✔ fatal transfer delta orders unsorted roots between initial placement and return (1.014292ms)
✔ paid outbound and free return join exact conserved balances and body entry (161.408333ms)
✔ unaffordable and forged endpoint offers refuse atomically (208.949584ms)
✔ recovery waiver uses actual death owner, isle room and contained roots (89.976ms)
✔ Sedge teaches swim once freely through the original present dialogue (94.557375ms)
✔ loader rejects invalid endpoint, funding, action and free lesson bindings (460.809625ms)
✔ boarding remains inspectable with a disabled offer during a real encounter (83.270084ms)
✔ a fresh world mints IdSource ids and puts the player in the entry room (14.742ms)
✔ a body out of mv waits an hour and moves again (91.773792ms)
✔ move north proposes one transfer and entity_entered_room, and commits it (1.133625ms)
✔ a scripted walk visits the expected rooms and rejects the known bad moves (8.612ms)
✔ look is accepted with an empty delta and leaves the state unchanged (1.05025ms)
✔ unknown capabilities and other actors are rejected before any rule (1.249209ms)
✔ the movement invariants fail on a broken world (2.096666ms)
✔ the delta digest construction matches the Python known answer (0.667958ms)
✔ a foreign event faults unowned_event, and a rule mutating the world throws (0.891625ms)
✔ INSTALLED is each rule module and each implemented ruleless capability (4.967875ms)
(node:17185) [MODULE_TYPELESS_PACKAGE_JSON] Warning: Module type of file://[workspace]/mobile/app/book/presenter.ts is not specified and it doesn't parse as CommonJS.
Reparsing as ES module because module syntax was detected. This incurs a performance overhead.
To eliminate this warning, add "type": "module" to [workspace]/mobile/app/package.json.
(Use `node --trace-warnings ...` to show where the warning was created)
✔ paid crossing, free Sedge lesson, six-room exploration and return reopen at committed boundaries (1342.75125ms)
✔ forged ferry receipts and saved custody refuse typed corruption without changing the database (1018.373083ms)
✔ real failed and uncertain COMMIT outcomes fence paid/free crossing and lesson then replay once (1979.86275ms)
✔ Book projects an exact boarding control and restores one committed endpoint result (173.8945ms)
✔ the original following Wren crosses once without rescue credit; separated Wren stays behind (372.607417ms)
✔ actual Chapel death return reaches the dark-loft corpse without gear and retains every nested identity on cold reopen (1079.178667ms)
✔ a transport-only cartridge validates crossing receipts without another producer (106.218833ms)
ℹ tests 33
ℹ suites 0
ℹ pass 33
ℹ fail 0
ℹ cancelled 0
ℹ skipped 0
ℹ todo 0
ℹ duration_ms 8986.896792
