✔ water exact-edge admission is atomic at learned 6000g/MV10 boundary (138.846375ms)
✔ captured free Up survives changed eligibility and old generations cannot drown reentry (140.8435ms)
✔ deadline 70800 drowns once with actual nested possessions and same-body Chapel return (97.951125ms)
✔ Chapel recovery selects only actual owned bottom corpses and permits forced overload (70.215875ms)
✔ both real bottoms retain darkness, actual chest descendants and free lit-loot return (71.586416ms)
✔ empty corpse history stays bounded by one holder scan and creates no recovery offers (81.702125ms)
✔ water exit projection checks its exact move key despite a differently keyed allowed alias (66.105708ms)
✖ ordinary combat death below also invalidates the original water occurrence (65.23975ms)
ℹ tests 8
ℹ suites 0
ℹ pass 7
ℹ fail 1
ℹ cancelled 0
ℹ skipped 0
ℹ todo 0
ℹ duration_ms 1775.188666

✖ failing tests:

test at kernel/ts/test/water.test.ts:391:1
✖ ordinary combat death below also invalidates the original water occurrence (65.23975ms)
  AssertionError [ERR_ASSERTION]: Expected values to be strictly equal:
  
  70800 !== null
  
      at TestContext.<anonymous> (file://[workspace]/kernel/ts/test/water.test.ts:418:10)
      at Test.runInAsyncScope (node:async_hooks:227:14)
      at Test.run (node:internal/test_runner/test:1402:25)
      at Test.processPendingSubtests (node:internal/test_runner/test:974:18)
      at Test.postRun (node:internal/test_runner/test:1542:19)
      at Test.run (node:internal/test_runner/test:1467:12)
      at async Test.processPendingSubtests (node:internal/test_runner/test:974:7) {
    generatedMessage: true,
    code: 'ERR_ASSERTION',
    actual: 70800,
    expected: null,
    operator: 'strictEqual',
    diff: 'simple'
  }
