✔ two-exit Flee selects canonical north/west using independent seeded answers (22.188583ms)
✔ blocked exits are excluded; zero exits or insufficient fare refuse without a draw (9.061375ms)
✔ active combat exposes one directionless Flee and refuses directional movement (3.451541ms)
✔ random Flee candidate policies share the command query budget and fault atomically (14.528041ms)
✔ one fatal sequence preserves custody and returns the same body with exact restoration (12.791708ms)
✔ owners recover roots through ordinary Take while corpses remain fixed and private (16.236ms)
✔ HP-zero NPC retains identity but leaves living projection and admission (6.292375ms)
✔ new API gate and narrow hydration reject invalid provenance/custody (19.872875ms)
✔ living projection refuses a missing required NPC HP row (2.873833ms)
✔ fatal transfer delta orders unsorted roots between initial placement and return (1.095125ms)
✔ paid outbound and free return join exact conserved balances and body entry (108.537ms)
✔ unaffordable and forged endpoint offers refuse atomically (214.225833ms)
✔ recovery waiver uses actual death owner, isle room and contained roots (53.142208ms)
✔ Sedge teaches swim once freely through the original present dialogue (76.490458ms)
✔ loader rejects invalid endpoint, funding, action and free lesson bindings (351.819208ms)
✔ boarding remains inspectable with a disabled offer during a real encounter (49.2755ms)
✔ a fresh world mints IdSource ids and puts the player in the entry room (111.386292ms)
✔ a body out of mv waits an hour and moves again (45.190667ms)
✔ move north proposes one transfer and entity_entered_room, and commits it (0.601458ms)
✔ a scripted walk visits the expected rooms and rejects the known bad moves (4.441917ms)
✔ look is accepted with an empty delta and leaves the state unchanged (0.532291ms)
✔ unknown capabilities and other actors are rejected before any rule (2.088083ms)
✔ the movement invariants fail on a broken world (0.605917ms)
✔ the delta digest construction matches the Python known answer (0.383792ms)
✔ a foreign event faults unowned_event, and a rule mutating the world throws (1.201333ms)
✔ INSTALLED is each rule module and each implemented ruleless capability (8.603541ms)
(node:24339) [MODULE_TYPELESS_PACKAGE_JSON] Warning: Module type of file://[workspace]/mobile/app/book/presenter.ts is not specified and it doesn't parse as CommonJS.
Reparsing as ES module because module syntax was detected. This incurs a performance overhead.
To eliminate this warning, add "type": "module" to [workspace]/mobile/app/package.json.
(Use `node --trace-warnings ...` to show where the warning was created)
✔ paid crossing, free Sedge lesson, six-room exploration and return reopen at committed boundaries (794.952666ms)
✔ forged ferry receipts and saved custody refuse typed corruption without changing the database (679.277333ms)
✔ real failed and uncertain COMMIT outcomes fence paid/free crossing and lesson then replay once (1273.652083ms)
✔ Book projects an exact boarding control and restores one committed endpoint result (119.81675ms)
✔ the original following Wren crosses once without rescue credit; separated Wren stays behind (374.666917ms)
✔ actual Chapel death return reaches the dark-loft corpse without gear and retains every nested identity on cold reopen (691.921791ms)
✔ a transport-only cartridge validates crossing receipts without another producer (84.471625ms)
ℹ tests 33
ℹ suites 0
ℹ pass 33
ℹ fail 0
ℹ cancelled 0
ℹ skipped 0
ℹ todo 0
ℹ duration_ms 6112.928459
