✖ water exact-edge admission is atomic at learned 6000g/MV10 boundary (87.7665ms)
✔ captured free Up survives changed eligibility and old generations cannot drown reentry (102.654958ms)
✔ deadline 70800 drowns once with actual nested possessions and same-body Chapel return (69.815083ms)
✔ Chapel recovery selects only actual owned bottom corpses and permits forced overload (60.278708ms)
✔ both real bottoms retain darkness, actual chest descendants and free lit-loot return (56.75975ms)
✔ empty corpse history stays bounded by one holder scan and creates no recovery offers (78.645333ms)
✔ water exit projection checks its exact move key despite a differently keyed allowed alias (79.137542ms)
✔ ordinary combat death below also invalidates the original water occurrence (65.024209ms)
ℹ tests 8
ℹ suites 0
ℹ pass 7
ℹ fail 1
ℹ cancelled 0
ℹ skipped 0
ℹ todo 0
ℹ duration_ms 1395.862459

✖ failing tests:

test at kernel/ts/test/water.test.ts:81:1
✖ water exact-edge admission is atomic at learned 6000g/MV10 boundary (87.7665ms)
  AssertionError [ERR_ASSERTION]: Expected values to be strictly equal:
  
  true !== false
  
      at TestContext.<anonymous> (file://[workspace]/kernel/ts/test/water.test.ts:118:12)
      at Test.runInAsyncScope (node:async_hooks:227:14)
      at Test.run (node:internal/test_runner/test:1402:25)
      at Test.start (node:internal/test_runner/test:1262:17)
      at startSubtestAfterBootstrap (node:internal/test_runner/harness:387:17) {
    generatedMessage: true,
    code: 'ERR_ASSERTION',
    actual: true,
    expected: false,
    operator: 'strictEqual',
    diff: 'simple'
  }
