✔ water exact-edge admission is atomic at learned 6000g/MV10 boundary (89.58575ms)
✖ captured free Up survives changed eligibility and old generations cannot drown reentry (49.836292ms)
✔ deadline 70800 drowns once with actual nested possessions and same-body Chapel return (57.850875ms)
✔ Chapel recovery selects only actual owned bottom corpses and permits forced overload (57.754208ms)
✔ both real bottoms retain darkness, actual chest descendants and free lit-loot return (47.292042ms)
✔ empty corpse history stays bounded by one holder scan and creates no recovery offers (58.61775ms)
✔ water exit projection checks its exact move key despite a differently keyed allowed alias (48.887292ms)
✔ ordinary combat death below also invalidates the original water occurrence (45.695208ms)
ℹ tests 8
ℹ suites 0
ℹ pass 7
ℹ fail 1
ℹ cancelled 0
ℹ skipped 0
ℹ todo 0
ℹ duration_ms 1482.397459

✖ failing tests:

test at kernel/ts/test/water.test.ts:138:1
✖ captured free Up survives changed eligibility and old generations cannot drown reentry (49.836292ms)
  AssertionError [ERR_ASSERTION]: Expected values to be strictly equal:
  
  'string' !== 'object'
  
      at TestContext.<anonymous> (file://[workspace]/kernel/ts/test/water.test.ts:156:10)
      at Test.runInAsyncScope (node:async_hooks:227:14)
      at Test.run (node:internal/test_runner/test:1402:25)
      at Test.processPendingSubtests (node:internal/test_runner/test:974:18)
      at Test.postRun (node:internal/test_runner/test:1542:19)
      at Test.run (node:internal/test_runner/test:1467:12)
      at async startSubtestAfterBootstrap (node:internal/test_runner/harness:387:3) {
    generatedMessage: true,
    code: 'ERR_ASSERTION',
    actual: 'string',
    expected: 'object',
    operator: 'strictEqual',
    diff: 'simple'
  }
