✔ two-exit Flee selects canonical north/west using independent seeded answers (68.525916ms)
✔ blocked exits are excluded; zero exits or insufficient fare refuse without a draw (12.557084ms)
✔ active combat exposes one directionless Flee and refuses directional movement (3.560875ms)
✔ random Flee candidate policies share the command query budget and fault atomically (13.277958ms)
✔ one fatal sequence preserves custody and returns the same body with exact restoration (53.797792ms)
✔ owners recover roots through ordinary Take while corpses remain fixed and private (19.140792ms)
✔ HP-zero NPC retains identity but leaves living projection and admission (6.212ms)
✔ new API gate and narrow hydration reject invalid provenance/custody (13.4425ms)
✔ living projection refuses a missing required NPC HP row (0.85475ms)
✔ fatal transfer delta orders unsorted roots between initial placement and return (1.116542ms)
✔ paid outbound and free return join exact conserved balances and body entry (130.8345ms)
✔ unaffordable and forged endpoint offers refuse atomically (151.383042ms)
✔ recovery waiver uses actual death owner, isle room and contained roots (70.65ms)
✔ Sedge teaches swim once freely through the original present dialogue (76.73575ms)
✔ loader rejects invalid endpoint, funding, action and free lesson bindings (359.995166ms)
✔ boarding remains inspectable with a disabled offer during a real encounter (71.092375ms)
✔ a fresh world mints IdSource ids and puts the player in the entry room (7.281291ms)
✔ a body out of mv waits an hour and moves again (37.790834ms)
✔ move north proposes one transfer and entity_entered_room, and commits it (1.580958ms)
✔ a scripted walk visits the expected rooms and rejects the known bad moves (20.993542ms)
✔ look is accepted with an empty delta and leaves the state unchanged (0.693625ms)
✔ unknown capabilities and other actors are rejected before any rule (0.495541ms)
✔ the movement invariants fail on a broken world (6.091458ms)
✔ the delta digest construction matches the Python known answer (0.725583ms)
✔ a foreign event faults unowned_event, and a rule mutating the world throws (0.85375ms)
✔ INSTALLED is each rule module and each implemented ruleless capability (13.310625ms)
(node:24565) [MODULE_TYPELESS_PACKAGE_JSON] Warning: Module type of file://[workspace]/mobile/app/book/presenter.ts is not specified and it doesn't parse as CommonJS.
Reparsing as ES module because module syntax was detected. This incurs a performance overhead.
To eliminate this warning, add "type": "module" to [workspace]/mobile/app/package.json.
(Use `node --trace-warnings ...` to show where the warning was created)
✔ paid crossing, free Sedge lesson, six-room exploration and return reopen at committed boundaries (778.795625ms)
✔ forged ferry receipts and saved custody refuse typed corruption without changing the database (775.110875ms)
✔ real failed and uncertain COMMIT outcomes fence paid/free crossing and lesson then replay once (1570.33ms)
✔ Book projects an exact boarding control and restores one committed endpoint result (139.162417ms)
✔ the original following Wren crosses once without rescue credit; separated Wren stays behind (297.666166ms)
✔ actual Chapel death return reaches the dark-loft corpse without gear and retains every nested identity on cold reopen (847.376958ms)
✔ a transport-only cartridge validates crossing receipts without another producer (94.618042ms)
ℹ tests 33
ℹ suites 0
ℹ pass 33
ℹ fail 0
ℹ cancelled 0
ℹ skipped 0
ℹ todo 0
ℹ duration_ms 6159.633
