✔ water exact-edge admission is atomic at learned 6000g/MV10 boundary (93.881833ms)
✔ captured free Up survives changed eligibility and old generations cannot drown reentry (102.763292ms)
✖ deadline 70800 drowns once with actual nested possessions and same-body Chapel return (58.910875ms)
✖ Chapel recovery selects only actual owned bottom corpses and permits forced overload (48.825959ms)
✔ both real bottoms retain darkness, actual chest descendants and free lit-loot return (50.559875ms)
✔ empty corpse history stays bounded by one holder scan and creates no recovery offers (56.411417ms)
✔ water exit projection checks its exact move key despite a differently keyed allowed alias (44.216875ms)
✔ ordinary combat death below also invalidates the original water occurrence (46.655541ms)
ℹ tests 8
ℹ suites 0
ℹ pass 6
ℹ fail 2
ℹ cancelled 0
ℹ skipped 0
ℹ todo 0
ℹ duration_ms 1167.774959

✖ failing tests:

test at kernel/ts/test/water.test.ts:190:1
✖ deadline 70800 drowns once with actual nested possessions and same-body Chapel return (58.910875ms)
  AssertionError [ERR_ASSERTION]: Expected values to be strictly equal:
  + actual - expected
  
  + 'e76ee6ac-aae2-8f6b-9a37-733058ac6050'
  - '3d4829ad-9e43-81ef-bc10-66b1b267e157'
  
      at TestContext.<anonymous> (file://[workspace]/kernel/ts/test/water.test.ts:226:10)
      at Test.runInAsyncScope (node:async_hooks:227:14)
      at Test.run (node:internal/test_runner/test:1402:25)
      at Test.processPendingSubtests (node:internal/test_runner/test:974:18)
      at Test.postRun (node:internal/test_runner/test:1542:19)
      at Test.run (node:internal/test_runner/test:1467:12)
      at async Test.processPendingSubtests (node:internal/test_runner/test:974:7) {
    generatedMessage: true,
    code: 'ERR_ASSERTION',
    actual: 'e76ee6ac-aae2-8f6b-9a37-733058ac6050',
    expected: '3d4829ad-9e43-81ef-bc10-66b1b267e157',
    operator: 'strictEqual',
    diff: 'simple'
  }

test at kernel/ts/test/water.test.ts:243:1
✖ Chapel recovery selects only actual owned bottom corpses and permits forced overload (48.825959ms)
  AssertionError [ERR_ASSERTION]: Expected values to be strictly equal:
  + actual - expected
  
  + 'e76ee6ac-aae2-8f6b-9a37-733058ac6050'
  - '3d4829ad-9e43-81ef-bc10-66b1b267e157'
  
      at TestContext.<anonymous> (file://[workspace]/kernel/ts/test/water.test.ts:288:10)
      at Test.runInAsyncScope (node:async_hooks:227:14)
      at Test.run (node:internal/test_runner/test:1402:25)
      at Test.processPendingSubtests (node:internal/test_runner/test:974:18)
      at Test.postRun (node:internal/test_runner/test:1542:19)
      at Test.run (node:internal/test_runner/test:1467:12)
      at async Test.processPendingSubtests (node:internal/test_runner/test:974:7) {
    generatedMessage: true,
    code: 'ERR_ASSERTION',
    actual: 'e76ee6ac-aae2-8f6b-9a37-733058ac6050',
    expected: '3d4829ad-9e43-81ef-bc10-66b1b267e157',
    operator: 'strictEqual',
    diff: 'simple'
  }
