Checking formatting...
All matched files use Prettier code style!
[warn] postinstall script did not run; falling back to runtime binary resolution.
Enable postinstall to avoid the per-invocation overhead.
651 docs, 0 broken link(s), 0 unreachable
[provisional/d6-water-depths-source 3bc06262] Implement provisional D6 water deadlines and owned bottom corpse recovery
 143 files changed, 7633 insertions(+), 115 deletions(-)
 create mode 100644 cartridges/ashmere_missing_child/items/old_coin.json
 create mode 100644 cartridges/ashmere_missing_child/items/silver_ring.json
 create mode 100644 cartridges/ashmere_missing_child/items/sunken_chest.json
 create mode 100644 cartridges/ashmere_missing_child/rooms/pool_bottom.json
 create mode 100644 cartridges/ashmere_missing_child/rooms/well_bottom.json
 create mode 100644 docs/evidence/2026-10-06-d6-water-provisional/README.md
 create mode 100644 docs/evidence/2026-10-06-d6-water-provisional/SHA256SUMS
 create mode 100644 docs/evidence/2026-10-06-d6-water-provisional/app-types.log
 create mode 100644 docs/evidence/2026-10-06-d6-water-provisional/checks.json
 create mode 100644 docs/evidence/2026-10-06-d6-water-provisional/contracts-generator.log
 create mode 100644 docs/evidence/2026-10-06-d6-water-provisional/docs.log
 create mode 100644 docs/evidence/2026-10-06-d6-water-provisional/elixir-full-prior-old.log
 create mode 100644 docs/evidence/2026-10-06-d6-water-provisional/elixir-full-prior-red.log
 create mode 100644 docs/evidence/2026-10-06-d6-water-provisional/elixir-independent-job-check-old.log
 create mode 100644 docs/evidence/2026-10-06-d6-water-provisional/elixir-independent-job-check-red.log
 create mode 100644 docs/evidence/2026-10-06-d6-water-provisional/elixir.log
 create mode 100644 docs/evidence/2026-10-06-d6-water-provisional/empty-corpse-budget-old.log
 create mode 100644 docs/evidence/2026-10-06-d6-water-provisional/empty-corpse-budget-red.log
 create mode 100644 docs/evidence/2026-10-06-d6-water-provisional/ex-size.log
 create mode 100644 docs/evidence/2026-10-06-d6-water-provisional/expired-up-becomes-chapel-up-old.log
 create mode 100644 docs/evidence/2026-10-06-d6-water-provisional/expired-up-becomes-chapel-up-red.log
 create mode 100644 docs/evidence/2026-10-06-d6-water-provisional/fare-blocks-up-old.log
 create mode 100644 docs/evidence/2026-10-06-d6-water-provisional/fare-blocks-up-red.log
 create mode 100644 docs/evidence/2026-10-06-d6-water-provisional/features-generator.log
 create mode 100644 docs/evidence/2026-10-06-d6-water-provisional/focused.log
 create mode 100644 docs/evidence/2026-10-06-d6-water-provisional/helper-boundary.log
 create mode 100644 docs/evidence/2026-10-06-d6-water-provisional/helper-import-green.log
 create mode 100644 docs/evidence/2026-10-06-d6-water-provisional/helper-import-red.log
 create mode 100644 docs/evidence/2026-10-06-d6-water-provisional/kernel-types.log
 create mode 100644 docs/evidence/2026-10-06-d6-water-provisional/malformed-job-typed-refusal-old.log
 create mode 100644 docs/evidence/2026-10-06-d6-water-provisional/malformed-job-typed-refusal-red.log
 create mode 100644 docs/evidence/2026-10-06-d6-water-provisional/mutation-summary.json
 create mode 100644 docs/evidence/2026-10-06-d6-water-provisional/mutations.py
 create mode 100644 docs/evidence/2026-10-06-d6-water-provisional/neighbors.log
 create mode 100644 docs/evidence/2026-10-06-d6-water-provisional/other-death-invalidation-old.log
 create mode 100644 docs/evidence/2026-10-06-d6-water-provisional/other-death-invalidation-red.log
 create mode 100644 docs/evidence/2026-10-06-d6-water-provisional/other-death-old.log
 create mode 100644 docs/evidence/2026-10-06-d6-water-provisional/other-death-red.log
 create mode 100644 docs/evidence/2026-10-06-d6-water-provisional/overload-entry-old.log
 create mode 100644 docs/evidence/2026-10-06-d6-water-provisional/overload-entry-red.log
 create mode 100644 docs/evidence/2026-10-06-d6-water-provisional/portable-mutation-summary.json
 create mode 100644 docs/evidence/2026-10-06-d6-water-provisional/portable-mutations.py
 create mode 100644 docs/evidence/2026-10-06-d6-water-provisional/posture-blocks-up-old.log
 create mode 100644 docs/evidence/2026-10-06-d6-water-provisional/posture-blocks-up-red.log
 create mode 100644 docs/evidence/2026-10-06-d6-water-provisional/roots-stay-in-corpse-old.log
 create mode 100644 docs/evidence/2026-10-06-d6-water-provisional/roots-stay-in-corpse-red.log
 create mode 100644 docs/evidence/2026-10-06-d6-water-provisional/schema-direct-summary.json
 create mode 100644 docs/evidence/2026-10-06-d6-water-provisional/schema-generation-red.json
 create mode 100644 docs/evidence/2026-10-06-d6-water-provisional/schema-generation.py
 create mode 100644 docs/evidence/2026-10-06-d6-water-provisional/schema-summary.json
 create mode 100644 docs/evidence/2026-10-06-d6-water-provisional/schema-sweep.ts
 create mode 100644 docs/evidence/2026-10-06-d6-water-provisional/source-head.json
 create mode 100644 docs/evidence/2026-10-06-d6-water-provisional/stale-drowns-old.log
 create mode 100644 docs/evidence/2026-10-06-d6-water-provisional/stale-drowns-red.log
 create mode 100644 docs/evidence/2026-10-06-d6-water-provisional/ts-full-prior-old.log
 create mode 100644 docs/evidence/2026-10-06-d6-water-provisional/ts-full-prior-red.log
 create mode 100644 docs/evidence/2026-10-06-d6-water-provisional/ts-independent-job-check-old.log
 create mode 100644 docs/evidence/2026-10-06-d6-water-provisional/ts-independent-job-check-red.log
 create mode 100644 docs/evidence/2026-10-06-d6-water-provisional/ts-size.log
 create mode 100644 docs/evidence/2026-10-06-d6-water-provisional/verify.txt
 create mode 100644 docs/evidence/2026-10-06-d6-water-provisional/wrong-corpse-owner-old.log
 create mode 100644 docs/evidence/2026-10-06-d6-water-provisional/wrong-corpse-owner-red.log
 create mode 100644 docs/evidence/2026-10-06-d6-water-provisional/wrong-move-key-old.log
 create mode 100644 docs/evidence/2026-10-06-d6-water-provisional/wrong-move-key-red.log
 create mode 100644 kernel/ts/src/content/cartridge_water.ts
 create mode 100644 kernel/ts/src/foundation/compose_water.ts
 create mode 100644 kernel/ts/src/mechanics/containment/recovery.ts
 create mode 100644 kernel/ts/src/mechanics/water/expiry.ts
 create mode 100644 kernel/ts/src/mechanics/water/saved.ts
 create mode 100644 kernel/ts/src/mechanics/water/shared.ts
 create mode 100644 kernel/ts/src/runtime/invariants_water.ts
 create mode 100644 kernel/ts/src/view/water.ts
 create mode 100644 kernel/ts/test/water.test.ts
 create mode 100644 kernel/ts/test/water_composition.test.ts
 create mode 100644 kernel/ts/test/water_content.test.ts
 create mode 100644 kernel/ts/test/water_contracts.test.ts
 create mode 100644 kernel/ts/test/water_fixture.ts
 create mode 100644 lib/loka/content/water.ex
 create mode 100644 lib/loka/core/compose_water.ex
 create mode 100644 lib/loka/core/invariants_water.ex
 create mode 100644 mobile/authority/local-story/water.test.ts
 create mode 100644 protocol/fixtures/water_composition.json
 create mode 100644 protocol/fixtures/water_contracts.json
 create mode 100644 protocol/water.schema.json
 create mode 100644 test/loka/content_water_test.exs
 create mode 100644 test/loka/core/water_composition_test.exs
 create mode 100644 test/loka/core/water_contracts_test.exs
