✔ two-exit Flee selects canonical north/west using independent seeded answers (53.227417ms)
✔ blocked exits are excluded; zero exits or insufficient fare refuse without a draw (5.307792ms)
✔ active combat exposes one directionless Flee and refuses directional movement (1.979208ms)
✔ random Flee candidate policies share the command query budget and fault atomically (16.530792ms)
✔ one fatal sequence preserves custody and returns the same body with exact restoration (10.936666ms)
✔ owners recover roots through ordinary Take while corpses remain fixed and private (26.988875ms)
✔ HP-zero NPC retains identity but leaves living projection and admission (7.371542ms)
✔ new API gate and narrow hydration reject invalid provenance/custody (29.810708ms)
✔ living projection refuses a missing required NPC HP row (1.552125ms)
✔ fatal transfer delta orders unsorted roots between initial placement and return (1.467834ms)
✔ paid outbound and free return join exact conserved balances and body entry (141.676958ms)
✔ unaffordable and forged endpoint offers refuse atomically (152.07475ms)
✔ recovery waiver uses actual death owner, isle room and contained roots (81.899ms)
✔ Sedge teaches swim once freely through the original present dialogue (77.931583ms)
✔ loader rejects invalid endpoint, funding, action and free lesson bindings (462.805125ms)
✔ boarding remains inspectable with a disabled offer during a real encounter (71.38075ms)
✔ a fresh world mints IdSource ids and puts the player in the entry room (7.307792ms)
✔ a body out of mv waits an hour and moves again (56.475209ms)
✔ move north proposes one transfer and entity_entered_room, and commits it (0.665792ms)
✔ a scripted walk visits the expected rooms and rejects the known bad moves (2.880708ms)
✔ look is accepted with an empty delta and leaves the state unchanged (0.44975ms)
✔ unknown capabilities and other actors are rejected before any rule (0.493833ms)
✔ the movement invariants fail on a broken world (0.522833ms)
✔ the delta digest construction matches the Python known answer (0.582666ms)
✔ a foreign event faults unowned_event, and a rule mutating the world throws (1.117375ms)
✔ INSTALLED is each rule module and each implemented ruleless capability (6.498125ms)
(node:25245) [MODULE_TYPELESS_PACKAGE_JSON] Warning: Module type of file://[workspace]/mobile/app/book/presenter.ts is not specified and it doesn't parse as CommonJS.
Reparsing as ES module because module syntax was detected. This incurs a performance overhead.
To eliminate this warning, add "type": "module" to [workspace]/mobile/app/package.json.
(Use `node --trace-warnings ...` to show where the warning was created)
✔ paid crossing, free Sedge lesson, six-room exploration and return reopen at committed boundaries (885.830417ms)
✔ forged ferry receipts and saved custody refuse typed corruption without changing the database (876.5955ms)
✔ real failed and uncertain COMMIT outcomes fence paid/free crossing and lesson then replay once (1649.834375ms)
✔ Book projects an exact boarding control and restores one committed endpoint result (116.326417ms)
✔ the original following Wren crosses once without rescue credit; separated Wren stays behind (228.569917ms)
✔ actual Chapel death return reaches the dark-loft corpse without gear and retains every nested identity on cold reopen (727.685916ms)
✔ a transport-only cartridge validates crossing receipts without another producer (86.16775ms)
ℹ tests 33
ℹ suites 0
ℹ pass 33
ℹ fail 0
ℹ cancelled 0
ℹ skipped 0
ℹ todo 0
ℹ duration_ms 6091.535667
