✔ water exact-edge admission is atomic at learned 6000g/MV10 boundary (91.584291ms)
✖ captured free Up survives changed eligibility and old generations cannot drown reentry (101.287ms)
✔ deadline 70800 drowns once with actual nested possessions and same-body Chapel return (61.480792ms)
✔ Chapel recovery selects only actual owned bottom corpses and permits forced overload (49.594917ms)
✔ both real bottoms retain darkness, actual chest descendants and free lit-loot return (53.796958ms)
✔ empty corpse history stays bounded by one holder scan and creates no recovery offers (62.724125ms)
✔ water exit projection checks its exact move key despite a differently keyed allowed alias (46.831834ms)
✔ ordinary combat death below also invalidates the original water occurrence (49.727042ms)
ℹ tests 8
ℹ suites 0
ℹ pass 7
ℹ fail 1
ℹ cancelled 0
ℹ skipped 0
ℹ todo 0
ℹ duration_ms 1290.892584

✖ failing tests:

test at kernel/ts/test/water.test.ts:138:1
✖ captured free Up survives changed eligibility and old generations cannot drown reentry (101.287ms)
  AssertionError [ERR_ASSERTION]: Expected values to be strictly deep-equal:
  + actual - expected
  
  + [
  +   {
  +     causation_id: '00000000-0000-4000-8000-000000000004',
  +     correlation_id: '00000000-0000-4000-8000-000000000004',
  +     id: '750a960f-7607-8125-ba91-f3c1ceae24f5',
  +     logical_time: 64800,
  +     payload: {
  +       cause: 'drowning',
  +       corpse_id: '8516a888-e94c-8a87-916b-64cb93963603',
  +       credited_character_id: null,
  +       killer_id: null,
  +       room_id: '430c67c1-8c95-8bc2-8fae-84e23a486c3e',
  +       type: 'entity_died',
  +       victim_id: '3d4829ad-9e43-81ef-bc10-66b1b267e157'
  +     },
  +     position: 1,
  +     scope: {
  +       kind: 'instance',
  +       world_context_id: '0d4e8a5c-3f1b-4c2a-9e7d-6b5a4c3d2e1f'
  +     },
  +     world_context_id: '0d4e8a5c-3f1b-4c2a-9e7d-6b5a4c3d2e1f'
  +   }
  + ]
  - []
  
      at TestContext.<anonymous> (file://[workspace]/kernel/ts/test/water.test.ts:182:12)
      at Test.runInAsyncScope (node:async_hooks:227:14)
      at Test.run (node:internal/test_runner/test:1402:25)
      at Test.processPendingSubtests (node:internal/test_runner/test:974:18)
      at Test.postRun (node:internal/test_runner/test:1542:19)
      at Test.run (node:internal/test_runner/test:1467:12)
      at async startSubtestAfterBootstrap (node:internal/test_runner/harness:387:3) {
    generatedMessage: true,
    code: 'ERR_ASSERTION',
    actual: [ { id: '750a960f-7607-8125-ba91-f3c1ceae24f5', world_context_id: '0d4e8a5c-3f1b-4c2a-9e7d-6b5a4c3d2e1f', scope: [Object], logical_time: 64800, position: 1, causation_id: '00000000-0000-4000-8000-000000000004', correlation_id: '00000000-0000-4000-8000-000000000004', payload: [Object] } ],
    expected: [],
    operator: 'deepStrictEqual',
    diff: 'simple'
  }
