✖ water occupancy and deadline job composition match independent literal rows (4.381666ms)
✔ independent job invariant rejects partial actor/body/generation success (0.349ms)
ℹ tests 2
ℹ suites 0
ℹ pass 1
ℹ fail 1
ℹ cancelled 0
ℹ skipped 0
ℹ todo 0
ℹ duration_ms 167.420083

✖ failing tests:

test at kernel/ts/test/water_composition.test.ts:17:1
✖ water occupancy and deadline job composition match independent literal rows (4.381666ms)
  AssertionError [ERR_ASSERTION]: clear-stale-prior
  + actual - expected
  
    {
  +   changes: [
  +     {
  +       target: {
  +         actor_id: '11111111-2222-4333-8444-555555555555',
  +         kind: 'water'
  +       },
  +       value: {
  +         body_id: '22222222-3333-4444-8555-666666666666',
  +         deadline: null,
  +         entered_at: null,
  +         generation: 2,
  +         job_id: null,
  +         room_id: null
  +       }
  -   fault: {
  -     code: 'precondition_failed',
  -     kind: 'fault',
  -     target: {
  -       actor_id: '11111111-2222-4333-8444-555555555555',
  -       kind: 'water'
        }
  +   ]
  -   }
    }
  
      at TestContext.<anonymous> (file://[workspace]/kernel/ts/test/water_composition.test.ts:22:12)
      at Test.runInAsyncScope (node:async_hooks:227:14)
      at Test.run (node:internal/test_runner/test:1402:25)
      at Test.start (node:internal/test_runner/test:1262:17)
      at startSubtestAfterBootstrap (node:internal/test_runner/harness:387:17) {
    generatedMessage: false,
    code: 'ERR_ASSERTION',
    actual: { changes: [ [Object] ] },
    expected: { fault: { kind: 'fault', code: 'precondition_failed', target: [Object] } },
    operator: 'deepStrictEqual',
    diff: 'simple'
  }
