✔ composition known answers (13.916375ms)
✔ invariant checks known answers, a holding and a violated case per invariant checked in both kernels (4.841ms)
✔ invalid successful deltas fail their independent precondition check (0.560333ms)
✔ containment checks deep chains, untouched cycles and untouched capacity (14.806042ms)
✔ limits are named in the composition profile order (0.637542ms)
✔ composition-profile budgets: at the limit composes with the expected changes, one over faults (26.196375ms)
✔ a malformed barrier state faults precondition_failed (0.302458ms)
✔ opted recovery literal rows and independent metadata replay (3.675833ms)
✔ independent recovery replay rejects an unauthored stored rate (0.573084ms)
✔ recovery schema trust-boundary literals (1.303167ms)
✔ entity-resource overrides match literals and independent preconditions reject false success (1.741292ms)
✔ NPC HP schema trust-boundary literals (0.884291ms)
ℹ tests 12
ℹ suites 0
ℹ pass 12
ℹ fail 0
ℹ cancelled 0
ℹ skipped 0
ℹ todo 0
ℹ duration_ms 254.398375
