✔ water occupancy and deadline job composition match independent literal rows (5.406667ms)
✖ independent job invariant rejects partial actor/body/generation success (0.31175ms)
ℹ tests 2
ℹ suites 0
ℹ pass 1
ℹ fail 1
ℹ cancelled 0
ℹ skipped 0
ℹ todo 0
ℹ duration_ms 176.197542

✖ failing tests:

test at kernel/ts/test/water_composition.test.ts:30:1
✖ independent job invariant rejects partial actor/body/generation success (0.31175ms)
  Error: invalid_canonical
      at notCanonical (file://[workspace]/kernel/ts/src/foundation/canonical.ts:179:9)
      at write (file://[workspace]/kernel/ts/src/foundation/canonical.ts:188:58)
      at write (file://[workspace]/kernel/ts/src/foundation/canonical.ts:205:7)
      at write (file://[workspace]/kernel/ts/src/foundation/canonical.ts:205:7)
      at encode (file://[workspace]/kernel/ts/src/foundation/canonical.ts:169:3)
      at key (file://[workspace]/kernel/ts/src/foundation/compose.ts:44:48)
      at same (file://[workspace]/kernel/ts/src/foundation/compose.ts:45:77)
      at file://[workspace]/kernel/ts/src/runtime/invariants_encounter.ts:31:39
      at Array.some (<anonymous>)
      at file://[workspace]/kernel/ts/src/runtime/invariants_encounter.ts:31:20 {
    code: 'invalid_canonical'
  }
