✔ water exact-edge admission is atomic at learned 6000g/MV10 boundary (135.16875ms)
✔ captured free Up survives changed eligibility and old generations cannot drown reentry (180.3955ms)
✔ deadline 70800 drowns once with actual nested possessions and same-body Chapel return (98.717167ms)
✔ Chapel recovery selects only actual owned bottom corpses and permits forced overload (70.326375ms)
✔ both real bottoms retain darkness, actual chest descendants and free lit-loot return (77.03925ms)
✔ empty corpse history stays bounded by one holder scan and creates no recovery offers (88.468875ms)
✖ water exit projection checks its exact move key despite a differently keyed allowed alias (62.296167ms)
✔ ordinary combat death below also invalidates the original water occurrence (64.617125ms)
ℹ tests 8
ℹ suites 0
ℹ pass 7
ℹ fail 1
ℹ cancelled 0
ℹ skipped 0
ℹ todo 0
ℹ duration_ms 1858.663791

✖ failing tests:

test at kernel/ts/test/water.test.ts:356:1
✖ water exit projection checks its exact move key despite a differently keyed allowed alias (62.296167ms)
  AssertionError [ERR_ASSERTION]: Expected values to be strictly equal:
  
  true !== false
  
      at TestContext.<anonymous> (file://[workspace]/kernel/ts/test/water.test.ts:379:10)
      at Test.runInAsyncScope (node:async_hooks:227:14)
      at Test.run (node:internal/test_runner/test:1402:25)
      at Test.processPendingSubtests (node:internal/test_runner/test:974:18)
      at Test.postRun (node:internal/test_runner/test:1542:19)
      at Test.run (node:internal/test_runner/test:1467:12)
      at async Test.processPendingSubtests (node:internal/test_runner/test:974:7) {
    generatedMessage: true,
    code: 'ERR_ASSERTION',
    actual: true,
    expected: false,
    operator: 'strictEqual',
    diff: 'simple'
  }
