✔ water exact-edge admission is atomic at learned 6000g/MV10 boundary (123.486417ms)
✔ captured free Up survives changed eligibility and old generations cannot drown reentry (135.399417ms)
✔ deadline 70800 drowns once with actual nested possessions and same-body Chapel return (86.42375ms)
✖ Chapel recovery selects only actual owned bottom corpses and permits forced overload (69.388833ms)
✔ both real bottoms retain darkness, actual chest descendants and free lit-loot return (77.540084ms)
✔ empty corpse history stays bounded by one holder scan and creates no recovery offers (90.722417ms)
✔ water exit projection checks its exact move key despite a differently keyed allowed alias (68.676125ms)
✔ ordinary combat death below also invalidates the original water occurrence (63.817167ms)
ℹ tests 8
ℹ suites 0
ℹ pass 7
ℹ fail 1
ℹ cancelled 0
ℹ skipped 0
ℹ todo 0
ℹ duration_ms 2065.022083

✖ failing tests:

test at kernel/ts/test/water.test.ts:243:1
✖ Chapel recovery selects only actual owned bottom corpses and permits forced overload (69.388833ms)
  AssertionError [ERR_ASSERTION]: Expected values to be strictly equal:
  + actual - expected
  
  + [
  +   {
  +     corpse_id: 'e76ee6ac-aae2-8f6b-9a37-733058ac6050',
  +     room_id: '430c67c1-8c95-8bc2-8fae-84e23a486c3e',
  +     room_title: 'room.well_bottom.title',
  +     roots: [
  +       {
  +         id: '0556eeda-6c38-8679-bc0b-5a9848eba57a',
  +         name: 'item.brass_key.short'
  +       },
  +       {
  +         id: '65d77be3-068c-8eff-a84e-8b17a5777bcc',
  +         name: 'item.trunk.short'
  +       }
  +     ]
  +   }
  + ]
  - undefined
  
      at TestContext.<anonymous> (file://[workspace]/kernel/ts/test/water.test.ts:274:12)
      at Test.runInAsyncScope (node:async_hooks:227:14)
      at Test.run (node:internal/test_runner/test:1402:25)
      at Test.processPendingSubtests (node:internal/test_runner/test:974:18)
      at Test.postRun (node:internal/test_runner/test:1542:19)
      at Test.run (node:internal/test_runner/test:1467:12)
      at async Test.processPendingSubtests (node:internal/test_runner/test:974:7) {
    generatedMessage: true,
    code: 'ERR_ASSERTION',
    actual: [ { corpse_id: 'e76ee6ac-aae2-8f6b-9a37-733058ac6050', room_id: '430c67c1-8c95-8bc2-8fae-84e23a486c3e', room_title: 'room.well_bottom.title', roots: [Array] } ],
    expected: undefined,
    operator: 'strictEqual',
    diff: 'simple'
  }
