✔ two-exit Flee selects canonical north/west using independent seeded answers (12.543584ms)
✔ blocked exits are excluded; zero exits or insufficient fare refuse without a draw (11.070166ms)
✔ active combat exposes one directionless Flee and refuses directional movement (2.865791ms)
✔ random Flee candidate policies share the command query budget and fault atomically (13.134291ms)
✔ one fatal sequence preserves custody and returns the same body with exact restoration (14.766709ms)
✔ owners recover roots through ordinary Take while corpses remain fixed and private (11.849167ms)
✔ HP-zero NPC retains identity but leaves living projection and admission (5.101792ms)
✔ new API gate and narrow hydration reject invalid provenance/custody (10.893958ms)
✔ living projection refuses a missing required NPC HP row (1.151959ms)
✔ fatal transfer delta orders unsorted roots between initial placement and return (1.623209ms)
✔ paid outbound and free return join exact conserved balances and body entry (102.103709ms)
✔ unaffordable and forged endpoint offers refuse atomically (115.969458ms)
✔ recovery waiver uses actual death owner, isle room and contained roots (56.278708ms)
✔ Sedge teaches swim once freely through the original present dialogue (65.048791ms)
✔ loader rejects invalid endpoint, funding, action and free lesson bindings (334.465709ms)
✔ boarding remains inspectable with a disabled offer during a real encounter (61.292916ms)
✔ a fresh world mints IdSource ids and puts the player in the entry room (6.809542ms)
✔ a body out of mv waits an hour and moves again (30.142583ms)
✔ move north proposes one transfer and entity_entered_room, and commits it (0.961958ms)
✔ a scripted walk visits the expected rooms and rejects the known bad moves (3.61775ms)
✔ look is accepted with an empty delta and leaves the state unchanged (0.482958ms)
✔ unknown capabilities and other actors are rejected before any rule (0.478917ms)
✔ the movement invariants fail on a broken world (0.517083ms)
✔ the delta digest construction matches the Python known answer (0.532792ms)
✔ a foreign event faults unowned_event, and a rule mutating the world throws (1.643083ms)
✔ INSTALLED is each rule module and each implemented ruleless capability (7.722209ms)
(node:25557) [MODULE_TYPELESS_PACKAGE_JSON] Warning: Module type of file://[workspace]/mobile/app/book/presenter.ts is not specified and it doesn't parse as CommonJS.
Reparsing as ES module because module syntax was detected. This incurs a performance overhead.
To eliminate this warning, add "type": "module" to [workspace]/mobile/app/package.json.
(Use `node --trace-warnings ...` to show where the warning was created)
✔ paid crossing, free Sedge lesson, six-room exploration and return reopen at committed boundaries (651.965958ms)
✔ forged ferry receipts and saved custody refuse typed corruption without changing the database (728.685584ms)
✔ real failed and uncertain COMMIT outcomes fence paid/free crossing and lesson then replay once (1728.919083ms)
✔ Book projects an exact boarding control and restores one committed endpoint result (145.104708ms)
✔ the original following Wren crosses once without rescue credit; separated Wren stays behind (307.299875ms)
✔ actual Chapel death return reaches the dark-loft corpse without gear and retains every nested identity on cold reopen (942.060708ms)
✔ a transport-only cartridge validates crossing receipts without another producer (119.851125ms)
ℹ tests 33
ℹ suites 0
ℹ pass 33
ℹ fail 0
ℹ cancelled 0
ℹ skipped 0
ℹ todo 0
ℹ duration_ms 5801.821458
