✖ sight, water and encounter cancellation share the requiredUnless boundary (1.819791ms)
ℹ tests 1
ℹ suites 0
ℹ pass 0
ℹ fail 1
ℹ cancelled 0
ℹ skipped 0
ℹ todo 0
ℹ duration_ms 99.823709

✖ failing tests:

test at test/cancel_alternatives.test.ts:7:1
✖ sight, water and encounter cancellation share the requiredUnless boundary (1.819791ms)
  AssertionError [ERR_ASSERTION]: water
  + actual - expected
  
  + [
  +   {
  +     code: 'missing_property',
  +     path: '/encounter_id'
  +   }
  + ]
  - []
  
      at TestContext.<anonymous> (<local-path>:9:12)
      at Test.runInAsyncScope (node:async_hooks:227:14)
      at Test.run (node:internal/test_runner/test:1402:25)
      at Test.start (node:internal/test_runner/test:1262:17)
      at startSubtestAfterBootstrap (node:internal/test_runner/harness:387:17) {
    generatedMessage: false,
    code: 'ERR_ASSERTION',
    actual: [ { path: '/encounter_id', code: 'missing_property' } ],
    expected: [],
    operator: 'deepStrictEqual',
    diff: 'simple'
  }
