RED: plan.sight required delay
RED: plan.sight required narration
RED: plan.sight delay minimum
RED: plan.sight narration direction pattern
RED: plan.sight narration TextKey
SCHEMA REJECTED: plan.sight closed shape
RED: plan.sight declaration
RED: bundle member_role deer
RED: bundle loot_role hide
RED: job.schedule sight required member_id
RED: job.schedule sight required player_id
RED: job.schedule sight required slot
RED: job.schedule sight required generation
RED: job.schedule sight required seen_at
RED: job.schedule sight required cause_kind
RED: job.schedule sight required cause_id
RED: job.schedule sight required source_id
RED: job.schedule sight required destination_id
RED: job.schedule sight slot minimum
RED: job.schedule sight slot maximum
RED: job.schedule sight generation minimum
RED: job.schedule sight seen_at minimum
RED: job.schedule sight cause enum
SCHEMA REJECTED: job.schedule sight closed shape
RED: job.schedule sight declaration
RED: job.cancel alternative sight_member_id
RED: job.cancel alternative water_generation
RED: job.cancel sight member property
RED: origin role deer
RED: origin role hide
RED: slot sight binding property
RED: slot sight binding JobId
Mutants: 32; fixture red: 30; schema rejected: 2; survived: 0
