• passcodeRequired: false
ka pid=15831 nonce 380709c4a8b9f0a7 -> P6RUN p6-1790994554401-n380709c4a8b9f0a7 ka done records=4 mismatches=0 checks_failed=0
• passcodeRequired: false
n=380709c4a8b9f0a7
sim pid=15832 nonce 6fa2929d2a59925c -> P6RUN p6-1790994558458-n6fa2929d2a59925c sim done records=1436 mismatches=0 checks_failed=0
• passcodeRequired: false
n=6fa2929d2a59925c
carry1 pid=15834 nonce 7d4071cc09003ecb -> P6RUN p6-1790994562650-n7d4071cc09003ecb carry1 HOLD
ERROR: Failed to retrieve the file node for Documents/SQLite/p6-carry1.db (com.apple.dt.CoreDeviceError error 7000 (0x1B58))
ERROR: Failed to retrieve the file node for Documents/SQLite/p6-carry1.db-journal (com.apple.dt.CoreDeviceError error 7000 (0x1B58))
• passcodeRequired: false
n=7d4071cc09003ecb
carry2 pid=15836 nonce 13d9176ed3130525 -> P6RUN p6-1790994566002-n13d9176ed3130525 carry2 done records=13 mismatches=0 checks_failed=0
• passcodeRequired: false
n=13d9176ed3130525
leave1 pid=15837 nonce e896e573fad3a4c5 -> P6RUN p6-1790994568914-ne896e573fad3a4c5 leave1 HOLD
ERROR: Failed to retrieve the file node for Documents/SQLite/p6-leave1.db (com.apple.dt.CoreDeviceError error 7000 (0x1B58))
ERROR: Failed to retrieve the file node for Documents/SQLite/p6-leave1.db-journal (com.apple.dt.CoreDeviceError error 7000 (0x1B58))
• passcodeRequired: false
n=e896e573fad3a4c5
leave2 pid=15839 nonce b62099b18f26087c -> P6RUN p6-1790994572264-nb62099b18f26087c leave2 done records=13 mismatches=0 checks_failed=0
• passcodeRequired: false
n=b62099b18f26087c
lost pid=15841 nonce d5e51a401aff2ae9 -> P6RUN p6-1790994575200-nd5e51a401aff2ae9 lost done records=27 mismatches=0 checks_failed=0
• passcodeRequired: false
n=d5e51a401aff2ae9
dusk pid=15843 nonce 0762ac7c83e1aab2 -> P6RUN p6-1790994579361-n0762ac7c83e1aab2 dusk done records=14 mismatches=6 checks_failed=1
