• passcodeRequired: false
ka pid=15741 nonce 8b21940833ed3cf7 -> P6RUN p6-1790994249248-n8b21940833ed3cf7 ka done records=4 mismatches=0 checks_failed=0
• passcodeRequired: false
n=8b21940833ed3cf7
sim pid=15743 nonce 581a11f26bdf14e3 -> P6RUN p6-1790994253082-n581a11f26bdf14e3 sim done records=1436 mismatches=0 checks_failed=0
• passcodeRequired: false
n=581a11f26bdf14e3
carry1 pid=15746 nonce 208bc199ee85ea38 -> P6RUN p6-1790994257248-n208bc199ee85ea38 carry1 HOLD
ERROR: Failed to retrieve the file node for Documents/SQLite/p6-carry1.db (com.apple.dt.CoreDeviceError error 7000 (0x1B58))
ERROR: Failed to retrieve the file node for Documents/SQLite/p6-carry1.db-journal (com.apple.dt.CoreDeviceError error 7000 (0x1B58))
• passcodeRequired: false
n=208bc199ee85ea38
carry2 pid=15747 nonce 5508acc4f76478e6 -> P6RUN p6-1790994260545-n5508acc4f76478e6 carry2 done records=13 mismatches=0 checks_failed=0
• passcodeRequired: false
n=5508acc4f76478e6
leave1 pid=15750 nonce c7adc37ede165301 -> P6RUN p6-1790994263460-nc7adc37ede165301 leave1 HOLD
ERROR: Failed to retrieve the file node for Documents/SQLite/p6-leave1.db (com.apple.dt.CoreDeviceError error 7000 (0x1B58))
ERROR: Failed to retrieve the file node for Documents/SQLite/p6-leave1.db-journal (com.apple.dt.CoreDeviceError error 7000 (0x1B58))
• passcodeRequired: false
n=c7adc37ede165301
leave2 pid=15752 nonce b86ca113ee00b807 -> P6RUN p6-1790994266787-nb86ca113ee00b807 leave2 done records=13 mismatches=0 checks_failed=0
• passcodeRequired: false
n=b86ca113ee00b807
lost pid=15753 nonce 5a66ad5c62c70678 -> P6RUN p6-1790994269764-n5a66ad5c62c70678 lost done records=27 mismatches=0 checks_failed=0
• passcodeRequired: false
n=5a66ad5c62c70678
dusk pid=15755 nonce bb46c6b1de8e1803 -> P6RUN p6-1790994273960-nbb46c6b1de8e1803 dusk done records=14 mismatches=0 checks_failed=0
• passcodeRequired: false
n=bb46c6b1de8e1803
before pid=15757 nonce c4dbb47fee0f1365 -> P6RUN p6-1790994276880-nc4dbb47fee0f1365 before done records=22 mismatches=0 checks_failed=0
• passcodeRequired: false
n=c4dbb47fee0f1365
corrupt pid=15758 nonce d48ead51864f8aa8 -> P6RUN p6-1790994279795-nd48ead51864f8aa8 corrupt done records=48 mismatches=0 checks_failed=0
• passcodeRequired: false
n=d48ead51864f8aa8
hold1 pid=15759 nonce 11ca061ab124518b -> P6RUN p6-1790994283954-n11ca061ab124518b hold1 HOLD
86016 p6-hold1.db
35360 p6-hold1.db-journal
• passcodeRequired: false
n=11ca061ab124518b
hold1b pid=15762 nonce 2b10a912c8d0b3e9 -> P6RUN p6-1790994288567-n2b10a912c8d0b3e9 hold1b done records=5 mismatches=0 checks_failed=0
• passcodeRequired: false
n=2b10a912c8d0b3e9
hold2 pid=15763 nonce 2d102e69f57e2f4a -> P6RUN p6-1790994291506-n2d102e69f57e2f4a hold2 HOLD
ERROR: Failed to retrieve the file node for Documents/SQLite/p6-hold2.db-journal (com.apple.dt.CoreDeviceError error 7000 (0x1B58))
90112 p6-hold2.db
• passcodeRequired: false
n=2d102e69f57e2f4a
hold2b pid=15764 nonce 304531836eb7803d -> P6RUN p6-1790994294881-n304531836eb7803d hold2b done records=3 mismatches=0 checks_failed=0
• passcodeRequired: false
n=304531836eb7803d
hold3 pid=15767 nonce ef928a6d1e9ff049 -> P6RUN p6-1790994297808-nef928a6d1e9ff049 hold3 HOLD
ERROR: Failed to retrieve the file node for Documents/SQLite/p6-hold3.db-journal (com.apple.dt.CoreDeviceError error 7000 (0x1B58))
94208 p6-hold3.db
• passcodeRequired: false
n=ef928a6d1e9ff049
hold3b pid=15768 nonce 73d24af2b7882629 -> P6RUN p6-1790994301172-n73d24af2b7882629 hold3b done records=2 mismatches=0 checks_failed=0
