✖ every registered invariant is checked per step, or says why not (1.7975ms)
ℹ tests 1
ℹ suites 0
ℹ pass 0
ℹ fail 1
ℹ cancelled 0
ℹ skipped 0
ℹ todo 0
ℹ duration_ms 283.382166

✖ failing tests:

test at kernel/ts/test/sim.test.ts:135:1
✖ every registered invariant is checked per step, or says why not (1.7975ms)
  AssertionError [ERR_ASSERTION]: Expected values to be strictly deep-equal:
  + actual - expected
  ... Skipped lines
  
    [
      'command_id_ignores_placement',
      'containment_acyclic',
      'delta_preconditions_hold',
      'exits_resolve',
  ...
      'one_container_per_item',
  -   'patrol_transitions_hold',
      'player_in_one_room',
      'rejection_consumes_nothing',
      'retry_replays_receipt',
      'target_candidates_ordered',
      'unknown_types_fail_closed'
  
      at TestContext.<anonymous> (file://[worktree]/kernel/ts/test/sim.test.ts:138:10)
      at Test.runInAsyncScope (node:async_hooks:227:14)
      at Test.run (node:internal/test_runner/test:1402:25)
      at Test.start (node:internal/test_runner/test:1262:17)
      at startSubtestAfterBootstrap (node:internal/test_runner/harness:387:17) {
    generatedMessage: true,
    code: 'ERR_ASSERTION',
    actual: [ 'command_id_ignores_placement', 'containment_acyclic', 'delta_preconditions_hold', 'exits_resolve', 'facts_typed', 'fault_codes_are_evaluation_faults', 'fault_discards_whole_proposal', 'gameview_agrees_with_admission', 'idempotency_payload_conflict', 'job_complete_owned_by_run', 'liquid_rows_valid', 'no_last_writer_wins', 'no_proposed_event_escapes', 'one_container_per_item', 'player_in_one_room', 'rejection_consumes_nothing', 'retry_replays_receipt', 'target_candidates_ordered', 'unknown_types_fail_closed' ],
    expected: [ 'command_id_ignores_placement', 'containment_acyclic', 'delta_preconditions_hold', 'exits_resolve', 'facts_typed', 'fault_codes_are_evaluation_faults', 'fault_discards_whole_proposal', 'gameview_agrees_with_admission', 'idempotency_payload_conflict', 'job_complete_owned_by_run', 'liquid_rows_valid', 'no_last_writer_wins', 'no_proposed_event_escapes', 'one_container_per_item', 'patrol_transitions_hold', 'player_in_one_room', 'rejection_consumes_nothing', 'retry_replays_receipt', 'target_candidates_ordered', 'unknown_types_fail_closed' ],
    operator: 'deepStrictEqual',
    diff: 'simple'
  }
