✔ original leader earns zero until real player joins four unique checkpoints (43.82775ms)
✔ ordinary detour requires explicit Rejoin and fresh drawn continuation state (17.515541ms)
✔ fatal combat invalidates together and awaiting attempts before immediate Restart (37.571166ms)
✔ original Wren follow composes independently with leader-only Continue and one joined Move (68.570292ms)
✔ public watch rooms, readables and Start remain usable at dusk, late night and next morning (27.548375ms)
✔ patrol contracts match independent boundary literals (13.744084ms)
✔ patrol composition matches literal lifecycle and refusal rows (16.723166ms)
✔ patrol invariant rejects counterfeit and missing writes (3.285292ms)
✔ two fresh ranges and regression seeds retain all sequence counts and coverage (466.852ms)
✔ an unknown constructor action is safe to compare with admission (0.210125ms)
✔ a door verb listed under an alias key agrees with admission through its command (0.115541ms)
✔ every registered invariant is checked per step, or says why not (0.39ms)
✔ the regression seeds, then 500 fresh sequences, keep every invariant (4430.656166ms)
ℹ generator 17; regression seeds 432 35225 1791136864905; fresh seeds 1791264372062 to 1791264372561; 503 sequences, 15860 steps; lengths 1-8, 9-16, ... 57-64: 61 72 60 75 53 69 61 52; outcomes accepted, cooldown, exit_closed, exit_locked, fault budget_exceeded, fault evaluator_error, fault nonfuture_job, insufficient_resource, invalid_state, invalid_target, not_found, not_owned, not_present, permission_denied, unsupported_capability
✔ each regression seed still issues the command type it was kept for (65.675792ms)
✔ a seed gives byte-identical steps twice in one process and in another process (443.388875ms)
✔ red control: a planted rule bug (drop puts the item inside itself) is found and shrunk (261.881083ms)
✔ red control: a job completed in the root writer group trips job_complete_owned_by_run (103.465917ms)
✔ red control: a rejection that moves the clock trips rejection_consumes_nothing (0.614625ms)
✔ red control: an unknown command type accepted trips unknown_types_fail_closed (79.552542ms)
✔ red control: a GameView that disagrees with admission trips gameview_agrees_with_admission (389.487834ms)
✔ red control: a door verb listed but refused, or accepted but unlisted, trips gameview_agrees_with_admission (1165.793541ms)
✔ red control: wear listed but refused, or remove accepted but unlisted, trips gameview_agrees_with_admission (387.79975ms)
✔ red control: a recipe shown available, or refused for another code, trips gameview_agrees_with_admission (55.880667ms)
✔ red control: an accepted decision with an unregistered event trips unknown_types_fail_closed (2.926875ms)
✔ red control: an accepted step adopted wrong, or not composing, is adopt_mismatch (298.089458ms)
✔ red control: a throw inside a rule is a reported failure, not a crash of the runner (72.282542ms)
ℹ tests 26
ℹ suites 0
ℹ pass 26
ℹ fail 0
ℹ cancelled 0
ℹ skipped 0
ℹ todo 0
ℹ duration_ms 8699.255625
