- heading "The Missing Child — in progress" [level=1]
- button "Continue":
  - generic: Continue
- button "Back to World":
  - generic: Back to World
- generic "day 1, 18:05, dusk, new moon": day 1, 18:05 · dusk · new moon
- generic "Position, standing": standing
- button "Contents, Character, hp 10 of 10, is in perfect health, ma 100 of 100, mv 100 of 100, pennies 20 of 1000":
  - generic: hp 10/10 ma 100/100 mv 100/100 pennies 20/1000

- button "Look, Ferry Landing":
  - generic: Ferry Landing
- generic: Reeds crowd a slick wooden landing, and the river slides past it the color of strong tea. A mooring post leans into the current with a notice nailed to it. Tide marks stripe the pilings.
- button "Elspeth, open":
  - generic: Elspeth is here.
- button "Landing notice":
  - generic: Landing notice
- generic: Hold the map and drag toward a path to walk; tap it to open the map.
- button "Got it":
  - generic: got it
- button "Map"
- generic "day 1, 18:15, dusk, new moon": day 1, 18:15 · dusk · new moon
- button "Position, standing":
  - generic "Position, standing": standing
- button "Contents, Character, hp 10 of 10, is in perfect health, ma 100 of 100, mv 100 of 100, pennies 20 of 1000":
  - generic: hp 10/10 ma 100/100 mv 100/100 pennies 20/1000

- button "Look, Well Lane":
  - generic: Well Lane
- generic: A cobbled lane climbs from the landing toward the green. In the middle stands the well, with a bucket on a chain. The Drowned Lantern’s sign creaks to the east. The well has a rope and bucket for drawing clear water.
- button "The well":
  - generic: The well
- button "Map":
  - generic: down
- generic "day 1, 18:29, dusk, new moon": day 1, 18:29 · dusk · new moon
- button "Position, standing":
  - generic "Position, standing": standing
- button "Contents, Character, hp 10 of 10, is in perfect health, ma 100 of 100, mv 99 of 100, pennies 20 of 1000":
  - generic: hp 10/10 ma 100/100 mv 99/100 pennies 20/1000

- button "Look, Village Green":
  - generic: Village Green
- generic: An old elm shades a patch of trodden grass at the heart of Ashmere. The stocks stand empty, and a market cross of weathered stone marks the middle.
- button "a fox drawing, open":
  - generic: A fox drawing is here.
- button "Map"
- generic "day 1, 18:29, dusk, new moon": day 1, 18:29 · dusk · new moon
- button "Position, standing":
  - generic "Position, standing": standing
- button "Contents, Character, hp 10 of 10, is in perfect health, ma 100 of 100, mv 98 of 100, pennies 20 of 1000":
  - generic: hp 10/10 ma 100/100 mv 98/100 pennies 20/1000

- button "Look, North Gate":
  - generic: North Gate
- generic: The north gate is oak banded with iron, set in the village wall. North, a track climbs to the priory.
- button "Map"
- generic "day 1, 18:30, dusk, new moon": day 1, 18:30 · dusk · new moon
- button "Position, standing":
  - generic "Position, standing": standing
- button "Contents, Character, hp 10 of 10, is in perfect health, ma 100 of 100, mv 97 of 100, pennies 20 of 1000":
  - generic: hp 10/10 ma 100/100 mv 97/100 pennies 20/1000

- button "Look, Watch Post":
  - generic: Watch Post
- generic: An open guard room overlooks the northern arch. The duty roster hangs beside an unlocked cell and the tower stairs.
- button "Tobin, open":
  - generic: Tobin is here.
- button "Duty roster":
  - generic: Duty roster
- button "Map":
  - generic: up
- generic "day 1, 18:30, dusk, new moon": day 1, 18:30 · dusk · new moon
- button "Position, standing":
  - generic "Position, standing": standing
- button "Contents, Character, hp 10 of 10, is in perfect health, ma 100 of 100, mv 96 of 100, pennies 20 of 1000":
  - generic: hp 10/10 ma 100/100 mv 96/100 pennies 20/1000

- heading "Tobin" [level=1]
- generic: Tobin keeps an old sword beside him. He offers immediate lessons in swords and dodge for two pennies each. Learning a skill and qualifying to use it are separate.
- generic: Tobin checks where the two of you stand in the rounds.
- generic: Tobin welcomes you on the rounds. No checkpoint is earned until you walk after him.
- generic: Journal updated
- button "Talk to Tobin":
  - generic: Talk to Tobin
- button "Watchman’s Rounds Tobin":
  - generic: Watchman’s Rounds Tobin
- button "Leave":
  - generic: Leave
- generic "day 1, 18:31, dusk, new moon": day 1, 18:31 · dusk · new moon
- generic "Position, standing": standing
- button "Contents, Character, hp 10 of 10, is in perfect health, ma 100 of 100, mv 96 of 100, pennies 20 of 1000":
  - generic: hp 10/10 ma 100/100 mv 96/100 pennies 20/1000

Explicit cold reload after Start

- heading "The Missing Child — in progress" [level=1]
- button "Continue":
  - generic: Continue
- button "Back to World":
  - generic: Back to World
- generic "day 1, 18:47, dusk, new moon": day 1, 18:47 · dusk · new moon
- generic "Position, standing": standing
- button "Contents, Character, hp 10 of 10, is in perfect health, ma 100 of 100, mv 100 of 100, pennies 20 of 1000":
  - generic: hp 10/10 ma 100/100 mv 100/100 pennies 20/1000

- button "Look, Watch Post":
  - generic: Watch Post
- generic: An open guard room overlooks the northern arch. The duty roster hangs beside an unlocked cell and the tower stairs.
- button "Tobin, open":
  - generic: Tobin is here.
- button "Duty roster":
  - generic: Duty roster
- button "Map":
  - generic: up
- generic "day 1, 18:47, dusk, new moon": day 1, 18:47 · dusk · new moon
- button "Position, standing":
  - generic "Position, standing": standing
- button "Contents, Character, hp 10 of 10, is in perfect health, ma 100 of 100, mv 100 of 100, pennies 20 of 1000":
  - generic: hp 10/10 ma 100/100 mv 100/100 pennies 20/1000

- button "Look, Watch Post":
  - generic: Watch Post
- generic: An open guard room overlooks the northern arch. The duty roster hangs beside an unlocked cell and the tower stairs.
- button "Duty roster":
  - generic: Duty roster
- generic: Tobin leaves.
- button "Map":
  - generic: up
- generic "day 1, 19:06, dusk, new moon": day 1, 19:06 · dusk · new moon
- button "Position, standing":
  - generic "Position, standing": standing
- button "Contents, Character, hp 10 of 10, is in perfect health, ma 100 of 100, mv 100 of 100, pennies 20 of 1000":
  - generic: hp 10/10 ma 100/100 mv 100/100 pennies 20/1000

- heading "Map" [level=1]
- generic: Watch Post
- button "Go east":
  - generic: Go east
- generic: "Beyond east: Watch Cell."
- button "Go up":
  - generic: Go up
- generic: "Beyond up: Gate Tower."
- button "Go west":
  - generic: Go west
- generic: "Beyond west: North Gate — Tobin."
- button "Read duty roster":
  - generic: Read duty roster
- button "Back to World":
  - generic: Back to World
- generic "day 1, 19:06, dusk, new moon": day 1, 19:06 · dusk · new moon
- generic "Position, standing": standing
- button "Contents, Character, hp 10 of 10, is in perfect health, ma 100 of 100, mv 100 of 100, pennies 20 of 1000":
  - generic: hp 10/10 ma 100/100 mv 100/100 pennies 20/1000

- button "Look, North Gate":
  - generic: North Gate
- generic: The north gate is oak banded with iron, set in the village wall. North, a track climbs to the priory.
- button "Tobin, open":
  - generic: Tobin is here.
- button "Map"
- generic "day 1, 19:07, dusk, new moon": day 1, 19:07 · dusk · new moon
- button "Position, standing":
  - generic "Position, standing": standing
- button "Contents, Character, hp 10 of 10, is in perfect health, ma 100 of 100, mv 99 of 100, pennies 20 of 1000":
  - generic: hp 10/10 ma 100/100 mv 99/100 pennies 20/1000

- button "Look, Chapel Steps":
  - generic: Chapel Steps
- generic: Wide stone steps, worn into dips, climb to the chapel door. An alms bowl sits on the top step.
- button "Map"
- generic "day 1, 19:07, dusk, new moon": day 1, 19:07 · dusk · new moon
- button "Position, standing":
  - generic "Position, standing": standing
- button "Contents, Character, hp 10 of 10, is in perfect health, ma 100 of 100, mv 98 of 100, pennies 20 of 1000":
  - generic: hp 10/10 ma 100/100 mv 98/100 pennies 20/1000

- heading "Tobin" [level=1]
- generic: Tobin keeps an old sword beside him. He offers immediate lessons in swords and dodge for two pennies each. Learning a skill and qualifying to use it are separate.
- generic: Tobin welcomes you on the rounds. No checkpoint is earned until you walk after him.
- generic: Tobin checks where the two of you stand in the rounds.
- generic: Tobin takes the next leg alone. Walk the ordinary exit to join him.
- generic: Tobin checks where the two of you stand in the rounds.
- generic: "Continue rounds: not now"
- button "Rejoin":
  - generic: Rejoin
- generic: "Restart: not now"
- generic: "Start rounds: not now"
- button "Leave":
  - generic: Leave
- generic "day 1, 19:08, dusk, new moon": day 1, 19:08 · dusk · new moon
- generic "Position, standing": standing
- button "Contents, Character, hp 10 of 10, is in perfect health, ma 100 of 100, mv 97 of 100, pennies 20 of 1000":
  - generic: hp 10/10 ma 100/100 mv 97/100 pennies 20/1000

- button "Look, North Gate":
  - generic: North Gate
- generic: The north gate is oak banded with iron, set in the village wall. North, a track climbs to the priory.
- generic: Tobin leaves.
- button "Map"
- generic "day 1, 19:37, dusk, new moon": day 1, 19:37 · dusk · new moon
- button "Position, standing":
  - generic "Position, standing": standing
- button "Contents, Character, hp 10 of 10, is in perfect health, ma 100 of 100, mv 100 of 100, pennies 20 of 1000":
  - generic: hp 10/10 ma 100/100 mv 100/100 pennies 20/1000

- heading "Journal" [level=1]
- generic: Watchman’s Rounds
- generic: active
- generic: "2 of 4 checkpoints. together. Tobin is at Village Green. Next: East Gate."
- generic: Follow Tobin by ordinary exits. A departure pauses the attempt; return and Rejoin. After a fatal fall, return and Restart immediately.
- button "Back to World":
  - generic: Back to World
- generic "day 1, 19:38, dusk, new moon": day 1, 19:38 · dusk · new moon
- generic "Position, standing": standing
- button "Contents, Character, hp 10 of 10, is in perfect health, ma 100 of 100, mv 99 of 100, pennies 20 of 1000":
  - generic: hp 10/10 ma 100/100 mv 99/100 pennies 20/1000

- heading "Map" [level=1]
- generic: Village Green
- button "Go east":
  - generic: Go east
- generic: "Beyond east: East Gate."
- button "Go north":
  - generic: Go north
- generic: "Beyond north: North Gate."
- button "Go south":
  - generic: Go south
- generic: "Beyond south: Well Lane."
- button "Back to World":
  - generic: Back to World
- generic "day 1, 19:39, dusk, new moon": day 1, 19:39 · dusk · new moon
- generic "Position, standing": standing
- button "Contents, Character, hp 10 of 10, is in perfect health, ma 100 of 100, mv 99 of 100, pennies 20 of 1000":
  - generic: hp 10/10 ma 100/100 mv 99/100 pennies 20/1000

- button "Look, Well Lane":
  - generic: Well Lane
- generic: A cobbled lane climbs from the landing toward the green. In the middle stands the well, with a bucket on a chain. The Drowned Lantern’s sign creaks to the east. The well has a rope and bucket for drawing clear water.
- button "The well":
  - generic: The well
- button "Map":
  - generic: down
- generic "day 1, 19:39, dusk, new moon": day 1, 19:39 · dusk · new moon
- button "Position, standing":
  - generic "Position, standing": standing
- button "Contents, Character, hp 10 of 10, is in perfect health, ma 100 of 100, mv 98 of 100, pennies 20 of 1000":
  - generic: hp 10/10 ma 100/100 mv 98/100 pennies 20/1000

- heading "Map" [level=1]
- generic: Well Lane
- button "Go down":
  - generic: Go down
- button "Go east":
  - generic: Go east
- generic: "Beyond east: The Drowned Lantern — Widow Maud."
- button "Go north":
  - generic: Go north
- generic: "Beyond north: Village Green — Tobin, a fox drawing."
- button "Go south":
  - generic: Go south
- generic: "Beyond south: Ferry Landing — Elspeth."
- button "Go west":
  - generic: Go west
- generic: "Beyond west: Chandler — Peg Harrow."
- button "Examine the well":
  - generic: Examine the well
- button "Back to World":
  - generic: Back to World
- generic "day 1, 19:39, dusk, new moon": day 1, 19:39 · dusk · new moon
- generic "Position, standing": standing
- button "Contents, Character, hp 10 of 10, is in perfect health, ma 100 of 100, mv 98 of 100, pennies 20 of 1000":
  - generic: hp 10/10 ma 100/100 mv 98/100 pennies 20/1000

- button "Look, The Drowned Lantern":
  - generic: The Drowned Lantern
- generic: The inn is low and warm and smells of peat smoke and spilled ale. The hearth is big enough to stand in. The rumor board is thick with pinned notes, and Maud’s bar runs along the back wall.
- button "Widow Maud, open":
  - generic: Widow Maud is here.
- button "Notice board":
  - generic: Notice board
- button "Map":
  - generic: down
  - generic: up
- generic "day 1, 19:40, dusk, new moon": day 1, 19:40 · dusk · new moon
- button "Position, standing":
  - generic "Position, standing": standing
- button "Contents, Character, hp 10 of 10, is in perfect health, ma 100 of 100, mv 97 of 100, pennies 20 of 1000":
  - generic: hp 10/10 ma 100/100 mv 97/100 pennies 20/1000

- heading "Map" [level=1]
- generic: The Drowned Lantern
- button "Go down":
  - generic: Go down
- generic: "Beyond down: Lantern Cellar — a cellar rat, a cellar rat, a cellar rat, a cellar rat, a cellar rat."
- button "Go up":
  - generic: Go up
- generic: "Beyond up: Inn Rooms — a brass key, a storage chest, a wool cloak."
- button "Go west":
  - generic: Go west
- generic: "Beyond west: Well Lane."
- button "Read Help in the cellar":
  - generic: Read Help in the cellar
- button "Read Lost tin whistle":
  - generic: Read Lost tin whistle
- button "Back to World":
  - generic: Back to World
- generic "day 1, 19:40, dusk, new moon": day 1, 19:40 · dusk · new moon
- generic "Position, standing": standing
- button "Contents, Character, hp 10 of 10, is in perfect health, ma 100 of 100, mv 97 of 100, pennies 20 of 1000":
  - generic: hp 10/10 ma 100/100 mv 97/100 pennies 20/1000

- button "Look, Lantern Cellar":
  - generic: Lantern Cellar
- generic: Ale casks lie on their sides in cradles. The floor is gritty, and the air tastes of old beer. Rat holes gnaw the base of every wall.
- button "a cellar rat, open":
  - generic: A cellar rat is here.
- button "a cellar rat, open":
  - generic: A cellar rat is here.
- button "a cellar rat, open":
  - generic: A cellar rat is here.
- button "a cellar rat, open":
  - generic: A cellar rat is here.
- button "a cellar rat, open":
  - generic: A cellar rat is here.
- button "Map":
  - generic: up
- generic "day 1, 19:40, dusk, new moon": day 1, 19:40 · dusk · new moon
- button "Position, standing":
  - generic "Position, standing": standing
- button "Contents, Character, hp 10 of 10, is in perfect health, ma 100 of 100, mv 96 of 100, pennies 20 of 1000":
  - generic: hp 10/10 ma 100/100 mv 96/100 pennies 20/1000

- heading "A cellar rat" [level=1]
- generic: A small grey rat watches from beside a barrel, its whiskers twitching.
- button "Attack a cellar rat":
  - generic: Attack a cellar rat
- button "Leave":
  - generic: Leave
- generic "day 1, 19:49, dusk, new moon": day 1, 19:49 · dusk · new moon
- generic "Position, standing": standing
- button "Contents, Character, hp 10 of 10, is in perfect health, ma 100 of 100, mv 99 of 100, pennies 20 of 1000":
  - generic: hp 10/10 ma 100/100 mv 99/100 pennies 20/1000

- heading "Combat" [level=1]
- generic: a cellar rat
- button "Look":
  - generic: Look
- button "Flee":
  - generic: Flee
- generic "day 1, 19:49, dusk, new moon": day 1, 19:49 · dusk · new moon
- generic "Position, standing": standing
- button "Contents, Character, hp 10 of 10, is in perfect health, ma 100 of 100, mv 99 of 100, pennies 20 of 1000" [disabled]:
  - generic: hp 10/10 ma 100/100 mv 99/100 pennies 20/1000

- button "Look, Lantern Cellar":
  - generic: Lantern Cellar
- generic: Ale casks lie on their sides in cradles. The floor is gritty, and the air tastes of old beer. Rat holes gnaw the base of every wall.
- button "a cellar rat, open":
  - generic: A cellar rat is here.
- button "a cellar rat, open":
  - generic: A cellar rat is here.
- button "a cellar rat, open":
  - generic: A cellar rat is here.
- button "a cellar rat, open":
  - generic: A cellar rat is here.
- button "a dead cellar rat, open":
  - generic: A dead cellar rat is here.
- button "Map":
  - generic: up
- generic "day 1, 20:15, night, new moon": day 1, 20:15 · night · new moon
- button "Position, standing":
  - generic "Position, standing": standing
- button "Contents, Character, hp 10 of 10, is in perfect health, ma 100 of 100, mv 100 of 100, pennies 20 of 1000":
  - generic: hp 10/10 ma 100/100 mv 100/100 pennies 20/1000

- heading "A cellar rat" [level=1]
- generic: A small grey rat watches from beside a barrel, its whiskers twitching.
- button "Attack a cellar rat":
  - generic: Attack a cellar rat
- button "Leave":
  - generic: Leave
- generic "day 1, 20:16, night, new moon": day 1, 20:16 · night · new moon
- generic "Position, standing": standing
- button "Contents, Character, hp 10 of 10, is in perfect health, ma 100 of 100, mv 100 of 100, pennies 20 of 1000":
  - generic: hp 10/10 ma 100/100 mv 100/100 pennies 20/1000

- heading "Combat" [level=1]
- generic: a cellar rat
- button "Look":
  - generic: Look
- button "Flee":
  - generic: Flee
- generic "day 1, 20:16, night, new moon": day 1, 20:16 · night · new moon
- generic "Position, standing": standing
- button "Contents, Character, hp 10 of 10, is in perfect health, ma 100 of 100, mv 100 of 100, pennies 20 of 1000" [disabled]:
  - generic: hp 10/10 ma 100/100 mv 100/100 pennies 20/1000

- button "Look, Lantern Cellar":
  - generic: Lantern Cellar
- generic: Ale casks lie on their sides in cradles. The floor is gritty, and the air tastes of old beer. Rat holes gnaw the base of every wall.
- button "a cellar rat, open":
  - generic: A cellar rat is here.
- button "a cellar rat, open":
  - generic: A cellar rat is here.
- button "a cellar rat, open":
  - generic: A cellar rat is here.
- button "a dead cellar rat, open":
  - generic: A dead cellar rat is here.
- button "a dead cellar rat, open":
  - generic: A dead cellar rat is here.
- button "Map":
  - generic: up
- generic "day 1, 20:47, night, new moon": day 1, 20:47 · night · new moon
- button "Position, standing":
  - generic "Position, standing": standing
- button "Contents, Character, hp 7 of 10, has some cuts, ma 100 of 100, mv 100 of 100, pennies 20 of 1000":
  - generic: hp 7/10 ma 100/100 mv 100/100 pennies 20/1000

- heading "A cellar rat" [level=1]
- generic: A small grey rat watches from beside a barrel, its whiskers twitching.
- button "Attack a cellar rat":
  - generic: Attack a cellar rat
- button "Leave":
  - generic: Leave
- generic "day 1, 20:48, night, new moon": day 1, 20:48 · night · new moon
- generic "Position, standing": standing
- button "Contents, Character, hp 7 of 10, has some cuts, ma 100 of 100, mv 100 of 100, pennies 20 of 1000":
  - generic: hp 7/10 ma 100/100 mv 100/100 pennies 20/1000

- button "Look, Lantern Cellar":
  - generic: Lantern Cellar
- generic: Ale casks lie on their sides in cradles. The floor is gritty, and the air tastes of old beer. Rat holes gnaw the base of every wall.
- button "a cellar rat, open":
  - generic: A cellar rat is here.
- button "a cellar rat, open":
  - generic: A cellar rat is here.
- button "a dead cellar rat, open":
  - generic: A dead cellar rat is here.
- button "a dead cellar rat, open":
  - generic: A dead cellar rat is here.
- button "a dead cellar rat, open":
  - generic: A dead cellar rat is here.
- button "Map":
  - generic: up
- generic "day 1, 21:08, night, new moon": day 1, 21:08 · night · new moon
- button "Position, standing":
  - generic "Position, standing": standing
- button "Contents, Character, hp 9 of 10, is slightly scratched, ma 100 of 100, mv 100 of 100, pennies 20 of 1000":
  - generic: hp 9/10 ma 100/100 mv 100/100 pennies 20/1000

- heading "A cellar rat" [level=1]
- generic: A small grey rat watches from beside a barrel, its whiskers twitching.
- button "Attack a cellar rat":
  - generic: Attack a cellar rat
- button "Leave":
  - generic: Leave
- generic "day 1, 21:08, night, new moon": day 1, 21:08 · night · new moon
- generic "Position, standing": standing
- button "Contents, Character, hp 9 of 10, is slightly scratched, ma 100 of 100, mv 100 of 100, pennies 20 of 1000":
  - generic: hp 9/10 ma 100/100 mv 100/100 pennies 20/1000

- button "Look, Lantern Cellar":
  - generic: Lantern Cellar
- generic: Ale casks lie on their sides in cradles. The floor is gritty, and the air tastes of old beer. Rat holes gnaw the base of every wall.
- button "a cellar rat, open":
  - generic: A cellar rat is here.
- button "a dead cellar rat, open":
  - generic: A dead cellar rat is here.
- button "a dead cellar rat, open":
  - generic: A dead cellar rat is here.
- button "a dead cellar rat, open":
  - generic: A dead cellar rat is here.
- button "a dead cellar rat, open":
  - generic: A dead cellar rat is here.
- button "Map":
  - generic: up
- generic "day 1, 21:38, night, new moon": day 1, 21:38 · night · new moon
- button "Position, standing":
  - generic "Position, standing": standing
- button "Contents, Character, hp 8 of 10, has a few bruises, ma 100 of 100, mv 100 of 100, pennies 20 of 1000":
  - generic: hp 8/10 ma 100/100 mv 100/100 pennies 20/1000

- heading "A cellar rat" [level=1]
- generic: A small grey rat watches from beside a barrel, its whiskers twitching.
- button "Attack a cellar rat":
  - generic: Attack a cellar rat
- button "Leave":
  - generic: Leave
- generic "day 1, 21:38, night, new moon": day 1, 21:38 · night · new moon
- generic "Position, standing": standing
- button "Contents, Character, hp 8 of 10, has a few bruises, ma 100 of 100, mv 100 of 100, pennies 20 of 1000":
  - generic: hp 8/10 ma 100/100 mv 100/100 pennies 20/1000

- button "Look, Lantern Cellar":
  - generic: Lantern Cellar
- generic: Ale casks lie on their sides in cradles. The floor is gritty, and the air tastes of old beer. Rat holes gnaw the base of every wall.
- button "a dead cellar rat, open":
  - generic: A dead cellar rat is here.
- button "a dead cellar rat, open":
  - generic: A dead cellar rat is here.
- button "a dead cellar rat, open":
  - generic: A dead cellar rat is here.
- button "a dead cellar rat, open":
  - generic: A dead cellar rat is here.
- button "a dead cellar rat, open":
  - generic: A dead cellar rat is here.
- button "Map":
  - generic: up
- generic "day 1, 21:54, night, new moon": day 1, 21:54 · night · new moon
- button "Position, standing":
  - generic "Position, standing": standing
- button "Contents, Character, hp 6 of 10, has several wounds, ma 100 of 100, mv 100 of 100, pennies 20 of 1000":
  - generic: hp 6/10 ma 100/100 mv 100/100 pennies 20/1000

- heading "Map" [level=1]
- generic: Lantern Cellar
- button "Go up":
  - generic: Go up
- generic: "Beyond up: The Drowned Lantern — Widow Maud."
- button "Back to World":
  - generic: Back to World
- generic "day 1, 22:34, night, new moon": day 1, 22:34 · night · new moon
- generic "Position, standing": standing
- button "Contents, Character, hp 10 of 10, is in perfect health, ma 100 of 100, mv 100 of 100, pennies 20 of 1000":
  - generic: hp 10/10 ma 100/100 mv 100/100 pennies 20/1000

- button "Look, The Drowned Lantern":
  - generic: The Drowned Lantern
- generic: The inn is low and warm and smells of peat smoke and spilled ale. The hearth is big enough to stand in. The rumor board is thick with pinned notes, and Maud’s bar runs along the back wall.
- button "Widow Maud, open":
  - generic: Widow Maud is here.
- button "Notice board":
  - generic: Notice board
- button "Map":
  - generic: down
  - generic: up
- generic "day 1, 22:34, night, new moon": day 1, 22:34 · night · new moon
- button "Position, standing":
  - generic "Position, standing": standing
- button "Contents, Character, hp 10 of 10, is in perfect health, ma 100 of 100, mv 99 of 100, pennies 20 of 1000":
  - generic: hp 10/10 ma 100/100 mv 99/100 pennies 20/1000

- heading "Map" [level=1]
- generic: The Drowned Lantern
- button "Go down":
  - generic: Go down
- generic: "Beyond down: Lantern Cellar — a dead cellar rat, a dead cellar rat, a dead cellar rat, a dead cellar rat, a dead cellar rat."
- button "Go up":
  - generic: Go up
- generic: "Beyond up: Inn Rooms — a brass key, a storage chest, a wool cloak."
- button "Go west":
  - generic: Go west
- generic: "Beyond west: Well Lane."
- button "Read Help in the cellar":
  - generic: Read Help in the cellar
- button "Read Lost tin whistle":
  - generic: Read Lost tin whistle
- button "Back to World":
  - generic: Back to World
- generic "day 1, 22:34, night, new moon": day 1, 22:34 · night · new moon
- generic "Position, standing": standing
- button "Contents, Character, hp 10 of 10, is in perfect health, ma 100 of 100, mv 99 of 100, pennies 20 of 1000":
  - generic: hp 10/10 ma 100/100 mv 99/100 pennies 20/1000

- button "Look, Well Lane":
  - generic: Well Lane
- generic: A cobbled lane climbs from the landing toward the green. In the middle stands the well, with a bucket on a chain. The Drowned Lantern’s sign creaks to the east. The well has a rope and bucket for drawing clear water.
- button "The well":
  - generic: The well
- button "Map":
  - generic: down
- generic "day 1, 22:34, night, new moon": day 1, 22:34 · night · new moon
- button "Position, standing":
  - generic "Position, standing": standing
- button "Contents, Character, hp 10 of 10, is in perfect health, ma 100 of 100, mv 98 of 100, pennies 20 of 1000":
  - generic: hp 10/10 ma 100/100 mv 98/100 pennies 20/1000

- heading "Map" [level=1]
- generic: Well Lane
- button "Go down":
  - generic: Go down
- button "Go east":
  - generic: Go east
- generic: "Beyond east: The Drowned Lantern — Widow Maud."
- button "Go north":
  - generic: Go north
- generic: "Beyond north: Village Green — Tobin, a fox drawing."
- button "Go south":
  - generic: Go south
- generic: "Beyond south: Ferry Landing — Elspeth."
- button "Go west":
  - generic: Go west
- generic: "Beyond west: Chandler — Peg Harrow."
- button "Examine the well":
  - generic: Examine the well
- button "Back to World":
  - generic: Back to World
- generic "day 1, 22:35, night, new moon": day 1, 22:35 · night · new moon
- generic "Position, standing": standing
- button "Contents, Character, hp 10 of 10, is in perfect health, ma 100 of 100, mv 98 of 100, pennies 20 of 1000":
  - generic: hp 10/10 ma 100/100 mv 98/100 pennies 20/1000

- button "Look, Village Green":
  - generic: Village Green
- generic: An old elm shades a patch of trodden grass at the heart of Ashmere. The stocks stand empty, and a market cross of weathered stone marks the middle.
- button "Tobin, open":
  - generic: Tobin is here.
- button "a fox drawing, open":
  - generic: A fox drawing is here.
- button "Map"
- generic "day 1, 22:35, night, new moon": day 1, 22:35 · night · new moon
- button "Position, standing":
  - generic "Position, standing": standing
- button "Contents, Character, hp 10 of 10, is in perfect health, ma 100 of 100, mv 97 of 100, pennies 20 of 1000":
  - generic: hp 10/10 ma 100/100 mv 97/100 pennies 20/1000

- heading "Journal" [level=1]
- generic: Watchman’s Rounds
- generic: active
- generic: 2 of 4 checkpoints. paused. Tobin is at Village Green. Return to Tobin and choose Rejoin.
- generic: Follow Tobin by ordinary exits. A departure pauses the attempt; return and Rejoin. After a fatal fall, return and Restart immediately.
- button "Back to World":
  - generic: Back to World
- generic "day 1, 22:36, night, new moon": day 1, 22:36 · night · new moon
- generic "Position, standing": standing
- button "Contents, Character, hp 10 of 10, is in perfect health, ma 100 of 100, mv 97 of 100, pennies 20 of 1000":
  - generic: hp 10/10 ma 100/100 mv 97/100 pennies 20/1000

- heading "Tobin" [level=1]
- generic: Tobin keeps an old sword beside him. He offers immediate lessons in swords and dodge for two pennies each. Learning a skill and qualifying to use it are separate.
- generic: Tobin welcomes you on the rounds. No checkpoint is earned until you walk after him.
- generic: Tobin checks where the two of you stand in the rounds.
- generic: Tobin takes the next leg alone. Walk the ordinary exit to join him.
- generic: Tobin checks where the two of you stand in the rounds.
- generic: Tobin waits beside you again. The next leg continues from here.
- generic: Tobin checks where the two of you stand in the rounds.
- generic: Tobin takes the next leg alone. Walk the ordinary exit to join him.
- generic: Tobin checks where the two of you stand in the rounds.
- generic: "Continue rounds: not now"
- button "Rejoin":
  - generic: Rejoin
- generic: "Restart: not now"
- generic: "Start rounds: not now"
- button "Leave":
  - generic: Leave
- generic "day 1, 22:37, night, new moon": day 1, 22:37 · night · new moon
- generic "Position, standing": standing
- button "Contents, Character, hp 10 of 10, is in perfect health, ma 100 of 100, mv 97 of 100, pennies 20 of 1000":
  - generic: hp 10/10 ma 100/100 mv 97/100 pennies 20/1000

- heading "Tobin" [level=1]
- generic: Tobin keeps an old sword beside him. He offers immediate lessons in swords and dodge for two pennies each. Learning a skill and qualifying to use it are separate.
- generic: Tobin welcomes you on the rounds. No checkpoint is earned until you walk after him.
- generic: Tobin checks where the two of you stand in the rounds.
- generic: Tobin takes the next leg alone. Walk the ordinary exit to join him.
- generic: Tobin checks where the two of you stand in the rounds.
- generic: Tobin waits beside you again. The next leg continues from here.
- generic: Tobin checks where the two of you stand in the rounds.
- generic: Tobin takes the next leg alone. Walk the ordinary exit to join him.
- generic: Tobin checks where the two of you stand in the rounds.
- generic: Tobin waits beside you again. The next leg continues from here.
- generic: Tobin checks where the two of you stand in the rounds.
- button "Continue rounds":
  - generic: Continue rounds
- generic: "Rejoin: not now"
- generic: "Restart: not now"
- generic: "Start rounds: not now"
- button "Leave":
  - generic: Leave
- generic "day 1, 23:06, night, new moon": day 1, 23:06 · night · new moon
- generic "Position, standing": standing
- button "Contents, Character, hp 10 of 10, is in perfect health, ma 100 of 100, mv 100 of 100, pennies 20 of 1000":
  - generic: hp 10/10 ma 100/100 mv 100/100 pennies 20/1000

- button "Look, Village Green":
  - generic: Village Green
- generic: An old elm shades a patch of trodden grass at the heart of Ashmere. The stocks stand empty, and a market cross of weathered stone marks the middle.
- button "a fox drawing, open":
  - generic: A fox drawing is here.
- generic: Tobin leaves.
- button "Map"
- generic "day 1, 23:06, night, new moon": day 1, 23:06 · night · new moon
- button "Position, standing":
  - generic "Position, standing": standing
- button "Contents, Character, hp 10 of 10, is in perfect health, ma 100 of 100, mv 100 of 100, pennies 20 of 1000":
  - generic: hp 10/10 ma 100/100 mv 100/100 pennies 20/1000

- heading "Map" [level=1]
- generic: Village Green
- button "Go east":
  - generic: Go east
- generic: "Beyond east: East Gate — Tobin."
- button "Go north":
  - generic: Go north
- generic: "Beyond north: North Gate."
- button "Go south":
  - generic: Go south
- generic: "Beyond south: Well Lane."
- button "Back to World":
  - generic: Back to World
- generic "day 1, 23:07, night, new moon": day 1, 23:07 · night · new moon
- generic "Position, standing": standing
- button "Contents, Character, hp 10 of 10, is in perfect health, ma 100 of 100, mv 100 of 100, pennies 20 of 1000":
  - generic: hp 10/10 ma 100/100 mv 100/100 pennies 20/1000

- button "Look, East Gate":
  - generic: East Gate
- generic: A road sign stands by a flooded lane. The village green is west of you.
- button "Tobin, open":
  - generic: Tobin is here.
- button "Flooded road sign":
  - generic: Flooded road sign
- button "Map"
- generic "day 1, 23:07, night, new moon": day 1, 23:07 · night · new moon
- button "Position, standing":
  - generic "Position, standing": standing
- button "Contents, Character, hp 10 of 10, is in perfect health, ma 100 of 100, mv 99 of 100, pennies 20 of 1000":
  - generic: hp 10/10 ma 100/100 mv 99/100 pennies 20/1000

- heading "Tobin" [level=1]
- generic: Tobin keeps an old sword beside him. He offers immediate lessons in swords and dodge for two pennies each. Learning a skill and qualifying to use it are separate.
- generic: Tobin welcomes you on the rounds. No checkpoint is earned until you walk after him.
- generic: Tobin checks where the two of you stand in the rounds.
- generic: Tobin takes the next leg alone. Walk the ordinary exit to join him.
- generic: Tobin checks where the two of you stand in the rounds.
- generic: Tobin waits beside you again. The next leg continues from here.
- generic: Tobin checks where the two of you stand in the rounds.
- generic: Tobin takes the next leg alone. Walk the ordinary exit to join him.
- generic: Tobin checks where the two of you stand in the rounds.
- generic: Tobin waits beside you again. The next leg continues from here.
- generic: Tobin checks where the two of you stand in the rounds.
- generic: Tobin takes the next leg alone. Walk the ordinary exit to join him.
- button "Talk to Tobin":
  - generic: Talk to Tobin
- button "Watchman’s Rounds Tobin":
  - generic: Watchman’s Rounds Tobin
- button "Leave":
  - generic: Leave
- generic "day 1, 23:07, night, new moon": day 1, 23:07 · night · new moon
- generic "Position, standing": standing
- button "Contents, Character, hp 10 of 10, is in perfect health, ma 100 of 100, mv 99 of 100, pennies 20 of 1000":
  - generic: hp 10/10 ma 100/100 mv 99/100 pennies 20/1000

- heading "Tobin" [level=1]
- generic: Tobin keeps an old sword beside him. He offers immediate lessons in swords and dodge for two pennies each. Learning a skill and qualifying to use it are separate.
- generic: Tobin welcomes you on the rounds. No checkpoint is earned until you walk after him.
- generic: Tobin checks where the two of you stand in the rounds.
- generic: Tobin takes the next leg alone. Walk the ordinary exit to join him.
- generic: Tobin checks where the two of you stand in the rounds.
- generic: Tobin waits beside you again. The next leg continues from here.
- generic: Tobin checks where the two of you stand in the rounds.
- generic: Tobin takes the next leg alone. Walk the ordinary exit to join him.
- generic: Tobin checks where the two of you stand in the rounds.
- generic: Tobin waits beside you again. The next leg continues from here.
- generic: Tobin checks where the two of you stand in the rounds.
- generic: Tobin takes the next leg alone. Walk the ordinary exit to join him.
- generic: Tobin checks where the two of you stand in the rounds.
- button "Continue rounds":
  - generic: Continue rounds
- generic: "Rejoin: not now"
- generic: "Restart: not now"
- generic: "Start rounds: not now"
- button "Leave":
  - generic: Leave
- generic "day 1, 23:08, night, new moon": day 1, 23:08 · night · new moon
- generic "Position, standing": standing
- button "Contents, Character, hp 10 of 10, is in perfect health, ma 100 of 100, mv 99 of 100, pennies 20 of 1000":
  - generic: hp 10/10 ma 100/100 mv 99/100 pennies 20/1000

- button "Look, East Gate":
  - generic: East Gate
- generic: A road sign stands by a flooded lane. The village green is west of you.
- button "Flooded road sign":
  - generic: Flooded road sign
- generic: Tobin leaves.
- button "Map"
- generic "day 1, 23:08, night, new moon": day 1, 23:08 · night · new moon
- button "Position, standing":
  - generic "Position, standing": standing
- button "Contents, Character, hp 10 of 10, is in perfect health, ma 100 of 100, mv 99 of 100, pennies 20 of 1000":
  - generic: hp 10/10 ma 100/100 mv 99/100 pennies 20/1000

- heading "Map" [level=1]
- generic: East Gate
- button "Go west":
  - generic: Go west
- generic: "Beyond west: Village Green — Tobin, a fox drawing."
- button "Read flooded road sign":
  - generic: Read flooded road sign
- button "Back to World":
  - generic: Back to World
- generic "day 1, 23:08, night, new moon": day 1, 23:08 · night · new moon
- generic "Position, standing": standing
- button "Contents, Character, hp 10 of 10, is in perfect health, ma 100 of 100, mv 99 of 100, pennies 20 of 1000":
  - generic: hp 10/10 ma 100/100 mv 99/100 pennies 20/1000

- button "Look, Village Green":
  - generic: Village Green
- generic: An old elm shades a patch of trodden grass at the heart of Ashmere. The stocks stand empty, and a market cross of weathered stone marks the middle.
- button "Tobin, open":
  - generic: Tobin is here.
- button "a fox drawing, open":
  - generic: A fox drawing is here.
- button "Map"
- generic "day 1, 23:09, night, new moon": day 1, 23:09 · night · new moon
- button "Position, standing":
  - generic "Position, standing": standing
- button "Contents, Character, hp 10 of 10, is in perfect health, ma 100 of 100, mv 98 of 100, pennies 20 of 1000":
  - generic: hp 10/10 ma 100/100 mv 98/100 pennies 20/1000

- heading "Tobin" [level=1]
- generic: Tobin keeps an old sword beside him. He offers immediate lessons in swords and dodge for two pennies each. Learning a skill and qualifying to use it are separate.
- generic: Tobin welcomes you on the rounds. No checkpoint is earned until you walk after him.
- generic: Tobin checks where the two of you stand in the rounds.
- generic: Tobin takes the next leg alone. Walk the ordinary exit to join him.
- generic: Tobin checks where the two of you stand in the rounds.
- generic: Tobin waits beside you again. The next leg continues from here.
- generic: Tobin checks where the two of you stand in the rounds.
- generic: Tobin takes the next leg alone. Walk the ordinary exit to join him.
- generic: Tobin checks where the two of you stand in the rounds.
- generic: Tobin waits beside you again. The next leg continues from here.
- generic: Tobin checks where the two of you stand in the rounds.
- generic: Tobin takes the next leg alone. Walk the ordinary exit to join him.
- generic: Tobin checks where the two of you stand in the rounds.
- generic: Tobin takes the next leg alone. Walk the ordinary exit to join him.
- button "Talk to Tobin":
  - generic: Talk to Tobin
- button "Watchman’s Rounds Tobin":
  - generic: Watchman’s Rounds Tobin
- button "Leave":
  - generic: Leave
- generic "day 1, 23:09, night, new moon": day 1, 23:09 · night · new moon
- generic "Position, standing": standing
- button "Contents, Character, hp 10 of 10, is in perfect health, ma 100 of 100, mv 98 of 100, pennies 20 of 1000":
  - generic: hp 10/10 ma 100/100 mv 98/100 pennies 20/1000

- heading "Tobin" [level=1]
- generic: Tobin keeps an old sword beside him. He offers immediate lessons in swords and dodge for two pennies each. Learning a skill and qualifying to use it are separate.
- generic: Tobin welcomes you on the rounds. No checkpoint is earned until you walk after him.
- generic: Tobin checks where the two of you stand in the rounds.
- generic: Tobin takes the next leg alone. Walk the ordinary exit to join him.
- generic: Tobin checks where the two of you stand in the rounds.
- generic: Tobin waits beside you again. The next leg continues from here.
- generic: Tobin checks where the two of you stand in the rounds.
- generic: Tobin takes the next leg alone. Walk the ordinary exit to join him.
- generic: Tobin checks where the two of you stand in the rounds.
- generic: Tobin waits beside you again. The next leg continues from here.
- generic: Tobin checks where the two of you stand in the rounds.
- generic: Tobin takes the next leg alone. Walk the ordinary exit to join him.
- generic: Tobin checks where the two of you stand in the rounds.
- generic: Tobin takes the next leg alone. Walk the ordinary exit to join him.
- generic: Tobin checks where the two of you stand in the rounds.
- button "Continue rounds":
  - generic: Continue rounds
- generic: "Rejoin: not now"
- generic: "Restart: not now"
- generic: "Start rounds: not now"
- button "Leave":
  - generic: Leave
- generic "day 1, 23:09, night, new moon": day 1, 23:09 · night · new moon
- generic "Position, standing": standing
- button "Contents, Character, hp 10 of 10, is in perfect health, ma 100 of 100, mv 98 of 100, pennies 20 of 1000":
  - generic: hp 10/10 ma 100/100 mv 98/100 pennies 20/1000

- button "Look, Village Green":
  - generic: Village Green
- generic: An old elm shades a patch of trodden grass at the heart of Ashmere. The stocks stand empty, and a market cross of weathered stone marks the middle.
- button "a fox drawing, open":
  - generic: A fox drawing is here.
- generic: Tobin leaves.
- button "Map"
- generic "day 1, 23:09, night, new moon": day 1, 23:09 · night · new moon
- button "Position, standing":
  - generic "Position, standing": standing
- button "Contents, Character, hp 10 of 10, is in perfect health, ma 100 of 100, mv 98 of 100, pennies 20 of 1000":
  - generic: hp 10/10 ma 100/100 mv 98/100 pennies 20/1000

- heading "Map" [level=1]
- generic: Village Green
- button "Go east":
  - generic: Go east
- generic: "Beyond east: East Gate."
- button "Go north":
  - generic: Go north
- generic: "Beyond north: North Gate — Tobin."
- button "Go south":
  - generic: Go south
- generic: "Beyond south: Well Lane."
- button "Back to World":
  - generic: Back to World
- generic "day 1, 23:10, night, new moon": day 1, 23:10 · night · new moon
- generic "Position, standing": standing
- button "Contents, Character, hp 10 of 10, is in perfect health, ma 100 of 100, mv 98 of 100, pennies 20 of 1000":
  - generic: hp 10/10 ma 100/100 mv 98/100 pennies 20/1000

- button "Look, North Gate":
  - generic: North Gate
- generic: The north gate is oak banded with iron, set in the village wall. North, a track climbs to the priory.
- button "Tobin, open":
  - generic: Tobin is here.
- button "Map"
- generic "day 1, 23:10, night, new moon": day 1, 23:10 · night · new moon
- button "Position, standing":
  - generic "Position, standing": standing
- button "Contents, Character, hp 10 of 10, is in perfect health, ma 100 of 100, mv 97 of 100, pennies 20 of 1000":
  - generic: hp 10/10 ma 100/100 mv 97/100 pennies 20/1000

- heading "Tobin" [level=1]
- generic: Tobin keeps an old sword beside him. He offers immediate lessons in swords and dodge for two pennies each. Learning a skill and qualifying to use it are separate.
- generic: Tobin welcomes you on the rounds. No checkpoint is earned until you walk after him.
- generic: Tobin checks where the two of you stand in the rounds.
- generic: Tobin takes the next leg alone. Walk the ordinary exit to join him.
- generic: Tobin checks where the two of you stand in the rounds.
- generic: Tobin waits beside you again. The next leg continues from here.
- generic: Tobin checks where the two of you stand in the rounds.
- generic: Tobin takes the next leg alone. Walk the ordinary exit to join him.
- generic: Tobin checks where the two of you stand in the rounds.
- generic: Tobin waits beside you again. The next leg continues from here.
- generic: Tobin checks where the two of you stand in the rounds.
- generic: Tobin takes the next leg alone. Walk the ordinary exit to join him.
- generic: Tobin checks where the two of you stand in the rounds.
- generic: Tobin takes the next leg alone. Walk the ordinary exit to join him.
- generic: Tobin checks where the two of you stand in the rounds.
- generic: Tobin takes the next leg alone. Walk the ordinary exit to join him.
- button "Talk to Tobin":
  - generic: Talk to Tobin
- button "Watchman’s Rounds Tobin":
  - generic: Watchman’s Rounds Tobin
- button "Leave":
  - generic: Leave
- generic "day 1, 23:10, night, new moon": day 1, 23:10 · night · new moon
- generic "Position, standing": standing
- button "Contents, Character, hp 10 of 10, is in perfect health, ma 100 of 100, mv 98 of 100, pennies 20 of 1000":
  - generic: hp 10/10 ma 100/100 mv 98/100 pennies 20/1000

- heading "Tobin" [level=1]
- generic: Tobin keeps an old sword beside him. He offers immediate lessons in swords and dodge for two pennies each. Learning a skill and qualifying to use it are separate.
- generic: Tobin welcomes you on the rounds. No checkpoint is earned until you walk after him.
- generic: Tobin checks where the two of you stand in the rounds.
- generic: Tobin takes the next leg alone. Walk the ordinary exit to join him.
- generic: Tobin checks where the two of you stand in the rounds.
- generic: Tobin waits beside you again. The next leg continues from here.
- generic: Tobin checks where the two of you stand in the rounds.
- generic: Tobin takes the next leg alone. Walk the ordinary exit to join him.
- generic: Tobin checks where the two of you stand in the rounds.
- generic: Tobin waits beside you again. The next leg continues from here.
- generic: Tobin checks where the two of you stand in the rounds.
- generic: Tobin takes the next leg alone. Walk the ordinary exit to join him.
- generic: Tobin checks where the two of you stand in the rounds.
- generic: Tobin takes the next leg alone. Walk the ordinary exit to join him.
- generic: Tobin checks where the two of you stand in the rounds.
- generic: Tobin takes the next leg alone. Walk the ordinary exit to join him.
- generic: Tobin checks where the two of you stand in the rounds.
- button "Continue rounds":
  - generic: Continue rounds
- generic: "Rejoin: not now"
- generic: "Restart: not now"
- generic: "Start rounds: not now"
- button "Leave":
  - generic: Leave
- generic "day 1, 23:11, night, new moon": day 1, 23:11 · night · new moon
- generic "Position, standing": standing
- button "Contents, Character, hp 10 of 10, is in perfect health, ma 100 of 100, mv 98 of 100, pennies 20 of 1000":
  - generic: hp 10/10 ma 100/100 mv 98/100 pennies 20/1000

- button "Look, North Gate":
  - generic: North Gate
- generic: The north gate is oak banded with iron, set in the village wall. North, a track climbs to the priory.
- generic: Tobin leaves.
- button "Map"
- generic "day 1, 23:11, night, new moon": day 1, 23:11 · night · new moon
- button "Position, standing":
  - generic "Position, standing": standing
- button "Contents, Character, hp 10 of 10, is in perfect health, ma 100 of 100, mv 98 of 100, pennies 20 of 1000":
  - generic: hp 10/10 ma 100/100 mv 98/100 pennies 20/1000

- heading "Map" [level=1]
- generic: North Gate
- button "Go east":
  - generic: Go east
- generic: "Beyond east: Watch Post — Tobin."
- button "Go north":
  - generic: Go north
- generic: "Beyond north: Chapel Steps."
- button "Go south":
  - generic: Go south
- generic: "Beyond south: Village Green — a fox drawing."
- button "Back to World":
  - generic: Back to World
- generic "day 1, 23:11, night, new moon": day 1, 23:11 · night · new moon
- generic "Position, standing": standing
- button "Contents, Character, hp 10 of 10, is in perfect health, ma 100 of 100, mv 98 of 100, pennies 20 of 1000":
  - generic: hp 10/10 ma 100/100 mv 98/100 pennies 20/1000

- button "Look, Watch Post":
  - generic: Watch Post
- generic: An open guard room overlooks the northern arch. The duty roster hangs beside an unlocked cell and the tower stairs.
- button "Tobin, open":
  - generic: Tobin is here.
- button "Duty roster":
  - generic: Duty roster
- generic: You completed the rounds with Tobin. The watch recognizes your help.
- button "Map":
  - generic: up
- generic "day 1, 23:12, night, new moon": day 1, 23:12 · night · new moon
- button "Position, standing":
  - generic "Position, standing": standing
- button "Contents, Character, hp 10 of 10, is in perfect health, ma 100 of 100, mv 97 of 100, pennies 20 of 1000":
  - generic: hp 10/10 ma 100/100 mv 97/100 pennies 20/1000

- heading "Tobin" [level=1]
- generic: Tobin keeps an old sword beside him. He offers immediate lessons in swords and dodge for two pennies each. Learning a skill and qualifying to use it are separate.
- generic: Tobin welcomes you on the rounds. No checkpoint is earned until you walk after him.
- generic: Tobin checks where the two of you stand in the rounds.
- generic: Tobin takes the next leg alone. Walk the ordinary exit to join him.
- generic: Tobin checks where the two of you stand in the rounds.
- generic: Tobin waits beside you again. The next leg continues from here.
- generic: Tobin checks where the two of you stand in the rounds.
- generic: Tobin takes the next leg alone. Walk the ordinary exit to join him.
- generic: Tobin checks where the two of you stand in the rounds.
- generic: Tobin waits beside you again. The next leg continues from here.
- generic: Tobin checks where the two of you stand in the rounds.
- generic: Tobin takes the next leg alone. Walk the ordinary exit to join him.
- generic: Tobin checks where the two of you stand in the rounds.
- generic: Tobin takes the next leg alone. Walk the ordinary exit to join him.
- generic: Tobin checks where the two of you stand in the rounds.
- generic: Tobin takes the next leg alone. Walk the ordinary exit to join him.
- generic: Tobin checks where the two of you stand in the rounds.
- generic: Tobin takes the next leg alone. Walk the ordinary exit to join him.
- button "Talk to Tobin":
  - generic: Talk to Tobin
- button "Watchman’s Rounds Tobin":
  - generic: Watchman’s Rounds Tobin
- button "Leave":
  - generic: Leave
- generic "day 1, 23:12, night, new moon": day 1, 23:12 · night · new moon
- generic "Position, standing": standing
- button "Contents, Character, hp 10 of 10, is in perfect health, ma 100 of 100, mv 97 of 100, pennies 20 of 1000":
  - generic: hp 10/10 ma 100/100 mv 97/100 pennies 20/1000

- button "Look, Watch Post":
  - generic: Watch Post
- generic: An open guard room overlooks the northern arch. The duty roster hangs beside an unlocked cell and the tower stairs.
- button "Tobin, open":
  - generic: Tobin is here.
- button "Duty roster":
  - generic: Duty roster
- generic: You completed the rounds with Tobin. The watch recognizes your help.
- button "Map":
  - generic: up
- generic "day 1, 23:12, night, new moon": day 1, 23:12 · night · new moon
- button "Position, standing":
  - generic "Position, standing": standing
- button "Contents, Character, hp 10 of 10, is in perfect health, ma 100 of 100, mv 97 of 100, pennies 20 of 1000":
  - generic: hp 10/10 ma 100/100 mv 97/100 pennies 20/1000

- heading "Journal" [level=1]
- generic: Watchman’s Rounds
- generic: resolved
- generic: 4 of 4 checkpoints. completed. Tobin is at Watch Post.
- generic: You completed the rounds with Tobin. The watch recognizes your help.
- button "Back to World":
  - generic: Back to World
- generic "day 1, 23:13, night, new moon": day 1, 23:13 · night · new moon
- generic "Position, standing": standing
- button "Contents, Character, hp 10 of 10, is in perfect health, ma 100 of 100, mv 97 of 100, pennies 20 of 1000":
  - generic: hp 10/10 ma 100/100 mv 97/100 pennies 20/1000