(node:34715) [MODULE_TYPELESS_PACKAGE_JSON] Warning: Module type of file://<local-path> is not specified and it doesn't parse as CommonJS.
Reparsing as ES module because module syntax was detected. This incurs a performance overhead.
To eliminate this warning, add "type": "module" to <local-path>
(Use `node --trace-warnings ...` to show where the warning was created)
✖ exit door actions keep their direction and remain separate from walking (1.80875ms)
✔ worn items and reachable nested contents offer actions on their own ids (0.27825ms)
✔ same-room actions retain projected item pages and remove pages hidden by a closed lid (0.174333ms)
✔ chapter changes queue one title which survives scene lines and acknowledgement (0.107125ms)
✔ band phrases and the hp accessibility label use the cartridge catalog (0.12425ms)
✔ scene Continue and position verbs have dedicated groups (0.083958ms)
(node:34716) [MODULE_TYPELESS_PACKAGE_JSON] Warning: Module type of file://<local-path> is not specified and it doesn't parse as CommonJS.
Reparsing as ES module because module syntax was detected. This incurs a performance overhead.
To eliminate this warning, add "type": "module" to <local-path>
(Use `node --trace-warnings ...` to show where the warning was created)
✔ talk by day offers one button per choice and Close; carry narrates (43.496333ms)
✔ a second press from the same screen is a stale view and changes nothing (11.29025ms)
✔ a reopen shows the last committed narration first; a fresh game none (27.532833ms)
✔ walked away: the choices say why, Close leaves the quest open, the landing resolves it (26.262083ms)
✔ the log has story words, never a kernel code, across both endings (68.057917ms)
✔ an NPC who leaves while you stay is logged, and nothing else (37.304083ms)
✔ closed answers and a stale answer give their reason in words, not their code (40.10475ms)
✖ the Lantern gate unlocks and opens through its projected exit buttons (23.963291ms)
ℹ tests 14
ℹ suites 0
ℹ pass 12
ℹ fail 2
ℹ cancelled 0
ℹ skipped 0
ℹ todo 0
ℹ duration_ms 430.40475

✖ failing tests:

test at book/c1.test.ts:43:1
✖ exit door actions keep their direction and remain separate from walking (1.80875ms)
  AssertionError [ERR_ASSERTION]: Expected values to be strictly deep-equal:
  + actual - expected
  
  + []
  - [
  -   'Close the gate (north)'
  - ]
  
      at TestContext.<anonymous> (file://<local-path>
      at Test.runInAsyncScope (node:async_hooks:227:14)
      at Test.run (node:internal/test_runner/test:1402:25)
      at Test.start (node:internal/test_runner/test:1262:17)
      at startSubtestAfterBootstrap (node:internal/test_runner/harness:387:17)
      at process.processTicksAndRejections (node:internal/process/task_queues:104:5) {
    generatedMessage: true,
    code: 'ERR_ASSERTION',
    actual: [],
    expected: [ 'Close the gate (north)' ],
    operator: 'deepStrictEqual',
    diff: 'simple'
  }

test at book/touch.test.ts:224:1
✖ the Lantern gate unlocks and opens through its projected exit buttons (23.963291ms)
  AssertionError [ERR_ASSERTION]: Expected values to be strictly deep-equal:
  + actual - expected
  
  + []
  - [
  -   'Unlock the old gate (west)'
  - ]
  
      at TestContext.<anonymous> (file://<local-path>
      at Test.runInAsyncScope (node:async_hooks:227:14)
      at Test.run (node:internal/test_runner/test:1402:25)
      at Test.processPendingSubtests (node:internal/test_runner/test:974:18)
      at Test.postRun (node:internal/test_runner/test:1542:19)
      at Test.run (node:internal/test_runner/test:1467:12)
      at process.processTicksAndRejections (node:internal/process/task_queues:104:5)
      at async Test.processPendingSubtests (node:internal/test_runner/test:974:7) {
    generatedMessage: true,
    code: 'ERR_ASSERTION',
    actual: [],
    expected: [ 'Unlock the old gate (west)' ],
    operator: 'deepStrictEqual',
    diff: 'simple'
  }

EXIT=1
