(node:34751) [MODULE_TYPELESS_PACKAGE_JSON] Warning: Module type of file://<local-path> is not specified and it doesn't parse as CommonJS.
Reparsing as ES module because module syntax was detected. This incurs a performance overhead.
To eliminate this warning, add "type": "module" to <local-path>
(Use `node --trace-warnings ...` to show where the warning was created)
✔ exit door actions keep their direction and remain separate from walking (1.270084ms)
✔ worn items and reachable nested contents offer actions on their own ids (0.252333ms)
✔ same-room actions retain projected item pages and remove pages hidden by a closed lid (0.170125ms)
✔ chapter changes queue one title which survives scene lines and acknowledgement (0.102042ms)
✖ band phrases and the hp accessibility label use the cartridge catalog (0.6085ms)
✔ scene Continue and position verbs have dedicated groups (0.097791ms)
(node:34752) [MODULE_TYPELESS_PACKAGE_JSON] Warning: Module type of file://<local-path> is not specified and it doesn't parse as CommonJS.
Reparsing as ES module because module syntax was detected. This incurs a performance overhead.
To eliminate this warning, add "type": "module" to <local-path>
(Use `node --trace-warnings ...` to show where the warning was created)
✔ talk by day offers one button per choice and Close; carry narrates (40.76725ms)
✔ a second press from the same screen is a stale view and changes nothing (11.51725ms)
✔ a reopen shows the last committed narration first; a fresh game none (25.411833ms)
✔ walked away: the choices say why, Close leaves the quest open, the landing resolves it (27.6145ms)
✔ the log has story words, never a kernel code, across both endings (48.26475ms)
✔ an NPC who leaves while you stay is logged, and nothing else (26.081042ms)
✔ closed answers and a stale answer give their reason in words, not their code (24.597208ms)
✔ the Lantern gate unlocks and opens through its projected exit buttons (19.587667ms)
ℹ tests 14
ℹ suites 0
ℹ pass 13
ℹ fail 1
ℹ cancelled 0
ℹ skipped 0
ℹ todo 0
ℹ duration_ms 362.269167

✖ failing tests:

test at book/c1.test.ts:139:1
✖ band phrases and the hp accessibility label use the cartridge catalog (0.6085ms)
  AssertionError [ERR_ASSERTION]: Expected values to be strictly equal:
  + actual - expected
  
  + 'winded'
  - 'needs a breath'
  
      at TestContext.<anonymous> (file://<local-path>
      at Test.runInAsyncScope (node:async_hooks:227:14)
      at Test.run (node:internal/test_runner/test:1402:25)
      at Test.processPendingSubtests (node:internal/test_runner/test:974:18)
      at Test.postRun (node:internal/test_runner/test:1542:19)
      at Test.run (node:internal/test_runner/test:1467:12)
      at process.processTicksAndRejections (node:internal/process/task_queues:104:5)
      at async Test.processPendingSubtests (node:internal/test_runner/test:974:7) {
    generatedMessage: true,
    code: 'ERR_ASSERTION',
    actual: 'winded',
    expected: 'needs a breath',
    operator: 'strictEqual',
    diff: 'simple'
  }

EXIT=1
