(node:34720) [MODULE_TYPELESS_PACKAGE_JSON] Warning: Module type of file://<local-path> is not specified and it doesn't parse as CommonJS.
Reparsing as ES module because module syntax was detected. This incurs a performance overhead.
To eliminate this warning, add "type": "module" to <local-path>
(Use `node --trace-warnings ...` to show where the warning was created)
✔ exit door actions keep their direction and remain separate from walking (1.198667ms)
✖ worn items and reachable nested contents offer actions on their own ids (0.941542ms)
✖ same-room actions retain projected item pages and remove pages hidden by a closed lid (0.279834ms)
✔ chapter changes queue one title which survives scene lines and acknowledgement (0.128041ms)
✔ band phrases and the hp accessibility label use the cartridge catalog (0.142334ms)
✔ scene Continue and position verbs have dedicated groups (0.093833ms)
(node:34721) [MODULE_TYPELESS_PACKAGE_JSON] Warning: Module type of file://<local-path> is not specified and it doesn't parse as CommonJS.
Reparsing as ES module because module syntax was detected. This incurs a performance overhead.
To eliminate this warning, add "type": "module" to <local-path>
(Use `node --trace-warnings ...` to show where the warning was created)
✔ talk by day offers one button per choice and Close; carry narrates (47.868667ms)
✔ a second press from the same screen is a stale view and changes nothing (14.675042ms)
✔ a reopen shows the last committed narration first; a fresh game none (28.500833ms)
✔ walked away: the choices say why, Close leaves the quest open, the landing resolves it (29.538417ms)
✔ the log has story words, never a kernel code, across both endings (63.593917ms)
✔ an NPC who leaves while you stay is logged, and nothing else (31.009042ms)
✔ closed answers and a stale answer give their reason in words, not their code (37.57175ms)
✔ the Lantern gate unlocks and opens through its projected exit buttons (27.436125ms)
ℹ tests 14
ℹ suites 0
ℹ pass 12
ℹ fail 2
ℹ cancelled 0
ℹ skipped 0
ℹ todo 0
ℹ duration_ms 442.821208

✖ failing tests:

test at book/c1.test.ts:74:1
✖ worn items and reachable nested contents offer actions on their own ids (0.941542ms)
  AssertionError [ERR_ASSERTION]: Expected values to be strictly deep-equal:
  + actual - expected
  ... Skipped lines
  
    [
      [
        'open',
        [
          'chest'
  ...
      [
  -     'take',
  -     [
  -       'letter'
  -     ]
  -   ],
  -   [
        'wear',
        [
          'coat'
        ]
      ],
  
      at TestContext.<anonymous> (file://<local-path>
      at Test.runInAsyncScope (node:async_hooks:227:14)
      at Test.run (node:internal/test_runner/test:1402:25)
      at Test.processPendingSubtests (node:internal/test_runner/test:974:18)
      at Test.postRun (node:internal/test_runner/test:1542:19)
      at Test.run (node:internal/test_runner/test:1467:12)
      at process.processTicksAndRejections (node:internal/process/task_queues:104:5)
      at async startSubtestAfterBootstrap (node:internal/test_runner/harness:387:3) {
    generatedMessage: true,
    code: 'ERR_ASSERTION',
    actual: [ [ 'open', [Array] ], [ 'wear', [Array] ], [ 'remove', [Array] ] ],
    expected: [ [ 'open', [Array] ], [ 'take', [Array] ], [ 'wear', [Array] ], [ 'remove', [Array] ] ],
    operator: 'deepStrictEqual',
    diff: 'simple'
  }

test at book/c1.test.ts:100:1
✖ same-room actions retain projected item pages and remove pages hidden by a closed lid (0.279834ms)
  AssertionError [ERR_ASSERTION]: Expected values to be strictly deep-equal:
  + actual - expected
  ... Skipped lines
  
    [
      {
        kind: 'carrying'
      },
      {
  ...
      },
  -   {
  -     id: 'letter',
  -     kind: 'thing'
  -   }
    ]
  
      at TestContext.<anonymous> (file://<local-path>
      at Test.runInAsyncScope (node:async_hooks:227:14)
      at Test.run (node:internal/test_runner/test:1402:25)
      at Test.processPendingSubtests (node:internal/test_runner/test:974:18)
      at Test.postRun (node:internal/test_runner/test:1542:19)
      at Test.run (node:internal/test_runner/test:1467:12)
      at process.processTicksAndRejections (node:internal/process/task_queues:104:5)
      at async Test.processPendingSubtests (node:internal/test_runner/test:974:7) {
    generatedMessage: true,
    code: 'ERR_ASSERTION',
    actual: [ { kind: 'carrying' }, { kind: 'thing', id: 'chest' } ],
    expected: [ { kind: 'carrying' }, { kind: 'thing', id: 'chest' }, { kind: 'thing', id: 'letter' } ],
    operator: 'deepStrictEqual',
    diff: 'simple'
  }

EXIT=1
