(node:64791) [MODULE_TYPELESS_PACKAGE_JSON] Warning: Module type of file://[local-path] is not specified and it doesn't parse as CommonJS.
Reparsing as ES module because module syntax was detected. This incurs a performance overhead.
To eliminate this warning, add "type": "module" to [local-path]
(Use `node --trace-warnings ...` to show where the warning was created)
✔ E1 SQLite case requires complete fault schedule and committed commands (571.672333ms)
✔ E1 binds only the witnessed study_tracks consequence after semantic replay (1636.428708ms)
✔ E1 binds the exact study_tracks recipe and required policy from committed performance (719.811583ms)
✔ E1 binds the two bell assignments and the epilogue event to accepted receipts (1953.656625ms)
✔ E1 witnesses an opened dialogue and only its accepted choice (302.233209ms)
✔ E1 binds each required predicate of the selected Elspeth report dialogue (970.10025ms)
✔ E1 binds modal scene steps only to accepted acknowledgements (3687.040791ms)
✔ E1 binds both selected dream branches and acknowledged scene steps (1622.997458ms)
(node:64792) [MODULE_TYPELESS_PACKAGE_JSON] Warning: Module type of file://[local-path] is not specified and it doesn't parse as CommonJS.
Reparsing as ES module because module syntax was detected. This incurs a performance overhead.
To eliminate this warning, add "type": "module" to [local-path]
(Use `node --trace-warnings ...` to show where the warning was created)
✔ E1 binds Maud objective only on its committed resolved transition (3634.792875ms)
✔ E1 binds selected dialogue fact adjustment and assignment from committed receipt (3984.131917ms)
✔ E1 binds only visible entity definitions after committed room entry (610.750916ms)
✔ E1 binds only the used ferry route on committed arrival (507.770417ms)
ℹ tests 12
ℹ suites 0
ℹ pass 12
ℹ fail 0
ℹ cancelled 0
ℹ skipped 0
ℹ todo 0
ℹ duration_ms 11902.5775

exit_status=0
