(node:64871) [MODULE_TYPELESS_PACKAGE_JSON] Warning: Module type of file://[local-path] is not specified and it doesn't parse as CommonJS.
Reparsing as ES module because module syntax was detected. This incurs a performance overhead.
To eliminate this warning, add "type": "module" to [local-path]
(Use `node --trace-warnings ...` to show where the warning was created)
✔ E1 SQLite case requires complete fault schedule and committed commands (687.009792ms)
✔ E1 binds only the witnessed study_tracks consequence after semantic replay (2054.267417ms)
✔ E1 binds the exact study_tracks recipe and required policy from committed performance (959.331125ms)
✔ E1 binds the two bell assignments and the epilogue event to accepted receipts (2058.458958ms)
✔ E1 witnesses an opened dialogue and only its accepted choice (307.466458ms)
✔ E1 binds each required predicate of the selected Elspeth report dialogue (760.730708ms)
✔ E1 binds modal scene steps only to accepted acknowledgements (3906.161334ms)
✔ E1 binds both selected dream branches and acknowledged scene steps (2470.687083ms)
(node:64872) [MODULE_TYPELESS_PACKAGE_JSON] Warning: Module type of file://[local-path] is not specified and it doesn't parse as CommonJS.
Reparsing as ES module because module syntax was detected. This incurs a performance overhead.
To eliminate this warning, add "type": "module" to [local-path]
(Use `node --trace-warnings ...` to show where the warning was created)
✔ E1 binds sedge_swim/learn membership only to its resolved committed effect (770.766041ms)
✔ E1 binds b_wisp_riddle/answer membership only to its resolved committed effect (2402.987542ms)
(node:64873) [MODULE_TYPELESS_PACKAGE_JSON] Warning: Module type of file://[local-path] is not specified and it doesn't parse as CommonJS.
Reparsing as ES module because module syntax was detected. This incurs a performance overhead.
To eliminate this warning, add "type": "module" to [local-path]
(Use `node --trace-warnings ...` to show where the warning was created)
✔ E1 binds Maud objective only on its committed resolved transition (4509.808584ms)
✔ E1 binds selected dialogue fact adjustment and assignment from committed receipt (3633.073041ms)
✔ E1 binds only visible entity definitions after committed room entry (799.039209ms)
✔ E1 binds only the used ferry route on committed arrival (599.365417ms)
ℹ tests 14
ℹ suites 0
ℹ pass 14
ℹ fail 0
ℹ cancelled 0
ℹ skipped 0
ℹ todo 0
ℹ duration_ms 13703.491708

exit_status=0
