(node:82769) [MODULE_TYPELESS_PACKAGE_JSON] Warning: Module type of file://<worktree>/mobile/app/book/model.ts is not specified and it doesn't parse as CommonJS.
Reparsing as ES module because module syntax was detected. This incurs a performance overhead.
To eliminate this warning, add "type": "module" to <worktree>/mobile/app/package.json.
(Use `node --trace-warnings ...` to show where the warning was created)
✖ E1 optional quest debt-on_time survives SQLite reopen and deterministic repetition (2202.439583ms)
ℹ tests 1
ℹ suites 0
ℹ pass 0
ℹ fail 1
ℹ cancelled 0
ℹ skipped 0
ℹ todo 0
ℹ duration_ms 3403.405041

✖ failing tests:

test at kernel/ts/test/e1_optional_quests.test.ts:31:3
✖ E1 optional quest debt-on_time survives SQLite reopen and deterministic repetition (2202.439583ms)
  AssertionError [ERR_ASSERTION]: Expected values to be strictly equal:
  + actual - expected
  
  + 'pending'
  - 'on_time'
  
      at chandlersDebt (file://<worktree>/kernel/ts/test/e1_optional_quests.ts:28:10)
      at TestContext.<anonymous> (file://<worktree>/kernel/ts/test/e1_optional_quests.test.ts:44:9)
      at Test.runInAsyncScope (node:async_hooks:227:14)
      at Test.run (node:internal/test_runner/test:1402:25)
      at Test.start (node:internal/test_runner/test:1262:17)
      at startSubtestAfterBootstrap (node:internal/test_runner/harness:387:17)
      at process.processTicksAndRejections (node:internal/process/task_queues:104:5) {
    generatedMessage: true,
    code: 'ERR_ASSERTION',
    actual: 'pending',
    expected: 'on_time',
    operator: 'strictEqual',
    diff: 'simple'
  }
