command: mise exec -- node --test mobile/authority/local-story/western_ashmere.test.ts mobile/authority/local-story/light_book.test.ts mobile/app/book/readable.test.ts mobile/app/book/model.test.ts mobile/app/book/notice_board.test.ts mobile/app/book/touch.test.ts
(node:52104) [MODULE_TYPELESS_PACKAGE_JSON] Warning: Module type of file://<WORKTREE>/mobile/app/book/model.test.ts is not specified and it doesn't parse as CommonJS.
Reparsing as ES module because module syntax was detected. This incurs a performance overhead.
To eliminate this warning, add "type": "module" to <WORKTREE>/mobile/app/package.json.
(Use `node --trace-warnings ...` to show where the warning was created)
✔ exits, the look title, place actions and a thing page come from the right buttons (1.038417ms)
✔ position cycling skips absent offers and retains the offered freshness (0.119333ms)
✔ a touch link is shown as its label (0.121917ms)
✔ a choice's answers and Close are their own group, not place actions (0.102291ms)
✔ the character label says the hp band and no other (0.13625ms)
✔ the absent-speaker line shows only when the speaker is not here (0.117584ms)
✔ a restored choice opens its actual speaker detail or retained conversation (0.129625ms)
✔ a closed exit's log line and a capitalised title (0.101875ms)
✔ a move refused at 0 MV says the body is too exhausted (0.083416ms)
✔ a hint survives a store that throws, for this session (0.153708ms)
✔ the status line shows the double hour as its earthly branch (0.169541ms)
(node:52105) [MODULE_TYPELESS_PACKAGE_JSON] Warning: Module type of file://<WORKTREE>/mobile/app/book/notice_board.test.ts is not specified and it doesn't parse as CommonJS.
Reparsing as ES module because module syntax was detected. This incurs a performance overhead.
To eliminate this warning, add "type": "module" to <WORKTREE>/mobile/app/package.json.
(Use `node --trace-warnings ...` to show where the warning was created)
✔ landing detail and two board children read exact targets and pop back without navigation receipts (87.234791ms)
✔ the south search reaches the oak and returns through visible fox clues (53.985375ms)
✔ cold Continue shows the confirmed notice once and restores its return route without Read (77.197625ms)
✔ an uncertain child read keeps an empty detail until its one receipt is confirmed (20.063792ms)
✔ long elapsed redraw retains board route and a real room change prunes it (29.50225ms)
✔ notice entries use available exact-target aliases and expose unavailable reasons (33.263625ms)
✔ Elspeth stays reachable all day and her Book replies direct a newcomer along usable exits (116.73675ms)
✔ Q1 drawing opens full item detail with Take and local Leave (21.539208ms)
✔ plank and hollow open descriptive noun detail pages without story credit (24.559458ms)
✔ Study is a detail-only empty-target control after Read/history and refreshes across elapsed redraw (44.816083ms)
✔ pending Study retains its detail context and restores exactly once without World narration (83.92925ms)
(node:52106) [MODULE_TYPELESS_PACKAGE_JSON] Warning: Module type of file://<WORKTREE>/mobile/app/book/readable.test.ts is not specified and it doesn't parse as CommonJS.
Reparsing as ES module because module syntax was detected. This incurs a performance overhead.
To eliminate this warning, add "type": "module" to <WORKTREE>/mobile/app/package.json.
(Use `node --trace-warnings ...` to show where the warning was created)
✔ production Read targets retain confirmed detail messages without changing state (114.376125ms)
✔ uncertain Read recovers its one receipt and narration, then reads again after cold reopen (38.468709ms)
✔ stale and refused Read retain their target and never narrate an unread body (24.624084ms)
✔ held Read survives the authored 68350 to 68400 pulse with authority freshness intact (21.037292ms)
✔ cold reopen refuses a committed Read whose stored target is malformed (92.271542ms)
✔ invalid Read JSON offers in-place Start over and leaves older pins explicitly refused (82.807917ms)
(node:52107) [MODULE_TYPELESS_PACKAGE_JSON] Warning: Module type of file://<WORKTREE>/mobile/app/book/touch.test.ts is not specified and it doesn't parse as CommonJS.
Reparsing as ES module because module syntax was detected. This incurs a performance overhead.
To eliminate this warning, add "type": "module" to <WORKTREE>/mobile/app/package.json.
(Use `node --trace-warnings ...` to show where the warning was created)
✔ talk by day offers one button per choice and Close; carry narrates (145.57075ms)
✔ a second press from the same screen is a stale view and changes nothing (20.572625ms)
✔ a reopen shows the last committed narration first; a fresh game none (55.240625ms)
✔ walked away: the choices say why, Close leaves the quest open, the landing resolves it (53.750916ms)
✔ the log has story words, never a kernel code, across both endings (106.510125ms)
✔ an NPC who leaves while you stay is logged, and nothing else (60.578667ms)
✔ closed answers and a stale answer give their reason in words, not their code (57.015209ms)
✔ the Lantern gate unlocks and opens through its projected exit buttons (39.605041ms)
(node:52108) [MODULE_TYPELESS_PACKAGE_JSON] Warning: Module type of file://<WORKTREE>/mobile/app/book/model.ts is not specified and it doesn't parse as CommonJS.
Reparsing as ES module because module syntax was detected. This incurs a performance overhead.
To eliminate this warning, add "type": "module" to <WORKTREE>/mobile/app/package.json.
(Use `node --trace-warnings ...` to show where the warning was created)
✔ Book binds the exact oil bottle and keeps worn torch controls on the item (17.040917ms)
✔ Book owns authored Refuel aliases on their source and preserves exact invocation identity (96.244333ms)
(node:52109) [MODULE_TYPELESS_PACKAGE_JSON] Warning: Module type of file://<WORKTREE>/mobile/app/book/presenter.ts is not specified and it doesn't parse as CommonJS.
Reparsing as ES module because module syntax was detected. This incurs a performance overhead.
To eliminate this warning, add "type": "module" to <WORKTREE>/mobile/app/package.json.
(Use `node --trace-warnings ...` to show where the warning was created)
✔ Western rooms and both exact standalone Read histories survive cold SQLite reopen without story credit (1090.980917ms)
✔ Hob departure and return retain original identity and saved Conversation Leave at the two dawn/dusk boundaries (580.2995ms)
✔ actual death returns gearless through Chapel and recovers original nested possessions in both dark mill branches (1799.989292ms)
ℹ tests 41
ℹ suites 0
ℹ pass 41
ℹ fail 0
ℹ cancelled 0
ℹ skipped 0
ℹ todo 0
ℹ duration_ms 5047.691541

exit: 0
