command: cd mobile/app && mise exec -- npm run test:e2e -- tests/western_ashmere.e2e.ts --workers 1 --output .e2e/d3-final --trace off --video off

> loka-app@0.0.0 pretest:e2e
> node patch-sqlite-web.cjs


> loka-app@0.0.0 test:e2e
> E2E_TELEMETRY_DISABLED=1 e2e run tests/western_ashmere.e2e.ts --workers 1 --output .e2e/d3-final --trace off --video off


 RUN  e2e v0.17.0 <WORKTREE>/mobile/app
      run 01a1123f-e86c-763c-9dcf-fd224cdde3cb · targets: web

 ✓ target "web" command ready 1.17s
 ❯ |web| tests/western_ashmere.e2e.ts (2 tests | 1 failed) 45.52s
   ✓ Western Ashmere documents and all dark stairs persist through browser reload 13.39s
   × Hob can be met at both scheduled destinations using an isolated controlled browser clock 32.13s
     → locator matched no nodes within getByRole("button", name: "Talk Hob")

⎯⎯⎯⎯⎯⎯⎯⎯⎯⎯⎯⎯⎯⎯⎯⎯⎯⎯⎯⎯⎯⎯⎯⎯⎯⎯⎯⎯⎯⎯⎯⎯ Failed Tests 1 ⎯⎯⎯⎯⎯⎯⎯⎯⎯⎯⎯⎯⎯⎯⎯⎯⎯⎯⎯⎯⎯⎯⎯⎯⎯⎯⎯⎯⎯⎯⎯⎯

 FAIL  |web| tests/western_ashmere.e2e.ts > Hob can be met at both scheduled destinations using an isolated controlled browser clock
LOCATOR_NOT_FOUND: locator matched no nodes within getByRole("button", name: "Talk Hob")
 ❯ tests/western_ashmere.e2e.ts:106:3
    104|   await go('up', 'Mill Loft');
    105|   await screen.getByRole('button', 'Hob, open').tap();
    106|   await screen.getByRole('button', 'Talk Hob').tap();
       |   ^
    107|   await expect(
    108|     screen.getByText(
 ❯ at http://127.0.0.1:19106/
 ❯ on screen #n35 button "Talk to Hob"
 ❯ screen .e2e/d3-final/artifacts/web/tests_western_ashmere.e2e.ts__Hob_20can_20be_20met_20at_20both_20scheduled_20destinations_20using_20an_20isolat-4feb1faf/default/attempt-0/failure/screen.txt

⎯⎯⎯⎯⎯⎯⎯⎯⎯⎯⎯⎯⎯⎯⎯⎯⎯⎯⎯⎯⎯⎯⎯⎯⎯⎯⎯⎯⎯⎯⎯⎯⎯⎯⎯⎯⎯⎯⎯⎯⎯⎯⎯⎯⎯⎯⎯⎯⎯⎯⎯⎯⎯⎯⎯⎯⎯⎯⎯⎯⎯⎯⎯⎯⎯⎯⎯⎯⎯⎯⎯⎯⎯⎯[1/1]⎯


 Test Files  1 failed | 0 passed (1)
      Tests  1 failed | 1 passed (2)
   Start at  07:25:40
   Duration  47.16s (startup 1.17s)
     Report  .e2e/d3-final/report.json


exit: 1
