command: cd mobile/app && mise exec -- npm run test:e2e -- tests/western_ashmere.e2e.ts --workers 1 --output .e2e/d3-final --trace off --video off

> loka-app@0.0.0 pretest:e2e
> node patch-sqlite-web.cjs


> loka-app@0.0.0 test:e2e
> E2E_TELEMETRY_DISABLED=1 e2e run tests/western_ashmere.e2e.ts --workers 1 --output .e2e/d3-final --trace off --video off


 RUN  e2e v0.17.0 <WORKTREE>/mobile/app
      run 01a11241-fef5-78de-95f0-747843524247 · targets: web

 ✓ target "web" command ready 918ms
 ❯ |web| tests/western_ashmere.e2e.ts (2 tests | 2 failed) 24.88s
   × Western Ashmere documents and all dark stairs persist through browser reload 17.73s
     → expect.toBeVisible failed
   × Hob can be met at both scheduled destinations using an isolated controlled browser clock 7.16s
     → expect.toBeVisible failed

⎯⎯⎯⎯⎯⎯⎯⎯⎯⎯⎯⎯⎯⎯⎯⎯⎯⎯⎯⎯⎯⎯⎯⎯⎯⎯⎯⎯⎯⎯⎯⎯ Failed Tests 2 ⎯⎯⎯⎯⎯⎯⎯⎯⎯⎯⎯⎯⎯⎯⎯⎯⎯⎯⎯⎯⎯⎯⎯⎯⎯⎯⎯⎯⎯⎯⎯⎯

 FAIL  |web| tests/western_ashmere.e2e.ts > Western Ashmere documents and all dark stairs persist through browser reload
ASSERTION_FAILED: expect.toBeVisible failed
locator: getByRole("button", name: "Look, Boathouse")
expected: visible
observed: no node (match count 0)
 ❯ tests/western_ashmere.e2e.ts:12:5
     10|     await screen.getByRole('button', 'Map').tap();
     11|     await screen.getByRole('button', `Go ${direction}`).tap();
     12|     await expect(screen.getByRole('button', `Look, ${room}`)).toBeVis…
       |     ^
     13|   };
     14|   const reload = async (room: string) => {
 ❯ at http://127.0.0.1:19106/
 ❯ screen .e2e/d3-final/artifacts/web/tests_western_ashmere.e2e.ts__Western_20Ashmere_20documents_20and_20all_20dark_20stairs_20persist_20through_20b-085e6157/default/attempt-0/failure/screen.txt

⎯⎯⎯⎯⎯⎯⎯⎯⎯⎯⎯⎯⎯⎯⎯⎯⎯⎯⎯⎯⎯⎯⎯⎯⎯⎯⎯⎯⎯⎯⎯⎯⎯⎯⎯⎯⎯⎯⎯⎯⎯⎯⎯⎯⎯⎯⎯⎯⎯⎯⎯⎯⎯⎯⎯⎯⎯⎯⎯⎯⎯⎯⎯⎯⎯⎯⎯⎯⎯⎯⎯⎯⎯⎯[1/2]⎯

 FAIL  |web| tests/western_ashmere.e2e.ts > Hob can be met at both scheduled destinations using an isolated controlled browser clock
ASSERTION_FAILED: expect.toBeVisible failed
locator: getByRole("button", name: "Hob, open")
expected: visible
observed: no node (match count 0)
 ❯ tests/western_ashmere.e2e.ts:119:3
    117|     return true;
    118|   });
    119|   await expect(screen.getByRole('button', 'Hob, open')).toBeVisible();
       |   ^
    120|   await screen.getByRole('button', 'Hob, open').tap();
    121|   await screen.getByRole('button', 'Talk to Hob').tap();
 ❯ at http://127.0.0.1:19106/
 ❯ screen .e2e/d3-final/artifacts/web/tests_western_ashmere.e2e.ts__Hob_20can_20be_20met_20at_20both_20scheduled_20destinations_20using_20an_20isolat-4feb1faf/default/attempt-0/failure/screen.txt

⎯⎯⎯⎯⎯⎯⎯⎯⎯⎯⎯⎯⎯⎯⎯⎯⎯⎯⎯⎯⎯⎯⎯⎯⎯⎯⎯⎯⎯⎯⎯⎯⎯⎯⎯⎯⎯⎯⎯⎯⎯⎯⎯⎯⎯⎯⎯⎯⎯⎯⎯⎯⎯⎯⎯⎯⎯⎯⎯⎯⎯⎯⎯⎯⎯⎯⎯⎯⎯⎯⎯⎯⎯⎯[2/2]⎯


 Test Files  1 failed | 0 passed (1)
      Tests  2 failed | 0 passed (2)
   Start at  07:27:57
   Duration  26.17s (startup 918ms)
     Report  .e2e/d3-final/report.json


exit: 1
