command: cd mobile/app && mise exec -- npm run test:e2e -- tests/western_ashmere.e2e.ts --workers 1 --output .e2e/d3-final --trace off --video off

> loka-app@0.0.0 pretest:e2e
> node patch-sqlite-web.cjs


> loka-app@0.0.0 test:e2e
> E2E_TELEMETRY_DISABLED=1 e2e run tests/western_ashmere.e2e.ts --workers 1 --output .e2e/d3-final --trace off --video off


 RUN  e2e v0.17.0 <WORKTREE>/mobile/app
      run 01a11240-de79-7256-b3ee-35b14738537d · targets: web

 ✓ target "web" command ready 2.77s
 ❯ |web| tests/western_ashmere.e2e.ts (2 tests | 1 failed) 18.34s
   ✓ Western Ashmere documents and all dark stairs persist through browser reload 15.25s
   × Hob can be met at both scheduled destinations using an isolated controlled browser clock 3.09s
     → locator matched 3 nodes, expected exactly one: getByText("Hob says, “The…

⎯⎯⎯⎯⎯⎯⎯⎯⎯⎯⎯⎯⎯⎯⎯⎯⎯⎯⎯⎯⎯⎯⎯⎯⎯⎯⎯⎯⎯⎯⎯⎯ Failed Tests 1 ⎯⎯⎯⎯⎯⎯⎯⎯⎯⎯⎯⎯⎯⎯⎯⎯⎯⎯⎯⎯⎯⎯⎯⎯⎯⎯⎯⎯⎯⎯⎯⎯

 FAIL  |web| tests/western_ashmere.e2e.ts > Hob can be met at both scheduled destinations using an isolated controlled browser clock
LOCATOR_AMBIGUOUS: locator matched 3 nodes, expected exactly one: getByText("Hob says, “The wheel is quiet tonight. Mind your footing on the loft boards.”")
 ❯ at http://127.0.0.1:19106/
 ❯ on screen #n48 text="Hob says, “The wheel is quiet tonight. Mind your footing on the loft boards.”"
 ❯ on screen #n49 text="Hob says, “The wheel is quiet tonight. Mind your footing on the loft boards.”"
 ❯ on screen #n50 text="Hob says, “The wheel is quiet tonight. Mind your footing on the loft boards.”"
 ❯ on screen #n47 text="The miller has flour in the seams of his coat and a patient, watchful manner."
 ❯ on screen #n46 heading "Hob"
 ❯ screen .e2e/d3-final/artifacts/web/tests_western_ashmere.e2e.ts__Hob_20can_20be_20met_20at_20both_20scheduled_20destinations_20using_20an_20isolat-4feb1faf/default/attempt-0/failure/screen.txt

⎯⎯⎯⎯⎯⎯⎯⎯⎯⎯⎯⎯⎯⎯⎯⎯⎯⎯⎯⎯⎯⎯⎯⎯⎯⎯⎯⎯⎯⎯⎯⎯⎯⎯⎯⎯⎯⎯⎯⎯⎯⎯⎯⎯⎯⎯⎯⎯⎯⎯⎯⎯⎯⎯⎯⎯⎯⎯⎯⎯⎯⎯⎯⎯⎯⎯⎯⎯⎯⎯⎯⎯⎯⎯[1/1]⎯


 Test Files  1 failed | 0 passed (1)
      Tests  1 failed | 1 passed (2)
   Start at  07:26:44
   Duration  22.45s (startup 2.77s)
     Report  .e2e/d3-final/report.json


exit: 1
