command: cd mobile/app && mise exec -- npm run test:e2e -- tests/western_ashmere.e2e.ts --workers 1 --output .e2e-d3-final --trace off --video off

> loka-app@0.0.0 pretest:e2e
> node patch-sqlite-web.cjs


> loka-app@0.0.0 test:e2e
> E2E_TELEMETRY_DISABLED=1 e2e run tests/western_ashmere.e2e.ts --workers 1 --output .e2e-d3-final --trace off --video off


 RUN  e2e v0.17.0 <WORKTREE>/mobile/app
      run 01a1123a-e10a-75ca-adff-948b58b91358 · targets: web

 ✓ target "web" command ready 3.04s
interrupted: stopping the running test and tearing down (interrupt again to force)
 ❯ |web| tests/western_ashmere.e2e.ts (2 tests | 1 failed | 1 interrupted) 41.83s
   × Western Ashmere documents and all dark stairs persist through browser reload 41.62s
     → locator matched no nodes within getByRole("button", name: "Read")
   × Hob can be met at both scheduled destinations using an isolated controlled browser clock (interrupted) 209ms

⎯⎯⎯⎯⎯⎯⎯⎯⎯⎯⎯⎯⎯⎯⎯⎯⎯⎯⎯⎯⎯⎯⎯⎯⎯⎯⎯⎯⎯⎯⎯⎯ Failed Tests 1 ⎯⎯⎯⎯⎯⎯⎯⎯⎯⎯⎯⎯⎯⎯⎯⎯⎯⎯⎯⎯⎯⎯⎯⎯⎯⎯⎯⎯⎯⎯⎯⎯

 FAIL  |web| tests/western_ashmere.e2e.ts > Western Ashmere documents and all dark stairs persist through browser reload
LOCATOR_NOT_FOUND: locator matched no nodes within getByRole("button", name: "Read")
 ❯ tests/western_ashmere.e2e.ts:21:3
     19|   await go('south', 'Old Mill');
     20|   await screen.getByRole('button', "Hob's ledger").tap();
     21|   await expect(screen.getByText('Grain received, flour delivered. Hob…
       |   ^
     22|   await screen.getByRole('button', 'Back').tap();
     23|   await app.restart();
 ❯ at http://127.0.0.1:19106/
 ❯ screen .e2e-d3-final/artifacts/web/tests_western_ashmere.e2e.ts__Western_20Ashmere_20documents_20and_20all_20dark_20stairs_20persist_20through_20b-085e6157/default/attempt-0/failure/screen.txt

⎯⎯⎯⎯⎯⎯⎯⎯⎯⎯⎯⎯⎯⎯⎯⎯⎯⎯⎯⎯⎯⎯⎯⎯⎯⎯⎯⎯⎯⎯⎯⎯⎯⎯⎯⎯⎯⎯⎯⎯⎯⎯⎯⎯⎯⎯⎯⎯⎯⎯⎯⎯⎯⎯⎯⎯⎯⎯⎯⎯⎯⎯⎯⎯⎯⎯⎯⎯⎯⎯⎯⎯⎯⎯[1/1]⎯


 Test Files  1 failed | 0 passed (1)
      Tests  1 failed | 1 interrupted | 0 passed (2)
   Start at  07:20:11
   Duration  45.75s (startup 3.04s)
     Report  .e2e-d3-final/report.json


exit: 130
