command: cd mobile/app && mise exec -- npm run test:e2e -- tests/western_ashmere.e2e.ts --workers 1 --output .e2e/d3-final --trace off --video off

> loka-app@0.0.0 pretest:e2e
> node patch-sqlite-web.cjs


> loka-app@0.0.0 test:e2e
> E2E_TELEMETRY_DISABLED=1 e2e run tests/western_ashmere.e2e.ts --workers 1 --output .e2e/d3-final --trace off --video off


 RUN  e2e v0.17.0 <WORKTREE>/mobile/app
      run 01a1123d-81cb-7c34-a697-3335bd67007a · targets: web

 ✓ target "web" command ready 917ms
 ❯ |web| tests/western_ashmere.e2e.ts (2 tests | 1 failed) 44.57s
   ✓ Western Ashmere documents and all dark stairs persist through browser reload 13.24s
   × Hob can be met at both scheduled destinations using an isolated controlled browser clock 31.33s
     → locator matched no nodes within getByRole("button", name: "Ignite")

⎯⎯⎯⎯⎯⎯⎯⎯⎯⎯⎯⎯⎯⎯⎯⎯⎯⎯⎯⎯⎯⎯⎯⎯⎯⎯⎯⎯⎯⎯⎯⎯ Failed Tests 1 ⎯⎯⎯⎯⎯⎯⎯⎯⎯⎯⎯⎯⎯⎯⎯⎯⎯⎯⎯⎯⎯⎯⎯⎯⎯⎯⎯⎯⎯⎯⎯⎯

 FAIL  |web| tests/western_ashmere.e2e.ts > Hob can be met at both scheduled destinations using an isolated controlled browser clock
LOCATOR_NOT_FOUND: locator matched no nodes within getByRole("button", name: "Ignite")
 ❯ tests/western_ashmere.e2e.ts:98:3
     96|   await screen.getByRole('button', 'Equipment & Inventory').tap();
     97|   await screen.getByRole('button', 'a torch, open').tap();
     98|   await screen.getByRole('button', 'Ignite').tap();
       |   ^
     99|   await screen.getByRole('button', 'Leave').tap();
    100|   await go('east', 'Well Lane');
 ❯ at http://127.0.0.1:19106/
 ❯ on screen #n20 button "Ignite a torch"
 ❯ screen .e2e/d3-final/artifacts/web/tests_western_ashmere.e2e.ts__Hob_20can_20be_20met_20at_20both_20scheduled_20destinations_20using_20an_20isolat-4feb1faf/default/attempt-0/failure/screen.txt

⎯⎯⎯⎯⎯⎯⎯⎯⎯⎯⎯⎯⎯⎯⎯⎯⎯⎯⎯⎯⎯⎯⎯⎯⎯⎯⎯⎯⎯⎯⎯⎯⎯⎯⎯⎯⎯⎯⎯⎯⎯⎯⎯⎯⎯⎯⎯⎯⎯⎯⎯⎯⎯⎯⎯⎯⎯⎯⎯⎯⎯⎯⎯⎯⎯⎯⎯⎯⎯⎯⎯⎯⎯⎯[1/1]⎯


 Test Files  1 failed | 0 passed (1)
      Tests  1 failed | 1 passed (2)
   Start at  07:23:03
   Duration  45.85s (startup 917ms)
     Report  .e2e/d3-final/report.json


exit: 1
