command: cd mobile/app && mise exec -- npm run test:e2e -- tests/western_ashmere.e2e.ts --workers 1 --output .e2e/d3-final --trace off --video off

> loka-app@0.0.0 pretest:e2e
> node patch-sqlite-web.cjs


> loka-app@0.0.0 test:e2e
> E2E_TELEMETRY_DISABLED=1 e2e run tests/western_ashmere.e2e.ts --workers 1 --output .e2e/d3-final --trace off --video off


 RUN  e2e v0.17.0 <WORKTREE>/mobile/app
      run 01a1123f-387a-7751-aea9-d1eb8dddbee3 · targets: web

 ✓ target "web" command ready 934ms
 ❯ |web| tests/western_ashmere.e2e.ts (2 tests | 1 failed) 15.63s
   ✓ Western Ashmere documents and all dark stairs persist through browser reload 13.19s
   × Hob can be met at both scheduled destinations using an isolated controlled browser clock 2.44s
     → locator matched 2 nodes, expected exactly one: getByRole("button", name:…

⎯⎯⎯⎯⎯⎯⎯⎯⎯⎯⎯⎯⎯⎯⎯⎯⎯⎯⎯⎯⎯⎯⎯⎯⎯⎯⎯⎯⎯⎯⎯⎯ Failed Tests 1 ⎯⎯⎯⎯⎯⎯⎯⎯⎯⎯⎯⎯⎯⎯⎯⎯⎯⎯⎯⎯⎯⎯⎯⎯⎯⎯⎯⎯⎯⎯⎯⎯

 FAIL  |web| tests/western_ashmere.e2e.ts > Hob can be met at both scheduled destinations using an isolated controlled browser clock
LOCATOR_AMBIGUOUS: locator matched 2 nodes, expected exactly one: getByRole("button", name: "Leave")
 ❯ tests/western_ashmere.e2e.ts:112:3
    110|     ),
    111|   ).toBeVisible();
    112|   await screen.getByRole('button', 'Leave').tap();
       |   ^
    113|   await screen.getByRole('button', 'Leave').tap();
    114|   await go('down', 'Old Mill');
 ❯ at http://127.0.0.1:19106/
 ❯ on screen #n40 button "Leave"
 ❯ on screen #n42 button "Leave"
 ❯ screen .e2e/d3-final/artifacts/web/tests_western_ashmere.e2e.ts__Hob_20can_20be_20met_20at_20both_20scheduled_20destinations_20using_20an_20isolat-4feb1faf/default/attempt-0/failure/screen.txt

⎯⎯⎯⎯⎯⎯⎯⎯⎯⎯⎯⎯⎯⎯⎯⎯⎯⎯⎯⎯⎯⎯⎯⎯⎯⎯⎯⎯⎯⎯⎯⎯⎯⎯⎯⎯⎯⎯⎯⎯⎯⎯⎯⎯⎯⎯⎯⎯⎯⎯⎯⎯⎯⎯⎯⎯⎯⎯⎯⎯⎯⎯⎯⎯⎯⎯⎯⎯⎯⎯⎯⎯⎯⎯[1/1]⎯


 Test Files  1 failed | 0 passed (1)
      Tests  1 failed | 1 passed (2)
   Start at  07:24:55
   Duration  16.97s (startup 934ms)
     Report  .e2e/d3-final/report.json


exit: 1
