command: cd mobile/app && mise exec -- npm run test:e2e -- tests/western_ashmere.e2e.ts --workers 1 --output .e2e/d3-final --trace off --video off

> loka-app@0.0.0 pretest:e2e
> node patch-sqlite-web.cjs


> loka-app@0.0.0 test:e2e
> E2E_TELEMETRY_DISABLED=1 e2e run tests/western_ashmere.e2e.ts --workers 1 --output .e2e/d3-final --trace off --video off


 RUN  e2e v0.17.0 <WORKTREE>/mobile/app
      run 01a11242-681f-7aa1-8f5d-565f1f99839a · targets: web

 ✓ target "web" command ready 917ms
 ❯ |web| tests/western_ashmere.e2e.ts (2 tests | 1 failed) 20.83s
   ✓ Western Ashmere documents and all dark stairs persist through browser reload 12.52s
   × Hob can be met at both scheduled destinations using an isolated controlled browser clock 8.32s
     → expect.toBeVisible failed

⎯⎯⎯⎯⎯⎯⎯⎯⎯⎯⎯⎯⎯⎯⎯⎯⎯⎯⎯⎯⎯⎯⎯⎯⎯⎯⎯⎯⎯⎯⎯⎯ Failed Tests 1 ⎯⎯⎯⎯⎯⎯⎯⎯⎯⎯⎯⎯⎯⎯⎯⎯⎯⎯⎯⎯⎯⎯⎯⎯⎯⎯⎯⎯⎯⎯⎯⎯

 FAIL  |web| tests/western_ashmere.e2e.ts > Hob can be met at both scheduled destinations using an isolated controlled browser clock
ASSERTION_FAILED: expect.toBeVisible failed
locator: getByText("Hob says, “The wheel is quiet tonight. Mind your footing on the loft boards.”").first()
expected: visible
observed: no node (match count 0)
 ❯ tests/western_ashmere.e2e.ts:129:3
    127|   await app.restart();
    128|   await screen.getByRole('button', 'Continue').tap();
    129|   await expect(
       |   ^
    130|     screen
    131|       .getByText('Hob says, “The wheel is quiet tonight. Mind your fo…
 ❯ at http://127.0.0.1:19106/
 ❯ screen .e2e/d3-final/artifacts/web/tests_western_ashmere.e2e.ts__Hob_20can_20be_20met_20at_20both_20scheduled_20destinations_20using_20an_20isolat-4feb1faf/default/attempt-0/failure/screen.txt

⎯⎯⎯⎯⎯⎯⎯⎯⎯⎯⎯⎯⎯⎯⎯⎯⎯⎯⎯⎯⎯⎯⎯⎯⎯⎯⎯⎯⎯⎯⎯⎯⎯⎯⎯⎯⎯⎯⎯⎯⎯⎯⎯⎯⎯⎯⎯⎯⎯⎯⎯⎯⎯⎯⎯⎯⎯⎯⎯⎯⎯⎯⎯⎯⎯⎯⎯⎯⎯⎯⎯⎯⎯⎯[1/1]⎯


 Test Files  1 failed | 0 passed (1)
      Tests  1 failed | 1 passed (2)
   Start at  07:28:24
   Duration  22.10s (startup 917ms)
     Report  .e2e/d3-final/report.json


exit: 1
