command: cd mobile/app && mise exec -- npm run test:e2e -- tests/western_ashmere.e2e.ts --workers 1 --output .e2e/d3-final --trace off --video off

> loka-app@0.0.0 pretest:e2e
> node patch-sqlite-web.cjs


> loka-app@0.0.0 test:e2e
> E2E_TELEMETRY_DISABLED=1 e2e run tests/western_ashmere.e2e.ts --workers 1 --output .e2e/d3-final --trace off --video off


 RUN  e2e v0.17.0 <WORKTREE>/mobile/app
      run 01a1123b-daa7-7aa7-b7c3-54a360e0b2e8 · targets: web

 ✓ target "web" command ready 1.44s
 ❯ |web| tests/western_ashmere.e2e.ts (2 tests | 2 failed) 64.59s
   × Western Ashmere documents and all dark stairs persist through browser reload 32.99s
     → locator matched no nodes within getByRole("button", name: "Back")
   × Hob can be met at both scheduled destinations using an isolated controlled browser clock 31.60s
     → locator matched no nodes within getByRole("button", name: "Contents, Inv…

⎯⎯⎯⎯⎯⎯⎯⎯⎯⎯⎯⎯⎯⎯⎯⎯⎯⎯⎯⎯⎯⎯⎯⎯⎯⎯⎯⎯⎯⎯⎯⎯ Failed Tests 2 ⎯⎯⎯⎯⎯⎯⎯⎯⎯⎯⎯⎯⎯⎯⎯⎯⎯⎯⎯⎯⎯⎯⎯⎯⎯⎯⎯⎯⎯⎯⎯⎯

 FAIL  |web| tests/western_ashmere.e2e.ts > Western Ashmere documents and all dark stairs persist through browser reload
LOCATOR_NOT_FOUND: locator matched no nodes within getByRole("button", name: "Back")
 ❯ tests/western_ashmere.e2e.ts:29:3
     27|     ),
     28|   ).toBeVisible();
     29|   await screen.getByRole('button', 'Back').tap();
       |   ^
     30|   await app.restart();
     31|   await screen.getByRole('button', 'Continue').tap();
 ❯ at http://127.0.0.1:19106/
 ❯ screen .e2e/d3-final/artifacts/web/tests_western_ashmere.e2e.ts__Western_20Ashmere_20documents_20and_20all_20dark_20stairs_20persist_20through_20b-085e6157/default/attempt-0/failure/screen.txt

⎯⎯⎯⎯⎯⎯⎯⎯⎯⎯⎯⎯⎯⎯⎯⎯⎯⎯⎯⎯⎯⎯⎯⎯⎯⎯⎯⎯⎯⎯⎯⎯⎯⎯⎯⎯⎯⎯⎯⎯⎯⎯⎯⎯⎯⎯⎯⎯⎯⎯⎯⎯⎯⎯⎯⎯⎯⎯⎯⎯⎯⎯⎯⎯⎯⎯⎯⎯⎯⎯⎯⎯⎯⎯[1/2]⎯

 FAIL  |web| tests/western_ashmere.e2e.ts > Hob can be met at both scheduled destinations using an isolated controlled browser clock
LOCATOR_NOT_FOUND: locator matched no nodes within getByRole("button", name: "Contents, Inventory")
 ❯ tests/western_ashmere.e2e.ts:95:3
     93|   await screen.getByRole('button', 'Buy a torch — 3p').tap();
     94|   await screen.getByRole('button', 'Leave').tap();
     95|   await screen.getByRole('button', 'Contents, Inventory').tap();
       |   ^
     96|   await screen.getByRole('button', 'a torch, open').tap();
     97|   await screen.getByRole('button', 'Ignite').tap();
 ❯ at http://127.0.0.1:19106/
 ❯ on screen #n24 button "Contents, Character, hp 10 of 10, is in perfect health, ma 100 of 100, mv 98 of 100, pennies 17 of 1000"
 ❯ screen .e2e/d3-final/artifacts/web/tests_western_ashmere.e2e.ts__Hob_20can_20be_20met_20at_20both_20scheduled_20destinations_20using_20an_20isolat-4feb1faf/default/attempt-0/failure/screen.txt

⎯⎯⎯⎯⎯⎯⎯⎯⎯⎯⎯⎯⎯⎯⎯⎯⎯⎯⎯⎯⎯⎯⎯⎯⎯⎯⎯⎯⎯⎯⎯⎯⎯⎯⎯⎯⎯⎯⎯⎯⎯⎯⎯⎯⎯⎯⎯⎯⎯⎯⎯⎯⎯⎯⎯⎯⎯⎯⎯⎯⎯⎯⎯⎯⎯⎯⎯⎯⎯⎯⎯⎯⎯⎯[2/2]⎯


 Test Files  1 failed | 0 passed (1)
      Tests  2 failed | 0 passed (2)
   Start at  07:21:15
   Duration  66.49s (1m 6s, startup 1.44s)
     Report  .e2e/d3-final/report.json


exit: 1
