command: mise exec -- node --test kernel/ts/test/western_ashmere.test.ts kernel/ts/test/food.test.ts kernel/ts/test/light.test.ts kernel/ts/test/transport.test.ts mobile/authority/local-story/western_ashmere.test.ts mobile/authority/local-story/light.test.ts mobile/authority/local-story/transport.test.ts mobile/app/book/flow.test.ts
✔ three conserved apples share Take/Drop/Forage stock and exact Eat benefit (228.572042ms)
✔ Eat alias binds advertised item and refuses full, foreign, nested, spent and nonfood targets (291.389625ms)
✔ independent fresh IDs include consumed custody before published population births (103.415709ms)
✔ created edible loot uses the same admitted terminal transfer as static food (94.943333ms)
✔ settles burn intervals once and preserves exhaustion through refueling (6.598125ms)
✔ refuel conserves exact supply and preserves the settled effective lit state (1.487959ms)
✔ unavailable refuel controls and forged commands refuse atomically (16.066ms)
✔ darkness shares projection/admission and never blocks the return stair (18.285416ms)
✔ real lethal combat leaves reachable owner-only corpse roots and nested goods in darkness (36.460375ms)
✔ illumination shares the target policy caller query budget (0.857625ms)
✔ successor identity pin names the actual fresh rooms, subjects, jobs and equipment holders (0.810833ms)
✔ light projection respects loaded keyed target and input admission before offering a source (246.663875ms)
✔ paid outbound and free return join exact conserved balances and body entry (202.300083ms)
✔ unaffordable and forged endpoint offers refuse atomically (214.069917ms)
✔ recovery waiver uses actual death owner, isle room and contained roots (112.727125ms)
✔ Sedge teaches swim once freely through the original present dialogue (182.427459ms)
✔ loader rejects invalid endpoint, funding, action and free lesson bindings (633.635042ms)
✔ boarding remains inspectable with a disabled offer during a real encounter (116.281125ms)
✔ literal Western Ashmere route visits all five rooms and returns through the preserved east exit (148.073166ms)
✔ original Hob starts at dusk in the loft and alternates at literal next-day schedule boundaries (279.850541ms)
✔ illuminated Mill Cellar has no new NPC or rat population (165.875416ms)
✔ actual torch oil and nested intervals survive cold reopen and sell/buyback with conserved pennies (367.119667ms)
✔ real failed and unknown refill commits reconcile the entire writer group and exact retry (170.19125ms)
✔ corrupt fuel and forged refills refuse without repairing SQLite (392.403833ms)
✔ dark lethal combat cold reopens and permits the gear-free owner corpse walk and exact recovery (394.565542ms)
✔ a light-only cartridge reopens lawful refill history and rejects a bounded forged charge (18.02925ms)
✔ undeclared fuel rows refuse in a cartridge without light metadata and leave SQLite untouched (14.062916ms)
(node:44945) [MODULE_TYPELESS_PACKAGE_JSON] Warning: Module type of file://<WORKTREE>/mobile/app/book/presenter.ts is not specified and it doesn't parse as CommonJS.
Reparsing as ES module because module syntax was detected. This incurs a performance overhead.
To eliminate this warning, add "type": "module" to <WORKTREE>/mobile/app/package.json.
(Use `node --trace-warnings ...` to show where the warning was created)
✔ paid crossing, free Sedge lesson, six-room exploration and return reopen at committed boundaries (1263.148875ms)
✔ forged ferry receipts and saved custody refuse typed corruption without changing the database (1319.183708ms)
✔ real failed and uncertain COMMIT outcomes fence paid/free crossing and lesson then replay once (2082.559375ms)
✔ Book projects an exact boarding control and restores one committed endpoint result (177.277125ms)
✔ the original following Wren crosses once without rescue credit; separated Wren stays behind (415.340459ms)
✔ actual Chapel death return reaches the dark-loft corpse without gear and retains every nested identity on cold reopen (1442.93775ms)
✔ a transport-only cartridge validates crossing receipts without another producer (160.171083ms)
(node:44946) [MODULE_TYPELESS_PACKAGE_JSON] Warning: Module type of file://<WORKTREE>/mobile/app/book/presenter.ts is not specified and it doesn't parse as CommonJS.
Reparsing as ES module because module syntax was detected. This incurs a performance overhead.
To eliminate this warning, add "type": "module" to <WORKTREE>/mobile/app/package.json.
(Use `node --trace-warnings ...` to show where the warning was created)
✔ Western rooms and both exact standalone Read histories survive cold SQLite reopen without story credit (1875.419125ms)
✔ Hob departure and return retain original identity and saved Conversation Leave at the two dawn/dusk boundaries (932.027292ms)
✔ actual death returns gearless through Chapel and recovers original nested possessions in both dark mill branches (1749.34125ms)
ℹ tests 37
ℹ suites 0
ℹ pass 37
ℹ fail 0
ℹ cancelled 0
ℹ skipped 0
ℹ todo 0
ℹ duration_ms 9868.351834

exit: 0
