command: mise exec -- node --test kernel/ts/test/western_ashmere.test.ts kernel/ts/test/food.test.ts mobile/authority/local-story/western_ashmere.test.ts
✔ three conserved apples share Take/Drop/Forage stock and exact Eat benefit (105.004041ms)
✔ Eat alias binds advertised item and refuses full, foreign, nested, spent and nonfood targets (136.524875ms)
✔ independent fresh IDs include consumed custody before published population births (55.151167ms)
✔ created edible loot uses the same admitted terminal transfer as static food (65.489667ms)
✔ literal Western Ashmere route visits all five rooms and returns through the preserved east exit (128.140208ms)
✔ original Hob starts at dusk in the loft and alternates at literal next-day schedule boundaries (135.68225ms)
✔ illuminated Mill Cellar has no new NPC or rat population (63.985084ms)
(node:54545) [MODULE_TYPELESS_PACKAGE_JSON] Warning: Module type of file://<WORKTREE>/mobile/app/book/presenter.ts is not specified and it doesn't parse as CommonJS.
Reparsing as ES module because module syntax was detected. This incurs a performance overhead.
To eliminate this warning, add "type": "module" to <WORKTREE>/mobile/app/package.json.
(Use `node --trace-warnings ...` to show where the warning was created)
✔ Western rooms and both exact standalone Read histories survive cold SQLite reopen without story credit (942.991208ms)
✔ Hob departure and return retain original identity and saved Conversation Leave at the two dawn/dusk boundaries (562.68875ms)
✔ actual death returns gearless through Chapel and recovers original nested possessions in both dark mill branches (1119.530083ms)
ℹ tests 10
ℹ suites 0
ℹ pass 10
ℹ fail 0
ℹ cancelled 0
ℹ skipped 0
ℹ todo 0
ℹ duration_ms 3497.822875

exit: 0
