command: mise exec -- bin/check_all.sh
Resolving Hex dependencies...
Resolution completed in 0.014s
Unchanged:
  boundary 0.11.0
  bunt 1.0.0
  credo 1.7.19
  file_system 1.1.1
  jason 1.4.5
All dependencies have been fetched
No cycles found
Running ExUnit with seed: 729069, max_cases: 16

.......................................................................................................................................................................................................................................

  1) test Rest dream source expands its current bindings and rejects impossible declarations (Loka.ContentDreamsTest)
     test/loka/content_dreams_test.exs:6
     Assertion with == failed
     code:  assert s["on"]["rest"]["room"] == %{
              "cartridge_id" => "ashmere_missing_child",
              "cartridge_version" => "0.0.32",
              "kind" => "room",
              "key" => "inn_rooms"
            }
     left:  nil
     right: %{
              "cartridge_id" => "ashmere_missing_child",
              "cartridge_version" => "0.0.32",
              "key" => "inn_rooms",
              "kind" => "room"
            }
     stacktrace:
       test/loka/content_dreams_test.exs:13: (test)

..............................................................................................................................

  2) test authored patrol references expand at their own boundary (Loka.ContentPatrolTest)
     test/loka/content_patrol_test.exs:5
     Assertion with == failed
     code:  assert q["patrol"]["npc"] == %{
              "cartridge_id" => "ashmere_missing_child",
              "cartridge_version" => "0.0.32",
              "kind" => "npc",
              "key" => "tobin"
            }
     left:  nil
     right: %{
              "cartridge_id" => "ashmere_missing_child",
              "cartridge_version" => "0.0.32",
              "key" => "tobin",
              "kind" => "npc"
            }
     stacktrace:
       test/loka/content_patrol_test.exs:10: (test)

.........
Finished in 12.9 seconds (12.8s async, 0.05s sync)

Result: 366/368 passed
Failed: 2 tests

exit: 2
