command: mise exec -- node --test kernel/ts/test/western_ashmere.test.ts mobile/authority/local-story/western_ashmere.test.ts
✔ literal Western Ashmere route visits all five rooms and returns through the preserved east exit (133.94075ms)
✔ original Hob starts at dusk in the loft and alternates at literal next-day schedule boundaries (176.522709ms)
✔ illuminated Mill Cellar has no new NPC or rat population (71.78975ms)
(node:49812) [MODULE_TYPELESS_PACKAGE_JSON] Warning: Module type of file://<WORKTREE>/mobile/app/book/presenter.ts is not specified and it doesn't parse as CommonJS.
Reparsing as ES module because module syntax was detected. This incurs a performance overhead.
To eliminate this warning, add "type": "module" to <WORKTREE>/mobile/app/package.json.
(Use `node --trace-warnings ...` to show where the warning was created)
✖ Western rooms and both exact standalone Read histories survive cold SQLite reopen without story credit (373.913917ms)
✔ Hob departure and return retain original identity and saved Conversation Leave at the two dawn/dusk boundaries (694.828542ms)
✔ actual death returns gearless through Chapel and recovers original nested possessions in both dark mill branches (1566.869ms)
ℹ tests 6
ℹ suites 0
ℹ pass 5
ℹ fail 1
ℹ cancelled 0
ℹ skipped 0
ℹ todo 0
ℹ duration_ms 4304.908584

✖ failing tests:

test at mobile/authority/local-story/western_ashmere.test.ts:78:1
✖ Western rooms and both exact standalone Read histories survive cold SQLite reopen without story credit (373.913917ms)
  AssertionError [ERR_ASSERTION]: Expected values to be strictly deep-equal:
  + actual - expected
  
    [
  +   'Grain received, flour delivered. Hob has balanced every line; a note in the margin reads: Mind the loose board upstairs.'
  -   'This cottage is for sale. Enquiries may be left with the miller. No terms have been agreed.'
    ]
  
      at TestContext.<anonymous> (file://<WORKTREE>/mobile/authority/local-story/western_ashmere.test.ts:100:12)
      at Test.runInAsyncScope (node:async_hooks:227:14)
      at Test.run (node:internal/test_runner/test:1402:25)
      at Test.start (node:internal/test_runner/test:1262:17)
      at startSubtestAfterBootstrap (node:internal/test_runner/harness:387:17)
      at process.processTicksAndRejections (node:internal/process/task_queues:104:5) {
    generatedMessage: true,
    code: 'ERR_ASSERTION',
    actual: [ 'Grain received, flour delivered. Hob has balanced every line; a note in the margin reads: Mind the loose board upstairs.' ],
    expected: [ 'This cottage is for sale. Enquiries may be left with the miller. No terms have been agreed.' ],
    operator: 'deepStrictEqual',
    diff: 'simple'
  }

exit: 1
