command: mise exec -- node --test kernel/ts/test/western_ashmere.test.ts mobile/authority/local-story/western_ashmere.test.ts
✔ literal Western Ashmere route visits all five rooms and returns through the preserved east exit (363.123625ms)
✖ original Hob starts at dusk in the loft and alternates at literal next-day schedule boundaries (222.372291ms)
✔ illuminated Mill Cellar has no new NPC or rat population (118.777834ms)
(node:48426) [MODULE_TYPELESS_PACKAGE_JSON] Warning: Module type of file://<WORKTREE>/mobile/app/book/presenter.ts is not specified and it doesn't parse as CommonJS.
Reparsing as ES module because module syntax was detected. This incurs a performance overhead.
To eliminate this warning, add "type": "module" to <WORKTREE>/mobile/app/package.json.
(Use `node --trace-warnings ...` to show where the warning was created)
✔ Western rooms and both exact standalone Read histories survive cold SQLite reopen without story credit (1676.029ms)
✖ Hob departure and return retain original identity and saved Conversation Leave at the two dawn/dusk boundaries (331.178125ms)
✔ actual death returns gearless through Chapel and recovers original nested possessions in both dark mill branches (5272.758209ms)
ℹ tests 6
ℹ suites 0
ℹ pass 4
ℹ fail 2
ℹ cancelled 0
ℹ skipped 0
ℹ todo 0
ℹ duration_ms 10026.943458

✖ failing tests:

test at kernel/ts/test/western_ashmere.test.ts:40:1
✖ original Hob starts at dusk in the loft and alternates at literal next-day schedule boundaries (222.372291ms)
  AssertionError [ERR_ASSERTION]: Expected values to be strictly equal:
  
  111600 !== 108000
  
      at TestContext.<anonymous> (file://<WORKTREE>/kernel/ts/test/western_ashmere.test.ts:52:10)
      at Test.runInAsyncScope (node:async_hooks:227:14)
      at Test.run (node:internal/test_runner/test:1402:25)
      at Test.processPendingSubtests (node:internal/test_runner/test:974:18)
      at Test.postRun (node:internal/test_runner/test:1542:19)
      at Test.run (node:internal/test_runner/test:1467:12)
      at async startSubtestAfterBootstrap (node:internal/test_runner/harness:387:3) {
    generatedMessage: true,
    code: 'ERR_ASSERTION',
    actual: 111600,
    expected: 108000,
    operator: 'strictEqual',
    diff: 'simple'
  }

test at mobile/authority/local-story/western_ashmere.test.ts:133:1
✖ Hob departure and return retain original identity and saved Conversation Leave at the two dawn/dusk boundaries (331.178125ms)
  AssertionError [ERR_ASSERTION]: Expected values to be strictly deep-equal:
  + actual - expected
  
    [
      {
  +     id: '887efed7-40bb-8854-8ece-640e45e3e5d4',
  +     kind: 'thing'
  -     kind: 'dialogue',
  -     speaker: '887efed7-40bb-8854-8ece-640e45e3e5d4'
      }
    ]
  
      at TestContext.<anonymous> (file://<WORKTREE>/mobile/authority/local-story/western_ashmere.test.ts:159:10)
      at Test.runInAsyncScope (node:async_hooks:227:14)
      at Test.run (node:internal/test_runner/test:1402:25)
      at Test.processPendingSubtests (node:internal/test_runner/test:974:18)
      at Test.postRun (node:internal/test_runner/test:1542:19)
      at Test.run (node:internal/test_runner/test:1467:12)
      at process.processTicksAndRejections (node:internal/process/task_queues:104:5)
      at async startSubtestAfterBootstrap (node:internal/test_runner/harness:387:3) {
    generatedMessage: true,
    code: 'ERR_ASSERTION',
    actual: [ { kind: 'thing', id: '887efed7-40bb-8854-8ece-640e45e3e5d4' } ],
    expected: [ { kind: 'dialogue', speaker: '887efed7-40bb-8854-8ece-640e45e3e5d4' } ],
    operator: 'deepStrictEqual',
    diff: 'simple'
  }

exit: 1
