command: mise exec -- node --test kernel/ts/test/western_ashmere.test.ts mobile/authority/local-story/western_ashmere.test.ts
✔ literal Western Ashmere route visits all five rooms and returns through the preserved east exit (124.692792ms)
✔ original Hob starts at dusk in the loft and alternates at literal next-day schedule boundaries (187.330083ms)
✔ illuminated Mill Cellar has no new NPC or rat population (72.9135ms)
(node:50530) [MODULE_TYPELESS_PACKAGE_JSON] Warning: Module type of file://<WORKTREE>/mobile/app/book/presenter.ts is not specified and it doesn't parse as CommonJS.
Reparsing as ES module because module syntax was detected. This incurs a performance overhead.
To eliminate this warning, add "type": "module" to <WORKTREE>/mobile/app/package.json.
(Use `node --trace-warnings ...` to show where the warning was created)
✔ Western rooms and both exact standalone Read histories survive cold SQLite reopen without story credit (1195.779959ms)
✔ Hob departure and return retain original identity and saved Conversation Leave at the two dawn/dusk boundaries (855.193375ms)
✔ actual death returns gearless through Chapel and recovers original nested possessions in both dark mill branches (1563.833375ms)
ℹ tests 6
ℹ suites 0
ℹ pass 6
ℹ fail 0
ℹ cancelled 0
ℹ skipped 0
ℹ todo 0
ℹ duration_ms 5255.274667

exit: 0
