app-typecheck-final.log: OK
book-and-save.log: OK
browser-attempt1.log: OK
browser-attempt2.log: OK
browser-attempt3.log: OK
browser-attempt4.log: OK
browser-attempt5.log: OK
browser-attempt6.log: OK
browser-attempt7.log: OK
browser-final.log: OK
browser-restored-final.log: OK
browser-route-schedule-red.log: OK
browser_mutations.py: OK
capture.py: OK
compiler.log: OK
final-browser-typecheck.log: OK
final-docs.log: OK
final-format-docs.log: OK
focused-final.log: OK
focused.log: OK
full-source-final.log: OK
full-source.log: OK
pin-oracle.log: OK
red-cellar-darkness.log: OK
red-extra-rat.log: OK
red-hob-dawn.log: OK
red-hob-dusk.log: OK
red-hob-start.log: OK
red-ledger-binding.log: OK
red-loft-darkness.log: OK
red-mill-return.log: OK
red-sign-binding.log: OK
restored.log: OK
save-pin-final.log: OK
source-repin.log: OK
typecheck.log: OK

exit: 0
