(node:65168) [MODULE_TYPELESS_PACKAGE_JSON] Warning: Module type of file://[workspace]/mobile/app/book/presenter.test.ts is not specified and it doesn't parse as CommonJS.
Reparsing as ES module because module syntax was detected. This incurs a performance overhead.
To eliminate this warning, add "type": "module" to [workspace]/mobile/app/package.json.
(Use `node --trace-warnings ...` to show where the warning was created)
✔ pending and refused Take/Drop/Leave retain detail routing and unchanged custody (1.997584ms)
✔ journal cues belong only to changed NPC histories (0.303458ms)
✔ recovery removes the current heading but retains an unclassified consequence (0.147084ms)
✔ confirmed room change clears old history before adding new authored consequences (0.210708ms)
✔ World omits the routine Close fallback while retaining authored consequences (0.144958ms)
✔ a restored committed narration is not duplicated by its pending receipt retry (0.144666ms)
✔ a move rejected for want of MV says the body is too exhausted (0.074541ms)
✔ the log stops growing in one room, its last line the latest answer (1.800958ms)
✔ the save-error line says a pending start over in words and shows any other message (0.196709ms)
✔ a narration recovery fault holds combat results while their line routing is unavailable (0.407334ms)
✔ combat receipt history is once-only when completion follows an already displayed state (0.349708ms)
ℹ tests 11
ℹ suites 0
ℹ pass 11
ℹ fail 0
ℹ cancelled 0
ℹ skipped 0
ℹ todo 0
ℹ duration_ms 101.561125
