(node:65170) [MODULE_TYPELESS_PACKAGE_JSON] Warning: Module type of file://[workspace]/mobile/app/book/liquid.test.ts is not specified and it doesn't parse as CommonJS.
Reparsing as ES module because module syntax was detected. This incurs a performance overhead.
To eliminate this warning, add "type": "module" to [workspace]/mobile/app/package.json.
(Use `node --trace-warnings ...` to show where the warning was created)
✔ Book preserves exact water pairs and invalidates changed quantities in displayed context (8.702333ms)
✖ liquid narration displays authored labels and the original committed amount (2.204166ms)
ℹ tests 2
ℹ suites 0
ℹ pass 1
ℹ fail 1
ℹ cancelled 0
ℹ skipped 0
ℹ todo 0
ℹ duration_ms 210.685209

✖ failing tests:

test at mobile/app/book/liquid.test.ts:86:1
✖ liquid narration displays authored labels and the original committed amount (2.204166ms)
  AssertionError [ERR_ASSERTION]: Expected values to be strictly deep-equal:
  + actual - expected
  
    [
  +   'You pour into the other skin.',
  -   'You pour into the other skin.\nWater · 3 quarter-litres',
      ''
    ]
  
      at TestContext.<anonymous> (file://[workspace]/mobile/app/book/liquid.test.ts:104:10)
      at Test.runInAsyncScope (node:async_hooks:227:14)
      at Test.run (node:internal/test_runner/test:1402:25)
      at Test.processPendingSubtests (node:internal/test_runner/test:974:18)
      at Test.postRun (node:internal/test_runner/test:1542:19)
      at Test.run (node:internal/test_runner/test:1467:12)
      at process.processTicksAndRejections (node:internal/process/task_queues:104:5)
      at async startSubtestAfterBootstrap (node:internal/test_runner/harness:387:3) {
    generatedMessage: true,
    code: 'ERR_ASSERTION',
    actual: [ 'You pour into the other skin.', '' ],
    expected: [ 'You pour into the other skin.\nWater · 3 quarter-litres', '' ],
    operator: 'deepStrictEqual',
    diff: 'simple'
  }
