Template guard mutant ts-new exit 1
✖ loader rejects vessel metadata on an otherwise valid corpse template (92.961375ms)
ℹ tests 1
ℹ suites 0
ℹ pass 0
ℹ fail 1
ℹ cancelled 0
ℹ skipped 0
ℹ todo 0
ℹ duration_ms 244.033

✖ failing tests:

test at kernel/ts/test/cartridge_liquids.test.ts:128:1
✖ loader rejects vessel metadata on an otherwise valid corpse template (92.961375ms)
  AssertionError [ERR_ASSERTION]: The expression evaluated to a falsy value:
  
    assert.ok(!loaded.ok)
  
      at TestContext.<anonymous> (file://[workspace]/kernel/ts/test/cartridge_liquids.test.ts:136:10)
      at Test.runInAsyncScope (node:async_hooks:227:14)
      at Test.run (node:internal/test_runner/test:1402:25)
      at Test.start (node:internal/test_runner/test:1262:17)
      at startSubtestAfterBootstrap (node:internal/test_runner/harness:387:17) {
    generatedMessage: true,
    code: 'ERR_ASSERTION',
    actual: false,
    expected: true,
    operator: '==',
    diff: 'simple'
  }
