✔ two real shop offers cost eight pennies and retain two empty shell identities (4.211417ms)
✔ Fill, Drink, partial Pour and Drink conserve finite contents and affect no resource or clock (1.906042ms)
✔ liquid refusal participants and custody leave every row unchanged while open nested skins work (0.973167ms)
✔ Fill includes liquid mass, admits equality, and owned Pour/Drink remain legal while overloaded (0.947667ms)
✖ Take and Buy reject filled mass above ceiling and GameView exposes exact current pairs (0.54925ms)
✔ authored larger servings refuse a partial last drink and exhausted Pour keeps an empty shell (0.650542ms)
✔ closed owned nested vessels and exact out-of-room sources refuse without a write (0.251167ms)
✔ liquid pair projection fails at the same exhausted budget as direct admission (0.344042ms)
ℹ tests 8
ℹ suites 0
ℹ pass 7
ℹ fail 1
ℹ cancelled 0
ℹ skipped 0
ℹ todo 0
ℹ duration_ms 208.048167

✖ failing tests:

test at kernel/ts/test/liquid.test.ts:220:1
✖ Take and Buy reject filled mass above ceiling and GameView exposes exact current pairs (0.54925ms)
  TypeError: Cannot read properties of undefined (reading 'code')
      at TestContext.<anonymous> (file://[workspace]/kernel/ts/test/liquid.test.ts:240:74)
      at Test.runInAsyncScope (node:async_hooks:227:14)
      at Test.run (node:internal/test_runner/test:1402:25)
      at Test.processPendingSubtests (node:internal/test_runner/test:974:18)
      at Test.postRun (node:internal/test_runner/test:1542:19)
      at Test.run (node:internal/test_runner/test:1467:12)
      at async Test.processPendingSubtests (node:internal/test_runner/test:974:7)
