✔ buy at the carrying ceiling, sell and buyback conserve forty pennies and one identity (5.325541ms)
✔ projection and direct exchange refuse too-heavy, poor, absent and changed-quote purchases atomically (3.442ms)
✔ sell requires direct eligible custody and funded Peg (1.025208ms)
✔ loader independently rejects malformed shop stock and funding (120.814792ms)
✔ a fresh world mints NPCs then items after the details and places each (4.762834ms)
✔ take proposes one transfer to the body and item_acquired, at the Python state hash (3.148375ms)
✔ drop leaves the item in the room with item_dropped; give hands it to the NPC (0.817416ms)
✔ each bad take, drop and give is rejected with its code and consumes nothing (4.969ms)
✔ the containment invariants fail on a broken world (0.331084ms)
✔ containment_acyclic is linear in the items of one room (34.850417ms)
✔ a transfer past a capacity or into its own contents faults and commits nothing (0.521292ms)
✔ has_item holds for an item the actor carries, also inside a carried container (0.658375ms)
✔ target resolution names items and NPCs in the room and items the actor holds (0.767708ms)
✔ look with a target_id examines an item or NPC here or held, else not_present (1.409542ms)
✔ scan lists the NPCs and items in each room beyond, and changes nothing (0.503833ms)
✔ nested Take fits equality and reports the same carrying refusal in the view (1.769041ms)
✔ forced overload preserves owned extraction, Give and Drop while blocking positive Take (0.499666ms)
✔ large masses and repeated definitions stay exact by item identity (0.601916ms)
✔ zero subtree is neutral but positive contents and malformed mass remain distinct (0.447667ms)
✔ carrying charges prior policy work before accumulation and event allocation (0.280458ms)
✔ slot-holder indexing shares the carrying budget before inspecting worn mass (0.690083ms)
✔ cached owned and zero neutral results survive later budget exhaustion (0.370167ms)
✔ a Take alias advertises too_heavy and cannot evade the view admission invariant (0.586875ms)
ℹ tests 23
ℹ suites 0
ℹ pass 23
ℹ fail 0
ℹ cancelled 0
ℹ skipped 0
ℹ todo 0
ℹ duration_ms 350.132208
