malformed-reference-old-focused-fixture TS exit 0
✔ liquid composition matches independently pinned rows and atomic refusals (4.284375ms)
✔ liquid precondition replay rejects counterfeit successes and missing debit (0.494667ms)
ℹ tests 2
ℹ suites 0
ℹ pass 2
ℹ fail 0
ℹ cancelled 0
ℹ skipped 0
ℹ todo 0
ℹ duration_ms 105.451125


malformed-reference-new-fixture TS exit 1
✖ liquid composition matches independently pinned rows and atomic refusals (4.179041ms)
✔ liquid precondition replay rejects counterfeit successes and missing debit (0.600417ms)
ℹ tests 2
ℹ suites 0
ℹ pass 1
ℹ fail 1
ℹ cancelled 0
ℹ skipped 0
ℹ todo 0
ℹ duration_ms 108.507583

✖ failing tests:

test at kernel/ts/test/liquid_composition.test.ts:11:1
✖ liquid composition matches independently pinned rows and atomic refusals (4.179041ms)
  Error: invalid_canonical
      at notCanonical (file://[workspace]/kernel/ts/src/foundation/canonical.ts:179:9)
      at write (file://[workspace]/kernel/ts/src/foundation/canonical.ts:185:53)
      at write (file://[workspace]/kernel/ts/src/foundation/canonical.ts:205:7)
      at encode (file://[workspace]/kernel/ts/src/foundation/canonical.ts:169:3)
      at key (file://[workspace]/kernel/ts/src/foundation/compose.ts:41:48)
      at same (file://[workspace]/kernel/ts/src/foundation/compose.ts:42:77)
      at file://[workspace]/kernel/ts/src/foundation/compose_liquid.ts:42:35
      at Array.some (<anonymous>)
      at liquidRowValid (file://[workspace]/kernel/ts/src/foundation/compose_liquid.ts:42:20)
      at composeLiquid (file://[workspace]/kernel/ts/src/foundation/compose_liquid.ts:12:10) {
    code: 'invalid_canonical'
  }


missing-precondition TS exit 1
✖ liquid composition matches independently pinned rows and atomic refusals (4.038667ms)
✔ liquid precondition replay rejects counterfeit successes and missing debit (1.3ms)
ℹ tests 2
ℹ suites 0
ℹ pass 1
ℹ fail 1
ℹ cancelled 0
ℹ skipped 0
ℹ todo 0
ℹ duration_ms 124.453875

✖ failing tests:

test at kernel/ts/test/liquid_composition.test.ts:11:1
✖ liquid composition matches independently pinned rows and atomic refusals (4.038667ms)
  AssertionError [ERR_ASSERTION]: prior-quantity-mismatch-discards-first-write
  + actual - expected
  
    {
  +   changes: [
  +     {
  +       target: {
  +         item_id: 'a0000000-0000-4000-8000-000000000001',
  +         kind: 'liquid'
  +       },
  +       value: {
  +         kind: {
  +           cartridge_id: 'liquid_probe',
  +           cartridge_version: '1.0.0',
  +           key: 'water',
  +           kind: 'liquid'
  +         },
  +         quantity: 2
  +       }
  -   fault: {
  -     code: 'precondition_failed',
  -     kind: 'fault',
  -     target: {
  -       item_id: 'a0000000-0000-4000-8000-000000000002',
  -       kind: 'liquid'
        },
  +     {
  +       target: {
  +         item_id: 'a0000000-0000-4000-8000-000000000002',
  +         kind: 'liquid'
  +       },
  +       value: {
  +         kind: {
  +           cartridge_id: 'liquid_probe',
  +           cartridge_version: '1.0.0',
  +           key: 'water',
  +           kind: 'liquid'
  +         },
  +         quantity: 7
  +       }
  +     }
  +   ]
  -   }
    }
  
      at TestContext.<anonymous> (file://[workspace]/kernel/ts/test/liquid_composition.test.ts:17:12)
      at Test.runInAsyncScope (node:async_hooks:227:14)
      at Test.run (node:internal/test_runner/test:1402:25)
      at Test.start (node:internal/test_runner/test:1262:17)
      at startSubtestAfterBootstrap (node:internal/test_runner/harness:387:17) {
    generatedMessage: false,
    code: 'ERR_ASSERTION',
    actual: { changes: [ [Object], [Object] ] },
    expected: { fault: { kind: 'fault', code: 'precondition_failed', target: [Object] } },
    operator: 'deepStrictEqual',
    diff: 'simple'
  }


missing-precondition Elixir exit 2
Compiling 53 files (.ex)
Generated loka app
Running ExUnit with seed: 515478, max_cases: 16



  1) test liquid differential follows literal answers then randomized cases (Loka.Core.LiquidTest)
     test/loka/core/liquid_test.exs:59
     prior-quantity-mismatch-discards-first-write
     code: for c <- @fixture["cases"] do
     stacktrace:
       test/loka/core/liquid_test.exs:64: anonymous fn/1 in Loka.Core.LiquidTest."test liquid differential follows literal answers then randomized cases"/1
       (elixir 1.20.4) lib/enum.ex:1725: Enum."-map/2-lists^map/1-1-"/2
       (elixir 1.20.4) lib/enum.ex:1725: Enum."-map/2-lists^map/1-1-"/2
       test/loka/core/liquid_test.exs:61: (test)



  2) test liquid composition matches independent rows and atomic refusals (Loka.Core.LiquidTest)
     test/loka/core/liquid_test.exs:8
     prior-quantity-mismatch-discards-first-write
     code: for c <- @fixture["cases"] do
     stacktrace:
       test/loka/core/liquid_test.exs:14: anonymous fn/2 in Loka.Core.LiquidTest."test liquid composition matches independent rows and atomic refusals"/1
       (elixir 1.20.4) lib/enum.ex:2622: Enum."-reduce/3-lists^foldl/2-0-"/3
       test/loka/core/liquid_test.exs:9: (test)

.
Finished in 0.1 seconds (0.1s async, 0.00s sync)

Result: 1/3 passed
Failed: 2 tests


missing-debit TS exit 1
✖ liquid composition matches independently pinned rows and atomic refusals (2.71ms)
✔ liquid precondition replay rejects counterfeit successes and missing debit (0.976292ms)
ℹ tests 2
ℹ suites 0
ℹ pass 1
ℹ fail 1
ℹ cancelled 0
ℹ skipped 0
ℹ todo 0
ℹ duration_ms 110.734625

✖ failing tests:

test at kernel/ts/test/liquid_composition.test.ts:11:1
✖ liquid composition matches independently pinned rows and atomic refusals (2.71ms)
  AssertionError [ERR_ASSERTION]: partial-pour-5-4-to-2-7
  + actual - expected
  ... Skipped lines
  
    {
      changes: [
        {
          target: {
            item_id: 'a0000000-0000-4000-8000-000000000001',
  ...
            },
  +         quantity: 5
  -         quantity: 2
          }
        },
        {
          target: {
            item_id: 'a0000000-0000-4000-8000-000000000002',
  ...
            },
  +         quantity: 4
  -         quantity: 7
          }
        }
      ]
    }
  
      at TestContext.<anonymous> (file://[workspace]/kernel/ts/test/liquid_composition.test.ts:17:12)
      at Test.runInAsyncScope (node:async_hooks:227:14)
      at Test.run (node:internal/test_runner/test:1402:25)
      at Test.start (node:internal/test_runner/test:1262:17)
      at startSubtestAfterBootstrap (node:internal/test_runner/harness:387:17) {
    generatedMessage: false,
    code: 'ERR_ASSERTION',
    actual: { changes: [ [Object], [Object] ] },
    expected: { changes: [ [Object], [Object] ] },
    operator: 'deepStrictEqual',
    diff: 'simple'
  }


missing-debit Elixir exit 2
Compiling 53 files (.ex)
Generated loka app
Running ExUnit with seed: 21464, max_cases: 16



  1) test liquid differential follows literal answers then randomized cases (Loka.Core.LiquidTest)
     test/loka/core/liquid_test.exs:59
     partial-pour-5-4-to-2-7
     code: for c <- @fixture["cases"] do
     stacktrace:
       test/loka/core/liquid_test.exs:64: anonymous fn/1 in Loka.Core.LiquidTest."test liquid differential follows literal answers then randomized cases"/1
       (elixir 1.20.4) lib/enum.ex:1725: Enum."-map/2-lists^map/1-1-"/2
       test/loka/core/liquid_test.exs:61: (test)

.

  2) test liquid composition matches independent rows and atomic refusals (Loka.Core.LiquidTest)
     test/loka/core/liquid_test.exs:8
     partial-pour-5-4-to-2-7
     code: for c <- @fixture["cases"] do
     stacktrace:
       test/loka/core/liquid_test.exs:14: anonymous fn/2 in Loka.Core.LiquidTest."test liquid composition matches independent rows and atomic refusals"/1
       (elixir 1.20.4) lib/enum.ex:2622: Enum."-reduce/3-lists^foldl/2-0-"/3
       test/loka/core/liquid_test.exs:9: (test)


Finished in 0.1 seconds (0.1s async, 0.00s sync)

Result: 1/3 passed
Failed: 2 tests


unchecked-row-capacity TS exit 1
✖ liquid composition matches independently pinned rows and atomic refusals (4.98425ms)
✔ liquid precondition replay rejects counterfeit successes and missing debit (0.532083ms)
ℹ tests 2
ℹ suites 0
ℹ pass 1
ℹ fail 1
ℹ cancelled 0
ℹ skipped 0
ℹ todo 0
ℹ duration_ms 107.59

✖ failing tests:

test at kernel/ts/test/liquid_composition.test.ts:11:1
✖ liquid composition matches independently pinned rows and atomic refusals (4.98425ms)
  AssertionError [ERR_ASSERTION]: overflow-discards-first-write
  + actual - expected
  
    {
  +   changes: [
  +     {
  +       target: {
  +         item_id: 'a0000000-0000-4000-8000-000000000001',
  +         kind: 'liquid'
  +       },
  +       value: {
  +         kind: {
  +           cartridge_id: 'liquid_probe',
  +           cartridge_version: '1.0.0',
  +           key: 'water',
  +           kind: 'liquid'
  +         },
  +         quantity: 2
  +       }
  -   fault: {
  -     code: 'precondition_failed',
  -     kind: 'fault',
  -     target: {
  -       item_id: 'a0000000-0000-4000-8000-000000000002',
  -       kind: 'liquid'
        },
  +     {
  +       target: {
  +         item_id: 'a0000000-0000-4000-8000-000000000002',
  +         kind: 'liquid'
  +       },
  +       value: {
  +         kind: {
  +           cartridge_id: 'liquid_probe',
  +           cartridge_version: '1.0.0',
  +           key: 'water',
  +           kind: 'liquid'
  +         },
  +         quantity: 8
  +       }
  +     }
  +   ]
  -   }
    }
  
      at TestContext.<anonymous> (file://[workspace]/kernel/ts/test/liquid_composition.test.ts:17:12)
      at Test.runInAsyncScope (node:async_hooks:227:14)
      at Test.run (node:internal/test_runner/test:1402:25)
      at Test.start (node:internal/test_runner/test:1262:17)
      at startSubtestAfterBootstrap (node:internal/test_runner/harness:387:17) {
    generatedMessage: false,
    code: 'ERR_ASSERTION',
    actual: { changes: [ [Object], [Object] ] },
    expected: { fault: { kind: 'fault', code: 'precondition_failed', target: [Object] } },
    operator: 'deepStrictEqual',
    diff: 'simple'
  }


unchecked-row-capacity Elixir exit 2
Compiling 53 files (.ex)
Generated loka app
Running ExUnit with seed: 371206, max_cases: 16

.

  1) test liquid differential follows literal answers then randomized cases (Loka.Core.LiquidTest)
     test/loka/core/liquid_test.exs:59
     overflow-discards-first-write
     code: for c <- @fixture["cases"] do
     stacktrace:
       test/loka/core/liquid_test.exs:64: anonymous fn/1 in Loka.Core.LiquidTest."test liquid differential follows literal answers then randomized cases"/1
       (elixir 1.20.4) lib/enum.ex:1725: Enum."-map/2-lists^map/1-1-"/2
       (elixir 1.20.4) lib/enum.ex:1725: Enum."-map/2-lists^map/1-1-"/2
       test/loka/core/liquid_test.exs:61: (test)



  2) test liquid composition matches independent rows and atomic refusals (Loka.Core.LiquidTest)
     test/loka/core/liquid_test.exs:8
     overflow-discards-first-write
     code: for c <- @fixture["cases"] do
     stacktrace:
       test/loka/core/liquid_test.exs:14: anonymous fn/2 in Loka.Core.LiquidTest."test liquid composition matches independent rows and atomic refusals"/1
       (elixir 1.20.4) lib/enum.ex:2622: Enum."-reduce/3-lists^foldl/2-0-"/3
       test/loka/core/liquid_test.exs:9: (test)


Finished in 0.1 seconds (0.1s async, 0.00s sync)

Result: 1/3 passed
Failed: 2 tests


unchecked-immutable-capacity TS exit 1
✖ liquid composition matches independently pinned rows and atomic refusals (5.217292ms)
✔ liquid precondition replay rejects counterfeit successes and missing debit (0.498875ms)
ℹ tests 2
ℹ suites 0
ℹ pass 1
ℹ fail 1
ℹ cancelled 0
ℹ skipped 0
ℹ todo 0
ℹ duration_ms 108.6715

✖ failing tests:

test at kernel/ts/test/liquid_composition.test.ts:11:1
✖ liquid composition matches independently pinned rows and atomic refusals (5.217292ms)
  AssertionError [ERR_ASSERTION]: invalid-immutable-capacity-above-bound
  + actual - expected
  
    {
  +   changes: [
  +     {
  +       target: {
  +         item_id: 'a0000000-0000-4000-8000-000000000001',
  +         kind: 'liquid'
  +       },
  +       value: {
  +         kind: {
  +           cartridge_id: 'liquid_probe',
  +           cartridge_version: '1.0.0',
  +           key: 'water',
  +           kind: 'liquid'
  +         },
  +         quantity: 2
  +       }
  -   fault: {
  -     code: 'precondition_failed',
  -     kind: 'fault',
  -     target: {
  -       item_id: 'a0000000-0000-4000-8000-000000000001',
  -       kind: 'liquid'
        }
  +   ]
  -   }
    }
  
      at TestContext.<anonymous> (file://[workspace]/kernel/ts/test/liquid_composition.test.ts:17:12)
      at Test.runInAsyncScope (node:async_hooks:227:14)
      at Test.run (node:internal/test_runner/test:1402:25)
      at Test.start (node:internal/test_runner/test:1262:17)
      at startSubtestAfterBootstrap (node:internal/test_runner/harness:387:17) {
    generatedMessage: false,
    code: 'ERR_ASSERTION',
    actual: { changes: [ [Object] ] },
    expected: { fault: { kind: 'fault', code: 'precondition_failed', target: [Object] } },
    operator: 'deepStrictEqual',
    diff: 'simple'
  }


unchecked-immutable-capacity Elixir exit 2
Compiling 53 files (.ex)
Generated loka app
Running ExUnit with seed: 694270, max_cases: 16

.

  1) test liquid composition matches independent rows and atomic refusals (Loka.Core.LiquidTest)
     test/loka/core/liquid_test.exs:8
     invalid-immutable-capacity-above-bound
     code: for c <- @fixture["cases"] do
     stacktrace:
       test/loka/core/liquid_test.exs:14: anonymous fn/2 in Loka.Core.LiquidTest."test liquid composition matches independent rows and atomic refusals"/1
       (elixir 1.20.4) lib/enum.ex:2622: Enum."-reduce/3-lists^foldl/2-0-"/3
       test/loka/core/liquid_test.exs:9: (test)



  2) test liquid differential follows literal answers then randomized cases (Loka.Core.LiquidTest)
     test/loka/core/liquid_test.exs:59
     invalid-immutable-capacity-above-bound
     code: for c <- @fixture["cases"] do
     stacktrace:
       test/loka/core/liquid_test.exs:64: anonymous fn/1 in Loka.Core.LiquidTest."test liquid differential follows literal answers then randomized cases"/1
       (elixir 1.20.4) lib/enum.ex:1725: Enum."-map/2-lists^map/1-1-"/2
       (elixir 1.20.4) lib/enum.ex:1725: Enum."-map/2-lists^map/1-1-"/2
       test/loka/core/liquid_test.exs:61: (test)


Finished in 0.1 seconds (0.1s async, 0.00s sync)

Result: 1/3 passed
Failed: 2 tests

