Index reset mutant exit 1
(node:86778) [MODULE_TYPELESS_PACKAGE_JSON] Warning: Module type of file://[workspace]/mobile/app/book/presenter.ts is not specified and it doesn't parse as CommonJS.
Reparsing as ES module because module syntax was detected. This incurs a performance overhead.
To eliminate this warning, add "type": "module" to [workspace]/mobile/app/package.json.
(Use `node --trace-warnings ...` to show where the warning was created)
✖ a damaged receipt index fails the open with start over, which gives a fresh game (25.551584ms)
ℹ tests 1
ℹ suites 0
ℹ pass 0
ℹ fail 1
ℹ cancelled 0
ℹ skipped 0
ℹ todo 0
ℹ duration_ms 188.511167

✖ failing tests:

test at mobile/authority/local-story/smoke.test.ts:338:1
✖ a damaged receipt index fails the open with start over, which gives a fresh game (25.551584ms)
  TypeError: Cannot read properties of undefined (reading 'lastNarration')
      at restoredLogs (file://[workspace]/mobile/app/book/logs.ts:40:21)
      at presenter (file://[workspace]/mobile/app/book/presenter.ts:278:13)
      at at (file://[workspace]/mobile/authority/local-story/smoke.test.ts:47:54)
      at screenOf (file://[workspace]/mobile/authority/local-story/smoke.test.ts:49:13)
      at Object.now (file://[workspace]/mobile/authority/local-story/smoke.test.ts:272:21)
      at TestContext.<anonymous> (file://[workspace]/mobile/authority/local-story/smoke.test.ts:344:18)
      at Test.runInAsyncScope (node:async_hooks:227:14)
      at Test.run (node:internal/test_runner/test:1402:25)
      at Test.start (node:internal/test_runner/test:1262:17)
      at startSubtestAfterBootstrap (node:internal/test_runner/harness:387:17)
