✖ cold open rejects consistent command/event rewrites that cannot derive from the original invocation (103.502208ms)
ℹ tests 1
ℹ suites 0
ℹ pass 0
ℹ fail 1
ℹ cancelled 0
ℹ skipped 0
ℹ todo 0
ℹ duration_ms 271.66125

✖ failing tests:

test at mobile/authority/local-story/liquid.test.ts:398:1
✖ cold open rejects consistent command/event rewrites that cannot derive from the original invocation (103.502208ms)
  AssertionError [ERR_ASSERTION]: Expected values to be strictly equal:
  + actual - expected
  
  + 'open'
  - 'save_corrupt'
  
      at TestContext.<anonymous> (file://[workspace]/mobile/authority/local-story/liquid.test.ts:421:12)
      at Test.runInAsyncScope (node:async_hooks:227:14)
      at Test.run (node:internal/test_runner/test:1402:25)
      at Test.start (node:internal/test_runner/test:1262:17)
      at startSubtestAfterBootstrap (node:internal/test_runner/harness:387:17) {
    generatedMessage: true,
    code: 'ERR_ASSERTION',
    actual: 'open',
    expected: 'save_corrupt',
    operator: 'strictEqual',
    diff: 'simple'
  }
