Broad no-header reset mutant exit 1
(node:99866) [MODULE_TYPELESS_PACKAGE_JSON] Warning: Module type of file://[workspace]/mobile/app/book/presenter.ts is not specified and it doesn't parse as CommonJS.
Reparsing as ES module because module syntax was detected. This incurs a performance overhead.
To eliminate this warning, add "type": "module" to [workspace]/mobile/app/package.json.
(Use `node --trace-warnings ...` to show where the warning was created)
✖ unreadable elapsed opening refuses a newly readable replacement and waits on real SQLite uncertainty (30.410542ms)
ℹ tests 1
ℹ suites 0
ℹ pass 0
ℹ fail 1
ℹ cancelled 0
ℹ skipped 0
ℹ todo 0
ℹ duration_ms 240.219791

✖ failing tests:

test at mobile/authority/local-story/start_over.test.ts:399:1
✖ unreadable elapsed opening refuses a newly readable replacement and waits on real SQLite uncertainty (30.410542ms)
  Error: not authorized
      at Object.execSync (file://[workspace]/mobile/authority/local-story/start_over.test.ts:35:29)
      at transaction (file://[workspace]/mobile/authority/local-story/transaction.ts:24:36)
      at replace (file://[workspace]/mobile/authority/local-story/store.ts:187:10)
      at newGame (file://[workspace]/mobile/authority/local-story/authority.ts:242:20)
      at newGame (file://[workspace]/mobile/authority/local-story/authority.ts:78:55)
      at TestContext.<anonymous> (file://[workspace]/mobile/authority/local-story/start_over.test.ts:419:16)
      at Test.runInAsyncScope (node:async_hooks:227:14)
      at Test.run (node:internal/test_runner/test:1402:25)
      at Test.start (node:internal/test_runner/test:1262:17)
      at startSubtestAfterBootstrap (node:internal/test_runner/harness:387:17) {
    code: 'ERR_SQLITE_ERROR',
    errcode: 23,
    errstr: 'authorization denied'
  }
