✔ real SQLite reopens buy before acceptance, active, and both chronological payout orders (123.264208ms)
✔ purchase receipt retry, sale and buyback cold reopen one exact item and conserved pennies (31.037625ms)
✔ buy under an active and expired S2 retains the exact ledger and pending/failure truth (35.153959ms)
✔ cold open refuses omitted debit, wrong recipient, false prior balance and reversed receipt order (137.409917ms)
✔ shop failed COMMIT and both unknown outcomes retain all prior or all next rows (54.599375ms)
✔ satchel Put/Take is immediately useful but active S2 ancestor Sell is refused (34.085709ms)
✔ v018 ID pin binds the spawned world, purchased torch and worn slot after cold reopen (26.756167ms)
✔ real SQLite reopens every immediate occurrence, exact replay and later ordinary bandage custody (360.59925ms)
✔ failed and lost COMMIT exchange outcomes reconcile all-prior or all-next rows (167.041416ms)
✔ exchange history corruption refuses without rewriting the SQLite rows (264.693416ms)
✔ accepted herbs can be dropped, reopened and retrieved for the same exact occurrence (78.632583ms)
✔ B2 and S9 faction receipts reopen in both composed orders without changing pennies (204.247084ms)
✔ reacceptance retirement and fresh activation reconcile as one real SQLite commit (182.347042ms)
✔ randomly seeded B5 lineage reopens and Start over preserves the drawn seed (36.817958ms)
✔ trusted elapsed reopens before S9 and reaches the actual herb exchange consumer (133.574167ms)
✔ actual torch oil and nested intervals survive cold reopen and sell/buyback with conserved pennies (188.721625ms)
✔ real failed and unknown refill commits reconcile the entire writer group and exact retry (92.355084ms)
✔ corrupt fuel and forged refills refuse without repairing SQLite (236.798292ms)
✔ dark lethal combat cold reopens and permits the gear-free owner corpse walk and exact recovery (228.680042ms)
✔ a light-only cartridge reopens lawful refill history and rejects a bounded forged charge (11.270625ms)
✔ undeclared fuel rows refuse in a cartridge without light metadata and leave SQLite untouched (5.883292ms)
✔ production empty, filled, partial Pour, empty, nested, ground and shop custody reopen exactly (927.433459ms)
✔ cold open refuses missing, extra, malformed and plausible bounded liquid rows without repair (535.045708ms)
✔ cold open binds every liquid receipt to its historical command, source and complete ordered rows (803.757917ms)
✔ Pour failed COMMIT and lost acknowledgement fence liquid then reconcile and replay once (151.670125ms)
✔ actual fatal combat cold reopens the filled shell on its corpse then ordinary recovery (239.335ms)
ℹ tests 26
ℹ suites 0
ℹ pass 26
ℹ fail 0
ℹ cancelled 0
ℹ skipped 0
ℹ todo 0
ℹ duration_ms 2928.49375
