• passcodeRequired: false
ka pid=7112 after line 0 -> P6RUN p6-1790957789216 ka done records=4 mismatches=0 checks_failed=0
• passcodeRequired: false
sim pid=7113 after line 5 -> P6RUN p6-1790957793792 sim done records=1530 mismatches=0 checks_failed=0
• passcodeRequired: false
carry1 pid=7116 after line 26 -> P6RUN p6-1790957799098 carry1 HOLD
ERROR: Failed to retrieve the file node for Documents/SQLite/p6-carry1.db (com.apple.dt.CoreDeviceError error 7000 (0x1B58))
ERROR: Failed to retrieve the file node for Documents/SQLite/p6-carry1.db-journal (com.apple.dt.CoreDeviceError error 7000 (0x1B58))
• passcodeRequired: false
carry2 pid=7118 after line 28 -> P6RUN p6-1790957804160 carry2 done records=13 mismatches=0 checks_failed=0
• passcodeRequired: false
leave1 pid=7120 after line 32 -> P6RUN p6-1790957808001 leave1 HOLD
ERROR: Failed to retrieve the file node for Documents/SQLite/p6-leave1.db (com.apple.dt.CoreDeviceError error 7000 (0x1B58))
ERROR: Failed to retrieve the file node for Documents/SQLite/p6-leave1.db-journal (com.apple.dt.CoreDeviceError error 7000 (0x1B58))
• passcodeRequired: false
leave2 pid=7121 after line 34 -> P6RUN p6-1790957812526 leave2 done records=13 mismatches=0 checks_failed=0
• passcodeRequired: false
lost pid=7123 after line 38 -> P6RUN p6-1790957816605 lost done records=25 mismatches=0 checks_failed=0
• passcodeRequired: false
dusk pid=7125 after line 44 -> P6RUN p6-1790957820670 dusk done records=14 mismatches=0 checks_failed=0
• passcodeRequired: false
before pid=7127 after line 53 -> P6RUN p6-1790957824432 before done records=20 mismatches=0 checks_failed=0
• passcodeRequired: false
corrupt pid=7129 after line 60 -> P6RUN p6-1790957827819 corrupt done records=30 mismatches=0 checks_failed=0
• passcodeRequired: false
hold1 pid=7130 after line 68 -> P6RUN p6-1790957832445 hold1 HOLD
86016 p6-hold1.db
35360 p6-hold1.db-journal
• passcodeRequired: false
hold1b pid=7132 after line 71 -> P6RUN p6-1790957836411 hold1b done records=5 mismatches=0 checks_failed=0
• passcodeRequired: false
hold2 pid=7134 after line 76 -> P6RUN p6-1790957839760 hold2 HOLD
ERROR: Failed to retrieve the file node for Documents/SQLite/p6-hold2.db-journal (com.apple.dt.CoreDeviceError error 7000 (0x1B58))
90112 p6-hold2.db
• passcodeRequired: false
hold2b pid=7135 after line 79 -> P6RUN p6-1790957844010 hold2b done records=3 mismatches=0 checks_failed=0
• passcodeRequired: false
hold3 pid=7137 after line 83 -> P6RUN p6-1790957847563 hold3 HOLD
ERROR: Failed to retrieve the file node for Documents/SQLite/p6-hold3.db-journal (com.apple.dt.CoreDeviceError error 7000 (0x1B58))
94208 p6-hold3.db
• passcodeRequired: false
hold3b pid=7139 after line 86 -> P6RUN p6-1790957851194 hold3b done records=2 mismatches=0 checks_failed=0
• passcodeRequired: false
time1 pid=7140 after line 89 -> P6RUN p6-1790957854349 time1 done records=0 mismatches=0 checks_failed=0
• passcodeRequired: false
time2 pid=7142 after line 98 -> P6RUN p6-1790957858754 time2 done records=0 mismatches=0 checks_failed=0
• passcodeRequired: false
time3 pid=7144 after line 107 -> P6RUN p6-1790957863298 time3 done records=0 mismatches=0 checks_failed=0
• passcodeRequired: false
time4 pid=7146 after line 116 -> P6RUN p6-1790957867835 time4 done records=0 mismatches=0 checks_failed=0
• passcodeRequired: false
time5 pid=7149 after line 125 -> P6RUN p6-1790957873779 time5 done records=0 mismatches=0 checks_failed=0
• passcodeRequired: false
time6 pid=7151 after line 134 -> P6RUN p6-1790957879927 time6 done records=0 mismatches=0 checks_failed=0
