ka pid=51792 after line 0 -> P6RUN p6-1790957663481 ka done records=4 mismatches=0 checks_failed=0
sim pid=51871 after line 5 -> P6RUN p6-1790957666872 sim done records=1530 mismatches=0 checks_failed=0
carry1 pid=51944 after line 26 -> P6RUN p6-1790957670492 carry1 HOLD
usage: cp [-R [-H | -L | -P]] [-fi | -n] [-aclpSsvXx] source_file target_file
       cp [-R [-H | -L | -P]] [-fi | -n] [-aclpSsvXx] source_file ... target_directory
carry2 pid=52021 after line 28 -> P6RUN p6-1790957674014 carry2 done records=13 mismatches=0 checks_failed=0
leave1 pid=52085 after line 32 -> P6RUN p6-1790957677476 leave1 HOLD
usage: cp [-R [-H | -L | -P]] [-fi | -n] [-aclpSsvXx] source_file target_file
       cp [-R [-H | -L | -P]] [-fi | -n] [-aclpSsvXx] source_file ... target_directory
leave2 pid=52187 after line 34 -> P6RUN p6-1790957685126 leave2 done records=13 mismatches=0 checks_failed=0
lost pid=52264 after line 38 -> P6RUN p6-1790957690241 lost done records=25 mismatches=0 checks_failed=0
dusk pid=52333 after line 44 -> P6RUN p6-1790957696078 dusk done records=14 mismatches=0 checks_failed=0
before pid=52423 after line 53 -> P6RUN p6-1790957702035 before done records=20 mismatches=0 checks_failed=0
corrupt pid=52485 after line 60 -> P6RUN p6-1790957706216 corrupt done records=30 mismatches=0 checks_failed=0
hold1 pid=52546 after line 68 -> P6RUN p6-1790957710079 hold1 HOLD
86016 p6-hold1.db
35360 p6-hold1.db-journal
hold1b pid=52605 after line 71 -> P6RUN p6-1790957713873 hold1b done records=5 mismatches=0 checks_failed=0
hold2 pid=52683 after line 76 -> P6RUN p6-1790957717626 hold2 HOLD
90112 p6-hold2.db
hold2b pid=52788 after line 79 -> P6RUN p6-1790957720891 hold2b done records=3 mismatches=0 checks_failed=0
hold3 pid=52873 after line 83 -> P6RUN p6-1790957724257 hold3 HOLD
94208 p6-hold3.db
hold3b pid=52984 after line 86 -> P6RUN p6-1790957727863 hold3b done records=2 mismatches=0 checks_failed=0
time1 pid=53074 after line 89 -> P6RUN p6-1790957731441 time1 done records=0 mismatches=0 checks_failed=0
time2 pid=53148 after line 98 -> P6RUN p6-1790957734683 time2 done records=0 mismatches=0 checks_failed=0
time3 pid=53215 after line 107 -> P6RUN p6-1790957738168 time3 done records=0 mismatches=0 checks_failed=0
time4 pid=53295 after line 116 -> P6RUN p6-1790957741357 time4 done records=0 mismatches=0 checks_failed=0
time5 pid=53366 after line 125 -> P6RUN p6-1790957744708 time5 done records=0 mismatches=0 checks_failed=0
time6 pid=53450 after line 134 -> P6RUN p6-1790957747943 time6 done records=0 mismatches=0 checks_failed=0
