• passcodeRequired: false
ka pid=6433 -> P6RUN p6-1790954716225 ka done records=4 mismatches=0 checks_failed=0
• passcodeRequired: false
sim pid=6435 -> P6RUN p6-1790954719975 sim done records=1530 mismatches=0 checks_failed=0
• passcodeRequired: false
carry1 pid=6437 -> P6RUN p6-1790954724239 carry1 HOLD
ERROR: Failed to retrieve the file node for Documents/SQLite/p6-carry1.db (com.apple.dt.CoreDeviceError error 7000 (0x1B58))
ERROR: Failed to retrieve the file node for Documents/SQLite/p6-carry1.db-journal (com.apple.dt.CoreDeviceError error 7000 (0x1B58))
64 .
128 ..
• passcodeRequired: false
carry2 pid=6438 -> P6RUN p6-1790954727643 carry2 done records=13 mismatches=0 checks_failed=0
• passcodeRequired: false
leave1 pid=6440 -> P6RUN p6-1790954730584 leave1 HOLD
ERROR: Failed to retrieve the file node for Documents/SQLite/p6-leave1.db (com.apple.dt.CoreDeviceError error 7000 (0x1B58))
ERROR: Failed to retrieve the file node for Documents/SQLite/p6-leave1.db-journal (com.apple.dt.CoreDeviceError error 7000 (0x1B58))
64 .
160 ..
• passcodeRequired: false
leave2 pid=6442 -> P6RUN p6-1790954733849 leave2 done records=13 mismatches=0 checks_failed=0
• passcodeRequired: false
lost pid=6443 -> P6RUN p6-1790954736786 lost done records=25 mismatches=0 checks_failed=0
• passcodeRequired: false
dusk pid=6444 -> P6RUN p6-1790954739746 dusk done records=14 mismatches=0 checks_failed=0
• passcodeRequired: false
before pid=6447 -> P6RUN p6-1790954742714 before done records=20 mismatches=0 checks_failed=0
• passcodeRequired: false
corrupt pid=6448 -> P6RUN p6-1790954745630 corrupt done records=30 mismatches=0 checks_failed=0
• passcodeRequired: false
hold1 pid=6451 -> P6RUN p6-1790954758030 hold1 HOLD
128 .
192 ..
86016 p6-hold1.db
35360 p6-hold1.db-journal
• passcodeRequired: false
hold1b pid=6453 -> P6RUN p6-1790954761442 hold1b done records=5 mismatches=0 checks_failed=0
• passcodeRequired: false
hold2 pid=6455 -> P6RUN p6-1790954764398 hold2 HOLD
ERROR: Failed to retrieve the file node for Documents/SQLite/p6-hold2.db-journal (com.apple.dt.CoreDeviceError error 7000 (0x1B58))
96 .
224 ..
90112 p6-hold2.db
• passcodeRequired: false
hold2b pid=6456 -> P6RUN p6-1790954767767 hold2b done records=3 mismatches=0 checks_failed=0
• passcodeRequired: false
hold3 pid=6457 -> P6RUN p6-1790954770729 hold3 HOLD
ERROR: Failed to retrieve the file node for Documents/SQLite/p6-hold3.db-journal (com.apple.dt.CoreDeviceError error 7000 (0x1B58))
96 .
256 ..
94208 p6-hold3.db
• passcodeRequired: false
hold3b pid=6459 -> P6RUN p6-1790954774060 hold3b done records=2 mismatches=0 checks_failed=0
• passcodeRequired: false
time1 pid=6463 -> P6RUN p6-1790954787312 time1 done records=0 mismatches=0 checks_failed=0
• passcodeRequired: false
time2 pid=6465 -> P6RUN p6-1790954791523 time2 done records=0 mismatches=0 checks_failed=0
• passcodeRequired: false
time3 pid=6467 -> P6RUN p6-1790954795742 time3 done records=0 mismatches=0 checks_failed=0
