Exact labelled Talk selected; Start saved and cold refresh reopened the pending Continue choice. Continue left player at Watch Post, map showed original Tobin at North Gate.

- button "Look, North Gate":
  - generic: North Gate
- generic: The north gate is oak banded with iron, set in the village wall. North, a track climbs to the priory.
- button "Tobin, open":
  - generic: Tobin is here.
- button "Map"
- generic "day 1, 20:38, night, new moon": day 1, 20:38 · night · new moon
- button "Position, standing":
  - generic "Position, standing": standing
- button "Contents, Character, hp 10 of 10, is in perfect health, ma 100 of 100, mv 99 of 100, pennies 20 of 1000":
  - generic: hp 10/10 ma 100/100 mv 99/100 pennies 20/1000

- heading "Tobin" [level=1]
- generic: Tobin keeps an old sword beside him. He offers immediate lessons in swords and dodge for two pennies each. Learning a skill and qualifying to use it are separate.
- generic: Tobin welcomes you on the rounds. No checkpoint is earned until you walk after him.
- generic: Tobin checks where the two of you stand in the rounds.
- generic: Tobin takes the next leg alone. Walk the ordinary exit to join him.
- generic: Tobin checks where the two of you stand in the rounds.
- generic: "Continue rounds: not now"
- button "Rejoin":
  - generic: Rejoin
- generic: "Restart: not now"
- generic: "Start rounds: not now"
- button "Leave":
  - generic: Leave
- generic "day 1, 21:01, night, new moon": day 1, 21:01 · night · new moon
- generic "Position, standing": standing
- button "Contents, Character, hp 10 of 10, is in perfect health, ma 100 of 100, mv 100 of 100, pennies 20 of 1000":
  - generic: hp 10/10 ma 100/100 mv 100/100 pennies 20/1000

- button "Look, Village Green":
  - generic: Village Green
- generic: An old elm shades a patch of trodden grass at the heart of Ashmere. The stocks stand empty, and a market cross of weathered stone marks the middle.
- button "Tobin, open":
  - generic: Tobin is here.
- button "a fox drawing, open":
  - generic: A fox drawing is here.
- button "Map"
- generic "day 1, 21:13, night, new moon": day 1, 21:13 · night · new moon
- button "Position, standing":
  - generic "Position, standing": standing
- button "Contents, Character, hp 10 of 10, is in perfect health, ma 100 of 100, mv 99 of 100, pennies 20 of 1000":
  - generic: hp 10/10 ma 100/100 mv 99/100 pennies 20/1000

- button "Look, Lantern Cellar":
  - generic: Lantern Cellar
- generic: Ale casks lie on their sides in cradles. The floor is gritty, and the air tastes of old beer. Rat holes gnaw the base of every wall.
- button "a cellar rat, open":
  - generic: A cellar rat is here.
- button "a cellar rat, open":
  - generic: A cellar rat is here.
- button "a cellar rat, open":
  - generic: A cellar rat is here.
- button "a cellar rat, open":
  - generic: A cellar rat is here.
- button "a dead cellar rat, open":
  - generic: A dead cellar rat is here.
- button "Map":
  - generic: up
- generic "day 1, 22:25, night, new moon": day 1, 22:25 · night · new moon
- button "Position, standing":
  - generic "Position, standing": standing
- button "Contents, Character, hp 9 of 10, is slightly scratched, ma 100 of 100, mv 100 of 100, pennies 20 of 1000":
  - generic: hp 9/10 ma 100/100 mv 100/100 pennies 20/1000

- button "Look, The Drowned Lantern":
  - generic: The Drowned Lantern
- generic: The inn is low and warm and smells of peat smoke and spilled ale. The hearth is big enough to stand in. The rumor board is thick with pinned notes, and Maud’s bar runs along the back wall.
- button "Widow Maud, open":
  - generic: Widow Maud is here.
- button "Notice board":
  - generic: Notice board
- button "Map":
  - generic: down
  - generic: up
- generic "day 2, 00:18, night, new moon": day 2, 00:18 · night · new moon
- button "Position, standing":
  - generic "Position, standing": standing
- button "Contents, Character, hp 9 of 10, is slightly scratched, ma 100 of 100, mv 98 of 100, pennies 20 of 1000":
  - generic: hp 9/10 ma 100/100 mv 98/100 pennies 20/1000

- heading "Tobin" [level=1]
- generic: Tobin keeps an old sword beside him. He offers immediate lessons in swords and dodge for two pennies each. Learning a skill and qualifying to use it are separate.
- generic: Tobin welcomes you on the rounds. No checkpoint is earned until you walk after him.
- generic: Tobin checks where the two of you stand in the rounds.
- generic: Tobin takes the next leg alone. Walk the ordinary exit to join him.
- generic: Tobin checks where the two of you stand in the rounds.
- generic: Tobin waits beside you again. The next leg continues from here.
- generic: Tobin checks where the two of you stand in the rounds.
- generic: Tobin takes the next leg alone. Walk the ordinary exit to join him.
- generic: Tobin checks where the two of you stand in the rounds.
- generic: "Continue rounds: not now"
- button "Rejoin":
  - generic: Rejoin
- generic: "Restart: not now"
- generic: "Start rounds: not now"
- button "Leave":
  - generic: Leave
- generic "day 2, 00:30, night, new moon": day 2, 00:30 · night · new moon
- generic "Position, standing": standing
- button "Contents, Character, hp 9 of 10, is slightly scratched, ma 100 of 100, mv 98 of 100, pennies 20 of 1000":
  - generic: hp 9/10 ma 100/100 mv 98/100 pennies 20/1000

- heading "Tobin" [level=1]
- generic: Tobin keeps an old sword beside him. He offers immediate lessons in swords and dodge for two pennies each. Learning a skill and qualifying to use it are separate.
- generic: Tobin welcomes you on the rounds. No checkpoint is earned until you walk after him.
- generic: Tobin checks where the two of you stand in the rounds.
- generic: Tobin takes the next leg alone. Walk the ordinary exit to join him.
- generic: Tobin checks where the two of you stand in the rounds.
- generic: Tobin waits beside you again. The next leg continues from here.
- generic: Tobin checks where the two of you stand in the rounds.
- generic: Tobin takes the next leg alone. Walk the ordinary exit to join him.
- generic: Tobin checks where the two of you stand in the rounds.
- generic: Tobin waits beside you again. The next leg continues from here.
- generic: Tobin checks where the two of you stand in the rounds.
- button "Continue rounds":
  - generic: Continue rounds
- generic: "Rejoin: not now"
- generic: "Restart: not now"
- generic: "Start rounds: not now"
- button "Leave":
  - generic: Leave
- generic "day 2, 00:44, night, new moon": day 2, 00:44 · night · new moon
- generic "Position, standing": standing
- button "Contents, Character, hp 9 of 10, is slightly scratched, ma 100 of 100, mv 100 of 100, pennies 20 of 1000":
  - generic: hp 9/10 ma 100/100 mv 100/100 pennies 20/1000

- button "Look, Village Green":
  - generic: Village Green
- generic: An old elm shades a patch of trodden grass at the heart of Ashmere. The stocks stand empty, and a market cross of weathered stone marks the middle.
- button "a fox drawing, open":
  - generic: A fox drawing is here.
- generic: Tobin leaves.
- button "Map"
- generic "day 2, 00:44, night, new moon": day 2, 00:44 · night · new moon
- button "Position, standing":
  - generic "Position, standing": standing
- button "Contents, Character, hp 9 of 10, is slightly scratched, ma 100 of 100, mv 100 of 100, pennies 20 of 1000":
  - generic: hp 9/10 ma 100/100 mv 100/100 pennies 20/1000

- heading "Map" [level=1]
- generic: Village Green
- button "Go east":
  - generic: Go east
- generic: "Beyond east: East Gate — Tobin."
- button "Go north":
  - generic: Go north
- generic: "Beyond north: North Gate."
- button "Go south":
  - generic: Go south
- generic: "Beyond south: Well Lane."
- button "Back to World":
  - generic: Back to World
- generic "day 2, 00:44, night, new moon": day 2, 00:44 · night · new moon
- generic "Position, standing": standing
- button "Contents, Character, hp 9 of 10, is slightly scratched, ma 100 of 100, mv 100 of 100, pennies 20 of 1000":
  - generic: hp 9/10 ma 100/100 mv 100/100 pennies 20/1000

- button "Look, East Gate":
  - generic: East Gate
- generic: A road sign stands by a flooded lane. The village green is west of you.
- button "Tobin, open":
  - generic: Tobin is here.
- button "Flooded road sign":
  - generic: Flooded road sign
- button "Map"
- generic "day 2, 00:45, night, new moon": day 2, 00:45 · night · new moon
- button "Position, standing":
  - generic "Position, standing": standing
- button "Contents, Character, hp 9 of 10, is slightly scratched, ma 100 of 100, mv 99 of 100, pennies 20 of 1000":
  - generic: hp 9/10 ma 100/100 mv 99/100 pennies 20/1000

- heading "Tobin" [level=1]
- generic: Tobin keeps an old sword beside him. He offers immediate lessons in swords and dodge for two pennies each. Learning a skill and qualifying to use it are separate.
- generic: Tobin welcomes you on the rounds. No checkpoint is earned until you walk after him.
- generic: Tobin checks where the two of you stand in the rounds.
- generic: Tobin takes the next leg alone. Walk the ordinary exit to join him.
- generic: Tobin checks where the two of you stand in the rounds.
- generic: Tobin waits beside you again. The next leg continues from here.
- generic: Tobin checks where the two of you stand in the rounds.
- generic: Tobin takes the next leg alone. Walk the ordinary exit to join him.
- generic: Tobin checks where the two of you stand in the rounds.
- generic: Tobin waits beside you again. The next leg continues from here.
- generic: Tobin checks where the two of you stand in the rounds.
- generic: Tobin takes the next leg alone. Walk the ordinary exit to join him.
- button "Talk to Tobin":
  - generic: Talk to Tobin
- button "Watchman’s Rounds Tobin":
  - generic: Watchman’s Rounds Tobin
- button "Leave":
  - generic: Leave
- generic "day 2, 00:45, night, new moon": day 2, 00:45 · night · new moon
- generic "Position, standing": standing
- button "Contents, Character, hp 9 of 10, is slightly scratched, ma 100 of 100, mv 99 of 100, pennies 20 of 1000":
  - generic: hp 9/10 ma 100/100 mv 99/100 pennies 20/1000

- heading "Tobin" [level=1]
- generic: Tobin keeps an old sword beside him. He offers immediate lessons in swords and dodge for two pennies each. Learning a skill and qualifying to use it are separate.
- generic: Tobin welcomes you on the rounds. No checkpoint is earned until you walk after him.
- generic: Tobin checks where the two of you stand in the rounds.
- generic: Tobin takes the next leg alone. Walk the ordinary exit to join him.
- generic: Tobin checks where the two of you stand in the rounds.
- generic: Tobin waits beside you again. The next leg continues from here.
- generic: Tobin checks where the two of you stand in the rounds.
- generic: Tobin takes the next leg alone. Walk the ordinary exit to join him.
- generic: Tobin checks where the two of you stand in the rounds.
- generic: Tobin waits beside you again. The next leg continues from here.
- generic: Tobin checks where the two of you stand in the rounds.
- generic: Tobin takes the next leg alone. Walk the ordinary exit to join him.
- generic: Tobin checks where the two of you stand in the rounds.
- button "Continue rounds":
  - generic: Continue rounds
- generic: "Rejoin: not now"
- generic: "Restart: not now"
- generic: "Start rounds: not now"
- button "Leave":
  - generic: Leave
- generic "day 2, 00:45, night, new moon": day 2, 00:45 · night · new moon
- generic "Position, standing": standing
- button "Contents, Character, hp 9 of 10, is slightly scratched, ma 100 of 100, mv 99 of 100, pennies 20 of 1000":
  - generic: hp 9/10 ma 100/100 mv 99/100 pennies 20/1000

- button "Look, East Gate":
  - generic: East Gate
- generic: A road sign stands by a flooded lane. The village green is west of you.
- button "Flooded road sign":
  - generic: Flooded road sign
- generic: Tobin leaves.
- button "Map"
- generic "day 2, 00:46, night, new moon": day 2, 00:46 · night · new moon
- button "Position, standing":
  - generic "Position, standing": standing
- button "Contents, Character, hp 9 of 10, is slightly scratched, ma 100 of 100, mv 99 of 100, pennies 20 of 1000":
  - generic: hp 9/10 ma 100/100 mv 99/100 pennies 20/1000

- heading "Map" [level=1]
- generic: East Gate
- button "Go west":
  - generic: Go west
- generic: "Beyond west: Village Green — Tobin, a fox drawing."
- button "Read flooded road sign":
  - generic: Read flooded road sign
- button "Back to World":
  - generic: Back to World
- generic "day 2, 00:46, night, new moon": day 2, 00:46 · night · new moon
- generic "Position, standing": standing
- button "Contents, Character, hp 9 of 10, is slightly scratched, ma 100 of 100, mv 99 of 100, pennies 20 of 1000":
  - generic: hp 9/10 ma 100/100 mv 99/100 pennies 20/1000

- button "Look, Village Green":
  - generic: Village Green
- generic: An old elm shades a patch of trodden grass at the heart of Ashmere. The stocks stand empty, and a market cross of weathered stone marks the middle.
- button "Tobin, open":
  - generic: Tobin is here.
- button "a fox drawing, open":
  - generic: A fox drawing is here.
- button "Map"
- generic "day 2, 00:46, night, new moon": day 2, 00:46 · night · new moon
- button "Position, standing":
  - generic "Position, standing": standing
- button "Contents, Character, hp 9 of 10, is slightly scratched, ma 100 of 100, mv 98 of 100, pennies 20 of 1000":
  - generic: hp 9/10 ma 100/100 mv 98/100 pennies 20/1000

- heading "Tobin" [level=1]
- generic: Tobin keeps an old sword beside him. He offers immediate lessons in swords and dodge for two pennies each. Learning a skill and qualifying to use it are separate.
- generic: Tobin welcomes you on the rounds. No checkpoint is earned until you walk after him.
- generic: Tobin checks where the two of you stand in the rounds.
- generic: Tobin takes the next leg alone. Walk the ordinary exit to join him.
- generic: Tobin checks where the two of you stand in the rounds.
- generic: Tobin waits beside you again. The next leg continues from here.
- generic: Tobin checks where the two of you stand in the rounds.
- generic: Tobin takes the next leg alone. Walk the ordinary exit to join him.
- generic: Tobin checks where the two of you stand in the rounds.
- generic: Tobin waits beside you again. The next leg continues from here.
- generic: Tobin checks where the two of you stand in the rounds.
- generic: Tobin takes the next leg alone. Walk the ordinary exit to join him.
- generic: Tobin checks where the two of you stand in the rounds.
- generic: Tobin takes the next leg alone. Walk the ordinary exit to join him.
- button "Talk to Tobin":
  - generic: Talk to Tobin
- button "Watchman’s Rounds Tobin":
  - generic: Watchman’s Rounds Tobin
- button "Leave":
  - generic: Leave
- generic "day 2, 00:47, night, new moon": day 2, 00:47 · night · new moon
- generic "Position, standing": standing
- button "Contents, Character, hp 9 of 10, is slightly scratched, ma 100 of 100, mv 98 of 100, pennies 20 of 1000":
  - generic: hp 9/10 ma 100/100 mv 98/100 pennies 20/1000

- heading "Tobin" [level=1]
- generic: Tobin keeps an old sword beside him. He offers immediate lessons in swords and dodge for two pennies each. Learning a skill and qualifying to use it are separate.
- generic: Tobin welcomes you on the rounds. No checkpoint is earned until you walk after him.
- generic: Tobin checks where the two of you stand in the rounds.
- generic: Tobin takes the next leg alone. Walk the ordinary exit to join him.
- generic: Tobin checks where the two of you stand in the rounds.
- generic: Tobin waits beside you again. The next leg continues from here.
- generic: Tobin checks where the two of you stand in the rounds.
- generic: Tobin takes the next leg alone. Walk the ordinary exit to join him.
- generic: Tobin checks where the two of you stand in the rounds.
- generic: Tobin waits beside you again. The next leg continues from here.
- generic: Tobin checks where the two of you stand in the rounds.
- generic: Tobin takes the next leg alone. Walk the ordinary exit to join him.
- generic: Tobin checks where the two of you stand in the rounds.
- generic: Tobin takes the next leg alone. Walk the ordinary exit to join him.
- generic: Tobin checks where the two of you stand in the rounds.
- button "Continue rounds":
  - generic: Continue rounds
- generic: "Rejoin: not now"
- generic: "Restart: not now"
- generic: "Start rounds: not now"
- button "Leave":
  - generic: Leave
- generic "day 2, 00:47, night, new moon": day 2, 00:47 · night · new moon
- generic "Position, standing": standing
- button "Contents, Character, hp 9 of 10, is slightly scratched, ma 100 of 100, mv 98 of 100, pennies 20 of 1000":
  - generic: hp 9/10 ma 100/100 mv 98/100 pennies 20/1000

- button "Look, Village Green":
  - generic: Village Green
- generic: An old elm shades a patch of trodden grass at the heart of Ashmere. The stocks stand empty, and a market cross of weathered stone marks the middle.
- button "a fox drawing, open":
  - generic: A fox drawing is here.
- generic: Tobin leaves.
- button "Map"
- generic "day 2, 00:47, night, new moon": day 2, 00:47 · night · new moon
- button "Position, standing":
  - generic "Position, standing": standing
- button "Contents, Character, hp 9 of 10, is slightly scratched, ma 100 of 100, mv 98 of 100, pennies 20 of 1000":
  - generic: hp 9/10 ma 100/100 mv 98/100 pennies 20/1000

- heading "Map" [level=1]
- generic: Village Green
- button "Go east":
  - generic: Go east
- generic: "Beyond east: East Gate."
- button "Go north":
  - generic: Go north
- generic: "Beyond north: North Gate — Tobin."
- button "Go south":
  - generic: Go south
- generic: "Beyond south: Well Lane."
- button "Back to World":
  - generic: Back to World
- generic "day 2, 00:47, night, new moon": day 2, 00:47 · night · new moon
- generic "Position, standing": standing
- button "Contents, Character, hp 9 of 10, is slightly scratched, ma 100 of 100, mv 98 of 100, pennies 20 of 1000":
  - generic: hp 9/10 ma 100/100 mv 98/100 pennies 20/1000

- button "Look, North Gate":
  - generic: North Gate
- generic: The north gate is oak banded with iron, set in the village wall. North, a track climbs to the priory.
- button "Tobin, open":
  - generic: Tobin is here.
- button "Map"
- generic "day 2, 00:48, night, new moon": day 2, 00:48 · night · new moon
- button "Position, standing":
  - generic "Position, standing": standing
- button "Contents, Character, hp 9 of 10, is slightly scratched, ma 100 of 100, mv 97 of 100, pennies 20 of 1000":
  - generic: hp 9/10 ma 100/100 mv 97/100 pennies 20/1000

- heading "Tobin" [level=1]
- generic: Tobin keeps an old sword beside him. He offers immediate lessons in swords and dodge for two pennies each. Learning a skill and qualifying to use it are separate.
- generic: Tobin welcomes you on the rounds. No checkpoint is earned until you walk after him.
- generic: Tobin checks where the two of you stand in the rounds.
- generic: Tobin takes the next leg alone. Walk the ordinary exit to join him.
- generic: Tobin checks where the two of you stand in the rounds.
- generic: Tobin waits beside you again. The next leg continues from here.
- generic: Tobin checks where the two of you stand in the rounds.
- generic: Tobin takes the next leg alone. Walk the ordinary exit to join him.
- generic: Tobin checks where the two of you stand in the rounds.
- generic: Tobin waits beside you again. The next leg continues from here.
- generic: Tobin checks where the two of you stand in the rounds.
- generic: Tobin takes the next leg alone. Walk the ordinary exit to join him.
- generic: Tobin checks where the two of you stand in the rounds.
- generic: Tobin takes the next leg alone. Walk the ordinary exit to join him.
- generic: Tobin checks where the two of you stand in the rounds.
- generic: Tobin takes the next leg alone. Walk the ordinary exit to join him.
- button "Talk to Tobin":
  - generic: Talk to Tobin
- button "Watchman’s Rounds Tobin":
  - generic: Watchman’s Rounds Tobin
- button "Leave":
  - generic: Leave
- generic "day 2, 00:48, night, new moon": day 2, 00:48 · night · new moon
- generic "Position, standing": standing
- button "Contents, Character, hp 9 of 10, is slightly scratched, ma 100 of 100, mv 98 of 100, pennies 20 of 1000":
  - generic: hp 9/10 ma 100/100 mv 98/100 pennies 20/1000

- heading "Tobin" [level=1]
- generic: Tobin keeps an old sword beside him. He offers immediate lessons in swords and dodge for two pennies each. Learning a skill and qualifying to use it are separate.
- generic: Tobin welcomes you on the rounds. No checkpoint is earned until you walk after him.
- generic: Tobin checks where the two of you stand in the rounds.
- generic: Tobin takes the next leg alone. Walk the ordinary exit to join him.
- generic: Tobin checks where the two of you stand in the rounds.
- generic: Tobin waits beside you again. The next leg continues from here.
- generic: Tobin checks where the two of you stand in the rounds.
- generic: Tobin takes the next leg alone. Walk the ordinary exit to join him.
- generic: Tobin checks where the two of you stand in the rounds.
- generic: Tobin waits beside you again. The next leg continues from here.
- generic: Tobin checks where the two of you stand in the rounds.
- generic: Tobin takes the next leg alone. Walk the ordinary exit to join him.
- generic: Tobin checks where the two of you stand in the rounds.
- generic: Tobin takes the next leg alone. Walk the ordinary exit to join him.
- generic: Tobin checks where the two of you stand in the rounds.
- generic: Tobin takes the next leg alone. Walk the ordinary exit to join him.
- generic: Tobin checks where the two of you stand in the rounds.
- button "Continue rounds":
  - generic: Continue rounds
- generic: "Rejoin: not now"
- generic: "Restart: not now"
- generic: "Start rounds: not now"
- button "Leave":
  - generic: Leave
- generic "day 2, 00:48, night, new moon": day 2, 00:48 · night · new moon
- generic "Position, standing": standing
- button "Contents, Character, hp 9 of 10, is slightly scratched, ma 100 of 100, mv 98 of 100, pennies 20 of 1000":
  - generic: hp 9/10 ma 100/100 mv 98/100 pennies 20/1000

- button "Look, North Gate":
  - generic: North Gate
- generic: The north gate is oak banded with iron, set in the village wall. North, a track climbs to the priory.
- generic: Tobin leaves.
- button "Map"
- generic "day 2, 00:49, night, new moon": day 2, 00:49 · night · new moon
- button "Position, standing":
  - generic "Position, standing": standing
- button "Contents, Character, hp 9 of 10, is slightly scratched, ma 100 of 100, mv 98 of 100, pennies 20 of 1000":
  - generic: hp 9/10 ma 100/100 mv 98/100 pennies 20/1000

- heading "Map" [level=1]
- generic: North Gate
- button "Go east":
  - generic: Go east
- generic: "Beyond east: Watch Post — Tobin."
- button "Go north":
  - generic: Go north
- generic: "Beyond north: Chapel Steps."
- button "Go south":
  - generic: Go south
- generic: "Beyond south: Village Green — a fox drawing."
- button "Back to World":
  - generic: Back to World
- generic "day 2, 00:49, night, new moon": day 2, 00:49 · night · new moon
- generic "Position, standing": standing
- button "Contents, Character, hp 9 of 10, is slightly scratched, ma 100 of 100, mv 98 of 100, pennies 20 of 1000":
  - generic: hp 9/10 ma 100/100 mv 98/100 pennies 20/1000

- button "Look, Watch Post":
  - generic: Watch Post
- generic: An open guard room overlooks the northern arch. The duty roster hangs beside an unlocked cell and the tower stairs.
- button "Tobin, open":
  - generic: Tobin is here.
- button "Duty roster":
  - generic: Duty roster
- generic: You completed the rounds with Tobin. The watch recognizes your help.
- button "Map":
  - generic: up
- generic "day 2, 00:49, night, new moon": day 2, 00:49 · night · new moon
- button "Position, standing":
  - generic "Position, standing": standing
- button "Contents, Character, hp 9 of 10, is slightly scratched, ma 100 of 100, mv 97 of 100, pennies 20 of 1000":
  - generic: hp 9/10 ma 100/100 mv 97/100 pennies 20/1000

- heading "Tobin" [level=1]
- generic: Tobin keeps an old sword beside him. He offers immediate lessons in swords and dodge for two pennies each. Learning a skill and qualifying to use it are separate.
- generic: Tobin welcomes you on the rounds. No checkpoint is earned until you walk after him.
- generic: Tobin checks where the two of you stand in the rounds.
- generic: Tobin takes the next leg alone. Walk the ordinary exit to join him.
- generic: Tobin checks where the two of you stand in the rounds.
- generic: Tobin waits beside you again. The next leg continues from here.
- generic: Tobin checks where the two of you stand in the rounds.
- generic: Tobin takes the next leg alone. Walk the ordinary exit to join him.
- generic: Tobin checks where the two of you stand in the rounds.
- generic: Tobin waits beside you again. The next leg continues from here.
- generic: Tobin checks where the two of you stand in the rounds.
- generic: Tobin takes the next leg alone. Walk the ordinary exit to join him.
- generic: Tobin checks where the two of you stand in the rounds.
- generic: Tobin takes the next leg alone. Walk the ordinary exit to join him.
- generic: Tobin checks where the two of you stand in the rounds.
- generic: Tobin takes the next leg alone. Walk the ordinary exit to join him.
- generic: Tobin checks where the two of you stand in the rounds.
- generic: Tobin takes the next leg alone. Walk the ordinary exit to join him.
- button "Talk to Tobin":
  - generic: Talk to Tobin
- button "Watchman’s Rounds Tobin":
  - generic: Watchman’s Rounds Tobin
- button "Leave":
  - generic: Leave
- generic "day 2, 00:50, night, new moon": day 2, 00:50 · night · new moon
- generic "Position, standing": standing
- button "Contents, Character, hp 9 of 10, is slightly scratched, ma 100 of 100, mv 97 of 100, pennies 20 of 1000":
  - generic: hp 9/10 ma 100/100 mv 97/100 pennies 20/1000

- button "Look, Watch Post":
  - generic: Watch Post
- generic: An open guard room overlooks the northern arch. The duty roster hangs beside an unlocked cell and the tower stairs.
- button "Tobin, open":
  - generic: Tobin is here.
- button "Duty roster":
  - generic: Duty roster
- generic: You completed the rounds with Tobin. The watch recognizes your help.
- button "Map":
  - generic: up
- generic "day 2, 00:57, night, new moon": day 2, 00:57 · night · new moon
- button "Position, standing":
  - generic "Position, standing": standing
- button "Contents, Character, hp 9 of 10, is slightly scratched, ma 100 of 100, mv 99 of 100, pennies 20 of 1000":
  - generic: hp 9/10 ma 100/100 mv 99/100 pennies 20/1000

- heading "Journal" [level=1]
- generic: Watchman’s Rounds
- generic: resolved
- generic: 4 of 4 checkpoints. completed. Tobin is at Watch Post.
- generic: You completed the rounds with Tobin. The watch recognizes your help.
- button "Back to World":
  - generic: Back to World
- generic "day 2, 01:04, night, new moon": day 2, 01:04 · night · new moon
- generic "Position, standing": standing
- button "Contents, Character, hp 10 of 10, is in perfect health, ma 100 of 100, mv 100 of 100, pennies 20 of 1000":
  - generic: hp 10/10 ma 100/100 mv 100/100 pennies 20/1000

First terminal page refresh refused startup with visible "Sync operation timeout"; no save reset performed.