✔ original leader earns zero until real player joins four unique checkpoints (39.251709ms)
✔ ordinary detour requires explicit Rejoin and fresh drawn continuation state (8.400833ms)
✔ fatal combat invalidates together and awaiting attempts before immediate Restart (13.668833ms)
✔ original Wren follow composes independently with leader-only Continue and one joined Move (11.460542ms)
✔ public watch rooms, readables and Start remain usable at dusk, late night and next morning (18.782208ms)
✔ loader refuses malformed patrol route, writer ownership and bare quest activation (483.739166ms)
✔ patrol contracts match independent boundary literals (7.817125ms)
✔ patrol composition matches literal lifecycle and refusal rows (4.39425ms)
✔ patrol invariant rejects counterfeit and missing writes (0.490167ms)
(node:5804) [MODULE_TYPELESS_PACKAGE_JSON] Warning: Module type of file://[worktree]/mobile/app/book/presenter.ts is not specified and it doesn't parse as CommonJS.
Reparsing as ES module because module syntax was detected. This incurs a performance overhead.
To eliminate this warning, add "type": "module" to [worktree]/mobile/app/package.json.
(Use `node --trace-warnings ...` to show where the warning was created)
✔ real SQLite reopens every finite leg and explicit pause boundary (1152.381459ms)
✔ actual cellar death separates concurrent Wren, resets patrol, and permits Restart after cold reopen (1120.141084ms)
▶ full retained receipt replay refuses forged patrol rows and proofs without rewriting SQLite
  ✔ actor_id (107.278917ms)
  ✔ body_id (96.703167ms)
  ✔ npc_id (95.58475ms)
  ✔ quest_instance_id (104.393625ms)
  ✔ continuation_id (97.260375ms)
  ✔ attempt_id (97.35625ms)
  ✔ cursor (95.854792ms)
  ✔ credit (87.475541ms)
  ✔ status (95.100041ms)
  ✔ fractional (86.469375ms)
  ✔ missing (96.112583ms)
  ✔ scope (102.65725ms)
  ✔ cause (97.574833ms)
  ✔ source (117.56175ms)
  ✔ lost-transition (103.902375ms)
✔ full retained receipt replay refuses forged patrol rows and proofs without rewriting SQLite (1483.354ms)
▶ real failed and acknowledged-lost COMMIT reconcile one leader departure and exact Book retry
  ✔ failed (104.817167ms)
  ✔ lost (105.435208ms)
✔ real failed and acknowledged-lost COMMIT reconcile one leader departure and exact Book retry (210.590542ms)
▶ final player join commits movement, terminal quest and trust together across both uncertain outcomes
  ✔ failed (178.403041ms)
  ✔ lost (169.386166ms)
✔ final player join commits movement, terminal quest and trust together across both uncertain outcomes (348.369042ms)
✔ real original-Tobin C1 lessons reopen during patrol and completion grants trust alone (340.487ms)
ℹ tests 34
ℹ suites 0
ℹ pass 34
ℹ fail 0
ℹ cancelled 0
ℹ skipped 0
ℹ todo 0
ℹ duration_ms 5134.886
