1/91 RED generation: protocol/relation.schema.json /$defs/Relation/oneOf/2/properties/kind/const
2/91 RED fixture: protocol/relation.schema.json /$defs/Relation/oneOf/2/properties/cursor/minimum
3/91 RED fixture: protocol/relation.schema.json /$defs/Relation/oneOf/2/properties/cursor/maximum
4/91 RED fixture: protocol/relation.schema.json /$defs/Relation/oneOf/2/properties/credit/maxItems
5/91 RED generation: protocol/relation.schema.json /$defs/Relation/oneOf/2/required/0
6/91 RED fixture: protocol/relation.schema.json /$defs/Relation/oneOf/2/required/1
7/91 RED fixture: protocol/relation.schema.json /$defs/Relation/oneOf/2/required/2
8/91 RED fixture: protocol/relation.schema.json /$defs/Relation/oneOf/2/required/3
9/91 RED fixture: protocol/relation.schema.json /$defs/Relation/oneOf/2/required/4
10/91 RED fixture: protocol/relation.schema.json /$defs/Relation/oneOf/2/required/5
11/91 RED fixture: protocol/relation.schema.json /$defs/Relation/oneOf/2/required/6
12/91 RED fixture: protocol/relation.schema.json /$defs/Relation/oneOf/2/required/7
13/91 RED fixture: protocol/relation.schema.json /$defs/Relation/oneOf/2/required/8
14/91 RED fixture: protocol/relation.schema.json /$defs/Relation/oneOf/2/required/9
15/91 RED fixture: protocol/relation.schema.json /$defs/Relation/oneOf/2/required/10
16/91 RED generation: protocol/relation.schema.json /$defs/Relation/oneOf/2/additionalProperties
17/91 RED generation: protocol/relation.schema.json /$defs/PatrolStatus/enum
18/91 RED generation: protocol/relation.schema.json /$defs/PatrolRelation/properties/kind/const
19/91 RED fixture: protocol/relation.schema.json /$defs/PatrolRelation/properties/cursor/minimum
20/91 RED fixture: protocol/relation.schema.json /$defs/PatrolRelation/properties/cursor/maximum
21/91 RED fixture: protocol/relation.schema.json /$defs/PatrolRelation/properties/credit/maxItems
22/91 RED fixture: protocol/relation.schema.json /$defs/PatrolRelation/required/0
23/91 RED fixture: protocol/relation.schema.json /$defs/PatrolRelation/required/1
24/91 RED fixture: protocol/relation.schema.json /$defs/PatrolRelation/required/2
25/91 RED fixture: protocol/relation.schema.json /$defs/PatrolRelation/required/3
26/91 RED fixture: protocol/relation.schema.json /$defs/PatrolRelation/required/4
27/91 RED fixture: protocol/relation.schema.json /$defs/PatrolRelation/required/5
28/91 RED fixture: protocol/relation.schema.json /$defs/PatrolRelation/required/6
29/91 RED fixture: protocol/relation.schema.json /$defs/PatrolRelation/required/7
30/91 RED fixture: protocol/relation.schema.json /$defs/PatrolRelation/required/8
31/91 RED fixture: protocol/relation.schema.json /$defs/PatrolRelation/required/9
32/91 RED fixture: protocol/relation.schema.json /$defs/PatrolRelation/required/10
33/91 RED generation: protocol/relation.schema.json /$defs/PatrolRelation/additionalProperties
34/91 RED fixture: protocol/relation.schema.json /$defs/PatrolDraw/properties/cursor/minimum
35/91 RED fixture: protocol/relation.schema.json /$defs/PatrolDraw/properties/cursor/maximum
36/91 RED fixture: protocol/relation.schema.json /$defs/PatrolDraw/required/0
37/91 RED fixture: protocol/relation.schema.json /$defs/PatrolDraw/required/1
38/91 RED fixture: protocol/relation.schema.json /$defs/PatrolDraw/required/2
39/91 RED fixture: protocol/relation.schema.json /$defs/PatrolDraw/required/3
40/91 RED generation: protocol/relation.schema.json /$defs/PatrolDraw/additionalProperties
41/91 RED generation: protocol/delta.schema.json /$defs/DeltaOp/oneOf/21/properties/op/const
42/91 RED generation: protocol/delta.schema.json /$defs/DeltaOp/oneOf/21/required/0
43/91 RED fixture: protocol/delta.schema.json /$defs/DeltaOp/oneOf/21/required/1
44/91 RED fixture: protocol/delta.schema.json /$defs/DeltaOp/oneOf/21/required/2
45/91 RED fixture: protocol/delta.schema.json /$defs/DeltaOp/oneOf/21/required/3
46/91 RED fixture: protocol/delta.schema.json /$defs/DeltaOp/oneOf/21/required/4
47/91 RED generation: protocol/delta.schema.json /$defs/DeltaOp/oneOf/21/additionalProperties
48/91 RED generation: protocol/delta.schema.json /$defs/MutationTarget/oneOf/13/properties/kind/const
49/91 RED generation: protocol/delta.schema.json /$defs/MutationTarget/oneOf/13/required/0
50/91 RED fixture: protocol/delta.schema.json /$defs/MutationTarget/oneOf/13/required/1
51/91 RED generation: protocol/delta.schema.json /$defs/MutationTarget/oneOf/13/additionalProperties
52/91 RED fixture: protocol/quest.schema.json /$defs/QuestDefinition/properties/patrol/properties/route/minItems
53/91 RED fixture: protocol/quest.schema.json /$defs/QuestDefinition/properties/patrol/properties/route/maxItems
54/91 RED fixture: protocol/quest.schema.json /$defs/QuestDefinition/properties/patrol/properties/initial_cursor/minimum
55/91 RED fixture: protocol/quest.schema.json /$defs/QuestDefinition/properties/patrol/properties/initial_cursor/maximum
56/91 RED fixture: protocol/quest.schema.json /$defs/QuestDefinition/properties/patrol/properties/checkpoints/minItems
57/91 RED fixture: protocol/quest.schema.json /$defs/QuestDefinition/properties/patrol/properties/checkpoints/maxItems
58/91 RED fixture: protocol/quest.schema.json /$defs/QuestDefinition/properties/patrol/properties/required/minimum
59/91 RED fixture: protocol/quest.schema.json /$defs/QuestDefinition/properties/patrol/properties/required/maximum
60/91 RED fixture: protocol/quest.schema.json /$defs/QuestDefinition/properties/patrol/required/0
61/91 RED fixture: protocol/quest.schema.json /$defs/QuestDefinition/properties/patrol/required/1
62/91 RED fixture: protocol/quest.schema.json /$defs/QuestDefinition/properties/patrol/required/2
63/91 RED fixture: protocol/quest.schema.json /$defs/QuestDefinition/properties/patrol/required/3
64/91 RED fixture: protocol/quest.schema.json /$defs/QuestDefinition/properties/patrol/required/4
65/91 RED fixture: protocol/quest.schema.json /$defs/QuestDefinition/properties/patrol/required/5
66/91 RED fixture: protocol/quest.schema.json /$defs/QuestDefinition/properties/patrol/required/6
67/91 RED generation: protocol/quest.schema.json /$defs/QuestDefinition/properties/patrol/additionalProperties
68/91 RED generation: protocol/quest.schema.json /$defs/QuestObjective/oneOf/2/properties/evidence/const
69/91 RED generation: protocol/quest.schema.json /$defs/QuestObjective/oneOf/2/required/0
70/91 RED generation: protocol/quest.schema.json /$defs/QuestObjective/oneOf/2/additionalProperties
71/91 RED generation: protocol/dialogue.schema.json /$defs/DialogueChoice/properties/patrol/properties/transition/enum
72/91 RED fixture: protocol/dialogue.schema.json /$defs/DialogueChoice/properties/patrol/required/0
73/91 RED fixture: protocol/dialogue.schema.json /$defs/DialogueChoice/properties/patrol/required/1
74/91 RED fixture: protocol/dialogue.schema.json /$defs/DialogueChoice/properties/patrol/required/2
75/91 RED generation: protocol/dialogue.schema.json /$defs/DialogueChoice/properties/patrol/additionalProperties
76/91 RED generation: protocol/action.schema.json /$defs/ActionInputParameter/enum
77/91 RED fixture: protocol/gameview.schema.json /$defs/QuestView/properties/patrol/properties/credit/minimum
78/91 RED fixture: protocol/gameview.schema.json /$defs/QuestView/properties/patrol/properties/credit/maximum
79/91 RED fixture: protocol/gameview.schema.json /$defs/QuestView/properties/patrol/properties/required/minimum
80/91 RED fixture: protocol/gameview.schema.json /$defs/QuestView/properties/patrol/properties/required/maximum
81/91 RED fixture: protocol/gameview.schema.json /$defs/QuestView/properties/patrol/required/0
82/91 RED fixture: protocol/gameview.schema.json /$defs/QuestView/properties/patrol/required/1
83/91 RED fixture: protocol/gameview.schema.json /$defs/QuestView/properties/patrol/required/2
84/91 RED fixture: protocol/gameview.schema.json /$defs/QuestView/properties/patrol/required/3
85/91 RED fixture: protocol/gameview.schema.json /$defs/QuestView/properties/patrol/required/4
86/91 RED fixture: protocol/gameview.schema.json /$defs/QuestView/properties/patrol/required/5
87/91 RED fixture: protocol/gameview.schema.json /$defs/QuestView/properties/patrol/required/6
88/91 RED fixture: protocol/gameview.schema.json /$defs/QuestView/properties/patrol/required/7
89/91 RED fixture: protocol/gameview.schema.json /$defs/QuestView/properties/patrol/required/8
90/91 RED fixture: protocol/gameview.schema.json /$defs/QuestView/properties/patrol/required/9
91/91 RED generation: protocol/gameview.schema.json /$defs/QuestView/properties/patrol/additionalProperties
