✔ frozen M4 A runs through real Attack and two trusted elapsed proposals (10.276291ms)
✔ frozen M4 B closes before retaliation and credits the exact third rat at proposal.now (11.089417ms)
✔ frozen M4 C dies sleeping on the rat-first round and returns the same body (3.696208ms)
✔ one-exit Flee pays once and cancels its future round without drawing (1.698334ms)
✔ a surviving sleeper wakes before its remaining opportunity, other positions skip (6.234833ms)
✔ accuracy20 misses on roll20; endpoint chances still draw accuracy (3.865875ms)
✔ production hour-boundary recovery precedes damage and Flee preserves the remainder (2.391792ms)
✔ admission refuses absent, dead, sanctuary, nonstanding and already engaged participants (3.223958ms)
✔ eight raw draws including damage rejections exhaust the whole round atomically (3.519792ms)
✔ encounter ActionSet filters ordinary raw verbs and aliases while retaining harmless inspection (16.928167ms)
✔ pending choices disappear during combat and ordinary actions return after Flee or death (13.046042ms)
✔ two-exit Flee selects canonical north/west using independent seeded answers (9.215333ms)
✔ blocked exits are excluded; zero exits or insufficient fare refuse without a draw (4.066958ms)
✔ active combat exposes one directionless Flee and refuses directional movement (1.639292ms)
✔ random Flee candidate policies share the command query budget and fault atomically (7.647208ms)
✔ real SQLite reopens Attack and both M4 A rounds with original receipt replay (47.017125ms)
✔ a real rat kill commits corpse and preacceptance credit together and reopens exactly (11.058375ms)
✔ actual lethal combat returns empty-handed and ordinary six-exit journey recovers corpse roots (19.518458ms)
✔ genuine FULL and both unknown-COMMIT outcomes fence a real fatal round (26.929708ms)
✔ saved encounter corruption refuses before exposing play without repairing rows (20.044459ms)
✔ input at the due deadline settles lethal combat before attempting Flee (8.589042ms)
✔ random Flee destination and RNG reopen and replay one SQLite receipt (7.8025ms)
✔ scheduled opponent departure reopens and reconciles before a harmless due combat round (69.681083ms)
ℹ tests 23
ℹ suites 0
ℹ pass 23
ℹ fail 0
ℹ cancelled 0
ℹ skipped 0
ℹ todo 0
ℹ duration_ms 516.604875
