$ node --test mobile/authority/local-story/r9c_faults.test.ts   # run 1
✔ F1 family 1 exchange: full write, failed COMMIT, unreadable failed COMMIT, lost ack (366.92175ms)
✔ F2 family 2 final Continue: failed COMMIT, kill before and after COMMIT (1274.908417ms)
✔ F3 family 3 paid Rest settlement: full write, lost ack (139.660291ms)
✔ F4 family 4 paid ferry crossing: failed COMMIT, lost ack (67.437417ms)
ℹ tests 4
ℹ suites 0
ℹ pass 4
ℹ fail 0
ℹ cancelled 0
ℹ skipped 0
ℹ todo 0
ℹ duration_ms 2224.187375
exit 0
$ node --test mobile/authority/local-story/r9c_faults.test.ts   # run 2
✔ F1 family 1 exchange: full write, failed COMMIT, unreadable failed COMMIT, lost ack (396.645791ms)
✔ F2 family 2 final Continue: failed COMMIT, kill before and after COMMIT (1314.757125ms)
✔ F3 family 3 paid Rest settlement: full write, lost ack (165.606459ms)
✔ F4 family 4 paid ferry crossing: failed COMMIT, lost ack (76.555291ms)
ℹ tests 4
ℹ suites 0
ℹ pass 4
ℹ fail 0
ℹ cancelled 0
ℹ skipped 0
ℹ todo 0
ℹ duration_ms 2263.675542
exit 0
$ node --test mobile/authority/local-story/r9c_faults.test.ts   # run 3
✔ F1 family 1 exchange: full write, failed COMMIT, unreadable failed COMMIT, lost ack (387.42625ms)
✔ F2 family 2 final Continue: failed COMMIT, kill before and after COMMIT (1297.695791ms)
✔ F3 family 3 paid Rest settlement: full write, lost ack (145.182666ms)
✔ F4 family 4 paid ferry crossing: failed COMMIT, lost ack (67.023208ms)
ℹ tests 4
ℹ suites 0
ℹ pass 4
ℹ fail 0
ℹ cancelled 0
ℹ skipped 0
ℹ todo 0
ℹ duration_ms 2194.609666
exit 0
