$ node --test kernel/ts/test/r9c_*.test.ts mobile/authority/local-story/r9c_*.test.ts
✔ family 4: a refused move draws nothing; a missed round draws once per attack (531.247ms)
✔ family 4: a learned but DEX-9 actor cannot Bandage; at DEX 10 the same item cures (284.982167ms)
✔ family 1: identity, custody and trade on r9c keep every ID and literal (441.534584ms)
✔ family 2: one belfry snapshot forks into exactly one terminal and one acknowledged ending (428.271125ms)
✔ family 3: one ledger, liquid and fuel carried through the paid dream and elapsed jobs (1910.996625ms)
✔ family 5: watch credit pauses through the crow jobs and completes at four (766.390083ms)
✔ family 5: deer sight at a population boundary in both orders, then a fatal hit (550.326291ms)
✔ the synthetic artifact loads with its pinned hash and lock and allocates the oracle IDs (417.426375ms)
✔ malformed and unknown-capability variants are refused before any world exists (334.534041ms)
✔ D1: bleed, Flee west, board while bleeding, die on the isle, cross free for the corpse (4253.772542ms)
✔ family 4: a pack death separates Wren and fails the watch; Rejoin and retry restart cleanly (6447.077416ms)
✔ families 6-7: lessons, finite herbs, Bandage, dive, drowning, recovery and the crow keep IDs (11096.735125ms)
✔ family 1 commits and reopens every custody, trade, door and knowledge step (4551.701625ms)
✔ family 2 forks one belfry save into Ring and Silence, each acknowledged once (8695.312625ms)
✔ family 3 durable: ledger, liquid, fuel and dream reopen and replay at every step (3540.07225ms)
✔ family 5 durable: patrol detour through crow jobs reopens and completes at four (3891.295375ms)
✔ family 5 durable: deer flight at the boundary and the fatal hit reopen exactly (732.410417ms)
✔ F1 family 1 exchange: full write, failed COMMIT, unreadable failed COMMIT, lost ack (1517.216041ms)
✔ F2 family 2 final Continue: failed COMMIT, kill before and after COMMIT (4506.309833ms)
✔ F3 family 3 paid Rest settlement: full write, lost ack (553.549541ms)
✔ F4 family 4 paid ferry crossing: failed COMMIT, lost ack (166.67425ms)
ℹ tests 21
ℹ suites 0
ℹ pass 21
ℹ fail 0
ℹ cancelled 0
ℹ skipped 0
ℹ todo 0
ℹ duration_ms 22221.528292
exit 0
