# rc3-reconcile-never-committed: rc3-reconcile-never-committed.diff applied (filtered: failing tests, failure lines and summary)
$ node --test mobile/authority/local-story/r9c_faults.test.ts
      at row (file://<mutant>/mobile/authority/local-story/r9c_faults.test.ts:187:14)
      at TestContext.<anonymous> (file://<mutant>/mobile/authority/local-story/r9c_faults.test.ts:235:3)
      at TestContext.<anonymous> (file://<mutant>/mobile/authority/local-story/r9c_faults.test.ts:317:3)
      at TestContext.<anonymous> (file://<mutant>/mobile/authority/local-story/r9c_faults.test.ts:335:3)
  AssertionError [ERR_ASSERTION]: Expected values to be strictly deep-equal:
✖ F1 family 1 exchange: full write, failed COMMIT, unreadable failed COMMIT, lost ack (981.610083ms)
✖ F3 family 3 paid Rest settlement: full write, lost ack (220.056167ms)
✖ F4 family 4 paid ferry crossing: failed COMMIT, lost ack (100.425709ms)
ℹ fail 3
ℹ pass 1
ℹ tests 4
exit 1
$ cp <saved copy> mobile/authority/local-story/save.ts; git status --porcelain
exit 0
$ node --test mobile/authority/local-story/r9c_faults.test.ts
ℹ tests 4
ℹ pass 4
ℹ fail 0
exit 0
