1 b0e4975bd1577282d6565e7b9b0dbdb15a2caf9b87232102e70c77062f48d535 3
2 bb5b8caa1ce8f2177d0bbc53147ed4859f49442c7c91bebef7d508abcd1d342b 53
3 6d197a457d30e5fda683f0cfed1d64877ab3d4cfdb4e0e8546ecb94c577f2040 62
4 2a12dd37493cac1cddff4ac8d67e0460d20a644395d63235dd30358614c5965f 64
5 d2aabb454ed7c2445ae4a4688d33ab43cd2482c77e9e5c1d08e24ced078d12e4 2
6 d1b1c4f725af2b597a8b78d37e9f73a04ecf06a07083bb704c2e75d8bd266b88 29
7 e5ce1511191c59e0cc402949c409659166333ff6c8fa0432fe5ccde1aa1ba7e0 50
8 bf13c5d5ff2e8f00a2e24fee43a3ba70eef52670d4bf785ac6dd6e50b1133613 11
9 625dc39e784a96e354486e8cc8095791b142dac246096a34d344b82d9f8870e8 28
10 95e1ebabb1a1e32066f33fc3b4a5a59a8fe9d103f4471bcd3176e5d5938e046a 43
11 8b21063aa86d6e7e87d35a0a922fc2e88c7578d24135abf03ae82903e8cb4524 55
12 28a0a0834a84d3a4233eda18ed0276f0769de6c678de785f84ece7705d0e5d92 62
13 07f202789e50242cc8319d26dc3ef87cc91c1866ebebebd4aedb87f1c7b6eb91 3
14 cdb89c4895229126041127fdcd7b0106860c82b6215c603ec0ad26187c560a63 25
15 28aa89b8a793cfaf76992ecb962f1879414d9f9ac06120a85626613487bcf3ce 54
16 55a8f0a3bd942d2b807bf19cbf794648d3bf9c70407fee8e697b6d1c91f6cf47 47
17 55c1fa0c989a320496ff09433430100fda47f1a16bef7510ecf8c089eaa39114 18
18 a9b63835f67336a8e939972825a83d7ca614131507e2eafd50962f100e2a888f 26
19 1d5c3633047af5504d21c8dbeba5d522bce6966808fb45ec2f9282c4b31311ba 47
20 767e16be7fa04877d637d7d708c974a5e34ba48a16820b43740725eb59aa67d7 44
21 1e91b3c304e4865669f09bfd12f017393582062d6435501403e9266cf4d41975 23
22 aa0f81e45860922463bc0fea732690629fddd222510b6393eac9484bcf60d2c2 47
23 445c8dbe990bd56982777ccf2a51076cf1ae1ce22951fe26afe8386134f89ff0 36
24 4ac9e3a1a63770c1b773b0f9bdfc83f61664d1310422cdba10dd8bbd02744baf 52
25 d606a9199c093b7c973a777c7b13ce9b88097ce8e3265b14b9c9b050667aebc4 46
26 39d31c8f6428aaa31560c3b8877013fc7318291d01b142152dbff832cc173d4b 2
27 25f28481613c969a5c99c6ba3323e42c9715a9019420a97caa0fe25a825086c4 35
28 f078de8f15a01b3b4833924ed08b8e890372d41a223ea06e194cb5ff6df1070a 17
29 378e9af4a1cf0b1cfe7c7b147406b4a1d05ffbcc071570fba84f8474bc679457 38
30 e0345af1dcc790e48ef210725ab05484297b888da9df47ec697df629fabcde63 42
31 ec4bcb2f35186bb84665987649cc9a880391fd60ad3e011528f9c07e2d332ebe 55
32 ee816d09d2bd31586593b363aa5c70469057b21cb0fb37e553ddf373dd785e09 20
33 4bec4e9dd3ae7003b2645454d67598e326be4c874dccb00408e58784628d963d 4
34 b9cc120f8ebc3c482a499cb297b84f868e5161d92fd5e24a24bf8b1bd3121a17 49
35 5d2bd7a33ff10f1bac3bec8a3771bd250ae8452a7ee9550362c431a976e35425 63
36 f5995b743ccb3f4d2e3404d4a6fa993dd1bf16d688135c60496a363f6b8b91c7 23
37 2f3449f29e1f9e1e9228a23dfd8f36ec418c6a6351fa11431667ed4d4c75b3d2 1
38 2e071b2a6352b77bfc3c859b0228ce20a8217efc782f1101d58d5cb51da829b6 63
39 7eb0878c656dd431393eea5fa1d44d26900073e7481024f9b9581c0558a43615 36
40 21820b1e344deb90a733ca36e6e5da4b946ef8bf8fc70464f10229a3be4cba34 41
41 5ba67d4d5610e8f4507a918ea1ce228f291cd7b24666fdf968da7c36b046868e 24
42 0d7fa6e991f448ac5ddb8bae9afee4d472fc2dce7e8eac9c5606968875e91a66 34
43 6169b1a18cf77b178c533697a4d99f07085533e099b49ab0a32f45aecbf39b90 55
44 d8e66405bcd35d7fba0f445a6673840bca2eff202c3070d20ea321933628b511 41
45 35af4a0e2e2c0143c33cdfa50b63aa2e5fc71f18264d913e129497aef0566540 30
46 f6a8d8210c552dd28f5663a46cee374961ce040bab298f6358c51bf6c6b7b2a2 47
47 b0cb55116d9554597ae68c3f86063e7566b5547ed21c9dcd62ffae067595074c 17
48 6ffe63a9d2fc8a13889ada54c33ebecfe7e57f445babd16573de9cc76291415f 29
49 7b38a2de2e2681f3cddb7cd434e926505d83e67957dc1861bfb54858fdccb4df 45
50 dec97e7749f6e9accea3a9f832cf0a112f8894cb8311b11af0eadf5d317f06f5 4
51 199a7a03f5927b89ebd0e2f28f6d29a317f69126ede8ee0ffd9cb8d59fef524d 34
52 df1fd7a8eada5ec5c36d953e3f765da9d64c46dd0c79987183cfdf12fad4c9a7 9
53 26e4391c5250597c64c3f56c30fed16971075a63627024bb27ac72b8a9d13a77 46
54 68afc1eb44399782f920f9b1c3c9ce1a893361cfe204117a66bb01f3e9620271 37
55 9e966fb43ec43846ff4a9589d76b38698b157d95cc70a048c537d763b4d719cc 49
56 292b76d208d3843b9b607ec83cd0f5a0012b7fe82f36a35d9981b83bf25cbb5a 54
57 bddbc48d83c2b093cc632f5ff2b1266d93d3619d0117ada971d902bed0de2879 46
58 dd4ac8fa89f4c7bad589ff49e187fc99ee6b7517427cf075259f89f6e3385920 59
59 da50bab25cd3ab55c166f6b0311e52777e16fa597aa2eaefe60f0040c04ec79f 52
60 a91f945c24b625548af0ac70446e66c7ee3773b44bb46d9e3930bdbe2859f907 10
61 3dccf415f57e30070d35735801de5440cc2dfba16b43010f9d8f5bc6fa355f1f 18
62 d4f9a631bf1b7df2a3dad6fc1a13294b363d92a34f6f58f92d49c016adce8387 60
63 7e1efd8ff5ed08d230adf966516b003acdc5bef98d677ae1a4e2dc7f3b5f7141 31
64 b8521701b419a413eb93bce0c0452fc1135327cf8e54402d52ea6ffd45f17359 9
65 27087458b4b1134f560c93ff6854b0b0381b969707e766b43f262b301da3b427 38
66 4ee59f61b0c1e30cbc2386cead4e1ffa20b46f699f142b2488d15c8b692081af 16
67 07309e675c2e88dd6384a8e938f247120f70c7effe40bb60a7124b404635b986 39
68 460e49903e68c83654d5191c544be33405181eefdcaca23d77093b21350d6e1a 14
69 4e4ad5ca7cc3d1a34b4d573bd3cf36bef3de0e424373d588ed7bc84dc8d67525 49
70 0a1105636c8273f0649297d3b97061036e7cdeab85877fdc4dcc6dc18c87299a 46
71 df842271e209f96cd5d3b3a71d5b82e7f719875013713b25bdfc80758cd8a2a5 15
72 b910cad7cf24a89d1d3a31dbdffa0875ae801afedf119b0f563baa70a4d711f8 25
73 5d230e9d972acca270a7dc3a4031d862531a603bddd2ce99e09c521c9a5e81b8 51
74 2a64a4847a006a2887e6369347243bcf1d75149901c0f71c5e4841534ade2996 25
75 355e07d80a1076d68b1d4578d84d966489b322adece381af7b131f6a2e91fb23 4
76 548975dd7cf80cea590b70e287949ffc76266469001a60e73a62b779985f16c4 49
77 7916345d2aed9a4340b341a55b4e1403deb0b6951ebd0016bd315b9d4da0c0eb 22
78 e2e4dc603d6bb31b5a32885c357b61671811ffb08546ef0acb4f890ca845989e 27
79 fa4f2b9a6baf51d19cc0c79b048f49f84cf1241acd69bb3590702879b05acae9 57
80 17c5d3a7b5d3ab6814b195bdbecaf6b221bb160b50b6221b5e10ddac285aa5d9 13
81 96752d5edd412cd70f8e50d0d65340de6f65ca4b7850cc0a3755f5cb8afc1921 55
82 6cb74162711f7294599e6091a232bc287057f98e2279c000b9d79c61d7b80f1e 19
83 0db62946d4b0eee5b2ac77087ff00b1ba6cced70fd03fc3687b78422c8980558 48
84 fcb17552dd00a0d9ad68a71bf1abf0382e3be4edbf520a673e062aa6fb1bf107 17
85 7dd7055a0742c0eb1823ccf6317c1b4c072f634d058b376fe2e199efb06745f4 35
86 25a174e6cc574f5030f65fa883b80bb8669a502a706f33f695bc52547a399b07 14
87 b3effa9abeb25158ebf7ae25146a5f5ff87d810ec46a0bad06ac38071aa3a11e 58
88 b13c33324cd8778ec49b1d44cc8d1416ac7774e5ec526f970227b65c984c8f94 12
89 f4940d6cb128df71717aafc894e91fdca10e57300f0ff32d18fe9a3693caa6e3 39
90 4513fb4056b17605d0c84ebe509b08cfd831a7e111d21755ff54c1c3856f4467 38
91 4f689ce62412debfcd7848c37ea758c437fcd27d52716ccd0bcad4e46ff85fd3 52
92 594386be1d13b725448731c8559f08074853ac9b69b9072ba195b454f2f250e5 35
93 ee8f47a56046b4d166c6814c36c1f99f84086a4269e91a2ee173b5ee812bb8e8 56
94 21f3bcd8542c67efb90537c857c3653c88ed7b478ea7dd3e7d1b7658dcab68f0 61
95 dc44b61ff17b601343faf5ec36599e65b54870f1c3b9ba183d41757107be1581 2
96 906a149402571e32d48c0030a0d5745aa04cea26a4dc4e0a9bf0a55b78d79b60 64
97 be95a518325088b849f314acae3c38bf9a23483fc77e0e83ae023bf5b8ab01c5 59
98 f2856fbd4e1aa798f243112563fe05a87387728a663bce1f0e0245528134610e 22
99 ba10123a80df1b0a6f8e20e34d2f7ac9c46befa11819bfecd3dd46bc826b25bc 32
100 7617011d6be79eb4031b71a0332344e487e1058e33c45b910c979650d1a59781 44
