✔ E1 inventory retains slash-bearing v042 definition roots (169.681709ms)
✔ E1 world settings retain semantic gates and refuse unknown keys (18.660792ms)
✔ E1 command refuses a different admitted candidate (880.435042ms)
✔ E1 command fails an unknown applicability obligation (1017.407541ms)
✔ retained repro rechecks the invariant and refuses incomplete or changed inputs (1081.141291ms)
(node:95690) [MODULE_TYPELESS_PACKAGE_JSON] Warning: Module type of file://[local-path] is not specified and it doesn't parse as CommonJS.
Reparsing as ES module because module syntax was detected. This incurs a performance overhead.
To eliminate this warning, add "type": "module" to [local-path]
(Use `node --trace-warnings ...` to show where the warning was created)
✔ E1 SQLite case requires complete fault schedule and committed commands (1266.594084ms)
✔ E1 binds only the witnessed study_tracks consequence after semantic replay (2746.548333ms)
(node:95691) [MODULE_TYPELESS_PACKAGE_JSON] Warning: Module type of file://[local-path] is not specified and it doesn't parse as CommonJS.
Reparsing as ES module because module syntax was detected. This incurs a performance overhead.
To eliminate this warning, add "type": "module" to [local-path]
(Use `node --trace-warnings ...` to show where the warning was created)
✔ E1 fresh authority route visits 57 literal rooms and reopens before each joined consumer (9888.255459ms)
ℹ tests 8
ℹ suites 0
ℹ pass 8
ℹ fail 0
ℹ cancelled 0
ℹ skipped 0
ℹ todo 0
ℹ duration_ms 10430.094

exit_status=0
