✔ exit door actions keep their direction and remain separate from walking (1.327083ms)
✔ worn items and reachable nested contents offer actions on their own ids (2.55025ms)
✔ same-room actions retain projected item pages and remove pages hidden by a closed lid (0.5585ms)
✔ chapter changes queue one title which survives scene lines and acknowledgement (0.310291ms)
✔ band phrases and the hp accessibility label use the cartridge catalog (0.457625ms)
✔ scene Continue and position verbs have dedicated groups (0.2905ms)
✔ exits, the look title, place actions and a thing page come from the right buttons (0.961541ms)
✔ position cycling skips absent offers and retains the offered freshness (0.108041ms)
✔ a touch link is shown as its label (0.118458ms)
✔ a choice's answers and Close are their own group, not place actions (0.752834ms)
✔ the character label says the hp band and no other (0.14925ms)
✔ the absent-speaker line shows only when the speaker is not here (0.112125ms)
✔ a restored choice opens its actual speaker detail or retained conversation (0.1325ms)
✔ the ending line shows once every quest is over (0.093625ms)
✔ a closed exit's log line and a capitalised title (0.114041ms)
✔ a move refused at 0 MV says the body is too exhausted (0.109833ms)
✔ a hint survives a store that throws, for this session (0.1185ms)
✔ the status line shows the double hour as its earthly branch (0.16425ms)
✔ pending and refused Take/Drop/Leave retain detail routing and unchanged custody (2.274ms)
✔ journal cues belong only to changed NPC histories (0.283959ms)
✔ recovery removes the current heading but retains an unclassified consequence (0.130792ms)
✔ confirmed room change clears old history before adding new authored consequences (0.199959ms)
✔ World omits the routine Close fallback while retaining authored consequences (0.13475ms)
✔ a restored committed narration is not duplicated by its pending receipt retry (0.134583ms)
✔ a move rejected for want of MV says the body is too exhausted (0.08175ms)
✔ the log stops growing in one room, its last line the latest answer (1.307375ms)
✔ the save-error line says a pending start over in words and shows any other message (0.108083ms)
✔ a corrupt report page: Start over gives a working save (46.645459ms)
✔ a corrupt sqlite_autoindex_report_1 page: Start over gives a working save (24.516416ms)
✔ a malformed report index record: Start over gives a working save (22.553542ms)
✔ an intact report table survives Start over in place (13.628792ms)
✔ the latest committed narration is read again on reopen, from the receipts (14.6045ms)
✔ an older save reopens with its narration and keeps its report on Start over (18.785833ms)
✔ a malformed receipt response: Start over keeps the pending report (15.094125ms)
✔ a narration read that fails on a lock offers no Start over (12.143291ms)
✔ a save with no body row: save_corrupt, Start over repairs it in place (12.833375ms)
✔ a save with a null choice: save_corrupt, Start over repairs it in place (13.160334ms)
✔ a save with an empty resource: save_corrupt, Start over repairs it in place (13.14425ms)
✔ a receipt narration line that is null: save_corrupt at open, Start over repairs it (15.7205ms)
✔ a receipt response that is not a decision replays as a conflict (7.631417ms)
✔ elapsed NOTADB and page corruption recover only through explicit working Start over (17.45975ms)
✔ unreadable elapsed opening refuses a newly readable replacement and waits on real SQLite uncertainty (9.185791ms)
ℹ tests 42
ℹ suites 0
ℹ pass 42
ℹ fail 0
ℹ cancelled 0
ℹ skipped 0
ℹ todo 0
ℹ duration_ms 423.497541
✔ combat page lists offered controls vertically below history in one scroll (2.857041ms)
✖ committed opponent death narrates once through the existing subscription (0.756292ms)
✖ confirmed encounter foregrounds another page and closure or death restores the World (3.862625ms)
✔ Attack opens its committed page; pending and refused Flee stay until committed escape (3.301458ms)
✔ reopening an encounter restores the combat page and last committed narration (0.425667ms)
✔ reopening after escape or either death never restores combat into the World log (1.530833ms)
✖ combat receipt history is once-only when completion follows an already displayed state (0.318125ms)
✔ committed combat line indices come from pinned keys and structured receipt events (4.925084ms)
ℹ tests 8
ℹ suites 0
ℹ pass 5
ℹ fail 3
ℹ cancelled 0
ℹ skipped 0
ℹ todo 0
ℹ duration_ms 292.899625

✖ failing tests:

test at ../../../../private<mutation-tree>/mobile/app/book/combat.test.ts:176:1
✖ committed opponent death narrates once through the existing subscription (0.756292ms)
  AssertionError [ERR_ASSERTION]: Expected values to be strictly deep-equal:
  + actual - expected
  
  + []
  - [
  -   'The marsh rat falls.'
  - ]
  
      at TestContext.<anonymous> (file:///private<mutation-tree>/mobile/app/book/combat.test.ts:205:10)
      at Test.runInAsyncScope (node:async_hooks:227:14)
      at Test.run (node:internal/test_runner/test:1402:25)
      at Test.processPendingSubtests (node:internal/test_runner/test:974:18)
      at Test.postRun (node:internal/test_runner/test:1542:19)
      at Test.run (node:internal/test_runner/test:1467:12)
      at async startSubtestAfterBootstrap (node:internal/test_runner/harness:387:3) {
    generatedMessage: true,
    code: 'ERR_ASSERTION',
    actual: [],
    expected: [ 'The marsh rat falls.' ],
    operator: 'deepStrictEqual',
    diff: 'simple'
  }

test at ../../../../private<mutation-tree>/mobile/app/book/combat.test.ts:317:1
✖ confirmed encounter foregrounds another page and closure or death restores the World (3.862625ms)
  AssertionError [ERR_ASSERTION]: The expression evaluated to a falsy value:
  
    assert.ok(h.texts().includes('You strike the marsh rat.'))
  
      at TestContext.<anonymous> (file:///private<mutation-tree>/mobile/app/book/combat.test.ts:326:14)
      at Test.runInAsyncScope (node:async_hooks:227:14)
      at Test.run (node:internal/test_runner/test:1402:25)
      at Test.processPendingSubtests (node:internal/test_runner/test:974:18)
      at Test.postRun (node:internal/test_runner/test:1542:19)
      at Test.run (node:internal/test_runner/test:1467:12)
      at async Test.processPendingSubtests (node:internal/test_runner/test:974:7) {
    generatedMessage: true,
    code: 'ERR_ASSERTION',
    actual: false,
    expected: true,
    operator: '==',
    diff: 'simple'
  }

test at ../../../../private<mutation-tree>/mobile/app/book/combat.test.ts:456:1
✖ combat receipt history is once-only when completion follows an already displayed state (0.318125ms)
  AssertionError [ERR_ASSERTION]: Expected values to be strictly deep-equal:
  + actual - expected
  
  + []
  - [
  -   'The marsh rat falls.',
  -   'The marsh rat falls.'
  - ]
  
      at TestContext.<anonymous> (file:///private<mutation-tree>/mobile/app/book/combat.test.ts:491:10)
      at Test.runInAsyncScope (node:async_hooks:227:14)
      at Test.run (node:internal/test_runner/test:1402:25)
      at Test.processPendingSubtests (node:internal/test_runner/test:974:18)
      at Test.postRun (node:internal/test_runner/test:1542:19)
      at Test.run (node:internal/test_runner/test:1467:12)
      at async Test.processPendingSubtests (node:internal/test_runner/test:974:7) {
    generatedMessage: true,
    code: 'ERR_ASSERTION',
    actual: [],
    expected: [ 'The marsh rat falls.', 'The marsh rat falls.' ],
    operator: 'deepStrictEqual',
    diff: 'simple'
  }
