✔ exit door actions keep their direction and remain separate from walking (2.386792ms)
✔ worn items and reachable nested contents offer actions on their own ids (0.308875ms)
✔ same-room actions retain projected item pages and remove pages hidden by a closed lid (0.193375ms)
✔ chapter changes queue one title which survives scene lines and acknowledgement (0.11725ms)
✔ band phrases and the hp accessibility label use the cartridge catalog (0.133459ms)
✔ scene Continue and position verbs have dedicated groups (0.086375ms)
✔ exits, the look title, place actions and a thing page come from the right buttons (2.625833ms)
✔ position cycling skips absent offers and retains the offered freshness (0.320667ms)
✔ a touch link is shown as its label (0.338709ms)
✔ a choice's answers and Close are their own group, not place actions (0.329083ms)
✔ the character label says the hp band and no other (2.112708ms)
✔ the absent-speaker line shows only when the speaker is not here (0.365458ms)
✔ a restored choice opens its actual speaker detail or retained conversation (0.371459ms)
✔ the ending line shows once every quest is over (0.259708ms)
✔ a closed exit's log line and a capitalised title (0.318375ms)
✔ a move refused at 0 MV says the body is too exhausted (0.270625ms)
✔ a hint survives a store that throws, for this session (0.290167ms)
✔ the status line shows the double hour as its earthly branch (0.406042ms)
✔ pending and refused Take/Drop/Leave retain detail routing and unchanged custody (4.057583ms)
✔ journal cues belong only to changed NPC histories (0.846417ms)
✔ recovery removes the current heading but retains an unclassified consequence (0.392542ms)
✔ confirmed room change clears old history before adding new authored consequences (0.254625ms)
✔ World omits the routine Close fallback while retaining authored consequences (0.145083ms)
✔ a restored committed narration is not duplicated by its pending receipt retry (0.154417ms)
✔ a move rejected for want of MV says the body is too exhausted (0.0915ms)
✔ the log stops growing in one room, its last line the latest answer (1.167708ms)
✔ the save-error line says a pending start over in words and shows any other message (0.099958ms)
✔ a corrupt report page: Start over gives a working save (46.084459ms)
✔ a corrupt sqlite_autoindex_report_1 page: Start over gives a working save (24.271917ms)
✔ a malformed report index record: Start over gives a working save (24.580458ms)
✔ an intact report table survives Start over in place (15.676041ms)
✔ the latest committed narration is read again on reopen, from the receipts (14.393708ms)
✔ an older save reopens with its narration and keeps its report on Start over (18.558917ms)
✔ a malformed receipt response: Start over keeps the pending report (15.093375ms)
✔ a narration read that fails on a lock offers no Start over (11.821583ms)
✔ a save with no body row: save_corrupt, Start over repairs it in place (14.2075ms)
✔ a save with a null choice: save_corrupt, Start over repairs it in place (13.134ms)
✔ a save with an empty resource: save_corrupt, Start over repairs it in place (12.975125ms)
✔ a receipt narration line that is null: save_corrupt at open, Start over repairs it (15.596125ms)
✔ a receipt response that is not a decision replays as a conflict (5.979833ms)
✔ elapsed NOTADB and page corruption recover only through explicit working Start over (18.96475ms)
✔ unreadable elapsed opening refuses a newly readable replacement and waits on real SQLite uncertainty (9.099833ms)
ℹ tests 42
ℹ suites 0
ℹ pass 42
ℹ fail 0
ℹ cancelled 0
ℹ skipped 0
ℹ todo 0
ℹ duration_ms 426.433542
✔ combat page lists offered controls vertically below history in one scroll (4.922375ms)
✔ committed opponent death narrates once through the existing subscription (0.326583ms)
✔ confirmed encounter foregrounds another page and closure or death restores the World (6.483541ms)
✔ Attack opens its committed page; pending and refused Flee stay until committed escape (2.95975ms)
✔ reopening an encounter restores the combat page and last committed narration (0.385833ms)
✔ reopening after escape or either death never restores combat into the World log (1.223666ms)
✖ combat receipt history is once-only when completion follows an already displayed state (0.777542ms)
✔ committed combat line indices come from pinned keys and structured receipt events (3.969334ms)
ℹ tests 8
ℹ suites 0
ℹ pass 7
ℹ fail 1
ℹ cancelled 0
ℹ skipped 0
ℹ todo 0
ℹ duration_ms 292.443041

✖ failing tests:

test at ../../../../private<mutation-tree>/mobile/app/book/combat.test.ts:456:1
✖ combat receipt history is once-only when completion follows an already displayed state (0.777542ms)
  AssertionError [ERR_ASSERTION]: Expected values to be strictly deep-equal:
  + actual - expected
  
    [
      'The marsh rat falls.',
      'The marsh rat falls.',
  +   'The marsh rat falls.'
    ]
  
      at TestContext.<anonymous> (file:///private<mutation-tree>/mobile/app/book/combat.test.ts:491:10)
      at Test.runInAsyncScope (node:async_hooks:227:14)
      at Test.run (node:internal/test_runner/test:1402:25)
      at Test.processPendingSubtests (node:internal/test_runner/test:974:18)
      at Test.postRun (node:internal/test_runner/test:1542:19)
      at Test.run (node:internal/test_runner/test:1467:12)
      at async Test.processPendingSubtests (node:internal/test_runner/test:974:7) {
    generatedMessage: true,
    code: 'ERR_ASSERTION',
    actual: [ 'The marsh rat falls.', 'The marsh rat falls.', 'The marsh rat falls.' ],
    expected: [ 'The marsh rat falls.', 'The marsh rat falls.' ],
    operator: 'deepStrictEqual',
    diff: 'simple'
  }
