✔ room is focused while Map retains directions and every detail returns to the world (60.3055ms)
✔ a postcommit narration read fault preserves the saved result and clears retry context (22.496417ms)
✔ NPC history has distinct journal events and one confirmed Leave after the scrolling log (39.45425ms)
✔ only World position taps directly cycle the offered states with captured freshness (20.851667ms)
✔ an NPC choice retried from the world keeps its result in the original detail (14.336875ms)
✔ only confirmed pickup returns World, including a retry from another page (19.694042ms)
✔ touch omits incomplete Give but the complete item and recipient command remains valid (14.297792ms)
✔ inventory Drop returns World with one named event only after confirmation (17.991584ms)
✔ other item actions retain their detail and World consequences (8.478375ms)
✔ elapsed confirmed boundaries retain Conversation and chapter acknowledgment without page flips (18.310833ms)
✔ delayed Take returns once with its original item name after a conflicting tap (23.926583ms)
✔ delayed actual quest completion adds one authored result and Journal updated in original history (22.237333ms)
✔ actual trunk detail explains refused Take and restores its button after Remove then Drop (39.991542ms)
✔ pending and refused Take/Drop/Leave retain detail routing and unchanged custody (2.382583ms)
✔ journal cues belong only to changed NPC histories (0.277083ms)
✔ recovery removes the current heading but retains an unclassified consequence (0.1335ms)
✔ confirmed room change clears old history before adding new authored consequences (0.193125ms)
✔ World omits the routine Close fallback while retaining authored consequences (0.138ms)
✔ a restored committed narration is not duplicated by its pending receipt retry (0.1345ms)
✔ a move rejected for want of MV says the body is too exhausted (0.273625ms)
✔ the log stops growing in one room, its last line the latest answer (1.152375ms)
✔ the save-error line says a pending start over in words and shows any other message (0.151291ms)
ℹ tests 22
ℹ suites 0
ℹ pass 22
ℹ fail 0
ℹ cancelled 0
ℹ skipped 0
ℹ todo 0
ℹ duration_ms 655.903375
✔ pending and refused Take/Drop/Leave retain detail routing and unchanged custody (2.043375ms)
✔ journal cues belong only to changed NPC histories (0.253916ms)
✔ recovery removes the current heading but retains an unclassified consequence (0.123625ms)
✔ confirmed room change clears old history before adding new authored consequences (0.182625ms)
✔ World omits the routine Close fallback while retaining authored consequences (0.129167ms)
✔ a restored committed narration is not duplicated by its pending receipt retry (0.128167ms)
✔ a move rejected for want of MV says the body is too exhausted (0.067667ms)
✔ the log stops growing in one room, its last line the latest answer (1.042542ms)
✔ the save-error line says a pending start over in words and shows any other message (0.088625ms)
✖ a narration recovery fault holds combat results while their line routing is unavailable (0.809125ms)
ℹ tests 10
ℹ suites 0
ℹ pass 9
ℹ fail 1
ℹ cancelled 0
ℹ skipped 0
ℹ todo 0
ℹ duration_ms 82.910875

✖ failing tests:

test at ../../../../private<mutation-tree>/mobile/app/book/presenter.test.ts:281:1
✖ a narration recovery fault holds combat results while their line routing is unavailable (0.809125ms)
  AssertionError [ERR_ASSERTION]: Expected values to be strictly deep-equal:
  + actual - expected
  
  + [
  +   'strike'
  + ]
  - []
  
      at TestContext.<anonymous> (file:///private<mutation-tree>/mobile/app/book/presenter.test.ts:303:12)
      at Test.runInAsyncScope (node:async_hooks:227:14)
      at Test.run (node:internal/test_runner/test:1402:25)
      at Test.processPendingSubtests (node:internal/test_runner/test:974:18)
      at Test.postRun (node:internal/test_runner/test:1542:19)
      at Test.run (node:internal/test_runner/test:1467:12)
      at async Test.processPendingSubtests (node:internal/test_runner/test:974:7) {
    generatedMessage: true,
    code: 'ERR_ASSERTION',
    actual: [ 'strike' ],
    expected: [],
    operator: 'deepStrictEqual',
    diff: 'simple'
  }
