✔ exit door actions keep their direction and remain separate from walking (1.967792ms)
✔ worn items and reachable nested contents offer actions on their own ids (0.263458ms)
✔ same-room actions retain projected item pages and remove pages hidden by a closed lid (0.192834ms)
✔ chapter changes queue one title which survives scene lines and acknowledgement (0.111042ms)
✔ band phrases and the hp accessibility label use the cartridge catalog (0.132084ms)
✔ scene Continue and position verbs have dedicated groups (0.091666ms)
✔ exits, the look title, place actions and a thing page come from the right buttons (0.974417ms)
✔ position cycling skips absent offers and retains the offered freshness (0.111333ms)
✔ a touch link is shown as its label (0.121041ms)
✔ a choice's answers and Close are their own group, not place actions (0.101792ms)
✔ the character label says the hp band and no other (0.144ms)
✔ the absent-speaker line shows only when the speaker is not here (0.107708ms)
✔ a restored choice opens its actual speaker detail or retained conversation (0.134ms)
✔ the ending line shows once every quest is over (0.095542ms)
✔ a closed exit's log line and a capitalised title (0.117834ms)
✔ a move refused at 0 MV says the body is too exhausted (0.10775ms)
✔ a hint survives a store that throws, for this session (0.11375ms)
✔ the status line shows the double hour as its earthly branch (0.157833ms)
✔ pending and refused Take/Drop/Leave retain detail routing and unchanged custody (2.420291ms)
✔ journal cues belong only to changed NPC histories (0.278292ms)
✔ recovery removes the current heading but retains an unclassified consequence (0.137833ms)
✔ confirmed room change clears old history before adding new authored consequences (0.217041ms)
✔ World omits the routine Close fallback while retaining authored consequences (0.147833ms)
✔ a restored committed narration is not duplicated by its pending receipt retry (0.151584ms)
✔ a move rejected for want of MV says the body is too exhausted (0.091833ms)
✔ the log stops growing in one room, its last line the latest answer (1.509ms)
✔ the save-error line says a pending start over in words and shows any other message (0.135708ms)
✔ a corrupt report page: Start over gives a working save (46.447041ms)
✔ a corrupt sqlite_autoindex_report_1 page: Start over gives a working save (23.588708ms)
✔ a malformed report index record: Start over gives a working save (22.053917ms)
✔ an intact report table survives Start over in place (13.029958ms)
✔ the latest committed narration is read again on reopen, from the receipts (13.984833ms)
✔ an older save reopens with its narration and keeps its report on Start over (18.09475ms)
✔ a malformed receipt response: Start over keeps the pending report (14.761209ms)
✔ a narration read that fails on a lock offers no Start over (11.677417ms)
✔ a save with no body row: save_corrupt, Start over repairs it in place (12.666292ms)
✔ a save with a null choice: save_corrupt, Start over repairs it in place (12.592209ms)
✔ a save with an empty resource: save_corrupt, Start over repairs it in place (12.906167ms)
✔ a receipt narration line that is null: save_corrupt at open, Start over repairs it (15.045708ms)
✔ a receipt response that is not a decision replays as a conflict (6.29875ms)
✔ elapsed NOTADB and page corruption recover only through explicit working Start over (18.496916ms)
✔ unreadable elapsed opening refuses a newly readable replacement and waits on real SQLite uncertainty (10.578041ms)
ℹ tests 42
ℹ suites 0
ℹ pass 42
ℹ fail 0
ℹ cancelled 0
ℹ skipped 0
ℹ todo 0
ℹ duration_ms 413.667875
✖ combat page lists offered controls vertically below history in one scroll (2.489458ms)
✔ committed opponent death narrates once through the existing subscription (0.369958ms)
✔ confirmed encounter foregrounds another page and closure or death restores the World (6.700166ms)
✔ Attack opens its committed page; pending and refused Flee stay until committed escape (3.269167ms)
✔ reopening an encounter restores the combat page and last committed narration (0.422208ms)
✔ reopening after escape or either death never restores combat into the World log (1.271375ms)
✔ combat receipt history is once-only when completion follows an already displayed state (0.191959ms)
✔ committed combat line indices come from pinned keys and structured receipt events (6.508167ms)
ℹ tests 8
ℹ suites 0
ℹ pass 7
ℹ fail 1
ℹ cancelled 0
ℹ skipped 0
ℹ todo 0
ℹ duration_ms 287.062666

✖ failing tests:

test at ../../../../private<mutation-tree>/mobile/app/book/combat.test.ts:111:1
✖ combat page lists offered controls vertically below history in one scroll (2.489458ms)
  AssertionError [ERR_ASSERTION]: Expected values to be strictly deep-equal:
  + actual - expected
  
    [
      'Stand',
      'Flee',
  +   'Flee north'
    ]
  
      at TestContext.<anonymous> (file:///private<mutation-tree>/mobile/app/book/combat.test.ts:138:12)
      at Test.runInAsyncScope (node:async_hooks:227:14)
      at Test.run (node:internal/test_runner/test:1402:25)
      at Test.start (node:internal/test_runner/test:1262:17)
      at startSubtestAfterBootstrap (node:internal/test_runner/harness:387:17) {
    generatedMessage: true,
    code: 'ERR_ASSERTION',
    actual: [ 'Stand', 'Flee', 'Flee north' ],
    expected: [ 'Stand', 'Flee' ],
    operator: 'deepStrictEqual',
    diff: 'simple'
  }
