✔ room is focused while Map retains directions and every detail returns to the world (57.442959ms)
✖ a postcommit narration read fault preserves the saved result and clears retry context (14.818166ms)
✔ NPC history has distinct journal events and one confirmed Leave after the scrolling log (41.5805ms)
✔ only World position taps directly cycle the offered states with captured freshness (20.237042ms)
✔ an NPC choice retried from the world keeps its result in the original detail (14.427291ms)
✔ only confirmed pickup returns World, including a retry from another page (20.192458ms)
✔ touch omits incomplete Give but the complete item and recipient command remains valid (14.193292ms)
✔ inventory Drop returns World with one named event only after confirmation (17.990916ms)
✔ other item actions retain their detail and World consequences (7.880542ms)
✔ elapsed confirmed boundaries retain Conversation and chapter acknowledgment without page flips (17.917709ms)
✔ delayed Take returns once with its original item name after a conflicting tap (23.466375ms)
✔ delayed actual quest completion adds one authored result and Journal updated in original history (23.707208ms)
✔ actual trunk detail explains refused Take and restores its button after Remove then Drop (39.554875ms)
✔ pending and refused Take/Drop/Leave retain detail routing and unchanged custody (3.294959ms)
✔ journal cues belong only to changed NPC histories (0.297083ms)
✔ recovery removes the current heading but retains an unclassified consequence (0.135625ms)
✔ confirmed room change clears old history before adding new authored consequences (0.200291ms)
✔ World omits the routine Close fallback while retaining authored consequences (0.135833ms)
✔ a restored committed narration is not duplicated by its pending receipt retry (0.150417ms)
✔ a move rejected for want of MV says the body is too exhausted (0.084167ms)
✔ the log stops growing in one room, its last line the latest answer (1.132916ms)
✔ the save-error line says a pending start over in words and shows any other message (0.106708ms)
ℹ tests 22
ℹ suites 0
ℹ pass 21
ℹ fail 1
ℹ cancelled 0
ℹ skipped 0
ℹ todo 0
ℹ duration_ms 638.341958

✖ failing tests:

test at ../../../../private<mutation-tree>/mobile/app/book/polish.test.ts:238:1
✖ a postcommit narration read fault preserves the saved result and clears retry context (14.818166ms)
  AssertionError [ERR_ASSERTION]: Expected values to be strictly deep-equal:
  + actual - expected
  
    [
  +   'Bram keeps his eyes on the reeds. "My lantern’s beside the well, and I can’t leave the ferry. Would you fetch it?"'
  -   "You say you'll fetch it. Bram nods toward the path north.",
  -   {
  -     event: true,
  -     text: 'Journal updated'
  -   }
    ]
  
      at TestContext.<anonymous> (file:///private<mutation-tree>/mobile/app/book/polish.test.ts:248:10)
      at Test.runInAsyncScope (node:async_hooks:227:14)
      at Test.run (node:internal/test_runner/test:1402:25)
      at Test.processPendingSubtests (node:internal/test_runner/test:974:18)
      at Test.postRun (node:internal/test_runner/test:1542:19)
      at Test.run (node:internal/test_runner/test:1467:12)
      at async startSubtestAfterBootstrap (node:internal/test_runner/harness:387:3) {
    generatedMessage: true,
    code: 'ERR_ASSERTION',
    actual: [ 'Bram keeps his eyes on the reeds. "My lantern’s beside the well, and I can’t leave the ferry. Would you fetch it?"' ],
    expected: [ "You say you'll fetch it. Bram nods toward the path north.", { text: 'Journal updated', event: true } ],
    operator: 'deepStrictEqual',
    diff: 'simple'
  }
✔ pending and refused Take/Drop/Leave retain detail routing and unchanged custody (1.607667ms)
✔ journal cues belong only to changed NPC histories (0.255209ms)
✔ recovery removes the current heading but retains an unclassified consequence (0.1205ms)
✔ confirmed room change clears old history before adding new authored consequences (0.182416ms)
✔ World omits the routine Close fallback while retaining authored consequences (0.129666ms)
✔ a restored committed narration is not duplicated by its pending receipt retry (0.124834ms)
✔ a move rejected for want of MV says the body is too exhausted (0.067542ms)
✔ the log stops growing in one room, its last line the latest answer (1.055959ms)
✔ the save-error line says a pending start over in words and shows any other message (0.105791ms)
✔ a narration recovery fault holds combat results while their line routing is unavailable (0.299333ms)
ℹ tests 10
ℹ suites 0
ℹ pass 10
ℹ fail 0
ℹ cancelled 0
ℹ skipped 0
ℹ todo 0
ℹ duration_ms 83.341625
