✔ exit door actions keep their direction and remain separate from walking (8.662042ms)
✔ worn items and reachable nested contents offer actions on their own ids (2.797958ms)
✔ same-room actions retain projected item pages and remove pages hidden by a closed lid (0.617375ms)
✔ chapter changes queue one title which survives scene lines and acknowledgement (0.300625ms)
✔ band phrases and the hp accessibility label use the cartridge catalog (0.381833ms)
✔ scene Continue and position verbs have dedicated groups (0.24ms)
✔ exits, the look title, place actions and a thing page come from the right buttons (0.960459ms)
✔ position cycling skips absent offers and retains the offered freshness (0.108792ms)
✔ a touch link is shown as its label (0.120292ms)
✔ a choice's answers and Close are their own group, not place actions (0.121125ms)
✔ the character label says the hp band and no other (0.857709ms)
✔ the absent-speaker line shows only when the speaker is not here (0.151083ms)
✔ a restored choice opens its actual speaker detail or retained conversation (0.147ms)
✔ the ending line shows once every quest is over (0.104084ms)
✔ a closed exit's log line and a capitalised title (0.123ms)
✔ a move refused at 0 MV says the body is too exhausted (0.112084ms)
✔ a hint survives a store that throws, for this session (0.118666ms)
✔ the status line shows the double hour as its earthly branch (0.164959ms)
✔ pending and refused Take/Drop/Leave retain detail routing and unchanged custody (2.330917ms)
✔ journal cues belong only to changed NPC histories (0.272458ms)
✔ recovery removes the current heading but retains an unclassified consequence (0.145667ms)
✔ confirmed room change clears old history before adding new authored consequences (0.203209ms)
✔ World omits the routine Close fallback while retaining authored consequences (0.146041ms)
✔ a restored committed narration is not duplicated by its pending receipt retry (0.144291ms)
✔ a move rejected for want of MV says the body is too exhausted (0.088417ms)
✔ the log stops growing in one room, its last line the latest answer (1.388334ms)
✔ the save-error line says a pending start over in words and shows any other message (0.102375ms)
✔ a corrupt report page: Start over gives a working save (47.69175ms)
✔ a corrupt sqlite_autoindex_report_1 page: Start over gives a working save (25.967625ms)
✔ a malformed report index record: Start over gives a working save (25.2855ms)
✔ an intact report table survives Start over in place (17.100834ms)
✔ the latest committed narration is read again on reopen, from the receipts (18.251542ms)
✔ an older save reopens with its narration and keeps its report on Start over (19.089125ms)
✔ a malformed receipt response: Start over keeps the pending report (15.100042ms)
✔ a narration read that fails on a lock offers no Start over (11.586ms)
✔ a save with no body row: save_corrupt, Start over repairs it in place (12.75675ms)
✔ a save with a null choice: save_corrupt, Start over repairs it in place (12.871209ms)
✔ a save with an empty resource: save_corrupt, Start over repairs it in place (16.04575ms)
✔ a receipt narration line that is null: save_corrupt at open, Start over repairs it (16.999125ms)
✔ a receipt response that is not a decision replays as a conflict (6.261834ms)
✔ elapsed NOTADB and page corruption recover only through explicit working Start over (19.130333ms)
✔ unreadable elapsed opening refuses a newly readable replacement and waits on real SQLite uncertainty (10.059833ms)
ℹ tests 42
ℹ suites 0
ℹ pass 42
ℹ fail 0
ℹ cancelled 0
ℹ skipped 0
ℹ todo 0
ℹ duration_ms 438.181667
✔ combat page lists offered controls vertically below history in one scroll (2.835416ms)
✔ committed opponent death narrates once through the existing subscription (0.242917ms)
✔ confirmed encounter foregrounds another page and closure or death restores the World (6.378541ms)
✔ Attack opens its committed page; pending and refused Flee stay until committed escape (2.937ms)
✔ reopening an encounter restores the combat page and last committed narration (0.386916ms)
✔ reopening after escape or either death never restores combat into the World log (1.232292ms)
✔ combat receipt history is once-only when completion follows an already displayed state (0.193584ms)
✖ committed combat line indices come from pinned keys and structured receipt events (4.822041ms)
ℹ tests 8
ℹ suites 0
ℹ pass 7
ℹ fail 1
ℹ cancelled 0
ℹ skipped 0
ℹ todo 0
ℹ duration_ms 291.060917

✖ failing tests:

test at ../../../../private<mutation-tree>/mobile/authority/local-story/narration_routing.test.ts:10:1
✖ committed combat line indices come from pinned keys and structured receipt events (4.822041ms)
  AssertionError [ERR_ASSERTION]: Expected values to be strictly deep-equal:
  + actual - expected
  
    {
  +   combat_lines: [
  +     1,
  +     3
  +   ],
      command_id: 'round',
      lines: [
        {
          key: 'bell'
        },
  
      at TestContext.<anonymous> (file:///private<mutation-tree>/mobile/authority/local-story/narration_routing.test.ts:54:12)
      at Test.runInAsyncScope (node:async_hooks:227:14)
      at Test.run (node:internal/test_runner/test:1402:25)
      at Test.start (node:internal/test_runner/test:1262:17)
      at startSubtestAfterBootstrap (node:internal/test_runner/harness:387:17) {
    generatedMessage: true,
    code: 'ERR_ASSERTION',
    actual: { command_id: 'round', lines: [ [Object], [Object], [Object], [Object] ], combat_lines: [ 1, 3 ] },
    expected: { command_id: 'round', lines: [ [Object], [Object], [Object], [Object] ] },
    operator: 'deepStrictEqual',
    diff: 'simple'
  }
