(node:54472) [MODULE_TYPELESS_PACKAGE_JSON] Warning: Module type of file://<worktree>/mobile/app/book/c1.test.ts is not specified and it doesn't parse as CommonJS.
Reparsing as ES module because module syntax was detected. This incurs a performance overhead.
To eliminate this warning, add "type": "module" to <worktree>/mobile/app/package.json.
(Use `node --trace-warnings ...` to show where the warning was created)
✔ exit door actions keep their direction and remain separate from walking (1.296417ms)
✔ worn items and reachable nested contents offer actions on their own ids (0.252917ms)
✔ same-room actions retain projected item pages and remove pages hidden by a closed lid (0.189875ms)
✔ chapter changes queue one title which survives scene lines and acknowledgement (0.11475ms)
✔ band phrases and the hp accessibility label use the cartridge catalog (0.135708ms)
✔ scene Continue and position verbs have dedicated groups (0.087416ms)
(node:54473) [MODULE_TYPELESS_PACKAGE_JSON] Warning: Module type of file://<worktree>/mobile/app/book/combat.test.ts is not specified and it doesn't parse as CommonJS.
Reparsing as ES module because module syntax was detected. This incurs a performance overhead.
To eliminate this warning, add "type": "module" to <worktree>/mobile/app/package.json.
(Use `node --trace-warnings ...` to show where the warning was created)
✔ combat page lists offered controls vertically below history in one scroll (9.880625ms)
✔ committed opponent death narrates once through the existing subscription (0.345084ms)
✔ confirmed encounter foregrounds another page and closure or death restores the World (9.89375ms)
✔ Attack opens its committed page; pending and refused Flee stay until committed escape (10.603167ms)
✔ reopening an encounter restores the combat page and last committed narration (2.394625ms)
✔ reopening after escape or either death never restores combat into the World log (5.178875ms)
✔ combat receipt history is once-only when completion follows an already displayed state (0.682709ms)
(node:54474) [MODULE_TYPELESS_PACKAGE_JSON] Warning: Module type of file://<worktree>/mobile/app/book/model.test.ts is not specified and it doesn't parse as CommonJS.
Reparsing as ES module because module syntax was detected. This incurs a performance overhead.
To eliminate this warning, add "type": "module" to <worktree>/mobile/app/package.json.
(Use `node --trace-warnings ...` to show where the warning was created)
✔ exits, the look title, place actions and a thing page come from the right buttons (0.987583ms)
✔ position cycling skips absent offers and retains the offered freshness (0.107917ms)
✔ a touch link is shown as its label (0.112333ms)
✔ a choice's answers and Close are their own group, not place actions (0.101834ms)
✔ the character label says the hp band and no other (0.127917ms)
✔ the absent-speaker line shows only when the speaker is not here (0.109167ms)
✔ a restored choice opens its actual speaker detail or retained conversation (0.130458ms)
✔ the ending line shows once every quest is over (0.10225ms)
✔ a closed exit's log line and a capitalised title (0.116209ms)
✔ a move refused at 0 MV says the body is too exhausted (0.110125ms)
✔ a hint survives a store that throws, for this session (0.112709ms)
✔ the status line shows the double hour as its earthly branch (0.156292ms)
(node:54475) [MODULE_TYPELESS_PACKAGE_JSON] Warning: Module type of file://<worktree>/mobile/app/book/presenter.test.ts is not specified and it doesn't parse as CommonJS.
Reparsing as ES module because module syntax was detected. This incurs a performance overhead.
To eliminate this warning, add "type": "module" to <worktree>/mobile/app/package.json.
(Use `node --trace-warnings ...` to show where the warning was created)
✔ pending and refused Take/Drop/Leave retain detail routing and unchanged custody (1.770875ms)
✔ journal cues belong only to changed NPC histories (0.27625ms)
✔ recovery removes the current heading but retains an unclassified consequence (0.123125ms)
✔ confirmed room change clears old history before adding new authored consequences (0.199958ms)
✔ World omits the routine Close fallback while retaining authored consequences (0.141584ms)
✔ a restored committed narration is not duplicated by its pending receipt retry (0.143833ms)
✔ a move rejected for want of MV says the body is too exhausted (0.504666ms)
✔ the log stops growing in one room, its last line the latest answer (28.672ms)
✔ the save-error line says a pending start over in words and shows any other message (1.5485ms)
✔ a narration recovery fault holds the committed lines until their routing can be read (5.821375ms)
✔ lantern-carry plays as its frozen trace; its story point reaches the run's account once (106.603458ms)
✔ lantern-leave plays as its frozen trace; its story point reaches the run's account once (40.161416ms)
✔ an old run's view token is stale after a new game, at the same revision (8.729ms)
✔ adverse early-possession (29.137458ms)
✔ adverse drop-after-choice-opened (33.883041ms)
✔ adverse walked-away-rejects-new-choice (26.120833ms)
✔ adverse walked-away-keeps-receipt (26.600917ms)
✔ adverse altered-choice (38.354792ms)
✔ adverse choice-rollback (28.276ms)
✔ adverse choice-unknown-commit-absent (44.292791ms)
✔ adverse choice-unknown-commit-committed (47.497125ms)
✔ adverse commit-before-display (205.883708ms)
✔ adverse reading-has-no-effect (17.05475ms)
✔ adverse stale-choice-and-blocked-exit (17.525125ms)
✔ a choice committed with its acknowledgement lost recovers to its receipt, reported once (19.684042ms)
✔ a tiny world survives a restart with the same state (10.38ms)
✔ a retried consumed take replays its receipt; altered intent is a conflict (7.103542ms)
✔ a failed attempt and a rejection persist; their retries draw nothing (8.077875ms)
✔ a fault changes nothing and gets no receipt (7.33475ms)
✔ a lost COMMIT acknowledgement reconciles to the committed receipt (7.807083ms)
✔ a genuinely failed COMMIT reconciles to not committed; the retry is a fresh attempt (7.268209ms)
✔ while the COMMIT outcome is unknown every call is fenced; a restart settles it (5.286375ms)
✔ a process killed after COMMIT restarts with the take once and its trace entry once (486.001375ms)
✔ a definite failure is traced once; a failed trace write changes nothing (7.410958ms)
✔ while the trace is behind no later entry overtakes a missed one (10.9795ms)
✔ an unreadable trace never stops play or the save opening (4.365833ms)
✔ an updated kernel starts a new segment after recovering the old one (6.608541ms)
✔ a transaction a failed ROLLBACK leaves open is never read as saved nor blocks play (8.995541ms)
✔ a save does not open inside a transaction left open (2.61025ms)
✔ jobs survive a restart: waiting to 19:00 after it moves Bram as without it (7.98575ms)
✔ a recipe whose time cost runs a job replays its receipt on retry (6.692667ms)
✔ a move whose reactions commit replays its events byte for byte after a restart (4.210292ms)
✔ a recipe narration's pinned participants survive a restart and replay unchanged (3.941541ms)
✔ a talk committed, then a restart: the stored choice carries its revision and choose works (7.579167ms)
✔ committed combat line indices come from pinned keys and structured receipt events (3.985667ms)
(node:54479) [MODULE_TYPELESS_PACKAGE_JSON] Warning: Module type of file://<worktree>/mobile/app/book/presenter.ts is not specified and it doesn't parse as CommonJS.
Reparsing as ES module because module syntax was detected. This incurs a performance overhead.
To eliminate this warning, add "type": "module" to <worktree>/mobile/app/package.json.
(Use `node --trace-warnings ...` to show where the warning was created)
✔ a scripted session survives a restart and plays on (41.504542ms)
✔ an invalid press before a save does not make the next id collide after a restart (16.057042ms)
✔ an unknown COMMIT shows pending, not a success; a restart shows what committed (22.903875ms)
✔ a pending press is retried with its own id and replays what committed (11.990125ms)
✔ a same-scope receipt from another allocator does not move the id counter (12.686833ms)
✔ a failed write is not claimed unsaved; the next press retries it (36.819458ms)
✔ a read error after a durable commit does not commit the press twice (20.820541ms)
✔ a confirmed receipt that is not a decision is a conflict and ends the attempt (13.314125ms)
✔ start over replaces a file that does not open with a fresh game (58.338167ms)
✔ start over of a damaged identity keeps the file and its old run (14.953375ms)
✔ a damaged receipt index fails the open with start over, which gives a fresh game (20.362459ms)
✔ a newer app's save is never started over (7.963708ms)
✔ a start over whose delete failed can be tried again (5.28525ms)
✔ an open that fails but not as corrupt is never started over (5.810209ms)
✔ a start over that fails during play keeps the game and its retry (7.283167ms)
✔ a pending start over leaves no game to play until it settles (8.137375ms)
✔ the gate tap script ends at its declared state, wherever the kills fall (43.38125ms)
﹣ the save copied from the phone equals the reference (0.059458ms) # SKIP
(node:54480) [MODULE_TYPELESS_PACKAGE_JSON] Warning: Module type of file://<worktree>/mobile/app/book/presenter.ts is not specified and it doesn't parse as CommonJS.
Reparsing as ES module because module syntax was detected. This incurs a performance overhead.
To eliminate this warning, add "type": "module" to <worktree>/mobile/app/package.json.
(Use `node --trace-warnings ...` to show where the warning was created)
✔ a corrupt report page: Start over gives a working save (84.9195ms)
✔ a corrupt sqlite_autoindex_report_1 page: Start over gives a working save (35.600208ms)
✔ a malformed report index record: Start over gives a working save (34.404792ms)
✔ an intact report table survives Start over in place (23.719542ms)
✔ the latest committed narration is read again on reopen, from the receipts (33.849833ms)
✔ an older save reopens with its narration and keeps its report on Start over (30.629708ms)
✔ a malformed receipt response: Start over keeps the pending report (26.728ms)
✔ a narration read that fails on a lock offers no Start over (18.048625ms)
✔ a save with no body row: save_corrupt, Start over repairs it in place (19.790625ms)
✔ a save with a null choice: save_corrupt, Start over repairs it in place (16.262416ms)
✔ a save with an empty resource: save_corrupt, Start over repairs it in place (20.499167ms)
✔ a receipt narration line that is null: save_corrupt at open, Start over repairs it (19.49675ms)
✔ a receipt response that is not a decision replays as a conflict (7.547375ms)
✔ elapsed NOTADB and page corruption recover only through explicit working Start over (25.4635ms)
✔ unreadable elapsed opening refuses a newly readable replacement and waits on real SQLite uncertainty (12.200625ms)
ℹ tests 103
ℹ suites 0
ℹ pass 102
ℹ fail 0
ℹ cancelled 0
ℹ skipped 1
ℹ todo 0
ℹ duration_ms 1001.17125
