✔ exit door actions keep their direction and remain separate from walking (1.302125ms)
✔ worn items and reachable nested contents offer actions on their own ids (0.985333ms)
✔ same-room actions retain projected item pages and remove pages hidden by a closed lid (0.190791ms)
✔ chapter changes queue one title which survives scene lines and acknowledgement (0.104916ms)
✔ band phrases and the hp accessibility label use the cartridge catalog (0.133208ms)
✔ scene Continue and position verbs have dedicated groups (0.085375ms)
✔ exits, the look title, place actions and a thing page come from the right buttons (2.715042ms)
✔ position cycling skips absent offers and retains the offered freshness (0.331583ms)
✔ a touch link is shown as its label (6.216709ms)
✔ a choice's answers and Close are their own group, not place actions (1.518166ms)
✔ the character label says the hp band and no other (0.207ms)
✔ the absent-speaker line shows only when the speaker is not here (0.12525ms)
✔ a restored choice opens its actual speaker detail or retained conversation (0.14275ms)
✔ the ending line shows once every quest is over (0.096125ms)
✔ a closed exit's log line and a capitalised title (0.115709ms)
✔ a move refused at 0 MV says the body is too exhausted (0.107292ms)
✔ a hint survives a store that throws, for this session (0.121375ms)
✔ the status line shows the double hour as its earthly branch (0.164083ms)
✔ pending and refused Take/Drop/Leave retain detail routing and unchanged custody (1.749292ms)
✔ journal cues belong only to changed NPC histories (0.27825ms)
✔ recovery removes the current heading but retains an unclassified consequence (0.133208ms)
✔ confirmed room change clears old history before adding new authored consequences (0.205667ms)
✔ World omits the routine Close fallback while retaining authored consequences (0.156625ms)
✔ a restored committed narration is not duplicated by its pending receipt retry (0.144833ms)
✔ a move rejected for want of MV says the body is too exhausted (0.082042ms)
✔ the log stops growing in one room, its last line the latest answer (1.307292ms)
✔ the save-error line says a pending start over in words and shows any other message (0.121042ms)
✔ a corrupt report page: Start over gives a working save (45.294542ms)
✔ a corrupt sqlite_autoindex_report_1 page: Start over gives a working save (25.360084ms)
✔ a malformed report index record: Start over gives a working save (23.530125ms)
✔ an intact report table survives Start over in place (14.118917ms)
✔ the latest committed narration is read again on reopen, from the receipts (14.952917ms)
✔ an older save reopens with its narration and keeps its report on Start over (20.332417ms)
✔ a malformed receipt response: Start over keeps the pending report (15.269792ms)
✔ a narration read that fails on a lock offers no Start over (12.100625ms)
✔ a save with no body row: save_corrupt, Start over repairs it in place (14.496292ms)
✔ a save with a null choice: save_corrupt, Start over repairs it in place (13.465333ms)
✔ a save with an empty resource: save_corrupt, Start over repairs it in place (13.418ms)
✔ a receipt narration line that is null: save_corrupt at open, Start over repairs it (16.137375ms)
✔ a receipt response that is not a decision replays as a conflict (6.188833ms)
✔ elapsed NOTADB and page corruption recover only through explicit working Start over (18.638125ms)
✔ unreadable elapsed opening refuses a newly readable replacement and waits on real SQLite uncertainty (9.024958ms)
ℹ tests 42
ℹ suites 0
ℹ pass 42
ℹ fail 0
ℹ cancelled 0
ℹ skipped 0
ℹ todo 0
ℹ duration_ms 423.770333
✖ combat page lists offered controls vertically below history in one scroll (4.045958ms)
✔ committed opponent death narrates once through the existing subscription (0.330292ms)
✔ confirmed encounter foregrounds another page and closure or death restores the World (6.623042ms)
✔ Attack opens its committed page; pending and refused Flee stay until committed escape (3.259375ms)
✔ reopening an encounter restores the combat page and last committed narration (0.412833ms)
✔ reopening after escape or either death never restores combat into the World log (1.271708ms)
✔ combat receipt history is once-only when completion follows an already displayed state (0.188083ms)
ℹ tests 7
ℹ suites 0
ℹ pass 6
ℹ fail 1
ℹ cancelled 0
ℹ skipped 0
ℹ todo 0
ℹ duration_ms 287.574834

✖ failing tests:

test at ../../../../private<mutation-tree>/mobile/app/book/combat.test.ts:111:1
✖ combat page lists offered controls vertically below history in one scroll (4.045958ms)
  AssertionError [ERR_ASSERTION]: The expression evaluated to a falsy value:
  
    assert.ok(
  
      at TestContext.<anonymous> (file:///private<mutation-tree>/mobile/app/book/combat.test.ts:149:14)
      at Test.runInAsyncScope (node:async_hooks:227:14)
      at Test.run (node:internal/test_runner/test:1402:25)
      at Test.start (node:internal/test_runner/test:1262:17)
      at startSubtestAfterBootstrap (node:internal/test_runner/harness:387:17) {
    generatedMessage: true,
    code: 'ERR_ASSERTION',
    actual: false,
    expected: true,
    operator: '==',
    diff: 'simple'
  }
