✔ exit door actions keep their direction and remain separate from walking (3.717625ms)
✔ worn items and reachable nested contents offer actions on their own ids (1.762166ms)
✔ same-room actions retain projected item pages and remove pages hidden by a closed lid (0.354208ms)
✔ chapter changes queue one title which survives scene lines and acknowledgement (0.128458ms)
✔ band phrases and the hp accessibility label use the cartridge catalog (0.152584ms)
✔ scene Continue and position verbs have dedicated groups (0.09325ms)
✔ exits, the look title, place actions and a thing page come from the right buttons (1.013125ms)
✔ position cycling skips absent offers and retains the offered freshness (0.106959ms)
✔ a touch link is shown as its label (0.113209ms)
✔ a choice's answers and Close are their own group, not place actions (0.10475ms)
✔ the character label says the hp band and no other (0.935833ms)
✔ the absent-speaker line shows only when the speaker is not here (0.122791ms)
✔ a restored choice opens its actual speaker detail or retained conversation (0.130833ms)
✔ the ending line shows once every quest is over (0.09625ms)
✔ a closed exit's log line and a capitalised title (0.107791ms)
✔ a move refused at 0 MV says the body is too exhausted (0.105916ms)
✔ a hint survives a store that throws, for this session (0.108083ms)
✔ the status line shows the double hour as its earthly branch (0.151875ms)
✔ pending and refused Take/Drop/Leave retain detail routing and unchanged custody (2.215208ms)
✔ journal cues belong only to changed NPC histories (0.270083ms)
✔ recovery removes the current heading but retains an unclassified consequence (0.129917ms)
✔ confirmed room change clears old history before adding new authored consequences (0.201375ms)
✔ World omits the routine Close fallback while retaining authored consequences (0.132125ms)
✔ a restored committed narration is not duplicated by its pending receipt retry (0.134833ms)
✔ a move rejected for want of MV says the body is too exhausted (0.074667ms)
✔ the log stops growing in one room, its last line the latest answer (3.9905ms)
✔ the save-error line says a pending start over in words and shows any other message (0.413583ms)
✔ a corrupt report page: Start over gives a working save (48.136125ms)
✔ a corrupt sqlite_autoindex_report_1 page: Start over gives a working save (26.178209ms)
✔ a malformed report index record: Start over gives a working save (24.083708ms)
✔ an intact report table survives Start over in place (15.412542ms)
✔ the latest committed narration is read again on reopen, from the receipts (15.766125ms)
✔ an older save reopens with its narration and keeps its report on Start over (19.047125ms)
✔ a malformed receipt response: Start over keeps the pending report (15.417417ms)
✔ a narration read that fails on a lock offers no Start over (12.320041ms)
✔ a save with no body row: save_corrupt, Start over repairs it in place (22.3085ms)
✔ a save with a null choice: save_corrupt, Start over repairs it in place (13.764833ms)
✔ a save with an empty resource: save_corrupt, Start over repairs it in place (14.582167ms)
✔ a receipt narration line that is null: save_corrupt at open, Start over repairs it (16.498917ms)
✔ a receipt response that is not a decision replays as a conflict (6.000791ms)
✔ elapsed NOTADB and page corruption recover only through explicit working Start over (18.150542ms)
✔ unreadable elapsed opening refuses a newly readable replacement and waits on real SQLite uncertainty (9.854667ms)
ℹ tests 42
ℹ suites 0
ℹ pass 42
ℹ fail 0
ℹ cancelled 0
ℹ skipped 0
ℹ todo 0
ℹ duration_ms 439.6515
✔ combat page lists offered controls vertically below history in one scroll (2.859791ms)
✔ committed opponent death narrates once through the existing subscription (0.242375ms)
✔ confirmed encounter foregrounds another page and closure or death restores the World (6.463291ms)
✔ Attack opens its committed page; pending and refused Flee stay until committed escape (3.095542ms)
✔ reopening an encounter restores the combat page and last committed narration (0.402958ms)
✔ reopening after escape or either death never restores combat into the World log (1.292459ms)
✔ combat receipt history is once-only when completion follows an already displayed state (0.209ms)
✖ committed combat line indices come from pinned keys and structured receipt events (4.624292ms)
ℹ tests 8
ℹ suites 0
ℹ pass 7
ℹ fail 1
ℹ cancelled 0
ℹ skipped 0
ℹ todo 0
ℹ duration_ms 288.201791

✖ failing tests:

test at ../../../../private<mutation-tree>/mobile/authority/local-story/narration_routing.test.ts:10:1
✖ committed combat line indices come from pinned keys and structured receipt events (4.624292ms)
  AssertionError [ERR_ASSERTION]: Expected values to be strictly deep-equal:
  + actual - expected
  
    {
  -   combat_lines: [
  -     1,
  -     3
  -   ],
      command_id: 'round',
      lines: [
        {
          key: 'bell'
        },
  
      at TestContext.<anonymous> (file:///private<mutation-tree>/mobile/authority/local-story/narration_routing.test.ts:48:12)
      at Test.runInAsyncScope (node:async_hooks:227:14)
      at Test.run (node:internal/test_runner/test:1402:25)
      at Test.start (node:internal/test_runner/test:1262:17)
      at startSubtestAfterBootstrap (node:internal/test_runner/harness:387:17) {
    generatedMessage: true,
    code: 'ERR_ASSERTION',
    actual: { command_id: 'round', lines: [ [Object], [Object], [Object], [Object] ] },
    expected: { command_id: 'round', lines: [ [Object], [Object], [Object], [Object] ], combat_lines: [ 1, 3 ] },
    operator: 'deepStrictEqual',
    diff: 'simple'
  }
