
> loka-app@0.0.0 test
> node --test --test-reporter=${TEST_REPORTER:-spec} "../authority/**/*.test.ts" "book/*.test.ts" "*.test.ts"

✔ ../authority/local-story/__tests__/elapsed-host.test.ts (432.643208ms)
✔ saved custody cycle faults in step (248.74925ms)
✔ saved custody cycle faults in list (358.889791ms)
✔ saved custody cycle faults in barrier (449.8375ms)
✔ Take and item-barrier reach preserve the spent decision budget (231.803625ms)
✔ a closed ancestor refuses reach before the hidden cycle (7.537625ms)
✔ reopen derives Reeds from the saved trigger choice, equal to headless play (22.408709ms)
✔ real SQLite reopens Attack and both M4 A rounds with original receipt replay (91.542167ms)
✔ a real rat kill commits corpse and preacceptance credit together and reopens exactly (18.540708ms)
✔ actual lethal combat returns empty-handed and ordinary six-exit journey recovers corpse roots (114.515167ms)
✔ genuine FULL and both unknown-COMMIT outcomes fence a real fatal round (41.200792ms)
✔ saved encounter corruption refuses before exposing play without repairing rows (50.731958ms)
✔ input at the due deadline settles lethal combat before attempting Flee (8.436583ms)
✔ random Flee destination and RNG reopen and replay one SQLite receipt (7.269792ms)
✔ corpse identity, worn roots and shrine return reopen atomically and receipt replay allocates nothing (59.528417ms)
✔ an older release list refuses the corpse release without rewriting it (14.140375ms)
✔ real FULL, failed COMMIT and committed-unknown COMMIT preserve all prior or all next corpse rows (98.903584ms)
✔ save load refuses missing identity, unknown template and illegal corpse custody without repair (96.610875ms)
✔ base1000 accounting preserves exact safe boundary quotients and rejects target overflow (1.132583ms)
✔ 9ms and reopened 11ms commit one unit and preserve the durable fractional account (71.459791ms)
✔ negative wall resume rebases without credit then credits the next 20ms (4.337958ms)
✔ a fixed 36hour horizon commits all four daily boundaries in order (72.77475ms)
✔ sixteen segments yield and one reserved input completes at its original finite horizon (33.687042ms)
✔ a current choice crossing departure refuses presence while Leave still closes its continuation (23.864417ms)
✔ preexisting stale input does not account time and synchronous success emits no completion (5.864625ms)
✔ trusted explicit v2 advance raises its durable target and missing checkpoints refuse (9.074917ms)
✔ an elapsed managed session without clocks fails with a typed refusal (4.95475ms)
✔ resume extends durable target debt rather than a lagging head (11.007958ms)
✔ unexpected closed checkpoint evidence blocks play as corrupt until confirmed Start over (10.67675ms)
✔ a valid durable replacement invalidates an old fenced clock and input without writes (16.379291ms)
✔ malformed v2 checkpoints and heads refuse without rewriting their progress (244.746166ms)
✔ a managed v1 upgrade starts its durable account at the actual opening clocks (7.606542ms)
✔ a committed unknown elapsed segment with corrupt checkpoint completes its input as blocked (3.393292ms)
✔ a valid replacement during unknown positive elapsed invalidates the old pending input (15.525458ms)
✔ a private reservation rejects another intent and retains its original bounded input (37.20525ms)
✔ terminal v1 upgrade recovery waits for real SQLite rollback closure before Start over (28.899041ms)
✔ resumed wall survives fractional reconciliation and invalid/stale preflight before a new input (50.184167ms)
✔ a new reservation waits for its actual resumed horizon and yields after sixteen boundaries (54.401583ms)
✔ resume remains armed after fixed A completes and another intent cannot steal its result (102.103625ms)
✔ elapsed receipt survives reopen and replays its first result after later clock commits (49.342416ms)
✔ old run elapsed refuses before receipt lookup after replacement without Host.random (31.635333ms)
✔ unknown elapsed COMMIT fences trusted and player delivery until the real receipt reconciles (4.068375ms)
✔ modal scene keeps Continue-only player controls while elapsed time commits (62.876958ms)
✔ malformed stored command JSON conflicts without state or receipt changes (48.135125ms)
✔ malformed stored response JSON conflicts without state or receipt changes (21.7955ms)
✔ healthy elapsed delivery preserves actual SQLite receipt-read failures (11.637584ms)
✔ a worn cap is still worn after reopen, in the state the headless kernel reaches (14.575459ms)
✔ seed 12: every fault leaves the prior or next revision and the run ends unchanged (3467.714083ms)
✔ seed 366: every fault leaves the prior or next revision and the run ends unchanged (896.766292ms)
✔ seed 30636: every fault leaves the prior or next revision and the run ends unchanged (850.365625ms)
✔ seed 300: every fault leaves the prior or next revision and the run ends unchanged (992.833333ms)
✔ seed 622: every fault leaves the prior or next revision and the run ends unchanged (699.587166ms)
✔ seed 9633: every fault leaves the prior or next revision and the run ends unchanged (916.132083ms)
✔ seed 2841: every fault leaves the prior or next revision and the run ends unchanged (713.363792ms)
✔ seed 454: every fault leaves the prior or next revision and the run ends unchanged (965.179208ms)
✔ seed 172: every fault leaves the prior or next revision and the run ends unchanged (926.813583ms)
✔ seed 49: every fault leaves the prior or next revision and the run ends unchanged (1012.39575ms)
✔ seed 211: every fault leaves the prior or next revision and the run ends unchanged (941.25525ms)
✔ seed 1595: every fault leaves the prior or next revision and the run ends unchanged (918.237458ms)
✔ seed 337982: every fault leaves the prior or next revision and the run ends unchanged (871.567375ms)
✔ seed 105497: every fault leaves the prior or next revision and the run ends unchanged (737.443292ms)
✔ seed 81: every fault leaves the prior or next revision and the run ends unchanged (992.934792ms)
✔ seed 130: every fault leaves the prior or next revision and the run ends unchanged (848.7965ms)
✔ seed 54: every fault leaves the prior or next revision and the run ends unchanged (867.919167ms)
✔ hand-checked anchors (17.6155ms)
✔ views, a reopen and a changed host clock leave the play_time clock and world as they were (64.972625ms)
✔ backward-anchor metadata accounts reconcile exact prior or next real SQLite evidence (7.724084ms)
✔ failed and lost-ack positive elapsed commits reconcile head receipt and checkpoint together (6.379333ms)
✔ real SQLITE_FULL rolls back elapsed evidence and retries its unchanged candidate (2.837083ms)
✔ a timer completes an unknown player receipt before sampling and emits it once (3.287083ms)
✔ process kill before and after elapsed COMMIT leaves entirely prior or next and reopens once (279.365ms)
✔ reopen recomputes possession text and retains earned text after the oar is dropped (18.374458ms)
✔ openStory.invoke refuses a failing chat on Bram by its key (39.825ms)
✔ lantern-carry plays as its frozen trace; its story point reaches the run's account once (207.246917ms)
✔ lantern-leave plays as its frozen trace; its story point reaches the run's account once (60.080125ms)
✔ an old run's view token is stale after a new game, at the same revision (9.957208ms)
✔ adverse early-possession (30.14175ms)
✔ adverse drop-after-choice-opened (26.61475ms)
✔ adverse walked-away-rejects-new-choice (41.910583ms)
✔ adverse walked-away-keeps-receipt (30.028583ms)
✔ adverse altered-choice (44.785667ms)
✔ adverse choice-rollback (70.190833ms)
✔ adverse choice-unknown-commit-absent (36.164375ms)
✔ adverse choice-unknown-commit-committed (31.681459ms)
✔ adverse commit-before-display (403.876084ms)
✔ adverse reading-has-no-effect (22.17975ms)
✔ adverse stale-choice-and-blocked-exit (20.568834ms)
✔ a choice committed with its acknowledgement lost recovers to its receipt, reported once (23.187458ms)
✔ the app path passes the random source: the pinned context is not the template (11.992125ms)
✔ two new games draw their own seed and world context, pinned and in the trace header (4.983791ms)
✔ a reopen rebuilds the ids from the pinned context: first open, Start over, app update (22.815792ms)
✔ luck replays: the drawn seed is the RNG, and a reopen picks as the same process did (27.00975ms)
✔ a save from before c1-host opens unchanged and plays on (15.6275ms)
✔ a pinned context that is not a WorldContextId is save_corrupt (4.116583ms)
✔ a tiny world survives a restart with the same state (11.235792ms)
✔ a retried consumed take replays its receipt; altered intent is a conflict (19.775875ms)
✔ a failed attempt and a rejection persist; their retries draw nothing (16.417416ms)
✔ a fault changes nothing and gets no receipt (5.223208ms)
✔ a lost COMMIT acknowledgement reconciles to the committed receipt (7.710666ms)
✔ a genuinely failed COMMIT reconciles to not committed; the retry is a fresh attempt (8.462292ms)
✔ while the COMMIT outcome is unknown every call is fenced; a restart settles it (11.727792ms)
✔ a process killed after COMMIT restarts with the take once and its trace entry once (772.833792ms)
✔ a definite failure is traced once; a failed trace write changes nothing (14.0375ms)
✔ while the trace is behind no later entry overtakes a missed one (9.822458ms)
✔ an unreadable trace never stops play or the save opening (8.049375ms)
✔ an updated kernel starts a new segment after recovering the old one (12.001333ms)
✔ a transaction a failed ROLLBACK leaves open is never read as saved nor blocks play (13.24575ms)
✔ a save does not open inside a transaction left open (5.526375ms)
✔ jobs survive a restart: waiting to 19:00 after it moves Bram as without it (32.601417ms)
✔ a recipe whose time cost runs a job replays its receipt on retry (9.811375ms)
✔ a move whose reactions commit replays its events byte for byte after a restart (11.953875ms)
✔ a recipe narration's pinned participants survive a restart and replay unchanged (3.964084ms)
✔ a talk committed, then a restart: the stored choice carries its revision and choose works (12.507333ms)
✔ committed combat line indices come from pinned keys and structured receipt events (3.959541ms)
✔ actual adopted rat adjustment commits, reopens pinned HP and replays without another write (92.5085ms)
✔ reopen rejects missing, malformed, or out-of-bounds NPC HP without rewriting progress (29.5865ms)
✔ SQLite FULL, failed COMMIT and lost acknowledgement preserve atomic NPC HP adoption (96.084166ms)
✔ a budget fault is one valid observation of its limit, with the ReplayIds of its decision (15.0475ms)
✔ a failing observation sink changes no reply, revision, storage or retry (13.445667ms)
✔ an older save gains the sink untouched, and the sink keeps the newest 1000 records (730.333708ms)
✔ each NEW decision, accepted, rejected or fault, is one kernel.decision_latency (16.355667ms)
✔ a clock changes no reply or durable state when a COMMIT is held, then committed (8.26825ms)
✔ a real committed elapsed then ordinary local trace replays identically with header run preflight (1607.654708ms)
✔ a seated player is still sitting after reopen, in the state the headless kernel reaches (30.450542ms)
✔ a leftover transaction is settled before the trace catches up (23.762917ms)
✔ a file that is not a database or has a corrupt page is save_corrupt (50.442ms)
✔ a head with a damaged column is save_corrupt; its new game recreates the head (7.641625ms)
✔ at the cap a new game deletes the oldest run whole and keeps the current one (130.833083ms)
✔ a run alone at the cap keeps its beginning and appends no more entries (120.727167ms)
✔ a new game at the cap makes room for its header by deleting the old run (84.346708ms)
✔ a run that drops an entry pair below the cap writes nothing more (132.359709ms)
✔ catch-up at the cap boundary writes a missed entry at 4,998 rows and not at 4,999 (344.177208ms)
✔ Rest/reopen/Stand keeps literal fractions and replays the Rest receipt without writes (106.414709ms)
✔ load refuses corrupt opted rows without rewriting stored progress (51.388708ms)
✔ reconciled adoption rejects wrong authored rate and keeps the prior confirmed view (8.783ms)
✔ bundled sampler pays MV1 and rests twice as fast while Bram still departs (48.481125ms)
✔ real SQLite write failures keep the pool and position together until the unchanged retry commits (16.548041ms)
✔ sampler invocation walk reaches all six rooms and resumes the carried ending at line two (130.419333ms)
✔ leaving the lantern resolves with the fallback journal and no carried chapter or scene (15.328458ms)
✔ a new save allocates and pins its identity; a restart and a replay reuse it (14.957375ms)
✔ a save whose pinned release is missing is refused untouched; a new game moves on (7.142125ms)
✔ a save of an unknown format is refused with nothing written and no new game (24.024375ms)
✔ a damaged identity is save_corrupt and untouched; its new game repairs it (310.9105ms)
✔ an app update reopens a save on its pinned release; new games pin the newest (9.27275ms)
✔ a save that does not parse is save_corrupt until the player starts a new game (72.995166ms)
✔ a new game replaces the save; an old invocation id is new again (14.148541ms)
✔ a new game that fails part way leaves the old save and memory (9.030625ms)
✔ a new game settles a pending attempt first, in the run it was made in (12.510458ms)
✔ a new game whose COMMIT is unknown is fenced; settling it moves play to the new run (27.563417ms)
✔ a new game whose COMMIT fails keeps the old save, memory and receipts (11.425833ms)
✔ a committed new game is adopted before play; a retry does not replace it twice (23.420709ms)
✔ a corrupt save's new game settles its COMMIT like any other (16.054125ms)
✔ a new run's entries missed by the trace follow its own header (8.060875ms)
✔ a new game after a settled one replaces the save again (12.506584ms)
✔ line two survives reopen and triggering receipt retry without duplicate effects (55.643916ms)
✔ a pending start over whose retry fails shows that error, not "not confirmed" (18.772541ms)
✔ catch-up conflicts preserve the original attempt and matching retries keep its identity (41.40975ms)
✔ invalid and cyclic shared input refuses before snapshot or elapsed sampling (22.770166ms)
✔ missing elapsed columns after unknown metadata or gameplay commit block and permit explicit recovery (25.538584ms)
✔ corrupt elapsed recovery binds valid, malformed, and absent original headers without erasing a replacement (87.236041ms)
✔ loaded elapsed recovery refuses newer and malformed same-run formats without writes (16.627ms)
✔ changed refused elapsed header classifies malformed before differing valid run and preserves newer formats (8.194334ms)
(node:68626) [MODULE_TYPELESS_PACKAGE_JSON] Warning: Module type of file://<worktree>/mobile/app/book/presenter.ts is not specified and it doesn't parse as CommonJS.
Reparsing as ES module because module syntax was detected. This incurs a performance overhead.
To eliminate this warning, add "type": "module" to <worktree>/mobile/app/package.json.
(Use `node --trace-warnings ...` to show where the warning was created)
✔ a scripted session survives a restart and plays on (59.48775ms)
✔ an invalid press before a save does not make the next id collide after a restart (23.935083ms)
✔ an unknown COMMIT shows pending, not a success; a restart shows what committed (28.578334ms)
✔ a pending press is retried with its own id and replays what committed (21.80675ms)
✔ a same-scope receipt from another allocator does not move the id counter (31.083375ms)
✔ a failed write is not claimed unsaved; the next press retries it (14.097917ms)
✔ a read error after a durable commit does not commit the press twice (20.979792ms)
✔ a confirmed receipt that is not a decision is a conflict and ends the attempt (16.429334ms)
✔ start over replaces a file that does not open with a fresh game (57.121959ms)
✔ start over of a damaged identity keeps the file and its old run (31.617583ms)
✔ a damaged receipt index fails the open with start over, which gives a fresh game (22.027416ms)
✔ a newer app's save is never started over (11.0205ms)
✔ a start over whose delete failed can be tried again (7.813209ms)
✔ an open that fails but not as corrupt is never started over (6.507584ms)
✔ a start over that fails during play keeps the game and its retry (14.475166ms)
✔ a pending start over leaves no game to play until it settles (18.710541ms)
✔ the gate tap script ends at its declared state, wherever the kills fall (106.902791ms)
﹣ the save copied from the phone equals the reference (0.052916ms) # SKIP
(node:68630) [MODULE_TYPELESS_PACKAGE_JSON] Warning: Module type of file://<worktree>/mobile/app/book/presenter.ts is not specified and it doesn't parse as CommonJS.
Reparsing as ES module because module syntax was detected. This incurs a performance overhead.
To eliminate this warning, add "type": "module" to <worktree>/mobile/app/package.json.
(Use `node --trace-warnings ...` to show where the warning was created)
✔ a corrupt report page: Start over gives a working save (119.162209ms)
✔ a corrupt sqlite_autoindex_report_1 page: Start over gives a working save (46.517625ms)
✔ a malformed report index record: Start over gives a working save (97.492584ms)
✔ an intact report table survives Start over in place (20.480375ms)
✔ the latest committed narration is read again on reopen, from the receipts (22.227083ms)
✔ an older save reopens with its narration and keeps its report on Start over (98.341375ms)
✔ a malformed receipt response: Start over keeps the pending report (20.828166ms)
✔ a narration read that fails on a lock offers no Start over (32.376542ms)
✔ a save with no body row: save_corrupt, Start over repairs it in place (32.988167ms)
✔ a save with a null choice: save_corrupt, Start over repairs it in place (24.085667ms)
✔ a save with an empty resource: save_corrupt, Start over repairs it in place (24.505375ms)
✔ a receipt narration line that is null: save_corrupt at open, Start over repairs it (37.437292ms)
✔ a receipt response that is not a decision replays as a conflict (15.921334ms)
✔ elapsed NOTADB and page corruption recover only through explicit working Start over (28.238375ms)
✔ unreadable elapsed opening refuses a newly readable replacement and waits on real SQLite uncertainty (17.711959ms)
✔ a story point reached offline is captured once, survives restart, and is delivered (35.315041ms)
✔ a run is bound once, when it starts; each of its reports carries that binding (41.694375ms)
✔ a story point whose report is malformed is not committed (7.700042ms)
✔ a pending report leaves the canonical state hash unchanged (24.987375ms)
✔ a report commits with its gameplay result or not at all (120.793959ms)
✔ a new game keeps a pending report, delivered under its original run (10.575417ms)
✔ a lost reply is retried and reads back the one acceptance (9.058375ms)
✔ an acceptance of another payload needs attention (12.109167ms)
✔ an acknowledgement that does not commit stops the batch; the next call resends it (23.2545ms)
✔ a report that always fails does not hold back the rest (18.930291ms)
✔ delivery is bounded, persists each disposition and drops nothing (40.780875ms)
(node:68633) [MODULE_TYPELESS_PACKAGE_JSON] Warning: Module type of file://<worktree>/mobile/app/book/c1.test.ts is not specified and it doesn't parse as CommonJS.
Reparsing as ES module because module syntax was detected. This incurs a performance overhead.
To eliminate this warning, add "type": "module" to <worktree>/mobile/app/package.json.
(Use `node --trace-warnings ...` to show where the warning was created)
✔ exit door actions keep their direction and remain separate from walking (2.094667ms)
✔ worn items and reachable nested contents offer actions on their own ids (0.289417ms)
✔ same-room actions retain projected item pages and remove pages hidden by a closed lid (0.220916ms)
✔ chapter changes queue one title which survives scene lines and acknowledgement (0.107917ms)
✔ band phrases and the hp accessibility label use the cartridge catalog (0.432209ms)
✔ scene Continue and position verbs have dedicated groups (0.10225ms)
(node:68635) [MODULE_TYPELESS_PACKAGE_JSON] Warning: Module type of file://<worktree>/mobile/app/book/combat.test.ts is not specified and it doesn't parse as CommonJS.
Reparsing as ES module because module syntax was detected. This incurs a performance overhead.
To eliminate this warning, add "type": "module" to <worktree>/mobile/app/package.json.
(Use `node --trace-warnings ...` to show where the warning was created)
✔ combat page lists offered controls vertically below history in one scroll (7.762209ms)
✔ committed opponent death narrates once through the existing subscription (0.994333ms)
✔ confirmed encounter foregrounds another page and closure or death restores the World (18.331291ms)
✔ Attack opens its committed page; pending and refused Flee stay until committed escape (5.073ms)
✔ reopening an encounter restores the combat page and last committed narration (1.090083ms)
✔ reopening after escape or either death never restores combat into the World log (8.614708ms)
✔ combat receipt history is once-only when completion follows an already displayed state (1.939792ms)
(node:68636) [MODULE_TYPELESS_PACKAGE_JSON] Warning: Module type of file://<worktree>/mobile/app/book/joystick.test.ts is not specified and it doesn't parse as CommonJS.
Reparsing as ES module because module syntax was detected. This incurs a performance overhead.
To eliminate this warning, add "type": "module" to <worktree>/mobile/app/package.json.
(Use `node --trace-warnings ...` to show where the warning was created)
✔ a drag points at the exit in its 90-degree quadrant, only if that exit exists (0.783083ms)
✔ a drag inside the cancel radius points at nothing (0.121917ms)
✔ the label sits opposite the drag, and above for a kept note (0.463333ms)
✔ stair nodes are reached by dragging out to them, only when the exit exists (0.075833ms)
✔ a drag begun before a redraw walks on its own screen: stale_view, no commit (104.537792ms)
✔ refused drags do not grow the log without bound (387.874958ms)
(node:68638) [MODULE_TYPELESS_PACKAGE_JSON] Warning: Module type of file://<worktree>/mobile/app/book/model.test.ts is not specified and it doesn't parse as CommonJS.
Reparsing as ES module because module syntax was detected. This incurs a performance overhead.
To eliminate this warning, add "type": "module" to <worktree>/mobile/app/package.json.
(Use `node --trace-warnings ...` to show where the warning was created)
✔ exits, the look title, place actions and a thing page come from the right buttons (0.997583ms)
✔ position cycling skips absent offers and retains the offered freshness (0.102625ms)
✔ a touch link is shown as its label (0.116ms)
✔ a choice's answers and Close are their own group, not place actions (0.093792ms)
✔ the character label says the hp band and no other (0.12025ms)
✔ the absent-speaker line shows only when the speaker is not here (0.098542ms)
✔ a restored choice opens its actual speaker detail or retained conversation (0.124584ms)
✔ the ending line shows once every quest is over (0.095584ms)
✔ a closed exit's log line and a capitalised title (0.114583ms)
✔ a move refused at 0 MV says the body is too exhausted (0.098292ms)
✔ a hint survives a store that throws, for this session (0.111625ms)
✔ the status line shows the double hour as its earthly branch (0.149959ms)
(node:68640) [MODULE_TYPELESS_PACKAGE_JSON] Warning: Module type of file://<worktree>/mobile/app/book/polish.test.ts is not specified and it doesn't parse as CommonJS.
Reparsing as ES module because module syntax was detected. This incurs a performance overhead.
To eliminate this warning, add "type": "module" to <worktree>/mobile/app/package.json.
(Use `node --trace-warnings ...` to show where the warning was created)
✔ room is focused while Map retains directions and every detail returns to the world (92.949ms)
✔ a postcommit narration read fault preserves the saved result and clears retry context (51.227209ms)
✔ NPC history has distinct journal events and one confirmed Leave after the scrolling log (112.732458ms)
✔ only World position taps directly cycle the offered states with captured freshness (32.60675ms)
✔ an NPC choice retried from the world keeps its result in the original detail (20.739917ms)
✔ only confirmed pickup returns World, including a retry from another page (22.633709ms)
✔ touch omits incomplete Give but the complete item and recipient command remains valid (14.886042ms)
✔ inventory Drop returns World with one named event only after confirmation (19.715667ms)
✔ other item actions retain their detail and World consequences (7.783167ms)
✔ elapsed confirmed boundaries retain Conversation and chapter acknowledgment without page flips (17.241291ms)
✔ delayed Take returns once with its original item name after a conflicting tap (23.819167ms)
✔ delayed actual quest completion adds one authored result and Journal updated in original history (20.413792ms)
✔ actual trunk detail explains refused Take and restores its button after Remove then Drop (36.03525ms)
(node:68664) [MODULE_TYPELESS_PACKAGE_JSON] Warning: Module type of file://<worktree>/mobile/app/book/presenter.test.ts is not specified and it doesn't parse as CommonJS.
Reparsing as ES module because module syntax was detected. This incurs a performance overhead.
To eliminate this warning, add "type": "module" to <worktree>/mobile/app/package.json.
(Use `node --trace-warnings ...` to show where the warning was created)
✔ pending and refused Take/Drop/Leave retain detail routing and unchanged custody (4.8285ms)
✔ journal cues belong only to changed NPC histories (0.749958ms)
✔ recovery removes the current heading but retains an unclassified consequence (0.301917ms)
✔ confirmed room change clears old history before adding new authored consequences (0.683916ms)
✔ World omits the routine Close fallback while retaining authored consequences (0.42425ms)
✔ a restored committed narration is not duplicated by its pending receipt retry (0.875625ms)
✔ a move rejected for want of MV says the body is too exhausted (0.146667ms)
✔ the log stops growing in one room, its last line the latest answer (12.913459ms)
✔ the save-error line says a pending start over in words and shows any other message (0.161709ms)
✔ a narration recovery fault holds combat results while their line routing is unavailable (0.404417ms)
(node:68666) [MODULE_TYPELESS_PACKAGE_JSON] Warning: Module type of file://<worktree>/mobile/app/book/touch.test.ts is not specified and it doesn't parse as CommonJS.
Reparsing as ES module because module syntax was detected. This incurs a performance overhead.
To eliminate this warning, add "type": "module" to <worktree>/mobile/app/package.json.
(Use `node --trace-warnings ...` to show where the warning was created)
✔ talk by day offers one button per choice and Close; carry narrates (62.252417ms)
✔ a second press from the same screen is a stale view and changes nothing (22.7605ms)
✔ a reopen shows the last committed narration first; a fresh game none (52.418792ms)
✔ walked away: the choices say why, Close leaves the quest open, the landing resolves it (40.532334ms)
✔ the log has story words, never a kernel code, across both endings (82.713584ms)
✔ an NPC who leaves while you stay is logged, and nothing else (67.04025ms)
✔ closed answers and a stale answer give their reason in words, not their code (47.316875ms)
✔ the Lantern gate unlocks and opens through its projected exit buttons (38.852375ms)
(node:68670) [MODULE_TYPELESS_PACKAGE_JSON] Warning: Module type of file://<worktree>/mobile/app/metro.test.ts is not specified and it doesn't parse as CommonJS.
Reparsing as ES module because module syntax was detected. This incurs a performance overhead.
To eliminate this warning, add "type": "module" to <worktree>/mobile/app/package.json.
(Use `node --trace-warnings ...` to show where the warning was created)
✔ git failing drops an inherited stamp (979.577ms)
(node:68671) [MODULE_TYPELESS_PACKAGE_JSON] Warning: Module type of file://<worktree>/mobile/app/sampler.test.ts is not specified and it doesn't parse as CommonJS.
Reparsing as ES module because module syntax was detected. This incurs a performance overhead.
To eliminate this warning, add "type": "module" to <worktree>/mobile/app/package.json.
(Use `node --trace-warnings ...` to show where the warning was created)
✔ the app opens and replaces only its sampler save, preserving an existing Lantern save (199.469125ms)
✔ actual App pause and resume preserve 9ms plus 11ms as exactly one logical unit (51.807625ms)
✔ actual App stops unknown storage wakeups and resumes after confirmed user recovery (30.938125ms)
✔ old App wakeups cannot mutate the same remounted Game or a replacement save (23.421458ms)
ℹ tests 273
ℹ suites 0
ℹ pass 272
ℹ fail 0
ℹ cancelled 0
ℹ skipped 1
ℹ todo 0
ℹ duration_ms 19045.3915
