✔ exit door actions keep their direction and remain separate from walking (1.823084ms)
✔ worn items and reachable nested contents offer actions on their own ids (0.28725ms)
✔ same-room actions retain projected item pages and remove pages hidden by a closed lid (0.197292ms)
✔ chapter changes queue one title which survives scene lines and acknowledgement (0.161ms)
✔ band phrases and the hp accessibility label use the cartridge catalog (0.243333ms)
✔ scene Continue and position verbs have dedicated groups (0.089792ms)
✔ exits, the look title, place actions and a thing page come from the right buttons (0.979583ms)
✔ position cycling skips absent offers and retains the offered freshness (0.110167ms)
✔ a touch link is shown as its label (0.1215ms)
✔ a choice's answers and Close are their own group, not place actions (0.124875ms)
✔ the character label says the hp band and no other (0.129625ms)
✔ the absent-speaker line shows only when the speaker is not here (0.109292ms)
✔ a restored choice opens its actual speaker detail or retained conversation (0.130042ms)
✔ the ending line shows once every quest is over (0.092625ms)
✔ a closed exit's log line and a capitalised title (0.117375ms)
✔ a move refused at 0 MV says the body is too exhausted (6.458208ms)
✔ a hint survives a store that throws, for this session (0.543708ms)
✔ the status line shows the double hour as its earthly branch (0.459208ms)
✔ pending and refused Take/Drop/Leave retain detail routing and unchanged custody (5.262042ms)
✔ journal cues belong only to changed NPC histories (1.130792ms)
✔ recovery removes the current heading but retains an unclassified consequence (0.171291ms)
✔ confirmed room change clears old history before adding new authored consequences (0.226667ms)
✔ World omits the routine Close fallback while retaining authored consequences (0.155667ms)
✔ a restored committed narration is not duplicated by its pending receipt retry (0.1495ms)
✔ a move rejected for want of MV says the body is too exhausted (0.085083ms)
✔ the log stops growing in one room, its last line the latest answer (1.400209ms)
✔ the save-error line says a pending start over in words and shows any other message (0.106875ms)
✔ a corrupt report page: Start over gives a working save (46.017458ms)
✔ a corrupt sqlite_autoindex_report_1 page: Start over gives a working save (24.690542ms)
✔ a malformed report index record: Start over gives a working save (23.170834ms)
✔ an intact report table survives Start over in place (15.474792ms)
✔ the latest committed narration is read again on reopen, from the receipts (14.287625ms)
✔ an older save reopens with its narration and keeps its report on Start over (18.337375ms)
✔ a malformed receipt response: Start over keeps the pending report (14.945125ms)
✔ a narration read that fails on a lock offers no Start over (11.764042ms)
✔ a save with no body row: save_corrupt, Start over repairs it in place (12.7605ms)
✔ a save with a null choice: save_corrupt, Start over repairs it in place (12.836083ms)
✔ a save with an empty resource: save_corrupt, Start over repairs it in place (13.035791ms)
✔ a receipt narration line that is null: save_corrupt at open, Start over repairs it (15.828959ms)
✔ a receipt response that is not a decision replays as a conflict (6.111917ms)
✔ elapsed NOTADB and page corruption recover only through explicit working Start over (19.192292ms)
✔ unreadable elapsed opening refuses a newly readable replacement and waits on real SQLite uncertainty (9.890625ms)
ℹ tests 42
ℹ suites 0
ℹ pass 42
ℹ fail 0
ℹ cancelled 0
ℹ skipped 0
ℹ todo 0
ℹ duration_ms 447.051083
✖ combat page lists offered controls vertically below history in one scroll (4.179ms)
✔ committed opponent death narrates once through the existing subscription (0.328417ms)
✔ confirmed encounter foregrounds another page and closure or death restores the World (6.517833ms)
✔ Attack opens its committed page; pending and refused Flee stay until committed escape (3.093041ms)
✖ reopening an encounter restores the combat page and last committed narration (0.554916ms)
✖ reopening after escape or either death never restores combat into the World log (0.438167ms)
✔ combat receipt history is once-only when completion follows an already displayed state (0.1935ms)
✔ committed combat line indices come from pinned keys and structured receipt events (4.248208ms)
ℹ tests 8
ℹ suites 0
ℹ pass 5
ℹ fail 3
ℹ cancelled 0
ℹ skipped 0
ℹ todo 0
ℹ duration_ms 286.930541

✖ failing tests:

test at ../../../../private<mutation-tree>/mobile/app/book/combat.test.ts:111:1
✖ combat page lists offered controls vertically below history in one scroll (4.179ms)
  AssertionError [ERR_ASSERTION]: The expression evaluated to a falsy value:
  
    assert.ok(narrative >= 0)
  
      at TestContext.<anonymous> (file:///private<mutation-tree>/mobile/app/book/combat.test.ts:147:12)
      at Test.runInAsyncScope (node:async_hooks:227:14)
      at Test.run (node:internal/test_runner/test:1402:25)
      at Test.start (node:internal/test_runner/test:1262:17)
      at startSubtestAfterBootstrap (node:internal/test_runner/harness:387:17) {
    generatedMessage: true,
    code: 'ERR_ASSERTION',
    actual: false,
    expected: true,
    operator: '==',
    diff: 'simple'
  }

test at ../../../../private<mutation-tree>/mobile/app/book/combat.test.ts:412:1
✖ reopening an encounter restores the combat page and last committed narration (0.554916ms)
  AssertionError [ERR_ASSERTION]: Expected values to be strictly equal:
  
  0 !== 1
  
      at TestContext.<anonymous> (file:///private<mutation-tree>/mobile/app/book/combat.test.ts:420:12)
      at Test.runInAsyncScope (node:async_hooks:227:14)
      at Test.run (node:internal/test_runner/test:1402:25)
      at Test.processPendingSubtests (node:internal/test_runner/test:974:18)
      at Test.postRun (node:internal/test_runner/test:1542:19)
      at Test.run (node:internal/test_runner/test:1467:12)
      at async Test.processPendingSubtests (node:internal/test_runner/test:974:7) {
    generatedMessage: true,
    code: 'ERR_ASSERTION',
    actual: 0,
    expected: 1,
    operator: 'strictEqual',
    diff: 'simple'
  }

test at ../../../../private<mutation-tree>/mobile/app/book/combat.test.ts:427:1
✖ reopening after escape or either death never restores combat into the World log (0.438167ms)
  AssertionError [ERR_ASSERTION]: Expected values to be strictly equal:
  
  true !== false
  
      at TestContext.<anonymous> (file:///private<mutation-tree>/mobile/app/book/combat.test.ts:436:14)
      at Test.runInAsyncScope (node:async_hooks:227:14)
      at Test.run (node:internal/test_runner/test:1402:25)
      at Test.processPendingSubtests (node:internal/test_runner/test:974:18)
      at Test.postRun (node:internal/test_runner/test:1542:19)
      at Test.run (node:internal/test_runner/test:1467:12)
      at async Test.processPendingSubtests (node:internal/test_runner/test:974:7) {
    generatedMessage: true,
    code: 'ERR_ASSERTION',
    actual: true,
    expected: false,
    operator: 'strictEqual',
    diff: 'simple'
  }
