✔ exit door actions keep their direction and remain separate from walking (1.292459ms)
✔ worn items and reachable nested contents offer actions on their own ids (0.959208ms)
✔ same-room actions retain projected item pages and remove pages hidden by a closed lid (0.198875ms)
✔ chapter changes queue one title which survives scene lines and acknowledgement (0.108125ms)
✔ band phrases and the hp accessibility label use the cartridge catalog (0.138875ms)
✔ scene Continue and position verbs have dedicated groups (0.088334ms)
✔ exits, the look title, place actions and a thing page come from the right buttons (1.057417ms)
✔ position cycling skips absent offers and retains the offered freshness (0.11625ms)
✔ a touch link is shown as its label (0.121333ms)
✔ a choice's answers and Close are their own group, not place actions (0.108167ms)
✔ the character label says the hp band and no other (0.801875ms)
✔ the absent-speaker line shows only when the speaker is not here (0.12075ms)
✔ a restored choice opens its actual speaker detail or retained conversation (0.13575ms)
✔ the ending line shows once every quest is over (0.094042ms)
✔ a closed exit's log line and a capitalised title (0.12025ms)
✔ a move refused at 0 MV says the body is too exhausted (0.110917ms)
✔ a hint survives a store that throws, for this session (0.118291ms)
✔ the status line shows the double hour as its earthly branch (0.165791ms)
✔ pending and refused Take/Drop/Leave retain detail routing and unchanged custody (2.168959ms)
✔ journal cues belong only to changed NPC histories (0.275417ms)
✔ recovery removes the current heading but retains an unclassified consequence (0.127333ms)
✔ confirmed room change clears old history before adding new authored consequences (0.198083ms)
✔ World omits the routine Close fallback while retaining authored consequences (0.129875ms)
✔ a restored committed narration is not duplicated by its pending receipt retry (0.135959ms)
✔ a move rejected for want of MV says the body is too exhausted (0.075834ms)
✔ the log stops growing in one room, its last line the latest answer (1.109417ms)
✔ the save-error line says a pending start over in words and shows any other message (0.095041ms)
✔ a corrupt report page: Start over gives a working save (49.454875ms)
✔ a corrupt sqlite_autoindex_report_1 page: Start over gives a working save (121.95575ms)
✔ a malformed report index record: Start over gives a working save (30.735458ms)
✔ an intact report table survives Start over in place (14.278ms)
✔ the latest committed narration is read again on reopen, from the receipts (14.675ms)
✔ an older save reopens with its narration and keeps its report on Start over (20.081541ms)
✔ a malformed receipt response: Start over keeps the pending report (16.229792ms)
✔ a narration read that fails on a lock offers no Start over (12.077125ms)
✔ a save with no body row: save_corrupt, Start over repairs it in place (13.253084ms)
✔ a save with a null choice: save_corrupt, Start over repairs it in place (13.227583ms)
✔ a save with an empty resource: save_corrupt, Start over repairs it in place (13.170958ms)
✔ a receipt narration line that is null: save_corrupt at open, Start over repairs it (15.749708ms)
✔ a receipt response that is not a decision replays as a conflict (6.146625ms)
✔ elapsed NOTADB and page corruption recover only through explicit working Start over (18.944125ms)
✔ unreadable elapsed opening refuses a newly readable replacement and waits on real SQLite uncertainty (9.316292ms)
ℹ tests 42
ℹ suites 0
ℹ pass 42
ℹ fail 0
ℹ cancelled 0
ℹ skipped 0
ℹ todo 0
ℹ duration_ms 527.06375
✔ combat page lists offered controls vertically below history in one scroll (3.075875ms)
✔ committed opponent death narrates once through the existing subscription (0.258375ms)
✔ confirmed encounter foregrounds another page and closure or death restores the World (7.108792ms)
✖ Attack opens its committed page; pending and refused Flee stay until committed escape (1.701917ms)
✔ reopening an encounter restores the combat page and last committed narration (0.439042ms)
✔ reopening after escape or either death never restores combat into the World log (2.705542ms)
✔ combat receipt history is once-only when completion follows an already displayed state (0.288542ms)
✔ committed combat line indices come from pinned keys and structured receipt events (3.869291ms)
ℹ tests 8
ℹ suites 0
ℹ pass 7
ℹ fail 1
ℹ cancelled 0
ℹ skipped 0
ℹ todo 0
ℹ duration_ms 294.624208

✖ failing tests:

test at ../../../../private<mutation-tree>/mobile/app/book/combat.test.ts:363:1
✖ Attack opens its committed page; pending and refused Flee stay until committed escape (1.701917ms)
  AssertionError [ERR_ASSERTION]: Expected values to be strictly equal:
  
  0 !== 1
  
      at TestContext.<anonymous> (file:///private<mutation-tree>/mobile/app/book/combat.test.ts:386:12)
      at Test.runInAsyncScope (node:async_hooks:227:14)
      at Test.run (node:internal/test_runner/test:1402:25)
      at Test.processPendingSubtests (node:internal/test_runner/test:974:18)
      at Test.postRun (node:internal/test_runner/test:1542:19)
      at Test.run (node:internal/test_runner/test:1467:12)
      at async Test.processPendingSubtests (node:internal/test_runner/test:974:7) {
    generatedMessage: true,
    code: 'ERR_ASSERTION',
    actual: 0,
    expected: 1,
    operator: 'strictEqual',
    diff: 'simple'
  }
