✔ exit door actions keep their direction and remain separate from walking (1.315ms)
✔ worn items and reachable nested contents offer actions on their own ids (1.395542ms)
✔ same-room actions retain projected item pages and remove pages hidden by a closed lid (0.243333ms)
✔ chapter changes queue one title which survives scene lines and acknowledgement (0.113084ms)
✔ band phrases and the hp accessibility label use the cartridge catalog (0.14975ms)
✔ scene Continue and position verbs have dedicated groups (0.090875ms)
✔ exits, the look title, place actions and a thing page come from the right buttons (1.037209ms)
✔ position cycling skips absent offers and retains the offered freshness (0.108042ms)
✔ a touch link is shown as its label (0.111667ms)
✔ a choice's answers and Close are their own group, not place actions (0.791666ms)
✔ the character label says the hp band and no other (0.131667ms)
✔ the absent-speaker line shows only when the speaker is not here (0.188167ms)
✔ a restored choice opens its actual speaker detail or retained conversation (0.153959ms)
✔ the ending line shows once every quest is over (0.104833ms)
✔ a closed exit's log line and a capitalised title (0.125542ms)
✔ a move refused at 0 MV says the body is too exhausted (0.112375ms)
✔ a hint survives a store that throws, for this session (0.113625ms)
✔ the status line shows the double hour as its earthly branch (0.154458ms)
✔ pending and refused Take/Drop/Leave retain detail routing and unchanged custody (2.473125ms)
✔ journal cues belong only to changed NPC histories (0.285042ms)
✔ recovery removes the current heading but retains an unclassified consequence (0.128125ms)
✔ confirmed room change clears old history before adding new authored consequences (0.376833ms)
✔ World omits the routine Close fallback while retaining authored consequences (0.405417ms)
✔ a restored committed narration is not duplicated by its pending receipt retry (0.480542ms)
✔ a move rejected for want of MV says the body is too exhausted (0.234ms)
✔ the log stops growing in one room, its last line the latest answer (2.795708ms)
✔ the save-error line says a pending start over in words and shows any other message (0.684ms)
✔ a corrupt report page: Start over gives a working save (45.5115ms)
✔ a corrupt sqlite_autoindex_report_1 page: Start over gives a working save (23.585833ms)
✔ a malformed report index record: Start over gives a working save (22.955541ms)
✔ an intact report table survives Start over in place (13.766625ms)
✔ the latest committed narration is read again on reopen, from the receipts (16.241375ms)
✔ an older save reopens with its narration and keeps its report on Start over (19.39875ms)
✔ a malformed receipt response: Start over keeps the pending report (16.158709ms)
✔ a narration read that fails on a lock offers no Start over (11.801833ms)
✔ a save with no body row: save_corrupt, Start over repairs it in place (12.828334ms)
✔ a save with a null choice: save_corrupt, Start over repairs it in place (13.333208ms)
✔ a save with an empty resource: save_corrupt, Start over repairs it in place (13.200708ms)
✔ a receipt narration line that is null: save_corrupt at open, Start over repairs it (15.211375ms)
✔ a receipt response that is not a decision replays as a conflict (5.898334ms)
✔ elapsed NOTADB and page corruption recover only through explicit working Start over (18.392584ms)
✔ unreadable elapsed opening refuses a newly readable replacement and waits on real SQLite uncertainty (11.10725ms)
ℹ tests 42
ℹ suites 0
ℹ pass 42
ℹ fail 0
ℹ cancelled 0
ℹ skipped 0
ℹ todo 0
ℹ duration_ms 428.290834
✖ combat page lists offered controls vertically below history in one scroll (4.131292ms)
✖ committed opponent death narrates once through the existing subscription (0.576583ms)
✖ confirmed encounter foregrounds another page and closure or death restores the World (2.065709ms)
✖ Attack opens its committed page; pending and refused Flee stay until committed escape (1.386ms)
✖ reopening an encounter restores the combat page and last committed narration (0.4425ms)
✖ reopening after escape or either death never restores combat into the World log (0.434708ms)
✖ combat receipt history is once-only when completion follows an already displayed state (0.246709ms)
✔ committed combat line indices come from pinned keys and structured receipt events (3.383583ms)
ℹ tests 8
ℹ suites 0
ℹ pass 1
ℹ fail 7
ℹ cancelled 0
ℹ skipped 0
ℹ todo 0
ℹ duration_ms 287.746209

✖ failing tests:

test at ../../../../private<mutation-tree>/mobile/app/book/combat.test.ts:111:1
✖ combat page lists offered controls vertically below history in one scroll (4.131292ms)
  AssertionError [ERR_ASSERTION]: The expression evaluated to a falsy value:
  
    assert.ok(narrative >= 0)
  
      at TestContext.<anonymous> (file:///private<mutation-tree>/mobile/app/book/combat.test.ts:147:12)
      at Test.runInAsyncScope (node:async_hooks:227:14)
      at Test.run (node:internal/test_runner/test:1402:25)
      at Test.start (node:internal/test_runner/test:1262:17)
      at startSubtestAfterBootstrap (node:internal/test_runner/harness:387:17) {
    generatedMessage: true,
    code: 'ERR_ASSERTION',
    actual: false,
    expected: true,
    operator: '==',
    diff: 'simple'
  }

test at ../../../../private<mutation-tree>/mobile/app/book/combat.test.ts:176:1
✖ committed opponent death narrates once through the existing subscription (0.576583ms)
  AssertionError [ERR_ASSERTION]: Expected values to be strictly deep-equal:
  + actual - expected
  
  + []
  - [
  -   'The marsh rat falls.'
  - ]
  
      at TestContext.<anonymous> (file:///private<mutation-tree>/mobile/app/book/combat.test.ts:205:10)
      at Test.runInAsyncScope (node:async_hooks:227:14)
      at Test.run (node:internal/test_runner/test:1402:25)
      at Test.processPendingSubtests (node:internal/test_runner/test:974:18)
      at Test.postRun (node:internal/test_runner/test:1542:19)
      at Test.run (node:internal/test_runner/test:1467:12)
      at async startSubtestAfterBootstrap (node:internal/test_runner/harness:387:3) {
    generatedMessage: true,
    code: 'ERR_ASSERTION',
    actual: [],
    expected: [ 'The marsh rat falls.' ],
    operator: 'deepStrictEqual',
    diff: 'simple'
  }

test at ../../../../private<mutation-tree>/mobile/app/book/combat.test.ts:317:1
✖ confirmed encounter foregrounds another page and closure or death restores the World (2.065709ms)
  AssertionError [ERR_ASSERTION]: The expression evaluated to a falsy value:
  
    assert.ok(h.texts().includes('You strike the marsh rat.'))
  
      at TestContext.<anonymous> (file:///private<mutation-tree>/mobile/app/book/combat.test.ts:326:14)
      at Test.runInAsyncScope (node:async_hooks:227:14)
      at Test.run (node:internal/test_runner/test:1402:25)
      at Test.processPendingSubtests (node:internal/test_runner/test:974:18)
      at Test.postRun (node:internal/test_runner/test:1542:19)
      at Test.run (node:internal/test_runner/test:1467:12)
      at async Test.processPendingSubtests (node:internal/test_runner/test:974:7) {
    generatedMessage: true,
    code: 'ERR_ASSERTION',
    actual: false,
    expected: true,
    operator: '==',
    diff: 'simple'
  }

test at ../../../../private<mutation-tree>/mobile/app/book/combat.test.ts:363:1
✖ Attack opens its committed page; pending and refused Flee stay until committed escape (1.386ms)
  AssertionError [ERR_ASSERTION]: Expected values to be strictly equal:
  
  0 !== 1
  
      at TestContext.<anonymous> (file:///private<mutation-tree>/mobile/app/book/combat.test.ts:386:12)
      at Test.runInAsyncScope (node:async_hooks:227:14)
      at Test.run (node:internal/test_runner/test:1402:25)
      at Test.processPendingSubtests (node:internal/test_runner/test:974:18)
      at Test.postRun (node:internal/test_runner/test:1542:19)
      at Test.run (node:internal/test_runner/test:1467:12)
      at async Test.processPendingSubtests (node:internal/test_runner/test:974:7) {
    generatedMessage: true,
    code: 'ERR_ASSERTION',
    actual: 0,
    expected: 1,
    operator: 'strictEqual',
    diff: 'simple'
  }

test at ../../../../private<mutation-tree>/mobile/app/book/combat.test.ts:412:1
✖ reopening an encounter restores the combat page and last committed narration (0.4425ms)
  AssertionError [ERR_ASSERTION]: Expected values to be strictly equal:
  
  0 !== 1
  
      at TestContext.<anonymous> (file:///private<mutation-tree>/mobile/app/book/combat.test.ts:420:12)
      at Test.runInAsyncScope (node:async_hooks:227:14)
      at Test.run (node:internal/test_runner/test:1402:25)
      at Test.processPendingSubtests (node:internal/test_runner/test:974:18)
      at Test.postRun (node:internal/test_runner/test:1542:19)
      at Test.run (node:internal/test_runner/test:1467:12)
      at async Test.processPendingSubtests (node:internal/test_runner/test:974:7) {
    generatedMessage: true,
    code: 'ERR_ASSERTION',
    actual: 0,
    expected: 1,
    operator: 'strictEqual',
    diff: 'simple'
  }

test at ../../../../private<mutation-tree>/mobile/app/book/combat.test.ts:427:1
✖ reopening after escape or either death never restores combat into the World log (0.434708ms)
  AssertionError [ERR_ASSERTION]: Expected values to be strictly equal:
  
  true !== false
  
      at TestContext.<anonymous> (file:///private<mutation-tree>/mobile/app/book/combat.test.ts:436:14)
      at Test.runInAsyncScope (node:async_hooks:227:14)
      at Test.run (node:internal/test_runner/test:1402:25)
      at Test.processPendingSubtests (node:internal/test_runner/test:974:18)
      at Test.postRun (node:internal/test_runner/test:1542:19)
      at Test.run (node:internal/test_runner/test:1467:12)
      at async Test.processPendingSubtests (node:internal/test_runner/test:974:7) {
    generatedMessage: true,
    code: 'ERR_ASSERTION',
    actual: true,
    expected: false,
    operator: 'strictEqual',
    diff: 'simple'
  }

test at ../../../../private<mutation-tree>/mobile/app/book/combat.test.ts:456:1
✖ combat receipt history is once-only when completion follows an already displayed state (0.246709ms)
  AssertionError [ERR_ASSERTION]: Expected values to be strictly deep-equal:
  + actual - expected
  
  + []
  - [
  -   'The marsh rat falls.',
  -   'The marsh rat falls.'
  - ]
  
      at TestContext.<anonymous> (file:///private<mutation-tree>/mobile/app/book/combat.test.ts:491:10)
      at Test.runInAsyncScope (node:async_hooks:227:14)
      at Test.run (node:internal/test_runner/test:1402:25)
      at Test.processPendingSubtests (node:internal/test_runner/test:974:18)
      at Test.postRun (node:internal/test_runner/test:1542:19)
      at Test.run (node:internal/test_runner/test:1467:12)
      at async Test.processPendingSubtests (node:internal/test_runner/test:974:7) {
    generatedMessage: true,
    code: 'ERR_ASSERTION',
    actual: [],
    expected: [ 'The marsh rat falls.', 'The marsh rat falls.' ],
    operator: 'deepStrictEqual',
    diff: 'simple'
  }
