(node:52909) [MODULE_TYPELESS_PACKAGE_JSON] Warning: Module type of file://<worktree>/mobile/app/book/c1.test.ts is not specified and it doesn't parse as CommonJS.
Reparsing as ES module because module syntax was detected. This incurs a performance overhead.
To eliminate this warning, add "type": "module" to <worktree>/mobile/app/package.json.
(Use `node --trace-warnings ...` to show where the warning was created)
✔ exit door actions keep their direction and remain separate from walking (1.259333ms)
✔ worn items and reachable nested contents offer actions on their own ids (0.245792ms)
✔ same-room actions retain projected item pages and remove pages hidden by a closed lid (0.185375ms)
✔ chapter changes queue one title which survives scene lines and acknowledgement (0.105292ms)
✔ band phrases and the hp accessibility label use the cartridge catalog (0.12725ms)
✔ scene Continue and position verbs have dedicated groups (0.081959ms)
(node:52910) [MODULE_TYPELESS_PACKAGE_JSON] Warning: Module type of file://<worktree>/mobile/app/book/combat.test.ts is not specified and it doesn't parse as CommonJS.
Reparsing as ES module because module syntax was detected. This incurs a performance overhead.
To eliminate this warning, add "type": "module" to <worktree>/mobile/app/package.json.
(Use `node --trace-warnings ...` to show where the warning was created)
✔ combat page lists offered controls vertically below history in one scroll (5.363291ms)
✔ committed opponent death narrates once through the existing subscription (0.263958ms)
✔ confirmed encounter foregrounds another page and closure or death restores the World (6.73725ms)
✔ Attack opens its committed page; pending and refused Flee stay until committed escape (3.353667ms)
✔ reopening an encounter restores the combat page and last committed narration (0.425167ms)
✔ reopening after escape or either death never restores combat into the World log (1.290208ms)
✔ combat receipt history is once-only when completion follows an already displayed state (0.215583ms)
(node:52911) [MODULE_TYPELESS_PACKAGE_JSON] Warning: Module type of file://<worktree>/mobile/app/book/model.test.ts is not specified and it doesn't parse as CommonJS.
Reparsing as ES module because module syntax was detected. This incurs a performance overhead.
To eliminate this warning, add "type": "module" to <worktree>/mobile/app/package.json.
(Use `node --trace-warnings ...` to show where the warning was created)
✔ exits, the look title, place actions and a thing page come from the right buttons (1.014292ms)
✔ position cycling skips absent offers and retains the offered freshness (0.109292ms)
✔ a touch link is shown as its label (0.110666ms)
✔ a choice's answers and Close are their own group, not place actions (0.098083ms)
✔ the character label says the hp band and no other (0.127208ms)
✔ the absent-speaker line shows only when the speaker is not here (0.111958ms)
✔ a restored choice opens its actual speaker detail or retained conversation (0.136208ms)
✔ the ending line shows once every quest is over (0.110417ms)
✔ a closed exit's log line and a capitalised title (0.111792ms)
✔ a move refused at 0 MV says the body is too exhausted (0.121ms)
✔ a hint survives a store that throws, for this session (0.115958ms)
✔ the status line shows the double hour as its earthly branch (0.147833ms)
(node:52912) [MODULE_TYPELESS_PACKAGE_JSON] Warning: Module type of file://<worktree>/mobile/app/book/presenter.test.ts is not specified and it doesn't parse as CommonJS.
Reparsing as ES module because module syntax was detected. This incurs a performance overhead.
To eliminate this warning, add "type": "module" to <worktree>/mobile/app/package.json.
(Use `node --trace-warnings ...` to show where the warning was created)
✔ pending and refused Take/Drop/Leave retain detail routing and unchanged custody (17.83625ms)
✔ journal cues belong only to changed NPC histories (0.77575ms)
✔ recovery removes the current heading but retains an unclassified consequence (0.66625ms)
✔ confirmed room change clears old history before adding new authored consequences (1.240584ms)
✔ World omits the routine Close fallback while retaining authored consequences (0.159667ms)
✔ a restored committed narration is not duplicated by its pending receipt retry (0.150292ms)
✔ a move rejected for want of MV says the body is too exhausted (0.085959ms)
✔ the log stops growing in one room, its last line the latest answer (7.312959ms)
✔ the save-error line says a pending start over in words and shows any other message (0.157708ms)
✔ committed combat line indices come from pinned keys and structured receipt events (3.729083ms)
(node:52914) [MODULE_TYPELESS_PACKAGE_JSON] Warning: Module type of file://<worktree>/mobile/app/book/presenter.ts is not specified and it doesn't parse as CommonJS.
Reparsing as ES module because module syntax was detected. This incurs a performance overhead.
To eliminate this warning, add "type": "module" to <worktree>/mobile/app/package.json.
(Use `node --trace-warnings ...` to show where the warning was created)
✔ a corrupt report page: Start over gives a working save (51.493375ms)
✔ a corrupt sqlite_autoindex_report_1 page: Start over gives a working save (28.612958ms)
✔ a malformed report index record: Start over gives a working save (27.166625ms)
✔ an intact report table survives Start over in place (15.282125ms)
✔ the latest committed narration is read again on reopen, from the receipts (17.122875ms)
✔ an older save reopens with its narration and keeps its report on Start over (22.886917ms)
✔ a malformed receipt response: Start over keeps the pending report (20.739583ms)
✔ a narration read that fails on a lock offers no Start over (13.339292ms)
✔ a save with no body row: save_corrupt, Start over repairs it in place (14.1195ms)
✔ a save with a null choice: save_corrupt, Start over repairs it in place (13.936ms)
✔ a save with an empty resource: save_corrupt, Start over repairs it in place (13.680209ms)
✔ a receipt narration line that is null: save_corrupt at open, Start over repairs it (15.271458ms)
✔ a receipt response that is not a decision replays as a conflict (6.134ms)
✔ elapsed NOTADB and page corruption recover only through explicit working Start over (17.908083ms)
✔ unreadable elapsed opening refuses a newly readable replacement and waits on real SQLite uncertainty (9.344291ms)
ℹ tests 50
ℹ suites 0
ℹ pass 50
ℹ fail 0
ℹ cancelled 0
ℹ skipped 0
ℹ todo 0
ℹ duration_ms 556.375583
