✔ exit door actions keep their direction and remain separate from walking (1.313916ms)
✔ worn items and reachable nested contents offer actions on their own ids (1.011333ms)
✔ same-room actions retain projected item pages and remove pages hidden by a closed lid (0.212541ms)
✔ chapter changes queue one title which survives scene lines and acknowledgement (0.114667ms)
✔ band phrases and the hp accessibility label use the cartridge catalog (0.141333ms)
✔ scene Continue and position verbs have dedicated groups (0.089209ms)
✔ exits, the look title, place actions and a thing page come from the right buttons (2.738041ms)
✔ position cycling skips absent offers and retains the offered freshness (0.157875ms)
✔ a touch link is shown as its label (0.133791ms)
✔ a choice's answers and Close are their own group, not place actions (1.848375ms)
✔ the character label says the hp band and no other (0.713875ms)
✔ the absent-speaker line shows only when the speaker is not here (0.125334ms)
✔ a restored choice opens its actual speaker detail or retained conversation (0.140875ms)
✔ the ending line shows once every quest is over (0.100334ms)
✔ a closed exit's log line and a capitalised title (0.114666ms)
✔ a move refused at 0 MV says the body is too exhausted (0.102542ms)
✔ a hint survives a store that throws, for this session (0.333541ms)
✔ the status line shows the double hour as its earthly branch (0.486541ms)
✔ pending and refused Take/Drop/Leave retain detail routing and unchanged custody (2.642791ms)
✔ journal cues belong only to changed NPC histories (0.654709ms)
✔ recovery removes the current heading but retains an unclassified consequence (0.171625ms)
✔ confirmed room change clears old history before adding new authored consequences (0.246333ms)
✔ World omits the routine Close fallback while retaining authored consequences (0.150208ms)
✔ a restored committed narration is not duplicated by its pending receipt retry (0.149375ms)
✔ a move rejected for want of MV says the body is too exhausted (0.084875ms)
✔ the log stops growing in one room, its last line the latest answer (1.247709ms)
✔ the save-error line says a pending start over in words and shows any other message (0.118292ms)
✔ a corrupt report page: Start over gives a working save (47.04325ms)
✔ a corrupt sqlite_autoindex_report_1 page: Start over gives a working save (24.552625ms)
✔ a malformed report index record: Start over gives a working save (23.42325ms)
✔ an intact report table survives Start over in place (14.476333ms)
✔ the latest committed narration is read again on reopen, from the receipts (14.416458ms)
✔ an older save reopens with its narration and keeps its report on Start over (18.515416ms)
✔ a malformed receipt response: Start over keeps the pending report (15.117625ms)
✔ a narration read that fails on a lock offers no Start over (11.963708ms)
✔ a save with no body row: save_corrupt, Start over repairs it in place (12.845125ms)
✔ a save with a null choice: save_corrupt, Start over repairs it in place (12.88225ms)
✔ a save with an empty resource: save_corrupt, Start over repairs it in place (14.691875ms)
✔ a receipt narration line that is null: save_corrupt at open, Start over repairs it (15.932208ms)
✔ a receipt response that is not a decision replays as a conflict (6.322458ms)
✔ elapsed NOTADB and page corruption recover only through explicit working Start over (18.815334ms)
✔ unreadable elapsed opening refuses a newly readable replacement and waits on real SQLite uncertainty (10.350625ms)
ℹ tests 42
ℹ suites 0
ℹ pass 42
ℹ fail 0
ℹ cancelled 0
ℹ skipped 0
ℹ todo 0
ℹ duration_ms 439.291
✔ combat page lists offered controls vertically below history in one scroll (2.8655ms)
✖ committed opponent death narrates once through the existing subscription (0.786541ms)
✔ confirmed encounter foregrounds another page and closure or death restores the World (6.684625ms)
✔ Attack opens its committed page; pending and refused Flee stay until committed escape (4.194208ms)
✔ reopening an encounter restores the combat page and last committed narration (0.441583ms)
✔ reopening after escape or either death never restores combat into the World log (1.308542ms)
✔ combat receipt history is once-only when completion follows an already displayed state (0.214083ms)
✔ committed combat line indices come from pinned keys and structured receipt events (4.305208ms)
ℹ tests 8
ℹ suites 0
ℹ pass 7
ℹ fail 1
ℹ cancelled 0
ℹ skipped 0
ℹ todo 0
ℹ duration_ms 289.162

✖ failing tests:

test at ../../../../private<mutation-tree>/mobile/app/book/combat.test.ts:176:1
✖ committed opponent death narrates once through the existing subscription (0.786541ms)
  AssertionError [ERR_ASSERTION]: Expected values to be strictly deep-equal:
  + actual - expected
  
    [
  -   'The bell rings.',
      'A door creaks.'
    ]
  
      at TestContext.<anonymous> (file:///private<mutation-tree>/mobile/app/book/combat.test.ts:206:10)
      at Test.runInAsyncScope (node:async_hooks:227:14)
      at Test.run (node:internal/test_runner/test:1402:25)
      at Test.processPendingSubtests (node:internal/test_runner/test:974:18)
      at Test.postRun (node:internal/test_runner/test:1542:19)
      at Test.run (node:internal/test_runner/test:1467:12)
      at async startSubtestAfterBootstrap (node:internal/test_runner/harness:387:3) {
    generatedMessage: true,
    code: 'ERR_ASSERTION',
    actual: [ 'A door creaks.' ],
    expected: [ 'The bell rings.', 'A door creaks.' ],
    operator: 'deepStrictEqual',
    diff: 'simple'
  }
