(node:54938) [MODULE_TYPELESS_PACKAGE_JSON] Warning: Module type of file://[local-path] is not specified and it doesn't parse as CommonJS.
Reparsing as ES module because module syntax was detected. This incurs a performance overhead.
To eliminate this warning, add "type": "module" to [local-path]
(Use `node --trace-warnings ...` to show where the warning was created)
✔ E1 SQLite case requires complete fault schedule and committed commands (828.724125ms)
✔ E1 binds only the witnessed study_tracks consequence after semantic replay (2366.066416ms)
✔ E1 binds the exact study_tracks recipe and required policy from committed performance (1093.742583ms)
✔ E1 binds the two bell assignments and the epilogue event to accepted receipts (2795.230334ms)
✔ E1 witnesses an opened dialogue and only its accepted choice (402.984ms)
✔ E1 binds each required predicate of the selected Elspeth report dialogue (946.136458ms)
✔ E1 binds modal scene steps only to accepted acknowledgements (3785.836333ms)
✔ E1 binds both selected dream branches and acknowledged scene steps (2202.206625ms)
(node:55051) [MODULE_TYPELESS_PACKAGE_JSON] Warning: Module type of file://[local-path] is not specified and it doesn't parse as CommonJS.
Reparsing as ES module because module syntax was detected. This incurs a performance overhead.
To eliminate this warning, add "type": "module" to [local-path]
(Use `node --trace-warnings ...` to show where the warning was created)
✔ E1 binds Maud objective only on its committed resolved transition (4448.311708ms)
✔ E1 binds selected dialogue fact adjustment and assignment from committed receipt (3916.060291ms)
✔ E1 binds only visible entity definitions after committed room entry (645.326833ms)
✔ E1 binds only the used ferry route on committed arrival (556.183709ms)
ℹ tests 12
ℹ suites 0
ℹ pass 12
ℹ fail 0
ℹ cancelled 0
ℹ skipped 0
ℹ todo 0
ℹ duration_ms 25064.902125

exit_status: 0
