✖ sampler invocation walk reaches all six rooms and resumes the carried ending at line two (104.941458ms)
✖ leaving the lantern resolves with the fallback journal and no carried chapter or scene (7.110167ms)
ℹ tests 2
ℹ suites 0
ℹ pass 0
ℹ fail 2
ℹ cancelled 0
ℹ skipped 0
ℹ todo 0
ℹ duration_ms 380.474667

✖ failing tests:

test at mobile/authority/local-story/sampler.test.ts:92:1
✖ sampler invocation walk reaches all six rooms and resumes the carried ending at line two (104.941458ms)
  AssertionError [ERR_ASSERTION]: Expected values to be strictly deep-equal:
  + actual - expected
  
    {
  +   index: 0,
  +   title: 'chapter.lantern'
  -   index: 1,
  -   title: 'chapter.bank'
    }
  
      at TestContext.<anonymous> (file://[redacted-path]:171:12)
      at Test.runInAsyncScope (node:async_hooks:227:14)
      at Test.run (node:internal/test_runner/test:1402:25)
      at Test.start (node:internal/test_runner/test:1262:17)
      at startSubtestAfterBootstrap (node:internal/test_runner/harness:387:17) {
    generatedMessage: true,
    code: 'ERR_ASSERTION',
    actual: { index: 0, title: 'chapter.lantern' },
    expected: { index: 1, title: 'chapter.bank' },
    operator: 'deepStrictEqual',
    diff: 'simple'
  }

test at mobile/authority/local-story/sampler.test.ts:227:1
✖ leaving the lantern resolves with the fallback journal and no carried chapter or scene (7.110167ms)
  AssertionError [ERR_ASSERTION]: Expected values to be strictly deep-equal:
  + actual - expected
  
    {
  +   index: 1,
  +   title: 'chapter.bank'
  -   index: 0,
  -   title: 'chapter.lantern'
    }
  
      at TestContext.<anonymous> (file://[redacted-path]:240:12)
      at Test.runInAsyncScope (node:async_hooks:227:14)
      at Test.run (node:internal/test_runner/test:1402:25)
      at Test.processPendingSubtests (node:internal/test_runner/test:974:18)
      at Test.postRun (node:internal/test_runner/test:1542:19)
      at Test.run (node:internal/test_runner/test:1467:12)
      at async startSubtestAfterBootstrap (node:internal/test_runner/harness:387:3) {
    generatedMessage: true,
    code: 'ERR_ASSERTION',
    actual: { index: 1, title: 'chapter.bank' },
    expected: { index: 0, title: 'chapter.lantern' },
    operator: 'deepStrictEqual',
    diff: 'simple'
  }
