==> boundary
Compiling 15 files (.ex)
Generated boundary app

17:33:23.968 [info] Compiling file system watcher for Mac...

17:33:25.041 [info] Done.
==> file_system
Compiling 7 files (.ex)
Generated file_system app
==> bunt
Compiling 2 files (.ex)
Generated bunt app
==> jason
Compiling 10 files (.ex)
Generated jason app
==> credo
Compiling 257 files (.ex)
Generated credo app
==> loka
Compiling 33 files (.ex)
Generated loka app
Running ExUnit with seed: 312247, max_cases: 16

...
Finished in 0.5 seconds (0.5s async, 0.00s sync)

Result: 3 passed
