✔ three conserved apples share Take/Drop/Forage stock and exact Eat benefit (239.16825ms)
✔ Eat alias binds advertised item and refuses full, foreign, nested, spent and nonfood targets (516.506208ms)
✔ independent fresh IDs include consumed custody before published population births (134.620916ms)
✔ created edible loot uses the same admitted terminal transfer as static food (117.73975ms)
✔ terminal custody composition and independent success observation use literal cases (4.068708ms)
✔ public homes are reciprocal and Gareth/Ada follow their ordinary day boundaries (339.194584ms)
✔ controlled committed child enum selects truthful home/cot/Green prose without any writer (307.947ms)
✔ loaded careful alias resolves literal input and transfers the two lowest finite IDs (292.730042ms)
✔ careful refuses atomically at each independent boundary while ordinary stock-one Harvest remains legal (680.913334ms)
✔ one current quote applies all seven floors and conserves a controlled 10p Buy at 9p (298.899667ms)
✔ method is literal and optional declarations enforce every new field and numeric boundary (2643.24825ms)
✔ paid outbound and free return join exact conserved balances and body entry (179.259292ms)
✔ unaffordable and forged endpoint offers refuse atomically (247.778583ms)
✔ recovery waiver uses actual death owner, isle room and contained roots (90.138125ms)
✔ Sedge teaches swim once freely through the original present dialogue (90.692666ms)
✔ loader rejects invalid endpoint, funding, action and free lesson bindings (430.815792ms)
✔ boarding remains inspectable with a disabled offer during a real encounter (59.057209ms)
ℹ tests 17
ℹ suites 0
ℹ pass 17
ℹ fail 0
ℹ cancelled 0
ℹ skipped 0
ℹ todo 0
ℹ duration_ms 4255.025542

exit_status=0
