✔ two fresh ranges and regression seeds retain all sequence counts and coverage (457.779917ms)
✔ an unknown constructor action is safe to compare with admission (0.70875ms)
✔ a door verb listed under an alias key agrees with admission through its command (0.241958ms)
✔ service admission distinguishes foreign-world envelopes from current-world offers (0.274834ms)
✔ every registered invariant is checked per step, or says why not (0.724833ms)
✔ the regression seeds, then 500 fresh sequences, keep every invariant (6863.729209ms)
ℹ generator 17; regression seeds 432 35225 1791136864905; fresh seeds 1791302528852 to 1791302529351; 503 sequences, 16730 steps; lengths 1-8, 9-16, ... 57-64: 62 64 46 71 62 67 57 74; outcomes accepted, cooldown, exit_closed, exit_locked, fault budget_exceeded, fault evaluator_error, fault nonfuture_job, insufficient_resource, invalid_state, invalid_target, not_found, not_owned, not_present, permission_denied, unsupported_capability
✔ each regression seed still issues the command type it was kept for (122.255291ms)
✔ a seed gives byte-identical steps twice in one process and in another process (801.673667ms)
✔ red control: a planted rule bug (drop puts the item inside itself) is found and shrunk (433.350375ms)
✔ red control: a job completed in the root writer group trips job_complete_owned_by_run (202.564291ms)
✔ red control: a rejection that moves the clock trips rejection_consumes_nothing (0.745792ms)
✔ red control: an unknown command type accepted trips unknown_types_fail_closed (134.695334ms)
✔ red control: a GameView that disagrees with admission trips gameview_agrees_with_admission (823.309584ms)
✔ red control: a door verb listed but refused, or accepted but unlisted, trips gameview_agrees_with_admission (4049.116917ms)
✔ red control: wear listed but refused, or remove accepted but unlisted, trips gameview_agrees_with_admission (644.592083ms)
✔ red control: a recipe shown available, or refused for another code, trips gameview_agrees_with_admission (63.514875ms)
✔ red control: an accepted decision with an unregistered event trips unknown_types_fail_closed (3.3585ms)
✔ red control: an accepted step adopted wrong, or not composing, is adopt_mismatch (640.5115ms)
✔ red control: a throw inside a rule is a reported failure, not a crash of the runner (177.528333ms)
ℹ tests 19
ℹ suites 0
ℹ pass 19
ℹ fail 0
ℹ cancelled 0
ℹ skipped 0
ℹ todo 0
ℹ duration_ms 15750.301583
exit_status=0
