✔ base1000 accounting preserves exact safe boundary quotients and rejects target overflow (1.019125ms)
✔ 9ms and reopened 11ms commit one unit and preserve the durable fractional account (25.6835ms)
✔ negative wall resume rebases without credit then credits the next 20ms (3.87525ms)
✔ a fixed 36hour horizon commits all four daily boundaries in order (5.814375ms)
✖ sixteen segments yield and one reserved input completes at its original finite horizon (11.290208ms)
✔ a current choice crossing departure refuses presence while Leave still closes its continuation (6.4565ms)
✔ preexisting stale input does not account time and synchronous success emits no completion (3.600209ms)
✔ trusted explicit v2 advance raises its durable target and missing checkpoints refuse (6.1665ms)
✔ an elapsed managed session without clocks fails with a typed refusal (3.777041ms)
✔ resume extends durable target debt rather than a lagging head (8.795083ms)
✔ unexpected closed checkpoint evidence blocks play as corrupt until confirmed Start over (5.684792ms)
✔ a valid durable replacement invalidates an old fenced clock and input without writes (6.454333ms)
✔ malformed v2 checkpoints and heads refuse without rewriting their progress (39.635125ms)
✔ a managed v1 upgrade starts its durable account at the actual opening clocks (4.434542ms)
✔ a committed unknown elapsed segment with corrupt checkpoint completes its input as blocked (3.132208ms)
✔ a valid replacement during unknown positive elapsed invalidates the old pending input (6.883ms)
✔ a private reservation rejects another intent and retains its original bounded input (9.432959ms)
✔ terminal v1 upgrade recovery waits for real SQLite rollback closure before Start over (4.476917ms)
ℹ tests 18
ℹ suites 0
ℹ pass 17
ℹ fail 1
ℹ cancelled 0
ℹ skipped 0
ℹ todo 0
ℹ duration_ms 278.348292

✖ failing tests:

test at mobile/authority/local-story/elapsed-driver.test.ts:94:1
✖ sixteen segments yield and one reserved input completes at its original finite horizon (11.290208ms)
  AssertionError [ERR_ASSERTION]: Expected values to be strictly equal:
  
  759600 !== 712800
  
      at TestContext.<anonymous> (file://<worktree>/mobile/authority/local-story/elapsed-driver.test.ts:104:10)
      at Test.runInAsyncScope (node:async_hooks:227:14)
      at Test.run (node:internal/test_runner/test:1402:25)
      at Test.processPendingSubtests (node:internal/test_runner/test:974:18)
      at Test.postRun (node:internal/test_runner/test:1542:19)
      at Test.run (node:internal/test_runner/test:1467:12)
      at async Test.processPendingSubtests (node:internal/test_runner/test:974:7) {
    generatedMessage: true,
    code: 'ERR_ASSERTION',
    actual: 759600,
    expected: 712800,
    operator: 'strictEqual',
    diff: 'simple'
  }
