✔ base1000 accounting preserves exact safe boundary quotients and rejects target overflow (1.131833ms)
✔ 9ms and reopened 11ms commit one unit and preserve the durable fractional account (28.707917ms)
✔ negative wall resume rebases without credit then credits the next 20ms (4.11475ms)
✔ a fixed 36hour horizon commits all four daily boundaries in order (6.5545ms)
✔ sixteen segments yield and one reserved input completes at its original finite horizon (14.650167ms)
✔ a current choice crossing departure refuses presence while Leave still closes its continuation (6.658792ms)
✔ preexisting stale input does not account time and synchronous success emits no completion (4.523542ms)
✔ trusted explicit v2 advance raises its durable target and missing checkpoints refuse (6.478583ms)
✔ an elapsed managed session without clocks fails with a typed refusal (4.134833ms)
✔ resume extends durable target debt rather than a lagging head (10.429666ms)
✔ unexpected closed checkpoint evidence blocks play as corrupt until confirmed Start over (6.34075ms)
✔ a valid durable replacement invalidates an old fenced clock and input without writes (7.174083ms)
✔ malformed v2 checkpoints and heads refuse without rewriting their progress (41.3005ms)
✔ a managed v1 upgrade starts its durable account at the actual opening clocks (3.88825ms)
✔ a committed unknown elapsed segment with corrupt checkpoint completes its input as blocked (3.111792ms)
✔ a valid replacement during unknown positive elapsed invalidates the old pending input (6.636791ms)
✔ a private reservation rejects another intent and retains its original bounded input (9.811042ms)
✔ terminal v1 upgrade recovery waits for real SQLite rollback closure before Start over (4.81875ms)
✔ a pending start over whose retry fails shows that error, not "not confirmed" (14.247458ms)
✔ catch-up conflicts preserve the original attempt and matching retries keep its identity (21.319792ms)
✔ invalid and cyclic shared input refuses before snapshot or elapsed sampling (4.117375ms)
✔ missing elapsed columns after unknown metadata or gameplay commit block and permit explicit recovery (13.909709ms)
✔ corrupt elapsed recovery binds valid, malformed, and absent original headers without erasing a replacement (35.244584ms)
✔ loaded elapsed recovery refuses newer and malformed same-run formats without writes (9.832959ms)
✔ changed refused elapsed header classifies malformed before differing valid run and preserves newer formats (4.484334ms)
ℹ tests 25
ℹ suites 0
ℹ pass 25
ℹ fail 0
ℹ cancelled 0
ℹ skipped 0
ℹ todo 0
ℹ duration_ms 313.883125
