✔ resumed wall survives fractional reconciliation and invalid/stale preflight before a new input (19.310667ms)
✔ a new reservation waits for its actual resumed horizon and yields after sixteen boundaries (15.881292ms)
✖ resume remains armed after fixed A completes and another intent cannot steal its result (12.471834ms)
ℹ tests 3
ℹ suites 0
ℹ pass 2
ℹ fail 1
ℹ cancelled 0
ℹ skipped 0
ℹ todo 0
ℹ duration_ms 165.20625

✖ failing tests:

test at mobile/authority/local-story/elapsed-resume.test.ts:74:1
✖ resume remains armed after fixed A completes and another intent cannot steal its result (12.471834ms)
  AssertionError [ERR_ASSERTION]: Expected values to be strictly equal:
  
  864000 !== 864050
  
      at TestContext.<anonymous> (file://<worktree>/mobile/authority/local-story/elapsed-resume.test.ts:95:12)
      at Test.runInAsyncScope (node:async_hooks:227:14)
      at Test.run (node:internal/test_runner/test:1402:25)
      at Test.processPendingSubtests (node:internal/test_runner/test:974:18)
      at Test.postRun (node:internal/test_runner/test:1542:19)
      at Test.run (node:internal/test_runner/test:1467:12)
      at async Test.processPendingSubtests (node:internal/test_runner/test:974:7) {
    generatedMessage: true,
    code: 'ERR_ASSERTION',
    actual: 864000,
    expected: 864050,
    operator: 'strictEqual',
    diff: 'simple'
  }
