(node:20794) [MODULE_TYPELESS_PACKAGE_JSON] Warning: Module type of file://<worktree>/mobile/app/book/polish.test.ts is not specified and it doesn't parse as CommonJS.
Reparsing as ES module because module syntax was detected. This incurs a performance overhead.
To eliminate this warning, add "type": "module" to <worktree>/mobile/app/package.json.
(Use `node --trace-warnings ...` to show where the warning was created)
✔ room is focused while Map retains directions and every detail returns to the world (100.249917ms)
✔ a postcommit narration read fault preserves the saved result and clears retry context (49.825584ms)
✔ NPC history has distinct journal events and one confirmed Leave after the scrolling log (82.356042ms)
✔ only World position taps directly cycle the offered states with captured freshness (34.125125ms)
✔ an NPC choice retried from the world keeps its result in the original detail (26.234291ms)
✔ only confirmed pickup returns World, including a retry from another page (40.879667ms)
✔ touch omits incomplete Give but the complete item and recipient command remains valid (33.603334ms)
✔ inventory Drop returns World with one named event only after confirmation (29.908ms)
✔ other item actions retain their detail and World consequences (9.533ms)
✔ elapsed confirmed boundaries retain Conversation and chapter acknowledgment without page flips (35.796917ms)
✖ delayed Take returns once with its original item name after a conflicting tap (19.687625ms)
✖ delayed actual quest completion adds one authored result and Journal updated in original history (57.7985ms)
ℹ tests 12
ℹ suites 0
ℹ pass 10
ℹ fail 2
ℹ cancelled 0
ℹ skipped 0
ℹ todo 0
ℹ duration_ms 1386.986542

✖ failing tests:

test at mobile/app/book/polish.test.ts:604:1
✖ delayed Take returns once with its original item name after a conflicting tap (19.687625ms)
  AssertionError [ERR_ASSERTION]: Expected values to be strictly equal:
  
  true !== false
  
      at TestContext.<anonymous> (file://<worktree>/mobile/app/book/polish.test.ts:626:12)
      at Test.runInAsyncScope (node:async_hooks:227:14)
      at Test.run (node:internal/test_runner/test:1402:25)
      at Test.processPendingSubtests (node:internal/test_runner/test:974:18)
      at Test.postRun (node:internal/test_runner/test:1542:19)
      at Test.run (node:internal/test_runner/test:1467:12)
      at process.processTicksAndRejections (node:internal/process/task_queues:104:5)
      at async Test.processPendingSubtests (node:internal/test_runner/test:974:7) {
    generatedMessage: true,
    code: 'ERR_ASSERTION',
    actual: true,
    expected: false,
    operator: 'strictEqual',
    diff: 'simple'
  }

test at mobile/app/book/polish.test.ts:665:1
✖ delayed actual quest completion adds one authored result and Journal updated in original history (57.7985ms)
  TypeError: Cannot read properties of undefined (reading 'detail')
      at received (file://<worktree>/mobile/app/book/presenter.ts:116:25)
      at finished (file://<worktree>/mobile/app/book/presenter.ts:191:31)
      at updated (file://<worktree>/mobile/app/book/presenter.ts:252:3)
      at Object.update (file://<worktree>/mobile/app/book/presenter.ts:278:43)
      at TestContext.<anonymous> (file://<worktree>/mobile/app/book/polish.test.ts:693:22)
      at Test.runInAsyncScope (node:async_hooks:227:14)
      at Test.run (node:internal/test_runner/test:1402:25)
      at Test.processPendingSubtests (node:internal/test_runner/test:974:18)
      at Test.postRun (node:internal/test_runner/test:1542:19)
      at Test.run (node:internal/test_runner/test:1467:12)
