(node:8667) [MODULE_TYPELESS_PACKAGE_JSON] Warning: Module type of file://<worktree>/mobile/app/sampler.test.ts is not specified and it doesn't parse as CommonJS.
Reparsing as ES module because module syntax was detected. This incurs a performance overhead.
To eliminate this warning, add "type": "module" to <worktree>/mobile/app/package.json.
(Use `node --trace-warnings ...` to show where the warning was created)
✔ the app opens and replaces only its sampler save, preserving an existing Lantern save (141.615666ms)
✔ actual App pause and resume preserve 9ms plus 11ms as exactly one logical unit (60.10575ms)
✖ actual App stops unknown storage wakeups and resumes after confirmed user recovery (46.837ms)
✔ old App wakeups cannot mutate the same remounted Game or a replacement save (34.890208ms)
ℹ tests 4
ℹ suites 0
ℹ pass 3
ℹ fail 1
ℹ cancelled 0
ℹ skipped 0
ℹ todo 0
ℹ duration_ms 723.992666

✖ failing tests:

test at mobile/app/sampler.test.ts:276:1
✖ actual App stops unknown storage wakeups and resumes after confirmed user recovery (46.837ms)
  AssertionError [ERR_ASSERTION]: Expected values to be strictly deep-equal:
  + actual - expected
  
    {
      remainder: 100,
  +   target: 64903,
  +   wall_ms: 12062
  -   target: 64902,
  -   wall_ms: 12042
    }
  
      at TestContext.<anonymous> (file://<worktree>/mobile/app/sampler.test.ts:321:12)
      at Test.runInAsyncScope (node:async_hooks:227:14)
      at Test.run (node:internal/test_runner/test:1402:25)
      at Test.processPendingSubtests (node:internal/test_runner/test:974:18)
      at Test.postRun (node:internal/test_runner/test:1542:19)
      at Test.run (node:internal/test_runner/test:1467:12)
      at process.processTicksAndRejections (node:internal/process/task_queues:104:5)
      at async Test.processPendingSubtests (node:internal/test_runner/test:974:7) {
    generatedMessage: true,
    code: 'ERR_ASSERTION',
    actual: { wall_ms: 12062, remainder: 100, target: 64903 },
    expected: { wall_ms: 12042, remainder: 100, target: 64902 },
    operator: 'deepStrictEqual',
    diff: 'simple'
  }
