(node:8671) [MODULE_TYPELESS_PACKAGE_JSON] Warning: Module type of file://<worktree>/mobile/app/book/presenter.ts is not specified and it doesn't parse as CommonJS.
Reparsing as ES module because module syntax was detected. This incurs a performance overhead.
To eliminate this warning, add "type": "module" to <worktree>/mobile/app/package.json.
(Use `node --trace-warnings ...` to show where the warning was created)
✔ a scripted session survives a restart and plays on (53.40975ms)
✔ an invalid press before a save does not make the next id collide after a restart (31.947541ms)
✔ an unknown COMMIT shows pending, not a success; a restart shows what committed (18.562875ms)
✔ a pending press is retried with its own id and replays what committed (17.041292ms)
✔ a same-scope receipt from another allocator does not move the id counter (25.004083ms)
✖ a failed write is not claimed unsaved; the next press retries it (13.341875ms)
✔ a read error after a durable commit does not commit the press twice (8.667375ms)
✔ a confirmed receipt that is not a decision is a conflict and ends the attempt (8.098667ms)
✔ start over replaces a file that does not open with a fresh game (31.228542ms)
✔ start over of a damaged identity keeps the file and its old run (15.463667ms)
✔ a damaged receipt index fails the open with start over, which gives a fresh game (14.300792ms)
✔ a newer app's save is never started over (8.766583ms)
✔ a start over whose delete failed can be tried again (5.242542ms)
✔ an open that fails but not as corrupt is never started over (3.818583ms)
✔ a start over that fails during play keeps the game and its retry (7.618541ms)
✔ a pending start over leaves no game to play until it settles (12.624625ms)
✔ the gate tap script ends at its declared state, wherever the kills fall (50.627791ms)
﹣ the save copied from the phone equals the reference (0.25825ms) # SKIP
ℹ tests 18
ℹ suites 0
ℹ pass 16
ℹ fail 1
ℹ cancelled 0
ℹ skipped 1
ℹ todo 0
ℹ duration_ms 584.172833

✖ failing tests:

test at mobile/authority/local-story/smoke.test.ts:192:1
✖ a failed write is not claimed unsaved; the next press retries it (13.341875ms)
  AssertionError [ERR_ASSERTION]: Expected values to be strictly equal:
  
  false !== true
  
      at TestContext.<anonymous> (file://<worktree>/mobile/authority/local-story/smoke.test.ts:197:10)
      at Test.runInAsyncScope (node:async_hooks:227:14)
      at Test.run (node:internal/test_runner/test:1402:25)
      at Test.processPendingSubtests (node:internal/test_runner/test:974:18)
      at Test.postRun (node:internal/test_runner/test:1542:19)
      at Test.run (node:internal/test_runner/test:1467:12)
      at process.processTicksAndRejections (node:internal/process/task_queues:104:5)
      at async Test.processPendingSubtests (node:internal/test_runner/test:974:7) {
    generatedMessage: true,
    code: 'ERR_ASSERTION',
    actual: false,
    expected: true,
    operator: 'strictEqual',
    diff: 'simple'
  }
