(node:5213) [MODULE_TYPELESS_PACKAGE_JSON] Warning: Module type of file://<worktree>/mobile/app/sampler.test.ts is not specified and it doesn't parse as CommonJS.
Reparsing as ES module because module syntax was detected. This incurs a performance overhead.
To eliminate this warning, add "type": "module" to <worktree>/mobile/app/package.json.
(Use `node --trace-warnings ...` to show where the warning was created)
✔ the app opens and replaces only its sampler save, preserving an existing Lantern save (75.341ms)
✔ actual App pause and resume preserve 9ms plus 11ms as exactly one logical unit (24.804416ms)
✔ actual App stops unknown storage wakeups and resumes after confirmed user recovery (20.001292ms)
✖ old App wakeups cannot mutate the same remounted Game or a replacement save (17.532375ms)
ℹ tests 4
ℹ suites 0
ℹ pass 3
ℹ fail 1
ℹ cancelled 0
ℹ skipped 0
ℹ todo 0
ℹ duration_ms 356.838042

✖ failing tests:

test at mobile/app/sampler.test.ts:308:1
✖ old App wakeups cannot mutate the same remounted Game or a replacement save (17.532375ms)
  AssertionError [ERR_ASSERTION]: Expected values to be strictly deep-equal:
  + actual - expected
  
    {
      remainder: 0,
  +   target: 64801,
  +   wall_ms: 10020
  -   target: 64800,
  -   wall_ms: 10000
    }
  
      at TestContext.<anonymous> (file://<worktree>/mobile/app/sampler.test.ts:317:12)
      at Test.runInAsyncScope (node:async_hooks:227:14)
      at Test.run (node:internal/test_runner/test:1402:25)
      at Test.processPendingSubtests (node:internal/test_runner/test:974:18)
      at Test.postRun (node:internal/test_runner/test:1542:19)
      at Test.run (node:internal/test_runner/test:1467:12)
      at process.processTicksAndRejections (node:internal/process/task_queues:104:5)
      at async Test.processPendingSubtests (node:internal/test_runner/test:974:7) {
    generatedMessage: true,
    code: 'ERR_ASSERTION',
    actual: { wall_ms: 10020, remainder: 0, target: 64801 },
    expected: { wall_ms: 10000, remainder: 0, target: 64800 },
    operator: 'deepStrictEqual',
    diff: 'simple'
  }
