✔ resumed wall survives fractional reconciliation and invalid/stale preflight before a new input (19.345417ms)
✖ a new reservation waits for its actual resumed horizon and yields after sixteen boundaries (4.890625ms)
✔ resume remains armed after fixed A completes and another intent cannot steal its result (14.838958ms)
ℹ tests 3
ℹ suites 0
ℹ pass 2
ℹ fail 1
ℹ cancelled 0
ℹ skipped 0
ℹ todo 0
ℹ duration_ms 157.638291

✖ failing tests:

test at mobile/authority/local-story/elapsed-resume.test.ts:40:1
✖ a new reservation waits for its actual resumed horizon and yields after sixteen boundaries (4.890625ms)
  AssertionError [ERR_ASSERTION]: Expected values to be strictly equal:
  + actual - expected
  
  + 'saved'
  - 'catching_up'
  
      at TestContext.<anonymous> (file://<worktree>/mobile/authority/local-story/elapsed-resume.test.ts:55:12)
      at Test.runInAsyncScope (node:async_hooks:227:14)
      at Test.run (node:internal/test_runner/test:1402:25)
      at Test.processPendingSubtests (node:internal/test_runner/test:974:18)
      at Test.postRun (node:internal/test_runner/test:1542:19)
      at Test.run (node:internal/test_runner/test:1467:12)
      at async startSubtestAfterBootstrap (node:internal/test_runner/harness:387:3) {
    generatedMessage: true,
    code: 'ERR_ASSERTION',
    actual: 'saved',
    expected: 'catching_up',
    operator: 'strictEqual',
    diff: 'simple'
  }
