✔ base1000 accounting preserves exact safe boundary quotients and rejects target overflow (1.127834ms)
✔ 9ms and reopened 11ms commit one unit and preserve the durable fractional account (27.4215ms)
✔ negative wall resume rebases without credit then credits the next 20ms (4.95775ms)
✔ a fixed 36hour horizon commits all four daily boundaries in order (7.233667ms)
✔ sixteen segments yield and one reserved input completes at its original finite horizon (16.285ms)
✔ a current choice crossing departure refuses presence while Leave still closes its continuation (6.776875ms)
✔ preexisting stale input does not account time and synchronous success emits no completion (4.452208ms)
✔ trusted explicit v2 advance raises its durable target and missing checkpoints refuse (7.315709ms)
✔ an elapsed managed session without clocks fails with a typed refusal (4.232833ms)
✔ resume extends durable target debt rather than a lagging head (10.583666ms)
✔ unexpected closed checkpoint evidence blocks play as corrupt until confirmed Start over (6.653584ms)
✔ a valid durable replacement invalidates an old fenced clock and input without writes (7.393208ms)
✔ malformed v2 checkpoints and heads refuse without rewriting their progress (41.285958ms)
✔ a managed v1 upgrade starts its durable account at the actual opening clocks (4.128ms)
✔ a committed unknown elapsed segment with corrupt checkpoint completes its input as blocked (3.002792ms)
✔ a valid replacement during unknown positive elapsed invalidates the old pending input (6.779083ms)
✔ a private reservation rejects another intent and retains its original bounded input (9.441ms)
✔ terminal v1 upgrade recovery waits for real SQLite rollback closure before Start over (4.535792ms)
✔ a pending start over whose retry fails shows that error, not "not confirmed" (14.239708ms)
✔ catch-up conflicts preserve the original attempt and matching retries keep its identity (24.490792ms)
✔ invalid and cyclic shared input refuses before snapshot or elapsed sampling (4.444625ms)
✔ missing elapsed columns after unknown metadata or gameplay commit block and permit explicit recovery (14.762416ms)
✔ corrupt elapsed recovery binds valid, malformed, and absent original headers without erasing a replacement (35.767792ms)
✔ loaded elapsed recovery refuses newer and malformed same-run formats without writes (10.183083ms)
✔ changed refused elapsed header classifies malformed before differing valid run and preserves newer formats (4.391792ms)
ℹ tests 25
ℹ suites 0
ℹ pass 25
ℹ fail 0
ℹ cancelled 0
ℹ skipped 0
ℹ todo 0
ℹ duration_ms 314.926834
