✖ resumed wall survives fractional reconciliation and invalid/stale preflight before a new input (20.465584ms)
✖ a new reservation waits for its actual resumed horizon and yields after sixteen boundaries (5.773375ms)
✖ resume remains armed after fixed A completes and another intent cannot steal its result (18.773666ms)
ℹ tests 3
ℹ suites 0
ℹ pass 0
ℹ fail 3
ℹ cancelled 0
ℹ skipped 0
ℹ todo 0
ℹ duration_ms 166.102959

✖ failing tests:

test at mobile/authority/local-story/elapsed-resume.test.ts:9:1
✖ resumed wall survives fractional reconciliation and invalid/stale preflight before a new input (20.465584ms)
  AssertionError [ERR_ASSERTION]: Expected values to be strictly equal:
  
  64800 !== 64850
  
      at TestContext.<anonymous> (file://<worktree>/mobile/authority/local-story/elapsed-resume.test.ts:30:12)
      at Test.runInAsyncScope (node:async_hooks:227:14)
      at Test.run (node:internal/test_runner/test:1402:25)
      at Test.start (node:internal/test_runner/test:1262:17)
      at startSubtestAfterBootstrap (node:internal/test_runner/harness:387:17) {
    generatedMessage: true,
    code: 'ERR_ASSERTION',
    actual: 64800,
    expected: 64850,
    operator: 'strictEqual',
    diff: 'simple'
  }

test at mobile/authority/local-story/elapsed-resume.test.ts:40:1
✖ a new reservation waits for its actual resumed horizon and yields after sixteen boundaries (5.773375ms)
  AssertionError [ERR_ASSERTION]: Expected values to be strictly equal:
  + actual - expected
  
  + 'ready'
  - 'catching_up'
  
      at TestContext.<anonymous> (file://<worktree>/mobile/authority/local-story/elapsed-resume.test.ts:60:12)
      at Test.runInAsyncScope (node:async_hooks:227:14)
      at Test.run (node:internal/test_runner/test:1402:25)
      at Test.processPendingSubtests (node:internal/test_runner/test:974:18)
      at Test.postRun (node:internal/test_runner/test:1542:19)
      at Test.run (node:internal/test_runner/test:1467:12)
      at async startSubtestAfterBootstrap (node:internal/test_runner/harness:387:3) {
    generatedMessage: true,
    code: 'ERR_ASSERTION',
    actual: 'ready',
    expected: 'catching_up',
    operator: 'strictEqual',
    diff: 'simple'
  }

test at mobile/authority/local-story/elapsed-resume.test.ts:74:1
✖ resume remains armed after fixed A completes and another intent cannot steal its result (18.773666ms)
  AssertionError [ERR_ASSERTION]: Expected values to be strictly equal:
  
  864000 !== 864050
  
      at TestContext.<anonymous> (file://<worktree>/mobile/authority/local-story/elapsed-resume.test.ts:95:12)
      at Test.runInAsyncScope (node:async_hooks:227:14)
      at Test.run (node:internal/test_runner/test:1402:25)
      at Test.processPendingSubtests (node:internal/test_runner/test:974:18)
      at Test.postRun (node:internal/test_runner/test:1542:19)
      at Test.run (node:internal/test_runner/test:1467:12)
      at async Test.processPendingSubtests (node:internal/test_runner/test:974:7) {
    generatedMessage: true,
    code: 'ERR_ASSERTION',
    actual: 864000,
    expected: 864050,
    operator: 'strictEqual',
    diff: 'simple'
  }
