(node:5207) [MODULE_TYPELESS_PACKAGE_JSON] Warning: Module type of file://<worktree>/mobile/app/sampler.test.ts is not specified and it doesn't parse as CommonJS.
Reparsing as ES module because module syntax was detected. This incurs a performance overhead.
To eliminate this warning, add "type": "module" to <worktree>/mobile/app/package.json.
(Use `node --trace-warnings ...` to show where the warning was created)
✔ the app opens and replaces only its sampler save, preserving an existing Lantern save (76.181042ms)
✖ actual App pause and resume preserve 9ms plus 11ms as exactly one logical unit (23.832125ms)
✖ actual App stops unknown storage wakeups and resumes after confirmed user recovery (18.251042ms)
✔ old App wakeups cannot mutate the same remounted Game or a replacement save (20.633208ms)
ℹ tests 4
ℹ suites 0
ℹ pass 2
ℹ fail 2
ℹ cancelled 0
ℹ skipped 0
ℹ todo 0
ℹ duration_ms 355.7515

✖ failing tests:

test at mobile/app/sampler.test.ts:255:1
✖ actual App pause and resume preserve 9ms plus 11ms as exactly one logical unit (23.832125ms)
  AssertionError [ERR_ASSERTION]: Expected values to be strictly equal:
  
  64800 !== 64801
  
      at TestContext.<anonymous> (file://<worktree>/mobile/app/sampler.test.ts:266:12)
      at Test.runInAsyncScope (node:async_hooks:227:14)
      at Test.run (node:internal/test_runner/test:1402:25)
      at Test.processPendingSubtests (node:internal/test_runner/test:974:18)
      at Test.postRun (node:internal/test_runner/test:1542:19)
      at Test.run (node:internal/test_runner/test:1467:12)
      at process.processTicksAndRejections (node:internal/process/task_queues:104:5)
      at async startSubtestAfterBootstrap (node:internal/test_runner/harness:387:3) {
    generatedMessage: true,
    code: 'ERR_ASSERTION',
    actual: 64800,
    expected: 64801,
    operator: 'strictEqual',
    diff: 'simple'
  }

test at mobile/app/sampler.test.ts:276:1
✖ actual App stops unknown storage wakeups and resumes after confirmed user recovery (18.251042ms)
  AssertionError [ERR_ASSERTION]: Expected values to be strictly deep-equal:
  + actual - expected
  
    {
      remainder: 50,
      target: 64800,
  +   wall_ms: 12001
  -   wall_ms: 10001
    }
  
      at TestContext.<anonymous> (file://<worktree>/mobile/app/sampler.test.ts:291:12)
      at Test.runInAsyncScope (node:async_hooks:227:14)
      at Test.run (node:internal/test_runner/test:1402:25)
      at Test.processPendingSubtests (node:internal/test_runner/test:974:18)
      at Test.postRun (node:internal/test_runner/test:1542:19)
      at Test.run (node:internal/test_runner/test:1467:12)
      at process.processTicksAndRejections (node:internal/process/task_queues:104:5)
      at async Test.processPendingSubtests (node:internal/test_runner/test:974:7) {
    generatedMessage: true,
    code: 'ERR_ASSERTION',
    actual: { wall_ms: 12001, remainder: 50, target: 64800 },
    expected: { wall_ms: 10001, remainder: 50, target: 64800 },
    operator: 'deepStrictEqual',
    diff: 'simple'
  }
