Opened: com.lorecrafting.loka
Session state: <home>/.agent-device/sessions/loka-m1-b2
Page: com.lorecrafting.loka
App: com.lorecrafting.loka
Snapshot: 8 visible nodes
Simulator AX snapshot unavailable (foreground-owner-unverified); used XCTest for this app generation.
@e1 [application] "Loka"
@e2 [scroll-area] "Bram's Lantern" [scrollable]
  [content below scroll-area hidden]
@e3 [cell] "Bram's Lantern"
@e4 [button] "Continue"
@e5 [button] "Back to World"
@e6 [button] "Contents, Character, hp 20 of 20, is in perfect health, ma 100 of 100, mv 82 of 82"
@e7 [text] "Hour of the Rooster, five to seven"
@e8 [text] "Position, standing"

Tapped @e4 (201, 167)
settled after 1852ms: +9 -5 (~3 unchanged)
- @e2 [scroll-area] "Bram's Lantern"
- @e3 [cell] "Bram's Lantern"
- @e4 [button] "Continue"
- @e5 [button] "Back to World"
+ @e2~s774789 [other] "Hold the map and drag toward a path to walk; tap it to open the map."
+ @e3~s774789 [other] "Look, Ferry Landing"
+ @e4~s774789 [button] "Look, Ferry Landing"
+ @e5~s774789 [scroll-area] "Reeds crowd a slick wooden landing, and the river slides past it the color of strong tea. A mooring post leans into the current with a notice nailed to it. Tide marks stripe the pilings."
+ @e6~s774789 [other] "Reeds crowd a slick wooden landing, and the river slides past it the color of strong tea. A mooring post leans into the current with a notice nailed to it. Tide marks stripe the pilings."
+ @e7~s774789 [button] "Old Bram, open"
+ @e8~s774789 [button] "Got it"
+ @e9~s774789 [button] "Map"
+ @e10~s774789 [button] "Position, standing"
- @e8 [text] "Position, standing"

Tapped label="Old Bram, open" (201, 288)
settled after 1770ms: +6 -9 (~3 unchanged)
- @e2 [other] "Hold the map and drag toward a path to walk; tap it to open the map."
- @e3 [other] "Look, Ferry Landing"
- @e4 [button] "Look, Ferry Landing"
- @e5 [scroll-area] "Reeds crowd a slick wooden landing, and the river slides past it the color of strong tea. A mooring post leans into the current with a notice nailed to it. Tide marks stripe the pilings."
- @e6 [other] "Reeds crowd a slick wooden landing, and the river slides past it the color of strong tea. A mooring post leans into the current with a notice nailed to it. Tide marks stripe the pilings."
- @e7 [button] "Old Bram, open"
- @e8 [button] "Got it"
- @e9 [button] "Map"
- @e10 [button] "Position, standing"
+ @e2~s774795 [scroll-area] "Old Bram"
+ @e3~s774795 [other] "Old Bram"
+ @e4~s774795 [text] "A ferryman with rope-scarred hands and a coat that has never been dry."
+ @e5~s774795 [button] "Talk to Old Bram"
+ @e6~s774795 [button] "Leave"
+ @e9~s774795 [text] "Position, standing"

Error (COMMAND_FAILED): Selector did not match: label="Talk to Old Bram"
Hint: Selector text/label values match exactly (quote multi-word values: text="Sign in"). Run snapshot -i to see current elements and refs, or use find <text> for contains matching.
Diagnostic ID: muu07o9l-d2464c35
Diagnostics Log: <home>/.agent-device/sessions/loka-m1-b2/requests/b778a00153ace251.ndjson

Page: com.lorecrafting.loka
App: com.lorecrafting.loka
Snapshot: 12 visible nodes
Simulator AX snapshot unavailable (circuit-disabled); used XCTest for this app generation.
@e1 [application] "Loka"
@e2 [other] "Hold the map and drag toward a path to walk; tap it to open the map."
@e3 [other] "Look, Ferry Landing"
@e4 [button] "Look, Ferry Landing"
@e5 [scroll-area] "Reeds crowd a slick wooden landing, and the river slides past it the color of strong tea. A mooring post leans into the current with a notice nailed to it. Tide marks stripe the pilings." [scrollable]
  [content below scroll-area hidden]
@e6 [other] [same label as parent]
@e7 [text] "Old Bram leaves."
@e8 [button] "Got it"
@e9 [button] "Map"
@e10 [button] "Position, standing"
@e11 [button] "Contents, Character, hp 20 of 20, is in perfect health, ma 100 of 100, mv 82 of 82"
@e12 [text] "Hour of the Dog, seven to nine"

Tapped label="Contents, Character, hp 20 of 20, is in perfect health, ma 100 of 100, mv 82 of 82" (254, 810)
settled after 1759ms: +8 -8 (~4 unchanged)
- @e2 [other] "Hold the map and drag toward a path to walk; tap it to open the map."
- @e3 [other] "Look, Ferry Landing"
- @e4 [button] "Look, Ferry Landing"
- @e5 [scroll-area] "Reeds crowd a slick wooden landing, and the river slides past it the color of strong tea. A mooring post leans into the current with a notice nailed to it. Tide marks stripe the pilings."
- @e6 [other] "Reeds crowd a slick wooden landing, and the river slides past it the color of strong tea. A mooring post leans into the current with a notice nailed to it. Tide marks stripe the pilings."
- @e7 [text] "Old Bram leaves."
- @e8 [button] "Got it"
+ @e2~s774804 [scroll-area] "Contents"
+ @e3~s774804 [other] "Contents"
+ @e4~s774804 [button] "Character"
+ @e5~s774804 [button] "Equipment & Inventory"
- @e10 [button] "Position, standing"
+ @e7~s774804 [button] "Journal"
+ @e8~s774804 [button] "Settings"
+ @e9~s774804 [button] "Back to World"
+ @e12~s774804 [text] "Position, standing"

Tapped label="Settings" (201, 375)
settled after 1903ms: +3 -7 (~5 unchanged)
- @e2 [scroll-area] "Contents"
- @e3 [other] "Contents"
- @e4 [button] "Character"
- @e5 [button] "Equipment & Inventory"
- @e6 [button] "Map"
- @e7 [button] "Journal"
- @e8 [button] "Settings"
+ @e2~s774811 [scroll-area] "Settings"
+ @e3~s774811 [cell] "Settings"
+ @e4~s774811 [button] "Start over"

Tapped label="Start over" (201, 167)
settled after 1840ms: +9 -0 (~8 unchanged)
+ @e2~s774817 [window] "Start over?"
+ @e3~s774817 [element(7)] "Start over?"
+ @e4~s774817 [scroll-area] "Start over?"
+ @e5~s774817 [cell] "Start over?"
+ @e6~s774817 [text] "Your saved game will be lost."
+ @e7~s774817 [scroll-area] "Cancel"
+ @e8~s774817 [cell] "Cancel"
+ @e9~s774817 [button] "Cancel"
+ @e10~s774817 [button] "Start over"

Tapped @e10 (275, 487)
settled after 2238ms: +4 -13 (~4 unchanged)
- @e2 [window] "Start over?"
- @e3 [element(7)] "Start over?"
- @e4 [scroll-area] "Start over?"
- @e5 [cell] "Start over?"
- @e6 [text] "Your saved game will be lost."
- @e7 [scroll-area] "Cancel"
- @e8 [cell] "Cancel"
- @e9 [button] "Cancel"
- @e10 [button] "Start over"
- @e11 [scroll-area] "Settings"
- @e12 [cell] "Settings"
- @e13 [button] "Start over"
+ @e2~s774823 [scroll-area] "Bram's Lantern"
+ @e3~s774823 [cell] "Bram's Lantern"
+ @e4~s774823 [button] "Continue"
- @e16 [text] "Hour of the Dog, seven to nine"
+ @e7~s774823 [text] "Hour of the Rooster, five to seven"

Tapped label="Continue" (201, 167)
settled after 1756ms: +9 -5 (~3 unchanged)
- @e2 [scroll-area] "Bram's Lantern"
- @e3 [cell] "Bram's Lantern"
- @e4 [button] "Continue"
- @e5 [button] "Back to World"
+ @e2~s774829 [other] "Hold the map and drag toward a path to walk; tap it to open the map."
+ @e3~s774829 [other] "Look, Ferry Landing"
+ @e4~s774829 [button] "Look, Ferry Landing"
+ @e5~s774829 [scroll-area] "Reeds crowd a slick wooden landing, and the river slides past it the color of strong tea. A mooring post leans into the current with a notice nailed to it. Tide marks stripe the pilings."
+ @e6~s774829 [other] "Reeds crowd a slick wooden landing, and the river slides past it the color of strong tea. A mooring post leans into the current with a notice nailed to it. Tide marks stripe the pilings."
+ @e7~s774829 [button] "Old Bram, open"
+ @e8~s774829 [button] "Got it"
+ @e9~s774829 [button] "Map"
+ @e10~s774829 [button] "Position, standing"
- @e8 [text] "Position, standing"

Tapped label="Old Bram, open" (201, 288)
settled after 1771ms: +6 -9 (~3 unchanged)
- @e2 [other] "Hold the map and drag toward a path to walk; tap it to open the map."
- @e3 [other] "Look, Ferry Landing"
- @e4 [button] "Look, Ferry Landing"
- @e5 [scroll-area] "Reeds crowd a slick wooden landing, and the river slides past it the color of strong tea. A mooring post leans into the current with a notice nailed to it. Tide marks stripe the pilings."
- @e6 [other] "Reeds crowd a slick wooden landing, and the river slides past it the color of strong tea. A mooring post leans into the current with a notice nailed to it. Tide marks stripe the pilings."
- @e7 [button] "Old Bram, open"
- @e8 [button] "Got it"
- @e9 [button] "Map"
- @e10 [button] "Position, standing"
+ @e2~s774835 [scroll-area] "Old Bram"
+ @e3~s774835 [other] "Old Bram"
+ @e4~s774835 [text] "A ferryman with rope-scarred hands and a coat that has never been dry."
+ @e5~s774835 [button] "Talk to Old Bram"
+ @e6~s774835 [button] "Leave"
+ @e9~s774835 [text] "Position, standing"

Tapped label="Talk to Old Bram" (201, 215)
settled after 711ms: +2 -1 (~8 unchanged)
- @e5 [button] "Talk to Old Bram"
+ @e5~s774839 [text] "Bram keeps his eyes on the reeds. "My lantern’s beside the well, and I can’t leave the ferry. Would you fetch it?""
+ @e6~s774839 [button] "Offer to fetch Bram's lantern"

<scratch> (402x874 @1x)

Error (INVALID_ARGS): Flag --timeout is not supported for command wait.
Hint: Check command arguments and run --help for usage examples.
Diagnostic ID: muu0bled-1770e386
Diagnostics Log: <home>/.agent-device/logs/loka-m1-b2/2026-10-04/2026-10-04T16-00-06-423Z-muu0bled-1770e386.ndjson

Page: com.lorecrafting.loka
App: com.lorecrafting.loka
Snapshot: 10 visible nodes
Simulator AX snapshot unavailable (circuit-disabled); used XCTest for this app generation.
@e1 [application] "Loka"
@e2 [scroll-area] "Conversation" [scrollable]
  [content below scroll-area hidden]
@e3 [other] "Conversation"
@e4 [text] "Bram keeps his eyes on the reeds. "My lantern’s beside the well, and I can’t leave the ferry. Would you fetch it?""
@e5 [text] "They are not here to answer. Find them, or close this."
@e6 [text] "Offer to fetch Bram's lantern: not here"
@e7 [button] "Leave"
@e8 [button] "Contents, Character, hp 20 of 20, is in perfect health, ma 100 of 100, mv 82 of 82"
@e9 [text] "Hour of the Dog, seven to nine"
@e10 [text] "Position, standing"

<scratch> (402x874 @1x)

Home

Opened: com.lorecrafting.loka
Session state: <home>/.agent-device/sessions/loka-m1-b2
Page: com.lorecrafting.loka
App: com.lorecrafting.loka
Snapshot: 10 visible nodes
Simulator AX snapshot unavailable (circuit-disabled); used XCTest for this app generation.
@e1 [application] "Loka"
@e2 [scroll-area] "Conversation" [scrollable]
  [content below scroll-area hidden]
@e3 [other] "Conversation"
@e4 [text] "Bram keeps his eyes on the reeds. "My lantern’s beside the well, and I can’t leave the ferry. Would you fetch it?""
@e5 [text] "They are not here to answer. Find them, or close this."
@e6 [text] "Offer to fetch Bram's lantern: not here"
@e7 [button] "Leave"
@e8 [button] "Contents, Character, hp 20 of 20, is in perfect health, ma 100 of 100, mv 82 of 82"
@e9 [text] "Hour of the Dog, seven to nine"
@e10 [text] "Position, standing"

Closed: loka-m1-b2

Opened: com.lorecrafting.loka
Session state: <home>/.agent-device/sessions/loka-m1-b2
Page: com.lorecrafting.loka
App: com.lorecrafting.loka
Snapshot: 1 nodes
Hint: sparse accessibility snapshot returned 1 node; snapshot state is invalid or unavailable for this screen. Use plain screenshot, not screenshot --overlay-refs, as visual truth. If screenshot shows the Home Screen or another app, run open for this app again first. Then navigate away with coordinates if needed and retry snapshot -i on the next screen.
@e1 [application] "Loka"

<scratch> (402x874 @1x)

Page: com.lorecrafting.loka
App: com.lorecrafting.loka
Snapshot: 8 visible nodes
@e1 [application] "Loka"
@e2 [scroll-area] [scrollable]
  [content below scroll-area hidden]
@e3 [text] "Bram's Lantern"
@e4 [button] "Continue"
@e5 [button] "Back to World"
@e6 [button] "Contents, Character, hp 20 of 20, is in perfect health, ma 100 of 100, mv 82 of 82"
@e7 [text] "Hour of the Pig, nine to eleven"
@e8 [text] "Position, standing"

Tapped label="Continue" (201, 167)
settled after 1806ms: +7 -4 (~4 unchanged)
+ @e2~s626499 [button] "Look, Ferry Landing"
- @e3 [text] "Bram's Lantern"
- @e4 [button] "Continue"
- @e5 [button] "Back to World"
+ @e4~s626499 [text] "Reeds crowd a slick wooden landing, and the river slides past it the color of strong tea. A mooring post leans into the current with a notice nailed to it. Tide marks stripe the pilings."
+ @e5~s626499 [button] "Continue conversation"
+ @e6~s626499 [text] "Hold the map and drag toward a path to walk; tap it to open the map."
+ @e7~s626499 [button] "Got it"
+ @e8~s626499 [button] "Map"
+ @e9~s626499 [button] "Position, standing"
- @e8 [text] "Position, standing"

Tapped label="Continue conversation" (201, 288)
settled after 1780ms: +6 -7 (~4 unchanged)
- @e2 [button] "Look, Ferry Landing"
- @e4 [text] "Reeds crowd a slick wooden landing, and the river slides past it the color of strong tea. A mooring post leans into the current with a notice nailed to it. Tide marks stripe the pilings."
- @e5 [button] "Continue conversation"
- @e6 [text] "Hold the map and drag toward a path to walk; tap it to open the map."
- @e7 [button] "Got it"
- @e8 [button] "Map"
- @e9 [button] "Position, standing"
+ @e3~s626506 [text] "Conversation"
+ @e4~s626506 [text] "Bram keeps his eyes on the reeds. "My lantern’s beside the well, and I can’t leave the ferry. Would you fetch it?""
+ @e5~s626506 [text] "They are not here to answer. Find them, or close this."
+ @e6~s626506 [text] "Offer to fetch Bram's lantern: not here"
+ @e7~s626506 [button] "Leave"
+ @e10~s626506 [text] "Position, standing"

Tapped label="Leave" (201, 339)
settled after 1746ms: +6 -6 (~4 unchanged)
+ @e2~s626513 [button] "Look, Ferry Landing"
- @e3 [text] "Conversation"
- @e4 [text] "Bram keeps his eyes on the reeds. "My lantern’s beside the well, and I can’t leave the ferry. Would you fetch it?""
- @e5 [text] "They are not here to answer. Find them, or close this."
- @e6 [text] "Offer to fetch Bram's lantern: not here"
- @e7 [button] "Leave"
+ @e4~s626513 [text] "Reeds crowd a slick wooden landing, and the river slides past it the color of strong tea. A mooring post leans into the current with a notice nailed to it. Tide marks stripe the pilings."
+ @e5~s626513 [text] "Hold the map and drag toward a path to walk; tap it to open the map."
+ @e6~s626513 [button] "Got it"
+ @e7~s626513 [button] "Map"
+ @e8~s626513 [button] "Position, standing"
- @e10 [text] "Position, standing"

Tapped label="Map" (201, 760)
settled after 1787ms: +6 -6 (~4 unchanged)
- @e2 [button] "Look, Ferry Landing"
- @e4 [text] "Reeds crowd a slick wooden landing, and the river slides past it the color of strong tea. A mooring post leans into the current with a notice nailed to it. Tide marks stripe the pilings."
- @e5 [text] "Hold the map and drag toward a path to walk; tap it to open the map."
- @e6 [button] "Got it"
- @e7 [button] "Map"
- @e8 [button] "Position, standing"
+ @e3~s626520 [text] "Map"
+ @e4~s626520 [text] "Ferry Landing"
+ @e5~s626520 [button] "Go north"
+ @e6~s626520 [text] "Beyond north: Well Lane — a brass lantern."
+ @e7~s626520 [button] "Back to World"
+ @e10~s626520 [text] "Position, standing"

Tapped label="Go north" (201, 215)
settled after 1799ms: +6 -7 (~3 unchanged)
+ @e2~s626527 [button] "Look, Well Lane"
- @e3 [text] "Map"
- @e4 [text] "Ferry Landing"
- @e5 [button] "Go north"
- @e6 [text] "Beyond north: Well Lane — a brass lantern."
- @e7 [button] "Back to World"
- @e8 [button] "Contents, Character, hp 20 of 20, is in perfect health, ma 100 of 100, mv 82 of 82"
+ @e4~s626527 [text] "A cobbled lane climbs from the landing toward the green. In the middle stands the well, with a bucket on a chain. The Drowned Lantern’s sign creaks to the east."
+ @e5~s626527 [button] "a brass lantern, open"
+ @e6~s626527 [button] "Map"
+ @e7~s626527 [button] "Position, standing"
+ @e8~s626527 [button] "Contents, Character, hp 20 of 20, is in perfect health, ma 100 of 100, mv 81 of 82"
- @e10 [text] "Position, standing"

Tapped label="Map" (201, 760)
settled after 1806ms: +10 -5 (~4 unchanged)
- @e2 [button] "Look, Well Lane"
- @e4 [text] "A cobbled lane climbs from the landing toward the green. In the middle stands the well, with a bucket on a chain. The Drowned Lantern’s sign creaks to the east."
- @e5 [button] "a brass lantern, open"
- @e6 [button] "Map"
- @e7 [button] "Position, standing"
+ @e3~s626534 [text] "Map"
+ @e4~s626534 [text] "Well Lane"
+ @e5~s626534 [button] "Go east"
+ @e6~s626534 [text] "Beyond east: The Drowned Lantern — Old Bram."
+ @e7~s626534 [button] "Go north"
+ @e8~s626534 [text] "Beyond north: Village Green."
+ @e9~s626534 [button] "Go south"
+ @e10~s626534 [text] "Beyond south: Ferry Landing."
+ @e11~s626534 [button] "Back to World"
+ @e14~s626534 [text] "Position, standing"

Tapped label="Go east" (201, 215)
settled after 1790ms: +6 -11 (~3 unchanged)
+ @e2~s626541 [button] "Look, The Drowned Lantern"
- @e3 [text] "Map"
- @e4 [text] "Well Lane"
- @e5 [button] "Go east"
- @e6 [text] "Beyond east: The Drowned Lantern — Old Bram."
- @e7 [button] "Go north"
- @e8 [text] "Beyond north: Village Green."
- @e9 [button] "Go south"
- @e10 [text] "Beyond south: Ferry Landing."
- @e11 [button] "Back to World"
- @e12 [button] "Contents, Character, hp 20 of 20, is in perfect health, ma 100 of 100, mv 82 of 82"
+ @e4~s626541 [text] "The inn is low and warm and smells of peat smoke and spilled ale. The hearth is big enough to stand in. The rumor board is thick with pinned notes, and Maud’s bar runs along the back wall."
+ @e5~s626541 [button] "Old Bram, open"
+ @e6~s626541 [button] "Map"
+ @e7~s626541 [button] "Position, standing"
+ @e8~s626541 [button] "Contents, Character, hp 20 of 20, is in perfect health, ma 100 of 100, mv 81 of 82"
- @e14 [text] "Position, standing"

Tapped label="Old Bram, open" (201, 288)
settled after 2179ms: +6 -5 (~4 unchanged)
- @e2 [button] "Look, The Drowned Lantern"
- @e4 [text] "The inn is low and warm and smells of peat smoke and spilled ale. The hearth is big enough to stand in. The rumor board is thick with pinned notes, and Maud’s bar runs along the back wall."
- @e5 [button] "Old Bram, open"
- @e6 [button] "Map"
- @e7 [button] "Position, standing"
+ @e3~s626549 [text] "Old Bram"
+ @e4~s626549 [text] "A ferryman with rope-scarred hands and a coat that has never been dry."
+ @e5~s626549 [text] "Bram keeps his eyes on the reeds. "My lantern’s beside the well, and I can’t leave the ferry. Would you fetch it?""
+ @e6~s626549 [button] "Talk to Old Bram"
+ @e7~s626549 [button] "Leave"
+ @e10~s626549 [text] "Position, standing"

Tapped label="Talk to Old Bram" (201, 299)
settled after 769ms: +2 -1 (~9 unchanged)
- @e6 [button] "Talk to Old Bram"
+ @e6~s626554 [text] "Bram keeps his eyes on the reeds. "My lantern’s beside the well, and I can’t leave the ferry. Would you fetch it?""
+ @e7~s626554 [button] "Offer to fetch Bram's lantern"

Error (COMMAND_FAILED): Selector did not match: label="Offer to fetch Bram\x27s lantern"
Hint: Selector text/label values match exactly (quote multi-word values: text="Sign in"). Run snapshot -i to see current elements and refs, or use find <text> for contains matching.
Diagnostic ID: muu0iqg2-c28cb595
Diagnostics Log: <home>/.agent-device/sessions/loka-m1-b2/requests/b19ca2e0c56f8a9f.ndjson

Tapped @e7 (201, 395)
settled after 712ms: +4 -2 (~9 unchanged)
- @e7 [button] "Offer to fetch Bram's lantern"
+ @e7~s626560 [text] "You say you'll fetch it. Bram nods toward the path north."
+ @e8~s626560 [text] "Journal updated"
+ @e9~s626560 [button] "Talk to Old Bram"
- @e9 [button] "Contents, Character, hp 20 of 20, is in perfect health, ma 100 of 100, mv 81 of 82"
+ @e11~s626560 [button] "Contents, Character, hp 20 of 20, is in perfect health, ma 100 of 100, mv 82 of 82"

Tapped label="Talk to Old Bram" (201, 467)
settled after 775ms: +3 -1 (~12 unchanged)
- @e9 [button] "Talk to Old Bram"
+ @e9~s626565 [text] "Bram looks at the lantern, then at you. "Will you keep it for now, or leave it with me?""
+ @e10~s626565 [text] "Leave it with Bram: you are not holding it"
+ @e11~s626565 [text] "Keep the lantern: you are not holding it"

Tapped label="Leave" (201, 591)
settled after 1770ms: +5 -11 (~4 unchanged)
+ @e2~s626572 [button] "Look, The Drowned Lantern"
- @e3 [text] "Old Bram"
- @e4 [text] "A ferryman with rope-scarred hands and a coat that has never been dry."
- @e5 [text] "Bram keeps his eyes on the reeds. "My lantern’s beside the well, and I can’t leave the ferry. Would you fetch it?""
- @e6 [text] "Bram keeps his eyes on the reeds. "My lantern’s beside the well, and I can’t leave the ferry. Would you fetch it?""
- @e7 [text] "You say you'll fetch it. Bram nods toward the path north."
- @e8 [text] "Journal updated"
- @e9 [text] "Bram looks at the lantern, then at you. "Will you keep it for now, or leave it with me?""
- @e10 [text] "Leave it with Bram: you are not holding it"
- @e11 [text] "Keep the lantern: you are not holding it"
- @e12 [button] "Leave"
+ @e4~s626572 [text] "The inn is low and warm and smells of peat smoke and spilled ale. The hearth is big enough to stand in. The rumor board is thick with pinned notes, and Maud’s bar runs along the back wall."
+ @e5~s626572 [button] "Old Bram, open"
+ @e6~s626572 [button] "Map"
+ @e7~s626572 [button] "Position, standing"
- @e15 [text] "Position, standing"

Tapped label="Old Bram, open" (201, 288)
settled after 1813ms: +10 -5 (~4 unchanged)
- @e2 [button] "Look, The Drowned Lantern"
- @e4 [text] "The inn is low and warm and smells of peat smoke and spilled ale. The hearth is big enough to stand in. The rumor board is thick with pinned notes, and Maud’s bar runs along the back wall."
- @e5 [button] "Old Bram, open"
- @e6 [button] "Map"
- @e7 [button] "Position, standing"
+ @e3~s626579 [text] "Old Bram"
+ @e4~s626579 [text] "A ferryman with rope-scarred hands and a coat that has never been dry."
+ @e5~s626579 [text] "Bram keeps his eyes on the reeds. "My lantern’s beside the well, and I can’t leave the ferry. Would you fetch it?""
+ @e6~s626579 [text] "Bram keeps his eyes on the reeds. "My lantern’s beside the well, and I can’t leave the ferry. Would you fetch it?""
+ @e7~s626579 [text] "You say you'll fetch it. Bram nods toward the path north."
+ @e8~s626579 [text] "Journal updated"
+ @e9~s626579 [text] "Bram looks at the lantern, then at you. "Will you keep it for now, or leave it with me?""
+ @e10~s626579 [button] "Talk to Old Bram"
+ @e11~s626579 [button] "Leave"
+ @e14~s626579 [text] "Position, standing"

Tapped label="Talk to Old Bram" (201, 523)
settled after 731ms: +3 -1 (~13 unchanged)
- @e10 [button] "Talk to Old Bram"
+ @e10~s626584 [text] "Bram looks at the lantern, then at you. "Will you keep it for now, or leave it with me?""
+ @e11~s626584 [text] "Leave it with Bram: you are not holding it"
+ @e12~s626584 [text] "Keep the lantern: you are not holding it"

Panned (200, 560) by (0, -280)

<scratch> (402x874 @1x)

<scratch> (402x874 @1x)

Tapped label="Leave" (201, 647)
settled after 1780ms: +5 -12 (~4 unchanged)
+ @e2~s626591 [button] "Look, The Drowned Lantern"
- @e3 [text] "Old Bram"
- @e4 [text] "A ferryman with rope-scarred hands and a coat that has never been dry."
- @e5 [text] "Bram keeps his eyes on the reeds. "My lantern’s beside the well, and I can’t leave the ferry. Would you fetch it?""
- @e6 [text] "Bram keeps his eyes on the reeds. "My lantern’s beside the well, and I can’t leave the ferry. Would you fetch it?""
- @e7 [text] "You say you'll fetch it. Bram nods toward the path north."
- @e8 [text] "Journal updated"
- @e9 [text] "Bram looks at the lantern, then at you. "Will you keep it for now, or leave it with me?""
- @e10 [text] "Bram looks at the lantern, then at you. "Will you keep it for now, or leave it with me?""
- @e11 [text] "Leave it with Bram: you are not holding it"
- @e12 [text] "Keep the lantern: you are not holding it"
- @e13 [button] "Leave"
+ @e4~s626591 [text] "The inn is low and warm and smells of peat smoke and spilled ale. The hearth is big enough to stand in. The rumor board is thick with pinned notes, and Maud’s bar runs along the back wall."
+ @e5~s626591 [button] "Old Bram, open"
+ @e6~s626591 [button] "Map"
+ @e7~s626591 [button] "Position, standing"
- @e16 [text] "Position, standing"

Tapped label="Old Bram, open" (201, 288)
settled after 2693ms: +12 -6 (~3 unchanged)
- @e2 [button] "Look, The Drowned Lantern"
- @e4 [text] "The inn is low and warm and smells of peat smoke and spilled ale. The hearth is big enough to stand in. The rumor board is thick with pinned notes, and Maud’s bar runs along the back wall."
- @e5 [button] "Old Bram, open"
- @e6 [button] "Map"
- @e7 [button] "Position, standing"
+ @e3~s626600 [text] "Old Bram"
+ @e4~s626600 [text] "A ferryman with rope-scarred hands and a coat that has never been dry."
+ @e5~s626600 [text] "Bram keeps his eyes on the reeds. "My lantern’s beside the well, and I can’t leave the ferry. Would you fetch it?""
+ @e6~s626600 [text] "Bram keeps his eyes on the reeds. "My lantern’s beside the well, and I can’t leave the ferry. Would you fetch it?""
+ @e7~s626600 [text] "You say you'll fetch it. Bram nods toward the path north."
+ @e8~s626600 [text] "Journal updated"
+ @e9~s626600 [text] "Bram looks at the lantern, then at you. "Will you keep it for now, or leave it with me?""
+ @e10~s626600 [text] "Bram looks at the lantern, then at you. "Will you keep it for now, or leave it with me?""
+ @e11~s626600 [button] "Talk to Old Bram"
+ @e12~s626600 [button] "Leave"
- @e9 [text] "Hour of the Ox, one to three"
+ @e14~s626600 [text] "Hour of the Tiger, three to five"
+ @e15~s626600 [text] "Position, standing"

Tapped label="Talk to Old Bram" (201, 579)
settled after 720ms: +3 -1 (~14 unchanged)
- @e11 [button] "Talk to Old Bram"
+ @e11~s626605 [text] "Bram looks at the lantern, then at you. "Will you keep it for now, or leave it with me?""
+ @e12~s626605 [text] "Leave it with Bram: you are not holding it"
+ @e13~s626605 [text] "Keep the lantern: you are not holding it"

Panned (200, 560) by (0, -280)

<scratch> (402x874 @1x)

<scratch> (402x874 @1x)

Tapped label="Leave" (201, 703)
settled after 2204ms: +5 -13 (~4 unchanged)
+ @e2~s626613 [button] "Look, The Drowned Lantern"
- @e3 [text] "Old Bram"
- @e4 [text] "A ferryman with rope-scarred hands and a coat that has never been dry."
- @e5 [text] "Bram keeps his eyes on the reeds. "My lantern’s beside the well, and I can’t leave the ferry. Would you fetch it?""
- @e6 [text] "Bram keeps his eyes on the reeds. "My lantern’s beside the well, and I can’t leave the ferry. Would you fetch it?""
- @e7 [text] "You say you'll fetch it. Bram nods toward the path north."
- @e8 [text] "Journal updated"
- @e9 [text] "Bram looks at the lantern, then at you. "Will you keep it for now, or leave it with me?""
- @e10 [text] "Bram looks at the lantern, then at you. "Will you keep it for now, or leave it with me?""
- @e11 [text] "Bram looks at the lantern, then at you. "Will you keep it for now, or leave it with me?""
- @e12 [text] "Leave it with Bram: you are not holding it"
- @e13 [text] "Keep the lantern: you are not holding it"
- @e14 [button] "Leave"
+ @e4~s626613 [text] "The inn is low and warm and smells of peat smoke and spilled ale. The hearth is big enough to stand in. The rumor board is thick with pinned notes, and Maud’s bar runs along the back wall."
+ @e5~s626613 [button] "Old Bram, open"
+ @e6~s626613 [button] "Map"
+ @e7~s626613 [button] "Position, standing"
- @e17 [text] "Position, standing"

Tapped label="Map" (201, 760)
settled after 1790ms: +10 -5 (~4 unchanged)
- @e2 [button] "Look, The Drowned Lantern"
- @e4 [text] "The inn is low and warm and smells of peat smoke and spilled ale. The hearth is big enough to stand in. The rumor board is thick with pinned notes, and Maud’s bar runs along the back wall."
- @e5 [button] "Old Bram, open"
- @e6 [button] "Map"
- @e7 [button] "Position, standing"
+ @e3~s626620 [text] "Map"
+ @e4~s626620 [text] "The Drowned Lantern"
+ @e5~s626620 [text] "Down: locked"
+ @e6~s626620 [text] "The cellar door: locked"
+ @e7~s626620 [button] "Go up"
+ @e8~s626620 [text] "Beyond up: Inn Rooms — a brass key, a cellar key, a wool cloak."
+ @e9~s626620 [button] "Go west"
+ @e10~s626620 [text] "Beyond west: Well Lane — a brass lantern."
+ @e11~s626620 [button] "Back to World"
+ @e14~s626620 [text] "Position, standing"

Tapped label="Go west" (201, 411)
settled after 1789ms: +6 -11 (~3 unchanged)
+ @e2~s626627 [button] "Look, Well Lane"
- @e3 [text] "Map"
- @e4 [text] "The Drowned Lantern"
- @e5 [text] "Down: locked"
- @e6 [text] "The cellar door: locked"
- @e7 [button] "Go up"
- @e8 [text] "Beyond up: Inn Rooms — a brass key, a cellar key, a wool cloak."
- @e9 [button] "Go west"
- @e10 [text] "Beyond west: Well Lane — a brass lantern."
- @e11 [button] "Back to World"
- @e12 [button] "Contents, Character, hp 20 of 20, is in perfect health, ma 100 of 100, mv 82 of 82"
+ @e4~s626627 [text] "A cobbled lane climbs from the landing toward the green. In the middle stands the well, with a bucket on a chain. The Drowned Lantern’s sign creaks to the east."
+ @e5~s626627 [button] "a brass lantern, open"
+ @e6~s626627 [button] "Map"
+ @e7~s626627 [button] "Position, standing"
+ @e8~s626627 [button] "Contents, Character, hp 20 of 20, is in perfect health, ma 100 of 100, mv 81 of 82"
- @e14 [text] "Position, standing"

Tapped label="a brass lantern, open" (201, 288)
settled after 1800ms: +5 -5 (~4 unchanged)
- @e2 [button] "Look, Well Lane"
- @e4 [text] "A cobbled lane climbs from the landing toward the green. In the middle stands the well, with a bucket on a chain. The Drowned Lantern’s sign creaks to the east."
- @e5 [button] "a brass lantern, open"
- @e6 [button] "Map"
- @e7 [button] "Position, standing"
+ @e3~s626634 [text] "A brass lantern"
+ @e4~s626634 [text] "Dented brass with a horn window, oil sloshing inside."
+ @e5~s626634 [button] "Take a brass lantern"
+ @e6~s626634 [button] "Leave"
+ @e9~s626634 [text] "Position, standing"

Tapped label="Take a brass lantern" (201, 231)
settled after 1792ms: +5 -5 (~4 unchanged)
+ @e2~s626641 [button] "Look, Well Lane"
- @e3 [text] "A brass lantern"
- @e4 [text] "Dented brass with a horn window, oil sloshing inside."
- @e5 [button] "Take a brass lantern"
- @e6 [button] "Leave"
+ @e4~s626641 [text] "A cobbled lane climbs from the landing toward the green. In the middle stands the well, with a bucket on a chain. The Drowned Lantern’s sign creaks to the east."
+ @e5~s626641 [text] "You pick up a brass lantern."
+ @e6~s626641 [button] "Map"
+ @e7~s626641 [button] "Position, standing"
- @e9 [text] "Position, standing"

Tapped label="Map" (201, 760)
settled after 1805ms: +10 -5 (~4 unchanged)
- @e2 [button] "Look, Well Lane"
- @e4 [text] "A cobbled lane climbs from the landing toward the green. In the middle stands the well, with a bucket on a chain. The Drowned Lantern’s sign creaks to the east."
- @e5 [text] "You pick up a brass lantern."
- @e6 [button] "Map"
- @e7 [button] "Position, standing"
+ @e3~s626648 [text] "Map"
+ @e4~s626648 [text] "Well Lane"
+ @e5~s626648 [button] "Go east"
+ @e6~s626648 [text] "Beyond east: The Drowned Lantern — Old Bram."
+ @e7~s626648 [button] "Go north"
+ @e8~s626648 [text] "Beyond north: Village Green."
+ @e9~s626648 [button] "Go south"
+ @e10~s626648 [text] "Beyond south: Ferry Landing."
+ @e11~s626648 [button] "Back to World"
+ @e14~s626648 [text] "Position, standing"

Tapped label="Go east" (201, 215)
settled after 1800ms: +6 -11 (~3 unchanged)
+ @e2~s626655 [button] "Look, The Drowned Lantern"
- @e3 [text] "Map"
- @e4 [text] "Well Lane"
- @e5 [button] "Go east"
- @e6 [text] "Beyond east: The Drowned Lantern — Old Bram."
- @e7 [button] "Go north"
- @e8 [text] "Beyond north: Village Green."
- @e9 [button] "Go south"
- @e10 [text] "Beyond south: Ferry Landing."
- @e11 [button] "Back to World"
- @e12 [button] "Contents, Character, hp 20 of 20, is in perfect health, ma 100 of 100, mv 82 of 82"
+ @e4~s626655 [text] "The inn is low and warm and smells of peat smoke and spilled ale. The hearth is big enough to stand in. The rumor board is thick with pinned notes, and Maud’s bar runs along the back wall."
+ @e5~s626655 [button] "Old Bram, open"
+ @e6~s626655 [button] "Map"
+ @e7~s626655 [button] "Position, standing"
+ @e8~s626655 [button] "Contents, Character, hp 20 of 20, is in perfect health, ma 100 of 100, mv 81 of 82"
- @e14 [text] "Position, standing"

Tapped label="Old Bram, open" (201, 288)
settled after 1789ms: +12 -5 (~4 unchanged)
- @e2 [button] "Look, The Drowned Lantern"
- @e4 [text] "The inn is low and warm and smells of peat smoke and spilled ale. The hearth is big enough to stand in. The rumor board is thick with pinned notes, and Maud’s bar runs along the back wall."
- @e5 [button] "Old Bram, open"
- @e6 [button] "Map"
- @e7 [button] "Position, standing"
+ @e3~s626662 [text] "Old Bram"
+ @e4~s626662 [text] "A ferryman with rope-scarred hands and a coat that has never been dry."
+ @e5~s626662 [text] "Bram keeps his eyes on the reeds. "My lantern’s beside the well, and I can’t leave the ferry. Would you fetch it?""
+ @e6~s626662 [text] "Bram keeps his eyes on the reeds. "My lantern’s beside the well, and I can’t leave the ferry. Would you fetch it?""
+ @e7~s626662 [text] "You say you'll fetch it. Bram nods toward the path north."
+ @e8~s626662 [text] "Journal updated"
+ @e9~s626662 [text] "Bram looks at the lantern, then at you. "Will you keep it for now, or leave it with me?""
+ @e10~s626662 [text] "Bram looks at the lantern, then at you. "Will you keep it for now, or leave it with me?""
+ @e11~s626662 [text] "Bram looks at the lantern, then at you. "Will you keep it for now, or leave it with me?""
+ @e12~s626662 [button] "Talk to Old Bram"
+ @e13~s626662 [button] "Leave"
+ @e16~s626662 [text] "Position, standing"

Tapped label="Talk to Old Bram" (201, 635)
settled after 759ms: +1 -0 (~16 unchanged)
+ @e12~s626667 [text] "The page had changed; here it is again."
unchanged interactive (15):
= @e2~s626667 [scroll-area]
= @e3~s626667 [text] "Old Bram"
= @e4~s626667 [text] "A ferryman with rope-scarred hands and a coat that has never been dry."
= @e5~s626667 [text] "Bram keeps his eyes on the reeds. "My lantern’s beside the well, and I can’t leave the ferry. Would you fetch it?""
= @e6~s626667 [text] "Bram keeps his eyes on the reeds. "My lantern’s beside the well, and I can’t leave the ferry. Would you fetch it?""
= @e7~s626667 [text] "You say you'll fetch it. Bram nods toward the path north."
= @e8~s626667 [text] "Journal updated"
= @e9~s626667 [text] "Bram looks at the lantern, then at you. "Will you keep it for now, or leave it with me?""
= @e10~s626667 [text] "Bram looks at the lantern, then at you. "Will you keep it for now, or leave it with me?""
= @e11~s626667 [text] "Bram looks at the lantern, then at you. "Will you keep it for now, or leave it with me?""
= @e13~s626667 [button] "Talk to Old Bram"
= @e14~s626667 [button] "Leave"
= @e15~s626667 [button] "Contents, Character, hp 20 of 20, is in perfect health, ma 100 of 100, mv 81 of 82"
= @e16~s626667 [text] "Hour of the Rabbit, five to seven"
= @e17~s626667 [text] "Position, standing"

Error (COMMAND_FAILED): Selector did not match: label="Keep the lantern"
Hint: Selector text/label values match exactly (quote multi-word values: text="Sign in"). Run snapshot -i to see current elements and refs, or use find <text> for contains matching.
Diagnostic ID: muu0s75s-090d7d8c
Diagnostics Log: <home>/.agent-device/sessions/loka-m1-b2/requests/86b8141cf32377d7.ndjson

Error (COMMAND_FAILED): Selector did not match: label="Talk to Old Bram"
Hint: Selector text/label values match exactly (quote multi-word values: text="Sign in"). Run snapshot -i to see current elements and refs, or use find <text> for contains matching.
Diagnostic ID: muu0ser5-5bc6c80b
Diagnostics Log: <home>/.agent-device/sessions/loka-m1-b2/requests/b149a05b4ccd5119.ndjson

Page: com.lorecrafting.loka
App: com.lorecrafting.loka
Snapshot: 9 visible nodes
@e1 [application] "Loka"
@e2 [button] "Look, The Drowned Lantern"
@e3 [scroll-area] [scrollable]
  [content below scroll-area hidden]
@e4 [text] "The inn is low and warm and smells of peat smoke and spilled ale. The hearth is big enough to stand in. The rumor board is thick with pinned notes, and Maud’s bar runs along the back wall."
@e5 [text] "Old Bram leaves."
@e6 [button] "Map"
@e7 [button] "Position, standing"
@e8 [button] "Contents, Character, hp 20 of 20, is in perfect health, ma 100 of 100, mv 82 of 82"
@e9 [text] "Hour of the Rabbit, five to seven"

Tapped label="Map" (201, 760)
settled after 1769ms: +10 -5 (~4 unchanged)
- @e2 [button] "Look, The Drowned Lantern"
- @e4 [text] "The inn is low and warm and smells of peat smoke and spilled ale. The hearth is big enough to stand in. The rumor board is thick with pinned notes, and Maud’s bar runs along the back wall."
- @e5 [text] "Old Bram leaves."
- @e6 [button] "Map"
- @e7 [button] "Position, standing"
+ @e3~s626679 [text] "Map"
+ @e4~s626679 [text] "The Drowned Lantern"
+ @e5~s626679 [text] "Down: locked"
+ @e6~s626679 [text] "The cellar door: locked"
+ @e7~s626679 [button] "Go up"
+ @e8~s626679 [text] "Beyond up: Inn Rooms — a brass key, a cellar key, a wool cloak."
+ @e9~s626679 [button] "Go west"
+ @e10~s626679 [text] "Beyond west: Well Lane."
+ @e11~s626679 [button] "Back to World"
+ @e14~s626679 [text] "Position, standing"

Tapped label="Go west" (201, 411)
settled after 2656ms: +5 -11 (~3 unchanged)
+ @e2~s626688 [button] "Look, Well Lane"
- @e3 [text] "Map"
- @e4 [text] "The Drowned Lantern"
- @e5 [text] "Down: locked"
- @e6 [text] "The cellar door: locked"
- @e7 [button] "Go up"
- @e8 [text] "Beyond up: Inn Rooms — a brass key, a cellar key, a wool cloak."
- @e9 [button] "Go west"
- @e10 [text] "Beyond west: Well Lane."
- @e11 [button] "Back to World"
+ @e4~s626688 [text] "A cobbled lane climbs from the landing toward the green. In the middle stands the well, with a bucket on a chain. The Drowned Lantern’s sign creaks to the east."
+ @e5~s626688 [button] "Map"
+ @e6~s626688 [button] "Position, standing"
- @e13 [text] "Hour of the Rabbit, five to seven"
- @e14 [text] "Position, standing"
+ @e8~s626688 [text] "Hour of the Dragon, seven to nine"

Tapped label="Map" (201, 760)
settled after 1789ms: +10 -4 (~4 unchanged)
- @e2 [button] "Look, Well Lane"
- @e4 [text] "A cobbled lane climbs from the landing toward the green. In the middle stands the well, with a bucket on a chain. The Drowned Lantern’s sign creaks to the east."
- @e5 [button] "Map"
- @e6 [button] "Position, standing"
+ @e3~s626695 [text] "Map"
+ @e4~s626695 [text] "Well Lane"
+ @e5~s626695 [button] "Go east"
+ @e6~s626695 [text] "Beyond east: The Drowned Lantern."
+ @e7~s626695 [button] "Go north"
+ @e8~s626695 [text] "Beyond north: Village Green."
+ @e9~s626695 [button] "Go south"
+ @e10~s626695 [text] "Beyond south: Ferry Landing — Old Bram."
+ @e11~s626695 [button] "Back to World"
+ @e14~s626695 [text] "Position, standing"

Tapped label="Go south" (201, 399)
settled after 2233ms: +6 -11 (~3 unchanged)
+ @e2~s626703 [button] "Look, Ferry Landing"
- @e3 [text] "Map"
- @e4 [text] "Well Lane"
- @e5 [button] "Go east"
- @e6 [text] "Beyond east: The Drowned Lantern."
- @e7 [button] "Go north"
- @e8 [text] "Beyond north: Village Green."
- @e9 [button] "Go south"
- @e10 [text] "Beyond south: Ferry Landing — Old Bram."
- @e11 [button] "Back to World"
- @e12 [button] "Contents, Character, hp 20 of 20, is in perfect health, ma 100 of 100, mv 82 of 82"
+ @e4~s626703 [text] "Reeds crowd a slick wooden landing, and the river slides past it the color of strong tea. A mooring post leans into the current with a notice nailed to it. Tide marks stripe the pilings."
+ @e5~s626703 [button] "Old Bram, open"
+ @e6~s626703 [button] "Map"
+ @e7~s626703 [button] "Position, standing"
+ @e8~s626703 [button] "Contents, Character, hp 20 of 20, is in perfect health, ma 100 of 100, mv 81 of 82"
- @e14 [text] "Position, standing"

Tapped label="Old Bram, open" (201, 288)
settled after 1825ms: +13 -5 (~4 unchanged)
- @e2 [button] "Look, Ferry Landing"
- @e4 [text] "Reeds crowd a slick wooden landing, and the river slides past it the color of strong tea. A mooring post leans into the current with a notice nailed to it. Tide marks stripe the pilings."
- @e5 [button] "Old Bram, open"
- @e6 [button] "Map"
- @e7 [button] "Position, standing"
+ @e3~s626710 [text] "Old Bram"
+ @e4~s626710 [text] "A ferryman with rope-scarred hands and a coat that has never been dry."
+ @e5~s626710 [text] "Bram keeps his eyes on the reeds. "My lantern’s beside the well, and I can’t leave the ferry. Would you fetch it?""
+ @e6~s626710 [text] "Bram keeps his eyes on the reeds. "My lantern’s beside the well, and I can’t leave the ferry. Would you fetch it?""
+ @e7~s626710 [text] "You say you'll fetch it. Bram nods toward the path north."
+ @e8~s626710 [text] "Journal updated"
+ @e9~s626710 [text] "Bram looks at the lantern, then at you. "Will you keep it for now, or leave it with me?""
+ @e10~s626710 [text] "Bram looks at the lantern, then at you. "Will you keep it for now, or leave it with me?""
+ @e11~s626710 [text] "Bram looks at the lantern, then at you. "Will you keep it for now, or leave it with me?""
+ @e12~s626710 [text] "The page had changed; here it is again."
+ @e13~s626710 [button] "Talk to Old Bram"
+ @e14~s626710 [button] "Leave"
+ @e17~s626710 [text] "Position, standing"

Tapped label="Talk to Old Bram" (201, 663)
settled after 790ms: +3 -2 (~15 unchanged)
- @e3 [text] "Old Bram"
- @e13 [button] "Talk to Old Bram"
+ @e12~s626715 [text] "Bram looks at the lantern, then at you. "Will you keep it for now, or leave it with me?""
+ @e13~s626715 [button] "Leave it with Bram"
+ @e14~s626715 [button] "Keep the lantern"

Closed: loka-m1-b2

Opened: com.lorecrafting.loka
Session state: <home>/.agent-device/sessions/loka-m1-b2
Page: com.lorecrafting.loka
App: com.lorecrafting.loka
Snapshot: 8 visible nodes
Simulator AX snapshot unavailable (application-server-unavailable); used XCTest for this app generation.
Detected an overly complex or slow accessibility tree. Fell back to the private-ax snapshot backend. It is OK to continue; use --json to inspect snapshotQuality.reason if you need recovery details.
@e1 [application] "Loka"
@e2 [scroll-area] [scrollable]
  [content below scroll-area hidden]
@e3 [text] "Bram's Lantern"
@e4 [button] "Continue"
@e5 [button] "Back to World"
@e6 [button] "Contents, Character, hp 20 of 20, is in perfect health, ma 100 of 100, mv 82 of 82"
@e7 [text] "Hour of the Dragon, seven to nine"
@e8 [text] "Position, standing"

Page: com.lorecrafting.loka
App: com.lorecrafting.loka
Snapshot: 8 visible nodes
Simulator AX snapshot unavailable (circuit-disabled); used XCTest for this app generation.
@e1 [application] "Loka"
@e2 [scroll-area] "Bram's Lantern" [scrollable]
  [content below scroll-area hidden]
@e3 [cell] "Bram's Lantern"
@e4 [button] "Continue"
@e5 [button] "Back to World"
@e6 [button] "Contents, Character, hp 20 of 20, is in perfect health, ma 100 of 100, mv 82 of 82"
@e7 [text] "Hour of the Snake, nine to eleven"
@e8 [text] "Position, standing"

Tapped label="Continue" (201, 167)
settled after 1869ms: +7 -5 (~3 unchanged)
- @e2 [scroll-area] "Bram's Lantern"
- @e3 [cell] "Bram's Lantern"
- @e4 [button] "Continue"
- @e5 [button] "Back to World"
+ @e2~s222094 [other] "Look, Ferry Landing"
+ @e3~s222094 [button] "Look, Ferry Landing"
+ @e4~s222094 [scroll-area] "Reeds crowd a slick wooden landing, and the river slides past it the color of strong tea. A mooring post leans into the current with a notice nailed to it. Tide marks stripe the pilings."
+ @e5~s222094 [other] "Reeds crowd a slick wooden landing, and the river slides past it the color of strong tea. A mooring post leans into the current with a notice nailed to it. Tide marks stripe the pilings."
+ @e6~s222094 [button] "Old Bram, open"
+ @e7~s222094 [button] "Map"
+ @e8~s222094 [button] "Position, standing"
- @e8 [text] "Position, standing"

Error (COMMAND_FAILED): Selector did not match: label="Continue conversation"
Hint: Selector text/label values match exactly (quote multi-word values: text="Sign in"). Run snapshot -i to see current elements and refs, or use find <text> for contains matching.
Diagnostic ID: muu0xdhw-28bf5503
Diagnostics Log: <home>/.agent-device/sessions/loka-m1-b2/requests/446ea274405ade82.ndjson

Tapped label="Old Bram, open" (201, 288)
settled after 1724ms: +9 -7 (~3 unchanged)
- @e2 [other] "Look, Ferry Landing"
- @e3 [button] "Look, Ferry Landing"
- @e4 [scroll-area] "Reeds crowd a slick wooden landing, and the river slides past it the color of strong tea. A mooring post leans into the current with a notice nailed to it. Tide marks stripe the pilings."
- @e5 [other] "Reeds crowd a slick wooden landing, and the river slides past it the color of strong tea. A mooring post leans into the current with a notice nailed to it. Tide marks stripe the pilings."
- @e6 [button] "Old Bram, open"
- @e7 [button] "Map"
- @e8 [button] "Position, standing"
+ @e2~s222102 [scroll-area] "Old Bram"
+ @e3~s222102 [other] "Old Bram"
+ @e4~s222102 [text] "A ferryman with rope-scarred hands and a coat that has never been dry."
+ @e5~s222102 [text] "You say you'll fetch it. Bram nods toward the path north."
+ @e6~s222102 [text] "Bram looks at the lantern, then at you. "Will you keep it for now, or leave it with me?""
+ @e7~s222102 [button] "Leave it with Bram"
+ @e8~s222102 [button] "Keep the lantern"
+ @e9~s222102 [button] "Leave"
+ @e12~s222102 [text] "Position, standing"

Tapped label="Keep the lantern" (201, 383)
settled after 1771ms: +4 -9 (~3 unchanged)
- @e2 [scroll-area] "Old Bram"
- @e3 [other] "Old Bram"
- @e4 [text] "A ferryman with rope-scarred hands and a coat that has never been dry."
- @e5 [text] "You say you'll fetch it. Bram nods toward the path north."
- @e6 [text] "Bram looks at the lantern, then at you. "Will you keep it for now, or leave it with me?""
- @e7 [button] "Leave it with Bram"
- @e8 [button] "Keep the lantern"
- @e9 [button] "Leave"
- @e10 [button] "Contents, Character, hp 20 of 20, is in perfect health, ma 100 of 100, mv 82 of 82"
+ @e2~s222108 [scroll-area] "Bram settles his boot against the ferry. The wet rope creaks around the mooring post."
+ @e3~s222108 [other] "Bram settles his boot against the ferry. The wet rope creaks around the mooring post."
+ @e4~s222108 [button] "Continue"
+ @e5~s222108 [button] "Contents, Character, hp 20 of 20, is in perfect health, ma 100 of 100, mv 82 of 82" [disabled]

<scratch> (402x874 @1x)

Page: com.lorecrafting.loka
App: com.lorecrafting.loka
Snapshot: 7 visible nodes
Simulator AX snapshot unavailable (circuit-disabled); used XCTest for this app generation.
@e1 [application] "Loka"
@e2 [scroll-area] "Bram settles his boot against the ferry. The wet rope creaks around the mooring post." [scrollable]
  [content below scroll-area hidden]
@e3 [other] [same label as parent]
@e4 [button] "Continue"
@e5 [button] "Contents, Character, hp 20 of 20, is in perfect health, ma 100 of 100, mv 82 of 82" [disabled]
@e6 [text] "Hour of the Snake, nine to eleven"
@e7 [text] "Position, standing"

Tapped label="Continue" (201, 231)
settled after 716ms: +2 -2 (~5 unchanged)
- @e2 [scroll-area] "Bram settles his boot against the ferry. The wet rope creaks around the mooring post."
- @e3 [other] "Bram settles his boot against the ferry. The wet rope creaks around the mooring post."
+ @e2~s222113 [scroll-area] "You turn the brass lantern in your hand. Its dented side is cool against your palm."
+ @e3~s222113 [other] "You turn the brass lantern in your hand. Its dented side is cool against your palm."
unchanged interactive (4):
= @e4~s222113 [button] "Continue"
= @e5~s222113 [button] "Contents, Character, hp 20 of 20, is in perfect health, ma 100 of 100, mv 82 of 82"
= @e6~s222113 [text] "Hour of the Horse, eleven to one"
= @e7~s222113 [text] "Position, standing"

Closed: loka-m1-b2

Opened: com.lorecrafting.loka
Session state: <home>/.agent-device/sessions/loka-m1-b2
Page: com.lorecrafting.loka
App: com.lorecrafting.loka
Snapshot: 7 visible nodes
Simulator AX snapshot unavailable (foreground-owner-unverified); used XCTest for this app generation.
@e1 [application] "Loka"
@e2 [scroll-area] "You turn the brass lantern in your hand. Its dented side is cool against your palm." [scrollable]
  [content below scroll-area hidden]
@e3 [other] [same label as parent]
@e4 [button] "Continue"
@e5 [button] "Contents, Character, hp 20 of 20, is in perfect health, ma 100 of 100, mv 82 of 82" [disabled]
@e6 [text] "Hour of the Pig, nine to eleven"
@e7 [text] "Position, standing"

<scratch> (402x874 @1x)

Closed: loka-m1-b2
