Checking formatting...
All matched files use Prettier code style!
[warn] postinstall script did not run; falling back to runtime binary resolution.
Enable postinstall to avoid the per-invocation overhead.
error[mobile-authority-no-display-text]: The local authority returns results, never display text; the app's presenter says them (owner decision 2026-10-02, presenter split).
   ┌─ mobile/authority/local-story/__tests__/elapsed-host.ts:25:13
   │
25 │   sql.exec('PRAGMA page_size = 512');
   │             ^^^^^^^^^^^^^^^^^^^^^^

error[mobile-authority-no-display-text]: The local authority returns results, never display text; the app's presenter says them (owner decision 2026-10-02, presenter split).
   ┌─ mobile/authority/local-story/__tests__/elapsed-host.ts:28:35
   │
28 │     if (fault.reads) sql.prepare('SELECT * FROM unavailable_elapsed_reads').get();
   │                                   ^^^^^^^^^^^^^^^^^^^^^^^^^^^^^^^^^^^^^^^

error[mobile-authority-no-display-text]: The local authority returns results, never display text; the app's presenter says them (owner decision 2026-10-02, presenter split).
   ┌─ mobile/authority/local-story/__tests__/elapsed-host.ts:51:19
   │
51 │         sql.exec('INSERT INTO child VALUES (1)'); // real deferred constraint: COMMIT fails
   │                   ^^^^^^^^^^^^^^^^^^^^^^^^^^^^

error[mobile-authority-no-display-text]: The local authority returns results, never display text; the app's presenter says them (owner decision 2026-10-02, presenter split).
   ┌─ mobile/authority/local-story/__tests__/elapsed-host.ts:76:19
   │
76 │   ...sql.prepare('SELECT wall_ms, remainder, target FROM elapsed').get(),
   │                   ^^^^^^^^^^^^^^^^^^^^^^^^^^^^^^^^^^^^^^^^^^^^^^

error[mobile-authority-no-display-text]: The local authority returns results, never display text; the app's presenter says them (owner decision 2026-10-02, presenter split).
   ┌─ mobile/authority/local-story/__tests__/elapsed-host.ts:79:16
   │
79 │   sql.prepare('SELECT count(*) AS n FROM receipt').get()!.n;
   │                ^^^^^^^^^^^^^^^^^^^^^^^^^^^^^^^^^

Error: 5 error(s) found in code.
Help: Scan succeeded and found error level diagnostics in the codebase.

