Resolving Hex dependencies...
Resolution completed in 0.016s
Unchanged:
  boundary 0.11.0
  bunt 1.0.0
  credo 1.7.19
  file_system 1.1.1
  jason 1.4.5
All dependencies have been fetched
No cycles found
Running ExUnit with seed: 89586, max_cases: 16

..............................................................................................................................................

  1) test compiled artifacts load in TypeScript with identical bytes, hash and lock (Loka.CartridgeCrossKernelTest)
     test/loka/cartridge_cross_kernel_test.exs:169
     <worktree><scratch>
     code: for {theirs, path} <- Enum.zip(loaded, paths) do
     stacktrace:
       test/loka/cartridge_cross_kernel_test.exs:201: anonymous fn/2 in Loka.CartridgeCrossKernelTest."test compiled artifacts load in TypeScript with identical bytes, hash and lock"/1
       (elixir 1.20.4) lib/enum.ex:2622: Enum."-reduce/3-lists^foldl/2-0-"/3
       test/loka/cartridge_cross_kernel_test.exs:198: (test)

.....................................................................................................................
Finished in 2.5 seconds (2.4s async, 0.05s sync)

Result: 259/260 passed
Failed: 1 test
error: failed to push some refs to 'github.com:lorecrafting/lokacore.git'
