(node:24163) [MODULE_TYPELESS_PACKAGE_JSON] Warning: Module type of file://<worktree>/mobile/app/book/polish.test.ts is not specified and it doesn't parse as CommonJS.
Reparsing as ES module because module syntax was detected. This incurs a performance overhead.
To eliminate this warning, add "type": "module" to <worktree>/mobile/app/package.json.
(Use `node --trace-warnings ...` to show where the warning was created)
✔ room is focused while Map retains directions and every detail returns to the world (110.946875ms)
✔ a postcommit narration read fault preserves the saved result and clears retry context (65.275292ms)
✔ NPC history has distinct journal events and one confirmed Leave after the scrolling log (82.748666ms)
✔ only World position taps directly cycle the offered states with captured freshness (47.823833ms)
✔ an NPC choice retried from the world keeps its result in the original detail (50.666333ms)
✔ only confirmed pickup returns World, including a retry from another page (35.430125ms)
✔ touch omits incomplete Give but the complete item and recipient command remains valid (21.466709ms)
✔ inventory Drop returns World with one named event only after confirmation (19.842667ms)
✔ other item actions retain their detail and World consequences (11.603041ms)
✔ elapsed confirmed boundaries retain Conversation and chapter acknowledgment without page flips (27.551167ms)
✔ delayed Take returns once with its original item name after a conflicting tap (31.468875ms)
✔ delayed actual quest completion adds one authored result and Journal updated in original history (24.477625ms)
(node:24164) [MODULE_TYPELESS_PACKAGE_JSON] Warning: Module type of file://<worktree>/mobile/app/sampler.test.ts is not specified and it doesn't parse as CommonJS.
Reparsing as ES module because module syntax was detected. This incurs a performance overhead.
To eliminate this warning, add "type": "module" to <worktree>/mobile/app/package.json.
(Use `node --trace-warnings ...` to show where the warning was created)
✔ the app opens and replaces only its sampler save, preserving an existing Lantern save (161.368417ms)
✔ actual App pause and resume preserve 9ms plus 11ms as exactly one logical unit (73.467709ms)
✔ actual App stops unknown storage wakeups and resumes after confirmed user recovery (209.67325ms)
✔ old App wakeups cannot mutate the same remounted Game or a replacement save (46.512375ms)
✔ base1000 accounting preserves exact safe boundary quotients and rejects target overflow (1.233791ms)
✔ 9ms and reopened 11ms commit one unit and preserve the durable fractional account (39.468208ms)
✔ negative wall resume rebases without credit then credits the next 20ms (8.866375ms)
✔ a fixed 36hour horizon commits all four daily boundaries in order (13.304458ms)
✔ sixteen segments yield and one reserved input completes at its original finite horizon (78.322792ms)
✔ a current choice crossing departure refuses presence while Leave still closes its continuation (22.414083ms)
✔ preexisting stale input does not account time and synchronous success emits no completion (12.747958ms)
✔ trusted explicit v2 advance raises its durable target and missing checkpoints refuse (19.235667ms)
✔ an elapsed managed session without clocks fails with a typed refusal (10.9955ms)
✔ resume extends durable target debt rather than a lagging head (24.505458ms)
✔ unexpected closed checkpoint evidence blocks play as corrupt until confirmed Start over (12.915375ms)
✔ a valid durable replacement invalidates an old fenced clock and input without writes (15.398708ms)
✔ malformed v2 checkpoints and heads refuse without rewriting their progress (195.202666ms)
✔ a managed v1 upgrade starts its durable account at the actual opening clocks (8.836792ms)
✔ a committed unknown elapsed segment with corrupt checkpoint completes its input as blocked (8.576375ms)
✔ a valid replacement during unknown positive elapsed invalidates the old pending input (25.445292ms)
✔ a private reservation rejects another intent and retains its original bounded input (141.085417ms)
✔ terminal v1 upgrade recovery waits for real SQLite rollback closure before Start over (27.001292ms)
✔ resumed wall survives fractional reconciliation and invalid/stale preflight before a new input (66.178292ms)
✔ a new reservation waits for its actual resumed horizon and yields after sixteen boundaries (39.359917ms)
✔ resume remains armed after fixed A completes and another intent cannot steal its result (18.054167ms)
✔ seed 12: every fault leaves the prior or next revision and the run ends unchanged (1684.075334ms)
✔ seed 366: every fault leaves the prior or next revision and the run ends unchanged (807.222708ms)
✔ seed 30636: every fault leaves the prior or next revision and the run ends unchanged (819.45775ms)
✔ seed 300: every fault leaves the prior or next revision and the run ends unchanged (970.925875ms)
✔ seed 622: every fault leaves the prior or next revision and the run ends unchanged (691.125125ms)
✔ seed 9633: every fault leaves the prior or next revision and the run ends unchanged (931.056666ms)
✔ seed 2841: every fault leaves the prior or next revision and the run ends unchanged (700.19875ms)
✔ seed 454: every fault leaves the prior or next revision and the run ends unchanged (934.69975ms)
✔ seed 172: every fault leaves the prior or next revision and the run ends unchanged (755.490209ms)
✔ seed 49: every fault leaves the prior or next revision and the run ends unchanged (995.468208ms)
✔ seed 211: every fault leaves the prior or next revision and the run ends unchanged (1097.998541ms)
✔ seed 1595: every fault leaves the prior or next revision and the run ends unchanged (997.942209ms)
✔ seed 337982: every fault leaves the prior or next revision and the run ends unchanged (961.490583ms)
✔ seed 105497: every fault leaves the prior or next revision and the run ends unchanged (817.694417ms)
✔ seed 81: every fault leaves the prior or next revision and the run ends unchanged (1059.980291ms)
✔ seed 130: every fault leaves the prior or next revision and the run ends unchanged (969.706542ms)
✔ seed 54: every fault leaves the prior or next revision and the run ends unchanged (921.392584ms)
✔ hand-checked anchors (16.269375ms)
✔ views, a reopen and a changed host clock leave the play_time clock and world as they were (66.638208ms)
✔ backward-anchor metadata accounts reconcile exact prior or next real SQLite evidence (10.080458ms)
✔ failed and lost-ack positive elapsed commits reconcile head receipt and checkpoint together (6.977959ms)
✔ real SQLITE_FULL rolls back elapsed evidence and retries its unchanged candidate (3.249958ms)
✔ a timer completes an unknown player receipt before sampling and emits it once (4.553458ms)
✔ process kill before and after elapsed COMMIT leaves entirely prior or next and reopens once (283.359334ms)
✔ a budget fault is one valid observation of its limit, with the ReplayIds of its decision (16.559958ms)
✔ a failing observation sink changes no reply, revision, storage or retry (18.944958ms)
✔ an older save gains the sink untouched, and the sink keeps the newest 1000 records (473.507042ms)
✔ each NEW decision, accepted, rejected or fault, is one kernel.decision_latency (27.721375ms)
✔ a clock changes no reply or durable state when a COMMIT is held, then committed (8.61025ms)
✔ a real committed elapsed then ordinary local trace replays identically with header run preflight (782.323583ms)
✔ a pending start over whose retry fails shows that error, not "not confirmed" (33.8285ms)
✔ catch-up conflicts preserve the original attempt and matching retries keep its identity (68.252167ms)
✔ invalid and cyclic shared input refuses before snapshot or elapsed sampling (14.4905ms)
✔ missing elapsed columns after unknown metadata or gameplay commit block and permit explicit recovery (50.840208ms)
✔ corrupt elapsed recovery binds valid, malformed, and absent original headers without erasing a replacement (84.075875ms)
✔ loaded elapsed recovery refuses newer and malformed same-run formats without writes (37.507791ms)
✔ changed refused elapsed header classifies malformed before differing valid run and preserves newer formats (24.473875ms)
(node:24171) [MODULE_TYPELESS_PACKAGE_JSON] Warning: Module type of file://<worktree>/mobile/app/book/presenter.ts is not specified and it doesn't parse as CommonJS.
Reparsing as ES module because module syntax was detected. This incurs a performance overhead.
To eliminate this warning, add "type": "module" to <worktree>/mobile/app/package.json.
(Use `node --trace-warnings ...` to show where the warning was created)
✔ a corrupt report page: Start over gives a working save (108.729583ms)
✔ a corrupt sqlite_autoindex_report_1 page: Start over gives a working save (68.552ms)
✔ a malformed report index record: Start over gives a working save (38.004583ms)
✔ an intact report table survives Start over in place (19.07475ms)
✔ the latest committed narration is read again on reopen, from the receipts (27.046917ms)
✔ an older save reopens with its narration and keeps its report on Start over (33.336292ms)
✔ a malformed receipt response: Start over keeps the pending report (19.794583ms)
✔ a narration read that fails on a lock offers no Start over (16.4005ms)
✔ a save with no body row: save_corrupt, Start over repairs it in place (19.415375ms)
✔ a save with a null choice: save_corrupt, Start over repairs it in place (24.316834ms)
✔ a save with an empty resource: save_corrupt, Start over repairs it in place (21.905792ms)
✔ a receipt narration line that is null: save_corrupt at open, Start over repairs it (26.633958ms)
✔ a receipt response that is not a decision replays as a conflict (17.377875ms)
✔ elapsed NOTADB and page corruption recover only through explicit working Start over (29.001042ms)
✔ unreadable elapsed opening refuses a newly readable replacement and waits on real SQLite uncertainty (17.211208ms)
ℹ tests 89
ℹ suites 0
ℹ pass 89
ℹ fail 0
ℹ cancelled 0
ℹ skipped 0
ℹ todo 0
ℹ duration_ms 17127.989834
