(node:23485) [MODULE_TYPELESS_PACKAGE_JSON] Warning: Module type of file://<worktree>/mobile/app/book/polish.test.ts is not specified and it doesn't parse as CommonJS.
Reparsing as ES module because module syntax was detected. This incurs a performance overhead.
To eliminate this warning, add "type": "module" to <worktree>/mobile/app/package.json.
(Use `node --trace-warnings ...` to show where the warning was created)
✔ room is focused while Map retains directions and every detail returns to the world (122.151ms)
✔ a postcommit narration read fault preserves the saved result and clears retry context (30.437292ms)
✔ NPC history has distinct journal events and one confirmed Leave after the scrolling log (62.905375ms)
✔ only World position taps directly cycle the offered states with captured freshness (20.862417ms)
✔ an NPC choice retried from the world keeps its result in the original detail (18.322375ms)
✔ only confirmed pickup returns World, including a retry from another page (26.513542ms)
✔ touch omits incomplete Give but the complete item and recipient command remains valid (21.501125ms)
✔ inventory Drop returns World with one named event only after confirmation (24.672416ms)
✔ other item actions retain their detail and World consequences (9.684459ms)
✔ elapsed confirmed boundaries retain Conversation and chapter acknowledgment without page flips (18.076542ms)
✔ delayed Take returns once with its original item name after a conflicting tap (26.870583ms)
✔ delayed actual quest completion adds one authored result and Journal updated in original history (22.839542ms)
(node:23486) [MODULE_TYPELESS_PACKAGE_JSON] Warning: Module type of file://<worktree>/mobile/app/sampler.test.ts is not specified and it doesn't parse as CommonJS.
Reparsing as ES module because module syntax was detected. This incurs a performance overhead.
To eliminate this warning, add "type": "module" to <worktree>/mobile/app/package.json.
(Use `node --trace-warnings ...` to show where the warning was created)
✔ the app opens and replaces only its sampler save, preserving an existing Lantern save (226.970792ms)
✔ actual App pause and resume preserve 9ms plus 11ms as exactly one logical unit (30.506583ms)
✔ actual App stops unknown storage wakeups and resumes after confirmed user recovery (31.240834ms)
✔ old App wakeups cannot mutate the same remounted Game or a replacement save (37.418666ms)
✔ base1000 accounting preserves exact safe boundary quotients and rejects target overflow (1.160709ms)
✔ 9ms and reopened 11ms commit one unit and preserve the durable fractional account (74.446416ms)
✔ negative wall resume rebases without credit then credits the next 20ms (14.927334ms)
✔ a fixed 36hour horizon commits all four daily boundaries in order (18.848917ms)
✔ sixteen segments yield and one reserved input completes at its original finite horizon (39.471041ms)
✔ a current choice crossing departure refuses presence while Leave still closes its continuation (6.76675ms)
✔ preexisting stale input does not account time and synchronous success emits no completion (7.947917ms)
✔ trusted explicit v2 advance raises its durable target and missing checkpoints refuse (8.457584ms)
✔ an elapsed managed session without clocks fails with a typed refusal (10.595833ms)
✔ resume extends durable target debt rather than a lagging head (15.045625ms)
✔ unexpected closed checkpoint evidence blocks play as corrupt until confirmed Start over (13.744333ms)
✔ a valid durable replacement invalidates an old fenced clock and input without writes (46.785458ms)
✔ malformed v2 checkpoints and heads refuse without rewriting their progress (108.330041ms)
✔ a managed v1 upgrade starts its durable account at the actual opening clocks (7.301833ms)
✔ a committed unknown elapsed segment with corrupt checkpoint completes its input as blocked (12.293167ms)
✔ a valid replacement during unknown positive elapsed invalidates the old pending input (9.110833ms)
✔ a private reservation rejects another intent and retains its original bounded input (48.783833ms)
✔ terminal v1 upgrade recovery waits for real SQLite rollback closure before Start over (16.085ms)
✔ resumed wall survives fractional reconciliation and invalid/stale preflight before a new input (89.556083ms)
✔ a new reservation waits for its actual resumed horizon and yields after sixteen boundaries (74.621542ms)
✔ resume remains armed after fixed A completes and another intent cannot steal its result (20.509209ms)
✔ seed 12: every fault leaves the prior or next revision and the run ends unchanged (1391.998875ms)
✔ seed 366: every fault leaves the prior or next revision and the run ends unchanged (693.789584ms)
✔ seed 30636: every fault leaves the prior or next revision and the run ends unchanged (731.856666ms)
✔ seed 300: every fault leaves the prior or next revision and the run ends unchanged (941.937375ms)
✔ seed 622: every fault leaves the prior or next revision and the run ends unchanged (615.789125ms)
✔ seed 9633: every fault leaves the prior or next revision and the run ends unchanged (1016.348041ms)
✔ seed 2841: every fault leaves the prior or next revision and the run ends unchanged (783.784125ms)
✔ seed 454: every fault leaves the prior or next revision and the run ends unchanged (1245.463334ms)
✔ seed 172: every fault leaves the prior or next revision and the run ends unchanged (960.879625ms)
✔ seed 49: every fault leaves the prior or next revision and the run ends unchanged (1359.923333ms)
✔ seed 211: every fault leaves the prior or next revision and the run ends unchanged (998.629084ms)
✔ seed 1595: every fault leaves the prior or next revision and the run ends unchanged (897.265084ms)
✔ seed 337982: every fault leaves the prior or next revision and the run ends unchanged (895.184916ms)
✔ seed 105497: every fault leaves the prior or next revision and the run ends unchanged (774.724458ms)
✔ seed 81: every fault leaves the prior or next revision and the run ends unchanged (949.375875ms)
✔ seed 130: every fault leaves the prior or next revision and the run ends unchanged (887.738125ms)
✔ seed 54: every fault leaves the prior or next revision and the run ends unchanged (1016.870834ms)
✔ hand-checked anchors (18.950584ms)
✔ views, a reopen and a changed host clock leave the play_time clock and world as they were (101.956083ms)
✔ backward-anchor metadata accounts reconcile exact prior or next real SQLite evidence (10.654375ms)
✔ failed and lost-ack positive elapsed commits reconcile head receipt and checkpoint together (9.080916ms)
✔ real SQLITE_FULL rolls back elapsed evidence and retries its unchanged candidate (4.925834ms)
✔ a timer completes an unknown player receipt before sampling and emits it once (6.048875ms)
✔ process kill before and after elapsed COMMIT leaves entirely prior or next and reopens once (507.306833ms)
✔ a budget fault is one valid observation of its limit, with the ReplayIds of its decision (11.745333ms)
✔ a failing observation sink changes no reply, revision, storage or retry (11.449042ms)
✔ an older save gains the sink untouched, and the sink keeps the newest 1000 records (327.135166ms)
✔ each NEW decision, accepted, rejected or fault, is one kernel.decision_latency (58.613042ms)
✔ a clock changes no reply or durable state when a COMMIT is held, then committed (6.122959ms)
✔ a real committed elapsed then ordinary local trace replays identically with header run preflight (708.679583ms)
✔ a pending start over whose retry fails shows that error, not "not confirmed" (54.500291ms)
✔ catch-up conflicts preserve the original attempt and matching retries keep its identity (41.452167ms)
✔ invalid and cyclic shared input refuses before snapshot or elapsed sampling (4.284625ms)
✔ missing elapsed columns after unknown metadata or gameplay commit block and permit explicit recovery (24.466833ms)
✔ corrupt elapsed recovery binds valid, malformed, and absent original headers without erasing a replacement (94.010333ms)
✔ loaded elapsed recovery refuses newer and malformed same-run formats without writes (27.229667ms)
✔ changed refused elapsed header classifies malformed before differing valid run and preserves newer formats (15.245708ms)
(node:23493) [MODULE_TYPELESS_PACKAGE_JSON] Warning: Module type of file://<worktree>/mobile/app/book/presenter.ts is not specified and it doesn't parse as CommonJS.
Reparsing as ES module because module syntax was detected. This incurs a performance overhead.
To eliminate this warning, add "type": "module" to <worktree>/mobile/app/package.json.
(Use `node --trace-warnings ...` to show where the warning was created)
✔ a corrupt report page: Start over gives a working save (71.122666ms)
✔ a corrupt sqlite_autoindex_report_1 page: Start over gives a working save (26.972458ms)
✔ a malformed report index record: Start over gives a working save (27.885458ms)
✔ an intact report table survives Start over in place (18.301792ms)
✔ the latest committed narration is read again on reopen, from the receipts (20.566625ms)
✔ an older save reopens with its narration and keeps its report on Start over (27.871959ms)
✔ a malformed receipt response: Start over keeps the pending report (21.542333ms)
✔ a narration read that fails on a lock offers no Start over (21.25975ms)
✔ a save with no body row: save_corrupt, Start over repairs it in place (21.319292ms)
✔ a save with a null choice: save_corrupt, Start over repairs it in place (21.943458ms)
✔ a save with an empty resource: save_corrupt, Start over repairs it in place (15.923291ms)
✔ a receipt narration line that is null: save_corrupt at open, Start over repairs it (20.853334ms)
✔ a receipt response that is not a decision replays as a conflict (8.558708ms)
✔ elapsed NOTADB and page corruption recover only through explicit working Start over (28.483833ms)
✔ unreadable elapsed opening refuses a newly readable replacement and waits on real SQLite uncertainty (16.509084ms)
ℹ tests 89
ℹ suites 0
ℹ pass 89
ℹ fail 0
ℹ cancelled 0
ℹ skipped 0
ℹ todo 0
ℹ duration_ms 17255.862416
