(node:30488) [MODULE_TYPELESS_PACKAGE_JSON] Warning: Module type of file://[local-path] is not specified and it doesn't parse as CommonJS.
Reparsing as ES module because module syntax was detected. This incurs a performance overhead.
To eliminate this warning, add "type": "module" to [local-path]
(Use `node --trace-warnings ...` to show where the warning was created)
✔ E1 SQLite case requires complete fault schedule and committed commands (668.100167ms)
✔ E1 binds only the witnessed study_tracks consequence after semantic replay (1866.187583ms)
✔ E1 binds the exact study_tracks recipe and required policy from committed performance (832.850625ms)
✔ E1 binds the two bell assignments and the epilogue event to accepted receipts (2255.940833ms)
✔ E1 witnesses an opened dialogue and only its accepted choice (696.022125ms)
✔ E1 binds each required predicate of the selected Elspeth report dialogue (878.647125ms)
✔ E1 binds modal scene steps only to accepted acknowledgements (3589.923292ms)
✔ E1 binds both selected dream branches and acknowledged scene steps (2051.214416ms)
✔ E1 binds Maud objective only on its committed resolved transition (4036.639834ms)
✔ E1 binds only visible entity definitions after committed room entry (586.06875ms)
ℹ tests 10
ℹ suites 0
ℹ pass 10
ℹ fail 0
ℹ cancelled 0
ℹ skipped 0
ℹ todo 0
ℹ duration_ms 17914.197625
