(node:30574) [MODULE_TYPELESS_PACKAGE_JSON] Warning: Module type of file://[local-path] is not specified and it doesn't parse as CommonJS.
Reparsing as ES module because module syntax was detected. This incurs a performance overhead.
To eliminate this warning, add "type": "module" to [local-path]
(Use `node --trace-warnings ...` to show where the warning was created)
✖ E1 binds selected dialogue fact adjustment and assignment from committed receipt (3142.556875ms)
ℹ tests 1
ℹ suites 0
ℹ pass 0
ℹ fail 1
ℹ cancelled 0
ℹ skipped 0
ℹ todo 0
ℹ duration_ms 3600.797084

✖ failing tests:

test at kernel/ts/test/e1_cases.test.ts:483:1
✖ E1 binds selected dialogue fact adjustment and assignment from committed receipt (3142.556875ms)
  AssertionError [ERR_ASSERTION]: Expected values to be strictly deep-equal:
  + actual - expected
  
    [
      [
        '/dialogues/ashmere_missing_child@0.0.42:dialogue/maud_turn_in/choices/done',
  -     '/dialogues/ashmere_missing_child@0.0.42:dialogue/maud_turn_in/choices/done/sequence/0',
        '/dialogues/ashmere_missing_child@0.0.42:dialogue/maud_turn_in/choices/done/sequence/1'
      ]
    ]
  
      at TestContext.<anonymous> (file://[local-path]:501:12)
      at Test.runInAsyncScope (node:async_hooks:227:14)
      at Test.run (node:internal/test_runner/test:1402:25)
      at Test.start (node:internal/test_runner/test:1262:17)
      at startSubtestAfterBootstrap (node:internal/test_runner/harness:387:17)
      at process.processTicksAndRejections (node:internal/process/task_queues:104:5) {
    generatedMessage: true,
    code: 'ERR_ASSERTION',
    actual: [ [ '/dialogues/ashmere_missing_child@0.0.42:dialogue/maud_turn_in/choices/done', '/dialogues/ashmere_missing_child@0.0.42:dialogue/maud_turn_in/choices/done/sequence/1' ] ],
    expected: [ [ '/dialogues/ashmere_missing_child@0.0.42:dialogue/maud_turn_in/choices/done', '/dialogues/ashmere_missing_child@0.0.42:dialogue/maud_turn_in/choices/done/sequence/0', '/dialogues/ashmere_missing_child@0.0.42:dialogue/maud_turn_in/choices/done/sequence/1' ] ],
    operator: 'deepStrictEqual',
    diff: 'simple'
  }
