Compiling 33 files (.ex)
Generated loka app
Running ExUnit with seed: 66446, max_cases: 16

...............................

  1) test elapsed policy requires API 1.1 and schedule ownership (Loka.ContentFerryTest)
     test/loka/content_ferry_test.exs:368
     Assertion with == failed
     code:  assert compile(Path.join(dir, "low"), low) ==
              {:error, [d("KERNEL_API_RANGE_INVALID", "cartridge.requires.kernel_api.at_least", %{})]}
     left:  {:error,
             [
               %{
                 "code" => "KERNEL_API_RANGE_INVALID",
                 "data" => %{},
                 "message_key" => "diagnostics.kernel_api_range_invalid",
                 "path" => "cartridge.requires.kernel_api.at_least",
                 "severity" => "error",
                 "suggested_capabilities" => []
               },
               %{
                 "code" => "UNDECLARED_CAPABILITY",
                 "data" => %{"capability" => "schedule"},
                 "message_key" => "diagnostics.undeclared_capability",
                 "path" => "cartridge.time_policy",
                 "severity" => "error",
                 "suggested_capabilities" => ["schedule@1"]
               }
             ]}
     right: {:error,
             [
               %{
                 "code" => "KERNEL_API_RANGE_INVALID",
                 "data" => %{},
                 "message_key" => "diagnostics.kernel_api_range_invalid",
                 "path" => "cartridge.requires.kernel_api.at_least",
                 "severity" => "error",
                 "suggested_capabilities" => []
               }
             ]}
     stacktrace:
       test/loka/content_ferry_test.exs:372: (test)

....

  2) test elapsed release refuses time-skip recipes and player clock aliases (Loka.ContentFerryTest)
     test/loka/content_ferry_test.exs:397
     Assertion with == failed
     code:  assert compile(Path.join(dir, name), alias_files) ==
              {:error, [d("UNKNOWN_COMMAND", "actions/hurry.command", %{})]}
     left:  {:error,
             [
               %{
                 "code" => "UNKNOWN_COMMAND",
                 "data" => %{},
                 "message_key" => "diagnostics.unknown_command",
                 "path" => "actions/hurry.command",
                 "severity" => "error",
                 "suggested_capabilities" => []
               },
               %{
                 "code" => "UNDECLARED_CAPABILITY",
                 "data" => %{"capability" => "schedule"},
                 "message_key" => "diagnostics.undeclared_capability",
                 "path" => "cartridge.time_policy",
                 "severity" => "error",
                 "suggested_capabilities" => ["schedule@1"]
               }
             ]}
     right: {:error,
             [
               %{
                 "code" => "UNKNOWN_COMMAND",
                 "data" => %{},
                 "message_key" => "diagnostics.unknown_command",
                 "path" => "actions/hurry.command",
                 "severity" => "error",
                 "suggested_capabilities" => []
               }
             ]}
     stacktrace:
       test/loka/content_ferry_test.exs:412: anonymous fn/4 in Loka.ContentFerryTest."test elapsed release refuses time-skip recipes and player clock aliases"/1
       (elixir 1.20.4) lib/enum.ex:2622: Enum."-reduce/3-lists^foldl/2-0-"/3
       test/loka/content_ferry_test.exs:409: (test)

.

  3) test elapsed release preserves its policy in its artifact (Loka.ContentFerryTest)
     test/loka/content_ferry_test.exs:359
     match (=) failed
     code:  assert {:ok, bytes, []} = compile(dir, elapsed_files())
     left:  {:ok, bytes, []}
     right: {:error,
             [
               %{
                 "code" => "UNDECLARED_CAPABILITY",
                 "data" => %{"capability" => "schedule"},
                 "message_key" => "diagnostics.undeclared_capability",
                 "path" => "cartridge.time_policy",
                 "severity" => "error",
                 "suggested_capabilities" => ["schedule@1"]
               }
             ]}
     stacktrace:
       test/loka/content_ferry_test.exs:360: (test)

.......
Finished in 0.4 seconds (0.4s async, 0.00s sync)

Result: 43/46 passed
Failed: 3 tests
