✔ elapsed receipt survives reopen and replays its first result after later clock commits (16.413ms)
✔ old run elapsed refuses before receipt lookup after replacement without Host.random (4.78075ms)
✖ unknown elapsed COMMIT fences trusted and player delivery until the real receipt reconciles (3.25925ms)
✔ modal scene keeps Continue-only player controls while elapsed time commits (9.647ms)
ℹ tests 4
ℹ suites 0
ℹ pass 3
ℹ fail 1
ℹ cancelled 0
ℹ skipped 0
ℹ todo 0
ℹ duration_ms 148.998667

✖ failing tests:

test at mobile/authority/local-story/elapsed.test.ts:133:1
✖ unknown elapsed COMMIT fences trusted and player delivery until the real receipt reconciles (3.25925ms)
  Error: read unavailable
      at Object.getFirstSync (file://[private-path]
      at receipt (file://[private-path]
      at elapsed (file://[private-path]
      at Object.elapsed (file://[private-path]
      at TestContext.<anonymous> (file://[private-path]
      at Test.runInAsyncScope (node:async_hooks:227:14)
      at Test.run (node:internal/test_runner/test:1402:25)
      at Test.processPendingSubtests (node:internal/test_runner/test:974:18)
      at Test.postRun (node:internal/test_runner/test:1542:19)
      at Test.run (node:internal/test_runner/test:1467:12)
