✖ elapsed receipt survives reopen and replays its first result after later clock commits (15.737459ms)
✔ old run elapsed refuses before receipt lookup after replacement without Host.random (6.167709ms)
✖ unknown elapsed COMMIT fences trusted and player delivery until the real receipt reconciles (3.805542ms)
✔ modal scene keeps Continue-only player controls while elapsed time commits (9.967ms)
ℹ tests 4
ℹ suites 0
ℹ pass 2
ℹ fail 2
ℹ cancelled 0
ℹ skipped 0
ℹ todo 0
ℹ duration_ms 151.917084

✖ failing tests:

test at mobile/authority/local-story/elapsed.test.ts:82:1
✖ elapsed receipt survives reopen and replays its first result after later clock commits (15.737459ms)
  Error: UNIQUE constraint failed: receipt.scope, receipt.command_id
      at Object.runSync (file://[private-path]
      at file://[private-path]
      at transaction (file://[private-path]
      at commit (file://[private-path]
      at save (file://[private-path]
      at commitElapsed (file://[private-path]
      at elapsed (file://[private-path]
      at Object.elapsed (file://[private-path]
      at TestContext.<anonymous> (file://[private-path]
      at Test.runInAsyncScope (node:async_hooks:227:14) {
    code: 'ERR_SQLITE_ERROR',
    errcode: 2067,
    errstr: 'constraint failed'
  }

test at mobile/authority/local-story/elapsed.test.ts:133:1
✖ unknown elapsed COMMIT fences trusted and player delivery until the real receipt reconciles (3.805542ms)
  Error: UNIQUE constraint failed: receipt.scope, receipt.command_id
      at Object.runSync (file://[private-path]
      at file://[private-path]
      at transaction (file://[private-path]
      at commit (file://[private-path]
      at save (file://[private-path]
      at commitElapsed (file://[private-path]
      at elapsed (file://[private-path]
      at Object.elapsed (file://[private-path]
      at TestContext.<anonymous> (file://[private-path]
      at Test.runInAsyncScope (node:async_hooks:227:14) {
    code: 'ERR_SQLITE_ERROR',
    errcode: 2067,
    errstr: 'constraint failed'
  }
