✖ trusted elapsed advances and drains the existing due job with its owned event (16.456333ms)
✔ trusted elapsed rejects invalid identity and intervals without adopting anything (3.28025ms)
✔ normal player step cannot admit elapsed even through an offered alias (2.582375ms)
✔ elapsed ActionSet offers neither Wait nor the authority elapsed command (2.213084ms)
✔ elapsed player Wait refuses even when a forged alias offers it (2.50575ms)
✔ elapsed loader requires the new kernel API and schedule owner (3.336917ms)
✔ loader rejects authority elapsed actions and elapsed Wait aliases (3.194708ms)
✔ loader rejects duration in elapsed profiles while the frozen legacy fixture loads (3.000292ms)
✔ numeric-vectors: rng_steps from initial_rng (1.011791ms)
✔ numeric-vectors: division (0.125458ms)
✔ numeric-vectors: invalid_json (0.562792ms)
✔ numeric-vectors: canonical (0.1705ms)
✔ adverse-cases: uniform (0.228458ms)
✔ decode edge cases (0.241416ms)
✔ encode escapes and key order (0.0865ms)
✔ encode rejects values outside the profile (0.095042ms)
✔ nesting is limited to 128 containers (0.305541ms)
✔ hash is lowercase SHA-256 of the canonical bytes (0.755833ms)
✔ checked integers overflow as a typed error (0.138ms)
✔ unsafe operands are integer_overflow (0.133167ms)
✔ uniform accepts bound 2^32 (0.06275ms)
✔ uniform rejects a bad draw budget (0.078875ms)
✔ IdSource ids (0.338708ms)
✔ IdSource rejects non-string ids (0.062542ms)
✔ IdSource rejects a bad ordinal (0.068208ms)
✔ CommandId known answers (0.4395ms)
✔ CommandId rejects bad ids (0.091834ms)
✔ job CommandId known answers (0.284666ms)
✔ job CommandId rejects bad input (0.75875ms)
✔ elapsed CommandId matches independently frozen run/world/interval vectors (0.773417ms)
✔ elapsed CommandId rejects malformed identity and interval operands (0.168375ms)
ℹ tests 31
ℹ suites 0
ℹ pass 30
ℹ fail 1
ℹ cancelled 0
ℹ skipped 0
ℹ todo 0
ℹ duration_ms 157.80225

✖ failing tests:

test at kernel/ts/test/elapsed.test.ts:68:1
✖ trusted elapsed advances and drains the existing due job with its owned event (16.456333ms)
  AssertionError [ERR_ASSERTION]: Expected values to be strictly equal:
  
  68401 !== 68400
  
      at TestContext.<anonymous> (file://[private-path]
      at Test.runInAsyncScope (node:async_hooks:227:14)
      at Test.run (node:internal/test_runner/test:1402:25)
      at Test.start (node:internal/test_runner/test:1262:17)
      at startSubtestAfterBootstrap (node:internal/test_runner/harness:387:17) {
    generatedMessage: true,
    code: 'ERR_ASSERTION',
    actual: 68401,
    expected: 68400,
    operator: 'strictEqual',
    diff: 'simple'
  }
