✔ elapsed receipt survives reopen and replays its first result after later clock commits (16.708667ms)
✖ old run elapsed refuses before receipt lookup after replacement without Host.random (5.450208ms)
✔ unknown elapsed COMMIT fences trusted and player delivery until the real receipt reconciles (3.509417ms)
✔ modal scene keeps Continue-only player controls while elapsed time commits (9.306708ms)
ℹ tests 4
ℹ suites 0
ℹ pass 3
ℹ fail 1
ℹ cancelled 0
ℹ skipped 0
ℹ todo 0
ℹ duration_ms 151.402667

✖ failing tests:

test at mobile/authority/local-story/elapsed.test.ts:114:1
✖ old run elapsed refuses before receipt lookup after replacement without Host.random (5.450208ms)
  AssertionError [ERR_ASSERTION]: Expected values to be strictly deep-equal:
  + actual - expected
  
    {
  +   decision: {
  +     error: {
  +       code: 'permission_denied'
  +     },
  +     kind: 'rejected'
  +   },
  +   kind: 'saved',
  +   replay: false,
  +   revision: 0
  -   kind: 'stale_view'
    }
  
      at TestContext.<anonymous> (file://[private-path]
      at Test.runInAsyncScope (node:async_hooks:227:14)
      at Test.run (node:internal/test_runner/test:1402:25)
      at Test.processPendingSubtests (node:internal/test_runner/test:974:18)
      at Test.postRun (node:internal/test_runner/test:1542:19)
      at Test.run (node:internal/test_runner/test:1467:12)
      at async startSubtestAfterBootstrap (node:internal/test_runner/harness:387:3) {
    generatedMessage: true,
    code: 'ERR_ASSERTION',
    actual: { kind: 'saved', replay: false, revision: 0, decision: { kind: 'rejected', error: [Object] } },
    expected: { kind: 'stale_view' },
    operator: 'deepStrictEqual',
    diff: 'simple'
  }
