✔ trusted elapsed advances and drains the existing due job with its owned event (12.9105ms)
✔ trusted elapsed rejects invalid identity and intervals without adopting anything (3.716834ms)
✔ normal player step cannot admit elapsed even through an offered alias (3.784375ms)
✖ elapsed ActionSet offers neither Wait nor the authority elapsed command (2.9285ms)
✔ elapsed player Wait refuses even when a forged alias offers it (2.382625ms)
✔ elapsed loader requires the new kernel API and schedule owner (3.482709ms)
✔ loader rejects authority elapsed actions and elapsed Wait aliases (3.366333ms)
✔ loader rejects duration in elapsed profiles while the frozen legacy fixture loads (2.945916ms)
✔ numeric-vectors: rng_steps from initial_rng (0.985708ms)
✔ numeric-vectors: division (0.129667ms)
✔ numeric-vectors: invalid_json (0.567417ms)
✔ numeric-vectors: canonical (0.170209ms)
✔ adverse-cases: uniform (0.223709ms)
✔ decode edge cases (0.679833ms)
✔ encode escapes and key order (0.262834ms)
✔ encode rejects values outside the profile (0.297541ms)
✔ nesting is limited to 128 containers (0.984792ms)
✔ hash is lowercase SHA-256 of the canonical bytes (1.024958ms)
✔ checked integers overflow as a typed error (0.188083ms)
✔ unsafe operands are integer_overflow (0.204083ms)
✔ uniform accepts bound 2^32 (0.05875ms)
✔ uniform rejects a bad draw budget (0.087333ms)
✔ IdSource ids (0.229833ms)
✔ IdSource rejects non-string ids (0.078709ms)
✔ IdSource rejects a bad ordinal (0.08025ms)
✔ CommandId known answers (0.381833ms)
✔ CommandId rejects bad ids (0.079041ms)
✔ job CommandId known answers (0.280833ms)
✔ job CommandId rejects bad input (0.072167ms)
✔ elapsed CommandId matches independently frozen run/world/interval vectors (1.008667ms)
ℹ tests 30
ℹ suites 0
ℹ pass 29
ℹ fail 1
ℹ cancelled 0
ℹ skipped 0
ℹ todo 0
ℹ duration_ms 160.931542

✖ failing tests:

test at kernel/ts/test/elapsed.test.ts:133:1
✖ elapsed ActionSet offers neither Wait nor the authority elapsed command (2.9285ms)
  AssertionError [ERR_ASSERTION]: Expected values to be strictly equal:
  
  true !== false
  
      at TestContext.<anonymous> (file://[private-path]
      at Test.runInAsyncScope (node:async_hooks:227:14)
      at Test.run (node:internal/test_runner/test:1402:25)
      at Test.processPendingSubtests (node:internal/test_runner/test:974:18)
      at Test.postRun (node:internal/test_runner/test:1542:19)
      at Test.run (node:internal/test_runner/test:1467:12)
      at async Test.processPendingSubtests (node:internal/test_runner/test:974:7) {
    generatedMessage: true,
    code: 'ERR_ASSERTION',
    actual: true,
    expected: false,
    operator: 'strictEqual',
    diff: 'simple'
  }
