✖ trusted elapsed advances and drains the existing due job with its owned event (11.54125ms)
✔ trusted elapsed rejects invalid identity and intervals without adopting anything (6.552667ms)
✔ normal player step cannot admit elapsed even through an offered alias (2.48375ms)
✔ elapsed ActionSet offers neither Wait nor the authority elapsed command (2.631291ms)
✔ elapsed player Wait refuses even when a forged alias offers it (2.174291ms)
✔ elapsed loader requires the new kernel API and schedule owner (3.30775ms)
✔ loader rejects authority elapsed actions and elapsed Wait aliases (3.483959ms)
✔ loader rejects duration in elapsed profiles while the frozen legacy fixture loads (3.096792ms)
✔ numeric-vectors: rng_steps from initial_rng (0.987916ms)
✔ numeric-vectors: division (0.12425ms)
✔ numeric-vectors: invalid_json (0.554ms)
✔ numeric-vectors: canonical (0.167042ms)
✔ adverse-cases: uniform (0.212333ms)
✔ decode edge cases (0.2605ms)
✔ encode escapes and key order (0.088833ms)
✔ encode rejects values outside the profile (0.099959ms)
✔ nesting is limited to 128 containers (0.312875ms)
✔ hash is lowercase SHA-256 of the canonical bytes (0.659834ms)
✔ checked integers overflow as a typed error (0.1505ms)
✔ unsafe operands are integer_overflow (0.14475ms)
✔ uniform accepts bound 2^32 (0.059584ms)
✔ uniform rejects a bad draw budget (0.078625ms)
✔ IdSource ids (0.259625ms)
✔ IdSource rejects non-string ids (0.071542ms)
✔ IdSource rejects a bad ordinal (0.068334ms)
✔ CommandId known answers (0.365834ms)
✔ CommandId rejects bad ids (0.096583ms)
✔ job CommandId known answers (0.295ms)
✔ job CommandId rejects bad input (0.074292ms)
✖ elapsed CommandId matches independently frozen run/world/interval vectors (1.333792ms)
ℹ tests 30
ℹ suites 0
ℹ pass 28
ℹ fail 2
ℹ cancelled 0
ℹ skipped 0
ℹ todo 0
ℹ duration_ms 156.963709

✖ failing tests:

test at kernel/ts/test/elapsed.test.ts:68:1
✖ trusted elapsed advances and drains the existing due job with its owned event (11.54125ms)
  AssertionError [ERR_ASSERTION]: Expected values to be strictly equal:
  + actual - expected
  
  + '277b509e-bc38-806e-85a4-27983a189f58'
  - '9293401f-d48d-8e4e-aa5e-e773cf894076'
  
      at TestContext.<anonymous> (file://[private-path]
      at Test.runInAsyncScope (node:async_hooks:227:14)
      at Test.run (node:internal/test_runner/test:1402:25)
      at Test.start (node:internal/test_runner/test:1262:17)
      at startSubtestAfterBootstrap (node:internal/test_runner/harness:387:17) {
    generatedMessage: true,
    code: 'ERR_ASSERTION',
    actual: '277b509e-bc38-806e-85a4-27983a189f58',
    expected: '9293401f-d48d-8e4e-aa5e-e773cf894076',
    operator: 'strictEqual',
    diff: 'simple'
  }

test at kernel/ts/test/portable_abi.test.ts:247:1
✖ elapsed CommandId matches independently frozen run/world/interval vectors (1.333792ms)
  AssertionError [ERR_ASSERTION]: Expected values to be strictly equal:
  + actual - expected
  
  + '277b509e-bc38-806e-85a4-27983a189f58'
  - '9293401f-d48d-8e4e-aa5e-e773cf894076'
  
      at TestContext.<anonymous> (file://[private-path]
      at Test.runInAsyncScope (node:async_hooks:227:14)
      at Test.run (node:internal/test_runner/test:1402:25)
      at Test.processPendingSubtests (node:internal/test_runner/test:974:18)
      at Test.postRun (node:internal/test_runner/test:1542:19)
      at Test.run (node:internal/test_runner/test:1467:12)
      at async Test.processPendingSubtests (node:internal/test_runner/test:974:7) {
    generatedMessage: true,
    code: 'ERR_ASSERTION',
    actual: '277b509e-bc38-806e-85a4-27983a189f58',
    expected: '9293401f-d48d-8e4e-aa5e-e773cf894076',
    operator: 'strictEqual',
    diff: 'simple'
  }
