✔ trusted elapsed advances and drains the existing due job with its owned event (13.037041ms)
✔ trusted elapsed rejects invalid identity and intervals without adopting anything (3.656792ms)
✔ normal player step cannot admit elapsed even through an offered alias (4.620167ms)
✔ elapsed ActionSet offers neither Wait nor the authority elapsed command (2.690042ms)
✔ elapsed player Wait refuses even when a forged alias offers it (2.776667ms)
✖ elapsed loader requires the new kernel API and schedule owner (2.815375ms)
✔ loader rejects authority elapsed actions and elapsed Wait aliases (4.078667ms)
✔ loader rejects duration in elapsed profiles while the frozen legacy fixture loads (3.477208ms)
✔ numeric-vectors: rng_steps from initial_rng (0.961833ms)
✔ numeric-vectors: division (0.126792ms)
✔ numeric-vectors: invalid_json (0.557209ms)
✔ numeric-vectors: canonical (0.169583ms)
✔ adverse-cases: uniform (0.223084ms)
✔ decode edge cases (0.284833ms)
✔ encode escapes and key order (0.08775ms)
✔ encode rejects values outside the profile (0.111458ms)
✔ nesting is limited to 128 containers (0.409791ms)
✔ hash is lowercase SHA-256 of the canonical bytes (0.640625ms)
✔ checked integers overflow as a typed error (0.145916ms)
✔ unsafe operands are integer_overflow (0.140833ms)
✔ uniform accepts bound 2^32 (0.055667ms)
✔ uniform rejects a bad draw budget (0.097209ms)
✔ IdSource ids (0.219958ms)
✔ IdSource rejects non-string ids (0.070542ms)
✔ IdSource rejects a bad ordinal (0.075833ms)
✔ CommandId known answers (0.34575ms)
✔ CommandId rejects bad ids (0.083584ms)
✔ job CommandId known answers (0.309625ms)
✔ job CommandId rejects bad input (0.07225ms)
✔ elapsed CommandId matches independently frozen run/world/interval vectors (1.08775ms)
ℹ tests 30
ℹ suites 0
ℹ pass 29
ℹ fail 1
ℹ cancelled 0
ℹ skipped 0
ℹ todo 0
ℹ duration_ms 162.340083

✖ failing tests:

test at kernel/ts/test/elapsed.test.ts:155:1
✖ elapsed loader requires the new kernel API and schedule owner (2.815375ms)
  AssertionError [ERR_ASSERTION]: Expected values to be strictly equal:
  
  true !== false
  
      at TestContext.<anonymous> (file://[private-path]
      at Test.runInAsyncScope (node:async_hooks:227:14)
      at Test.run (node:internal/test_runner/test:1402:25)
      at Test.processPendingSubtests (node:internal/test_runner/test:974:18)
      at Test.postRun (node:internal/test_runner/test:1542:19)
      at Test.run (node:internal/test_runner/test:1467:12)
      at async Test.processPendingSubtests (node:internal/test_runner/test:974:7) {
    generatedMessage: true,
    code: 'ERR_ASSERTION',
    actual: true,
    expected: false,
    operator: 'strictEqual',
    diff: 'simple'
  }
