✖ trusted elapsed advances and drains the existing due job with its owned event (16.84875ms)
✔ trusted elapsed rejects invalid identity and intervals without adopting anything (4.153167ms)
✔ normal player step cannot admit elapsed even through an offered alias (2.921375ms)
✔ elapsed ActionSet offers neither Wait nor the authority elapsed command (3.042833ms)
✔ elapsed player Wait refuses even when a forged alias offers it (3.213917ms)
✔ elapsed loader requires the new kernel API and schedule owner (4.229333ms)
✔ loader rejects authority elapsed actions and elapsed Wait aliases (3.639916ms)
✔ loader rejects duration in elapsed profiles while the frozen legacy fixture loads (3.311375ms)
✔ numeric-vectors: rng_steps from initial_rng (2.888459ms)
✔ numeric-vectors: division (0.388708ms)
✔ numeric-vectors: invalid_json (1.5185ms)
✔ numeric-vectors: canonical (0.608792ms)
✔ adverse-cases: uniform (0.3485ms)
✔ decode edge cases (0.316958ms)
✔ encode escapes and key order (0.112417ms)
✔ encode rejects values outside the profile (0.126875ms)
✔ nesting is limited to 128 containers (0.408291ms)
✔ hash is lowercase SHA-256 of the canonical bytes (0.854208ms)
✔ checked integers overflow as a typed error (0.697583ms)
✔ unsafe operands are integer_overflow (0.213458ms)
✔ uniform accepts bound 2^32 (0.066166ms)
✔ uniform rejects a bad draw budget (0.096583ms)
✔ IdSource ids (0.223708ms)
✔ IdSource rejects non-string ids (0.079ms)
✔ IdSource rejects a bad ordinal (0.078834ms)
✔ CommandId known answers (0.509208ms)
✔ CommandId rejects bad ids (0.108916ms)
✔ job CommandId known answers (0.586541ms)
✔ job CommandId rejects bad input (0.094209ms)
✔ elapsed CommandId matches independently frozen run/world/interval vectors (1.779042ms)
✔ elapsed receipt survives reopen and replays its first result after later clock commits (17.599875ms)
✔ old run elapsed refuses before receipt lookup after replacement without Host.random (4.6005ms)
✔ unknown elapsed COMMIT fences trusted and player delivery until the real receipt reconciles (4.02025ms)
✖ modal scene keeps Continue-only player controls while elapsed time commits (9.713625ms)
ℹ tests 34
ℹ suites 0
ℹ pass 32
ℹ fail 2
ℹ cancelled 0
ℹ skipped 0
ℹ todo 0
ℹ duration_ms 197.446666

✖ failing tests:

test at kernel/ts/test/elapsed.test.ts:68:1
✖ trusted elapsed advances and drains the existing due job with its owned event (16.84875ms)
  AssertionError [ERR_ASSERTION]: Expected values to be strictly deep-equal:
  
  undefined !== []
  
      at TestContext.<anonymous> (file://[private-path]
      at Test.runInAsyncScope (node:async_hooks:227:14)
      at Test.run (node:internal/test_runner/test:1402:25)
      at Test.start (node:internal/test_runner/test:1262:17)
      at startSubtestAfterBootstrap (node:internal/test_runner/harness:387:17) {
    generatedMessage: true,
    code: 'ERR_ASSERTION',
    actual: undefined,
    expected: [],
    operator: 'deepStrictEqual',
    diff: 'simple'
  }

test at mobile/authority/local-story/elapsed.test.ts:157:1
✖ modal scene keeps Continue-only player controls while elapsed time commits (9.713625ms)
  TypeError: Cannot read properties of undefined (reading 'map')
      at TestContext.<anonymous> (file://[private-path]
      at Test.runInAsyncScope (node:async_hooks:227:14)
      at Test.run (node:internal/test_runner/test:1402:25)
      at Test.processPendingSubtests (node:internal/test_runner/test:974:18)
      at Test.postRun (node:internal/test_runner/test:1542:19)
      at Test.run (node:internal/test_runner/test:1467:12)
      at async Test.processPendingSubtests (node:internal/test_runner/test:974:7)
