✔ trusted elapsed advances and drains the existing due job with its owned event (13.706458ms)
✔ trusted elapsed rejects invalid identity and intervals without adopting anything (5.064ms)
✔ normal player step cannot admit elapsed even through an offered alias (3.070709ms)
✔ elapsed ActionSet offers neither Wait nor the authority elapsed command (3.872125ms)
✔ elapsed player Wait refuses even when a forged alias offers it (2.742458ms)
✔ elapsed loader requires the new kernel API and schedule owner (3.976625ms)
✔ loader rejects authority elapsed actions and elapsed Wait aliases (3.954833ms)
✔ loader rejects duration in elapsed profiles while the frozen legacy fixture loads (3.028542ms)
✔ numeric-vectors: rng_steps from initial_rng (0.989625ms)
✔ numeric-vectors: division (0.122333ms)
✔ numeric-vectors: invalid_json (0.548959ms)
✔ numeric-vectors: canonical (0.168542ms)
✔ adverse-cases: uniform (0.207833ms)
✔ decode edge cases (0.256125ms)
✔ encode escapes and key order (0.085541ms)
✔ encode rejects values outside the profile (0.095292ms)
✔ nesting is limited to 128 containers (0.30625ms)
✔ hash is lowercase SHA-256 of the canonical bytes (0.667291ms)
✔ checked integers overflow as a typed error (0.143833ms)
✔ unsafe operands are integer_overflow (0.128667ms)
✔ uniform accepts bound 2^32 (0.061834ms)
✔ uniform rejects a bad draw budget (0.073375ms)
✔ IdSource ids (0.2285ms)
✔ IdSource rejects non-string ids (0.0615ms)
✔ IdSource rejects a bad ordinal (0.065084ms)
✔ CommandId known answers (0.392708ms)
✔ CommandId rejects bad ids (0.108875ms)
✔ job CommandId known answers (0.85425ms)
✔ job CommandId rejects bad input (0.082959ms)
✔ elapsed CommandId matches independently frozen run/world/interval vectors (0.574333ms)
✖ elapsed CommandId rejects malformed identity and interval operands (0.440042ms)
ℹ tests 31
ℹ suites 0
ℹ pass 30
ℹ fail 1
ℹ cancelled 0
ℹ skipped 0
ℹ todo 0
ℹ duration_ms 158.158875

✖ failing tests:

test at kernel/ts/test/portable_abi.test.ts:261:1
✖ elapsed CommandId rejects malformed identity and interval operands (0.440042ms)
  AssertionError [ERR_ASSERTION]: Missing expected exception.
      at TestContext.<anonymous> (file://[private-path]
      at Test.runInAsyncScope (node:async_hooks:227:14)
      at Test.run (node:internal/test_runner/test:1402:25)
      at Test.processPendingSubtests (node:internal/test_runner/test:974:18)
      at Test.postRun (node:internal/test_runner/test:1542:19)
      at Test.run (node:internal/test_runner/test:1467:12)
      at async Test.processPendingSubtests (node:internal/test_runner/test:974:7) {
    generatedMessage: false,
    code: 'ERR_ASSERTION',
    actual: undefined,
    expected: { code: 'invalid_ordinal' },
    operator: 'throws',
    diff: 'simple'
  }
