✔ trusted elapsed advances and drains the existing due job with its owned event (14.902792ms)
✔ trusted elapsed rejects invalid identity and intervals without adopting anything (5.765583ms)
✔ normal player step cannot admit elapsed even through an offered alias (2.496917ms)
✔ elapsed ActionSet offers neither Wait nor the authority elapsed command (2.618542ms)
✔ elapsed player Wait refuses even when a forged alias offers it (2.538333ms)
✔ elapsed loader requires the new kernel API and schedule owner (3.953042ms)
✔ loader rejects authority elapsed actions and elapsed Wait aliases (3.832ms)
✔ loader rejects duration in elapsed profiles while the frozen legacy fixture loads (3.118333ms)
✔ numeric-vectors: rng_steps from initial_rng (0.992667ms)
✔ numeric-vectors: division (0.138917ms)
✔ numeric-vectors: invalid_json (0.569125ms)
✔ numeric-vectors: canonical (0.179917ms)
✔ adverse-cases: uniform (0.235375ms)
✔ decode edge cases (0.239583ms)
✔ encode escapes and key order (0.092583ms)
✔ encode rejects values outside the profile (0.10575ms)
✔ nesting is limited to 128 containers (0.300083ms)
✔ hash is lowercase SHA-256 of the canonical bytes (0.7825ms)
✔ checked integers overflow as a typed error (0.144708ms)
✔ unsafe operands are integer_overflow (0.134791ms)
✔ uniform accepts bound 2^32 (0.068667ms)
✔ uniform rejects a bad draw budget (0.083916ms)
✔ IdSource ids (0.298292ms)
✔ IdSource rejects non-string ids (0.071333ms)
✔ IdSource rejects a bad ordinal (0.069375ms)
✔ CommandId known answers (0.505333ms)
✔ CommandId rejects bad ids (0.086917ms)
✔ job CommandId known answers (0.404333ms)
✔ job CommandId rejects bad input (0.073291ms)
✔ elapsed CommandId matches independently frozen run/world/interval vectors (1.619625ms)
✔ elapsed CommandId rejects malformed identity and interval operands (0.12825ms)
✔ elapsed receipt survives reopen and replays its first result after later clock commits (35.691042ms)
✔ old run elapsed refuses before receipt lookup after replacement without Host.random (5.283834ms)
✔ unknown elapsed COMMIT fences trusted and player delivery until the real receipt reconciles (3.836959ms)
✔ modal scene keeps Continue-only player controls while elapsed time commits (10.640208ms)
ℹ tests 35
ℹ suites 0
ℹ pass 35
ℹ fail 0
ℹ cancelled 0
ℹ skipped 0
ℹ todo 0
ℹ duration_ms 210.882875
