✔ trusted elapsed advances and drains the existing due job with its owned event (12.978708ms)
✔ trusted elapsed rejects invalid identity and intervals without adopting anything (5.060541ms)
✔ normal player step cannot admit elapsed even through an offered alias (3.117125ms)
✔ elapsed ActionSet offers neither Wait nor the authority elapsed command (2.838833ms)
✔ elapsed player Wait refuses even when a forged alias offers it (2.544583ms)
✔ elapsed loader requires the new kernel API and schedule owner (4.115708ms)
✔ loader rejects authority elapsed actions and elapsed Wait aliases (3.492375ms)
✖ loader rejects duration in elapsed profiles while the frozen legacy fixture loads (2.142209ms)
✔ numeric-vectors: rng_steps from initial_rng (0.989334ms)
✔ numeric-vectors: division (0.121916ms)
✔ numeric-vectors: invalid_json (0.547792ms)
✔ numeric-vectors: canonical (0.168292ms)
✔ adverse-cases: uniform (0.2075ms)
✔ decode edge cases (0.272542ms)
✔ encode escapes and key order (0.087083ms)
✔ encode rejects values outside the profile (0.098333ms)
✔ nesting is limited to 128 containers (0.314333ms)
✔ hash is lowercase SHA-256 of the canonical bytes (0.789ms)
✔ checked integers overflow as a typed error (0.154875ms)
✔ unsafe operands are integer_overflow (0.136125ms)
✔ uniform accepts bound 2^32 (0.055333ms)
✔ uniform rejects a bad draw budget (0.070542ms)
✔ IdSource ids (0.208375ms)
✔ IdSource rejects non-string ids (0.073708ms)
✔ IdSource rejects a bad ordinal (0.082917ms)
✔ CommandId known answers (0.397292ms)
✔ CommandId rejects bad ids (0.090833ms)
✔ job CommandId known answers (0.243333ms)
✔ job CommandId rejects bad input (0.068458ms)
✔ elapsed CommandId matches independently frozen run/world/interval vectors (1.169209ms)
ℹ tests 30
ℹ suites 0
ℹ pass 29
ℹ fail 1
ℹ cancelled 0
ℹ skipped 0
ℹ todo 0
ℹ duration_ms 156.558833

✖ failing tests:

test at kernel/ts/test/elapsed.test.ts:195:1
✖ loader rejects duration in elapsed profiles while the frozen legacy fixture loads (2.142209ms)
  AssertionError [ERR_ASSERTION]: Expected values to be strictly equal:
  
  true !== false
  
      at TestContext.<anonymous> (file://[private-path]
      at Test.runInAsyncScope (node:async_hooks:227:14)
      at Test.run (node:internal/test_runner/test:1402:25)
      at Test.processPendingSubtests (node:internal/test_runner/test:974:18)
      at Test.postRun (node:internal/test_runner/test:1542:19)
      at Test.run (node:internal/test_runner/test:1467:12)
      at async Test.processPendingSubtests (node:internal/test_runner/test:974:7) {
    generatedMessage: true,
    code: 'ERR_ASSERTION',
    actual: true,
    expected: false,
    operator: 'strictEqual',
    diff: 'simple'
  }
