Compiling 33 files (.ex)
Generated loka app
Running ExUnit with seed: 888226, max_cases: 16

.....................................

  1) test elapsed policy requires API 1.1 and schedule ownership (Loka.ContentFerryTest)
     test/loka/content_ferry_test.exs:369
     Assertion with == failed
     code:  assert compile(Path.join(dir, "low"), low) ==
              {:error, [d("KERNEL_API_RANGE_INVALID", "cartridge.requires.kernel_api.at_least", %{})]}
     left:  {:ok,
             "{\"cartridge\":{\"actions\":{},\"calendar\":{\"start\":21600},\"dialogues\":{\"ashmere_ferry@0.0.1:dialogue/bram\":{\"choices\":{\"carry\":{\"label\":\"dialogue.bram.carry\",\"narration\":\"narration.bram.carry\",\"sequence\":[{\"fact\":{\"cartridge_id\":\"ashmere_ferry\",\"cartridge_version\":\"0.0.1\",\"key\":\"search_plan\",\"kind\":\"fact\"},\"op\":\"fact.assign\",\"value\":\"player_led\"}]},\"leave\":{\"hand_over\":{\"item\":\"lantern\",\"to\":\"bram\"},\"label\":\"dialogue.bram.leave\",\"narration\":\"narration.bram.leave\",\"sequence\":[{\"fact\":{\"cartridge_id\":\"ashmere_ferry\",\"cartridge_version\":\"0.0.1\",\"key\":\"search_plan\",\"kind\":\"fact\"},\"op\":\"fact.assign\",\"value\":\"party_led\"}]}},\"key\":\"bram\",\"npc\":{\"cartridge_id\":\"ashmere_ferry\",\"cartridge_version\":\"0.0.1\",\"key\":\"bram\",\"kind\":\"npc\"},\"policy\":{\"policy_version\":1,\"root\":{\"op\":\"quest_state\",\"quest\":{\"cartridge_id\":\"ashmere_ferry\",\"cartridge_version\":\"0.0.1\",\"key\":\"lantern\",\"kind\":\"quest\"},\"state\":\"active\"}},\"prompt\":\"dialogue.bram.prompt\",\"quest\":{\"cartridge_id\":\"ashmere_ferry\",\"cartridge_version\":\"0.0.1\",\"key\":\"lantern\",\"kind\":\"quest\"},\"roles\":{\"bram\":{\"npc\":{\"cartridge_id\":\"ashmere_ferry\",\"cartridge_version\":\"0.0.1\",\"key\":\"bram\",\"kind\":\"npc\"},\"role\":\"npc\"},\"lantern\":{\"item\":{\"cartridge_id\":\"ashmere_ferry\",\"cartridge_version\":\"0.0.1\",\"key\":\"lantern\",\"kind\":\"item\"},\"role\":\"item\"}}}},\"entry\":{\"cartridge_id\":\"ashmere_ferry\",\"cartridge_version\":\"0.0.1\",\"key\":\"ferry_landing\",\"kind\":\"room\"},\"facts\":{\"ashmere_ferry@0.0.1:fact/search_plan\":{\"key\":\"search_plan\",\"meaning\":\"Whether the player carries the lantern along the bank or leaves it with Bram's search party (pre-release-proof.md).\",\"scopes\":[\"player\"],\"value_type\":{\"default\":\"undecided\",\"type\":\"enum\",\"values\":[\"undecided\",\"player_led\",\"party_led\"]},\"version\":1}},\"format\":\"loka-cartridge-v2\",\"items\":{\"ashmere_ferry@0.0.1:item/lantern\":{\"description\":\"item.lantern.description\",\"key\":\"lantern\",\"keywords\":[\"lantern\",\"brass_lantern\"],\"location\":{\"in\":\"room\",\"room\":{\"cartridge_id\":\"ashmere_ferry\",\"cartridge_version\":\"0.0.1\",\"key\":\"ferry_landing\",\"kind\":\"room\"}},\"room_line\":\"item.lantern.room\",\"short\":\"item.lantern.short\"}},\"lock\":{\"capabilities\":{\"action_recipe\":1,\"behavior\":1,\"calendar\":1,\"containment\":1,\"description_variant\":1,\"dialogue\":1,\"fact\":1,\"inspectable_detail\":1,\"movement\":1,\"policy\":1,\"quest\":1,\"resource\":1,\"schedule\":1},\"format\":\"loka-capability-lock-v1\"},\"manifest\":{\"api_version\":\"loka/v3\",\"id\":\"ashmere_ferry\",\"requires\":{\"capabilities\":{\"action_recipe\":1,\"behavior\":1,\"calendar\":1,\"containment\":1,\"description_variant\":1,\"dialogue\":1,\"fact\":1,\"inspectable_detail\":1,\"movement\":1,\"policy\":1,\"quest\":1,\"resource\":1,\"schedule\":1},\"client_features\":[],\"content_schema\":1,\"kernel_api\":{\"at_least\":\"1.0\",\"below\":\"2.0\"},\"rule_ir\":1},\"supported_profiles\":[\"offline_private\"],\"time_policy\":{\"profile\":\"real_elapsed\",\"rate\":50},\"title\":\"Ashmere — Ferry\",\"version\":\"0.0.1\"},\"npcs\":{\"ashmere_ferry@0.0.1:npc/bram\":{\"daily_schedule\":{\"19\":{\"cartridge_id\":\"ashmere_ferry\",\"cartridge_version\":\"0.0.1\",\"key\":\"village_green\",\"kind\":\"room\"},\"6\":{\"cartridge_id\":\"ashmere_ferry\",\"cartridge_version\":\"0.0.1\",\"key\":\"ferry_landing\",\"kind\":\"room\"}},\"description\":\"npc.bram.description\",\"key\":\"bram\",\"keywords\":[\"bram\",\"ferryman\"],\"room\":{\"cartridge_id\":\"ashmere_ferry\",\"cartridge_version\":\"0.0.1\",\"key\":\"ferry_landing\",\"kind\":\"room\"},\"room_line\":\"npc.bram.room\",\"short\":\"npc.bram.short\"}},\"policies\":{},\"quests\":{\"ashmere_ferry@0.0.1:quest/lantern\":{\"key\":\"lantern\",\"objective\":{\"evidence\":\"current_state\",\"policy\":{\"policy_version\":1,\"root\":{\"item\":{\"cartridge_id\":\"ashmere_ferry\",\"cartridge_version\":\"0.0.1\",\"key\":\"lantern\",\"kind\":\"item\"},\"op\":\"has_item\"}}},\"offer\":{\"label\":\"quest.lantern.accept\",\"policy\":{\"policy_version\":1,\"root\":{\"items\":[],\"op\":\"all\"}}},\"title\":\"quest.lantern.title\"}},\"recipes\":{\"ashmere_ferry@0.0.1:recipe/coil_rope\":{\"aliases\":[\"coil\"],\"key\":\"coil_rope\",\"label\":\"actions.coil_rope\",\"outcomes\":{\"success\":{\"narration\":{\"actor\":\"narration.coil_rope.actor\",\"participants\":{\"actor\":{\"role\":\"actor\"},\"bram\":{\"npc\":{\"cartridge_id\":\"ashmere_ferry\",\"cartridge_version\":\"0.0.1\",\"key\":\"bram\",\"kind\":\"npc\"},\"role\":\"npc\"}}}" <> ...,
             []}
     right: {:error,
             [
               %{
                 "code" => "KERNEL_API_RANGE_INVALID",
                 "data" => %{},
                 "message_key" => "diagnostics.kernel_api_range_invalid",
                 "path" => "cartridge.requires.kernel_api.at_least",
                 "severity" => "error",
                 "suggested_capabilities" => []
               }
             ]}
     stacktrace:
       test/loka/content_ferry_test.exs:373: (test)

........
Finished in 0.4 seconds (0.4s async, 0.00s sync)

Result: 45/46 passed
Failed: 1 test
