✔ trusted elapsed advances and drains the existing due job with its owned event (13.808458ms)
✔ trusted elapsed rejects invalid identity and intervals without adopting anything (5.030916ms)
✔ normal player step cannot admit elapsed even through an offered alias (3.018834ms)
✔ elapsed ActionSet offers neither Wait nor the authority elapsed command (2.604084ms)
✔ elapsed player Wait refuses even when a forged alias offers it (2.370792ms)
✔ elapsed loader requires the new kernel API and schedule owner (3.854584ms)
✔ loader rejects authority elapsed actions and elapsed Wait aliases (3.827125ms)
✔ loader rejects duration in elapsed profiles while the frozen legacy fixture loads (3.0225ms)
✔ numeric-vectors: rng_steps from initial_rng (0.989416ms)
✔ numeric-vectors: division (0.127541ms)
✔ numeric-vectors: invalid_json (0.5635ms)
✔ numeric-vectors: canonical (0.174708ms)
✔ adverse-cases: uniform (0.224333ms)
✔ decode edge cases (0.853375ms)
✔ encode escapes and key order (0.275958ms)
✔ encode rejects values outside the profile (0.30825ms)
✔ nesting is limited to 128 containers (0.996958ms)
✔ hash is lowercase SHA-256 of the canonical bytes (1.728083ms)
✔ checked integers overflow as a typed error (0.611458ms)
✔ unsafe operands are integer_overflow (0.56425ms)
✔ uniform accepts bound 2^32 (0.2545ms)
✔ uniform rejects a bad draw budget (0.307042ms)
✔ IdSource ids (0.644584ms)
✔ IdSource rejects non-string ids (0.104084ms)
✔ IdSource rejects a bad ordinal (0.094ms)
✔ CommandId known answers (0.36325ms)
✔ CommandId rejects bad ids (0.08725ms)
✔ job CommandId known answers (0.282083ms)
✔ job CommandId rejects bad input (0.071083ms)
✔ elapsed CommandId matches independently frozen run/world/interval vectors (0.90875ms)
✖ elapsed CommandId rejects malformed identity and interval operands (0.535208ms)
ℹ tests 31
ℹ suites 0
ℹ pass 30
ℹ fail 1
ℹ cancelled 0
ℹ skipped 0
ℹ todo 0
ℹ duration_ms 157.240542

✖ failing tests:

test at kernel/ts/test/portable_abi.test.ts:261:1
✖ elapsed CommandId rejects malformed identity and interval operands (0.535208ms)
  AssertionError [ERR_ASSERTION]: Missing expected exception.
      at TestContext.<anonymous> (file://[private-path]
      at Test.runInAsyncScope (node:async_hooks:227:14)
      at Test.run (node:internal/test_runner/test:1402:25)
      at Test.processPendingSubtests (node:internal/test_runner/test:974:18)
      at Test.postRun (node:internal/test_runner/test:1542:19)
      at Test.run (node:internal/test_runner/test:1467:12)
      at async Test.processPendingSubtests (node:internal/test_runner/test:974:7) {
    generatedMessage: false,
    code: 'ERR_ASSERTION',
    actual: undefined,
    expected: { code: 'invalid_id' },
    operator: 'throws',
    diff: 'simple'
  }
