✔ openStory.invoke refuses a failing chat on Bram by its key (32.31375ms)
✔ a tiny world survives a restart with the same state (10.722459ms)
✔ a retried consumed take replays its receipt; altered intent is a conflict (6.169667ms)
✔ a failed attempt and a rejection persist; their retries draw nothing (10.422ms)
✔ a fault changes nothing and gets no receipt (4.884375ms)
✔ a lost COMMIT acknowledgement reconciles to the committed receipt (9.72025ms)
✔ a genuinely failed COMMIT reconciles to not committed; the retry is a fresh attempt (7.460792ms)
✔ while the COMMIT outcome is unknown every call is fenced; a restart settles it (3.6145ms)
✔ a process killed after COMMIT restarts with the take once and its trace entry once (270.102375ms)
✔ a definite failure is traced once; a failed trace write changes nothing (6.680792ms)
✔ while the trace is behind no later entry overtakes a missed one (4.772625ms)
✔ an unreadable trace never stops play or the save opening (4.032458ms)
✔ an updated kernel starts a new segment after recovering the old one (5.529125ms)
✔ a transaction a failed ROLLBACK leaves open is never read as saved nor blocks play (5.873333ms)
✔ a save does not open inside a transaction left open (2.162334ms)
✔ jobs survive a restart: waiting to 19:00 after it moves Bram as without it (6.567791ms)
✔ a recipe whose time cost runs a job replays its receipt on retry (4.746459ms)
✔ a move whose reactions commit replays its events byte for byte after a restart (3.587375ms)
✔ a recipe narration's pinned participants survive a restart and replay unchanged (3.223625ms)
✔ a talk committed, then a restart: the stored choice carries its revision and choose works (7.174209ms)
✔ a new save allocates and pins its identity; a restart and a replay reuse it (12.496208ms)
✔ a save whose pinned release is missing is refused untouched; a new game moves on (6.941125ms)
✔ a save of an unknown format is refused with nothing written and no new game (12.188458ms)
✔ a damaged identity is save_corrupt and untouched; its new game repairs it (110.141667ms)
✔ an app update reopens a save on its pinned release; new games pin the newest (7.788667ms)
✔ a save that does not parse is save_corrupt until the player starts a new game (20.613583ms)
✔ a new game replaces the save; an old invocation id is new again (5.943792ms)
✔ a new game that fails part way leaves the old save and memory (3.380625ms)
✔ a new game settles a pending attempt first, in the run it was made in (7.26175ms)
✔ a new game whose COMMIT is unknown is fenced; settling it moves play to the new run (5.548167ms)
✔ a new game whose COMMIT fails keeps the old save, memory and receipts (5.227125ms)
✔ a committed new game is adopted before play; a retry does not replace it twice (4.490834ms)
✔ a corrupt save's new game settles its COMMIT like any other (9.2955ms)
✔ a new run's entries missed by the trace follow its own header (5.709375ms)
✔ a new game after a settled one replaces the save again (6.0055ms)
✔ line two survives reopen and triggering receipt retry without duplicate effects (30.124416ms)
ℹ tests 36
ℹ suites 0
ℹ pass 36
ℹ fail 0
ℹ cancelled 0
ℹ skipped 0
ℹ todo 0
ℹ duration_ms 589.546833
