✔ the adapter matches the invocation known answers (4.834458ms)
✔ the intent digest matches its pinned known answers (0.503ms)
✔ a mismatch reports the step, both results and the state as canonical bytes (0.423542ms)
✔ fault, rejection and failed attempt stay distinct; only the attempt changes the world (17.3005ms)
✔ admission decides the invoked action only (43.134958ms)
✔ the known-answer runner steps with the invoked action (5.458417ms)
✔ numeric-vectors: rng_steps from initial_rng (0.988042ms)
✔ numeric-vectors: division (0.128416ms)
✔ numeric-vectors: invalid_json (0.557458ms)
✔ numeric-vectors: canonical (0.16875ms)
✔ adverse-cases: uniform (0.254333ms)
✔ decode edge cases (0.264708ms)
✔ encode escapes and key order (0.088041ms)
✔ encode rejects values outside the profile (0.111209ms)
✔ nesting is limited to 128 containers (0.315792ms)
✔ hash is lowercase SHA-256 of the canonical bytes (0.668708ms)
✔ checked integers overflow as a typed error (0.154167ms)
✔ unsafe operands are integer_overflow (0.136375ms)
✔ uniform accepts bound 2^32 (0.058916ms)
✔ uniform rejects a bad draw budget (0.086291ms)
✔ IdSource ids (0.250916ms)
✔ IdSource rejects non-string ids (0.10625ms)
✔ IdSource rejects a bad ordinal (0.086166ms)
✔ CommandId known answers (0.319375ms)
✔ CommandId rejects bad ids (0.080959ms)
✔ job CommandId known answers (0.277583ms)
✔ job CommandId rejects bad input (0.068583ms)
✔ a recipe's unknown target, fact or text is UNRESOLVED_REFERENCE (58.605958ms)
✔ a recipe with an action's or a registered command's key is DUPLICATE_DEFINITION (7.423333ms)
✔ a room's contribution naming no verb, action or recipe is UNRESOLVED_REFERENCE (1.226709ms)
✔ a recipe and its steps without their owners locked are UNDECLARED_CAPABILITY (3.335375ms)
✔ a v1 action policy's undeclared fact is UNRESOLVED_REFERENCE (0.891041ms)
✔ a recipe has a failure outcome exactly when it has a check (OUTCOME_MISMATCH) (7.649084ms)
✔ a failure outcome's references and owners, and the check's, are checked (9.907791ms)
✔ time_window needs schedule@1 and a non-empty window (3.398708ms)
✔ a recipe's or a policy's fact value outside its FactSpec is FACT_TYPE_MISMATCH (9.7045ms)
✔ two recipes' checks with one key are DUPLICATE_DEFINITION (1.546459ms)
✔ a resource spec whose bounds do not hold its start is RESOURCE_SPEC_INVALID (6.665875ms)
✔ a cost's, threshold's or resource.adjust's unknown resource is UNRESOLVED_REFERENCE (3.642584ms)
✔ resources without resource@1 in the lock are UNDECLARED_CAPABILITY (1.128834ms)
✔ fresh scenes keep the same state as their scene-free variant (36.758875ms)
✔ story outcome starts line one and refuses every ordinary action at both boundaries (12.754208ms)
✔ each continue advances one line, ends at minus one and composes its fact reaction (8.056375ms)
✔ start needs only scene and never restarts an ended fact or a different outcome (15.200125ms)
✔ a fresh world starts at 06:00 with Bram at the landing and his job due at 19:00 (47.374959ms)
✔ wait to 19:00 moves Bram to the green through his job; 18:59 does not (4.541583ms)
✔ a job its own advance would schedule at or before the target faults the whole wait (2.399458ms)
✔ due jobs run in due-time order across one advance (2.587584ms)
✔ jobs due at one time run in job-id order whatever the row order (2.745875ms)
✔ a run_job submitted to step is refused and changes nothing (2.072792ms)
✔ a recipe's duration runs the job due inside it in the player's proposal (2.298583ms)
✔ a body starts with its resources at their start values at the calendar start (1.920833ms)
✔ an advance over a job budget faults whole, in a wait and in a recipe (7.865125ms)
✔ a root over a job budget names its limit, pending_jobs before due_jobs_per_advance (19.638166ms)
✔ the loader checks schedule rooms and the schedule and calendar owners (7.242958ms)
✔ a recipe's committed narration pins its participants' EntityIds (1.512208ms)
✔ an item participant is pinned to the item's EntityId (1.676167ms)
✔ the loader rejects a narration participant naming no npc or item of its role (4.674458ms)
✔ a fresh world mints IdSource ids and puts the player in the entry room (2.502459ms)
✔ a body out of mv waits an hour and moves again (27.804875ms)
✔ move north proposes one transfer and entity_entered_room, and commits it (2.544292ms)
✔ a scripted walk visits the expected rooms and rejects the known bad moves (1.704334ms)
✔ look is accepted with an empty delta and leaves the state unchanged (0.396792ms)
✔ unknown capabilities and other actors are rejected before any rule (0.425583ms)
✔ the movement invariants fail on a broken world (0.449459ms)
✔ the delta digest construction matches the Python known answer (0.251ms)
✔ a foreign event faults unowned_event, and a rule mutating the world throws (0.71625ms)
✔ INSTALLED is each rule module and each implemented ruleless capability (3.288084ms)
ℹ tests 68
ℹ suites 0
ℹ pass 68
ℹ fail 0
ℹ cancelled 0
ℹ skipped 0
ℹ todo 0
ℹ duration_ms 399.318083
