✔ the adapter matches the invocation known answers (8.770417ms)
✔ the intent digest matches its pinned known answers (1.144459ms)
✔ a mismatch reports the step, both results and the state as canonical bytes (0.507875ms)
✔ fault, rejection and failed attempt stay distinct; only the attempt changes the world (3.843125ms)
✔ admission decides the invoked action only (44.249208ms)
✔ the known-answer runner steps with the invoked action (11.2505ms)
✔ numeric-vectors: rng_steps from initial_rng (1.6935ms)
✔ numeric-vectors: division (0.148333ms)
✔ numeric-vectors: invalid_json (0.575791ms)
✔ numeric-vectors: canonical (0.176625ms)
✔ adverse-cases: uniform (0.2095ms)
✔ decode edge cases (0.273ms)
✔ encode escapes and key order (0.099666ms)
✔ encode rejects values outside the profile (0.105167ms)
✔ nesting is limited to 128 containers (0.313ms)
✔ hash is lowercase SHA-256 of the canonical bytes (6.658666ms)
✔ checked integers overflow as a typed error (0.544792ms)
✔ unsafe operands are integer_overflow (0.595042ms)
✔ uniform accepts bound 2^32 (0.222333ms)
✔ uniform rejects a bad draw budget (0.265708ms)
✔ IdSource ids (0.838917ms)
✔ IdSource rejects non-string ids (0.256625ms)
✔ IdSource rejects a bad ordinal (0.223375ms)
✔ CommandId known answers (0.954208ms)
✔ CommandId rejects bad ids (0.1295ms)
✔ job CommandId known answers (0.607333ms)
✔ job CommandId rejects bad input (0.099042ms)
✔ a recipe's unknown target, fact or text is UNRESOLVED_REFERENCE (32.493083ms)
✔ a recipe with an action's or a registered command's key is DUPLICATE_DEFINITION (3.060166ms)
✔ a room's contribution naming no verb, action or recipe is UNRESOLVED_REFERENCE (1.331083ms)
✔ a recipe and its steps without their owners locked are UNDECLARED_CAPABILITY (2.42175ms)
✔ a v1 action policy's undeclared fact is UNRESOLVED_REFERENCE (1.190042ms)
✔ a recipe has a failure outcome exactly when it has a check (OUTCOME_MISMATCH) (4.111ms)
✔ a failure outcome's references and owners, and the check's, are checked (4.934666ms)
✔ time_window needs schedule@1 and a non-empty window (3.298917ms)
✔ a recipe's or a policy's fact value outside its FactSpec is FACT_TYPE_MISMATCH (2.222917ms)
✔ two recipes' checks with one key are DUPLICATE_DEFINITION (1.604167ms)
✔ a resource spec whose bounds do not hold its start is RESOURCE_SPEC_INVALID (9.867084ms)
✔ a cost's, threshold's or resource.adjust's unknown resource is UNRESOLVED_REFERENCE (4.94775ms)
✔ resources without resource@1 in the lock are UNDECLARED_CAPABILITY (1.201542ms)
✔ fresh scenes keep the same state as their scene-free variant (41.687541ms)
✔ story outcome starts line one and refuses every ordinary action at both boundaries (12.821334ms)
✔ each continue advances one line, ends at minus one and composes its fact reaction (12.120417ms)
✔ start needs only scene and never restarts an ended fact or a different outcome (16.880209ms)
✔ a fresh world starts at 06:00 with Bram at the landing and his job due at 19:00 (33.078833ms)
✔ wait to 19:00 moves Bram to the green through his job; 18:59 does not (8.450084ms)
✔ a job its own advance would schedule at or before the target faults the whole wait (2.432917ms)
✔ due jobs run in due-time order across one advance (3.789375ms)
✔ jobs due at one time run in job-id order whatever the row order (15.770834ms)
✔ a run_job submitted to step is refused and changes nothing (1.861958ms)
✔ a recipe's duration runs the job due inside it in the player's proposal (2.652208ms)
✔ a body starts with its resources at their start values at the calendar start (2.055583ms)
✔ an advance over a job budget faults whole, in a wait and in a recipe (11.424875ms)
✔ a root over a job budget names its limit, pending_jobs before due_jobs_per_advance (34.375291ms)
✔ the loader checks schedule rooms and the schedule and calendar owners (14.199375ms)
✔ a recipe's committed narration pins its participants' EntityIds (2.001833ms)
✔ an item participant is pinned to the item's EntityId (2.265542ms)
✔ the loader rejects a narration participant naming no npc or item of its role (8.132333ms)
✔ a fresh world mints IdSource ids and puts the player in the entry room (11.676333ms)
✔ a body out of mv waits an hour and moves again (14.498542ms)
✔ move north proposes one transfer and entity_entered_room, and commits it (1.648791ms)
✔ a scripted walk visits the expected rooms and rejects the known bad moves (3.022708ms)
✔ look is accepted with an empty delta and leaves the state unchanged (1.4975ms)
✔ unknown capabilities and other actors are rejected before any rule (5.581625ms)
✔ the movement invariants fail on a broken world (0.488583ms)
✔ the delta digest construction matches the Python known answer (0.490625ms)
✔ a foreign event faults unowned_event, and a rule mutating the world throws (1.020333ms)
✔ INSTALLED is each rule module and each implemented ruleless capability (3.624ms)
ℹ tests 68
ℹ suites 0
ℹ pass 68
ℹ fail 0
ℹ cancelled 0
ℹ skipped 0
ℹ todo 0
ℹ duration_ms 492.965459
