✔ the adapter matches the invocation known answers (4.89ms)
✔ the intent digest matches its pinned known answers (0.58575ms)
✔ a mismatch reports the step, both results and the state as canonical bytes (0.398625ms)
✔ fault, rejection and failed attempt stay distinct; only the attempt changes the world (8.152125ms)
✔ admission decides the invoked action only (36.470166ms)
✔ the known-answer runner steps with the invoked action (4.729125ms)
✔ numeric-vectors: rng_steps from initial_rng (0.991458ms)
✔ numeric-vectors: division (0.130959ms)
✔ numeric-vectors: invalid_json (8.389375ms)
✔ numeric-vectors: canonical (10.733ms)
✔ adverse-cases: uniform (10.700917ms)
✔ decode edge cases (0.395875ms)
✔ encode escapes and key order (0.108125ms)
✔ encode rejects values outside the profile (0.107833ms)
✔ nesting is limited to 128 containers (0.316959ms)
✔ hash is lowercase SHA-256 of the canonical bytes (0.781917ms)
✔ checked integers overflow as a typed error (0.159708ms)
✔ unsafe operands are integer_overflow (0.137834ms)
✔ uniform accepts bound 2^32 (0.065625ms)
✔ uniform rejects a bad draw budget (0.102292ms)
✔ IdSource ids (0.301958ms)
✔ IdSource rejects non-string ids (0.0765ms)
✔ IdSource rejects a bad ordinal (0.068833ms)
✔ CommandId known answers (0.369791ms)
✔ CommandId rejects bad ids (0.0955ms)
✔ job CommandId known answers (0.291167ms)
✔ job CommandId rejects bad input (0.06875ms)
✔ a recipe's unknown target, fact or text is UNRESOLVED_REFERENCE (55.609458ms)
✔ a recipe with an action's or a registered command's key is DUPLICATE_DEFINITION (2.910958ms)
✔ a room's contribution naming no verb, action or recipe is UNRESOLVED_REFERENCE (3.256917ms)
✔ a recipe and its steps without their owners locked are UNDECLARED_CAPABILITY (2.455083ms)
✔ a v1 action policy's undeclared fact is UNRESOLVED_REFERENCE (0.94275ms)
✔ a recipe has a failure outcome exactly when it has a check (OUTCOME_MISMATCH) (5.40175ms)
✔ a failure outcome's references and owners, and the check's, are checked (4.925042ms)
✔ time_window needs schedule@1 and a non-empty window (4.623875ms)
✔ a recipe's or a policy's fact value outside its FactSpec is FACT_TYPE_MISMATCH (2.234166ms)
✔ two recipes' checks with one key are DUPLICATE_DEFINITION (1.989917ms)
✔ a resource spec whose bounds do not hold its start is RESOURCE_SPEC_INVALID (6.046ms)
✔ a cost's, threshold's or resource.adjust's unknown resource is UNRESOLVED_REFERENCE (4.009375ms)
✔ resources without resource@1 in the lock are UNDECLARED_CAPABILITY (1.115917ms)
✔ fresh scenes keep the same state as their scene-free variant (44.862459ms)
✔ story outcome starts line one and refuses every ordinary action at both boundaries (18.773833ms)
✔ each continue advances one line, ends at minus one and composes its fact reaction (7.948709ms)
✔ start needs only scene and never restarts an ended fact or a different outcome (15.493834ms)
✔ a fresh world starts at 06:00 with Bram at the landing and his job due at 19:00 (41.041667ms)
✔ wait to 19:00 moves Bram to the green through his job; 18:59 does not (4.463417ms)
✔ a job its own advance would schedule at or before the target faults the whole wait (2.392208ms)
✔ due jobs run in due-time order across one advance (2.47975ms)
✔ jobs due at one time run in job-id order whatever the row order (6.984166ms)
✔ a run_job submitted to step is refused and changes nothing (1.825666ms)
✔ a recipe's duration runs the job due inside it in the player's proposal (2.840125ms)
✔ a body starts with its resources at their start values at the calendar start (1.945958ms)
✔ an advance over a job budget faults whole, in a wait and in a recipe (8.509167ms)
✔ a root over a job budget names its limit, pending_jobs before due_jobs_per_advance (21.320625ms)
✔ the loader checks schedule rooms and the schedule and calendar owners (7.881333ms)
✔ a recipe's committed narration pins its participants' EntityIds (1.745416ms)
✔ an item participant is pinned to the item's EntityId (1.882916ms)
✔ the loader rejects a narration participant naming no npc or item of its role (4.755584ms)
✔ a fresh world mints IdSource ids and puts the player in the entry room (2.522083ms)
✔ a body out of mv waits an hour and moves again (29.659125ms)
✔ move north proposes one transfer and entity_entered_room, and commits it (7.200708ms)
✔ a scripted walk visits the expected rooms and rejects the known bad moves (1.676292ms)
✔ look is accepted with an empty delta and leaves the state unchanged (0.344791ms)
✔ unknown capabilities and other actors are rejected before any rule (0.397625ms)
✔ the movement invariants fail on a broken world (0.407583ms)
✔ the delta digest construction matches the Python known answer (0.22175ms)
✔ a foreign event faults unowned_event, and a rule mutating the world throws (0.674667ms)
✔ INSTALLED is each rule module and each implemented ruleless capability (2.965209ms)
ℹ tests 68
ℹ suites 0
ℹ pass 68
ℹ fail 0
ℹ cancelled 0
ℹ skipped 0
ℹ todo 0
ℹ duration_ms 381.993958
