✔ openStory.invoke refuses a failing chat on Bram by its key (23.706334ms)
✔ a tiny world survives a restart with the same state (9.279625ms)
✔ a retried consumed take replays its receipt; altered intent is a conflict (5.792958ms)
✔ a failed attempt and a rejection persist; their retries draw nothing (6.853208ms)
✔ a fault changes nothing and gets no receipt (5.107416ms)
✔ a lost COMMIT acknowledgement reconciles to the committed receipt (6.155458ms)
✔ a genuinely failed COMMIT reconciles to not committed; the retry is a fresh attempt (6.961ms)
✔ while the COMMIT outcome is unknown every call is fenced; a restart settles it (5.494084ms)
✔ a process killed after COMMIT restarts with the take once and its trace entry once (274.664917ms)
✔ a definite failure is traced once; a failed trace write changes nothing (6.001542ms)
✔ while the trace is behind no later entry overtakes a missed one (4.367458ms)
✔ an unreadable trace never stops play or the save opening (4.799375ms)
✔ an updated kernel starts a new segment after recovering the old one (4.311417ms)
✔ a transaction a failed ROLLBACK leaves open is never read as saved nor blocks play (5.071958ms)
✔ a save does not open inside a transaction left open (1.039667ms)
✔ jobs survive a restart: waiting to 19:00 after it moves Bram as without it (7.349875ms)
✔ a recipe whose time cost runs a job replays its receipt on retry (4.716584ms)
✔ a move whose reactions commit replays its events byte for byte after a restart (3.516125ms)
✔ a recipe narration's pinned participants survive a restart and replay unchanged (2.954458ms)
✔ a talk committed, then a restart: the stored choice carries its revision and choose works (8.79825ms)
✔ a new save allocates and pins its identity; a restart and a replay reuse it (9.013125ms)
✔ a save whose pinned release is missing is refused untouched; a new game moves on (7.252917ms)
✔ a save of an unknown format is refused with nothing written and no new game (7.782959ms)
✔ a damaged identity is save_corrupt and untouched; its new game repairs it (111.320625ms)
✔ an app update reopens a save on its pinned release; new games pin the newest (6.200958ms)
✔ a save that does not parse is save_corrupt until the player starts a new game (21.579417ms)
✔ a new game replaces the save; an old invocation id is new again (6.729458ms)
✔ a new game that fails part way leaves the old save and memory (3.647667ms)
✔ a new game settles a pending attempt first, in the run it was made in (6.542625ms)
✔ a new game whose COMMIT is unknown is fenced; settling it moves play to the new run (8.322208ms)
✔ a new game whose COMMIT fails keeps the old save, memory and receipts (3.957583ms)
✔ a committed new game is adopted before play; a retry does not replace it twice (6.27625ms)
✔ a corrupt save's new game settles its COMMIT like any other (11.66725ms)
✔ a new run's entries missed by the trace follow its own header (5.879875ms)
✔ a new game after a settled one replaces the save again (6.55525ms)
✔ line two survives reopen and triggering receipt retry without duplicate effects (26.34225ms)
ℹ tests 36
ℹ suites 0
ℹ pass 36
ℹ fail 0
ℹ cancelled 0
ℹ skipped 0
ℹ todo 0
ℹ duration_ms 602.175583
