✔ the adapter matches the invocation known answers (15.08475ms)
✔ the intent digest matches its pinned known answers (0.537375ms)
✔ a mismatch reports the step, both results and the state as canonical bytes (0.432541ms)
✔ fault, rejection and failed attempt stay distinct; only the attempt changes the world (6.833667ms)
✔ admission decides the invoked action only (50.805833ms)
✔ the known-answer runner steps with the invoked action (6.426541ms)
✔ numeric-vectors: rng_steps from initial_rng (1.043959ms)
✔ numeric-vectors: division (0.137666ms)
✔ numeric-vectors: invalid_json (0.563125ms)
✔ numeric-vectors: canonical (0.165167ms)
✔ adverse-cases: uniform (0.208875ms)
✔ decode edge cases (0.234292ms)
✔ encode escapes and key order (0.087125ms)
✔ encode rejects values outside the profile (0.096542ms)
✔ nesting is limited to 128 containers (0.295875ms)
✔ hash is lowercase SHA-256 of the canonical bytes (0.750292ms)
✔ checked integers overflow as a typed error (0.143167ms)
✔ unsafe operands are integer_overflow (0.129792ms)
✔ uniform accepts bound 2^32 (0.061666ms)
✔ uniform rejects a bad draw budget (0.07575ms)
✔ IdSource ids (0.283459ms)
✔ IdSource rejects non-string ids (0.068042ms)
✔ IdSource rejects a bad ordinal (0.069542ms)
✔ CommandId known answers (0.456666ms)
✔ CommandId rejects bad ids (0.078791ms)
✔ job CommandId known answers (0.420875ms)
✔ job CommandId rejects bad input (0.073333ms)
✔ elapsed CommandId matches independently frozen run/world/interval vectors (22.903916ms)
✔ a recipe's unknown target, fact or text is UNRESOLVED_REFERENCE (50.713375ms)
✔ a recipe with an action's or a registered command's key is DUPLICATE_DEFINITION (2.942333ms)
✔ a room's contribution naming no verb, action or recipe is UNRESOLVED_REFERENCE (1.325208ms)
✔ a recipe and its steps without their owners locked are UNDECLARED_CAPABILITY (2.925333ms)
✔ a v1 action policy's undeclared fact is UNRESOLVED_REFERENCE (0.886625ms)
✔ a recipe has a failure outcome exactly when it has a check (OUTCOME_MISMATCH) (7.083666ms)
✔ a failure outcome's references and owners, and the check's, are checked (5.800708ms)
✔ time_window needs schedule@1 and a non-empty window (3.62575ms)
✔ a recipe's or a policy's fact value outside its FactSpec is FACT_TYPE_MISMATCH (2.178ms)
✔ two recipes' checks with one key are DUPLICATE_DEFINITION (1.4715ms)
✔ a resource spec whose bounds do not hold its start is RESOURCE_SPEC_INVALID (7.087958ms)
✔ a cost's, threshold's or resource.adjust's unknown resource is UNRESOLVED_REFERENCE (4.238167ms)
✔ resources without resource@1 in the lock are UNDECLARED_CAPABILITY (1.304ms)
✔ fresh scenes keep the same state as their scene-free variant (36.599667ms)
✔ story outcome starts line one and refuses every ordinary action at both boundaries (10.63625ms)
✔ each continue advances one line, ends at minus one and composes its fact reaction (10.998458ms)
✔ start needs only scene and never restarts an ended fact or a different outcome (14.934291ms)
✔ a fresh world starts at 06:00 with Bram at the landing and his job due at 19:00 (36.283625ms)
✔ wait to 19:00 moves Bram to the green through his job; 18:59 does not (5.336083ms)
✔ a job its own advance would schedule at or before the target faults the whole wait (2.3355ms)
✔ due jobs run in due-time order across one advance (2.252917ms)
✔ jobs due at one time run in job-id order whatever the row order (4.434417ms)
✔ a run_job submitted to step is refused and changes nothing (1.763125ms)
✔ a recipe's duration runs the job due inside it in the player's proposal (2.922166ms)
✔ a body starts with its resources at their start values at the calendar start (1.845959ms)
✔ an advance over a job budget faults whole, in a wait and in a recipe (7.849792ms)
✔ a root over a job budget names its limit, pending_jobs before due_jobs_per_advance (23.660083ms)
✔ the loader checks schedule rooms and the schedule and calendar owners (7.632041ms)
✔ a recipe's committed narration pins its participants' EntityIds (1.568917ms)
✔ an item participant is pinned to the item's EntityId (1.644958ms)
✔ the loader rejects a narration participant naming no npc or item of its role (4.659334ms)
✔ a fresh world mints IdSource ids and puts the player in the entry room (2.521791ms)
✔ a body out of mv waits an hour and moves again (22.292625ms)
✔ move north proposes one transfer and entity_entered_room, and commits it (0.543792ms)
✔ a scripted walk visits the expected rooms and rejects the known bad moves (1.6745ms)
✔ look is accepted with an empty delta and leaves the state unchanged (0.35325ms)
✔ unknown capabilities and other actors are rejected before any rule (0.405625ms)
✔ the movement invariants fail on a broken world (0.424875ms)
✔ the delta digest construction matches the Python known answer (0.318834ms)
✔ a foreign event faults unowned_event, and a rule mutating the world throws (0.717042ms)
✔ INSTALLED is each rule module and each implemented ruleless capability (3.941416ms)
ℹ tests 69
ℹ suites 0
ℹ pass 69
ℹ fail 0
ℹ cancelled 0
ℹ skipped 0
ℹ todo 0
ℹ duration_ms 385.256625
