✔ the adapter matches the invocation known answers (11.020125ms)
✔ the intent digest matches its pinned known answers (1.95375ms)
✔ a mismatch reports the step, both results and the state as canonical bytes (5.5275ms)
✔ fault, rejection and failed attempt stay distinct; only the attempt changes the world (3.206667ms)
✔ admission decides the invoked action only (35.368042ms)
✔ the known-answer runner steps with the invoked action (3.237917ms)
✔ numeric-vectors: rng_steps from initial_rng (0.981125ms)
✔ numeric-vectors: division (0.132ms)
✔ numeric-vectors: invalid_json (0.549958ms)
✔ numeric-vectors: canonical (0.170541ms)
✔ adverse-cases: uniform (0.216167ms)
✔ decode edge cases (0.251458ms)
✔ encode escapes and key order (0.094833ms)
✔ encode rejects values outside the profile (0.1065ms)
✔ nesting is limited to 128 containers (0.314541ms)
✔ hash is lowercase SHA-256 of the canonical bytes (17.73625ms)
✔ checked integers overflow as a typed error (1.663291ms)
✔ unsafe operands are integer_overflow (0.4775ms)
✔ uniform accepts bound 2^32 (0.172875ms)
✔ uniform rejects a bad draw budget (0.290375ms)
✔ IdSource ids (1.325875ms)
✔ IdSource rejects non-string ids (0.124542ms)
✔ IdSource rejects a bad ordinal (0.099708ms)
✔ CommandId known answers (0.353667ms)
✔ CommandId rejects bad ids (0.096291ms)
✔ job CommandId known answers (0.282625ms)
✔ job CommandId rejects bad input (0.070666ms)
✔ elapsed CommandId matches independently frozen run/world/interval vectors (1.262417ms)
✔ a recipe's unknown target, fact or text is UNRESOLVED_REFERENCE (40.665375ms)
✔ a recipe with an action's or a registered command's key is DUPLICATE_DEFINITION (13.500166ms)
✔ a room's contribution naming no verb, action or recipe is UNRESOLVED_REFERENCE (3.003084ms)
✔ a recipe and its steps without their owners locked are UNDECLARED_CAPABILITY (2.672833ms)
✔ a v1 action policy's undeclared fact is UNRESOLVED_REFERENCE (0.983958ms)
✔ a recipe has a failure outcome exactly when it has a check (OUTCOME_MISMATCH) (4.486083ms)
✔ a failure outcome's references and owners, and the check's, are checked (4.643292ms)
✔ time_window needs schedule@1 and a non-empty window (6.860875ms)
✔ a recipe's or a policy's fact value outside its FactSpec is FACT_TYPE_MISMATCH (2.249875ms)
✔ two recipes' checks with one key are DUPLICATE_DEFINITION (1.757417ms)
✔ a resource spec whose bounds do not hold its start is RESOURCE_SPEC_INVALID (6.431708ms)
✔ a cost's, threshold's or resource.adjust's unknown resource is UNRESOLVED_REFERENCE (3.935083ms)
✔ resources without resource@1 in the lock are UNDECLARED_CAPABILITY (1.277792ms)
✔ fresh scenes keep the same state as their scene-free variant (37.842041ms)
✔ story outcome starts line one and refuses every ordinary action at both boundaries (12.955ms)
✔ each continue advances one line, ends at minus one and composes its fact reaction (8.328375ms)
✔ start needs only scene and never restarts an ended fact or a different outcome (26.881834ms)
✔ a fresh world starts at 06:00 with Bram at the landing and his job due at 19:00 (28.674166ms)
✔ wait to 19:00 moves Bram to the green through his job; 18:59 does not (10.513ms)
✔ a job its own advance would schedule at or before the target faults the whole wait (11.658166ms)
✔ due jobs run in due-time order across one advance (2.935041ms)
✔ jobs due at one time run in job-id order whatever the row order (2.607333ms)
✔ a run_job submitted to step is refused and changes nothing (1.709625ms)
✔ a recipe's duration runs the job due inside it in the player's proposal (8.811084ms)
✔ a body starts with its resources at their start values at the calendar start (1.928666ms)
✔ an advance over a job budget faults whole, in a wait and in a recipe (13.929542ms)
✔ a root over a job budget names its limit, pending_jobs before due_jobs_per_advance (21.706542ms)
✔ the loader checks schedule rooms and the schedule and calendar owners (7.61725ms)
✔ a recipe's committed narration pins its participants' EntityIds (1.590833ms)
✔ an item participant is pinned to the item's EntityId (1.691167ms)
✔ the loader rejects a narration participant naming no npc or item of its role (4.69475ms)
✔ a fresh world mints IdSource ids and puts the player in the entry room (24.864292ms)
✔ a body out of mv waits an hour and moves again (19.653542ms)
✔ move north proposes one transfer and entity_entered_room, and commits it (1.14125ms)
✔ a scripted walk visits the expected rooms and rejects the known bad moves (2.02525ms)
✔ look is accepted with an empty delta and leaves the state unchanged (0.41325ms)
✔ unknown capabilities and other actors are rejected before any rule (0.454625ms)
✔ the movement invariants fail on a broken world (0.456041ms)
✔ the delta digest construction matches the Python known answer (0.274958ms)
✔ a foreign event faults unowned_event, and a rule mutating the world throws (5.615209ms)
✔ INSTALLED is each rule module and each implemented ruleless capability (3.006834ms)
ℹ tests 69
ℹ suites 0
ℹ pass 69
ℹ fail 0
ℹ cancelled 0
ℹ skipped 0
ℹ todo 0
ℹ duration_ms 386.175417
