✔ the adapter matches the invocation known answers (4.98575ms)
✔ the intent digest matches its pinned known answers (0.544625ms)
✔ a mismatch reports the step, both results and the state as canonical bytes (0.424083ms)
✔ fault, rejection and failed attempt stay distinct; only the attempt changes the world (3.600916ms)
✔ admission decides the invoked action only (34.987708ms)
✔ the known-answer runner steps with the invoked action (8.259958ms)
✔ numeric-vectors: rng_steps from initial_rng (1.039417ms)
✔ numeric-vectors: division (0.129375ms)
✔ numeric-vectors: invalid_json (0.565042ms)
✔ numeric-vectors: canonical (0.173584ms)
✔ adverse-cases: uniform (0.204417ms)
✔ decode edge cases (0.26225ms)
✔ encode escapes and key order (0.088416ms)
✔ encode rejects values outside the profile (0.098458ms)
✔ nesting is limited to 128 containers (7.518375ms)
✔ hash is lowercase SHA-256 of the canonical bytes (0.807209ms)
✔ checked integers overflow as a typed error (0.169167ms)
✔ unsafe operands are integer_overflow (0.143791ms)
✔ uniform accepts bound 2^32 (0.0605ms)
✔ uniform rejects a bad draw budget (0.0895ms)
✔ IdSource ids (0.227542ms)
✔ IdSource rejects non-string ids (0.098667ms)
✔ IdSource rejects a bad ordinal (0.081208ms)
✔ CommandId known answers (0.319584ms)
✔ CommandId rejects bad ids (0.080125ms)
✔ job CommandId known answers (0.228708ms)
✔ job CommandId rejects bad input (0.0695ms)
✔ a recipe's unknown target, fact or text is UNRESOLVED_REFERENCE (43.654917ms)
✔ a recipe with an action's or a registered command's key is DUPLICATE_DEFINITION (5.538917ms)
✔ a room's contribution naming no verb, action or recipe is UNRESOLVED_REFERENCE (1.346375ms)
✔ a recipe and its steps without their owners locked are UNDECLARED_CAPABILITY (4.5305ms)
✔ a v1 action policy's undeclared fact is UNRESOLVED_REFERENCE (0.88225ms)
✔ a recipe has a failure outcome exactly when it has a check (OUTCOME_MISMATCH) (3.902458ms)
✔ a failure outcome's references and owners, and the check's, are checked (4.513083ms)
✔ time_window needs schedule@1 and a non-empty window (3.25275ms)
✔ a recipe's or a policy's fact value outside its FactSpec is FACT_TYPE_MISMATCH (2.514625ms)
✔ two recipes' checks with one key are DUPLICATE_DEFINITION (1.597333ms)
✔ a resource spec whose bounds do not hold its start is RESOURCE_SPEC_INVALID (6.696708ms)
✔ a cost's, threshold's or resource.adjust's unknown resource is UNRESOLVED_REFERENCE (4.026166ms)
✔ resources without resource@1 in the lock are UNDECLARED_CAPABILITY (1.227875ms)
✔ fresh scenes keep the same state as their scene-free variant (46.521375ms)
✔ story outcome starts line one and refuses every ordinary action at both boundaries (22.513625ms)
✔ each continue advances one line, ends at minus one and composes its fact reaction (7.88975ms)
✔ start needs only scene and never restarts an ended fact or a different outcome (19.2015ms)
✔ a fresh world starts at 06:00 with Bram at the landing and his job due at 19:00 (39.670583ms)
✔ wait to 19:00 moves Bram to the green through his job; 18:59 does not (21.152292ms)
✔ a job its own advance would schedule at or before the target faults the whole wait (7.536833ms)
✔ due jobs run in due-time order across one advance (2.461209ms)
✔ jobs due at one time run in job-id order whatever the row order (4.955916ms)
✔ a run_job submitted to step is refused and changes nothing (1.825125ms)
✔ a recipe's duration runs the job due inside it in the player's proposal (2.4265ms)
✔ a body starts with its resources at their start values at the calendar start (2.169875ms)
✔ an advance over a job budget faults whole, in a wait and in a recipe (15.300958ms)
✔ a root over a job budget names its limit, pending_jobs before due_jobs_per_advance (21.984125ms)
✔ the loader checks schedule rooms and the schedule and calendar owners (8.380959ms)
✔ a recipe's committed narration pins its participants' EntityIds (1.666167ms)
✔ an item participant is pinned to the item's EntityId (1.7865ms)
✔ the loader rejects a narration participant naming no npc or item of its role (4.75625ms)
✔ a fresh world mints IdSource ids and puts the player in the entry room (2.539334ms)
✔ a body out of mv waits an hour and moves again (23.442458ms)
✔ move north proposes one transfer and entity_entered_room, and commits it (0.671958ms)
✔ a scripted walk visits the expected rooms and rejects the known bad moves (2.4905ms)
✔ look is accepted with an empty delta and leaves the state unchanged (0.443458ms)
✔ unknown capabilities and other actors are rejected before any rule (0.429916ms)
✔ the movement invariants fail on a broken world (0.442458ms)
✔ the delta digest construction matches the Python known answer (0.245875ms)
✔ a foreign event faults unowned_event, and a rule mutating the world throws (0.752709ms)
✔ INSTALLED is each rule module and each implemented ruleless capability (20.841541ms)
ℹ tests 68
ℹ suites 0
ℹ pass 68
ℹ fail 0
ℹ cancelled 0
ℹ skipped 0
ℹ todo 0
ℹ duration_ms 379.540416
