✔ the adapter matches the invocation known answers (10.300666ms)
✔ the intent digest matches its pinned known answers (0.604333ms)
✔ a mismatch reports the step, both results and the state as canonical bytes (0.482791ms)
✔ fault, rejection and failed attempt stay distinct; only the attempt changes the world (4.345791ms)
✔ admission decides the invoked action only (47.576708ms)
✔ the known-answer runner steps with the invoked action (7.766333ms)
✔ numeric-vectors: rng_steps from initial_rng (0.968792ms)
✔ numeric-vectors: division (0.133583ms)
✔ numeric-vectors: invalid_json (0.56175ms)
✔ numeric-vectors: canonical (0.171709ms)
✔ adverse-cases: uniform (0.223584ms)
✔ decode edge cases (0.252709ms)
✔ encode escapes and key order (0.0955ms)
✔ encode rejects values outside the profile (0.111333ms)
✔ nesting is limited to 128 containers (0.300542ms)
✔ hash is lowercase SHA-256 of the canonical bytes (0.7715ms)
✔ checked integers overflow as a typed error (0.15275ms)
✔ unsafe operands are integer_overflow (0.141542ms)
✔ uniform accepts bound 2^32 (0.06675ms)
✔ uniform rejects a bad draw budget (0.086583ms)
✔ IdSource ids (0.289542ms)
✔ IdSource rejects non-string ids (0.074667ms)
✔ IdSource rejects a bad ordinal (0.071625ms)
✔ CommandId known answers (0.457917ms)
✔ CommandId rejects bad ids (0.089458ms)
✔ job CommandId known answers (0.385667ms)
✔ job CommandId rejects bad input (0.076667ms)
✔ a recipe's unknown target, fact or text is UNRESOLVED_REFERENCE (38.908ms)
✔ a recipe with an action's or a registered command's key is DUPLICATE_DEFINITION (3.176667ms)
✔ a room's contribution naming no verb, action or recipe is UNRESOLVED_REFERENCE (1.3505ms)
✔ a recipe and its steps without their owners locked are UNDECLARED_CAPABILITY (2.293208ms)
✔ a v1 action policy's undeclared fact is UNRESOLVED_REFERENCE (6.424958ms)
✔ a recipe has a failure outcome exactly when it has a check (OUTCOME_MISMATCH) (6.517166ms)
✔ a failure outcome's references and owners, and the check's, are checked (4.68725ms)
✔ time_window needs schedule@1 and a non-empty window (3.279208ms)
✔ a recipe's or a policy's fact value outside its FactSpec is FACT_TYPE_MISMATCH (2.475708ms)
✔ two recipes' checks with one key are DUPLICATE_DEFINITION (1.655875ms)
✔ a resource spec whose bounds do not hold its start is RESOURCE_SPEC_INVALID (7.600333ms)
✔ a cost's, threshold's or resource.adjust's unknown resource is UNRESOLVED_REFERENCE (4.151125ms)
✔ resources without resource@1 in the lock are UNDECLARED_CAPABILITY (1.294458ms)
✔ fresh scenes keep the same state as their scene-free variant (34.0205ms)
✔ story outcome starts line one and refuses every ordinary action at both boundaries (22.68ms)
✔ each continue advances one line, ends at minus one and composes its fact reaction (27.705916ms)
✔ start needs only scene and never restarts an ended fact or a different outcome (40.576667ms)
✔ a fresh world starts at 06:00 with Bram at the landing and his job due at 19:00 (24.142791ms)
✔ wait to 19:00 moves Bram to the green through his job; 18:59 does not (10.53775ms)
✔ a job its own advance would schedule at or before the target faults the whole wait (2.5215ms)
✔ due jobs run in due-time order across one advance (2.608ms)
✔ jobs due at one time run in job-id order whatever the row order (5.174875ms)
✔ a run_job submitted to step is refused and changes nothing (2.387ms)
✔ a recipe's duration runs the job due inside it in the player's proposal (5.187542ms)
✔ a body starts with its resources at their start values at the calendar start (1.965042ms)
✔ an advance over a job budget faults whole, in a wait and in a recipe (10.307917ms)
✔ a root over a job budget names its limit, pending_jobs before due_jobs_per_advance (24.100416ms)
✔ the loader checks schedule rooms and the schedule and calendar owners (7.317833ms)
✔ a recipe's committed narration pins its participants' EntityIds (1.66675ms)
✔ an item participant is pinned to the item's EntityId (1.769083ms)
✔ the loader rejects a narration participant naming no npc or item of its role (4.556084ms)
✔ a fresh world mints IdSource ids and puts the player in the entry room (2.536166ms)
✔ a body out of mv waits an hour and moves again (15.62025ms)
✔ move north proposes one transfer and entity_entered_room, and commits it (1.591792ms)
✔ a scripted walk visits the expected rooms and rejects the known bad moves (6.592958ms)
✔ look is accepted with an empty delta and leaves the state unchanged (0.383458ms)
✔ unknown capabilities and other actors are rejected before any rule (0.411625ms)
✔ the movement invariants fail on a broken world (0.430167ms)
✔ the delta digest construction matches the Python known answer (0.217709ms)
✔ a foreign event faults unowned_event, and a rule mutating the world throws (0.712958ms)
✔ INSTALLED is each rule module and each implemented ruleless capability (6.310709ms)
ℹ tests 68
ℹ suites 0
ℹ pass 68
ℹ fail 0
ℹ cancelled 0
ℹ skipped 0
ℹ todo 0
ℹ duration_ms 389.21675
