✔ the adapter matches the invocation known answers (5.085625ms)
✔ the intent digest matches its pinned known answers (0.50575ms)
✔ a mismatch reports the step, both results and the state as canonical bytes (0.412583ms)
✔ fault, rejection and failed attempt stay distinct; only the attempt changes the world (3.202125ms)
✔ admission decides the invoked action only (65.862625ms)
✔ the known-answer runner steps with the invoked action (14.398292ms)
✔ numeric-vectors: rng_steps from initial_rng (0.989958ms)
✔ numeric-vectors: division (0.130625ms)
✔ numeric-vectors: invalid_json (0.555916ms)
✔ numeric-vectors: canonical (0.172125ms)
✔ adverse-cases: uniform (0.223459ms)
✔ decode edge cases (0.25ms)
✔ encode escapes and key order (0.095666ms)
✔ encode rejects values outside the profile (0.101791ms)
✔ nesting is limited to 128 containers (0.303792ms)
✔ hash is lowercase SHA-256 of the canonical bytes (0.816708ms)
✔ checked integers overflow as a typed error (0.157875ms)
✔ unsafe operands are integer_overflow (0.13525ms)
✔ uniform accepts bound 2^32 (0.066792ms)
✔ uniform rejects a bad draw budget (0.090042ms)
✔ IdSource ids (0.287458ms)
✔ IdSource rejects non-string ids (0.076708ms)
✔ IdSource rejects a bad ordinal (0.069791ms)
✔ CommandId known answers (0.472625ms)
✔ CommandId rejects bad ids (0.089042ms)
✔ job CommandId known answers (21.618833ms)
✔ job CommandId rejects bad input (0.296709ms)
✔ a recipe's unknown target, fact or text is UNRESOLVED_REFERENCE (35.846125ms)
✔ a recipe with an action's or a registered command's key is DUPLICATE_DEFINITION (2.581ms)
✔ a room's contribution naming no verb, action or recipe is UNRESOLVED_REFERENCE (1.377959ms)
✔ a recipe and its steps without their owners locked are UNDECLARED_CAPABILITY (19.460417ms)
✔ a v1 action policy's undeclared fact is UNRESOLVED_REFERENCE (0.907417ms)
✔ a recipe has a failure outcome exactly when it has a check (OUTCOME_MISMATCH) (3.844459ms)
✔ a failure outcome's references and owners, and the check's, are checked (5.063167ms)
✔ time_window needs schedule@1 and a non-empty window (3.165292ms)
✔ a recipe's or a policy's fact value outside its FactSpec is FACT_TYPE_MISMATCH (2.073291ms)
✔ two recipes' checks with one key are DUPLICATE_DEFINITION (2.628833ms)
✔ a resource spec whose bounds do not hold its start is RESOURCE_SPEC_INVALID (6.015708ms)
✔ a cost's, threshold's or resource.adjust's unknown resource is UNRESOLVED_REFERENCE (3.816583ms)
✔ resources without resource@1 in the lock are UNDECLARED_CAPABILITY (1.189666ms)
✔ fresh scenes keep the same state as their scene-free variant (31.717625ms)
✔ story outcome starts line one and refuses every ordinary action at both boundaries (11.828209ms)
✔ each continue advances one line, ends at minus one and composes its fact reaction (11.57425ms)
✔ start needs only scene and never restarts an ended fact or a different outcome (15.463625ms)
✔ a fresh world starts at 06:00 with Bram at the landing and his job due at 19:00 (29.964917ms)
✔ wait to 19:00 moves Bram to the green through his job; 18:59 does not (4.90725ms)
✔ a job its own advance would schedule at or before the target faults the whole wait (2.316583ms)
✔ due jobs run in due-time order across one advance (2.616ms)
✔ jobs due at one time run in job-id order whatever the row order (3.149833ms)
✔ a run_job submitted to step is refused and changes nothing (1.783583ms)
✔ a recipe's duration runs the job due inside it in the player's proposal (2.712959ms)
✔ a body starts with its resources at their start values at the calendar start (1.902125ms)
✔ an advance over a job budget faults whole, in a wait and in a recipe (10.469125ms)
✔ a root over a job budget names its limit, pending_jobs before due_jobs_per_advance (19.700042ms)
✔ the loader checks schedule rooms and the schedule and calendar owners (7.463709ms)
✔ a recipe's committed narration pins its participants' EntityIds (1.662208ms)
✔ an item participant is pinned to the item's EntityId (1.685167ms)
✔ the loader rejects a narration participant naming no npc or item of its role (4.740125ms)
✔ a fresh world mints IdSource ids and puts the player in the entry room (3.852084ms)
✔ a body out of mv waits an hour and moves again (30.233542ms)
✔ move north proposes one transfer and entity_entered_room, and commits it (0.520125ms)
✔ a scripted walk visits the expected rooms and rejects the known bad moves (1.636042ms)
✔ look is accepted with an empty delta and leaves the state unchanged (0.350208ms)
✔ unknown capabilities and other actors are rejected before any rule (0.4375ms)
✔ the movement invariants fail on a broken world (0.417042ms)
✔ the delta digest construction matches the Python known answer (0.260791ms)
✔ a foreign event faults unowned_event, and a rule mutating the world throws (1.086166ms)
✔ INSTALLED is each rule module and each implemented ruleless capability (18.470583ms)
ℹ tests 68
ℹ suites 0
ℹ pass 68
ℹ fail 0
ℹ cancelled 0
ℹ skipped 0
ℹ todo 0
ℹ duration_ms 390.342833
