✔ the adapter matches the invocation known answers (8.685291ms)
✔ the intent digest matches its pinned known answers (1.69ms)
✔ a mismatch reports the step, both results and the state as canonical bytes (1.292792ms)
✔ fault, rejection and failed attempt stay distinct; only the attempt changes the world (7.241209ms)
✔ admission decides the invoked action only (22.792417ms)
✔ the known-answer runner steps with the invoked action (18.381042ms)
✔ numeric-vectors: rng_steps from initial_rng (2.397959ms)
✔ numeric-vectors: division (0.178959ms)
✔ numeric-vectors: invalid_json (0.583542ms)
✔ numeric-vectors: canonical (0.175625ms)
✔ adverse-cases: uniform (48.717791ms)
✔ decode edge cases (2.02ms)
✔ encode escapes and key order (0.195875ms)
✔ encode rejects values outside the profile (0.157167ms)
✔ nesting is limited to 128 containers (0.42675ms)
✔ hash is lowercase SHA-256 of the canonical bytes (0.803583ms)
✔ checked integers overflow as a typed error (0.17075ms)
✔ unsafe operands are integer_overflow (0.151625ms)
✔ uniform accepts bound 2^32 (0.069083ms)
✔ uniform rejects a bad draw budget (0.086542ms)
✔ IdSource ids (0.244042ms)
✔ IdSource rejects non-string ids (0.07475ms)
✔ IdSource rejects a bad ordinal (0.099ms)
✔ CommandId known answers (0.416792ms)
✔ CommandId rejects bad ids (0.08575ms)
✔ job CommandId known answers (0.23775ms)
✔ job CommandId rejects bad input (0.07675ms)
✔ a recipe's unknown target, fact or text is UNRESOLVED_REFERENCE (56.952667ms)
✔ a recipe with an action's or a registered command's key is DUPLICATE_DEFINITION (3.04625ms)
✔ a room's contribution naming no verb, action or recipe is UNRESOLVED_REFERENCE (1.259458ms)
✔ a recipe and its steps without their owners locked are UNDECLARED_CAPABILITY (2.309708ms)
✔ a v1 action policy's undeclared fact is UNRESOLVED_REFERENCE (3.506375ms)
✔ a recipe has a failure outcome exactly when it has a check (OUTCOME_MISMATCH) (3.606875ms)
✔ a failure outcome's references and owners, and the check's, are checked (9.420375ms)
✔ time_window needs schedule@1 and a non-empty window (4.594125ms)
✔ a recipe's or a policy's fact value outside its FactSpec is FACT_TYPE_MISMATCH (3.413541ms)
✔ two recipes' checks with one key are DUPLICATE_DEFINITION (1.4475ms)
✔ a resource spec whose bounds do not hold its start is RESOURCE_SPEC_INVALID (6.353167ms)
✔ a cost's, threshold's or resource.adjust's unknown resource is UNRESOLVED_REFERENCE (3.878834ms)
✔ resources without resource@1 in the lock are UNDECLARED_CAPABILITY (1.344375ms)
✔ fresh scenes keep the same state as their scene-free variant (38.416791ms)
✔ story outcome starts line one and refuses every ordinary action at both boundaries (12.861625ms)
✔ each continue advances one line, ends at minus one and composes its fact reaction (12.207708ms)
✔ start needs only scene and never restarts an ended fact or a different outcome (25.580625ms)
✔ a fresh world starts at 06:00 with Bram at the landing and his job due at 19:00 (19.823958ms)
✔ wait to 19:00 moves Bram to the green through his job; 18:59 does not (11.169042ms)
✔ a job its own advance would schedule at or before the target faults the whole wait (8.935292ms)
✔ due jobs run in due-time order across one advance (7.289417ms)
✔ jobs due at one time run in job-id order whatever the row order (16.199541ms)
✔ a run_job submitted to step is refused and changes nothing (2.077ms)
✔ a recipe's duration runs the job due inside it in the player's proposal (5.711417ms)
✔ a body starts with its resources at their start values at the calendar start (4.72725ms)
✔ an advance over a job budget faults whole, in a wait and in a recipe (18.965458ms)
✔ a root over a job budget names its limit, pending_jobs before due_jobs_per_advance (25.302917ms)
✔ the loader checks schedule rooms and the schedule and calendar owners (7.654208ms)
✔ a recipe's committed narration pins its participants' EntityIds (1.577458ms)
✔ an item participant is pinned to the item's EntityId (1.650542ms)
✔ the loader rejects a narration participant naming no npc or item of its role (4.769042ms)
✔ a fresh world mints IdSource ids and puts the player in the entry room (2.570541ms)
✔ a body out of mv waits an hour and moves again (22.659666ms)
✔ move north proposes one transfer and entity_entered_room, and commits it (0.513958ms)
✔ a scripted walk visits the expected rooms and rejects the known bad moves (1.544167ms)
✔ look is accepted with an empty delta and leaves the state unchanged (0.365959ms)
✔ unknown capabilities and other actors are rejected before any rule (0.419333ms)
✔ the movement invariants fail on a broken world (0.427333ms)
✔ the delta digest construction matches the Python known answer (0.222042ms)
✔ a foreign event faults unowned_event, and a rule mutating the world throws (0.707667ms)
✔ INSTALLED is each rule module and each implemented ruleless capability (3.021209ms)
ℹ tests 68
ℹ suites 0
ℹ pass 68
ℹ fail 0
ℹ cancelled 0
ℹ skipped 0
ℹ todo 0
ℹ duration_ms 383.249333
