✔ the adapter matches the invocation known answers (5.060708ms)
✔ the intent digest matches its pinned known answers (4.95825ms)
✔ a mismatch reports the step, both results and the state as canonical bytes (1.90525ms)
✔ fault, rejection and failed attempt stay distinct; only the attempt changes the world (16.931ms)
✔ admission decides the invoked action only (47.409083ms)
✔ the known-answer runner steps with the invoked action (10.418083ms)
✔ numeric-vectors: rng_steps from initial_rng (1.017333ms)
✔ numeric-vectors: division (0.125917ms)
✔ numeric-vectors: invalid_json (0.5535ms)
✔ numeric-vectors: canonical (0.165375ms)
✔ adverse-cases: uniform (0.210166ms)
✔ decode edge cases (0.246917ms)
✔ encode escapes and key order (0.091042ms)
✔ encode rejects values outside the profile (0.100334ms)
✔ nesting is limited to 128 containers (0.306166ms)
✔ hash is lowercase SHA-256 of the canonical bytes (0.684ms)
✔ checked integers overflow as a typed error (0.158584ms)
✔ unsafe operands are integer_overflow (0.134667ms)
✔ uniform accepts bound 2^32 (0.061375ms)
✔ uniform rejects a bad draw budget (0.077584ms)
✔ IdSource ids (0.236459ms)
✔ IdSource rejects non-string ids (0.073792ms)
✔ IdSource rejects a bad ordinal (0.067833ms)
✔ CommandId known answers (0.434916ms)
✔ CommandId rejects bad ids (0.103833ms)
✔ job CommandId known answers (0.268208ms)
✔ job CommandId rejects bad input (0.071208ms)
✔ elapsed CommandId matches independently frozen run/world/interval vectors (22.296833ms)
✔ a recipe's unknown target, fact or text is UNRESOLVED_REFERENCE (58.090959ms)
✔ a recipe with an action's or a registered command's key is DUPLICATE_DEFINITION (5.450542ms)
✔ a room's contribution naming no verb, action or recipe is UNRESOLVED_REFERENCE (1.64075ms)
✔ a recipe and its steps without their owners locked are UNDECLARED_CAPABILITY (3.858167ms)
✔ a v1 action policy's undeclared fact is UNRESOLVED_REFERENCE (1.3435ms)
✔ a recipe has a failure outcome exactly when it has a check (OUTCOME_MISMATCH) (3.977291ms)
✔ a failure outcome's references and owners, and the check's, are checked (5.036458ms)
✔ time_window needs schedule@1 and a non-empty window (3.566959ms)
✔ a recipe's or a policy's fact value outside its FactSpec is FACT_TYPE_MISMATCH (4.702375ms)
✔ two recipes' checks with one key are DUPLICATE_DEFINITION (1.620709ms)
✔ a resource spec whose bounds do not hold its start is RESOURCE_SPEC_INVALID (7.0715ms)
✔ a cost's, threshold's or resource.adjust's unknown resource is UNRESOLVED_REFERENCE (3.590834ms)
✔ resources without resource@1 in the lock are UNDECLARED_CAPABILITY (1.160542ms)
✔ fresh scenes keep the same state as their scene-free variant (49.567ms)
✔ story outcome starts line one and refuses every ordinary action at both boundaries (14.5055ms)
✔ each continue advances one line, ends at minus one and composes its fact reaction (8.014333ms)
✔ start needs only scene and never restarts an ended fact or a different outcome (17.117583ms)
✔ a fresh world starts at 06:00 with Bram at the landing and his job due at 19:00 (51.632375ms)
✔ wait to 19:00 moves Bram to the green through his job; 18:59 does not (4.288542ms)
✔ a job its own advance would schedule at or before the target faults the whole wait (2.400708ms)
✔ due jobs run in due-time order across one advance (2.6735ms)
✔ jobs due at one time run in job-id order whatever the row order (2.558875ms)
✔ a run_job submitted to step is refused and changes nothing (2.109333ms)
✔ a recipe's duration runs the job due inside it in the player's proposal (2.269ms)
✔ a body starts with its resources at their start values at the calendar start (1.766625ms)
✔ an advance over a job budget faults whole, in a wait and in a recipe (8.190375ms)
✔ a root over a job budget names its limit, pending_jobs before due_jobs_per_advance (19.270458ms)
✔ the loader checks schedule rooms and the schedule and calendar owners (7.314875ms)
✔ a recipe's committed narration pins its participants' EntityIds (1.511625ms)
✔ an item participant is pinned to the item's EntityId (1.709416ms)
✔ the loader rejects a narration participant naming no npc or item of its role (4.7505ms)
✔ a fresh world mints IdSource ids and puts the player in the entry room (2.532958ms)
✔ a body out of mv waits an hour and moves again (23.493042ms)
✔ move north proposes one transfer and entity_entered_room, and commits it (0.51725ms)
✔ a scripted walk visits the expected rooms and rejects the known bad moves (1.725584ms)
✔ look is accepted with an empty delta and leaves the state unchanged (0.363708ms)
✔ unknown capabilities and other actors are rejected before any rule (0.888042ms)
✔ the movement invariants fail on a broken world (0.489208ms)
✔ the delta digest construction matches the Python known answer (0.491291ms)
✔ a foreign event faults unowned_event, and a rule mutating the world throws (1.031833ms)
✔ INSTALLED is each rule module and each implemented ruleless capability (6.543417ms)
ℹ tests 69
ℹ suites 0
ℹ pass 69
ℹ fail 0
ℹ cancelled 0
ℹ skipped 0
ℹ todo 0
ℹ duration_ms 400.650166
