✔ the adapter matches the invocation known answers (4.869958ms)
✔ the intent digest matches its pinned known answers (0.564917ms)
✔ a mismatch reports the step, both results and the state as canonical bytes (0.772542ms)
✔ fault, rejection and failed attempt stay distinct; only the attempt changes the world (3.264875ms)
✔ admission decides the invoked action only (41.030334ms)
✔ the known-answer runner steps with the invoked action (9.7975ms)
✔ numeric-vectors: rng_steps from initial_rng (0.98325ms)
✔ numeric-vectors: division (0.127667ms)
✔ numeric-vectors: invalid_json (0.546167ms)
✔ numeric-vectors: canonical (0.170375ms)
✔ adverse-cases: uniform (0.221916ms)
✔ decode edge cases (0.257292ms)
✔ encode escapes and key order (0.095458ms)
✔ encode rejects values outside the profile (0.102041ms)
✔ nesting is limited to 128 containers (13.069208ms)
✔ hash is lowercase SHA-256 of the canonical bytes (18.77325ms)
✔ checked integers overflow as a typed error (0.816125ms)
✔ unsafe operands are integer_overflow (5.069833ms)
✔ uniform accepts bound 2^32 (0.2615ms)
✔ uniform rejects a bad draw budget (1.582834ms)
✔ IdSource ids (1.366041ms)
✔ IdSource rejects non-string ids (0.459708ms)
✔ IdSource rejects a bad ordinal (0.228875ms)
✔ CommandId known answers (0.547875ms)
✔ CommandId rejects bad ids (0.113625ms)
✔ job CommandId known answers (0.270041ms)
✔ job CommandId rejects bad input (0.083292ms)
✔ a recipe's unknown target, fact or text is UNRESOLVED_REFERENCE (54.664083ms)
✔ a recipe with an action's or a registered command's key is DUPLICATE_DEFINITION (18.776666ms)
✔ a room's contribution naming no verb, action or recipe is UNRESOLVED_REFERENCE (1.473208ms)
✔ a recipe and its steps without their owners locked are UNDECLARED_CAPABILITY (3.058541ms)
✔ a v1 action policy's undeclared fact is UNRESOLVED_REFERENCE (1.100625ms)
✔ a recipe has a failure outcome exactly when it has a check (OUTCOME_MISMATCH) (5.117125ms)
✔ a failure outcome's references and owners, and the check's, are checked (18.615625ms)
✔ time_window needs schedule@1 and a non-empty window (3.556958ms)
✔ a recipe's or a policy's fact value outside its FactSpec is FACT_TYPE_MISMATCH (2.680875ms)
✔ two recipes' checks with one key are DUPLICATE_DEFINITION (1.486125ms)
✔ a resource spec whose bounds do not hold its start is RESOURCE_SPEC_INVALID (7.350541ms)
✔ a cost's, threshold's or resource.adjust's unknown resource is UNRESOLVED_REFERENCE (3.65ms)
✔ resources without resource@1 in the lock are UNDECLARED_CAPABILITY (3.25425ms)
✔ fresh scenes keep the same state as their scene-free variant (36.732208ms)
✔ story outcome starts line one and refuses every ordinary action at both boundaries (14.798584ms)
✔ each continue advances one line, ends at minus one and composes its fact reaction (8.26275ms)
✔ start needs only scene and never restarts an ended fact or a different outcome (17.177667ms)
✔ a fresh world starts at 06:00 with Bram at the landing and his job due at 19:00 (33.568958ms)
✔ wait to 19:00 moves Bram to the green through his job; 18:59 does not (9.98025ms)
✔ a job its own advance would schedule at or before the target faults the whole wait (23.35075ms)
✔ due jobs run in due-time order across one advance (4.43425ms)
✔ jobs due at one time run in job-id order whatever the row order (5.879ms)
✔ a run_job submitted to step is refused and changes nothing (1.713584ms)
✔ a recipe's duration runs the job due inside it in the player's proposal (2.330375ms)
✔ a body starts with its resources at their start values at the calendar start (2.073458ms)
✔ an advance over a job budget faults whole, in a wait and in a recipe (12.653375ms)
✔ a root over a job budget names its limit, pending_jobs before due_jobs_per_advance (23.386042ms)
✔ the loader checks schedule rooms and the schedule and calendar owners (7.87575ms)
✔ a recipe's committed narration pins its participants' EntityIds (1.705959ms)
✔ an item participant is pinned to the item's EntityId (1.830542ms)
✔ the loader rejects a narration participant naming no npc or item of its role (4.526583ms)
✔ a fresh world mints IdSource ids and puts the player in the entry room (2.539667ms)
✔ a body out of mv waits an hour and moves again (11.791667ms)
✔ move north proposes one transfer and entity_entered_room, and commits it (4.610875ms)
✔ a scripted walk visits the expected rooms and rejects the known bad moves (3.219416ms)
✔ look is accepted with an empty delta and leaves the state unchanged (0.408666ms)
✔ unknown capabilities and other actors are rejected before any rule (0.437833ms)
✔ the movement invariants fail on a broken world (0.430958ms)
✔ the delta digest construction matches the Python known answer (0.246417ms)
✔ a foreign event faults unowned_event, and a rule mutating the world throws (0.75675ms)
✔ INSTALLED is each rule module and each implemented ruleless capability (4.968417ms)
ℹ tests 68
ℹ suites 0
ℹ pass 68
ℹ fail 0
ℹ cancelled 0
ℹ skipped 0
ℹ todo 0
ℹ duration_ms 382.334209
