✔ the adapter matches the invocation known answers (38.866959ms)
✔ the intent digest matches its pinned known answers (4.558542ms)
✔ a mismatch reports the step, both results and the state as canonical bytes (0.682208ms)
✔ fault, rejection and failed attempt stay distinct; only the attempt changes the world (11.554417ms)
✔ admission decides the invoked action only (56.687875ms)
✔ the known-answer runner steps with the invoked action (4.244125ms)
✔ numeric-vectors: rng_steps from initial_rng (0.991458ms)
✔ numeric-vectors: division (0.135ms)
✔ numeric-vectors: invalid_json (0.55725ms)
✔ numeric-vectors: canonical (0.174458ms)
✔ adverse-cases: uniform (22.269375ms)
✔ decode edge cases (0.842875ms)
✔ encode escapes and key order (0.43025ms)
✔ encode rejects values outside the profile (0.289875ms)
✔ nesting is limited to 128 containers (0.889833ms)
✔ hash is lowercase SHA-256 of the canonical bytes (1.992292ms)
✔ checked integers overflow as a typed error (3.552834ms)
✔ unsafe operands are integer_overflow (0.187583ms)
✔ uniform accepts bound 2^32 (0.063417ms)
✔ uniform rejects a bad draw budget (0.099333ms)
✔ IdSource ids (0.236583ms)
✔ IdSource rejects non-string ids (27.645ms)
✔ IdSource rejects a bad ordinal (0.321375ms)
✔ CommandId known answers (2.60475ms)
✔ CommandId rejects bad ids (0.137875ms)
✔ job CommandId known answers (0.7985ms)
✔ job CommandId rejects bad input (0.1155ms)
✔ elapsed CommandId matches independently frozen run/world/interval vectors (2.415583ms)
✔ a recipe's unknown target, fact or text is UNRESOLVED_REFERENCE (31.013209ms)
✔ a recipe with an action's or a registered command's key is DUPLICATE_DEFINITION (2.908833ms)
✔ a room's contribution naming no verb, action or recipe is UNRESOLVED_REFERENCE (1.40275ms)
✔ a recipe and its steps without their owners locked are UNDECLARED_CAPABILITY (2.668ms)
✔ a v1 action policy's undeclared fact is UNRESOLVED_REFERENCE (0.870167ms)
✔ a recipe has a failure outcome exactly when it has a check (OUTCOME_MISMATCH) (14.143834ms)
✔ a failure outcome's references and owners, and the check's, are checked (4.944ms)
✔ time_window needs schedule@1 and a non-empty window (3.51625ms)
✔ a recipe's or a policy's fact value outside its FactSpec is FACT_TYPE_MISMATCH (7.227666ms)
✔ two recipes' checks with one key are DUPLICATE_DEFINITION (1.811917ms)
✔ a resource spec whose bounds do not hold its start is RESOURCE_SPEC_INVALID (6.157708ms)
✔ a cost's, threshold's or resource.adjust's unknown resource is UNRESOLVED_REFERENCE (3.509583ms)
✔ resources without resource@1 in the lock are UNDECLARED_CAPABILITY (1.074666ms)
✔ fresh scenes keep the same state as their scene-free variant (40.225375ms)
✔ story outcome starts line one and refuses every ordinary action at both boundaries (23.668541ms)
✔ each continue advances one line, ends at minus one and composes its fact reaction (8.518208ms)
✔ start needs only scene and never restarts an ended fact or a different outcome (17.697583ms)
✔ a fresh world starts at 06:00 with Bram at the landing and his job due at 19:00 (66.792583ms)
✔ wait to 19:00 moves Bram to the green through his job; 18:59 does not (3.99925ms)
✔ a job its own advance would schedule at or before the target faults the whole wait (2.626125ms)
✔ due jobs run in due-time order across one advance (5.194375ms)
✔ jobs due at one time run in job-id order whatever the row order (2.616959ms)
✔ a run_job submitted to step is refused and changes nothing (2.940041ms)
✔ a recipe's duration runs the job due inside it in the player's proposal (2.515541ms)
✔ a body starts with its resources at their start values at the calendar start (2.072875ms)
✔ an advance over a job budget faults whole, in a wait and in a recipe (21.223959ms)
✔ a root over a job budget names its limit, pending_jobs before due_jobs_per_advance (34.181916ms)
✔ the loader checks schedule rooms and the schedule and calendar owners (8.710916ms)
✔ a recipe's committed narration pins its participants' EntityIds (1.833375ms)
✔ an item participant is pinned to the item's EntityId (2.135959ms)
✔ the loader rejects a narration participant naming no npc or item of its role (5.974833ms)
✔ a fresh world mints IdSource ids and puts the player in the entry room (2.470459ms)
✔ a body out of mv waits an hour and moves again (32.585833ms)
✔ move north proposes one transfer and entity_entered_room, and commits it (2.106625ms)
✔ a scripted walk visits the expected rooms and rejects the known bad moves (1.628417ms)
✔ look is accepted with an empty delta and leaves the state unchanged (0.3475ms)
✔ unknown capabilities and other actors are rejected before any rule (0.447459ms)
✔ the movement invariants fail on a broken world (0.410792ms)
✔ the delta digest construction matches the Python known answer (0.23475ms)
✔ a foreign event faults unowned_event, and a rule mutating the world throws (0.712458ms)
✔ INSTALLED is each rule module and each implemented ruleless capability (2.993709ms)
ℹ tests 69
ℹ suites 0
ℹ pass 69
ℹ fail 0
ℹ cancelled 0
ℹ skipped 0
ℹ todo 0
ℹ duration_ms 409.01575
