✔ the adapter matches the invocation known answers (18.294875ms)
✔ the intent digest matches its pinned known answers (0.591042ms)
✔ a mismatch reports the step, both results and the state as canonical bytes (0.434292ms)
✔ fault, rejection and failed attempt stay distinct; only the attempt changes the world (4.29325ms)
✔ admission decides the invoked action only (26.763542ms)
✔ the known-answer runner steps with the invoked action (6.877125ms)
✔ numeric-vectors: rng_steps from initial_rng (1.011875ms)
✔ numeric-vectors: division (0.134125ms)
✔ numeric-vectors: invalid_json (0.571334ms)
✔ numeric-vectors: canonical (0.172708ms)
✔ adverse-cases: uniform (0.202458ms)
✔ decode edge cases (0.26425ms)
✔ encode escapes and key order (0.087542ms)
✔ encode rejects values outside the profile (0.098458ms)
✔ nesting is limited to 128 containers (0.31ms)
✔ hash is lowercase SHA-256 of the canonical bytes (0.756125ms)
✔ checked integers overflow as a typed error (0.150166ms)
✔ unsafe operands are integer_overflow (0.139042ms)
✔ uniform accepts bound 2^32 (0.059667ms)
✔ uniform rejects a bad draw budget (0.07875ms)
✔ IdSource ids (0.287916ms)
✔ IdSource rejects non-string ids (0.074167ms)
✔ IdSource rejects a bad ordinal (0.066458ms)
✔ CommandId known answers (0.450042ms)
✔ CommandId rejects bad ids (0.082667ms)
✔ job CommandId known answers (42.689625ms)
✔ job CommandId rejects bad input (0.189083ms)
✔ a recipe's unknown target, fact or text is UNRESOLVED_REFERENCE (31.439291ms)
✔ a recipe with an action's or a registered command's key is DUPLICATE_DEFINITION (2.937334ms)
✔ a room's contribution naming no verb, action or recipe is UNRESOLVED_REFERENCE (11.565334ms)
✔ a recipe and its steps without their owners locked are UNDECLARED_CAPABILITY (2.401917ms)
✔ a v1 action policy's undeclared fact is UNRESOLVED_REFERENCE (0.91ms)
✔ a recipe has a failure outcome exactly when it has a check (OUTCOME_MISMATCH) (9.140084ms)
✔ a failure outcome's references and owners, and the check's, are checked (4.833917ms)
✔ time_window needs schedule@1 and a non-empty window (3.538291ms)
✔ a recipe's or a policy's fact value outside its FactSpec is FACT_TYPE_MISMATCH (2.340667ms)
✔ two recipes' checks with one key are DUPLICATE_DEFINITION (1.682916ms)
✔ a resource spec whose bounds do not hold its start is RESOURCE_SPEC_INVALID (6.110708ms)
✔ a cost's, threshold's or resource.adjust's unknown resource is UNRESOLVED_REFERENCE (3.5515ms)
✔ resources without resource@1 in the lock are UNDECLARED_CAPABILITY (1.01525ms)
✔ fresh scenes keep the same state as their scene-free variant (45.708958ms)
✔ story outcome starts line one and refuses every ordinary action at both boundaries (16.327417ms)
✔ each continue advances one line, ends at minus one and composes its fact reaction (10.352917ms)
✔ start needs only scene and never restarts an ended fact or a different outcome (15.435834ms)
✔ a fresh world starts at 06:00 with Bram at the landing and his job due at 19:00 (35.37325ms)
✔ wait to 19:00 moves Bram to the green through his job; 18:59 does not (4.798125ms)
✔ a job its own advance would schedule at or before the target faults the whole wait (2.322625ms)
✔ due jobs run in due-time order across one advance (7.983292ms)
✔ jobs due at one time run in job-id order whatever the row order (3.144666ms)
✔ a run_job submitted to step is refused and changes nothing (1.806125ms)
✔ a recipe's duration runs the job due inside it in the player's proposal (2.789166ms)
✔ a body starts with its resources at their start values at the calendar start (1.918334ms)
✔ an advance over a job budget faults whole, in a wait and in a recipe (8.180583ms)
✔ a root over a job budget names its limit, pending_jobs before due_jobs_per_advance (20.988041ms)
✔ the loader checks schedule rooms and the schedule and calendar owners (7.811375ms)
✔ a recipe's committed narration pins its participants' EntityIds (1.730417ms)
✔ an item participant is pinned to the item's EntityId (1.863458ms)
✔ the loader rejects a narration participant naming no npc or item of its role (4.734084ms)
✔ a fresh world mints IdSource ids and puts the player in the entry room (2.524792ms)
✔ a body out of mv waits an hour and moves again (16.477833ms)
✔ move north proposes one transfer and entity_entered_room, and commits it (4.523584ms)
✔ a scripted walk visits the expected rooms and rejects the known bad moves (1.667708ms)
✔ look is accepted with an empty delta and leaves the state unchanged (0.358292ms)
✔ unknown capabilities and other actors are rejected before any rule (0.420834ms)
✔ the movement invariants fail on a broken world (0.421333ms)
✔ the delta digest construction matches the Python known answer (0.590666ms)
✔ a foreign event faults unowned_event, and a rule mutating the world throws (0.949792ms)
✔ INSTALLED is each rule module and each implemented ruleless capability (3.542833ms)
ℹ tests 68
ℹ suites 0
ℹ pass 68
ℹ fail 0
ℹ cancelled 0
ℹ skipped 0
ℹ todo 0
ℹ duration_ms 388.471667
