✔ the adapter matches the invocation known answers (6.63175ms)
✔ the intent digest matches its pinned known answers (0.754208ms)
✔ a mismatch reports the step, both results and the state as canonical bytes (0.461416ms)
✔ fault, rejection and failed attempt stay distinct; only the attempt changes the world (5.097917ms)
✔ admission decides the invoked action only (69.866333ms)
✔ the known-answer runner steps with the invoked action (3.932666ms)
✔ numeric-vectors: rng_steps from initial_rng (0.979459ms)
✔ numeric-vectors: division (0.123ms)
✔ numeric-vectors: invalid_json (0.528375ms)
✔ numeric-vectors: canonical (0.164083ms)
✔ adverse-cases: uniform (0.197625ms)
✔ decode edge cases (0.242166ms)
✔ encode escapes and key order (0.085042ms)
✔ encode rejects values outside the profile (0.099167ms)
✔ nesting is limited to 128 containers (0.304375ms)
✔ hash is lowercase SHA-256 of the canonical bytes (0.661ms)
✔ checked integers overflow as a typed error (0.156ms)
✔ unsafe operands are integer_overflow (0.131958ms)
✔ uniform accepts bound 2^32 (0.064542ms)
✔ uniform rejects a bad draw budget (0.084834ms)
✔ IdSource ids (0.226625ms)
✔ IdSource rejects non-string ids (0.07575ms)
✔ IdSource rejects a bad ordinal (0.066875ms)
✔ CommandId known answers (0.747833ms)
✔ CommandId rejects bad ids (0.098042ms)
✔ job CommandId known answers (0.604542ms)
✔ job CommandId rejects bad input (0.096209ms)
✔ a recipe's unknown target, fact or text is UNRESOLVED_REFERENCE (48.051125ms)
✔ a recipe with an action's or a registered command's key is DUPLICATE_DEFINITION (3.003ms)
✔ a room's contribution naming no verb, action or recipe is UNRESOLVED_REFERENCE (1.452583ms)
✔ a recipe and its steps without their owners locked are UNDECLARED_CAPABILITY (3.373792ms)
✔ a v1 action policy's undeclared fact is UNRESOLVED_REFERENCE (4.896667ms)
✔ a recipe has a failure outcome exactly when it has a check (OUTCOME_MISMATCH) (7.272792ms)
✔ a failure outcome's references and owners, and the check's, are checked (4.9355ms)
✔ time_window needs schedule@1 and a non-empty window (3.473625ms)
✔ a recipe's or a policy's fact value outside its FactSpec is FACT_TYPE_MISMATCH (2.348833ms)
✔ two recipes' checks with one key are DUPLICATE_DEFINITION (1.516917ms)
✔ a resource spec whose bounds do not hold its start is RESOURCE_SPEC_INVALID (6.564958ms)
✔ a cost's, threshold's or resource.adjust's unknown resource is UNRESOLVED_REFERENCE (3.808ms)
✔ resources without resource@1 in the lock are UNDECLARED_CAPABILITY (1.124875ms)
✔ fresh scenes keep the same state as their scene-free variant (51.379416ms)
✔ story outcome starts line one and refuses every ordinary action at both boundaries (12.416166ms)
✔ each continue advances one line, ends at minus one and composes its fact reaction (8.685834ms)
✔ start needs only scene and never restarts an ended fact or a different outcome (16.7555ms)
✔ a fresh world starts at 06:00 with Bram at the landing and his job due at 19:00 (26.448583ms)
✔ wait to 19:00 moves Bram to the green through his job; 18:59 does not (4.060791ms)
✔ a job its own advance would schedule at or before the target faults the whole wait (3.052792ms)
✔ due jobs run in due-time order across one advance (2.589125ms)
✔ jobs due at one time run in job-id order whatever the row order (3.1215ms)
✔ a run_job submitted to step is refused and changes nothing (1.811917ms)
✔ a recipe's duration runs the job due inside it in the player's proposal (5.699584ms)
✔ a body starts with its resources at their start values at the calendar start (3.091042ms)
✔ an advance over a job budget faults whole, in a wait and in a recipe (8.875875ms)
✔ a root over a job budget names its limit, pending_jobs before due_jobs_per_advance (24.346958ms)
✔ the loader checks schedule rooms and the schedule and calendar owners (7.868ms)
✔ a recipe's committed narration pins its participants' EntityIds (1.775417ms)
✔ an item participant is pinned to the item's EntityId (1.849917ms)
✔ the loader rejects a narration participant naming no npc or item of its role (4.618083ms)
✔ a fresh world mints IdSource ids and puts the player in the entry room (3.0275ms)
✔ a body out of mv waits an hour and moves again (112.649958ms)
✔ move north proposes one transfer and entity_entered_room, and commits it (0.61225ms)
✔ a scripted walk visits the expected rooms and rejects the known bad moves (1.564875ms)
✔ look is accepted with an empty delta and leaves the state unchanged (0.340458ms)
✔ unknown capabilities and other actors are rejected before any rule (0.404584ms)
✔ the movement invariants fail on a broken world (0.42ms)
✔ the delta digest construction matches the Python known answer (0.373375ms)
✔ a foreign event faults unowned_event, and a rule mutating the world throws (0.81225ms)
✔ INSTALLED is each rule module and each implemented ruleless capability (7.073ms)
ℹ tests 68
ℹ suites 0
ℹ pass 68
ℹ fail 0
ℹ cancelled 0
ℹ skipped 0
ℹ todo 0
ℹ duration_ms 408.273333
