✔ every contract has examples and every example validates (8.104084ms)
✖ invalid fixtures fail with exactly the listed errors (14.135125ms)
✔ the capability registry: valid entries, key@version unique, covers the chapter-one lock, all portable (0.699083ms)
✔ the capability lock encodes and hashes to the independent known answer (0.751667ms)
✔ a declared __proto__ property survives generation (0.069625ms)
✔ values outside the canonical profile are rejected at decode, before validation (0.372958ms)
✔ a recursive Policy at the depth cap (0.843584ms)
✔ narration at 64 and 65 lines (0.721125ms)
✔ ambiguous candidates at 1024 and 1025 (2.038208ms)
✔ every composition-profile limit is a valid BudgetExceeded (0.264125ms)
ℹ tests 10
ℹ suites 0
ℹ pass 9
ℹ fail 1
ℹ cancelled 0
ℹ skipped 0
ℹ todo 0
ℹ duration_ms 117.559458

✖ failing tests:

test at kernel/ts/test/validate.test.ts:21:1
✖ invalid fixtures fail with exactly the listed errors (14.135125ms)
  AssertionError [ERR_ASSERTION]: TimePolicy {"profile":"real_elapsed"}
  + actual - expected
  
  + []
  - [
  -   {
  -     code: 'missing_property',
  -     path: '/rate'
  -   }
  - ]
  
      at TestContext.<anonymous> (file://[private-path]
      at Test.runInAsyncScope (node:async_hooks:227:14)
      at Test.run (node:internal/test_runner/test:1402:25)
      at Test.processPendingSubtests (node:internal/test_runner/test:974:18)
      at Test.postRun (node:internal/test_runner/test:1542:19)
      at Test.run (node:internal/test_runner/test:1467:12)
      at async startSubtestAfterBootstrap (node:internal/test_runner/harness:387:3) {
    generatedMessage: false,
    code: 'ERR_ASSERTION',
    actual: [],
    expected: [ { path: '/rate', code: 'missing_property' } ],
    operator: 'deepStrictEqual',
    diff: 'simple'
  }
