✔ trusted elapsed advances and drains the existing due job with its owned event (19.24025ms)
✔ trusted elapsed rejects invalid identity and intervals without adopting anything (6.402458ms)
✔ normal player step cannot admit elapsed even through an offered alias (2.5165ms)
✔ elapsed ActionSet offers neither Wait nor the authority elapsed command (2.718958ms)
✔ elapsed player Wait refuses even when a forged alias offers it (2.418333ms)
✔ elapsed loader requires the new kernel API and schedule owner (4.970417ms)
✔ loader rejects authority elapsed actions and elapsed Wait aliases (4.497625ms)
✔ loader rejects duration in elapsed profiles while the frozen legacy fixture loads (4.06175ms)
✔ numeric-vectors: rng_steps from initial_rng (1.013458ms)
✔ numeric-vectors: division (0.126083ms)
✔ numeric-vectors: invalid_json (0.571459ms)
✔ numeric-vectors: canonical (0.171292ms)
✔ adverse-cases: uniform (0.221416ms)
✔ decode edge cases (0.242083ms)
✔ encode escapes and key order (0.090709ms)
✔ encode rejects values outside the profile (0.099458ms)
✔ nesting is limited to 128 containers (0.305542ms)
✔ hash is lowercase SHA-256 of the canonical bytes (0.780583ms)
✔ checked integers overflow as a typed error (0.142917ms)
✔ unsafe operands are integer_overflow (0.131792ms)
✔ uniform accepts bound 2^32 (0.064833ms)
✔ uniform rejects a bad draw budget (0.076625ms)
✔ IdSource ids (0.286ms)
✔ IdSource rejects non-string ids (0.082083ms)
✔ IdSource rejects a bad ordinal (0.0815ms)
✔ CommandId known answers (0.574791ms)
✔ CommandId rejects bad ids (0.086375ms)
✔ job CommandId known answers (0.437875ms)
✔ job CommandId rejects bad input (0.093333ms)
✔ elapsed CommandId matches independently frozen run/world/interval vectors (1.787667ms)
✔ elapsed CommandId rejects malformed identity and interval operands (0.185375ms)
✔ a fresh world starts at 06:00 with Bram at the landing and his job due at 19:00 (19.69ms)
✔ wait to 19:00 moves Bram to the green through his job; 18:59 does not (3.890625ms)
✔ a job its own advance would schedule at or before the target faults the whole wait (2.607917ms)
✔ due jobs run in due-time order across one advance (2.530166ms)
✔ jobs due at one time run in job-id order whatever the row order (3.3695ms)
✔ a run_job submitted to step is refused and changes nothing (1.805583ms)
✔ a recipe's duration runs the job due inside it in the player's proposal (2.506792ms)
✔ a body starts with its resources at their start values at the calendar start (1.903417ms)
✔ an advance over a job budget faults whole, in a wait and in a recipe (10.176417ms)
✔ a root over a job budget names its limit, pending_jobs before due_jobs_per_advance (24.374042ms)
✔ the loader checks schedule rooms and the schedule and calendar owners (8.199916ms)
✔ a recipe's committed narration pins its participants' EntityIds (1.806125ms)
✔ an item participant is pinned to the item's EntityId (2.021584ms)
✔ the loader rejects a narration participant naming no npc or item of its role (4.826ms)
✔ elapsed receipt survives reopen and replays its first result after later clock commits (18.227ms)
✔ old run elapsed refuses before receipt lookup after replacement without Host.random (6.261875ms)
✔ unknown elapsed COMMIT fences trusted and player delivery until the real receipt reconciles (4.882709ms)
✔ modal scene keeps Continue-only player controls while elapsed time commits (13.027ms)
✔ malformed stored command JSON conflicts without state or receipt changes (3.90825ms)
✔ malformed stored response JSON conflicts without state or receipt changes (3.348375ms)
✔ healthy elapsed delivery preserves actual SQLite receipt-read failures (3.493541ms)
ℹ tests 52
ℹ suites 0
ℹ pass 52
ℹ fail 0
ℹ cancelled 0
ℹ skipped 0
ℹ todo 0
ℹ duration_ms 254.308167
