✔ elapsed receipt survives reopen and replays its first result after later clock commits (60.962208ms)
✔ old run elapsed refuses before receipt lookup after replacement without Host.random (7.458417ms)
✔ unknown elapsed COMMIT fences trusted and player delivery until the real receipt reconciles (6.032209ms)
✔ modal scene keeps Continue-only player controls while elapsed time commits (13.935333ms)
✔ openStory.invoke refuses a failing chat on Bram by its key (27.219ms)
✔ a tiny world survives a restart with the same state (9.694875ms)
✔ a retried consumed take replays its receipt; altered intent is a conflict (7.329417ms)
✔ a failed attempt and a rejection persist; their retries draw nothing (8.876291ms)
✔ a fault changes nothing and gets no receipt (6.016666ms)
✔ a lost COMMIT acknowledgement reconciles to the committed receipt (8.063167ms)
✔ a genuinely failed COMMIT reconciles to not committed; the retry is a fresh attempt (8.067792ms)
✔ while the COMMIT outcome is unknown every call is fenced; a restart settles it (6.105125ms)
✔ a process killed after COMMIT restarts with the take once and its trace entry once (274.646292ms)
✔ a definite failure is traced once; a failed trace write changes nothing (6.814291ms)
✔ while the trace is behind no later entry overtakes a missed one (4.990167ms)
✔ an unreadable trace never stops play or the save opening (6.537625ms)
✔ an updated kernel starts a new segment after recovering the old one (4.584208ms)
✔ a transaction a failed ROLLBACK leaves open is never read as saved nor blocks play (5.088166ms)
✔ a save does not open inside a transaction left open (0.693834ms)
✔ jobs survive a restart: waiting to 19:00 after it moves Bram as without it (7.4495ms)
✔ a recipe whose time cost runs a job replays its receipt on retry (3.594291ms)
✔ a move whose reactions commit replays its events byte for byte after a restart (4.563417ms)
✔ a recipe narration's pinned participants survive a restart and replay unchanged (3.248042ms)
✔ a talk committed, then a restart: the stored choice carries its revision and choose works (7.261917ms)
✔ a new save allocates and pins its identity; a restart and a replay reuse it (11.315292ms)
✔ a save whose pinned release is missing is refused untouched; a new game moves on (6.633958ms)
✔ a save of an unknown format is refused with nothing written and no new game (10.798916ms)
✔ a damaged identity is save_corrupt and untouched; its new game repairs it (119.28375ms)
✔ an app update reopens a save on its pinned release; new games pin the newest (8.031958ms)
✔ a save that does not parse is save_corrupt until the player starts a new game (22.242084ms)
✔ a new game replaces the save; an old invocation id is new again (8.017125ms)
✔ a new game that fails part way leaves the old save and memory (3.726542ms)
✔ a new game settles a pending attempt first, in the run it was made in (5.382375ms)
✔ a new game whose COMMIT is unknown is fenced; settling it moves play to the new run (5.437833ms)
✔ a new game whose COMMIT fails keeps the old save, memory and receipts (6.2895ms)
✔ a committed new game is adopted before play; a retry does not replace it twice (4.654125ms)
✔ a corrupt save's new game settles its COMMIT like any other (11.9845ms)
✔ a new run's entries missed by the trace follow its own header (7.4705ms)
✔ a new game after a settled one replaces the save again (6.594416ms)
✔ line two survives reopen and triggering receipt retry without duplicate effects (26.234791ms)
ℹ tests 40
ℹ suites 0
ℹ pass 40
ℹ fail 0
ℹ cancelled 0
ℹ skipped 0
ℹ todo 0
ℹ duration_ms 650.902875
