✔ elapsed receipt survives reopen and replays its first result after later clock commits (16.532792ms)
✔ old run elapsed refuses before receipt lookup after replacement without Host.random (5.148083ms)
✔ unknown elapsed COMMIT fences trusted and player delivery until the real receipt reconciles (4.429667ms)
✔ modal scene keeps Continue-only player controls while elapsed time commits (10.402292ms)
✔ malformed stored command JSON conflicts without state or receipt changes (3.200208ms)
✔ malformed stored response JSON conflicts without state or receipt changes (2.97025ms)
✖ healthy elapsed delivery preserves actual SQLite receipt-read failures (3.259416ms)
ℹ tests 7
ℹ suites 0
ℹ pass 6
ℹ fail 1
ℹ cancelled 0
ℹ skipped 0
ℹ todo 0
ℹ duration_ms 160.983834

✖ failing tests:

test at mobile/authority/local-story/elapsed.test.ts:220:1
✖ healthy elapsed delivery preserves actual SQLite receipt-read failures (3.259416ms)
  AssertionError [ERR_ASSERTION]: Missing expected exception.
      at TestContext.<anonymous> (file://[private-path]
      at Test.runInAsyncScope (node:async_hooks:227:14)
      at Test.run (node:internal/test_runner/test:1402:25)
      at Test.processPendingSubtests (node:internal/test_runner/test:974:18)
      at Test.postRun (node:internal/test_runner/test:1542:19)
      at Test.run (node:internal/test_runner/test:1467:12)
      at async Test.processPendingSubtests (node:internal/test_runner/test:974:7) {
    generatedMessage: false,
    code: 'ERR_ASSERTION',
    actual: undefined,
    expected: { code: 'ERR_SQLITE_ERROR' },
    operator: 'throws',
    diff: 'simple'
  }
