✔ elapsed receipt survives reopen and replays its first result after later clock commits (15.655916ms)
✔ old run elapsed refuses before receipt lookup after replacement without Host.random (6.097333ms)
✔ unknown elapsed COMMIT fences trusted and player delivery until the real receipt reconciles (3.89025ms)
✔ modal scene keeps Continue-only player controls while elapsed time commits (10.004666ms)
✖ malformed stored command JSON conflicts without state or receipt changes (3.419666ms)
✖ malformed stored response JSON conflicts without state or receipt changes (2.970084ms)
✔ healthy elapsed delivery preserves actual SQLite receipt-read failures (3.400666ms)
ℹ tests 7
ℹ suites 0
ℹ pass 5
ℹ fail 2
ℹ cancelled 0
ℹ skipped 0
ℹ todo 0
ℹ duration_ms 162.2875

✖ failing tests:

test at mobile/authority/local-story/elapsed.test.ts:202:3
✖ malformed stored command JSON conflicts without state or receipt changes (3.419666ms)
  SyntaxError: Expected property name or '}' in JSON at position 1 (line 1 column 2)
      at JSON.parse (<anonymous>)
      at receipt (file://[private-path]
      at elapsed (file://[private-path]
      at Object.elapsed (file://[private-path]
      at TestContext.<anonymous> (file://[private-path]
      at Test.runInAsyncScope (node:async_hooks:227:14)
      at Test.run (node:internal/test_runner/test:1402:25)
      at Test.processPendingSubtests (node:internal/test_runner/test:974:18)
      at Test.postRun (node:internal/test_runner/test:1542:19)
      at Test.run (node:internal/test_runner/test:1467:12)

test at mobile/authority/local-story/elapsed.test.ts:202:3
✖ malformed stored response JSON conflicts without state or receipt changes (2.970084ms)
  SyntaxError: Expected property name or '}' in JSON at position 1 (line 1 column 2)
      at JSON.parse (<anonymous>)
      at receipt (file://[private-path]
      at elapsed (file://[private-path]
      at Object.elapsed (file://[private-path]
      at TestContext.<anonymous> (file://[private-path]
      at Test.runInAsyncScope (node:async_hooks:227:14)
      at Test.run (node:internal/test_runner/test:1402:25)
      at Test.processPendingSubtests (node:internal/test_runner/test:974:18)
      at Test.postRun (node:internal/test_runner/test:1542:19)
      at Test.run (node:internal/test_runner/test:1467:12)
