✔ a scripted walk prints the rooms and rejections a player expects (3.300459ms)
✔ every record validates and the game_trace keeps the ADR-075 §4 relationships (6.645375ms)
✔ replaying the transcript twice reproduces its records and state hashes byte for byte (1943.454292ms)
✔ a header in another world replays from that world (192.474625ms)
✔ a header-only transcript replays to the same initial world (364.742375ms)
✔ a transcript recorded by another kernel version replays and names both versions (192.928208ms)
✔ loader diagnostics are written with home paths and the device serial redacted (377.0595ms)
✔ go <serial> on a valid cartridge leaves the serial in no record (197.464375ms)
✔ look <words> examines one detail, lists an ambiguity, and records failed lookups (410.646375ms)
✔ look <serial> or <user name> leaves neither in any record (174.795584ms)
✔ a failed load records the input_digest known answer (161.725333ms)
✔ kernel_version names the commit, with -dirty for an unclean tree (189.802542ms)
✔ the terminal shows the description variant the fresh facts select (180.843875ms)
✔ every example transcript replays and exercises its capability (4130.735416ms)
✔ base1000 accounting preserves exact safe boundary quotients and rejects target overflow (1.212208ms)
✔ 9ms and reopened 11ms commit one unit and preserve the durable fractional account (78.308584ms)
✔ negative wall resume rebases without credit then credits the next 20ms (4.757042ms)
✔ a fixed 36hour horizon commits all four daily boundaries in order (46.601375ms)
✔ sixteen segments yield and one reserved input completes at its original finite horizon (30.941458ms)
✔ a current choice crossing departure refuses presence while Leave still closes its continuation (26.266875ms)
✔ preexisting stale input does not account time and synchronous success emits no completion (4.945916ms)
✔ trusted explicit v2 advance raises its durable target and missing checkpoints refuse (16.613041ms)
✔ an elapsed managed session without clocks fails with a typed refusal (15.522417ms)
✔ resume extends durable target debt rather than a lagging head (14.035584ms)
✔ unexpected closed checkpoint evidence blocks play as corrupt until confirmed Start over (13.230583ms)
✔ a valid durable replacement invalidates an old fenced clock and input without writes (60.654458ms)
✔ malformed v2 checkpoints and heads refuse without rewriting their progress (101.886167ms)
✔ a managed v1 upgrade starts its durable account at the actual opening clocks (11.62975ms)
✔ a committed unknown elapsed segment with corrupt checkpoint completes its input as blocked (4.924667ms)
✔ a valid replacement during unknown positive elapsed invalidates the old pending input (24.438292ms)
✔ a private reservation rejects another intent and retains its original bounded input (55.700708ms)
✔ terminal v1 upgrade recovery waits for real SQLite rollback closure before Start over (36.797667ms)
✔ elapsed receipt survives reopen and replays its first result after later clock commits (47.930375ms)
✔ old run elapsed refuses before receipt lookup after replacement without Host.random (12.964792ms)
✔ unknown elapsed COMMIT fences trusted and player delivery until the real receipt reconciles (12.67025ms)
✔ modal scene keeps Continue-only player controls while elapsed time commits (33.299833ms)
✔ malformed stored command JSON conflicts without state or receipt changes (27.980833ms)
✔ malformed stored response JSON conflicts without state or receipt changes (7.336959ms)
✔ healthy elapsed delivery preserves actual SQLite receipt-read failures (5.820375ms)
✔ seed 12: every fault leaves the prior or next revision and the run ends unchanged (1770.943084ms)
✔ seed 366: every fault leaves the prior or next revision and the run ends unchanged (890.165917ms)
✔ seed 30636: every fault leaves the prior or next revision and the run ends unchanged (893.041167ms)
✔ seed 300: every fault leaves the prior or next revision and the run ends unchanged (974.319875ms)
✔ seed 622: every fault leaves the prior or next revision and the run ends unchanged (621.234875ms)
✔ seed 9633: every fault leaves the prior or next revision and the run ends unchanged (830.566625ms)
✔ seed 2841: every fault leaves the prior or next revision and the run ends unchanged (619.961875ms)
✔ seed 454: every fault leaves the prior or next revision and the run ends unchanged (819.713917ms)
✔ seed 172: every fault leaves the prior or next revision and the run ends unchanged (668.568584ms)
✔ seed 49: every fault leaves the prior or next revision and the run ends unchanged (881.48025ms)
✔ seed 211: every fault leaves the prior or next revision and the run ends unchanged (900.253042ms)
✔ seed 1595: every fault leaves the prior or next revision and the run ends unchanged (823.478625ms)
✔ seed 337982: every fault leaves the prior or next revision and the run ends unchanged (841.7785ms)
✔ seed 105497: every fault leaves the prior or next revision and the run ends unchanged (802.691459ms)
✔ seed 81: every fault leaves the prior or next revision and the run ends unchanged (927.284542ms)
✔ seed 130: every fault leaves the prior or next revision and the run ends unchanged (789.821084ms)
✔ seed 54: every fault leaves the prior or next revision and the run ends unchanged (810.243833ms)
✔ hand-checked anchors (14.436583ms)
✔ views, a reopen and a changed host clock leave the play_time clock and world as they were (57.32625ms)
✔ backward-anchor metadata accounts reconcile exact prior or next real SQLite evidence (8.450209ms)
✔ failed and lost-ack positive elapsed commits reconcile head receipt and checkpoint together (5.933625ms)
✔ real SQLITE_FULL rolls back elapsed evidence and retries its unchanged candidate (2.9095ms)
✔ a timer completes an unknown player receipt before sampling and emits it once (3.428333ms)
✔ process kill before and after elapsed COMMIT leaves entirely prior or next and reopens once (247.493ms)
✔ a budget fault is one valid observation of its limit, with the ReplayIds of its decision (13.709917ms)
✔ a failing observation sink changes no reply, revision, storage or retry (33.166167ms)
✔ an older save gains the sink untouched, and the sink keeps the newest 1000 records (356.913291ms)
✔ each NEW decision, accepted, rejected or fault, is one kernel.decision_latency (28.95325ms)
✔ a clock changes no reply or durable state when a COMMIT is held, then committed (12.222208ms)
✔ a real committed elapsed then ordinary local trace replays identically with header run preflight (942.477708ms)
✔ a leftover transaction is settled before the trace catches up (14.015042ms)
✔ a file that is not a database or has a corrupt page is save_corrupt (11.095958ms)
✔ a head with a damaged column is save_corrupt; its new game recreates the head (6.996208ms)
✔ at the cap a new game deletes the oldest run whole and keeps the current one (73.815917ms)
✔ a run alone at the cap keeps its beginning and appends no more entries (57.7335ms)
✔ a new game at the cap makes room for its header by deleting the old run (54.033625ms)
✔ a run that drops an entry pair below the cap writes nothing more (118.211334ms)
✔ catch-up at the cap boundary writes a missed entry at 4,998 rows and not at 4,999 (179.81325ms)
✔ a new save allocates and pins its identity; a restart and a replay reuse it (18.127458ms)
✔ a save whose pinned release is missing is refused untouched; a new game moves on (11.189208ms)
✔ a save of an unknown format is refused with nothing written and no new game (9.620042ms)
✔ a damaged identity is save_corrupt and untouched; its new game repairs it (149.126666ms)
✔ an app update reopens a save on its pinned release; new games pin the newest (5.546459ms)
✔ a save that does not parse is save_corrupt until the player starts a new game (20.129042ms)
✔ a new game replaces the save; an old invocation id is new again (6.286875ms)
✔ a new game that fails part way leaves the old save and memory (4.79ms)
✔ a new game settles a pending attempt first, in the run it was made in (5.625375ms)
✔ a new game whose COMMIT is unknown is fenced; settling it moves play to the new run (5.980708ms)
✔ a new game whose COMMIT fails keeps the old save, memory and receipts (4.988708ms)
✔ a committed new game is adopted before play; a retry does not replace it twice (5.803167ms)
✔ a corrupt save's new game settles its COMMIT like any other (10.484417ms)
✔ a new run's entries missed by the trace follow its own header (6.472084ms)
✔ a new game after a settled one replaces the save again (8.310417ms)
✔ a pending start over whose retry fails shows that error, not "not confirmed" (25.713542ms)
✔ catch-up conflicts preserve the original attempt and matching retries keep its identity (30.632791ms)
✔ invalid and cyclic shared input refuses before snapshot or elapsed sampling (18.6085ms)
✔ missing elapsed columns after unknown metadata or gameplay commit block and permit explicit recovery (127.247625ms)
✔ corrupt elapsed recovery binds valid, malformed, and absent original headers without erasing a replacement (72.661ms)
✔ loaded elapsed recovery refuses newer and malformed same-run formats without writes (22.041833ms)
✔ changed refused elapsed header classifies malformed before differing valid run and preserves newer formats (7.595709ms)
(node:82270) [MODULE_TYPELESS_PACKAGE_JSON] Warning: Module type of file://[private-path] is not specified and it doesn't parse as CommonJS.
Reparsing as ES module because module syntax was detected. This incurs a performance overhead.
To eliminate this warning, add "type": "module" to [private-path]
(Use `node --trace-warnings ...` to show where the warning was created)
✔ a corrupt report page: Start over gives a working save (92.2355ms)
✔ a corrupt sqlite_autoindex_report_1 page: Start over gives a working save (56.993083ms)
✔ a malformed report index record: Start over gives a working save (33.725458ms)
✔ an intact report table survives Start over in place (20.356917ms)
✔ the latest committed narration is read again on reopen, from the receipts (25.370208ms)
✔ an older save reopens with its narration and keeps its report on Start over (33.65425ms)
✔ a malformed receipt response: Start over keeps the pending report (27.563375ms)
✔ a narration read that fails on a lock offers no Start over (18.014125ms)
✔ a save with no body row: save_corrupt, Start over repairs it in place (17.276917ms)
✔ a save with a null choice: save_corrupt, Start over repairs it in place (15.724709ms)
✔ a save with an empty resource: save_corrupt, Start over repairs it in place (18.791541ms)
✔ a receipt narration line that is null: save_corrupt at open, Start over repairs it (20.31275ms)
✔ a receipt response that is not a decision replays as a conflict (7.238875ms)
✔ elapsed NOTADB and page corruption recover only through explicit working Start over (25.570584ms)
✔ unreadable elapsed opening refuses a newly readable replacement and waits on real SQLite uncertainty (19.8015ms)
ℹ tests 114
ℹ suites 0
ℹ pass 114
ℹ fail 0
ℹ cancelled 0
ℹ skipped 0
ℹ todo 0
ℹ duration_ms 15717.74
