✔ a pending start over whose retry fails shows that error, not "not confirmed" (15.011084ms)
✔ catch-up conflicts preserve the original attempt and matching retries keep its identity (21.432459ms)
✔ invalid and cyclic shared input refuses before snapshot or elapsed sampling (4.049666ms)
✔ missing elapsed columns after unknown metadata or gameplay commit block and permit explicit recovery (14.306041ms)
✔ corrupt elapsed recovery binds valid, malformed, and absent original headers without erasing a replacement (35.991917ms)
✔ loaded elapsed recovery refuses newer and malformed same-run formats without writes (10.074833ms)
✔ changed refused elapsed header classifies malformed before differing valid run and preserves newer formats (4.527875ms)
(node:81111) [MODULE_TYPELESS_PACKAGE_JSON] Warning: Module type of file://[private-path] is not specified and it doesn't parse as CommonJS.
Reparsing as ES module because module syntax was detected. This incurs a performance overhead.
To eliminate this warning, add "type": "module" to [private-path]
(Use `node --trace-warnings ...` to show where the warning was created)
✔ a corrupt report page: Start over gives a working save (44.4685ms)
✔ a corrupt sqlite_autoindex_report_1 page: Start over gives a working save (22.872458ms)
✔ a malformed report index record: Start over gives a working save (21.721666ms)
✔ an intact report table survives Start over in place (12.802292ms)
✔ the latest committed narration is read again on reopen, from the receipts (14.502833ms)
✔ an older save reopens with its narration and keeps its report on Start over (19.01175ms)
✔ a malformed receipt response: Start over keeps the pending report (14.181167ms)
✔ a narration read that fails on a lock offers no Start over (10.47725ms)
✔ a save with no body row: save_corrupt, Start over repairs it in place (11.617625ms)
✔ a save with a null choice: save_corrupt, Start over repairs it in place (11.9285ms)
✔ a save with an empty resource: save_corrupt, Start over repairs it in place (11.674541ms)
✔ a receipt narration line that is null: save_corrupt at open, Start over repairs it (13.591667ms)
✔ a receipt response that is not a decision replays as a conflict (6.244083ms)
✔ elapsed NOTADB and page corruption recover only through explicit working Start over (18.188458ms)
✔ unreadable elapsed opening refuses a newly readable replacement and waits on real SQLite uncertainty (9.532375ms)
ℹ tests 22
ℹ suites 0
ℹ pass 22
ℹ fail 0
ℹ cancelled 0
ℹ skipped 0
ℹ todo 0
ℹ duration_ms 392.672541
