✔ base1000 accounting preserves exact safe boundary quotients and rejects target overflow (1.265625ms)
✔ 9ms and reopened 11ms commit one unit and preserve the durable fractional account (38.795667ms)
✔ negative wall resume rebases without credit then credits the next 20ms (8.739417ms)
✔ a fixed 36hour horizon commits all four daily boundaries in order (9.82325ms)
✔ sixteen segments yield and one reserved input completes at its original finite horizon (20.392375ms)
✔ a current choice crossing departure refuses presence while Leave still closes its continuation (6.773041ms)
✔ preexisting stale input does not account time and synchronous success emits no completion (4.119458ms)
✔ trusted explicit v2 advance raises its durable target and missing checkpoints refuse (8.87775ms)
✔ an elapsed managed session without clocks fails with a typed refusal (4.8295ms)
✔ resume extends durable target debt rather than a lagging head (11.985375ms)
✔ unexpected closed checkpoint evidence blocks play as corrupt until confirmed Start over (8.08925ms)
✔ a valid durable replacement invalidates an old fenced clock and input without writes (7.975916ms)
✔ malformed v2 checkpoints and heads refuse without rewriting their progress (52.971083ms)
✔ a managed v1 upgrade starts its durable account at the actual opening clocks (5.033042ms)
✔ a committed unknown elapsed segment with corrupt checkpoint completes its input as blocked (3.685791ms)
✔ a valid replacement during unknown positive elapsed invalidates the old pending input (8.211459ms)
✔ a private reservation rejects another intent and retains its original bounded input (10.805291ms)
✔ terminal v1 upgrade recovery waits for real SQLite rollback closure before Start over (5.025791ms)
✔ a budget fault is one valid observation of its limit, with the ReplayIds of its decision (9.923041ms)
✔ a failing observation sink changes no reply, revision, storage or retry (8.584041ms)
✔ an older save gains the sink untouched, and the sink keeps the newest 1000 records (296.024417ms)
✔ each NEW decision, accepted, rejected or fault, is one kernel.decision_latency (16.86725ms)
✔ a clock changes no reply or durable state when a COMMIT is held, then committed (5.3605ms)
✔ a real committed elapsed then ordinary local trace replays identically with header run preflight (580.276334ms)
✔ a pending start over whose retry fails shows that error, not "not confirmed" (21.166333ms)
✔ catch-up conflicts preserve the original attempt and matching retries keep its identity (24.5855ms)
✔ invalid and cyclic shared input refuses before snapshot or elapsed sampling (5.20675ms)
✔ missing elapsed columns after unknown metadata or gameplay commit block and permit explicit recovery (21.308708ms)
✔ corrupt elapsed recovery binds valid, malformed, and absent original headers without erasing a replacement (43.163792ms)
✖ loaded elapsed recovery refuses newer and malformed same-run formats without writes (4.193291ms)
✔ changed refused elapsed header classifies malformed before differing valid run and preserves newer formats (6.13125ms)
(node:81838) [MODULE_TYPELESS_PACKAGE_JSON] Warning: Module type of file://[private-path] is not specified and it doesn't parse as CommonJS.
Reparsing as ES module because module syntax was detected. This incurs a performance overhead.
To eliminate this warning, add "type": "module" to [private-path]
(Use `node --trace-warnings ...` to show where the warning was created)
✔ a corrupt report page: Start over gives a working save (57.886958ms)
✔ a corrupt sqlite_autoindex_report_1 page: Start over gives a working save (27.410333ms)
✔ a malformed report index record: Start over gives a working save (24.675584ms)
✔ an intact report table survives Start over in place (14.003542ms)
✔ the latest committed narration is read again on reopen, from the receipts (18.176125ms)
✔ an older save reopens with its narration and keeps its report on Start over (24.100959ms)
✔ a malformed receipt response: Start over keeps the pending report (19.020708ms)
✔ a narration read that fails on a lock offers no Start over (12.026125ms)
✔ a save with no body row: save_corrupt, Start over repairs it in place (13.630875ms)
✔ a save with a null choice: save_corrupt, Start over repairs it in place (13.805ms)
✔ a save with an empty resource: save_corrupt, Start over repairs it in place (13.669833ms)
✔ a receipt narration line that is null: save_corrupt at open, Start over repairs it (15.60875ms)
✔ a receipt response that is not a decision replays as a conflict (7.419792ms)
✔ elapsed NOTADB and page corruption recover only through explicit working Start over (18.743333ms)
✔ unreadable elapsed opening refuses a newly readable replacement and waits on real SQLite uncertainty (9.721708ms)
ℹ tests 46
ℹ suites 0
ℹ pass 45
ℹ fail 1
ℹ cancelled 0
ℹ skipped 0
ℹ todo 0
ℹ duration_ms 1473.27725

✖ failing tests:

test at mobile/authority/local-story/session.test.ts:178:1
✖ loaded elapsed recovery refuses newer and malformed same-run formats without writes (4.193291ms)
  AssertionError [ERR_ASSERTION]: Expected values to be strictly equal:
  + actual - expected
  
  + 'replaced'
  - 'unsupported_save_format'
  
      at TestContext.<anonymous> (file://[private-path]:190:12)
      at Test.runInAsyncScope (node:async_hooks:227:14)
      at Test.run (node:internal/test_runner/test:1402:25)
      at Test.processPendingSubtests (node:internal/test_runner/test:974:18)
      at Test.postRun (node:internal/test_runner/test:1542:19)
      at Test.run (node:internal/test_runner/test:1467:12)
      at async Test.processPendingSubtests (node:internal/test_runner/test:974:7) {
    generatedMessage: true,
    code: 'ERR_ASSERTION',
    actual: 'replaced',
    expected: 'unsupported_save_format',
    operator: 'strictEqual',
    diff: 'simple'
  }
