✔ base1000 accounting preserves exact safe boundary quotients and rejects target overflow (1.190125ms)
✔ 9ms and reopened 11ms commit one unit and preserve the durable fractional account (39.247708ms)
✔ negative wall resume rebases without credit then credits the next 20ms (7.089375ms)
✔ a fixed 36hour horizon commits all four daily boundaries in order (9.58625ms)
✔ sixteen segments yield and one reserved input completes at its original finite horizon (18.131875ms)
✔ a current choice crossing departure refuses presence while Leave still closes its continuation (7.991209ms)
✔ preexisting stale input does not account time and synchronous success emits no completion (6.383875ms)
✔ trusted explicit v2 advance raises its durable target and missing checkpoints refuse (7.300708ms)
✔ an elapsed managed session without clocks fails with a typed refusal (4.622958ms)
✔ resume extends durable target debt rather than a lagging head (12.968583ms)
✔ unexpected closed checkpoint evidence blocks play as corrupt until confirmed Start over (6.611666ms)
✔ a valid durable replacement invalidates an old fenced clock and input without writes (7.968875ms)
✔ malformed v2 checkpoints and heads refuse without rewriting their progress (49.013791ms)
✔ a managed v1 upgrade starts its durable account at the actual opening clocks (5.457541ms)
✔ a committed unknown elapsed segment with corrupt checkpoint completes its input as blocked (3.985625ms)
✔ a valid replacement during unknown positive elapsed invalidates the old pending input (7.810375ms)
✔ a private reservation rejects another intent and retains its original bounded input (11.949959ms)
✔ terminal v1 upgrade recovery waits for real SQLite rollback closure before Start over (5.433625ms)
✔ a budget fault is one valid observation of its limit, with the ReplayIds of its decision (9.870625ms)
✔ a failing observation sink changes no reply, revision, storage or retry (9.271083ms)
✔ an older save gains the sink untouched, and the sink keeps the newest 1000 records (326.900834ms)
✔ each NEW decision, accepted, rejected or fault, is one kernel.decision_latency (17.639083ms)
✔ a clock changes no reply or durable state when a COMMIT is held, then committed (5.367042ms)
✔ a real committed elapsed then ordinary local trace replays identically with header run preflight (576.162ms)
✔ a pending start over whose retry fails shows that error, not "not confirmed" (16.00975ms)
✔ catch-up conflicts preserve the original attempt and matching retries keep its identity (32.937375ms)
✔ invalid and cyclic shared input refuses before snapshot or elapsed sampling (4.370042ms)
✔ missing elapsed columns after unknown metadata or gameplay commit block and permit explicit recovery (14.936833ms)
✔ corrupt elapsed recovery binds valid, malformed, and absent original headers without erasing a replacement (45.002333ms)
(node:81803) [MODULE_TYPELESS_PACKAGE_JSON] Warning: Module type of file://[private-path] is not specified and it doesn't parse as CommonJS.
Reparsing as ES module because module syntax was detected. This incurs a performance overhead.
To eliminate this warning, add "type": "module" to [private-path]
(Use `node --trace-warnings ...` to show where the warning was created)
✔ a corrupt report page: Start over gives a working save (51.142125ms)
✔ a corrupt sqlite_autoindex_report_1 page: Start over gives a working save (29.98975ms)
✔ a malformed report index record: Start over gives a working save (28.104292ms)
✔ an intact report table survives Start over in place (14.242958ms)
✔ the latest committed narration is read again on reopen, from the receipts (18.54875ms)
✔ an older save reopens with its narration and keeps its report on Start over (22.260584ms)
✔ a malformed receipt response: Start over keeps the pending report (18.622709ms)
✔ a narration read that fails on a lock offers no Start over (12.574625ms)
✔ a save with no body row: save_corrupt, Start over repairs it in place (15.256167ms)
✔ a save with a null choice: save_corrupt, Start over repairs it in place (14.983958ms)
✔ a save with an empty resource: save_corrupt, Start over repairs it in place (13.468042ms)
✔ a receipt narration line that is null: save_corrupt at open, Start over repairs it (15.648417ms)
✔ a receipt response that is not a decision replays as a conflict (7.114167ms)
ℹ tests 42
ℹ suites 0
ℹ pass 42
ℹ fail 0
ℹ cancelled 0
ℹ skipped 0
ℹ todo 0
ℹ duration_ms 1490.964709
