✔ base1000 accounting preserves exact safe boundary quotients and rejects target overflow (1.177416ms)
✔ 9ms and reopened 11ms commit one unit and preserve the durable fractional account (36.887458ms)
✔ negative wall resume rebases without credit then credits the next 20ms (4.780667ms)
✔ a fixed 36hour horizon commits all four daily boundaries in order (6.624709ms)
✔ sixteen segments yield and one reserved input completes at its original finite horizon (16.586292ms)
✔ a current choice crossing departure refuses presence while Leave still closes its continuation (6.922833ms)
✔ preexisting stale input does not account time and synchronous success emits no completion (4.371459ms)
✔ trusted explicit v2 advance raises its durable target and missing checkpoints refuse (10.890333ms)
✔ an elapsed managed session without clocks fails with a typed refusal (5.096583ms)
✔ resume extends durable target debt rather than a lagging head (11.917458ms)
✔ unexpected closed checkpoint evidence blocks play as corrupt until confirmed Start over (7.755834ms)
✔ a valid durable replacement invalidates an old fenced clock and input without writes (8.488667ms)
✔ malformed v2 checkpoints and heads refuse without rewriting their progress (50.927667ms)
✔ a managed v1 upgrade starts its durable account at the actual opening clocks (4.665875ms)
✔ a committed unknown elapsed segment with corrupt checkpoint completes its input as blocked (4.245333ms)
✔ a valid replacement during unknown positive elapsed invalidates the old pending input (8.797958ms)
✔ a private reservation rejects another intent and retains its original bounded input (11.62875ms)
✔ terminal v1 upgrade recovery waits for real SQLite rollback closure before Start over (5.141083ms)
✔ a budget fault is one valid observation of its limit, with the ReplayIds of its decision (9.900833ms)
✔ a failing observation sink changes no reply, revision, storage or retry (8.526542ms)
✔ an older save gains the sink untouched, and the sink keeps the newest 1000 records (278.391041ms)
✔ each NEW decision, accepted, rejected or fault, is one kernel.decision_latency (16.5575ms)
✔ a clock changes no reply or durable state when a COMMIT is held, then committed (4.944084ms)
✔ a real committed elapsed then ordinary local trace replays identically with header run preflight (574.162625ms)
✔ a pending start over whose retry fails shows that error, not "not confirmed" (16.633458ms)
✔ catch-up conflicts preserve the original attempt and matching retries keep its identity (30.846667ms)
✔ invalid and cyclic shared input refuses before snapshot or elapsed sampling (4.293459ms)
✔ missing elapsed columns after unknown metadata or gameplay commit block and permit explicit recovery (27.484958ms)
✔ corrupt elapsed recovery binds valid, malformed, and absent original headers without erasing a replacement (42.512375ms)
✔ loaded elapsed recovery refuses newer and malformed same-run formats without writes (11.225291ms)
✖ changed refused elapsed header classifies malformed before differing valid run and preserves newer formats (6.555917ms)
(node:81909) [MODULE_TYPELESS_PACKAGE_JSON] Warning: Module type of file://[private-path] is not specified and it doesn't parse as CommonJS.
Reparsing as ES module because module syntax was detected. This incurs a performance overhead.
To eliminate this warning, add "type": "module" to [private-path]
(Use `node --trace-warnings ...` to show where the warning was created)
✔ a corrupt report page: Start over gives a working save (51.159958ms)
✔ a corrupt sqlite_autoindex_report_1 page: Start over gives a working save (26.476042ms)
✔ a malformed report index record: Start over gives a working save (25.391625ms)
✔ an intact report table survives Start over in place (13.813833ms)
✔ the latest committed narration is read again on reopen, from the receipts (17.292542ms)
✔ an older save reopens with its narration and keeps its report on Start over (22.649792ms)
✔ a malformed receipt response: Start over keeps the pending report (16.330167ms)
✔ a narration read that fails on a lock offers no Start over (13.21275ms)
✔ a save with no body row: save_corrupt, Start over repairs it in place (13.148708ms)
✔ a save with a null choice: save_corrupt, Start over repairs it in place (13.880958ms)
✔ a save with an empty resource: save_corrupt, Start over repairs it in place (12.488583ms)
✔ a receipt narration line that is null: save_corrupt at open, Start over repairs it (13.949583ms)
✔ a receipt response that is not a decision replays as a conflict (6.714541ms)
✔ elapsed NOTADB and page corruption recover only through explicit working Start over (34.235333ms)
✔ unreadable elapsed opening refuses a newly readable replacement and waits on real SQLite uncertainty (10.18125ms)
ℹ tests 46
ℹ suites 0
ℹ pass 45
ℹ fail 1
ℹ cancelled 0
ℹ skipped 0
ℹ todo 0
ℹ duration_ms 1455.664458

✖ failing tests:

test at mobile/authority/local-story/session.test.ts:216:1
✖ changed refused elapsed header classifies malformed before differing valid run and preserves newer formats (6.555917ms)
  AssertionError [ERR_ASSERTION]: Expected values to be strictly equal:
  + actual - expected
  
  + 'stale_view'
  - 'save_corrupt'
  
      at TestContext.<anonymous> (file://[private-path]:230:10)
      at Test.runInAsyncScope (node:async_hooks:227:14)
      at Test.run (node:internal/test_runner/test:1402:25)
      at Test.processPendingSubtests (node:internal/test_runner/test:974:18)
      at Test.postRun (node:internal/test_runner/test:1542:19)
      at Test.run (node:internal/test_runner/test:1467:12)
      at async Test.processPendingSubtests (node:internal/test_runner/test:974:7) {
    generatedMessage: true,
    code: 'ERR_ASSERTION',
    actual: 'stale_view',
    expected: 'save_corrupt',
    operator: 'strictEqual',
    diff: 'simple'
  }
