✔ base1000 accounting preserves exact safe boundary quotients and rejects target overflow (1.176708ms)
✔ 9ms and reopened 11ms commit one unit and preserve the durable fractional account (38.067583ms)
✔ negative wall resume rebases without credit then credits the next 20ms (5.57125ms)
✔ a fixed 36hour horizon commits all four daily boundaries in order (37.41925ms)
✔ sixteen segments yield and one reserved input completes at its original finite horizon (48.520292ms)
✔ a current choice crossing departure refuses presence while Leave still closes its continuation (10.434375ms)
✔ preexisting stale input does not account time and synchronous success emits no completion (8.359167ms)
✔ trusted explicit v2 advance raises its durable target and missing checkpoints refuse (11.688959ms)
✔ an elapsed managed session without clocks fails with a typed refusal (6.635625ms)
✔ resume extends durable target debt rather than a lagging head (19.972334ms)
✔ unexpected closed checkpoint evidence blocks play as corrupt until confirmed Start over (10.038541ms)
✔ a valid durable replacement invalidates an old fenced clock and input without writes (14.64725ms)
✔ malformed v2 checkpoints and heads refuse without rewriting their progress (74.153708ms)
✔ a managed v1 upgrade starts its durable account at the actual opening clocks (11.049792ms)
✔ a committed unknown elapsed segment with corrupt checkpoint completes its input as blocked (5.608084ms)
✔ a valid replacement during unknown positive elapsed invalidates the old pending input (12.26425ms)
✔ a private reservation rejects another intent and retains its original bounded input (19.632166ms)
✔ terminal v1 upgrade recovery waits for real SQLite rollback closure before Start over (6.393833ms)
✔ seed 12: every fault leaves the prior or next revision and the run ends unchanged (1295.992459ms)
✔ seed 366: every fault leaves the prior or next revision and the run ends unchanged (675.847917ms)
✔ seed 30636: every fault leaves the prior or next revision and the run ends unchanged (715.702375ms)
✔ seed 300: every fault leaves the prior or next revision and the run ends unchanged (865.622583ms)
✔ seed 622: every fault leaves the prior or next revision and the run ends unchanged (623.661833ms)
✔ seed 9633: every fault leaves the prior or next revision and the run ends unchanged (833.682459ms)
✔ seed 2841: every fault leaves the prior or next revision and the run ends unchanged (632.831125ms)
✔ seed 454: every fault leaves the prior or next revision and the run ends unchanged (833.900167ms)
✔ seed 172: every fault leaves the prior or next revision and the run ends unchanged (676.926041ms)
✔ seed 49: every fault leaves the prior or next revision and the run ends unchanged (888.131208ms)
✔ seed 211: every fault leaves the prior or next revision and the run ends unchanged (897.85975ms)
✔ seed 1595: every fault leaves the prior or next revision and the run ends unchanged (819.46225ms)
✔ seed 337982: every fault leaves the prior or next revision and the run ends unchanged (830.66575ms)
✔ seed 105497: every fault leaves the prior or next revision and the run ends unchanged (728.699083ms)
✔ seed 81: every fault leaves the prior or next revision and the run ends unchanged (1008.296292ms)
✔ seed 130: every fault leaves the prior or next revision and the run ends unchanged (827.759666ms)
✔ seed 54: every fault leaves the prior or next revision and the run ends unchanged (834.63875ms)
✔ hand-checked anchors (15.944708ms)
✔ views, a reopen and a changed host clock leave the play_time clock and world as they were (63.792084ms)
✔ backward-anchor metadata accounts reconcile exact prior or next real SQLite evidence (7.7395ms)
✔ failed and lost-ack positive elapsed commits reconcile head receipt and checkpoint together (5.870834ms)
✔ real SQLITE_FULL rolls back elapsed evidence and retries its unchanged candidate (2.849959ms)
✔ a timer completes an unknown player receipt before sampling and emits it once (3.433167ms)
✔ process kill before and after elapsed COMMIT leaves entirely prior or next and reopens once (253.446042ms)
✔ a budget fault is one valid observation of its limit, with the ReplayIds of its decision (9.795208ms)
✔ a failing observation sink changes no reply, revision, storage or retry (9.131ms)
✔ an older save gains the sink untouched, and the sink keeps the newest 1000 records (314.14325ms)
✔ each NEW decision, accepted, rejected or fault, is one kernel.decision_latency (18.561208ms)
✔ a clock changes no reply or durable state when a COMMIT is held, then committed (7.354291ms)
✔ a real committed elapsed then ordinary local trace replays identically with header run preflight (672.908708ms)
✔ a leftover transaction is settled before the trace catches up (16.008458ms)
✔ a file that is not a database or has a corrupt page is save_corrupt (13.606667ms)
✔ a head with a damaged column is save_corrupt; its new game recreates the head (11.40525ms)
✔ at the cap a new game deletes the oldest run whole and keeps the current one (90.702916ms)
✔ a run alone at the cap keeps its beginning and appends no more entries (93.197625ms)
✔ a new game at the cap makes room for its header by deleting the old run (99.955875ms)
✔ a run that drops an entry pair below the cap writes nothing more (86.666542ms)
✔ catch-up at the cap boundary writes a missed entry at 4,998 rows and not at 4,999 (136.420959ms)
✔ a new save allocates and pins its identity; a restart and a replay reuse it (9.178541ms)
✔ a save whose pinned release is missing is refused untouched; a new game moves on (6.962625ms)
✔ a save of an unknown format is refused with nothing written and no new game (18.387209ms)
✔ a damaged identity is save_corrupt and untouched; its new game repairs it (203.170875ms)
✔ an app update reopens a save on its pinned release; new games pin the newest (11.183167ms)
✔ a save that does not parse is save_corrupt until the player starts a new game (30.481708ms)
✔ a new game replaces the save; an old invocation id is new again (18.85875ms)
✔ a new game that fails part way leaves the old save and memory (10.264875ms)
✔ a new game settles a pending attempt first, in the run it was made in (10.312667ms)
✔ a new game whose COMMIT is unknown is fenced; settling it moves play to the new run (13.24925ms)
✔ a new game whose COMMIT fails keeps the old save, memory and receipts (11.157083ms)
✔ a committed new game is adopted before play; a retry does not replace it twice (6.390875ms)
✔ a corrupt save's new game settles its COMMIT like any other (16.808583ms)
✔ a new run's entries missed by the trace follow its own header (11.244542ms)
✔ a new game after a settled one replaces the save again (14.186541ms)
✔ a pending start over whose retry fails shows that error, not "not confirmed" (24.323083ms)
✔ catch-up conflicts preserve the original attempt and matching retries keep its identity (59.404542ms)
✔ invalid and cyclic shared input refuses before snapshot or elapsed sampling (20.188834ms)
✔ missing elapsed columns after unknown metadata or gameplay commit block and permit explicit recovery (15.773958ms)
✔ corrupt elapsed recovery binds valid, malformed, and absent original headers without erasing a replacement (122.18725ms)
(node:79892) [MODULE_TYPELESS_PACKAGE_JSON] Warning: Module type of file://[private-path] is not specified and it doesn't parse as CommonJS.
Reparsing as ES module because module syntax was detected. This incurs a performance overhead.
To eliminate this warning, add "type": "module" to [private-path]
(Use `node --trace-warnings ...` to show where the warning was created)
✔ a corrupt report page: Start over gives a working save (91.41925ms)
✔ a corrupt sqlite_autoindex_report_1 page: Start over gives a working save (33.435791ms)
✔ a malformed report index record: Start over gives a working save (53.051125ms)
✔ an intact report table survives Start over in place (28.396334ms)
✔ the latest committed narration is read again on reopen, from the receipts (28.896583ms)
✔ an older save reopens with its narration and keeps its report on Start over (41.9085ms)
✔ a malformed receipt response: Start over keeps the pending report (27.383042ms)
✔ a narration read that fails on a lock offers no Start over (15.824708ms)
✔ a save with no body row: save_corrupt, Start over repairs it in place (21.5945ms)
✔ a save with a null choice: save_corrupt, Start over repairs it in place (21.173542ms)
✔ a save with an empty resource: save_corrupt, Start over repairs it in place (20.870417ms)
✔ a receipt narration line that is null: save_corrupt at open, Start over repairs it (29.53625ms)
✔ a receipt response that is not a decision replays as a conflict (11.311458ms)
ℹ tests 89
ℹ suites 0
ℹ pass 89
ℹ fail 0
ℹ cancelled 0
ℹ skipped 0
ℹ todo 0
ℹ duration_ms 14818.847667
