✔ base1000 accounting preserves exact safe boundary quotients and rejects target overflow (1.178334ms)
✔ 9ms and reopened 11ms commit one unit and preserve the durable fractional account (34.893541ms)
✔ negative wall resume rebases without credit then credits the next 20ms (7.344875ms)
✔ a fixed 36hour horizon commits all four daily boundaries in order (7.087875ms)
✔ sixteen segments yield and one reserved input completes at its original finite horizon (16.628875ms)
✔ a current choice crossing departure refuses presence while Leave still closes its continuation (8.411959ms)
✔ preexisting stale input does not account time and synchronous success emits no completion (5.566833ms)
✔ trusted explicit v2 advance raises its durable target and missing checkpoints refuse (9.422833ms)
✔ an elapsed managed session without clocks fails with a typed refusal (4.887459ms)
✔ resume extends durable target debt rather than a lagging head (12.623125ms)
✔ unexpected closed checkpoint evidence blocks play as corrupt until confirmed Start over (7.02125ms)
✔ a valid durable replacement invalidates an old fenced clock and input without writes (9.043583ms)
✔ malformed v2 checkpoints and heads refuse without rewriting their progress (54.809375ms)
✔ a managed v1 upgrade starts its durable account at the actual opening clocks (6.012541ms)
✔ a committed unknown elapsed segment with corrupt checkpoint completes its input as blocked (4.514459ms)
✔ a valid replacement during unknown positive elapsed invalidates the old pending input (9.111625ms)
✔ a private reservation rejects another intent and retains its original bounded input (12.8605ms)
✔ terminal v1 upgrade recovery waits for real SQLite rollback closure before Start over (5.494958ms)
✔ a budget fault is one valid observation of its limit, with the ReplayIds of its decision (9.521625ms)
✔ a failing observation sink changes no reply, revision, storage or retry (8.427375ms)
✔ an older save gains the sink untouched, and the sink keeps the newest 1000 records (344.315125ms)
✔ each NEW decision, accepted, rejected or fault, is one kernel.decision_latency (17.5365ms)
✔ a clock changes no reply or durable state when a COMMIT is held, then committed (5.330917ms)
✔ a real committed elapsed then ordinary local trace replays identically with header run preflight (576.1855ms)
✔ a pending start over whose retry fails shows that error, not "not confirmed" (24.220708ms)
✔ catch-up conflicts preserve the original attempt and matching retries keep its identity (32.658334ms)
✔ invalid and cyclic shared input refuses before snapshot or elapsed sampling (6.721ms)
✔ missing elapsed columns after unknown metadata or gameplay commit block and permit explicit recovery (20.188ms)
✔ corrupt elapsed recovery binds valid, malformed, and absent original headers without erasing a replacement (45.764166ms)
✔ loaded elapsed recovery refuses newer and malformed same-run formats without writes (12.824125ms)
✔ changed refused elapsed header classifies malformed before differing valid run and preserves newer formats (4.700208ms)
(node:81768) [MODULE_TYPELESS_PACKAGE_JSON] Warning: Module type of file://[private-path] is not specified and it doesn't parse as CommonJS.
Reparsing as ES module because module syntax was detected. This incurs a performance overhead.
To eliminate this warning, add "type": "module" to [private-path]
(Use `node --trace-warnings ...` to show where the warning was created)
✔ a corrupt report page: Start over gives a working save (52.39925ms)
✔ a corrupt sqlite_autoindex_report_1 page: Start over gives a working save (26.781958ms)
✔ a malformed report index record: Start over gives a working save (23.502166ms)
✔ an intact report table survives Start over in place (14.769166ms)
✔ the latest committed narration is read again on reopen, from the receipts (17.344042ms)
✔ an older save reopens with its narration and keeps its report on Start over (22.174416ms)
✔ a malformed receipt response: Start over keeps the pending report (18.421167ms)
✔ a narration read that fails on a lock offers no Start over (12.741708ms)
✔ a save with no body row: save_corrupt, Start over repairs it in place (13.242792ms)
✔ a save with a null choice: save_corrupt, Start over repairs it in place (14.477542ms)
✔ a save with an empty resource: save_corrupt, Start over repairs it in place (12.329208ms)
✔ a receipt narration line that is null: save_corrupt at open, Start over repairs it (13.745667ms)
✔ a receipt response that is not a decision replays as a conflict (7.006167ms)
✔ elapsed NOTADB and page corruption recover only through explicit working Start over (19.59825ms)
✖ unreadable elapsed opening refuses a newly readable replacement and waits on real SQLite uncertainty (6.853917ms)
ℹ tests 46
ℹ suites 0
ℹ pass 45
ℹ fail 1
ℹ cancelled 0
ℹ skipped 0
ℹ todo 0
ℹ duration_ms 1529.680459

✖ failing tests:

test at mobile/authority/local-story/start_over.test.ts:399:1
✖ unreadable elapsed opening refuses a newly readable replacement and waits on real SQLite uncertainty (6.853917ms)
  Error: not authorized
      at Object.execSync (file://[private-path]:35:29)
      at transaction (file://[private-path]:24:36)
      at replace (file://[private-path]:166:10)
      at newGame (file://[private-path]:235:20)
      at newGame (file://[private-path]:72:55)
      at TestContext.<anonymous> (file://[private-path]:419:16)
      at Test.runInAsyncScope (node:async_hooks:227:14)
      at Test.run (node:internal/test_runner/test:1402:25)
      at Test.processPendingSubtests (node:internal/test_runner/test:974:18)
      at Test.postRun (node:internal/test_runner/test:1542:19) {
    code: 'ERR_SQLITE_ERROR',
    errcode: 23,
    errstr: 'authorization denied'
  }
