✔ base1000 accounting preserves exact safe boundary quotients and rejects target overflow (1.18375ms)
✔ 9ms and reopened 11ms commit one unit and preserve the durable fractional account (37.933084ms)
✔ negative wall resume rebases without credit then credits the next 20ms (4.76075ms)
✔ a fixed 36hour horizon commits all four daily boundaries in order (7.585791ms)
✔ sixteen segments yield and one reserved input completes at its original finite horizon (20.420084ms)
✔ a current choice crossing departure refuses presence while Leave still closes its continuation (9.001417ms)
✔ preexisting stale input does not account time and synchronous success emits no completion (5.69625ms)
✔ trusted explicit v2 advance raises its durable target and missing checkpoints refuse (10.135958ms)
✔ an elapsed managed session without clocks fails with a typed refusal (5.266625ms)
✔ resume extends durable target debt rather than a lagging head (14.34375ms)
✔ unexpected closed checkpoint evidence blocks play as corrupt until confirmed Start over (7.949041ms)
✔ a valid durable replacement invalidates an old fenced clock and input without writes (8.977042ms)
✔ malformed v2 checkpoints and heads refuse without rewriting their progress (57.162375ms)
✔ a managed v1 upgrade starts its durable account at the actual opening clocks (6.227333ms)
✔ a committed unknown elapsed segment with corrupt checkpoint completes its input as blocked (4.698875ms)
✔ a valid replacement during unknown positive elapsed invalidates the old pending input (9.422584ms)
✔ a private reservation rejects another intent and retains its original bounded input (12.353167ms)
✔ terminal v1 upgrade recovery waits for real SQLite rollback closure before Start over (5.820959ms)
✔ a budget fault is one valid observation of its limit, with the ReplayIds of its decision (10.217334ms)
✔ a failing observation sink changes no reply, revision, storage or retry (9.241459ms)
✔ an older save gains the sink untouched, and the sink keeps the newest 1000 records (334.072292ms)
✔ each NEW decision, accepted, rejected or fault, is one kernel.decision_latency (17.15ms)
✔ a clock changes no reply or durable state when a COMMIT is held, then committed (4.974917ms)
✔ a real committed elapsed then ordinary local trace replays identically with header run preflight (576.687667ms)
✔ a pending start over whose retry fails shows that error, not "not confirmed" (22.37025ms)
✔ catch-up conflicts preserve the original attempt and matching retries keep its identity (30.016625ms)
✔ invalid and cyclic shared input refuses before snapshot or elapsed sampling (6.701541ms)
✔ missing elapsed columns after unknown metadata or gameplay commit block and permit explicit recovery (17.475875ms)
✔ corrupt elapsed recovery binds valid, malformed, and absent original headers without erasing a replacement (44.476625ms)
✔ loaded elapsed recovery refuses newer and malformed same-run formats without writes (12.283ms)
✔ changed refused elapsed header classifies malformed before differing valid run and preserves newer formats (6.024709ms)
(node:81697) [MODULE_TYPELESS_PACKAGE_JSON] Warning: Module type of file://[private-path] is not specified and it doesn't parse as CommonJS.
Reparsing as ES module because module syntax was detected. This incurs a performance overhead.
To eliminate this warning, add "type": "module" to [private-path]
(Use `node --trace-warnings ...` to show where the warning was created)
✔ a corrupt report page: Start over gives a working save (58.318917ms)
✔ a corrupt sqlite_autoindex_report_1 page: Start over gives a working save (31.044416ms)
✔ a malformed report index record: Start over gives a working save (27.816708ms)
✔ an intact report table survives Start over in place (14.181666ms)
✔ the latest committed narration is read again on reopen, from the receipts (18.002208ms)
✔ an older save reopens with its narration and keeps its report on Start over (23.2765ms)
✔ a malformed receipt response: Start over keeps the pending report (17.492792ms)
✔ a narration read that fails on a lock offers no Start over (14.415959ms)
✔ a save with no body row: save_corrupt, Start over repairs it in place (12.838625ms)
✔ a save with a null choice: save_corrupt, Start over repairs it in place (13.854167ms)
✔ a save with an empty resource: save_corrupt, Start over repairs it in place (13.906916ms)
✔ a receipt narration line that is null: save_corrupt at open, Start over repairs it (15.540584ms)
✔ a receipt response that is not a decision replays as a conflict (6.925709ms)
✖ elapsed NOTADB and page corruption recover only through explicit working Start over (3.94125ms)
✖ unreadable elapsed opening refuses a newly readable replacement and waits on real SQLite uncertainty (7.528458ms)
ℹ tests 46
ℹ suites 0
ℹ pass 44
ℹ fail 2
ℹ cancelled 0
ℹ skipped 0
ℹ todo 0
ℹ duration_ms 1513.215833

✖ failing tests:

test at mobile/authority/local-story/start_over.test.ts:371:1
✖ elapsed NOTADB and page corruption recover only through explicit working Start over (3.94125ms)
  AssertionError [ERR_ASSERTION]: Expected values to be strictly equal:
  + actual - expected
  
  + {
  +   code: undefined,
  +   kind: 'save_corrupt',
  +   message: "Cannot read properties of undefined (reading 'format')",
  +   newGame: [Function: newGame],
  +   replace: false,
  +   startOver: true
  + }
  - undefined
  
      at TestContext.<anonymous> (file://[private-path]:385:12)
      at Test.runInAsyncScope (node:async_hooks:227:14)
      at Test.run (node:internal/test_runner/test:1402:25)
      at Test.processPendingSubtests (node:internal/test_runner/test:974:18)
      at Test.postRun (node:internal/test_runner/test:1542:19)
      at Test.run (node:internal/test_runner/test:1467:12)
      at process.processTicksAndRejections (node:internal/process/task_queues:104:5)
      at async Test.processPendingSubtests (node:internal/test_runner/test:974:7) {
    generatedMessage: true,
    code: 'ERR_ASSERTION',
    actual: [Object],
    expected: undefined,
    operator: 'strictEqual',
    diff: 'simple'
  }

test at mobile/authority/local-story/start_over.test.ts:399:1
✖ unreadable elapsed opening refuses a newly readable replacement and waits on real SQLite uncertainty (7.528458ms)
  TypeError: Cannot read properties of undefined (reading 'format')
      at replaceable (file://[private-path]:190:28)
      at newGame (file://[private-path]:221:20)
      at newGame (file://[private-path]:72:55)
      at TestContext.<anonymous> (file://[private-path]:419:16)
      at Test.runInAsyncScope (node:async_hooks:227:14)
      at Test.run (node:internal/test_runner/test:1402:25)
      at Test.processPendingSubtests (node:internal/test_runner/test:974:18)
      at Test.postRun (node:internal/test_runner/test:1542:19)
      at Test.run (node:internal/test_runner/test:1467:12)
      at process.processTicksAndRejections (node:internal/process/task_queues:104:5)
