✔ base1000 accounting preserves exact safe boundary quotients and rejects target overflow (1.176709ms)
✔ 9ms and reopened 11ms commit one unit and preserve the durable fractional account (35.918958ms)
✔ negative wall resume rebases without credit then credits the next 20ms (4.315083ms)
✔ a fixed 36hour horizon commits all four daily boundaries in order (6.404333ms)
✔ sixteen segments yield and one reserved input completes at its original finite horizon (25.007209ms)
✔ a current choice crossing departure refuses presence while Leave still closes its continuation (9.208792ms)
✔ preexisting stale input does not account time and synchronous success emits no completion (4.426625ms)
✔ trusted explicit v2 advance raises its durable target and missing checkpoints refuse (7.062375ms)
✔ an elapsed managed session without clocks fails with a typed refusal (4.890083ms)
✔ resume extends durable target debt rather than a lagging head (11.992917ms)
✔ unexpected closed checkpoint evidence blocks play as corrupt until confirmed Start over (7.890042ms)
✔ a valid durable replacement invalidates an old fenced clock and input without writes (10.130625ms)
✔ malformed v2 checkpoints and heads refuse without rewriting their progress (49.144ms)
✔ a managed v1 upgrade starts its durable account at the actual opening clocks (5.401333ms)
✔ a committed unknown elapsed segment with corrupt checkpoint completes its input as blocked (3.895542ms)
✔ a valid replacement during unknown positive elapsed invalidates the old pending input (8.17325ms)
✔ a private reservation rejects another intent and retains its original bounded input (12.701166ms)
✔ terminal v1 upgrade recovery waits for real SQLite rollback closure before Start over (5.821708ms)
✔ a budget fault is one valid observation of its limit, with the ReplayIds of its decision (10.565916ms)
✔ a failing observation sink changes no reply, revision, storage or retry (9.305625ms)
✔ an older save gains the sink untouched, and the sink keeps the newest 1000 records (275.136917ms)
✔ each NEW decision, accepted, rejected or fault, is one kernel.decision_latency (18.211167ms)
✔ a clock changes no reply or durable state when a COMMIT is held, then committed (5.142666ms)
✔ a real committed elapsed then ordinary local trace replays identically with header run preflight (591.25775ms)
✔ a pending start over whose retry fails shows that error, not "not confirmed" (21.50775ms)
✔ catch-up conflicts preserve the original attempt and matching retries keep its identity (25.808916ms)
✔ invalid and cyclic shared input refuses before snapshot or elapsed sampling (4.4725ms)
✔ missing elapsed columns after unknown metadata or gameplay commit block and permit explicit recovery (16.222875ms)
✔ corrupt elapsed recovery binds valid, malformed, and absent original headers without erasing a replacement (48.529125ms)
(node:81660) [MODULE_TYPELESS_PACKAGE_JSON] Warning: Module type of file://[private-path] is not specified and it doesn't parse as CommonJS.
Reparsing as ES module because module syntax was detected. This incurs a performance overhead.
To eliminate this warning, add "type": "module" to [private-path]
(Use `node --trace-warnings ...` to show where the warning was created)
✔ a corrupt report page: Start over gives a working save (59.226417ms)
✔ a corrupt sqlite_autoindex_report_1 page: Start over gives a working save (27.345292ms)
✔ a malformed report index record: Start over gives a working save (25.465917ms)
✔ an intact report table survives Start over in place (12.742541ms)
✔ the latest committed narration is read again on reopen, from the receipts (17.374542ms)
✔ an older save reopens with its narration and keeps its report on Start over (22.737167ms)
✔ a malformed receipt response: Start over keeps the pending report (17.551375ms)
✔ a narration read that fails on a lock offers no Start over (14.29225ms)
✔ a save with no body row: save_corrupt, Start over repairs it in place (12.756792ms)
✔ a save with a null choice: save_corrupt, Start over repairs it in place (13.360583ms)
✔ a save with an empty resource: save_corrupt, Start over repairs it in place (12.484375ms)
✔ a receipt narration line that is null: save_corrupt at open, Start over repairs it (14.51925ms)
✔ a receipt response that is not a decision replays as a conflict (7.071167ms)
ℹ tests 42
ℹ suites 0
ℹ pass 42
ℹ fail 0
ℹ cancelled 0
ℹ skipped 0
ℹ todo 0
ℹ duration_ms 1495.039083
