✖ equal-time Oak sight does not consume Willow round handoff (19.604334ms)
ℹ tests 1
ℹ suites 0
ℹ pass 0
ℹ fail 1
ℹ cancelled 0
ℹ skipped 0
ℹ todo 0
ℹ duration_ms 752.512583

✖ failing tests:

test at kernel/ts/test/deer.test.ts:189:1
✖ equal-time Oak sight does not consume Willow round handoff (19.604334ms)
  AssertionError [ERR_ASSERTION]: {"kind":"fault","code":"precondition_failed","target":{"kind":"clock"}}
  + actual - expected
  
  + 'fault'
  - 'accepted'
  
      at elapsed (<local-path>:50:10)
      at TestContext.<anonymous> (<local-path>:207:18)
      at Test.runInAsyncScope (node:async_hooks:227:14)
      at Test.run (node:internal/test_runner/test:1402:25)
      at Test.start (node:internal/test_runner/test:1262:17)
      at startSubtestAfterBootstrap (node:internal/test_runner/harness:387:17) {
    generatedMessage: false,
    code: 'ERR_ASSERTION',
    actual: 'fault',
    expected: 'accepted',
    operator: 'strictEqual',
    diff: 'simple'
  }
