✖ same-time harmless Oak sight and Oak arrival rebind the one slot (18.388333ms)
ℹ tests 1
ℹ suites 0
ℹ pass 0
ℹ fail 1
ℹ cancelled 0
ℹ skipped 0
ℹ todo 0
ℹ duration_ms 759.762708

✖ failing tests:

test at kernel/ts/test/deer.test.ts:239:1
✖ same-time harmless Oak sight and Oak arrival rebind the one slot (18.388333ms)
  AssertionError [ERR_ASSERTION]: Expected values to be strictly deep-equal:
  + actual - expected
  
  + 'precondition_failed'
  - 'conflicting_write'
  
      at TestContext.<anonymous> (<local-path>:261:10)
      at Test.runInAsyncScope (node:async_hooks:227:14)
      at Test.run (node:internal/test_runner/test:1402:25)
      at Test.start (node:internal/test_runner/test:1262:17)
      at startSubtestAfterBootstrap (node:internal/test_runner/harness:387:17) {
    generatedMessage: true,
    code: 'ERR_ASSERTION',
    actual: 'precondition_failed',
    expected: 'conflicting_write',
    operator: 'deepStrictEqual',
    diff: 'simple'
  }
