✔ a fresh world mints NPCs then items after the details and places each (5.260375ms)
✔ take proposes one transfer to the body and item_acquired, at the Python state hash (2.94825ms)
✔ drop leaves the item in the room with item_dropped; give hands it to the NPC (1.226167ms)
✔ each bad take, drop and give is rejected with its code and consumes nothing (3.473541ms)
✔ the containment invariants fail on a broken world (0.257667ms)
✔ containment_acyclic is linear in the items of one room (53.608417ms)
✔ a transfer past a capacity or into its own contents faults and commits nothing (0.509667ms)
✔ has_item holds for an item the actor carries, also inside a carried container (0.573334ms)
✔ target resolution names items and NPCs in the room and items the actor holds (0.682959ms)
✔ look with a target_id examines an item or NPC here or held, else not_present (1.480375ms)
✔ scan lists the NPCs and items in each room beyond, and changes nothing (0.383542ms)
✔ a fresh world mints one holder per declared slot after the job, in slot-key order (27.003ms)
✔ a cartridge with equipment@1 but no slot keeps its ids and fresh state (17.238292ms)
✔ wear and remove by invocation, with their refusals (14.706459ms)
✖ the GameView lists the slots in order and wear and remove only where step accepts them (4.627917ms)
✔ a worn item cannot be dropped, given or taken (6.169958ms)
✔ two items in one holder fail containment_acyclic (1.579458ms)
✔ a cartridge remove and its alias list on and remove a worn item (8.499166ms)
✔ a targetless wear alias is not listed, and the invariant refuses a view listing it (4.614042ms)
✔ the chapter walk: lids opened, unlocked and closed by invocation, take through them (50.12225ms)
✔ a door verb names exactly one barrier: each bad shape is refused with its code (16.406125ms)
✔ a key inside a held, locked trunk still unlocks it (has_item unchanged) (2.935125ms)
✔ the GameView shows a lid, the verbs step accepts on it and what is in reach inside (8.882083ms)
✔ the loader rejects only keys that can never be reached, and checks an item barrier (15.613833ms)
ℹ tests 24
ℹ suites 0
ℹ pass 23
ℹ fail 1
ℹ cancelled 0
ℹ skipped 0
ℹ todo 0
ℹ duration_ms 363.736792

✖ failing tests:

test at kernel/ts/test/equipment.test.ts:196:1
✖ the GameView lists the slots in order and wear and remove only where step accepts them (4.627917ms)
  AssertionError [ERR_ASSERTION]: Expected values to be strictly equal:
  + actual - expected
  
  + 'item.leather_cap.description'
  - 'catalog.cap_body'
  
      at TestContext.<anonymous> (file://<worktree>/kernel/ts/test/equipment.test.ts:212:10)
      at Test.runInAsyncScope (node:async_hooks:227:14)
      at Test.run (node:internal/test_runner/test:1402:25)
      at Test.processPendingSubtests (node:internal/test_runner/test:974:18)
      at Test.postRun (node:internal/test_runner/test:1542:19)
      at Test.run (node:internal/test_runner/test:1467:12)
      at async Test.processPendingSubtests (node:internal/test_runner/test:974:7) {
    generatedMessage: true,
    code: 'ERR_ASSERTION',
    actual: 'item.leather_cap.description',
    expected: 'catalog.cap_body',
    operator: 'strictEqual',
    diff: 'simple'
  }
