✖ a fresh world mints NPCs then items after the details and places each (14.144084ms)
✖ take proposes one transfer to the body and item_acquired, at the Python state hash (9.262708ms)
✔ drop leaves the item in the room with item_dropped; give hands it to the NPC (4.184916ms)
✔ each bad take, drop and give is rejected with its code and consumes nothing (6.769167ms)
✔ the containment invariants fail on a broken world (0.299209ms)
✔ containment_acyclic is linear in the items of one room (63.074208ms)
✔ a transfer past a capacity or into its own contents faults and commits nothing (0.50475ms)
✔ has_item holds for an item the actor carries, also inside a carried container (0.573125ms)
✔ target resolution names items and NPCs in the room and items the actor holds (0.767666ms)
✔ look with a target_id examines an item or NPC here or held, else not_present (1.200833ms)
✔ scan lists the NPCs and items in each room beyond, and changes nothing (0.392125ms)
✔ a fresh world mints one holder per declared slot after the job, in slot-key order (28.694209ms)
✔ a cartridge with equipment@1 but no slot keeps its ids and fresh state (12.56975ms)
✔ wear and remove by invocation, with their refusals (18.9415ms)
✖ the GameView lists the slots in order and wear and remove only where step accepts them (4.7505ms)
✔ a worn item cannot be dropped, given or taken (2.627291ms)
✔ two items in one holder fail containment_acyclic (2.057292ms)
✔ a cartridge remove and its alias list on and remove a worn item (3.708292ms)
✔ a targetless wear alias is not listed, and the invariant refuses a view listing it (3.179125ms)
✔ the chapter walk: lids opened, unlocked and closed by invocation, take through them (39.855167ms)
✔ a door verb names exactly one barrier: each bad shape is refused with its code (20.413583ms)
✔ a key inside a held, locked trunk still unlocks it (has_item unchanged) (3.376ms)
✖ the GameView shows a lid, the verbs step accepts on it and what is in reach inside (3.63625ms)
✔ the loader rejects only keys that can never be reached, and checks an item barrier (20.536625ms)
ℹ tests 24
ℹ suites 0
ℹ pass 20
ℹ fail 4
ℹ cancelled 0
ℹ skipped 0
ℹ todo 0
ℹ duration_ms 303.457167

✖ failing tests:

test at kernel/ts/test/containment.test.ts:66:1
✖ a fresh world mints NPCs then items after the details and places each (14.144084ms)
  AssertionError [ERR_ASSERTION]: Expected values to be strictly deep-equal:
  + actual - expected
  ... Skipped lines
  
    [
      {
        actions: [],
  +     description: 'npc.bram.short',
  -     description: 'npc.bram.description',
        id: 'ff864ad5-cd56-80c8-9392-dc88bdc28fd2',
        kind: 'npc',
        name: 'npc.bram.short'
      },
      {
  ...
            container_id: 'd530207e-b845-8be5-9d53-b44b2cf5d8a1',
  +         description: 'item.lamp_oil.short',
  -         description: 'item.lamp_oil.description',
            id: '6a70d262-b6ea-8b64-9809-ec7f79d1521e',
            kind: 'item',
            name: 'item.lamp_oil.short'
          }
        ],
  +     description: 'item.satchel.short',
  -     description: 'item.satchel.description',
        id: 'd530207e-b845-8be5-9d53-b44b2cf5d8a1',
        kind: 'item',
        name: 'item.satchel.short'
      }
    ]
  
      at TestContext.<anonymous> (file://<worktree>/kernel/ts/test/containment.test.ts:77:10)
      at Test.runInAsyncScope (node:async_hooks:227:14)
      at Test.run (node:internal/test_runner/test:1402:25)
      at Test.start (node:internal/test_runner/test:1262:17)
      at startSubtestAfterBootstrap (node:internal/test_runner/harness:387:17) {
    generatedMessage: true,
    code: 'ERR_ASSERTION',
    actual: [ { id: 'ff864ad5-cd56-80c8-9392-dc88bdc28fd2', name: 'npc.bram.short', description: 'npc.bram.short', kind: 'npc', actions: [] }, { id: 'd530207e-b845-8be5-9d53-b44b2cf5d8a1', name: 'item.satchel.short', description: 'item.satchel.short', kind: 'item', actions: [Array], contents: [Array] } ],
    expected: [ { id: 'ff864ad5-cd56-80c8-9392-dc88bdc28fd2', name: 'npc.bram.short', description: 'npc.bram.description', kind: 'npc', actions: [] }, { id: 'd530207e-b845-8be5-9d53-b44b2cf5d8a1', name: 'item.satchel.short', description: 'item.satchel.description', kind: 'item', actions: [Array], contents: [Array] } ],
    operator: 'deepStrictEqual',
    diff: 'simple'
  }

test at kernel/ts/test/containment.test.ts:99:1
✖ take proposes one transfer to the body and item_acquired, at the Python state hash (9.262708ms)
  AssertionError [ERR_ASSERTION]: Expected values to be strictly deep-equal:
  + actual - expected
  ... Skipped lines
  
    [
      {
        actions: [
          {
            action_key: 'drop',
  ...
            container_id: 'd530207e-b845-8be5-9d53-b44b2cf5d8a1',
  +         description: 'item.lamp_oil.short',
  -         description: 'item.lamp_oil.description',
            id: '6a70d262-b6ea-8b64-9809-ec7f79d1521e',
            kind: 'item',
            name: 'item.lamp_oil.short'
          }
        ],
  +     description: 'item.satchel.short',
  -     description: 'item.satchel.description',
        id: 'd530207e-b845-8be5-9d53-b44b2cf5d8a1',
        kind: 'item',
        name: 'item.satchel.short'
      }
    ]
  
      at TestContext.<anonymous> (file://<worktree>/kernel/ts/test/containment.test.ts:140:10)
      at Test.runInAsyncScope (node:async_hooks:227:14)
      at Test.run (node:internal/test_runner/test:1402:25)
      at Test.processPendingSubtests (node:internal/test_runner/test:974:18)
      at Test.postRun (node:internal/test_runner/test:1542:19)
      at Test.run (node:internal/test_runner/test:1467:12)
      at async startSubtestAfterBootstrap (node:internal/test_runner/harness:387:3) {
    generatedMessage: true,
    code: 'ERR_ASSERTION',
    actual: [ { id: 'd530207e-b845-8be5-9d53-b44b2cf5d8a1', name: 'item.satchel.short', description: 'item.satchel.short', kind: 'item', actions: [Array], contents: [Array] } ],
    expected: [ { id: 'd530207e-b845-8be5-9d53-b44b2cf5d8a1', name: 'item.satchel.short', description: 'item.satchel.description', kind: 'item', actions: [Array], contents: [Array] } ],
    operator: 'deepStrictEqual',
    diff: 'simple'
  }

test at kernel/ts/test/equipment.test.ts:196:1
✖ the GameView lists the slots in order and wear and remove only where step accepts them (4.7505ms)
  AssertionError [ERR_ASSERTION]: Expected values to be strictly equal:
  + actual - expected
  
  + 'npc.bram.short'
  - 'npc.bram.description'
              ^
  
      at TestContext.<anonymous> (file://<worktree>/kernel/ts/test/equipment.test.ts:201:10)
      at Test.runInAsyncScope (node:async_hooks:227:14)
      at Test.run (node:internal/test_runner/test:1402:25)
      at Test.processPendingSubtests (node:internal/test_runner/test:974:18)
      at Test.postRun (node:internal/test_runner/test:1542:19)
      at Test.run (node:internal/test_runner/test:1467:12)
      at async Test.processPendingSubtests (node:internal/test_runner/test:974:7) {
    generatedMessage: true,
    code: 'ERR_ASSERTION',
    actual: 'npc.bram.short',
    expected: 'npc.bram.description',
    operator: 'strictEqual',
    diff: 'simple'
  }

test at kernel/ts/test/locks.test.ts:194:1
✖ the GameView shows a lid, the verbs step accepts on it and what is in reach inside (3.63625ms)
  AssertionError [ERR_ASSERTION]: Expected values to be strictly deep-equal:
  + actual - expected
  ... Skipped lines
  
    {
      actions: [
        {
          action_key: 'open',
          available: true,
  ...
      ],
  +   description: 'item.sewing_box.short',
  -   description: 'item.sewing_box.description',
      id: '15349791-fa65-81f7-b378-bb8212b808d2',
      kind: 'item',
      name: 'item.sewing_box.short',
      state: 'closed'
    }
  
      at TestContext.<anonymous> (file://<worktree>/kernel/ts/test/locks.test.ts:196:10)
      at Test.runInAsyncScope (node:async_hooks:227:14)
      at Test.run (node:internal/test_runner/test:1402:25)
      at Test.processPendingSubtests (node:internal/test_runner/test:974:18)
      at Test.postRun (node:internal/test_runner/test:1542:19)
      at Test.run (node:internal/test_runner/test:1467:12)
      at async Test.processPendingSubtests (node:internal/test_runner/test:974:7) {
    generatedMessage: true,
    code: 'ERR_ASSERTION',
    actual: { id: '15349791-fa65-81f7-b378-bb8212b808d2', name: 'item.sewing_box.short', description: 'item.sewing_box.short', kind: 'item', state: 'closed', actions: [ [Object], [Object] ] },
    expected: { id: '15349791-fa65-81f7-b378-bb8212b808d2', name: 'item.sewing_box.short', description: 'item.sewing_box.description', kind: 'item', state: 'closed', actions: [ [Object], [Object] ] },
    operator: 'deepStrictEqual',
    diff: 'simple'
  }
