✔ a fresh world mints NPCs then items after the details and places each (2.948209ms)
✔ take proposes one transfer to the body and item_acquired, at the Python state hash (3.209042ms)
✔ drop leaves the item in the room with item_dropped; give hands it to the NPC (0.859208ms)
✔ each bad take, drop and give is rejected with its code and consumes nothing (3.347167ms)
✔ the containment invariants fail on a broken world (0.325125ms)
✔ containment_acyclic is linear in the items of one room (33.829625ms)
✔ a transfer past a capacity or into its own contents faults and commits nothing (0.455917ms)
✔ has_item holds for an item the actor carries, also inside a carried container (0.575792ms)
✔ target resolution names items and NPCs in the room and items the actor holds (0.659959ms)
✔ look with a target_id examines an item or NPC here or held, else not_present (1.439541ms)
✔ scan lists the NPCs and items in each room beyond, and changes nothing (0.411ms)
✔ a fresh world mints one holder per declared slot after the job, in slot-key order (18.359208ms)
✔ a cartridge with equipment@1 but no slot keeps its ids and fresh state (8.875084ms)
✔ wear and remove by invocation, with their refusals (8.26525ms)
✔ the GameView lists the slots in order and wear and remove only where step accepts them (4.751334ms)
✔ a worn item cannot be dropped, given or taken (2.859542ms)
✔ two items in one holder fail containment_acyclic (2.192167ms)
✔ a cartridge remove and its alias list on and remove a worn item (4.825334ms)
✔ a targetless wear alias is not listed, and the invariant refuses a view listing it (2.389375ms)
✔ the chapter walk: lids opened, unlocked and closed by invocation, take through them (30.447667ms)
✔ a door verb names exactly one barrier: each bad shape is refused with its code (10.947167ms)
✔ a key inside a held, locked trunk still unlocks it (has_item unchanged) (2.507167ms)
✔ the GameView shows a lid, the verbs step accepts on it and what is in reach inside (6.47875ms)
✔ the loader rejects only keys that can never be reached, and checks an item barrier (14.595834ms)
✔ every contract has examples and every example validates (30.424625ms)
✔ invalid fixtures fail with exactly the listed errors (25.257708ms)
✔ the capability registry: valid entries, key@version unique, covers the chapter-one lock, all portable (0.6655ms)
✔ the capability lock encodes and hashes to the independent known answer (0.991125ms)
✔ a declared __proto__ property survives generation (0.081667ms)
✔ values outside the canonical profile are rejected at decode, before validation (0.518ms)
✔ a recursive Policy at the depth cap (0.911666ms)
✔ narration at 64 and 65 lines (0.589042ms)
✔ ambiguous candidates at 1024 and 1025 (2.3345ms)
✔ every composition-profile limit is a valid BudgetExceeded (0.268375ms)
ℹ tests 34
ℹ suites 0
ℹ pass 34
ℹ fail 0
ℹ cancelled 0
ℹ skipped 0
ℹ todo 0
ℹ duration_ms 259.110625
