$ mise exec -- npm run test:sim --prefix kernel/ts

> loka-kernel@0.0.0 test:sim
> node --test --test-reporter=${TEST_REPORTER:-spec} test/sim.test.ts

✔ two fresh ranges and regression seeds retain all sequence counts and coverage (586.337666ms)
✔ an unknown constructor action is safe to compare with admission (0.262792ms)
✔ a door verb listed under an alias key agrees with admission through its command (0.157959ms)
✔ every registered invariant is checked per step, or says why not (0.849584ms)
✔ the regression seeds, then 500 fresh sequences, keep every invariant (7513.7165ms)
ℹ generator 17; regression seeds 432 35225 1791136864905; fresh seeds 1791301327516 to 1791301328015; 503 sequences, 16744 steps; lengths 1-8, 9-16, ... 57-64: 59 58 59 69 59 60 74 65; outcomes accepted, cooldown, exit_closed, exit_locked, fault budget_exceeded, fault evaluator_error, fault nonfuture_job, insufficient_resource, invalid_state, invalid_target, not_found, not_owned, not_present, permission_denied, unsupported_capability
✔ each regression seed still issues the command type it was kept for (135.747208ms)
✔ a seed gives byte-identical steps twice in one process and in another process (834.327625ms)
✔ red control: a planted rule bug (drop puts the item inside itself) is found and shrunk (429.099125ms)
✔ red control: a job completed in the root writer group trips job_complete_owned_by_run (179.820792ms)
✔ red control: a rejection that moves the clock trips rejection_consumes_nothing (1.986875ms)
✔ red control: an unknown command type accepted trips unknown_types_fail_closed (131.540541ms)
✔ red control: a GameView that disagrees with admission trips gameview_agrees_with_admission (935.477458ms)
✔ red control: a door verb listed but refused, or accepted but unlisted, trips gameview_agrees_with_admission (2027.680416ms)
✔ red control: wear listed but refused, or remove accepted but unlisted, trips gameview_agrees_with_admission (605.445458ms)
✔ red control: a recipe shown available, or refused for another code, trips gameview_agrees_with_admission (80.468583ms)
✔ red control: an accepted decision with an unregistered event trips unknown_types_fail_closed (4.300917ms)
✔ red control: an accepted step adopted wrong, or not composing, is adopt_mismatch (373.425ms)
✔ red control: a throw inside a rule is a reported failure, not a crash of the runner (114.016958ms)
ℹ tests 18
ℹ suites 0
ℹ pass 18
ℹ fail 0
ℹ cancelled 0
ℹ skipped 0
ℹ todo 0
ℹ duration_ms 14392.12275
EXIT_STATUS=0
