$ mise exec -- elixir bin/contracts.exs --check
EXIT_STATUS=0
$ mise exec -- ./kernel/ts/node_modules/.bin/tsc -p kernel/ts/test/tsconfig.json --noEmit
EXIT_STATUS=0
$ mise exec -- node --test kernel/ts/test/c4_schema_contracts.test.ts kernel/ts/test/combat_contracts.test.ts kernel/ts/test/c4_pack.test.ts kernel/ts/test/c4_pack_composition.test.ts kernel/ts/test/c4_pack_flight.test.ts
✔ night admission visits each of six fixed slots once (20.081542ms)
✔ attack H2 admits both exact co-present hounds with H2 as primary (11.48325ms)
✔ admission omits an already engaged helper while retaining the free target (16.414875ms)
✔ one pack round rotates the cursor and keeps one current job (10.894625ms)
✔ two healthy rounds use the selected helper for its actual attack (7.858375ms)
✔ due pruning repairs a departed primary before the player opportunity (6.314125ms)
✔ an empty due roster closes once and narrates pack withdrawal (6.897875ms)
✔ player Flee closes the whole roster and cancels its sole future round (6.257084ms)
✔ player-first selected death skips retaliation and repairs to the surviving helper (8.270667ms)
✔ even-round player death closes every pack member before shrine return (8.828417ms)
✔ literal exact pack admission and refusals agree with both independent guards (10.61625ms)
✔ a legal transfer and stamp remain composable before their round exit is appended (0.209167ms)
✔ strictly wounded selected hound flies with its pelt before either attack (24.23925ms)
✔ HP2 of maximum8 remains and attacks at the strict 25 percent boundary (8.374667ms)
✔ a player-first hit can wound the selected hound into flight before its turn (13.66625ms)
✔ even-round helper flight still gives the player one attack on the healthy primary (12.828583ms)
✔ no legal area exit keeps the wounded hound in combat (6.60575ms)
✔ both real same-deadline job orders leave the fled hound and pelt at its destination (13.864417ms)
✔ C4 pack bounds and required fields reject invalid declarations (3.911958ms)
✔ C4 encounter roster caps reject 65 members (0.944625ms)
✔ C4 CombatView roster bounds and member identity reject malformed rows (0.55425ms)
✔ C4 population flight clock rejects negative time (0.133542ms)
✔ combat contracts match the independent shared boundary corpus (12.140458ms)
ℹ tests 23
ℹ suites 0
ℹ pass 23
ℹ fail 0
ℹ cancelled 0
ℹ skipped 0
ℹ todo 0
ℹ duration_ms 493.848125
EXIT_STATUS=0
$ mise exec -- mix test test/loka/content_missing_child_test.exs test/loka/core/c4_pack_composition_test.exs --force
Compiling 72 files (.ex)
Generated loka app
Running ExUnit with seed: 245806, max_cases: 16

.........
Finished in 1.9 seconds (1.9s async, 0.00s sync)

Result: 9 passed
EXIT_STATUS=0
