............X..

Failed tests:

✖ even-round helper flight still gives the player one attack on the healthy primary (6.240292ms)
  AssertionError [ERR_ASSERTION]: Expected values to be strictly deep-equal:
  + actual - expected
  
  + []
  - [
  -   [
  -     '3d4829ad-9e43-81ef-bc10-66b1b267e157',
  -     '00a60498-0ca6-8137-8172-7101d3767e0c'
  -   ]
  - ]
  
      at TestContext.<anonymous> (repo/kernel/ts/test/c4_pack.test.ts:414:10)
      at Test.runInAsyncScope (node:async_hooks:227:14)
      at Test.run (node:internal/test_runner/test:1402:25)
      at Test.processPendingSubtests (node:internal/test_runner/test:974:18)
      at Test.postRun (node:internal/test_runner/test:1542:19)
      at Test.run (node:internal/test_runner/test:1467:12)
      at async Test.processPendingSubtests (node:internal/test_runner/test:974:7) {
    generatedMessage: true,
    code: 'ERR_ASSERTION',
    actual: [],
    expected: [ [ '3d4829ad-9e43-81ef-bc10-66b1b267e157', '00a60498-0ca6-8137-8172-7101d3767e0c' ] ],
    operator: 'deepStrictEqual',
    diff: 'simple'
  }
