Resolving Hex dependencies...
Resolution completed in 0.012s
Unchanged:
  boundary 0.11.0
  bunt 1.0.0
  credo 1.7.19
  file_system 1.1.1
  jason 1.4.5
All dependencies have been fetched
No cycles found
Running ExUnit with seed: 409375, max_cases: 16

............................................................................................................................................................................................................................................................................................................................................................................
Finished in 18.5 seconds (18.5s async, 0.06s sync)

Result: 364 passed
Checking 141 source files (this might take a while) ...

Please report incorrect results: https://github.com/rrrene/credo/issues

Analysis took 0.1 seconds (0.08s to load, 0.06s running 4 checks on 141 files)
1528 mods/funs, found no issues.

Use `mix credo explain` to explain issues, `mix credo --help` for options.
lib/loka/content/checks.ex:1: info: size: allow 392, transport, population and dream refs join the shared checked expansion boundary
lib/loka/content/dialogues.ex:1: info: size: allow 370, scene-triggered chapter point refs join dialogue trigger checks
lib/loka/content/population.ex:43: defp plan_errors, 47 lines, limit 40
lib/loka/content/scenes.ex:1: info: size: allow 320, action-started scenes validate source and end exports beside modal rules
lib/loka/core/compose.ex:1: info: size: allow 340, typed patrol, terminal quests and final birth admission share portable composition
lib/loka/core/compose.ex:1: file, 421 lines, limit 340
lib/loka/core/creation.ex:78: info: size: allow 55, one final birth-group guard; ponytail: split only for another bundle. # credo:disable-for-next-line /ABCSize|CyclomaticComplexity/
lib/loka/core/invariants.ex:1: info: size: allow 330, independent patrol and retirement pairing joins precondition replay
lib/loka/core/invariants_creation.ex:62: info: size: allow 55, independent birth oracle; ponytail: split only for another bundle. # credo:disable-for-next-line /ABCSize|CyclomaticComplexity/
lib/loka/core/invariants_encounter.ex:1: file, 390 lines, limit 300
test/loka/core/compose_test.exs:1: info: size: allow 520, patrol and liquid cases share the existing randomized differential pool

Full gate exit: 1
