✖ literal exact pack admission and refusals agree with both independent guards (5.700041ms)
✔ a legal transfer and stamp remain composable before their round exit is appended (0.162208ms)
ℹ tests 2
ℹ suites 0
ℹ pass 1
ℹ fail 1
ℹ cancelled 0
ℹ skipped 0
ℹ todo 0
ℹ duration_ms 124.630042

✖ failing tests:

test at kernel/ts/test/c4_pack_composition.test.ts:22:1
✖ literal exact pack admission and refusals agree with both independent guards (5.700041ms)
  AssertionError [ERR_ASSERTION]: flight-at-due-before-later-elapsed-endpoint
  + actual - expected
  
    {
  +   fault: {
  +     code: 'precondition_failed',
  +     kind: 'fault',
  +     target: {
  +       kind: 'clock'
  -   changes: [
  -     {
  -       target: {
  -         encounter_id: '00000006-0000-4000-8000-000000000000',
  -         kind: 'encounter'
  -       },
  -       value: {
  -         active_ids: [
  -           '00000004-0000-4000-8000-000000000000'
  -         ],
  -         body_id: '00000002-0000-4000-8000-000000000000',
  -         character_id: '00000001-0000-4000-8000-000000000000',
  -         job_id: '00000008-0000-4000-8000-000000000000',
  -         next_opponent_id: '00000004-0000-4000-8000-000000000000',
  -         npc_id: '00000004-0000-4000-8000-000000000000',
  -         room_id: '00000005-0000-4000-8000-000000000000',
  -         round: 2,
  -         status: 'open'
  -       }
        },
  +   }
  -     {
  -       target: {
  -         entity_id: '00000003-0000-4000-8000-000000000000',
  -         kind: 'containment'
  -       },
  -       value: '00000009-0000-4000-8000-000000000000'
  -     },
  -     {
  -       target: {
  -         kind: 'clock'
  -       },
  -       value: 11
  -     },
  -     {
  -       target: {
  -         kind: 'population_slot',
  -         plan: {
  -           cartridge_id: 'lantern',
  -           cartridge_version: '0.1.0',
  -           key: 'wolves',
  -           kind: 'population'
  -         },
  -         slot: 1
  -       },
  -       value: {
  -         generation: 1,
  -         last_flight_at: 10,
  -         member_id: '00000003-0000-4000-8000-000000000000',
  -         replacement_due: null
  -       }
  -     }
  -   ]
    }
  
      at TestContext.<anonymous> ([WORKTREE]/kernel/ts/test/c4_pack_composition.test.ts:26:12)
      at Test.runInAsyncScope (node:async_hooks:227:14)
      at Test.run (node:internal/test_runner/test:1402:25)
      at Test.start (node:internal/test_runner/test:1262:17)
      at startSubtestAfterBootstrap (node:internal/test_runner/harness:387:17) {
    generatedMessage: false,
    code: 'ERR_ASSERTION',
    actual: { fault: { kind: 'fault', code: 'precondition_failed', target: [Object] } },
    expected: { changes: [ [Object], [Object], [Object], [Object] ] },
    operator: 'deepStrictEqual',
    diff: 'simple'
  }

Mutant exit: 1
