Compiling 66 files (.ex)
    warning: variable "opted" is unused (if the variable is not meant to be used, prefix it with an underscore)
    │
 29 │     opted = is_map(get_in(spec || %{}, ["plan", "pack"]))
    │     ~~~~~
    │
    └─ lib/loka/core/compose_encounter.ex:29:5: Loka.Core.ComposeEncounter.admission_shape?/2

     warning: clauses with the same name and arity (number of arguments) should be grouped together, "defp encounter/3" was previously defined (lib/loka/core/invariants_encounter.ex:104)
     │
 131 │   defp encounter(op, encounters, ctx) do
     │        ~
     │
     └─ lib/loka/core/invariants_encounter.ex:131:8

Generated loka app
Running ExUnit with seed: 402872, max_cases: 16

.

  1) test literal exact pack admission and refusals agree with both independent guards (Loka.Core.C4PackCompositionTest)
     test/loka/core/c4_pack_composition_test.exs:19
     pack-open-cannot-omit-roster
     code: for c <- @fixture["cases"] do
     stacktrace:
       test/loka/core/c4_pack_composition_test.exs:23: anonymous fn/2 in Loka.Core.C4PackCompositionTest."test literal exact pack admission and refusals agree with both independent guards"/1
       (elixir 1.20.4) lib/enum.ex:2622: Enum."-reduce/3-lists^foldl/2-0-"/3
       test/loka/core/c4_pack_composition_test.exs:20: (test)


Finished in 0.05 seconds (0.05s async, 0.00s sync)

Result: 1/2 passed
Failed: 1 test
