✔ E1 inventory retains slash-bearing v042 definition roots (210.376834ms)
✔ E1 world settings retain semantic gates and refuse unknown keys (29.662458ms)
✔ E1 command refuses a different admitted candidate (983.896667ms)
✔ E1 command fails an unknown applicability obligation (833.619833ms)
✔ retained repro rechecks the invariant and refuses incomplete or changed inputs (1008.876209ms)
(node:62594) [MODULE_TYPELESS_PACKAGE_JSON] Warning: Module type of file://[local-path] is not specified and it doesn't parse as CommonJS.
Reparsing as ES module because module syntax was detected. This incurs a performance overhead.
To eliminate this warning, add "type": "module" to [local-path]
(Use `node --trace-warnings ...` to show where the warning was created)
✔ E1 SQLite case requires complete fault schedule and committed commands (1312.891792ms)
✔ E1 binds only the witnessed study_tracks consequence after semantic replay (2881.682959ms)
✔ E1 witnesses an opened dialogue and only its accepted choice (587.47025ms)
(node:62595) [MODULE_TYPELESS_PACKAGE_JSON] Warning: Module type of file://[local-path] is not specified and it doesn't parse as CommonJS.
Reparsing as ES module because module syntax was detected. This incurs a performance overhead.
To eliminate this warning, add "type": "module" to [local-path]
(Use `node --trace-warnings ...` to show where the warning was created)
✔ E1 optional quest debt-on_time survives SQLite reopen and deterministic repetition (3401.185ms)
✔ E1 optional quest dream-follow_fox survives SQLite reopen and deterministic repetition (3010.516416ms)
✔ E1 optional quest dream-wake survives SQLite reopen and deterministic repetition (2732.681958ms)
(node:62596) [MODULE_TYPELESS_PACKAGE_JSON] Warning: Module type of file://[local-path] is not specified and it doesn't parse as CommonJS.
Reparsing as ES module because module syntax was detected. This incurs a performance overhead.
To eliminate this warning, add "type": "module" to [local-path]
(Use `node --trace-warnings ...` to show where the warning was created)
✔ E1 fresh authority route visits 57 literal rooms and reopens before each joined consumer (11281.535583ms)
(node:62597) [MODULE_TYPELESS_PACKAGE_JSON] Warning: Module type of file://[local-path] is not specified and it doesn't parse as CommonJS.
Reparsing as ES module because module syntax was detected. This incurs a performance overhead.
To eliminate this warning, add "type": "module" to [local-path]
(Use `node --trace-warnings ...` to show where the warning was created)
✔ E1 watch rounds cold reopen and replay the four literal post-start checkpoints (7490.946625ms)
(node:62598) [MODULE_TYPELESS_PACKAGE_JSON] Warning: Module type of file://[local-path] is not specified and it doesn't parse as CommonJS.
Reparsing as ES module because module syntax was detected. This incurs a performance overhead.
To eliminate this warning, add "type": "module" to [local-path]
(Use `node --trace-warnings ...` to show where the warning was created)
✔ E1 wisp-ward cold reopens and replays its literal consequences (4757.182125ms)
✔ E1 infirmary-herbs cold reopens and replays its literal consequences (9910.097041ms)
ℹ tests 15
ℹ suites 0
ℹ pass 15
ℹ fail 0
ℹ cancelled 0
ℹ skipped 0
ℹ todo 0
ℹ duration_ms 15876.791333
