kernel/ts/play/main.ts:2: info: size: allow 315, one terminal session: its loop, each command's dispatch and the replay
kernel/ts/src/commands/action_input.ts:27: function accepts, 43 lines, limit 40
kernel/ts/src/content/cartridge_dialogues.ts:192: info: size: allow 52, one authored option validates its mutually constrained effects together
kernel/ts/src/content/cartridge_refs.ts:161: info: size: allow 60, reference checks retain the existing ordered stage plus carrying opt-in checks
kernel/ts/src/foundation/compose.ts:106: info: size: allow 44, exhaustive dispatch over closed liquid, choice and patrol operations
kernel/ts/src/foundation/compose_patrol.ts:6: info: size: allow 60, full-prior row and closed attempt lifecycle share one portable precondition
kernel/ts/src/foundation/validate.ts:86: info: size: allow 55, closed-keyword dispatch includes scene trigger alternatives
kernel/ts/src/mechanics/containment/rule.ts:28: info: size: allow 52, finite Harvest joins the existing conserved-transfer decision
kernel/ts/src/mechanics/containment/shared.ts:158: info: size: allow 50, one bounded pair query keeps source, reach, lid, ancestry and capacity admission together
kernel/ts/src/mechanics/dialogue/exchange.ts:31: info: size: allow 50, shared funded readiness rechecks exact bound stock and final load
kernel/ts/src/mechanics/dialogue/rule.ts:152: info: size: allow 60, one choice lowers its bound quest, custody, payment and events atomically
kernel/ts/src/mechanics/dialogue/shared.ts:85: info: size: allow 55, dialogue availability and bound custody share one admission check
kernel/ts/src/mechanics/dialogue/shared.ts:202: info: size: allow 55, exact drawn choice input shares keyed admission and mechanic eligibility
kernel/ts/src/mechanics/quest/lifecycle.ts:43: info: size: allow 45, exact retirement joins bound activation and optional deadline scheduling
kernel/ts/src/mechanics/reaction.ts:60: info: size: allow 58, one ordered delivery lowers fact assignments and quest effects
kernel/ts/src/mechanics/schedule/rule.ts:27: info: size: allow 45, schedule dispatch retains its due job and elapsed clock paths
kernel/ts/src/mechanics/schedule/rule.ts:70: info: size: allow 50, one expiry checks its bound occurrence and commits status, trust and job together
kernel/ts/src/mechanics/transport/shared.ts:42: info: size: allow 50, exact transport admission joins conserved fare with body and bound follower custody
kernel/ts/src/runtime/fresh.ts:122: function started, 41 lines, limit 40
kernel/ts/src/runtime/invariants.ts:1: info: size: allow 315, independent retirement pairing joins precondition replay
kernel/ts/src/runtime/invariants.ts:198: info: size: allow 46, independent retirement pairing joins existing ordered precondition replay
kernel/ts/src/runtime/invariants_patrol.ts:28: info: size: allow 50, independent lifecycle proof covers every retained attempt transition
kernel/ts/src/runtime/proposal.ts:1: info: size: allow 315, typed quest reactions join the existing FIFO admission/causation path
kernel/ts/src/runtime/proposal.ts:215: info: size: allow 45, one existing FIFO loop admits typed quest reaction deliveries
kernel/ts/src/view/action_lists.ts:44: info: size: allow 60, one composed ActionSet/query context projects item and exact-subject Notice offers
kernel/ts/src/view/action_lists.ts:142: info: size: allow 50, exact detail harvest joins shared action admission and projection
kernel/ts/src/view/transports.ts:7: function transportOffer, 46 lines, limit 40
kernel/ts/test/containment.test.ts:1: info: size: allow 555, containment and carrying behavior share the same minimal custody fixture
kernel/ts/test/dialogue.test.ts:1: info: size: allow 603, dialogue@1's rule and loader checks, story points included, share the ferry harness
kernel/ts/test/sim.ts:1: info: size: allow 515, the existing headless action generator also consumes exact service offers
