
> loka-app@0.0.0 test
> node --test --test-reporter=${TEST_REPORTER:-spec} "../authority/**/*.test.ts" "book/*.test.ts" "*.test.ts"

✔ ../authority/local-story/__tests__/elapsed-host.test.ts (804.638291ms)
✔ ../authority/local-story/__tests__/reward-host.test.ts (1201.670375ms)
✔ bell-first loss survives real rollback-journal SQLite reopen after every scene line (823.424958ms)
✔ forged lost quest without Ring receipt gives typed save corruption (200.98175ms)
✔ late Ring keeps both Q2 returns playable through cold reopen (1358.935416ms)
✔ both completed returns keep Silence and its two scene lines through cold reopen (1221.881ms)
✔ fox terminal requires its own committed Silence receipt (231.834667ms)
✔ Silence receipt rejects foreign actors on linked fact events (460.741708ms)
✔ Silence receipt binds its action, actor and scene cause (1631.433625ms)
✔ fox terminal rejects contradictory saved rows without repairing them (663.558416ms)
✔ Silence COMMIT uncertainty settles once and its exact receipt replays unchanged (377.590542ms)
✔ late Ring rejects a receipt with an extra Q2 loss transition (190.243792ms)
✔ bell save contradictions offer typed recovery without changing saved rows (1671.600625ms)
✔ linked Ring receipt fields reject controlled forgeries without repairing rows (3936.255ms)
✔ Ring COMMIT uncertainty settles to one complete outcome and one replayable receipt (641.913959ms)
✔ saved custody cycle faults in step (950.99075ms)
✔ saved custody cycle faults in list (1040.696083ms)
✔ saved custody cycle faults in barrier (1091.915958ms)
✔ Take and item-barrier reach preserve the spent decision budget (559.671042ms)
✔ a closed ancestor refuses reach before the hidden cycle (10.102041ms)
✔ saved B2 acceptance and funded turn-in reopen with their exact rows (301.514958ms)
✔ reopen refuses a missing bound expiry job (96.872833ms)
✔ expired B2 obligation reopens with one trust penalty (134.917917ms)
✔ on-time saved axis must agree with its turn-in receipt (86.195917ms)
✔ on-time receipt balances must match funded and saved rows (180.026875ms)
✔ expiry receipt trust scope must name its bound actor (208.074708ms)
✔ reopen derives Reeds from the saved trigger choice, equal to headless play (96.922541ms)
✔ real SQLite reopens Attack and both M4 A rounds with original receipt replay (374.191459ms)
✔ a real rat kill commits corpse and preacceptance credit together and reopens exactly (13.821208ms)
✔ actual lethal combat returns empty-handed and ordinary six-exit journey recovers corpse roots (146.167792ms)
✔ genuine FULL and both unknown-COMMIT outcomes fence a real fatal round (153.819542ms)
✔ saved encounter corruption refuses before exposing play without repairing rows (167.870959ms)
✔ input at the due deadline settles lethal combat before attempting Flee (51.001792ms)
✔ random Flee destination and RNG reopen and replay one SQLite receipt (52.466375ms)
✔ scheduled opponent departure reopens and reconciles before a harmless due combat round (122.957334ms)
✔ real SQLite reopens buy before acceptance, active, and both chronological payout orders (836.262125ms)
✔ purchase receipt retry, sale and buyback cold reopen one exact item and conserved pennies (340.665167ms)
✔ buy under an active and expired S2 retains the exact ledger and pending/failure truth (179.027917ms)
✔ cold open refuses omitted debit, wrong recipient, false prior balance and reversed receipt order (654.323875ms)
✔ shop failed COMMIT and both unknown outcomes retain all prior or all next rows (438.616ms)
✔ satchel Put/Take is immediately useful but active S2 ancestor Sell is refused (364.700417ms)
✔ v018 ID pin binds the spawned world, purchased torch and worn slot after cold reopen (107.035208ms)
✔ corpse identity, worn roots and shrine return reopen atomically and receipt replay allocates nothing (120.6825ms)
✔ an older release list refuses the corpse release without rewriting it (233.291125ms)
✔ real FULL, failed COMMIT and committed-unknown COMMIT preserve all prior or all next corpse rows (125.178417ms)
✔ save load refuses missing identity, unknown template and illegal corpse custody without repair (258.356375ms)
✔ base1000 accounting preserves exact safe boundary quotients and rejects target overflow (3.056541ms)
✔ 9ms and reopened 11ms commit one unit and preserve the durable fractional account (246.0335ms)
✔ negative wall resume rebases without credit then credits the next 20ms (6.095125ms)
✔ a fixed 36hour horizon commits all four daily boundaries in order (36.951458ms)
✔ sixteen segments yield and one reserved input completes at its original finite horizon (232.638291ms)
✔ a current choice crossing departure refuses presence while Leave still closes its continuation (84.521ms)
✔ preexisting stale input does not account time and synchronous success emits no completion (11.980292ms)
✔ trusted explicit v2 advance raises its durable target and missing checkpoints refuse (37.605625ms)
✔ an elapsed managed session without clocks fails with a typed refusal (38.823375ms)
✔ resume extends durable target debt rather than a lagging head (13.638458ms)
✔ unexpected closed checkpoint evidence blocks play as corrupt until confirmed Start over (63.147875ms)
✔ a valid durable replacement invalidates an old fenced clock and input without writes (37.581958ms)
✔ malformed v2 checkpoints and heads refuse without rewriting their progress (297.699375ms)
✔ a managed v1 upgrade starts its durable account at the actual opening clocks (71.026166ms)
✔ a committed unknown elapsed segment with corrupt checkpoint completes its input as blocked (34.0375ms)
✔ a valid replacement during unknown positive elapsed invalidates the old pending input (46.547ms)
✔ a private reservation rejects another intent and retains its original bounded input (142.106583ms)
✔ terminal v1 upgrade recovery waits for real SQLite rollback closure before Start over (48.688583ms)
✔ resumed wall survives fractional reconciliation and invalid/stale preflight before a new input (283.187333ms)
✔ a new reservation waits for its actual resumed horizon and yields after sixteen boundaries (144.69525ms)
✔ resume remains armed after fixed A completes and another intent cannot steal its result (79.670167ms)
✔ elapsed receipt survives reopen and replays its first result after later clock commits (220.299375ms)
✔ old run elapsed refuses before receipt lookup after replacement without Host.random (62.537708ms)
✔ unknown elapsed COMMIT fences trusted and player delivery until the real receipt reconciles (44.928875ms)
✔ modal scene keeps Continue-only player controls while elapsed time commits (83.613292ms)
✔ malformed stored command JSON conflicts without state or receipt changes (32.294959ms)
✔ malformed stored response JSON conflicts without state or receipt changes (22.17925ms)
✔ healthy elapsed delivery preserves actual SQLite receipt-read failures (26.008792ms)
✔ a worn cap is still worn after reopen, in the state the headless kernel reaches (140.059ms)
✔ seed 12: every fault leaves the prior or next revision and the run ends unchanged (4155.499167ms)
✔ seed 366: every fault leaves the prior or next revision and the run ends unchanged (3620.206791ms)
✔ seed 30636: every fault leaves the prior or next revision and the run ends unchanged (4021.802291ms)
✔ seed 300: every fault leaves the prior or next revision and the run ends unchanged (4503.413334ms)
✔ seed 622: every fault leaves the prior or next revision and the run ends unchanged (1971.5745ms)
✔ seed 9633: every fault leaves the prior or next revision and the run ends unchanged (2268.342958ms)
✔ seed 2841: every fault leaves the prior or next revision and the run ends unchanged (3075.365917ms)
✔ seed 454: every fault leaves the prior or next revision and the run ends unchanged (3444.739708ms)
✔ seed 172: every fault leaves the prior or next revision and the run ends unchanged (3379.881459ms)
✔ seed 49: every fault leaves the prior or next revision and the run ends unchanged (1865.619292ms)
✔ seed 211: every fault leaves the prior or next revision and the run ends unchanged (1872.9605ms)
✔ seed 1595: every fault leaves the prior or next revision and the run ends unchanged (1826.502875ms)
✔ seed 337982: every fault leaves the prior or next revision and the run ends unchanged (1985.641209ms)
✔ seed 105497: every fault leaves the prior or next revision and the run ends unchanged (1830.608292ms)
✔ seed 81: every fault leaves the prior or next revision and the run ends unchanged (2646.34525ms)
✔ seed 130: every fault leaves the prior or next revision and the run ends unchanged (1801.754958ms)
✔ seed 54: every fault leaves the prior or next revision and the run ends unchanged (1613.335208ms)
✔ hand-checked anchors (29.749459ms)
✔ views, a reopen and a changed host clock leave the play_time clock and world as they were (111.169958ms)
✔ backward-anchor metadata accounts reconcile exact prior or next real SQLite evidence (12.596292ms)
✔ failed and lost-ack positive elapsed commits reconcile head receipt and checkpoint together (12.054541ms)
✔ real SQLITE_FULL rolls back elapsed evidence and retries its unchanged candidate (5.593042ms)
✔ a timer completes an unknown player receipt before sampling and emits it once (5.822ms)
✔ process kill before and after elapsed COMMIT leaves entirely prior or next and reopens once (520.966625ms)
✔ acknowledged Green finale reopens at every line and exports one report (1584.521042ms)
✔ real SQLite reopens every immediate occurrence, exact replay and later ordinary bandage custody (1695.684875ms)
✔ failed and lost COMMIT exchange outcomes reconcile all-prior or all-next rows (682.472125ms)
✔ exchange history corruption refuses without rewriting the SQLite rows (1102.047542ms)
✔ accepted herbs can be dropped, reopened and retrieved for the same exact occurrence (203.56275ms)
✔ B2 and S9 faction receipts reopen in both composed orders without changing pennies (709.492541ms)
✔ reacceptance retirement and fresh activation reconcile as one real SQLite commit (973.226ms)
✔ randomly seeded B5 lineage reopens and Start over preserves the drawn seed (260.532166ms)
✔ trusted elapsed reopens before S9 and reaches the actual herb exchange consumer (460.369417ms)
✔ reopen recomputes possession text and retains earned text after the oar is dropped (40.545625ms)
✔ openStory.invoke refuses a failing chat on Bram by its key (65.172125ms)
✔ lantern-carry plays as its frozen trace; its story point reaches the run's account once (114.168958ms)
✔ lantern-leave plays as its frozen trace; its story point reaches the run's account once (83.630208ms)
✔ an old run's view token is stale after a new game, at the same revision (10.949416ms)
✔ adverse early-possession (100.343375ms)
✔ adverse drop-after-choice-opened (42.712ms)
✔ adverse walked-away-rejects-new-choice (42.852917ms)
✔ adverse walked-away-keeps-receipt (40.174875ms)
✔ adverse altered-choice (120.535375ms)
✔ adverse choice-rollback (63.214708ms)
✔ adverse choice-unknown-commit-absent (120.103375ms)
✔ adverse choice-unknown-commit-committed (44.132708ms)
✔ adverse commit-before-display (749.612ms)
✔ adverse reading-has-no-effect (36.657042ms)
✔ adverse stale-choice-and-blocked-exit (28.166792ms)
✔ a choice committed with its acknowledgement lost recovers to its receipt, reported once (40.427083ms)
✔ actual torch oil and nested intervals survive cold reopen and sell/buyback with conserved pennies (485.229667ms)
✔ real failed and unknown refill commits reconcile the entire writer group and exact retry (475.032958ms)
✔ corrupt fuel and forged refills refuse without repairing SQLite (619.612541ms)
✔ dark lethal combat cold reopens and permits the gear-free owner corpse walk and exact recovery (504.626792ms)
✔ a light-only cartridge reopens lawful refill history and rejects a bounded forged charge (61.121333ms)
✔ undeclared fuel rows refuse in a cartridge without light metadata and leave SQLite untouched (12.747084ms)
✔ Book binds the exact oil bottle and keeps worn torch controls on the item (56.741584ms)
✔ Book owns authored Refuel aliases on their source and preserves exact invocation identity (155.091708ms)
✔ the app path passes the random source: the pinned context is not the template (41.961167ms)
✔ two new games draw their own seed and world context, pinned and in the trace header (4.788167ms)
✔ a reopen rebuilds the ids from the pinned context: first open, Start over, app update (25.056875ms)
✔ luck replays: the drawn seed is the RNG, and a reopen picks as the same process did (12.071583ms)
✔ a save from before c1-host opens unchanged and plays on (24.031291ms)
✔ a pinned context that is not a WorldContextId is save_corrupt (3.448ms)
✔ production empty, filled, partial Pour, empty, nested, ground and shop custody reopen exactly (2408.059959ms)
✔ cold open refuses missing, extra, malformed and plausible bounded liquid rows without repair (2298.275542ms)
✔ cold open binds every liquid receipt to its historical command, source and complete ordered rows (3609.626208ms)
✔ Pour failed COMMIT and lost acknowledgement fence liquid then reconcile and replay once (729.927834ms)
✔ actual fatal combat cold reopens the filled shell on its corpse then ordinary recovery (916.496542ms)
✔ cold open rejects consistent command/event rewrites that cannot derive from the original invocation (326.054291ms)
✔ a tiny world survives a restart with the same state (25.107667ms)
✔ a retried consumed take replays its receipt; altered intent is a conflict (8.24525ms)
✔ a failed attempt and a rejection persist; their retries draw nothing (18.240166ms)
✔ a fault changes nothing and gets no receipt (11.514667ms)
✔ a lost COMMIT acknowledgement reconciles to the committed receipt (8.99875ms)
✔ a genuinely failed COMMIT reconciles to not committed; the retry is a fresh attempt (9.989667ms)
✔ while the COMMIT outcome is unknown every call is fenced; a restart settles it (8.221417ms)
✔ a process killed after COMMIT restarts with the take once and its trace entry once (1191.699792ms)
✔ a definite failure is traced once; a failed trace write changes nothing (13.261666ms)
✔ while the trace is behind no later entry overtakes a missed one (10.186333ms)
✔ an unreadable trace never stops play or the save opening (7.347417ms)
✔ an updated kernel starts a new segment after recovering the old one (10.638875ms)
✔ a transaction a failed ROLLBACK leaves open is never read as saved nor blocks play (10.32225ms)
✔ a save does not open inside a transaction left open (3.425042ms)
✔ jobs survive a restart: waiting to 19:00 after it moves Bram as without it (12.19125ms)
✔ a recipe whose time cost runs a job replays its receipt on retry (6.281208ms)
✔ a move whose reactions commit replays its events byte for byte after a restart (27.942167ms)
✔ a recipe narration's pinned participants survive a restart and replay unchanged (9.298083ms)
✔ a talk committed, then a restart: the stored choice carries its revision and choose works (19.389917ms)
✔ production five preacceptance kills reopen into Maud reward and usable storage (373.480458ms)
✔ each of five missing actual credits refuses reward after early acceptance (689.278459ms)
✔ production Maud completion leaves World free of story-ended claims and storage usable (171.528375ms)
✔ active chapter five actual kills, shrine return, Maud reward and cold-reopen storage (524.011541ms)
✔ Q1 explicit acceptance, held drawing gate, report priority and durable once-only resolution (396.559042ms)
✔ picking up the clue first starts no quest and acceptance is immediately ready (80.968292ms)
✔ Maud offer and earned turn-in stay usable while Q1 is unaccepted (367.004792ms)
✔ Maud offer and earned turn-in stay usable while Q1 is active (225.702958ms)
✔ Maud offer and earned turn-in stay usable while Q1 is ready (158.291333ms)
✔ Maud offer and earned turn-in stay usable while Q1 is resolved (329.661375ms)
✔ Q1 acceptance, Green pickup, report and Maud offer work throughout the day (1817.564625ms)
✔ Mire Crossing and Fox Hollow offer both approaches and cold return at every hour (6958.16125ms)
✔ Q1 report atomically activates Q2; only guarded Study tracks grants its active first lead (43.40925ms)
✔ SQLite report/Study reopen and exact replay preserve active Q2 and receipt-specific history (240.299ms)
✔ malformed Study receipt evidence offers typed Start over on reopen (636.298917ms)
✔ committed combat line indices come from pinned keys and structured receipt events (5.862709ms)
✔ actual adopted rat adjustment commits, reopens pinned HP and replays without another write (43.612584ms)
✔ reopen rejects missing, malformed, or out-of-bounds NPC HP without rewriting progress (129.7415ms)
✔ SQLite FULL, failed COMMIT and lost acknowledgement preserve atomic NPC HP adoption (117.474708ms)
✔ a budget fault is one valid observation of its limit, with the ReplayIds of its decision (22.194ms)
✔ a failing observation sink changes no reply, revision, storage or retry (57.0275ms)
✔ an older save gains the sink untouched, and the sink keeps the newest 1000 records (660.763208ms)
✔ each NEW decision, accepted, rejected or fault, is one kernel.decision_latency (157.686958ms)
✔ a clock changes no reply or durable state when a COMMIT is held, then committed (47.914458ms)
✔ a real committed elapsed then ordinary local trace replays identically with header run preflight (3290.350333ms)
✔ real SQLite reopens every finite leg and explicit pause boundary (4227.866875ms)
✔ actual cellar death separates concurrent Wren, resets patrol, and permits Restart after cold reopen (4134.084709ms)
▶ full retained receipt replay refuses forged patrol rows and proofs without rewriting SQLite
  ✔ actor_id (423.067042ms)
  ✔ body_id (179.888792ms)
  ✔ npc_id (244.562041ms)
  ✔ quest_instance_id (150.702417ms)
  ✔ continuation_id (189.747959ms)
  ✔ attempt_id (195.901417ms)
  ✔ cursor (172.417583ms)
  ✔ credit (138.787833ms)
  ✔ status (305.245667ms)
  ✔ fractional (223.759333ms)
  ✔ missing (168.812ms)
  ✔ scope (138.070833ms)
  ✔ cause (153.099625ms)
  ✔ source (191.728375ms)
  ✔ lost-transition (145.985916ms)
✔ full retained receipt replay refuses forged patrol rows and proofs without rewriting SQLite (3024.05125ms)
▶ real failed and acknowledged-lost COMMIT reconcile one leader departure and exact Book retry
  ✔ failed (181.987125ms)
  ✔ lost (211.521708ms)
✔ real failed and acknowledged-lost COMMIT reconcile one leader departure and exact Book retry (393.873458ms)
▶ final player join commits movement, terminal quest and trust together across both uncertain outcomes
  ✔ failed (320.348958ms)
  ✔ lost (508.664333ms)
✔ final player join commits movement, terminal quest and trust together across both uncertain outcomes (829.437125ms)
✔ real original-Tobin C1 lessons reopen during patrol and completion grants trust alone (633.297625ms)
✔ a seated player is still sitting after reopen, in the state the headless kernel reaches (36.746541ms)
✔ Book preserves an aliased Read place offer and exact target through a live redraw (195.233834ms)
✔ a leftover transaction is settled before the trace catches up (56.672208ms)
✔ a file that is not a database or has a corrupt page is save_corrupt (91.479ms)
✔ a head with a damaged column is save_corrupt; its new game recreates the head (43.797291ms)
✔ at the cap a new game deletes the oldest run whole and keeps the current one (222.634416ms)
✔ a run alone at the cap keeps its beginning and appends no more entries (234.207667ms)
✔ a new game at the cap makes room for its header by deleting the old run (228.181834ms)
✔ a run that drops an entry pair below the cap writes nothing more (283.813834ms)
✔ catch-up at the cap boundary writes a missed entry at 4,998 rows and not at 4,999 (405.208834ms)
✔ Rest/reopen/Stand keeps literal fractions and replays the Rest receipt without writes (157.352042ms)
✔ load refuses corrupt opted rows without rewriting stored progress (50.3795ms)
✔ reconciled adoption rejects wrong authored rate and keeps the prior confirmed view (29.697333ms)
✔ bundled sampler pays MV1 and rests twice as fast before reaching its pool cap (56.237917ms)
✔ real SQLite write failures keep the pool and position together until the unchanged retry commits (15.0275ms)
✔ five actual preacceptance kills reopen into one atomic reward and identity-preserving storage (403.636459ms)
✔ real rollback, failed COMMIT and lost acknowledgement preserve complete old/new reward rows across reopen (449.19375ms)
✔ sampler invocation walk reaches all six rooms and resumes the carried ending at line two (190.450833ms)
✔ leaving the lantern resolves with the fallback journal and no carried chapter or scene (58.077875ms)
✔ a new save allocates and pins its identity; a restart and a replay reuse it (58.862042ms)
✔ a save whose pinned release is missing is refused untouched; a new game moves on (14.729833ms)
✔ a save of an unknown format is refused with nothing written and no new game (15.663042ms)
✔ a damaged identity is save_corrupt and untouched; its new game repairs it (293.397875ms)
✔ an app update reopens a save on its pinned release; new games pin the newest (9.021708ms)
✔ a save that does not parse is save_corrupt until the player starts a new game (47.689792ms)
✔ a new game replaces the save; an old invocation id is new again (11.823292ms)
✔ a new game that fails part way leaves the old save and memory (13.64775ms)
✔ a new game settles a pending attempt first, in the run it was made in (16.753959ms)
✔ a new game whose COMMIT is unknown is fenced; settling it moves play to the new run (20.907709ms)
✔ a new game whose COMMIT fails keeps the old save, memory and receipts (12.805ms)
✔ a committed new game is adopted before play; a retry does not replace it twice (15.922959ms)
✔ a corrupt save's new game settles its COMMIT like any other (21.218625ms)
✔ a new run's entries missed by the trace follow its own header (30.808458ms)
✔ a new game after a settled one replaces the save again (13.037334ms)
✔ line two survives reopen and triggering receipt retry without duplicate effects (98.386167ms)
✔ room-before-Rest, meal, partial/empty ale reopen and exact retries preserve the next real consumer (2687.005541ms)
✔ forged bounded service rows and swapped/omitted historical service evidence refuse without repair (1617.462583ms)
✔ real failed COMMIT and both uncertain outcomes keep room/meal/ale all old or all new (915.825125ms)
✔ real Book captured alias press and lost acknowledgement restore one original-Maud line (438.471792ms)
✔ S1 remains reachable beside services and same-body fatal return reopens the paid bed truth (653.681375ms)
✔ a pending start over whose retry fails shows that error, not "not confirmed" (57.367708ms)
✔ catch-up conflicts preserve the original attempt and matching retries keep its identity (147.110042ms)
✔ invalid and cyclic shared input refuses before snapshot or elapsed sampling (50.833209ms)
✔ missing elapsed columns after unknown metadata or gameplay commit block and permit explicit recovery (93.869583ms)
✔ corrupt elapsed recovery binds valid, malformed, and absent original headers without erasing a replacement (380.870708ms)
✔ loaded elapsed recovery refuses newer and malformed same-run formats without writes (153.921125ms)
✔ changed refused elapsed header classifies malformed before differing valid run and preserves newer formats (69.794917ms)
✔ a scripted session survives a restart and plays on (136.6975ms)
✔ an invalid press before a save does not make the next id collide after a restart (15.991708ms)
✔ an unknown COMMIT shows pending, not a success; a restart shows what committed (12.382583ms)
✔ a pending press is retried with its own id and replays what committed (13.812708ms)
✔ a same-scope receipt from another allocator does not move the id counter (93.940667ms)
✔ a failed write is not claimed unsaved; the next press retries it (41.76225ms)
✔ a read error after a durable commit does not commit the press twice (12.307625ms)
✔ a confirmed receipt that is not a decision is a conflict and ends the attempt (12.825ms)
✔ start over replaces a file that does not open with a fresh game (206.367333ms)
✔ start over of a damaged identity keeps the file and its old run (12.161458ms)
✔ a damaged receipt index fails the open with start over, which gives a fresh game (36.363292ms)
✔ a newer app's save is never started over (10.262458ms)
✔ a start over whose delete failed can be tried again (6.985875ms)
✔ an open that fails but not as corrupt is never started over (4.564417ms)
✔ a start over that fails during play keeps the game and its retry (122.90975ms)
✔ a pending start over leaves no game to play until it settles (14.762625ms)
✔ the gate tap script ends at its declared state, wherever the kills fall (78.350542ms)
﹣ the save copied from the phone equals the reference (0.063041ms) # SKIP
✔ a corrupt report page: Start over gives a working save (353.03725ms)
✔ a corrupt sqlite_autoindex_report_1 page: Start over gives a working save (44.291208ms)
✔ a malformed report index record: Start over gives a working save (88.501083ms)
✔ an intact report table survives Start over in place (59.647708ms)
✔ the latest committed narration is read again on reopen, from the receipts (207.363ms)
✔ an older save reopens with its narration and keeps its report on Start over (32.87075ms)
✔ a malformed receipt response: Start over keeps the pending report (58.181084ms)
✔ a narration read that fails on a lock offers no Start over (22.246625ms)
✔ a save with no body row: save_corrupt, Start over repairs it in place (25.55525ms)
✔ a save with a null choice: save_corrupt, Start over repairs it in place (71.101333ms)
✔ a save with an empty resource: save_corrupt, Start over repairs it in place (31.388542ms)
✔ a receipt narration line that is null: save_corrupt at open, Start over repairs it (45.816417ms)
✔ a receipt response that is not a decision replays as a conflict (131.043667ms)
✔ elapsed NOTADB and page corruption recover only through explicit working Start over (52.596209ms)
✔ unreadable elapsed opening refuses a newly readable replacement and waits on real SQLite uncertainty (57.263791ms)
✔ a story point reached offline is captured once, survives restart, and is delivered (64.816125ms)
✔ a run is bound once, when it starts; each of its reports carries that binding (22.071834ms)
✔ a story point whose report is malformed is not committed (8.03875ms)
✔ a pending report leaves the canonical state hash unchanged (24.994125ms)
✔ a report commits with its gameplay result or not at all (228.96225ms)
✔ a new game keeps a pending report, delivered under its original run (15.152292ms)
✔ a lost reply is retried and reads back the one acceptance (15.655292ms)
✔ an acceptance of another payload needs attention (14.1625ms)
✔ an acknowledgement that does not commit stops the batch; the next call resends it (48.330084ms)
✔ a report that always fails does not hold back the rest (23.274458ms)
✔ delivery is bounded, persists each disposition and drops nothing (48.238208ms)
✔ real SQLite cold reopen retains both lessons, exact replay, wear, Attack and defended due state (344.788292ms)
✔ forged lesson receipts and contradictory acquired rows reopen as save_corrupt without rewriting (490.935541ms)
✔ each foreign lesson event identity refuses file-backed reopen after lawful later custody (298.69825ms)
✔ real failed and lost-ack COMMIT keep all prior or all next lesson rows and retry once (78.037875ms)
✔ defense hit/loss conjunction is guarded at saved-receipt and narration boundaries (89.592583ms)
✔ trained player death cold reopens and recovers the exact worn lesson sword (110.762291ms)
✔ authored training/shop/S2 orders retain conserved pennies and trained five-rat reward/storage (11360.136166ms)
✔ paid crossing, free Sedge lesson, six-room exploration and return reopen at committed boundaries (1838.815125ms)
✔ forged ferry receipts and saved custody refuse typed corruption without changing the database (2309.40425ms)
✔ real failed and uncertain COMMIT outcomes fence paid/free crossing and lesson then replay once (3922.771834ms)
✔ Book projects an exact boarding control and restores one committed endpoint result (440.604166ms)
✔ the original following Wren crosses once without rescue credit; separated Wren stays behind (943.942416ms)
✔ actual Chapel death return reaches the dark-loft corpse without gear and retains every nested identity on cold reopen (1297.927209ms)
✔ a transport-only cartridge validates crossing receipts without another producer (95.307042ms)
✔ original message branch and terminal reopen with their own NPC narration and exact replay (362.061334ms)
✔ Drop and held-container Put reopen and recover the same item; stale handoff never prints success (262.211417ms)
✔ fatal combat and cold reopen preserve the message through ordinary corpse recovery (267.857584ms)
✔ elapsed redraw keeps an unchanged message choice usable (49.387625ms)
▶ retained delivery evidence corruption is typed even behind an unrelated latest receipt
  ✔ missing branch row (67.419208ms)
  ✔ wrong message role (79.30825ms)
  ✔ null retained source (67.75425ms)
  ✔ branch fact reset (141.435833ms)
  ✔ branch fact deleted (83.754125ms)
  ✔ message in unrelated NPC (61.632916ms)
  ✔ message nested in NPC-held container (87.644791ms)
  ✔ malformed receipt command JSON (54.536583ms)
  ✔ receipt transfer removed (74.251334ms)
  ✔ receive narration names another speaker (66.297ms)
  ✔ terminal fact event missing (115.874542ms)
  ✔ terminal status reset (109.410083ms)
  ✔ terminal message returned to actor (90.617084ms)
  ✔ terminal quest reopened (129.055166ms)
✔ retained delivery evidence corruption is typed even behind an unrelated latest receipt (1231.102625ms)
✔ failed and lost branch/terminal COMMIT keep narration and custody behind confirmed disk (323.417458ms)
✔ v012 refuses the frozen v010 SQLite save and offers explicit Start over without changing it (31.755333ms)
✔ terminal quest without a message branch refuses reopen and requires explicit Start over (144.532334ms)
✔ real SQLite reopens at counts zero one two, third close, reset and resolved ward (800.144583ms)
✔ wrong final-wrong and correct commits reconcile both real outcomes and exact replay once (968.3625ms)
✔ bounded saves refuse forged rows and wrong receipts without deleting progress (1898.528084ms)
✔ unjustified discovery and topic facts fail cold-open reconciliation (393.325542ms)
✔ receipt association checks reject forged actor source and quest independently of later save consumers (193.639625ms)
✔ cold-open verifies the ward Talk selector against its saved source (320.819083ms)
▶ malformed Q1 after rescue selection or completion offers typed recovery without replacing progress
  ✔ following row: null (194.866667ms)
  ✔ following row: false (198.777416ms)
  ✔ following row: 0 (152.028916ms)
  ✔ following row: [] (161.679917ms)
  ✔ following row: {} (138.083833ms)
  ✔ following row: {"quest":{},"scope":{}} (128.113709ms)
  ✔ following row: {"quest":true,"scope":true} (331.010125ms)
  ✔ following quest: {} (319.323792ms)
  ✔ following scope: {} (212.065541ms)
  ✔ completed row: null (287.503291ms)
  ✔ completed row: false (344.345833ms)
  ✔ completed row: 0 (421.531375ms)
  ✔ completed row: [] (272.467167ms)
  ✔ completed row: {} (346.377916ms)
  ✔ completed row: {"quest":{},"scope":{}} (297.582875ms)
  ✔ completed row: {"quest":true,"scope":true} (262.719917ms)
  ✔ completed quest: {} (319.415916ms)
  ✔ completed scope: {} (241.714417ms)
✔ malformed Q1 after rescue selection or completion offers typed recovery without replacing progress (4657.879708ms)
✔ real SQLite rescue reopens start, death separation, Rejoin and terminal with their own narration (963.154958ms)
▶ retained rescue identity, physical state and own receipts reject corruption behind a later look
  ✔ missing escort row (144.253875ms)
  ✔ substituted bound NPC (155.13325ms)
  ✔ wrong quest instance (199.086417ms)
  ✔ wrong originating continuation (177.986459ms)
  ✔ following NPC in another room (129.194042ms)
  ✔ separated without committed death (152.548416ms)
  ✔ rescue message removed from Vesper (97.322291ms)
  ✔ rescue branch changed to stays (72.93925ms)
  ✔ missing start receipt (116.427292ms)
  ✔ old start receipt missing escort transition (136.070083ms)
  ✔ forged rescued terminal without turn-in (88.714917ms)
  ✔ rescued terminal rewritten to stays (137.327084ms)
  ✔ completed Wren moved away from Elspeth (154.127333ms)
✔ retained rescue identity, physical state and own receipts reject corruption behind a later look (1780.842875ms)
✔ file-backed riddle cold opens before, after wrong and after success with exact replay/conflict (427.056ms)
✔ stored riddle command, binding and root evidence mismatches become typed save corruption (1069.046333ms)
▶ malformed retained riddle source offers typed recovery and explicit Start over
  ✔ null source (175.948458ms)
  ✔ missing source (245.541458ms)
✔ malformed retained riddle source offers typed recovery and explicit Start over (422.585125ms)
✔ answer input refreshes only across unchanged offered riddle context and reads its own eventless receipt (288.577375ms)
✔ failed and lost COMMIT answers retain the exact invocation and answer until reconciliation (526.01225ms)
✔ exit door actions keep their direction and remain separate from walking (3.441833ms)
✔ worn items and reachable nested contents offer actions on their own ids (0.935209ms)
✔ same-room actions retain projected item pages and remove pages hidden by a closed lid (0.522459ms)
✔ chapter changes queue one title which survives scene lines and acknowledgement (0.157542ms)
✔ band phrases and the hp accessibility label use the cartridge catalog (0.1945ms)
✔ scene Continue and position verbs have dedicated groups (0.119042ms)
✔ combat page lists offered controls vertically below history in one scroll (15.69025ms)
✔ committed opponent death narrates once through the existing subscription (32.777125ms)
✔ confirmed encounter foregrounds another page and closure or death restores the World (63.207291ms)
✔ Attack opens its committed page; pending and refused Flee stay until committed escape (19.324416ms)
✔ reopening an encounter restores the combat page and last committed narration (1.7345ms)
✔ reopening after escape or either death never restores combat into the World log (10.100833ms)
✔ Book patch and Wick controls use confirmed exact targets, readiness and journal state (465.397208ms)
✔ retained item results appear chronologically between description and options, empty log omitted (175.656958ms)
✔ a drag points at the exit in its 90-degree quadrant, only if that exit exists (1.539625ms)
✔ a drag inside the cancel radius points at nothing (0.249459ms)
✔ the label sits opposite the drag, and above for a kept note (1.018ms)
✔ stair nodes are reached by dragging out to them, only when the exit exists (0.11675ms)
✔ a choice opened during a drag keeps the original context stale and commits no move (178.181917ms)
✔ refused drags do not grow the log without bound (435.678375ms)
✔ web keyboard uses offered exits and keeps focused controls (2.32875ms)
✔ Book captures movement keys only on an active World page (1.427292ms)
✔ Book preserves exact water pairs and invalidates changed quantities in displayed context (679.777958ms)
✔ Book restores liquid narration on the exact saved source detail after SQLite reopen (543.692291ms)
✔ loaded liquid aliases reach exact Book presses and matching target/input/policy refusal (3616.864375ms)
✔ aliased liquid freshness refuses a stale pair after another committed drink (228.432292ms)
✔ after Bram acceptance an unchanged north drag crosses a pulse and commits exactly one move (190.082709ms)
✔ sampler Bram offers at19:00 and receives the fetched lantern the next day without waiting (112.404916ms)
✔ a captured north action never becomes north from a different origin room (90.972958ms)
✔ Maud acceptance, position and item buttons survive elapsed-only redraws (96.895166ms)
✔ an altered captured choice is refused without sending a new decision (48.31425ms)
✔ old Leave and departed Bram actions keep stale refusal after context changes (75.502625ms)
✔ a held answer refuses after its speaker departs during the elapsed pulse (56.163084ms)
✔ combat context changes refuse old Look while an unchanged encounter tolerates a pulse (73.697167ms)
✔ pending move retry adopts its original durable receipt once without a second action (23.931583ms)
✔ withdrawn or changed-context Notice controls retain their captured stale token (44.914625ms)
✔ exits, the look title, place actions and a thing page come from the right buttons (5.471958ms)
✔ position cycling skips absent offers and retains the offered freshness (0.1895ms)
✔ a touch link is shown as its label (0.176917ms)
✔ a choice's answers and Close are their own group, not place actions (0.132584ms)
✔ the character label says the hp band and no other (0.497584ms)
✔ the absent-speaker line shows only when the speaker is not here (0.18775ms)
✔ a restored choice opens its actual speaker detail or retained conversation (0.181042ms)
✔ a closed exit's log line and a capitalised title (0.128958ms)
✔ a move refused at 0 MV says the body is too exhausted (0.100666ms)
✔ a hint survives a store that throws, for this session (0.377042ms)
✔ the status line shows the double hour as its earthly branch (0.478666ms)
✔ landing detail and two board children read exact targets and pop back without navigation receipts (203.86775ms)
✔ the south search reaches the oak and returns through visible fox clues (76.204125ms)
✔ cold Continue shows the confirmed notice once and restores its return route without Read (229.407833ms)
✔ an uncertain child read keeps an empty detail until its one receipt is confirmed (81.11725ms)
✔ long elapsed redraw retains board route and a real room change prunes it (113.027625ms)
✔ notice entries use available exact-target aliases and expose unavailable reasons (137.771542ms)
✔ Elspeth stays reachable all day and her Book replies direct a newcomer along usable exits (462.191083ms)
✔ Q1 drawing opens full item detail with Take and local Leave (198.408334ms)
✔ plank and hollow open descriptive noun detail pages without story credit (82.986209ms)
✔ Study is a detail-only empty-target control after Read/history and refreshes across elapsed redraw (230.514708ms)
✔ pending Study retains its detail context and restores exactly once without World narration (211.502ms)
✔ room is focused while Map retains directions and every detail returns to the world (400.32925ms)
✔ a postcommit narration read fault preserves the saved result and clears retry context (248.022667ms)
✔ NPC history has distinct journal events and one confirmed Leave after the scrolling log (284.79275ms)
✔ only World position taps directly cycle the offered states with captured freshness (104.464625ms)
✔ an NPC choice retried from the world keeps its result in the original detail (46.818459ms)
✔ only confirmed pickup returns World, including a retry from another page (186.210625ms)
✔ touch omits incomplete Give but the complete item and recipient command remains valid (107.48475ms)
✔ inventory Drop returns World with one named event only after confirmation (96.044375ms)
✔ other item actions retain their detail and show their consequences there (48.641708ms)
✔ elapsed confirmed boundaries retain Conversation and chapter acknowledgment without page flips (209.379375ms)
✔ delayed Take returns once with its original item name after a conflicting tap (187.043625ms)
✔ delayed actual quest completion adds one authored result and Journal updated in original history (105.191708ms)
✔ actual trunk detail explains refused Take and restores its button after Remove then Drop (383.364834ms)
✔ pending and refused Take/Drop/Leave retain detail routing and unchanged custody (6.797625ms)
✔ journal cues belong only to changed NPC histories (0.419375ms)
✔ recovery removes the current heading but retains an unclassified consequence (0.205625ms)
✔ confirmed room change clears old history before adding new authored consequences (0.272416ms)
✔ World omits the routine Close fallback while retaining authored consequences (0.191167ms)
✔ a restored committed narration is not duplicated by its pending receipt retry (0.206125ms)
✔ a move rejected for want of MV says the body is too exhausted (0.107792ms)
✔ the log stops growing in one room, its last line the latest answer (3.110417ms)
✔ the save-error line says a pending start over in words and shows any other message (0.237083ms)
✔ a narration recovery fault holds combat results while their line routing is unavailable (0.46025ms)
✔ combat receipt history is once-only when completion follows an already displayed state (0.435666ms)
✔ production Read targets retain confirmed detail messages without changing state (180.35925ms)
✔ uncertain Read recovers its one receipt and narration, then reads again after cold reopen (85.719167ms)
✔ stale and refused Read retain their target and never narrate an unread body (35.8465ms)
✔ held Read survives the authored 68350 to 68400 pulse with authority freshness intact (14.598541ms)
✔ cold reopen refuses a committed Read whose stored target is malformed (257.944833ms)
✔ invalid Read JSON offers in-place Start over and leaves older pins explicitly refused (171.88625ms)
✔ Book sends the projected Put pair and original freshness through normal touch and receipt routing (274.559625ms)
✔ NPC detail tiles edit a bounded word and submit retry/correct results after history (361.169375ms)
✔ Peg detail binds exact available item, merchant and quote (351.817792ms)
✔ talk by day offers one button per choice and Close; carry narrates (173.408166ms)
✔ a second press from the same screen is a stale view and changes nothing (40.044792ms)
✔ a reopen shows the last committed narration first; a fresh game none (68.321375ms)
✔ walked away: the choices say why, Close leaves the quest open, the landing resolves it (146.395333ms)
✔ the log has story words, never a kernel code, across both endings (207.564917ms)
✔ an NPC who leaves while you stay is logged, and nothing else (58.861291ms)
✔ closed answers and a stale answer give their reason in words, not their code (81.092333ms)
✔ the Lantern gate unlocks and opens through its projected exit buttons (43.78175ms)
✔ Character draws projected attributes and acquired qualification with authored labels (1.690042ms)
✔ item equipment detail copies current typed slot/profile/requirement and block chance (0.468542ms)
✔ Book interaction teaches swords then dodge in Tobin detail and recovers each committed result once (547.93925ms)
✔ shared item detail draws confirmed fuel for lit and exhausted items (0.181792ms)
✖ the app opens and replaces only its chapter save, preserving existing Lantern and sampler saves (368.026042ms)
✔ the 0.0.9 chapter save is refused intact until explicit Start over (102.139125ms)
✔ actual App pause and resume preserve 9ms plus 11ms as exactly one logical unit (128.107916ms)
✔ actual App stops unknown storage wakeups and resumes after confirmed user recovery (69.012708ms)
✔ old App wakeups cannot mutate the same remounted Game or a replacement save (91.021959ms)
✔ git failing drops an inherited stamp (1120.789125ms)
✔ Web reads preserve bound ordered rows beyond the bulk response capacity (9.031291ms)
ℹ tests 498
ℹ suites 0
ℹ pass 496
ℹ fail 1
ℹ cancelled 0
ℹ skipped 1
ℹ todo 0
ℹ duration_ms 51638.024792

✖ failing tests:

test at chapter.test.ts:30:1
✖ the app opens and replaces only its chapter save, preserving existing Lantern and sampler saves (368.026042ms)
  AssertionError [ERR_ASSERTION]: Expected values to be strictly equal:
  + actual - expected
  
  + 'b84cd2475e29341d8b4396b228f86b48c236e7eaa07b3daa783cae954da5e9f9'
  - 'e7333f694e6ec2c9f02a39944d994d4452f26fffc5534ff217346504471e4c71'
  
      at TestContext.<anonymous> (file://<worktree>/mobile/app/chapter.test.ts:137:12)
      at Test.runInAsyncScope (node:async_hooks:226:14)
      at Test.run (node:internal/test_runner/test:1402:25)
      at Test.start (node:internal/test_runner/test:1262:17)
      at startSubtestAfterBootstrap (node:internal/test_runner/harness:387:17)
      at process.processTicksAndRejections (node:internal/process/task_queues:104:5) {
    generatedMessage: true,
    code: 'ERR_ASSERTION',
    actual: 'b84cd2475e29341d8b4396b228f86b48c236e7eaa07b3daa783cae954da5e9f9',
    expected: 'e7333f694e6ec2c9f02a39944d994d4452f26fffc5534ff217346504471e4c71',
    operator: 'strictEqual',
    diff: 'simple'
  }
