X....

Failed tests:

✖ unqualified learning persists distinct acquisition and one-time exact payment and custody (87.42975ms)
  AssertionError [ERR_ASSERTION]: Expected values to be strictly deep-equal:
  + actual - expected
  
    {
      error: {
  +     code: 'insufficient_resource'
  -     code: 'invalid_state'
      },
      kind: 'rejected'
    }
  
      at TestContext.<anonymous> (file://<worktree>/kernel/ts/test/training.test.ts:84:10)
      at Test.runInAsyncScope (node:async_hooks:227:14)
      at Test.run (node:internal/test_runner/test:1402:25)
      at Test.start (node:internal/test_runner/test:1262:17)
      at startSubtestAfterBootstrap (node:internal/test_runner/harness:387:17) {
    generatedMessage: true,
    code: 'ERR_ASSERTION',
    actual: { kind: 'rejected', error: { code: 'insufficient_resource' } },
    expected: { kind: 'rejected', error: { code: 'invalid_state' } },
    operator: 'deepStrictEqual',
    diff: 'simple'
  }
