.X...X

Failed tests:

✖ unaffordable and forged endpoint offers refuse atomically (93.844542ms)
  AssertionError [ERR_ASSERTION]: Expected values to be strictly equal:
  + actual - expected
  
  + 'accepted'
  - 'rejected'
  
      at TestContext.<anonymous> (file://<worktree>/kernel/ts/test/transport.test.ts:72:12)
      at Test.runInAsyncScope (node:async_hooks:227:14)
      at Test.run (node:internal/test_runner/test:1402:25)
      at Test.processPendingSubtests (node:internal/test_runner/test:974:18)
      at Test.postRun (node:internal/test_runner/test:1542:19)
      at Test.run (node:internal/test_runner/test:1467:12)
      at async startSubtestAfterBootstrap (node:internal/test_runner/harness:387:3) {
    generatedMessage: true,
    code: 'ERR_ASSERTION',
    actual: 'accepted',
    expected: 'rejected',
    operator: 'strictEqual',
    diff: 'simple'
  }
✖ boarding remains inspectable with a disabled offer during a real encounter (38.553583ms)
  TypeError: Cannot read properties of undefined (reading 'target')
      at transportOffer (file://<worktree>/kernel/ts/src/view/transports.ts:38:17)
      at transportActions (file://<worktree>/kernel/ts/src/view/notice_boards.ts:90:21)
      at file://<worktree>/kernel/ts/src/view/notice_boards.ts:31:16
      at Array.flatMap (<anonymous>)
      at noticeViews (file://<worktree>/kernel/ts/src/view/notice_boards.ts:19:49)
      at gameView (file://<worktree>/kernel/ts/src/view/view.ts:81:8)
      at TestContext.<anonymous> (file://<worktree>/kernel/ts/test/transport.test.ts:182:18)
      at Test.runInAsyncScope (node:async_hooks:227:14)
      at Test.run (node:internal/test_runner/test:1402:25)
      at Test.processPendingSubtests (node:internal/test_runner/test:974:18)
