....X..

Failed tests:

✖ the original following Wren crosses once without rescue credit; separated Wren stays behind (340.743208ms)
  AssertionError [ERR_ASSERTION]: {"kind":"save_corrupt"}
  + actual - expected
  
  + 'save_corrupt'
  - 'open'
  
      at open (file://<worktree>/mobile/authority/local-story/transport.test.ts:33:12)
      at Object.reopen (file://<worktree>/mobile/authority/local-story/transport.test.ts:104:15)
      at TestContext.<anonymous> (file://<worktree>/mobile/authority/local-story/transport.test.ts:341:5)
      at Test.runInAsyncScope (node:async_hooks:227:14)
      at Test.run (node:internal/test_runner/test:1402:25)
      at Test.processPendingSubtests (node:internal/test_runner/test:974:18)
      at Test.postRun (node:internal/test_runner/test:1542:19)
      at Test.run (node:internal/test_runner/test:1467:12)
      at process.processTicksAndRejections (node:internal/process/task_queues:104:5)
      at async Test.processPendingSubtests (node:internal/test_runner/test:974:7) {
    generatedMessage: false,
    code: 'ERR_ASSERTION',
    actual: 'save_corrupt',
    expected: 'open',
    operator: 'strictEqual',
    diff: 'simple'
  }
