recorded by loka-kernel@0000000000000000000000000000000000000000
replayed on loka-kernel@803d2aba2768d2f0c5777754ee9de0e99904c3cf-dirty
Ferry Landing
Reeds crowd a slick wooden landing, and the river slides past it the color of strong tea. A mooring post leans into the current with a notice nailed to it. Tide marks stripe the pilings.
Elspeth stands beside the mooring post, watching each boat come in.
Exits: north, south, west
hp 10/10  ma 100/100  mv 100/100  day 1, 18:00  dusk  new moon
[state fedd7cca6f3bf763671c51b53657da99f7ceec316618b8341f2fe7132a71c500]
Boathouse
Weathered timbers shelter an unattended rope ferry. A taut cable crosses the fen to the isle.
Exits: east
hp 10/10  ma 100/100  mv 99/100  day 1, 18:00  dusk  new moon
[state 084bcc29d480322919aad1c33b567beeeeec8cbfe58a8df2cf6ff92e2a337a10  step 0 µs]
You draw the rope ferry across the fen and step onto Fen Isle Landing.
hp 10/10  ma 100/100  mv 99/100  day 1, 18:00  dusk  new moon
[state 2e97b94b88dc349992f1bd17b4fd91ba4788c92f7ad23d469c9b70b828f0653e  step 0 µs]
Isle Hut
Bundles of drying herbs hang from the rafters. An open door leads to the garden, and a ladder rises into the loft.
Mother Sedge sorts dried leaves beside the hearth.
Exits: east, up, west
hp 10/10  ma 100/100  mv 98/100  day 1, 18:00  dusk  new moon
[state 1af3116d04ccd8cc243487c5be02aca5e8f9114e90c5c81170ce5a30793a14b4  step 0 µs]
Mother Sedge offers to teach you to swim.
  learn: Learn swim — free
(choose <option>, or bye)
hp 10/10  ma 100/100  mv 98/100  day 1, 18:00  dusk  new moon
[state 047d1ff9337928c07ad6797b21955c72e1a2d9c0b9e9126111a899c4bdb7d6d8  step 0 µs]
Mother Sedge teaches you to keep afloat and swim. You have learned swim.
[sedge.swim.learned: actor 3d4829ad-9e43-81ef-bc10-66b1b267e157, teacher aecc745c-f218-8b1f-bc81-7685a73295c0]
hp 10/10  ma 100/100  mv 98/100  day 1, 18:00  dusk  new moon
[state 67b51d8fe8ea8d1db67b19cc83ed2672741745118f22787aa935cd52d0189b61  step 0 µs]
Hut Loft
The loft is dark. You know the ladder leads down.
Exits: down
hp 10/10  ma 100/100  mv 97/100  day 1, 18:00  dusk  new moon
[state 7b830ca6d13677ee1a96bcd206a9edc75698978258c5ff7c1149f587196b8ff1  step 0 µs]
Isle Hut
Mother Sedge sorts dried leaves beside the hearth.
Exits: east, up, west
hp 10/10  ma 100/100  mv 96/100  day 1, 18:00  dusk  new moon
[state ce32b904723cb7a28e76dec35eb9aed188c696635a245579194efbd4e85b4628  step 0 µs]
Herb Garden
Herbs fill crooked beds between the reeds. The hut door lies west.
Exits: west
hp 10/10  ma 100/100  mv 95/100  day 1, 18:00  dusk  new moon
[state db1d719f68296be2b6dbfe9dbb5857b0f5458323720f711eae92b12ee1ee5dff  step 0 µs]
Isle Hut
Mother Sedge sorts dried leaves beside the hearth.
Exits: east, up, west
hp 10/10  ma 100/100  mv 94/100  day 1, 18:00  dusk  new moon
[state 8500ab083b4b278198e723c9eb8bd77ba60133cd07e3384e4cc41427c1c09b52  step 0 µs]
Fen Isle Landing
Reeds brush the rope ferry. A narrow path leads east to a hut; south, a shrine stands among the sedge.
Exits: east, south
hp 10/10  ma 100/100  mv 93/100  day 1, 18:00  dusk  new moon
[state 78d200d58191028424690887b260b2f6df348a2d4ad8484173618c854cb799c8  step 0 µs]
Isle Shrine
A worn stone marks a quiet sanctuary beside the fen. No priest tends it. The path north returns to the landing.
Exits: north
hp 10/10  ma 100/100  mv 92/100  day 1, 18:00  dusk  new moon
[state c3da13556fb122af46de70786d1823a1121e4b0415d59178e232c25da7e9013c  step 0 µs]
Fen Isle Landing
Exits: east, south
hp 10/10  ma 100/100  mv 91/100  day 1, 18:00  dusk  new moon
[state ac7447732990e41e5feedbfe78be933785bec8c69f844b1843a319d150a8aa95  step 0 µs]
You draw the rope ferry back to the Boathouse.
hp 10/10  ma 100/100  mv 91/100  day 1, 18:00  dusk  new moon
[state 54fab6c38158ea265c3889c5c6b32d5280ee4bf8a85ab7692f096f63e7325bfe  step 0 µs]
replay: 13 commands identical
