XXXX..

Failed tests:

✖ paid outbound and free return join exact conserved balances and body entry (182.792875ms)
  AssertionError [ERR_ASSERTION]: Expected values to be strictly deep-equal:
  + actual - expected
  
    [
  +   3,
  +   0
  -   1,
  -   2
    ]
  
      at TestContext.<anonymous> (file://<worktree>/kernel/ts/test/transport.test.ts:43:10)
      at Test.runInAsyncScope (node:async_hooks:227:14)
      at Test.run (node:internal/test_runner/test:1402:25)
      at Test.start (node:internal/test_runner/test:1262:17)
      at startSubtestAfterBootstrap (node:internal/test_runner/harness:387:17) {
    generatedMessage: true,
    code: 'ERR_ASSERTION',
    actual: [ 3, 0 ],
    expected: [ 1, 2 ],
    operator: 'deepStrictEqual',
    diff: 'simple'
  }
✖ unaffordable and forged endpoint offers refuse atomically (102.676083ms)
  AssertionError [ERR_ASSERTION]: Expected values to be strictly equal:
  
  true !== false
  
      at TestContext.<anonymous> (file://<worktree>/kernel/ts/test/transport.test.ts:61:10)
      at Test.runInAsyncScope (node:async_hooks:227:14)
      at Test.run (node:internal/test_runner/test:1402:25)
      at Test.processPendingSubtests (node:internal/test_runner/test:974:18)
      at Test.postRun (node:internal/test_runner/test:1542:19)
      at Test.run (node:internal/test_runner/test:1467:12)
      at async startSubtestAfterBootstrap (node:internal/test_runner/harness:387:3) {
    generatedMessage: true,
    code: 'ERR_ASSERTION',
    actual: true,
    expected: false,
    operator: 'strictEqual',
    diff: 'simple'
  }
✖ recovery waiver uses actual death owner, isle room and contained roots (93.468417ms)
  AssertionError [ERR_ASSERTION]: Expected values to be strictly equal:
  + actual - expected
  
  + 'accepted'
  - 'rejected'
  
      at TestContext.<anonymous> (file://<worktree>/kernel/ts/test/transport.test.ts:115:12)
      at Test.runInAsyncScope (node:async_hooks:227:14)
      at Test.run (node:internal/test_runner/test:1402:25)
      at Test.processPendingSubtests (node:internal/test_runner/test:974:18)
      at Test.postRun (node:internal/test_runner/test:1542:19)
      at Test.run (node:internal/test_runner/test:1467:12)
      at async Test.processPendingSubtests (node:internal/test_runner/test:974:7) {
    generatedMessage: true,
    code: 'ERR_ASSERTION',
    actual: 'accepted',
    expected: 'rejected',
    operator: 'strictEqual',
    diff: 'simple'
  }
✖ Sedge teaches swim once freely through the original present dialogue (93.999542ms)
  AssertionError [ERR_ASSERTION]: Expected values to be strictly deep-equal:
  + actual - expected
  
    [
  +   3,
  +   0
  -   1,
  -   2
    ]
  
      at TestContext.<anonymous> (file://<worktree>/kernel/ts/test/transport.test.ts:131:10)
      at Test.runInAsyncScope (node:async_hooks:227:14)
      at Test.run (node:internal/test_runner/test:1402:25)
      at Test.processPendingSubtests (node:internal/test_runner/test:974:18)
      at Test.postRun (node:internal/test_runner/test:1542:19)
      at Test.run (node:internal/test_runner/test:1467:12)
      at async Test.processPendingSubtests (node:internal/test_runner/test:974:7) {
    generatedMessage: true,
    code: 'ERR_ASSERTION',
    actual: [ 3, 0 ],
    expected: [ 1, 2 ],
    operator: 'deepStrictEqual',
    diff: 'simple'
  }
