..X...

Failed tests:

✖ recovery waiver uses actual death owner, isle room and contained roots (120.948292ms)
  AssertionError [ERR_ASSERTION]: Expected values to be strictly equal:
  + actual - expected
  
  + 'accepted'
  - 'rejected'
  
      at TestContext.<anonymous> (file://<worktree>/kernel/ts/test/transport.test.ts:115:12)
      at Test.runInAsyncScope (node:async_hooks:227:14)
      at Test.run (node:internal/test_runner/test:1402:25)
      at Test.processPendingSubtests (node:internal/test_runner/test:974:18)
      at Test.postRun (node:internal/test_runner/test:1542:19)
      at Test.run (node:internal/test_runner/test:1467:12)
      at async Test.processPendingSubtests (node:internal/test_runner/test:974:7) {
    generatedMessage: true,
    code: 'ERR_ASSERTION',
    actual: 'accepted',
    expected: 'rejected',
    operator: 'strictEqual',
    diff: 'simple'
  }
