Compiling 63 files (.ex)
     warning: variable "grants" is unused (if the variable is not meant to be used, prefix it with an underscore)
     │
 129 │     grants = Enum.count(o["sequence"] || [], &(&1["op"] == "skill.acquire"))
     │     ~~~~~~
     │
     └─ lib/loka/content/skills.ex:129:5: Loka.Content.Skills.lesson/5

Generated loka app
Running ExUnit with seed: 314042, max_cases: 16

.

  1) test compiler refuses invalid ferry and free lesson authoring (Loka.ContentTransportsTest)
     test/loka/content_transports_test.exs:37
     ** (MatchError) no match of right hand side value:

         {:ok,
          "{\"cartridge\":{\"actions\":{\"ashmere_missing_child@0.0.26:action/board_ferry\":{\"accessibility\":\"transport.board\",\"command\":\"use_transport\",\"input\":[\"route\",\"quoted_fare\"],\"key\":\"board_ferry\",\"label\":\"transport.board\",\"policy\":{\"policy_version\":1,\"root\":{\"items\":[],\"op\":\"all\"}},\"priority\":0,\"target\":{\"kind\":\"entity\",\"scopes\":[\"inspectable_details\"]}},\"ashmere_missing_child@0.0.26:action/drink_lantern_ale\":{\"accessibility\":\"service.ale\",\"command\":\"use_service\",\"input\":[\"service\",\"quoted_price\"],\"key\":\"drink_lantern_ale\",\"label\":\"service.ale\",\"policy\":{\"policy_version\":1,\"root\":{\"items\":[],\"op\":\"all\"}},\"priority\":0,\"target\":{\"kind\":\"entity\",\"scopes\":[\"room_occupants\"]}},\"ashmere_missing_child@0.0.26:action/eat_lantern_meal\":{\"accessibility\":\"service.meal\",\"command\":\"use_service\",\"input\":[\"service\",\"quoted_price\"],\"key\":\"eat_lantern_meal\",\"label\":\"service.meal\",\"policy\":{\"policy_version\":1,\"root\":{\"items\":[],\"op\":\"all\"}},\"priority\":0,\"target\":{\"kind\":\"entity\",\"scopes\":[\"room_occupants\"]}},\"ashmere_missing_child@0.0.26:action/rent_lantern_room\":{\"accessibility\":\"service.room\",\"command\":\"use_service\",\"input\":[\"service\",\"quoted_price\"],\"key\":\"rent_lantern_room\",\"label\":\"service.room\",\"policy\":{\"policy_version\":1,\"root\":{\"items\":[],\"op\":\"all\"}},\"priority\":0,\"target\":{\"kind\":\"entity\",\"scopes\":[\"room_occupants\"]}},\"ashmere_missing_child@0.0.26:action/return_ferry\":{\"accessibility\":\"transport.return\",\"command\":\"use_transport\",\"input\":[\"route\",\"quoted_fare\"],\"key\":\"return_ferry\",\"label\":\"transport.return\",\"policy\":{\"policy_version\":1,\"root\":{\"items\":[],\"op\":\"all\"}},\"priority\":0,\"target\":{\"kind\":\"entity\",\"scopes\":[\"inspectable_details\"]}}},\"attributes\":{\"ashmere_missing_child@0.0.26:attribute/dex\":{\"key\":\"dex\",\"start\":10},\"ashmere_missing_child@0.0.26:attribute/per\":{\"key\":\"per\",\"start\":5},\"ashmere_missing_child@0.0.26:attribute/str\":{\"key\":\"str\",\"start\":10}},\"barriers\":{\"ashmere_missing_child@0.0.26:barrier/storage_chest_lid\":{\"initial\":\"locked\",\"key\":\"storage_chest_lid\",\"key_item\":{\"cartridge_id\":\"ashmere_missing_child\",\"cartridge_version\":\"0.0.26\",\"key\":\"cellar_key\",\"kind\":\"item\"},\"keywords\":[\"lid\",\"storage_chest_lid\"],\"short\":\"barrier.storage_chest_lid.short\"},\"ashmere_missing_child@0.0.26:barrier/trunk_lid\":{\"initial\":\"locked\",\"key\":\"trunk_lid\",\"key_item\":{\"cartridge_id\":\"ashmere_missing_child\",\"cartridge_version\":\"0.0.26\",\"key\":\"brass_key\",\"kind\":\"item\"},\"keywords\":[\"lid\",\"trunk_lid\"],\"short\":\"barrier.trunk_lid.short\"}},\"calendar\":{\"hours_per_day\":24,\"lunar\":{\"origin\":0,\"period\":2419200,\"phases\":[{\"at\":0,\"phase\":\"new\"},{\"at\":302400,\"phase\":\"waxing_crescent\"},{\"at\":604800,\"phase\":\"first_quarter\"},{\"at\":907200,\"phase\":\"waxing_gibbous\"},{\"at\":1209600,\"phase\":\"full\"},{\"at\":1512000,\"phase\":\"waning_gibbous\"},{\"at\":1814400,\"phase\":\"last_quarter\"},{\"at\":2116800,\"phase\":\"waning_crescent\"}]},\"solar\":[{\"at\":18000,\"phase\":\"dawn\"},{\"at\":25200,\"phase\":\"day\"},{\"at\":64800,\"phase\":\"dusk\"},{\"at\":72000,\"phase\":\"night\"}],\"start\":64800,\"subdivisions_per_hour\":60,\"units_per_hour\":3600},\"chapters\":[{\"title\":\"chapter.missing_child\"},{\"story_point\":{\"cartridge_id\":\"ashmere_missing_child\",\"cartridge_version\":\"0.0.26\",\"key\":\"prologue_completed\",\"kind\":\"story_point\"},\"title\":\"chapter.prologue_complete\"}],\"dialogues\":{\"ashmere_missing_child@0.0.26:dialogue/a_aldric_debt\":{\"choices\":{\"late\":{\"availability\":{\"from\":151201,\"through\":237600},\"hand_over\":{\"item\":\"ledger\",\"to\":\"aldric\"},\"label\":\"dialogue.aldric_debt.late\",\"narration\":\"narration.aldric_debt.late\",\"sequence\":[{\"fact\":{\"cartridge_id\":\"ashmere_missing_child\",\"cartridge_version\":\"0.0.26\",\"key\":\"priory_tithe_delivered\",\"kind\":\"fact\"},\"op\":\"fact.assign\",\"value\":\"late\"},{\"amount\":-1,\"fact\":{\"cartridge_id\":\"ashmere_missing_child\",\"cartridge_version\":\"0.0.26\",\"key\":\"priory_fen_axis\",\"kind\":\"fact\"},\"op\":\"fact.adjust\"}]},\"on_time\":{\"availability\":{\"through\":151200},\"hand_over\":{\"item\":\"ledger\",\"to\":\"aldric\"},\"label\":\"dialogue.aldric_debt.on_time\",\"narration\":\"narration.aldric_debt.on_time\",\"payment\":{\"amount\":10,\"from\":\"aldric\",\"resource\":{\"cartridge_id\":\"ashmere_missing_child\",\"cartridge_version\":\"0.0.26\",\"ke" <> ...,
          []}

     code: for {path, change} <- [
     stacktrace:
       test/loka/content_transports_test.exs:57: anonymous fn/3 in Loka.ContentTransportsTest."test compiler refuses invalid ferry and free lesson authoring"/1
       (elixir 1.20.4) lib/enum.ex:2622: Enum."-reduce/3-lists^foldl/2-0-"/3
       test/loka/content_transports_test.exs:40: (test)


Finished in 1.9 seconds (1.9s async, 0.00s sync)

Result: 1/2 passed
Failed: 1 test
