(node:53291) [MODULE_TYPELESS_PACKAGE_JSON] Warning: Module type of file://[redacted] is not specified and it doesn't parse as CommonJS.
Reparsing as ES module because module syntax was detected. This incurs a performance overhead.
To eliminate this warning, add "type": "module" to [redacted]
(Use `node --trace-warnings ...` to show where the warning was created)
✔ real SQLite preserves original books through ground Take nested open Read closure travel and reread (910.403208ms)
✔ real failed and lost COMMIT outcomes fence Read then retry and replay once (466.650042ms)
✔ historical Read and known-topic truth reject wrong actor book definition cause missing grants and closed custody (465.975417ms)
✔ actual fatal fight reopens with learned topics and gear-free recovery Takes the original books (146.808083ms)
✔ saved 19:00 novice overlap and 20:00 departure retain original pending speaker (106.784459ms)
✖ Book remount during lost Read acknowledgement waits for confirmation then routes its one recovered page (88.187042ms)
ℹ tests 6
ℹ suites 0
ℹ pass 5
ℹ fail 1
ℹ cancelled 0
ℹ skipped 0
ℹ todo 0
ℹ duration_ms 2446.335334

✖ failing tests:

test at mobile/authority/local-story/priory.test.ts:302:1
✖ Book remount during lost Read acknowledgement waits for confirmation then routes its one recovered page (88.187042ms)
  Error: no such table: unavailable_elapsed_reads
      at readFault (file://[redacted])
      at Object.getFirstSync (file://[redacted])
      at narration (file://[redacted])
      at Object.narration [as lastNarration] (file://[redacted])
      at restoredLogs (file://[redacted])
      at presenter (file://[redacted])
      at TestContext.<anonymous> (file://[redacted])
      at Test.runInAsyncScope (node:async_hooks:227:14)
      at Test.run (node:internal/test_runner/test:1402:25)
      at Test.processPendingSubtests (node:internal/test_runner/test:974:18) {
    code: 'ERR_SQLITE_ERROR',
    errcode: 1,
    errstr: 'SQL logic error'
  }
