(node:52486) [MODULE_TYPELESS_PACKAGE_JSON] Warning: Module type of file://[redacted-path] is not specified and it doesn't parse as CommonJS.
Reparsing as ES module because module syntax was detected. This incurs a performance overhead.
To eliminate this warning, add "type": "module" to [redacted-path]
(Use `node --trace-warnings ...` to show where the warning was created)
✔ fresh dry exploration traverses every reciprocal edge and reopens all five new rooms (2195.894708ms)
✔ D5 movement and stone Read reconcile committed and absent COMMIT outcomes and replay exactly (813.220541ms)
✔ actual fatal separation in the den reopens and permits gear-free original-Wren Rejoin and rescue (626.516417ms)
✔ fixed stone preserves original-message custody before and after stays and preserves lost (570.198375ms)
✔ the current chapter refuses a lookalike item substituted into the original-message role (135.952417ms)
✔ literal public Priory route returns safely under both child/bell outcomes at day and night (278.77025ms)
✔ only deliberate exact held Read teaches its declared topic and keeps time RNG and other membership (34.601417ms)
✔ open held ancestors admit exactly the original book; closed ground foreign worn and departed children refuse (29.693083ms)
✔ literal novice schedules keep distinct cards and exact departure contexts (31.482542ms)
✔ one 100g book fills a 11900g held load and the second Take refuses unchanged (23.904917ms)
✔ Wisp completion and held Ward Read compose in both acquisition orders (87.173416ms)
✔ ordinary notice Read remains eventless and teaches no topic in the active book cartridge (12.392ms)
✔ item writing, topic refs, text and unique player Boolean mappings fail closed (1626.1455ms)
✔ loaded consult alias projects the Read command and resolves the exact nested book invocation (144.584709ms)
(node:52489) [MODULE_TYPELESS_PACKAGE_JSON] Warning: Module type of file://[redacted-path] is not specified and it doesn't parse as CommonJS.
Reparsing as ES module because module syntax was detected. This incurs a performance overhead.
To eliminate this warning, add "type": "module" to [redacted-path]
(Use `node --trace-warnings ...` to show where the warning was created)
✔ pending and refused Take/Drop/Leave retain detail routing and unchanged custody (6.271958ms)
✔ journal cues belong only to changed NPC histories (0.431084ms)
✔ recovery removes the current heading but retains an unclassified consequence (0.190542ms)
✔ confirmed room change clears old history before adding new authored consequences (0.25275ms)
✔ World omits the routine Close fallback while retaining authored consequences (0.171125ms)
✔ a restored committed narration is not duplicated by its pending receipt retry (0.1795ms)
✔ a move rejected for want of MV says the body is too exhausted (0.101542ms)
✔ the log stops growing in one room, its last line the latest answer (2.202042ms)
✔ the save-error line says a pending start over in words and shows any other message (0.124875ms)
✔ a narration recovery fault holds combat results while their line routing is unavailable (36.871125ms)
✔ combat receipt history is once-only when completion follows an already displayed state (7.972834ms)
(node:52490) [MODULE_TYPELESS_PACKAGE_JSON] Warning: Module type of file://[redacted-path] is not specified and it doesn't parse as CommonJS.
Reparsing as ES module because module syntax was detected. This incurs a performance overhead.
To eliminate this warning, add "type": "module" to [redacted-path]
(Use `node --trace-warnings ...` to show where the warning was created)
✔ actual nested book Item opens locally and Read stays between description and options with local Back (630.046375ms)
✔ Book restores Ward or Bell once through pulse after remount during uncertain Read (674.128083ms)
✔ Book restores Ward or Bell once through title press after remount during uncertain Read (624.149ms)
(node:52491) [MODULE_TYPELESS_PACKAGE_JSON] Warning: Module type of file://[redacted-path] is not specified and it doesn't parse as CommonJS.
Reparsing as ES module because module syntax was detected. This incurs a performance overhead.
To eliminate this warning, add "type": "module" to [redacted-path]
(Use `node --trace-warnings ...` to show where the warning was created)
✔ the app opens and replaces only its chapter save, preserving existing Lantern and sampler saves (704.685708ms)
✔ the 0.0.9 chapter save is refused intact until explicit Start over (219.929875ms)
✔ actual App pause and resume preserve 9ms plus 11ms as exactly one logical unit (250.073292ms)
✔ actual App stops unknown storage wakeups and resumes after confirmed user recovery (130.099833ms)
✔ old App wakeups cannot mutate the same remounted Game or a replacement save (160.812208ms)
(node:52492) [MODULE_TYPELESS_PACKAGE_JSON] Warning: Module type of file://[redacted-path] is not specified and it doesn't parse as CommonJS.
Reparsing as ES module because module syntax was detected. This incurs a performance overhead.
To eliminate this warning, add "type": "module" to [redacted-path]
(Use `node --trace-warnings ...` to show where the warning was created)
✔ real SQLite preserves original books through ground Take nested open Read closure travel and reread (2892.015375ms)
✔ real failed and lost COMMIT outcomes fence Read then retry and replay once (795.43975ms)
✔ historical Read and known-topic truth reject wrong actor book definition cause missing grants and closed custody (751.73075ms)
✔ actual fatal fight reopens with learned topics and gear-free recovery Takes the original books (228.893375ms)
✔ saved 19:00 novice overlap and 20:00 departure retain original pending speaker (137.638958ms)
✔ Book remount during lost Read acknowledgement waits for confirmation then routes its one recovered page (146.533083ms)
✔ readable-only SQLite recovery rejects forged narration without another history consumer (22.611792ms)
ℹ tests 40
ℹ suites 0
ℹ pass 40
ℹ fail 0
ℹ cancelled 0
ℹ skipped 0
ℹ todo 0
ℹ duration_ms 6226.677125
