(node:49970) [MODULE_TYPELESS_PACKAGE_JSON] Warning: Module type of file://[redacted-path] is not specified and it doesn't parse as CommonJS.
Reparsing as ES module because module syntax was detected. This incurs a performance overhead.
To eliminate this warning, add "type": "module" to [redacted-path]
(Use `node --trace-warnings ...` to show where the warning was created)
✔ actual nested book Item opens locally and Read stays between description and options with local Back (148.284458ms)
✔ Book restores Ward or Bell once through pulse after remount during uncertain Read (267.969625ms)
✖ Book restores Ward or Bell once through title press after remount during uncertain Read (133.557958ms)
ℹ tests 3
ℹ suites 0
ℹ pass 2
ℹ fail 1
ℹ cancelled 0
ℹ skipped 0
ℹ todo 0
ℹ duration_ms 1040.553375

✖ failing tests:

test at mobile/app/book/priory.test.ts:147:3
✖ Book restores Ward or Bell once through title press after remount during uncertain Read (133.557958ms)
  AssertionError [ERR_ASSERTION]: Expected values to be strictly deep-equal:
  + actual - expected
  
  + []
  - [
  -   {
  -     kind: 'carrying'
  -   },
  -   {
  -     id: 'cf0d9c5d-717d-8796-b5f0-095efed5e284',
  -     kind: 'thing'
  -   },
  -   {
  -     id: 'fe8a933a-59bb-8e0c-b129-e40cd6678f85',
  -     kind: 'thing'
  -   }
  - ]
  
      at TestContext.<anonymous> (file://[redacted-path]
      at Test.runInAsyncScope (node:async_hooks:227:14)
      at Test.run (node:internal/test_runner/test:1402:25)
      at Test.processPendingSubtests (node:internal/test_runner/test:974:18)
      at Test.postRun (node:internal/test_runner/test:1542:19)
      at Test.run (node:internal/test_runner/test:1467:12)
      at process.processTicksAndRejections (node:internal/process/task_queues:104:5)
      at async Test.processPendingSubtests (node:internal/test_runner/test:974:7) {
    generatedMessage: true,
    code: 'ERR_ASSERTION',
    actual: [],
    expected: [ { kind: 'carrying' }, { kind: 'thing', id: 'cf0d9c5d-717d-8796-b5f0-095efed5e284' }, { kind: 'thing', id: 'fe8a933a-59bb-8e0c-b129-e40cd6678f85' } ],
    operator: 'deepStrictEqual',
    diff: 'simple'
  }

Observed exit: 1
