(node:17502) [MODULE_TYPELESS_PACKAGE_JSON] Warning: Module type of file://[redacted] is not specified and it doesn't parse as CommonJS.
Reparsing as ES module because module syntax was detected. This incurs a performance overhead.
To eliminate this warning, add "type": "module" to [redacted]
(Use `node --trace-warnings ...` to show where the warning was created)
✔ pending and refused Take/Drop/Leave retain detail routing and unchanged custody (2.337ms)
✔ journal cues belong only to changed NPC histories (0.311625ms)
✔ recovery removes the current heading but retains an unclassified consequence (0.151333ms)
✔ confirmed room change clears old history before adding new authored consequences (0.213959ms)
✔ World omits the routine Close fallback while retaining authored consequences (0.137208ms)
✖ a restored committed narration is not duplicated by its pending receipt retry (0.775167ms)
✔ a move rejected for want of MV says the body is too exhausted (0.087458ms)
✔ the log stops growing in one room, its last line the latest answer (1.911833ms)
✔ the save-error line says a pending start over in words and shows any other message (0.495833ms)
✔ a narration recovery fault holds combat results while their line routing is unavailable (0.451667ms)
✖ combat receipt history is once-only when completion follows an already displayed state (0.511792ms)
ℹ tests 11
ℹ suites 0
ℹ pass 9
ℹ fail 2
ℹ cancelled 0
ℹ skipped 0
ℹ todo 0
ℹ duration_ms 143.447167

✖ failing tests:

test at mobile/app/book/presenter.test.ts:218:1
✖ a restored committed narration is not duplicated by its pending receipt retry (0.775167ms)
  AssertionError [ERR_ASSERTION]: Expected values to be strictly deep-equal:
  + actual - expected
  
    [
      'Bram nods toward the path north.',
      'Would you fetch it?',
  +   'Bram nods toward the path north.'
    ]
  
      at TestContext.<anonymous> (file://[redacted])
      at Test.runInAsyncScope (node:async_hooks:227:14)
      at Test.run (node:internal/test_runner/test:1402:25)
      at Test.processPendingSubtests (node:internal/test_runner/test:974:18)
      at Test.postRun (node:internal/test_runner/test:1542:19)
      at Test.run (node:internal/test_runner/test:1467:12)
      at process.processTicksAndRejections (node:internal/process/task_queues:104:5)
      at async Test.processPendingSubtests (node:internal/test_runner/test:974:7) {
    generatedMessage: true,
    code: 'ERR_ASSERTION',
    actual: [ 'Bram nods toward the path north.', 'Would you fetch it?', 'Bram nods toward the path north.' ],
    expected: [ 'Bram nods toward the path north.', 'Would you fetch it?' ],
    operator: 'deepStrictEqual',
    diff: 'simple'
  }

test at mobile/app/book/presenter.test.ts:316:1
✖ combat receipt history is once-only when completion follows an already displayed state (0.511792ms)
  AssertionError [ERR_ASSERTION]: Expected values to be strictly deep-equal:
  + actual - expected
  
    [
      'The marsh rat falls.',
      'The marsh rat falls.',
  +   'The marsh rat falls.',
  +   'The marsh rat falls.'
    ]
  
      at TestContext.<anonymous> (file://[redacted])
      at Test.runInAsyncScope (node:async_hooks:227:14)
      at Test.run (node:internal/test_runner/test:1402:25)
      at Test.processPendingSubtests (node:internal/test_runner/test:974:18)
      at Test.postRun (node:internal/test_runner/test:1542:19)
      at Test.run (node:internal/test_runner/test:1467:12)
      at process.processTicksAndRejections (node:internal/process/task_queues:104:5)
      at async Test.processPendingSubtests (node:internal/test_runner/test:974:7) {
    generatedMessage: true,
    code: 'ERR_ASSERTION',
    actual: [ 'The marsh rat falls.', 'The marsh rat falls.', 'The marsh rat falls.', 'The marsh rat falls.' ],
    expected: [ 'The marsh rat falls.', 'The marsh rat falls.' ],
    operator: 'deepStrictEqual',
    diff: 'simple'
  }
