
> loka-app@0.0.0 test
> node --test --test-reporter=${TEST_REPORTER:-spec} "../authority/**/*.test.ts" "book/*.test.ts" "*.test.ts"

✔ ../authority/local-story/__tests__/elapsed-host.test.ts (701.192833ms)
✔ ../authority/local-story/__tests__/reward-host.test.ts (824.041292ms)
✔ bell-first loss survives real rollback-journal SQLite reopen after every scene line (962.253708ms)
✔ forged lost quest without Ring receipt gives typed save corruption (137.559041ms)
✔ late Ring keeps both Q2 returns playable through cold reopen (1276.576709ms)
✔ both completed returns keep Silence and its two scene lines through cold reopen (1235.660041ms)
✔ fox terminal requires its own committed Silence receipt (208.257917ms)
✔ Silence receipt rejects foreign actors on linked fact events (747.091625ms)
✔ Silence receipt binds its action, actor and scene cause (2561.522834ms)
✔ fox terminal rejects contradictory saved rows without repairing them (987.667416ms)
✔ Silence COMMIT uncertainty settles once and its exact receipt replays unchanged (876.606375ms)
✔ late Ring rejects a receipt with an extra Q2 loss transition (228.944125ms)
✔ bell save contradictions offer typed recovery without changing saved rows (1629.446792ms)
✔ linked Ring receipt fields reject controlled forgeries without repairing rows (2635.781875ms)
✔ Ring COMMIT uncertainty settles to one complete outcome and one replayable receipt (358.932417ms)
✔ saved custody cycle faults in step (864.15675ms)
✔ saved custody cycle faults in list (1023.742917ms)
✔ saved custody cycle faults in barrier (905.083875ms)
✔ Take and item-barrier reach preserve the spent decision budget (590.769125ms)
✔ a closed ancestor refuses reach before the hidden cycle (9.531667ms)
✔ saved B2 acceptance and funded turn-in reopen with their exact rows (444.387959ms)
✔ reopen refuses a missing bound expiry job (104.726167ms)
✔ expired B2 obligation reopens with one trust penalty (228.625875ms)
✔ on-time saved axis must agree with its turn-in receipt (200.226708ms)
✔ on-time receipt balances must match funded and saved rows (75.262666ms)
✔ expiry receipt trust scope must name its bound actor (262.973917ms)
✔ reopen derives Reeds from the saved trigger choice, equal to headless play (48.705417ms)
✔ real SQLite reopens Attack and both M4 A rounds with original receipt replay (231.963083ms)
✔ a real rat kill commits corpse and preacceptance credit together and reopens exactly (200.233541ms)
✔ actual lethal combat returns empty-handed and ordinary six-exit journey recovers corpse roots (234.470542ms)
✔ genuine FULL and both unknown-COMMIT outcomes fence a real fatal round (99.464917ms)
✔ saved encounter corruption refuses before exposing play without repairing rows (342.394375ms)
✔ input at the due deadline settles lethal combat before attempting Flee (73.5105ms)
✔ random Flee destination and RNG reopen and replay one SQLite receipt (39.727167ms)
✔ scheduled opponent departure reopens and reconciles before a harmless due combat round (180.023208ms)
✔ real SQLite reopens buy before acceptance, active, and both chronological payout orders (801.642667ms)
✔ purchase receipt retry, sale and buyback cold reopen one exact item and conserved pennies (172.501ms)
✔ buy under an active and expired S2 retains the exact ledger and pending/failure truth (192.044792ms)
✔ cold open refuses omitted debit, wrong recipient, false prior balance and reversed receipt order (717.093375ms)
✔ shop failed COMMIT and both unknown outcomes retain all prior or all next rows (266.76475ms)
✔ satchel Put/Take is immediately useful but active S2 ancestor Sell is refused (222.452458ms)
✔ v018 ID pin binds the spawned world, purchased torch and worn slot after cold reopen (126.467917ms)
✔ corpse identity, worn roots and shrine return reopen atomically and receipt replay allocates nothing (94.870917ms)
✔ an older release list refuses the corpse release without rewriting it (316.643541ms)
✔ real FULL, failed COMMIT and committed-unknown COMMIT preserve all prior or all next corpse rows (171.617834ms)
✔ save load refuses missing identity, unknown template and illegal corpse custody without repair (91.755125ms)
✔ base1000 accounting preserves exact safe boundary quotients and rejects target overflow (2.971917ms)
✔ 9ms and reopened 11ms commit one unit and preserve the durable fractional account (180.188375ms)
✔ negative wall resume rebases without credit then credits the next 20ms (5.562709ms)
✔ a fixed 36hour horizon commits all four daily boundaries in order (64.855375ms)
✔ sixteen segments yield and one reserved input completes at its original finite horizon (117.97025ms)
✔ a current choice crossing departure refuses presence while Leave still closes its continuation (70.089625ms)
✔ preexisting stale input does not account time and synchronous success emits no completion (17.086167ms)
✔ trusted explicit v2 advance raises its durable target and missing checkpoints refuse (18.908291ms)
✔ an elapsed managed session without clocks fails with a typed refusal (14.112584ms)
✔ resume extends durable target debt rather than a lagging head (28.99625ms)
✔ unexpected closed checkpoint evidence blocks play as corrupt until confirmed Start over (10.003667ms)
✔ a valid durable replacement invalidates an old fenced clock and input without writes (107.15325ms)
✔ malformed v2 checkpoints and heads refuse without rewriting their progress (328.183167ms)
✔ a managed v1 upgrade starts its durable account at the actual opening clocks (49.733208ms)
✔ a committed unknown elapsed segment with corrupt checkpoint completes its input as blocked (9.514375ms)
✔ a valid replacement during unknown positive elapsed invalidates the old pending input (86.1435ms)
✔ a private reservation rejects another intent and retains its original bounded input (43.317666ms)
✔ terminal v1 upgrade recovery waits for real SQLite rollback closure before Start over (54.730375ms)
✔ resumed wall survives fractional reconciliation and invalid/stale preflight before a new input (124.44775ms)
✔ a new reservation waits for its actual resumed horizon and yields after sixteen boundaries (96.565084ms)
✔ resume remains armed after fixed A completes and another intent cannot steal its result (124.321583ms)
✔ elapsed receipt survives reopen and replays its first result after later clock commits (85.454917ms)
✔ old run elapsed refuses before receipt lookup after replacement without Host.random (9.200917ms)
✔ unknown elapsed COMMIT fences trusted and player delivery until the real receipt reconciles (65.4765ms)
✔ modal scene keeps Continue-only player controls while elapsed time commits (84.887791ms)
✔ malformed stored command JSON conflicts without state or receipt changes (17.078209ms)
✔ malformed stored response JSON conflicts without state or receipt changes (3.769042ms)
✔ healthy elapsed delivery preserves actual SQLite receipt-read failures (7.141333ms)
✔ a worn cap is still worn after reopen, in the state the headless kernel reaches (23.510125ms)
✔ seed 12: every fault leaves the prior or next revision and the run ends unchanged (6205.360833ms)
✔ seed 366: every fault leaves the prior or next revision and the run ends unchanged (2286.807791ms)
✔ seed 30636: every fault leaves the prior or next revision and the run ends unchanged (2815.891125ms)
✔ seed 300: every fault leaves the prior or next revision and the run ends unchanged (3883.555917ms)
✔ seed 622: every fault leaves the prior or next revision and the run ends unchanged (3018.178333ms)
✔ seed 9633: every fault leaves the prior or next revision and the run ends unchanged (3935.8555ms)
✔ seed 2841: every fault leaves the prior or next revision and the run ends unchanged (2370.217708ms)
✔ seed 454: every fault leaves the prior or next revision and the run ends unchanged (2726.546833ms)
✔ seed 172: every fault leaves the prior or next revision and the run ends unchanged (1674.733292ms)
✔ seed 49: every fault leaves the prior or next revision and the run ends unchanged (1688.017959ms)
✔ seed 211: every fault leaves the prior or next revision and the run ends unchanged (1475.01575ms)
✔ seed 1595: every fault leaves the prior or next revision and the run ends unchanged (1797.70775ms)
✔ seed 337982: every fault leaves the prior or next revision and the run ends unchanged (1705.326292ms)
✔ seed 105497: every fault leaves the prior or next revision and the run ends unchanged (1190.713208ms)
✔ seed 81: every fault leaves the prior or next revision and the run ends unchanged (1594.932667ms)
✔ seed 130: every fault leaves the prior or next revision and the run ends unchanged (1533.5755ms)
✔ seed 54: every fault leaves the prior or next revision and the run ends unchanged (1845.572292ms)
✔ hand-checked anchors (41.36225ms)
✔ views, a reopen and a changed host clock leave the play_time clock and world as they were (111.3595ms)
✔ backward-anchor metadata accounts reconcile exact prior or next real SQLite evidence (12.154125ms)
✔ failed and lost-ack positive elapsed commits reconcile head receipt and checkpoint together (20.534792ms)
✔ real SQLITE_FULL rolls back elapsed evidence and retries its unchanged candidate (4.625125ms)
✔ a timer completes an unknown player receipt before sampling and emits it once (5.202584ms)
✔ process kill before and after elapsed COMMIT leaves entirely prior or next and reopens once (904.279834ms)
✔ acknowledged Green finale reopens at every line and exports one report (1941.708166ms)
✔ real SQLite reopens every immediate occurrence, exact replay and later ordinary bandage custody (2368.519791ms)
✔ failed and lost COMMIT exchange outcomes reconcile all-prior or all-next rows (1196.115917ms)
✔ exchange history corruption refuses without rewriting the SQLite rows (1449.161709ms)
✔ accepted herbs can be dropped, reopened and retrieved for the same exact occurrence (458.599125ms)
✔ B2 and S9 faction receipts reopen in both composed orders without changing pennies (878.270916ms)
✔ reacceptance retirement and fresh activation reconcile as one real SQLite commit (570.624125ms)
✔ randomly seeded B5 lineage reopens and Start over preserves the drawn seed (114.101208ms)
✔ trusted elapsed reopens before S9 and reaches the actual herb exchange consumer (282.765958ms)
✔ reopen recomputes possession text and retains earned text after the oar is dropped (59.252125ms)
✔ openStory.invoke refuses a failing chat on Bram by its key (180.789834ms)
✔ lantern-carry plays as its frozen trace; its story point reaches the run's account once (280.513958ms)
✔ lantern-leave plays as its frozen trace; its story point reaches the run's account once (200.731166ms)
✔ an old run's view token is stale after a new game, at the same revision (21.5755ms)
✔ adverse early-possession (99.952333ms)
✔ adverse drop-after-choice-opened (177.529583ms)
✔ adverse walked-away-rejects-new-choice (39.101833ms)
✔ adverse walked-away-keeps-receipt (105.231667ms)
✔ adverse altered-choice (52.417292ms)
✔ adverse choice-rollback (40.066792ms)
✔ adverse choice-unknown-commit-absent (294.334125ms)
✔ adverse choice-unknown-commit-committed (78.031291ms)
✔ adverse commit-before-display (981.0645ms)
✔ adverse reading-has-no-effect (45.46025ms)
✔ adverse stale-choice-and-blocked-exit (80.37525ms)
✔ a choice committed with its acknowledgement lost recovers to its receipt, reported once (45.427292ms)
✔ actual torch oil and nested intervals survive cold reopen and sell/buyback with conserved pennies (838.21875ms)
✔ real failed and unknown refill commits reconcile the entire writer group and exact retry (536.028166ms)
✔ corrupt fuel and forged refills refuse without repairing SQLite (1234.264667ms)
✔ dark lethal combat cold reopens and permits the gear-free owner corpse walk and exact recovery (630.682875ms)
✔ a light-only cartridge reopens lawful refill history and rejects a bounded forged charge (25.996042ms)
✔ undeclared fuel rows refuse in a cartridge without light metadata and leave SQLite untouched (17.121417ms)
(node:71401) [MODULE_TYPELESS_PACKAGE_JSON] Warning: Module type of [redacted-path] is not specified and it doesn't parse as CommonJS.
Reparsing as ES module because module syntax was detected. This incurs a performance overhead.
To eliminate this warning, add "type": "module" to [redacted-path]
(Use `node --trace-warnings ...` to show where the warning was created)
✔ Book binds the exact oil bottle and keeps worn torch controls on the item (34.600916ms)
✔ Book owns authored Refuel aliases on their source and preserves exact invocation identity (237.337583ms)
✔ the app path passes the random source: the pinned context is not the template (45.46625ms)
✔ two new games draw their own seed and world context, pinned and in the trace header (84.179ms)
✔ a reopen rebuilds the ids from the pinned context: first open, Start over, app update (81.219625ms)
✔ luck replays: the drawn seed is the RNG, and a reopen picks as the same process did (19.907792ms)
✔ a save from before c1-host opens unchanged and plays on (18.186834ms)
✔ a pinned context that is not a WorldContextId is save_corrupt (3.808ms)
✔ production empty, filled, partial Pour, empty, nested, ground and shop custody reopen exactly (3907.55875ms)
✔ cold open refuses missing, extra, malformed and plausible bounded liquid rows without repair (1305.454917ms)
✔ cold open binds every liquid receipt to its historical command, source and complete ordered rows (2251.761125ms)
✔ Pour failed COMMIT and lost acknowledgement fence liquid then reconcile and replay once (494.821958ms)
✔ actual fatal combat cold reopens the filled shell on its corpse then ordinary recovery (787.343417ms)
✔ cold open rejects consistent command/event rewrites that cannot derive from the original invocation (173.878208ms)
✔ a tiny world survives a restart with the same state (21.686083ms)
✔ a retried consumed take replays its receipt; altered intent is a conflict (24.054167ms)
✔ a failed attempt and a rejection persist; their retries draw nothing (12.549792ms)
✔ a fault changes nothing and gets no receipt (62.703875ms)
✔ a lost COMMIT acknowledgement reconciles to the committed receipt (7.915709ms)
✔ a genuinely failed COMMIT reconciles to not committed; the retry is a fresh attempt (13.084792ms)
✔ while the COMMIT outcome is unknown every call is fenced; a restart settles it (6.229084ms)
✔ a process killed after COMMIT restarts with the take once and its trace entry once (1450.748667ms)
✔ a definite failure is traced once; a failed trace write changes nothing (19.027084ms)
✔ while the trace is behind no later entry overtakes a missed one (13.861958ms)
✔ an unreadable trace never stops play or the save opening (8.732375ms)
✔ an updated kernel starts a new segment after recovering the old one (9.916416ms)
✔ a transaction a failed ROLLBACK leaves open is never read as saved nor blocks play (12.483834ms)
✔ a save does not open inside a transaction left open (4.40325ms)
✔ jobs survive a restart: waiting to 19:00 after it moves Bram as without it (18.056541ms)
✔ a recipe whose time cost runs a job replays its receipt on retry (7.17825ms)
✔ a move whose reactions commit replays its events byte for byte after a restart (13.919833ms)
✔ a recipe narration's pinned participants survive a restart and replay unchanged (17.619583ms)
✔ a talk committed, then a restart: the stored choice carries its revision and choose works (17.8325ms)
✔ production five preacceptance kills reopen into Maud reward and usable storage (698.206042ms)
✔ each of five missing actual credits refuses reward after early acceptance (1099.53075ms)
(node:71500) [MODULE_TYPELESS_PACKAGE_JSON] Warning: Module type of [redacted-path] is not specified and it doesn't parse as CommonJS.
Reparsing as ES module because module syntax was detected. This incurs a performance overhead.
To eliminate this warning, add "type": "module" to [redacted-path]
(Use `node --trace-warnings ...` to show where the warning was created)
✔ production Maud completion leaves World free of story-ended claims and storage usable (128.685417ms)
(node:71531) [MODULE_TYPELESS_PACKAGE_JSON] Warning: Module type of [redacted-path] is not specified and it doesn't parse as CommonJS.
Reparsing as ES module because module syntax was detected. This incurs a performance overhead.
To eliminate this warning, add "type": "module" to [redacted-path]
(Use `node --trace-warnings ...` to show where the warning was created)
✔ active chapter five actual kills, shrine return, Maud reward and cold-reopen storage (481.914709ms)
✔ Q1 explicit acceptance, held drawing gate, report priority and durable once-only resolution (126.19825ms)
✔ picking up the clue first starts no quest and acceptance is immediately ready (22.001166ms)
✔ Maud offer and earned turn-in stay usable while Q1 is unaccepted (200.478875ms)
✔ Maud offer and earned turn-in stay usable while Q1 is active (200.007041ms)
✔ Maud offer and earned turn-in stay usable while Q1 is ready (121.524375ms)
✔ Maud offer and earned turn-in stay usable while Q1 is resolved (124.744709ms)
✔ Q1 acceptance, Green pickup, report and Maud offer work throughout the day (1107.129417ms)
✔ Mire Crossing and Fox Hollow offer both approaches and cold return at every hour (5682.6275ms)
✔ Q1 report atomically activates Q2; only guarded Study tracks grants its active first lead (82.41425ms)
✔ SQLite report/Study reopen and exact replay preserve active Q2 and receipt-specific history (219.039167ms)
✔ malformed Study receipt evidence offers typed Start over on reopen (785.811708ms)
✔ committed combat line indices come from pinned keys and structured receipt events (6.376791ms)
✔ actual adopted rat adjustment commits, reopens pinned HP and replays without another write (55.276625ms)
✔ reopen rejects missing, malformed, or out-of-bounds NPC HP without rewriting progress (20.334834ms)
✔ SQLite FULL, failed COMMIT and lost acknowledgement preserve atomic NPC HP adoption (125.206125ms)
✔ a budget fault is one valid observation of its limit, with the ReplayIds of its decision (18.549334ms)
✔ a failing observation sink changes no reply, revision, storage or retry (23.968041ms)
✔ an older save gains the sink untouched, and the sink keeps the newest 1000 records (713.090083ms)
✔ each NEW decision, accepted, rejected or fault, is one kernel.decision_latency (50.076958ms)
✔ a clock changes no reply or durable state when a COMMIT is held, then committed (10.497916ms)
✔ a real committed elapsed then ordinary local trace replays identically with header run preflight (2089.942625ms)
(node:71554) [MODULE_TYPELESS_PACKAGE_JSON] Warning: Module type of [redacted-path] is not specified and it doesn't parse as CommonJS.
Reparsing as ES module because module syntax was detected. This incurs a performance overhead.
To eliminate this warning, add "type": "module" to [redacted-path]
(Use `node --trace-warnings ...` to show where the warning was created)
✔ real SQLite reopens every finite leg and explicit pause boundary (2460.564584ms)
✔ actual cellar death separates concurrent Wren, resets patrol, and permits Restart after cold reopen (2706.214166ms)
▶ full retained receipt replay refuses forged patrol rows and proofs without rewriting SQLite
  ✔ actor_id (353.050292ms)
  ✔ body_id (276.012209ms)
  ✔ npc_id (346.995084ms)
  ✔ quest_instance_id (508.070208ms)
  ✔ continuation_id (296.686ms)
  ✔ attempt_id (185.452125ms)
  ✔ cursor (227.296042ms)
  ✔ credit (159.46975ms)
  ✔ status (272.310416ms)
  ✔ fractional (195.279833ms)
  ✔ missing (171.383083ms)
  ✔ scope (186.525917ms)
  ✔ cause (264.16125ms)
  ✔ source (372.502666ms)
  ✔ lost-transition (317.133125ms)
✔ full retained receipt replay refuses forged patrol rows and proofs without rewriting SQLite (4140.824791ms)
▶ real failed and acknowledged-lost COMMIT reconcile one leader departure and exact Book retry
  ✔ failed (370.6535ms)
  ✔ lost (467.15575ms)
✔ real failed and acknowledged-lost COMMIT reconcile one leader departure and exact Book retry (839.465875ms)
▶ final player join commits movement, terminal quest and trust together across both uncertain outcomes
  ✔ failed (568.922083ms)
  ✔ lost (777.960917ms)
✔ final player join commits movement, terminal quest and trust together across both uncertain outcomes (1347.316917ms)
✔ real original-Tobin C1 lessons reopen during patrol and completion grants trust alone (1023.924084ms)
✔ a seated player is still sitting after reopen, in the state the headless kernel reaches (17.078375ms)
(node:71559) [MODULE_TYPELESS_PACKAGE_JSON] Warning: Module type of [redacted-path] is not specified and it doesn't parse as CommonJS.
Reparsing as ES module because module syntax was detected. This incurs a performance overhead.
To eliminate this warning, add "type": "module" to [redacted-path]
(Use `node --trace-warnings ...` to show where the warning was created)
✔ real SQLite preserves original books through ground Take nested open Read closure travel and reread (2353.375167ms)
✔ real failed and lost COMMIT outcomes fence Read then retry and replay once (1405.926583ms)
✔ historical Read and known-topic truth reject wrong actor book definition cause missing grants and closed custody (1492.916958ms)
✔ actual fatal fight reopens with learned topics and gear-free recovery Takes the original books (648.475042ms)
✔ saved 19:00 novice overlap and 20:00 departure retain original pending speaker (233.360958ms)
✔ Book remount during lost Read acknowledgement waits for confirmation then routes its one recovered page (256.365333ms)
(node:71615) [MODULE_TYPELESS_PACKAGE_JSON] Warning: Module type of [redacted-path] is not specified and it doesn't parse as CommonJS.
Reparsing as ES module because module syntax was detected. This incurs a performance overhead.
To eliminate this warning, add "type": "module" to [redacted-path]
(Use `node --trace-warnings ...` to show where the warning was created)
✔ Book preserves an aliased Read place offer and exact target through a live redraw (129.8685ms)
✔ a leftover transaction is settled before the trace catches up (22.5125ms)
✔ a file that is not a database or has a corrupt page is save_corrupt (31.66375ms)
✔ a head with a damaged column is save_corrupt; its new game recreates the head (25.082916ms)
✔ at the cap a new game deletes the oldest run whole and keeps the current one (183.233ms)
✔ a run alone at the cap keeps its beginning and appends no more entries (134.292625ms)
✔ a new game at the cap makes room for its header by deleting the old run (219.978458ms)
✔ a run that drops an entry pair below the cap writes nothing more (201.0585ms)
✔ catch-up at the cap boundary writes a missed entry at 4,998 rows and not at 4,999 (471.205333ms)
✔ Rest/reopen/Stand keeps literal fractions and replays the Rest receipt without writes (104.150208ms)
✔ load refuses corrupt opted rows without rewriting stored progress (37.87475ms)
✔ reconciled adoption rejects wrong authored rate and keeps the prior confirmed view (13.949375ms)
✔ bundled sampler pays MV1 and rests twice as fast before reaching its pool cap (126.239417ms)
✔ real SQLite write failures keep the pool and position together until the unchanged retry commits (16.616084ms)
✔ five actual preacceptance kills reopen into one atomic reward and identity-preserving storage (338.314666ms)
✔ real rollback, failed COMMIT and lost acknowledgement preserve complete old/new reward rows across reopen (596.589042ms)
✔ sampler invocation walk reaches all six rooms and resumes the carried ending at line two (242.912709ms)
✔ leaving the lantern resolves with the fallback journal and no carried chapter or scene (51.901541ms)
✔ a new save allocates and pins its identity; a restart and a replay reuse it (20.782333ms)
✔ a save whose pinned release is missing is refused untouched; a new game moves on (12.031292ms)
✔ a save of an unknown format is refused with nothing written and no new game (11.7215ms)
✔ a damaged identity is save_corrupt and untouched; its new game repairs it (291.816916ms)
✔ an app update reopens a save on its pinned release; new games pin the newest (9.701708ms)
✔ a save that does not parse is save_corrupt until the player starts a new game (27.814958ms)
✔ a new game replaces the save; an old invocation id is new again (8.996125ms)
✔ a new game that fails part way leaves the old save and memory (5.3915ms)
✔ a new game settles a pending attempt first, in the run it was made in (9.146916ms)
✔ a new game whose COMMIT is unknown is fenced; settling it moves play to the new run (19.358667ms)
✔ a new game whose COMMIT fails keeps the old save, memory and receipts (12.537125ms)
✔ a committed new game is adopted before play; a retry does not replace it twice (15.14225ms)
✔ a corrupt save's new game settles its COMMIT like any other (37.704625ms)
✔ a new run's entries missed by the trace follow its own header (10.625667ms)
✔ a new game after a settled one replaces the save again (10.020625ms)
✔ line two survives reopen and triggering receipt retry without duplicate effects (83.747083ms)
(node:71727) [MODULE_TYPELESS_PACKAGE_JSON] Warning: Module type of [redacted-path] is not specified and it doesn't parse as CommonJS.
Reparsing as ES module because module syntax was detected. This incurs a performance overhead.
To eliminate this warning, add "type": "module" to [redacted-path]
(Use `node --trace-warnings ...` to show where the warning was created)
✔ room-before-Rest, meal, partial/empty ale reopen and exact retries preserve the next real consumer (1436.380834ms)
✔ forged bounded service rows and swapped/omitted historical service evidence refuse without repair (2284.43075ms)
✔ real failed COMMIT and both uncertain outcomes keep room/meal/ale all old or all new (1634.732875ms)
✔ real Book captured alias press and lost acknowledgement restore one original-Maud line (616.50875ms)
✔ S1 remains reachable beside services and same-body fatal return reopens the paid bed truth (913.502042ms)
✔ a pending start over whose retry fails shows that error, not "not confirmed" (80.011708ms)
✔ catch-up conflicts preserve the original attempt and matching retries keep its identity (175.98125ms)
✔ invalid and cyclic shared input refuses before snapshot or elapsed sampling (26.8995ms)
✔ missing elapsed columns after unknown metadata or gameplay commit block and permit explicit recovery (57.05825ms)
✔ corrupt elapsed recovery binds valid, malformed, and absent original headers without erasing a replacement (132.024625ms)
✔ loaded elapsed recovery refuses newer and malformed same-run formats without writes (22.460583ms)
✔ changed refused elapsed header classifies malformed before differing valid run and preserves newer formats (7.859417ms)
(node:71741) [MODULE_TYPELESS_PACKAGE_JSON] Warning: Module type of [redacted-path] is not specified and it doesn't parse as CommonJS.
Reparsing as ES module because module syntax was detected. This incurs a performance overhead.
To eliminate this warning, add "type": "module" to [redacted-path]
(Use `node --trace-warnings ...` to show where the warning was created)
✔ a scripted session survives a restart and plays on (91.590625ms)
✔ an invalid press before a save does not make the next id collide after a restart (16.748208ms)
✔ an unknown COMMIT shows pending, not a success; a restart shows what committed (34.371584ms)
✔ a pending press is retried with its own id and replays what committed (34.552708ms)
✔ a same-scope receipt from another allocator does not move the id counter (63.042792ms)
✔ a failed write is not claimed unsaved; the next press retries it (16.951291ms)
✔ a read error after a durable commit does not commit the press twice (15.099708ms)
✔ a confirmed receipt that is not a decision is a conflict and ends the attempt (18.215833ms)
✔ start over replaces a file that does not open with a fresh game (35.1245ms)
✔ start over of a damaged identity keeps the file and its old run (44.870708ms)
✔ a damaged receipt index fails the open with start over, which gives a fresh game (21.899375ms)
✔ a newer app's save is never started over (17.815958ms)
✔ a start over whose delete failed can be tried again (15.235125ms)
✔ an open that fails but not as corrupt is never started over (3.790125ms)
✔ a start over that fails during play keeps the game and its retry (16.564875ms)
✔ a pending start over leaves no game to play until it settles (45.4095ms)
✔ the gate tap script ends at its declared state, wherever the kills fall (107.640625ms)
﹣ the save copied from the phone equals the reference (0.067041ms) # SKIP
(node:71754) [MODULE_TYPELESS_PACKAGE_JSON] Warning: Module type of [redacted-path] is not specified and it doesn't parse as CommonJS.
Reparsing as ES module because module syntax was detected. This incurs a performance overhead.
To eliminate this warning, add "type": "module" to [redacted-path]
(Use `node --trace-warnings ...` to show where the warning was created)
✔ a corrupt report page: Start over gives a working save (296.751708ms)
✔ a corrupt sqlite_autoindex_report_1 page: Start over gives a working save (74.487917ms)
✔ a malformed report index record: Start over gives a working save (114.67ms)
✔ an intact report table survives Start over in place (27.306834ms)
✔ the latest committed narration is read again on reopen, from the receipts (54.466458ms)
✔ an older save reopens with its narration and keeps its report on Start over (85.897166ms)
✔ a malformed receipt response: Start over keeps the pending report (35.43225ms)
✔ a narration read that fails on a lock offers no Start over (30.368125ms)
✔ a save with no body row: save_corrupt, Start over repairs it in place (31.284625ms)
✔ a save with a null choice: save_corrupt, Start over repairs it in place (32.79275ms)
✔ a save with an empty resource: save_corrupt, Start over repairs it in place (65.480625ms)
✔ a receipt narration line that is null: save_corrupt at open, Start over repairs it (51.030916ms)
✔ a receipt response that is not a decision replays as a conflict (17.107583ms)
✔ elapsed NOTADB and page corruption recover only through explicit working Start over (57.026458ms)
✔ unreadable elapsed opening refuses a newly readable replacement and waits on real SQLite uncertainty (47.054708ms)
✔ a story point reached offline is captured once, survives restart, and is delivered (44.280875ms)
✔ a run is bound once, when it starts; each of its reports carries that binding (89.601792ms)
✔ a story point whose report is malformed is not committed (13.944292ms)
✔ a pending report leaves the canonical state hash unchanged (58.618875ms)
✔ a report commits with its gameplay result or not at all (65.9145ms)
✔ a new game keeps a pending report, delivered under its original run (24.240041ms)
✔ a lost reply is retried and reads back the one acceptance (51.908375ms)
✔ an acceptance of another payload needs attention (19.941083ms)
✔ an acknowledgement that does not commit stops the batch; the next call resends it (38.368333ms)
✔ a report that always fails does not hold back the rest (49.069292ms)
✔ delivery is bounded, persists each disposition and drops nothing (55.886083ms)
✔ real SQLite cold reopen retains both lessons, exact replay, wear, Attack and defended due state (254.374125ms)
✔ forged lesson receipts and contradictory acquired rows reopen as save_corrupt without rewriting (619.060125ms)
✔ each foreign lesson event identity refuses file-backed reopen after lawful later custody (408.356166ms)
✔ real failed and lost-ack COMMIT keep all prior or all next lesson rows and retry once (187.012333ms)
✔ defense hit/loss conjunction is guarded at saved-receipt and narration boundaries (203.27725ms)
✔ trained player death cold reopens and recovers the exact worn lesson sword (106.450625ms)
✔ authored training/shop/S2 orders retain conserved pennies and trained five-rat reward/storage (10706.659708ms)
(node:71766) [MODULE_TYPELESS_PACKAGE_JSON] Warning: Module type of [redacted-path] is not specified and it doesn't parse as CommonJS.
Reparsing as ES module because module syntax was detected. This incurs a performance overhead.
To eliminate this warning, add "type": "module" to [redacted-path]
(Use `node --trace-warnings ...` to show where the warning was created)
✔ original message branch and terminal reopen with their own NPC narration and exact replay (556.949ms)
✔ Drop and held-container Put reopen and recover the same item; stale handoff never prints success (396.546875ms)
✔ fatal combat and cold reopen preserve the message through ordinary corpse recovery (295.320333ms)
✔ elapsed redraw keeps an unchanged message choice usable (289.639583ms)
▶ retained delivery evidence corruption is typed even behind an unrelated latest receipt
  ✔ missing branch row (145.358ms)
  ✔ wrong message role (134.839625ms)
  ✔ null retained source (129.196375ms)
  ✔ branch fact reset (72.765333ms)
  ✔ branch fact deleted (137.819375ms)
  ✔ message in unrelated NPC (149.091791ms)
  ✔ message nested in NPC-held container (130.926666ms)
  ✔ malformed receipt command JSON (313.786958ms)
  ✔ receipt transfer removed (110.493167ms)
  ✔ receive narration names another speaker (225.559084ms)
  ✔ terminal fact event missing (142.81ms)
  ✔ terminal status reset (111.887291ms)
  ✔ terminal message returned to actor (152.001542ms)
  ✔ terminal quest reopened (100.469333ms)
✔ retained delivery evidence corruption is typed even behind an unrelated latest receipt (2081.290291ms)
✔ failed and lost branch/terminal COMMIT keep narration and custody behind confirmed disk (541.401792ms)
✔ v012 refuses the frozen v010 SQLite save and offers explicit Start over without changing it (41.899916ms)
✔ terminal quest without a message branch refuses reopen and requires explicit Start over (237.155125ms)
(node:71771) [MODULE_TYPELESS_PACKAGE_JSON] Warning: Module type of [redacted-path] is not specified and it doesn't parse as CommonJS.
Reparsing as ES module because module syntax was detected. This incurs a performance overhead.
To eliminate this warning, add "type": "module" to [redacted-path]
(Use `node --trace-warnings ...` to show where the warning was created)
✔ real SQLite reopens at counts zero one two, third close, reset and resolved ward (1601.661958ms)
✔ wrong final-wrong and correct commits reconcile both real outcomes and exact replay once (1339.837875ms)
✔ bounded saves refuse forged rows and wrong receipts without deleting progress (2527.045166ms)
✔ unjustified discovery and topic facts fail cold-open reconciliation (287.573834ms)
✔ receipt association checks reject forged actor source and quest independently of later save consumers (149.61675ms)
✔ cold-open verifies the ward Talk selector against its saved source (177.122042ms)
(node:71773) [MODULE_TYPELESS_PACKAGE_JSON] Warning: Module type of [redacted-path] is not specified and it doesn't parse as CommonJS.
Reparsing as ES module because module syntax was detected. This incurs a performance overhead.
To eliminate this warning, add "type": "module" to [redacted-path]
(Use `node --trace-warnings ...` to show where the warning was created)
▶ malformed Q1 after rescue selection or completion offers typed recovery without replacing progress
  ✔ following row: null (455.536375ms)
  ✔ following row: false (329.820458ms)
  ✔ following row: 0 (334.033167ms)
  ✔ following row: [] (306.22825ms)
  ✔ following row: {} (225.425833ms)
  ✔ following row: {"quest":{},"scope":{}} (385.218ms)
  ✔ following row: {"quest":true,"scope":true} (245.056708ms)
  ✔ following quest: {} (335.844875ms)
  ✔ following scope: {} (170.4955ms)
  ✔ completed row: null (200.1925ms)
  ✔ completed row: false (198.272166ms)
  ✔ completed row: 0 (298.820625ms)
  ✔ completed row: [] (244.764292ms)
  ✔ completed row: {} (193.485333ms)
  ✔ completed row: {"quest":{},"scope":{}} (279.508875ms)
  ✔ completed row: {"quest":true,"scope":true} (346.16275ms)
  ✔ completed quest: {} (221.043917ms)
  ✔ completed scope: {} (372.941084ms)
✔ malformed Q1 after rescue selection or completion offers typed recovery without replacing progress (5159.190542ms)
✔ real SQLite rescue reopens start, death separation, Rejoin and terminal with their own narration (886.191208ms)
▶ retained rescue identity, physical state and own receipts reject corruption behind a later look
  ✔ missing escort row (115.026875ms)
  ✔ substituted bound NPC (64.976458ms)
  ✔ wrong quest instance (93.363625ms)
  ✔ wrong originating continuation (200.301416ms)
  ✔ following NPC in another room (73.231167ms)
  ✔ separated without committed death (94.34025ms)
  ✔ rescue message removed from Vesper (98.996167ms)
  ✔ rescue branch changed to stays (105.391667ms)
  ✔ missing start receipt (106.77025ms)
  ✔ old start receipt missing escort transition (148.753584ms)
  ✔ forged rescued terminal without turn-in (80.176875ms)
  ✔ rescued terminal rewritten to stays (114.347958ms)
  ✔ completed Wren moved away from Elspeth (104.08875ms)
✔ retained rescue identity, physical state and own receipts reject corruption behind a later look (1406.067167ms)
(node:71873) [MODULE_TYPELESS_PACKAGE_JSON] Warning: Module type of [redacted-path] is not specified and it doesn't parse as CommonJS.
Reparsing as ES module because module syntax was detected. This incurs a performance overhead.
To eliminate this warning, add "type": "module" to [redacted-path]
(Use `node --trace-warnings ...` to show where the warning was created)
✔ file-backed riddle cold opens before, after wrong and after success with exact replay/conflict (513.847583ms)
✔ stored riddle command, binding and root evidence mismatches become typed save corruption (998.260708ms)
▶ malformed retained riddle source offers typed recovery and explicit Start over
  ✔ null source (121.119625ms)
  ✔ missing source (191.140917ms)
✔ malformed retained riddle source offers typed recovery and explicit Start over (313.054917ms)
✔ answer input refreshes only across unchanged offered riddle context and reads its own eventless receipt (157.289167ms)
✔ failed and lost COMMIT answers retain the exact invocation and answer until reconciliation (348.175459ms)
(node:71883) [MODULE_TYPELESS_PACKAGE_JSON] Warning: Module type of [redacted-path] is not specified and it doesn't parse as CommonJS.
Reparsing as ES module because module syntax was detected. This incurs a performance overhead.
To eliminate this warning, add "type": "module" to [redacted-path]
(Use `node --trace-warnings ...` to show where the warning was created)
✔ exit door actions keep their direction and remain separate from walking (5.561541ms)
✔ worn items and reachable nested contents offer actions on their own ids (6.073166ms)
✔ same-room actions retain projected item pages and remove pages hidden by a closed lid (0.880708ms)
✔ chapter changes queue one title which survives scene lines and acknowledgement (0.321292ms)
✔ band phrases and the hp accessibility label use the cartridge catalog (0.533042ms)
✔ scene Continue and position verbs have dedicated groups (0.386209ms)
(node:71889) [MODULE_TYPELESS_PACKAGE_JSON] Warning: Module type of [redacted-path] is not specified and it doesn't parse as CommonJS.
Reparsing as ES module because module syntax was detected. This incurs a performance overhead.
To eliminate this warning, add "type": "module" to [redacted-path]
(Use `node --trace-warnings ...` to show where the warning was created)
✔ combat page lists offered controls vertically below history in one scroll (7.199084ms)
✔ committed opponent death narrates once through the existing subscription (0.467958ms)
✔ confirmed encounter foregrounds another page and closure or death restores the World (20.786375ms)
✔ Attack opens its committed page; pending and refused Flee stay until committed escape (8.237291ms)
✔ reopening an encounter restores the combat page and last committed narration (0.713208ms)
✔ reopening after escape or either death never restores combat into the World log (4.428167ms)
(node:71891) [MODULE_TYPELESS_PACKAGE_JSON] Warning: Module type of [redacted-path] is not specified and it doesn't parse as CommonJS.
Reparsing as ES module because module syntax was detected. This incurs a performance overhead.
To eliminate this warning, add "type": "module" to [redacted-path]
(Use `node --trace-warnings ...` to show where the warning was created)
✔ Book patch and Wick controls use confirmed exact targets, readiness and journal state (439.803709ms)
(node:71929) [MODULE_TYPELESS_PACKAGE_JSON] Warning: Module type of [redacted-path] is not specified and it doesn't parse as CommonJS.
Reparsing as ES module because module syntax was detected. This incurs a performance overhead.
To eliminate this warning, add "type": "module" to [redacted-path]
(Use `node --trace-warnings ...` to show where the warning was created)
✔ retained item results appear chronologically between description and options, empty log omitted (149.262666ms)
(node:71931) [MODULE_TYPELESS_PACKAGE_JSON] Warning: Module type of [redacted-path] is not specified and it doesn't parse as CommonJS.
Reparsing as ES module because module syntax was detected. This incurs a performance overhead.
To eliminate this warning, add "type": "module" to [redacted-path]
(Use `node --trace-warnings ...` to show where the warning was created)
✔ a drag points at the exit in its 90-degree quadrant, only if that exit exists (1.064916ms)
✔ a drag inside the cancel radius points at nothing (0.107833ms)
✔ the label sits opposite the drag, and above for a kept note (0.5515ms)
✔ stair nodes are reached by dragging out to them, only when the exit exists (0.089625ms)
✔ a choice opened during a drag keeps the original context stale and commits no move (157.91175ms)
✔ refused drags do not grow the log without bound (317.408708ms)
(node:71951) [MODULE_TYPELESS_PACKAGE_JSON] Warning: Module type of [redacted-path] is not specified and it doesn't parse as CommonJS.
Reparsing as ES module because module syntax was detected. This incurs a performance overhead.
To eliminate this warning, add "type": "module" to [redacted-path]
(Use `node --trace-warnings ...` to show where the warning was created)
✔ web keyboard uses offered exits and keeps focused controls (6.563708ms)
✔ Book captures movement keys only on an active World page (7.268125ms)
(node:71953) [MODULE_TYPELESS_PACKAGE_JSON] Warning: Module type of [redacted-path] is not specified and it doesn't parse as CommonJS.
Reparsing as ES module because module syntax was detected. This incurs a performance overhead.
To eliminate this warning, add "type": "module" to [redacted-path]
(Use `node --trace-warnings ...` to show where the warning was created)
✔ Book preserves exact water pairs and invalidates changed quantities in displayed context (435.717167ms)
✔ Book restores liquid narration on the exact saved source detail after SQLite reopen (299.339292ms)
✔ loaded liquid aliases reach exact Book presses and matching target/input/policy refusal (2151.386583ms)
✔ aliased liquid freshness refuses a stale pair after another committed drink (200.034292ms)
(node:71954) [MODULE_TYPELESS_PACKAGE_JSON] Warning: Module type of [redacted-path] is not specified and it doesn't parse as CommonJS.
Reparsing as ES module because module syntax was detected. This incurs a performance overhead.
To eliminate this warning, add "type": "module" to [redacted-path]
(Use `node --trace-warnings ...` to show where the warning was created)
✔ after Bram acceptance an unchanged north drag crosses a pulse and commits exactly one move (154.326833ms)
✔ sampler Bram offers at19:00 and receives the fetched lantern the next day without waiting (147.416417ms)
✔ a captured north action never becomes north from a different origin room (24.807709ms)
✔ Maud acceptance, position and item buttons survive elapsed-only redraws (106.417667ms)
✔ an altered captured choice is refused without sending a new decision (53.344ms)
✔ old Leave and departed Bram actions keep stale refusal after context changes (49.94ms)
✔ a held answer refuses after its speaker departs during the elapsed pulse (22.844125ms)
✔ combat context changes refuse old Look while an unchanged encounter tolerates a pulse (54.076708ms)
✔ pending move retry adopts its original durable receipt once without a second action (28.013667ms)
✔ withdrawn or changed-context Notice controls retain their captured stale token (12.502375ms)
(node:71955) [MODULE_TYPELESS_PACKAGE_JSON] Warning: Module type of [redacted-path] is not specified and it doesn't parse as CommonJS.
Reparsing as ES module because module syntax was detected. This incurs a performance overhead.
To eliminate this warning, add "type": "module" to [redacted-path]
(Use `node --trace-warnings ...` to show where the warning was created)
✔ exits, the look title, place actions and a thing page come from the right buttons (1.364791ms)
✔ position cycling skips absent offers and retains the offered freshness (0.138875ms)
✔ a touch link is shown as its label (0.164791ms)
✔ a choice's answers and Close are their own group, not place actions (0.125791ms)
✔ the character label says the hp band and no other (0.16225ms)
✔ the absent-speaker line shows only when the speaker is not here (0.148ms)
✔ a restored choice opens its actual speaker detail or retained conversation (0.159875ms)
✔ a closed exit's log line and a capitalised title (0.137792ms)
✔ a move refused at 0 MV says the body is too exhausted (0.099833ms)
✔ a hint survives a store that throws, for this session (0.837333ms)
✔ the status line shows the double hour as its earthly branch (0.272917ms)
(node:71957) [MODULE_TYPELESS_PACKAGE_JSON] Warning: Module type of [redacted-path] is not specified and it doesn't parse as CommonJS.
Reparsing as ES module because module syntax was detected. This incurs a performance overhead.
To eliminate this warning, add "type": "module" to [redacted-path]
(Use `node --trace-warnings ...` to show where the warning was created)
✔ landing detail and two board children read exact targets and pop back without navigation receipts (224.480542ms)
✔ the south search reaches the oak and returns through visible fox clues (53.681333ms)
✔ cold Continue shows the confirmed notice once and restores its return route without Read (108.910958ms)
✔ an uncertain child read keeps an empty detail until its one receipt is confirmed (58.4195ms)
✔ long elapsed redraw retains board route and a real room change prunes it (56.004708ms)
✔ notice entries use available exact-target aliases and expose unavailable reasons (57.859459ms)
✔ Elspeth stays reachable all day and her Book replies direct a newcomer along usable exits (271.625625ms)
✔ Q1 drawing opens full item detail with Take and local Leave (69.125666ms)
✔ plank and hollow open descriptive noun detail pages without story credit (115.9435ms)
✔ Study is a detail-only empty-target control after Read/history and refreshes across elapsed redraw (89.438ms)
✔ pending Study retains its detail context and restores exactly once without World narration (149.553583ms)
(node:71959) [MODULE_TYPELESS_PACKAGE_JSON] Warning: Module type of [redacted-path] is not specified and it doesn't parse as CommonJS.
Reparsing as ES module because module syntax was detected. This incurs a performance overhead.
To eliminate this warning, add "type": "module" to [redacted-path]
(Use `node --trace-warnings ...` to show where the warning was created)
✔ room is focused while Map retains directions and every detail returns to the world (224.89525ms)
✔ a postcommit narration read fault preserves the saved result and clears retry context (87.224958ms)
✔ NPC history has distinct journal events and one confirmed Leave after the scrolling log (176.458833ms)
✔ only World position taps directly cycle the offered states with captured freshness (64.72425ms)
✔ an NPC choice retried from the world keeps its result in the original detail (38.882542ms)
✔ only confirmed pickup returns World, including a retry from another page (137.22ms)
✔ touch omits incomplete Give but the complete item and recipient command remains valid (60.45375ms)
✔ inventory Drop returns World with one named event only after confirmation (59.568458ms)
✔ other item actions retain their detail and show their consequences there (25.832416ms)
✔ elapsed confirmed boundaries retain Conversation and chapter acknowledgment without page flips (56.039833ms)
✔ delayed Take returns once with its original item name after a conflicting tap (91.923834ms)
✔ delayed actual quest completion adds one authored result and Journal updated in original history (88.507459ms)
✔ actual trunk detail explains refused Take and restores its button after Remove then Drop (245.404208ms)
(node:71961) [MODULE_TYPELESS_PACKAGE_JSON] Warning: Module type of [redacted-path] is not specified and it doesn't parse as CommonJS.
Reparsing as ES module because module syntax was detected. This incurs a performance overhead.
To eliminate this warning, add "type": "module" to [redacted-path]
(Use `node --trace-warnings ...` to show where the warning was created)
✔ pending and refused Take/Drop/Leave retain detail routing and unchanged custody (8.1545ms)
✔ journal cues belong only to changed NPC histories (0.384958ms)
✔ recovery removes the current heading but retains an unclassified consequence (0.181458ms)
✔ confirmed room change clears old history before adding new authored consequences (0.246959ms)
✔ World omits the routine Close fallback while retaining authored consequences (0.188167ms)
✔ a restored committed narration is not duplicated by its pending receipt retry (0.176625ms)
✔ a move rejected for want of MV says the body is too exhausted (0.107333ms)
✔ the log stops growing in one room, its last line the latest answer (3.632583ms)
✔ the save-error line says a pending start over in words and shows any other message (0.993792ms)
✔ a narration recovery fault holds combat results while their line routing is unavailable (0.957583ms)
✔ combat receipt history is once-only when completion follows an already displayed state (0.422041ms)
(node:71962) [MODULE_TYPELESS_PACKAGE_JSON] Warning: Module type of [redacted-path] is not specified and it doesn't parse as CommonJS.
Reparsing as ES module because module syntax was detected. This incurs a performance overhead.
To eliminate this warning, add "type": "module" to [redacted-path]
(Use `node --trace-warnings ...` to show where the warning was created)
✔ actual nested book Item opens locally and Read stays between description and options with local Back (484.828291ms)
(node:71963) [MODULE_TYPELESS_PACKAGE_JSON] Warning: Module type of [redacted-path] is not specified and it doesn't parse as CommonJS.
Reparsing as ES module because module syntax was detected. This incurs a performance overhead.
To eliminate this warning, add "type": "module" to [redacted-path]
(Use `node --trace-warnings ...` to show where the warning was created)
✔ production Read targets retain confirmed detail messages without changing state (149.748125ms)
✔ uncertain Read recovers its one receipt and narration, then reads again after cold reopen (65.487167ms)
✔ stale and refused Read retain their target and never narrate an unread body (24.859917ms)
✔ held Read survives the authored 68350 to 68400 pulse with authority freshness intact (52.448458ms)
✔ cold reopen refuses a committed Read whose stored target is malformed (100.3635ms)
✔ invalid Read JSON offers in-place Start over and leaves older pins explicitly refused (119.458333ms)
(node:71966) [MODULE_TYPELESS_PACKAGE_JSON] Warning: Module type of [redacted-path] is not specified and it doesn't parse as CommonJS.
Reparsing as ES module because module syntax was detected. This incurs a performance overhead.
To eliminate this warning, add "type": "module" to [redacted-path]
(Use `node --trace-warnings ...` to show where the warning was created)
✔ Book sends the projected Put pair and original freshness through normal touch and receipt routing (196.756834ms)
(node:71969) [MODULE_TYPELESS_PACKAGE_JSON] Warning: Module type of [redacted-path] is not specified and it doesn't parse as CommonJS.
Reparsing as ES module because module syntax was detected. This incurs a performance overhead.
To eliminate this warning, add "type": "module" to [redacted-path]
(Use `node --trace-warnings ...` to show where the warning was created)
✔ NPC detail tiles edit a bounded word and submit retry/correct results after history (373.50875ms)
(node:71970) [MODULE_TYPELESS_PACKAGE_JSON] Warning: Module type of [redacted-path] is not specified and it doesn't parse as CommonJS.
Reparsing as ES module because module syntax was detected. This incurs a performance overhead.
To eliminate this warning, add "type": "module" to [redacted-path]
(Use `node --trace-warnings ...` to show where the warning was created)
✔ Peg detail binds exact available item, merchant and quote (196.726458ms)
(node:71971) [MODULE_TYPELESS_PACKAGE_JSON] Warning: Module type of [redacted-path] is not specified and it doesn't parse as CommonJS.
Reparsing as ES module because module syntax was detected. This incurs a performance overhead.
To eliminate this warning, add "type": "module" to [redacted-path]
(Use `node --trace-warnings ...` to show where the warning was created)
✔ talk by day offers one button per choice and Close; carry narrates (110.25175ms)
✔ a second press from the same screen is a stale view and changes nothing (19.990916ms)
✔ a reopen shows the last committed narration first; a fresh game none (92.468667ms)
✔ walked away: the choices say why, Close leaves the quest open, the landing resolves it (84.266792ms)
✔ the log has story words, never a kernel code, across both endings (201.829084ms)
✔ an NPC who leaves while you stay is logged, and nothing else (68.64725ms)
✔ closed answers and a stale answer give their reason in words, not their code (63.732375ms)
✔ the Lantern gate unlocks and opens through its projected exit buttons (97.723667ms)
(node:71973) [MODULE_TYPELESS_PACKAGE_JSON] Warning: Module type of [redacted-path] is not specified and it doesn't parse as CommonJS.
Reparsing as ES module because module syntax was detected. This incurs a performance overhead.
To eliminate this warning, add "type": "module" to [redacted-path]
(Use `node --trace-warnings ...` to show where the warning was created)
✔ Character draws projected attributes and acquired qualification with authored labels (4.401667ms)
✔ item equipment detail copies current typed slot/profile/requirement and block chance (0.416292ms)
✔ Book interaction teaches swords then dodge in Tobin detail and recovers each committed result once (419.473875ms)
✔ shared item detail draws confirmed fuel for lit and exhausted items (3.101417ms)
(node:71975) [MODULE_TYPELESS_PACKAGE_JSON] Warning: Module type of [redacted-path] is not specified and it doesn't parse as CommonJS.
Reparsing as ES module because module syntax was detected. This incurs a performance overhead.
To eliminate this warning, add "type": "module" to [redacted-path]
(Use `node --trace-warnings ...` to show where the warning was created)
✔ the app opens and replaces only its chapter save, preserving existing Lantern and sampler saves (467.976875ms)
✔ the 0.0.9 chapter save is refused intact until explicit Start over (65.3125ms)
✔ actual App pause and resume preserve 9ms plus 11ms as exactly one logical unit (123.350667ms)
✔ actual App stops unknown storage wakeups and resumes after confirmed user recovery (86.980042ms)
✔ old App wakeups cannot mutate the same remounted Game or a replacement save (134.257666ms)
(node:71976) [MODULE_TYPELESS_PACKAGE_JSON] Warning: Module type of [redacted-path] is not specified and it doesn't parse as CommonJS.
Reparsing as ES module because module syntax was detected. This incurs a performance overhead.
To eliminate this warning, add "type": "module" to [redacted-path]
(Use `node --trace-warnings ...` to show where the warning was created)
✔ git failing drops an inherited stamp (1116.152958ms)
(node:71981) [MODULE_TYPELESS_PACKAGE_JSON] Warning: Module type of [redacted-path] is not specified and it doesn't parse as CommonJS.
Reparsing as ES module because module syntax was detected. This incurs a performance overhead.
To eliminate this warning, add "type": "module" to [redacted-path]
(Use `node --trace-warnings ...` to show where the warning was created)
✔ Web reads preserve bound ordered rows beyond the bulk response capacity (5.307083ms)
ℹ tests 498
ℹ suites 0
ℹ pass 497
ℹ fail 0
ℹ cancelled 0
ℹ skipped 1
ℹ todo 0
ℹ duration_ms 47488.291458
