(node:70363) [MODULE_TYPELESS_PACKAGE_JSON] Warning: Module type of [redacted-path] is not specified and it doesn't parse as CommonJS.
Reparsing as ES module because module syntax was detected. This incurs a performance overhead.
To eliminate this warning, add "type": "module" to [redacted-path]
(Use `node --trace-warnings ...` to show where the warning was created)
✖ Book remount during lost Read acknowledgement waits for confirmation then routes its one recovered page (194.026ms)
ℹ tests 1
ℹ suites 0
ℹ pass 0
ℹ fail 1
ℹ cancelled 0
ℹ skipped 0
ℹ todo 0
ℹ duration_ms 714.999375

✖ failing tests:

test at mobile/authority/local-story/priory.test.ts:300:1
✖ Book remount during lost Read acknowledgement waits for confirmation then routes its one recovered page (194.026ms)
  Error: no such table: unavailable_elapsed_reads
      at readFault ([redacted-path])
      at Object.getFirstSync ([redacted-path])
      at narration ([redacted-path])
      at Object.narration [as lastNarration] ([redacted-path])
      at restoredLogs ([redacted-path])
      at presenter ([redacted-path])
      at TestContext.<anonymous> ([redacted-path])
      at Test.runInAsyncScope (node:async_hooks:227:14)
      at Test.run (node:internal/test_runner/test:1402:25)
      at Test.start (node:internal/test_runner/test:1262:17) {
    code: 'ERR_SQLITE_ERROR',
    errcode: 1,
    errstr: 'SQL logic error'
  }
