(node:82136) [MODULE_TYPELESS_PACKAGE_JSON] Warning: Module type of file://[redacted-path] is not specified and it doesn't parse as CommonJS.
Reparsing as ES module because module syntax was detected. This incurs a performance overhead.
To eliminate this warning, add "type": "module" to [redacted-path]
(Use `node --trace-warnings ...` to show where the warning was created)
✖ Book restores the exact settled Ward or Bell through its parents once, beneath chapter Continue (229.179333ms)
ℹ tests 1
ℹ suites 0
ℹ pass 0
ℹ fail 1
ℹ cancelled 0
ℹ skipped 0
ℹ todo 0
ℹ duration_ms 887.892167

✖ failing tests:

test at mobile/app/book/priory.test.ts:146:1
✖ Book restores the exact settled Ward or Bell through its parents once, beneath chapter Continue (229.179333ms)
  AssertionError [ERR_ASSERTION]: Expected values to be strictly deep-equal:
  + actual - expected
  
  + []
  - [
  -   {
  -     kind: 'carrying'
  -   },
  -   {
  -     id: 'cf0d9c5d-717d-8796-b5f0-095efed5e284',
  -     kind: 'thing'
  -   },
  -   {
  -     id: 'fe8a933a-59bb-8e0c-b129-e40cd6678f85',
  -     kind: 'thing'
  -   }
  - ]
  
      at TestContext.<anonymous> (file://[redacted-path]
      at Test.runInAsyncScope (node:async_hooks:227:14)
      at Test.run (node:internal/test_runner/test:1402:25)
      at Test.start (node:internal/test_runner/test:1262:17)
      at startSubtestAfterBootstrap (node:internal/test_runner/harness:387:17)
      at process.processTicksAndRejections (node:internal/process/task_queues:104:5) {
    generatedMessage: true,
    code: 'ERR_ASSERTION',
    actual: [],
    expected: [ { kind: 'carrying' }, { kind: 'thing', id: 'cf0d9c5d-717d-8796-b5f0-095efed5e284' }, { kind: 'thing', id: 'fe8a933a-59bb-8e0c-b129-e40cd6678f85' } ],
    operator: 'deepStrictEqual',
    diff: 'simple'
  }

Observed exit: 1
