(node:82176) [MODULE_TYPELESS_PACKAGE_JSON] Warning: Module type of file://[redacted-path] is not specified and it doesn't parse as CommonJS.
Reparsing as ES module because module syntax was detected. This incurs a performance overhead.
To eliminate this warning, add "type": "module" to [redacted-path]
(Use `node --trace-warnings ...` to show where the warning was created)
✔ actual nested book Item opens locally and Read stays between description and options with local Back (314.31525ms)
✔ Book restores the exact settled Ward or Bell through its parents once, beneath chapter Continue (531.462125ms)
(node:82177) [MODULE_TYPELESS_PACKAGE_JSON] Warning: Module type of file://[redacted-path] is not specified and it doesn't parse as CommonJS.
Reparsing as ES module because module syntax was detected. This incurs a performance overhead.
To eliminate this warning, add "type": "module" to [redacted-path]
(Use `node --trace-warnings ...` to show where the warning was created)
✔ real SQLite preserves original books through ground Take nested open Read closure travel and reread (1892.993083ms)
✔ real failed and lost COMMIT outcomes fence Read then retry and replay once (906.900042ms)
✔ historical Read and known-topic truth reject wrong actor book definition cause missing grants and closed custody (815.483291ms)
✔ actual fatal fight reopens with learned topics and gear-free recovery Takes the original books (269.255167ms)
✔ saved 19:00 novice overlap and 20:00 departure retain original pending speaker (181.452292ms)
✔ Book remount during lost Read acknowledgement waits for confirmation then routes its one recovered page (177.002084ms)
✔ readable-only SQLite recovery rejects forged narration without another history consumer (27.839292ms)
ℹ tests 9
ℹ suites 0
ℹ pass 9
ℹ fail 0
ℹ cancelled 0
ℹ skipped 0
ℹ todo 0
ℹ duration_ms 4661.289542
