(node:82174) [MODULE_TYPELESS_PACKAGE_JSON] Warning: Module type of file://[redacted-path] is not specified and it doesn't parse as CommonJS.
Reparsing as ES module because module syntax was detected. This incurs a performance overhead.
To eliminate this warning, add "type": "module" to [redacted-path]
(Use `node --trace-warnings ...` to show where the warning was created)
✖ readable-only SQLite recovery rejects forged narration without another history consumer (35.609333ms)
ℹ tests 1
ℹ suites 0
ℹ pass 0
ℹ fail 1
ℹ cancelled 0
ℹ skipped 0
ℹ todo 0
ℹ duration_ms 354.05225

✖ failing tests:

test at mobile/authority/local-story/priory.test.ts:330:1
✖ readable-only SQLite recovery rejects forged narration without another history consumer (35.609333ms)
  AssertionError [ERR_ASSERTION]: Expected values to be strictly equal:
  + actual - expected
  
  + 'open'
  - 'save_corrupt'
  
      at TestContext.<anonymous> (file://[redacted-path]
      at Test.runInAsyncScope (node:async_hooks:227:14)
      at Test.run (node:internal/test_runner/test:1402:25)
      at Test.start (node:internal/test_runner/test:1262:17)
      at startSubtestAfterBootstrap (node:internal/test_runner/harness:387:17)
      at process.processTicksAndRejections (node:internal/process/task_queues:104:5) {
    generatedMessage: true,
    code: 'ERR_ASSERTION',
    actual: 'open',
    expected: 'save_corrupt',
    operator: 'strictEqual',
    diff: 'simple'
  }

Observed exit: 1
