(node:48503) [MODULE_TYPELESS_PACKAGE_JSON] Warning: Module type of file://[local-path] is not specified and it doesn't parse as CommonJS.
Reparsing as ES module because module syntax was detected. This incurs a performance overhead.
To eliminate this warning, add "type": "module" to [local-path]
(Use `node --trace-warnings ...` to show where the warning was created)
✖ E1 training/social circuit pays for lessons and replays every selected conversation (6622.080916ms)
ℹ tests 1
ℹ suites 0
ℹ pass 0
ℹ fail 1
ℹ cancelled 0
ℹ skipped 0
ℹ todo 0
ℹ duration_ms 7171.392208

✖ failing tests:

test at kernel/ts/test/e1_dialogue_circuit.test.ts:18:1
✖ E1 training/social circuit pays for lessons and replays every selected conversation (6622.080916ms)
  AssertionError [ERR_ASSERTION]: Expected values to be strictly deep-equal:
  + actual - expected
  
    [
      'ada/leave',
  -   'ash/leave',
      'b_aldric/bell',
      'b_aldric/leave',
      'elspeth/directions',
      'elspeth/inn',
      'elspeth/wren',
  
      at TestContext.<anonymous> (file://[local-path]
      at Test.runInAsyncScope (node:async_hooks:226:14)
      at Test.run (node:internal/test_runner/test:1402:25)
      at Test.start (node:internal/test_runner/test:1262:17)
      at startSubtestAfterBootstrap (node:internal/test_runner/harness:387:17)
      at process.processTicksAndRejections (node:internal/process/task_queues:104:5) {
    generatedMessage: true,
    code: 'ERR_ASSERTION',
    actual: [ 'ada/leave', 'b_aldric/bell', 'b_aldric/leave', 'elspeth/directions', 'elspeth/inn', 'elspeth/wren', 'gareth/leave', 'hale/leave', 'hob/leave', 'peg_haggle/learn', 'sedge_herbalism/learn', 'sedge_swim/learn', 'tobin_dodge/learn', 'tobin_swords/learn', 'vesper/greet', 'wick_bandage/learn', 'wren/greet' ],
    expected: [
      'ada/leave',          'ash/leave',
      'b_aldric/bell',      'b_aldric/leave',
      'elspeth/directions', 'elspeth/inn',
      'elspeth/wren',       'gareth/leave',
      'hale/leave',         'hob/leave',
      'peg_haggle/learn',   'sedge_herbalism/learn',
      'sedge_swim/learn',   'tobin_dodge/learn',
      'tobin_swords/learn', 'vesper/greet',
      'wick_bandage/learn', 'wren/greet'
    ],
    operator: 'deepStrictEqual',
    diff: 'simple'
  }

exit_status=1
