(node:47924) [MODULE_TYPELESS_PACKAGE_JSON] Warning: Module type of <private-path> is not specified and it doesn't parse as CommonJS.
Reparsing as ES module because module syntax was detected. This incurs a performance overhead.
To eliminate this warning, add "type": "module" to <private-path>
(Use `node --trace-warnings ...` to show where the warning was created)
✔ room is focused while Map retains directions and every detail returns to the world (39.591542ms)
✔ a postcommit narration read fault preserves the saved result and clears retry context (17.906666ms)
✔ NPC details own choices and results while Leave preserves the pending conversation (28.293917ms)
✔ only the room position target opens offered controls and a seated player can stand (9.46ms)
✔ an NPC choice retried from the world keeps its result in the original detail (8.86075ms)
✔ only confirmed pickup returns World, including a retry from another page (13.572875ms)
✔ touch omits incomplete Give but the complete item and recipient command remains valid (9.830917ms)
✔ inventory Drop returns World with one named event only after confirmation (12.349916ms)
✔ other item actions retain their detail and World consequences (6.509084ms)
(node:47925) [MODULE_TYPELESS_PACKAGE_JSON] Warning: Module type of <private-path> is not specified and it doesn't parse as CommonJS.
Reparsing as ES module because module syntax was detected. This incurs a performance overhead.
To eliminate this warning, add "type": "module" to <private-path>
(Use `node --trace-warnings ...` to show where the warning was created)
✔ pending and refused Take/Drop retain detail routing and unchanged custody (2.086833ms)
✔ recovery removes the current heading but retains an unclassified consequence (0.143458ms)
✔ confirmed room change clears old history before adding new authored consequences (0.170125ms)
✔ World omits the routine Close fallback while retaining authored consequences (0.156542ms)
✔ a restored committed narration is not duplicated by its pending receipt retry (0.17925ms)
✔ a move rejected for want of MV says the body is too exhausted (0.078708ms)
✔ the log stops growing in one room, its last line the latest answer (0.84625ms)
✔ the save-error line says a pending start over in words and shows any other message (0.077333ms)
(node:47926) [MODULE_TYPELESS_PACKAGE_JSON] Warning: Module type of <private-path> is not specified and it doesn't parse as CommonJS.
Reparsing as ES module because module syntax was detected. This incurs a performance overhead.
To eliminate this warning, add "type": "module" to <private-path>
(Use `node --trace-warnings ...` to show where the warning was created)
✔ talk by day offers one button per choice and Close; carry narrates (56.951458ms)
✔ a second press from the same screen is a stale view and changes nothing (11.39775ms)
✔ a reopen shows the last committed narration first; a fresh game none (30.829042ms)
✔ walked away: the choices say why, Close leaves the quest open, the landing resolves it (29.165292ms)
✔ the log has story words, never a kernel code, across both endings (55.986833ms)
✔ an NPC who leaves while you stay is logged, and nothing else (31.258375ms)
✔ closed answers and a stale answer give their reason in words, not their code (31.223959ms)
✔ the Lantern gate unlocks and opens through its projected exit buttons (21.318875ms)
(node:47927) [MODULE_TYPELESS_PACKAGE_JSON] Warning: Module type of <private-path> is not specified and it doesn't parse as CommonJS.
Reparsing as ES module because module syntax was detected. This incurs a performance overhead.
To eliminate this warning, add "type": "module" to <private-path>
(Use `node --trace-warnings ...` to show where the warning was created)
✔ a scripted session survives a restart and plays on (32.636458ms)
✔ an invalid press before a save does not make the next id collide after a restart (9.387792ms)
✔ an unknown COMMIT shows pending, not a success; a restart shows what committed (7.241584ms)
✔ a pending press is retried with its own id and replays what committed (6.622375ms)
✔ a same-scope receipt from another allocator does not move the id counter (11.142542ms)
✔ a failed write is not claimed unsaved; the next press retries it (6.033ms)
✔ a read error after a durable commit does not commit the press twice (5.932125ms)
✔ a confirmed receipt that is not a decision is a conflict and ends the attempt (6.868833ms)
✔ start over replaces a file that does not open with a fresh game (17.717791ms)
✔ start over of a damaged identity keeps the file and its old run (11.885209ms)
✔ a damaged receipt index fails the open with start over, which gives a fresh game (13.624125ms)
✔ a newer app's save is never started over (6.52425ms)
✔ a start over whose delete failed can be tried again (5.04625ms)
✔ an open that fails but not as corrupt is never started over (3.444917ms)
✔ a start over that fails during play keeps the game and its retry (5.112833ms)
✔ a pending start over leaves no game to play until it settles (10.802ms)
✔ the gate tap script ends at its declared state, wherever the kills fall (32.888583ms)
﹣ the save copied from the phone equals the reference (0.055917ms) # SKIP
ℹ tests 43
ℹ suites 0
ℹ pass 42
ℹ fail 0
ℹ cancelled 0
ℹ skipped 1
ℹ todo 0
ℹ duration_ms 606.060583
