(node:34857) [MODULE_TYPELESS_PACKAGE_JSON] Warning: Module type of <private-path> is not specified and it doesn't parse as CommonJS.
Reparsing as ES module because module syntax was detected. This incurs a performance overhead.
To eliminate this warning, add "type": "module" to <private-path>
(Use `node --trace-warnings ...` to show where the warning was created)
✔ room is focused while Map retains directions and every detail returns to the world (39.820959ms)
✔ NPC details own choices and results while Leave preserves the pending conversation (35.058209ms)
✔ only the room position target opens offered controls and a seated player can stand (10.47425ms)
✔ an NPC choice retried from the world keeps its result in the original detail (8.629375ms)
✔ only confirmed pickup returns World, including a retry from another page (13.993291ms)
✔ touch omits incomplete Give but the complete item and recipient command remains valid (8.8495ms)
✔ inventory Drop returns World with one named event only after confirmation (12.85225ms)
✔ other item actions retain their detail and World consequences (5.946292ms)
ℹ tests 8
ℹ suites 0
ℹ pass 8
ℹ fail 0
ℹ cancelled 0
ℹ skipped 0
ℹ todo 0
ℹ duration_ms 435.0025
