(node:34854) [MODULE_TYPELESS_PACKAGE_JSON] Warning: Module type of <private-path> is not specified and it doesn't parse as CommonJS.
Reparsing as ES module because module syntax was detected. This incurs a performance overhead.
To eliminate this warning, add "type": "module" to <private-path>
(Use `node --trace-warnings ...` to show where the warning was created)
✔ room is focused while Map retains directions and every detail returns to the world (41.069459ms)
✖ NPC details own choices and results while Leave preserves the pending conversation (13.236833ms)
✔ only the room position target opens offered controls and a seated player can stand (10.412792ms)
✔ an NPC choice retried from the world keeps its result in the original detail (10.610125ms)
✔ only confirmed pickup returns World, including a retry from another page (14.65975ms)
✔ touch omits incomplete Give but the complete item and recipient command remains valid (9.404416ms)
✔ inventory Drop returns World with one named event only after confirmation (12.744125ms)
✔ other item actions retain their detail and World consequences (6.446792ms)
ℹ tests 8
ℹ suites 0
ℹ pass 7
ℹ fail 1
ℹ cancelled 0
ℹ skipped 0
ℹ todo 0
ℹ duration_ms 419.322542

✖ failing tests:

test at mobile/app/book/polish.test.ts:185:1
✖ NPC details own choices and results while Leave preserves the pending conversation (13.236833ms)
  AssertionError [ERR_ASSERTION]: Expected values to be strictly equal:
  
  3 !== 2
  
      at TestContext.<anonymous> (<private-path>)
      at Test.runInAsyncScope (node:async_hooks:227:14)
      at Test.run (node:internal/test_runner/test:1402:25)
      at Test.processPendingSubtests (node:internal/test_runner/test:974:18)
      at Test.postRun (node:internal/test_runner/test:1542:19)
      at Test.run (node:internal/test_runner/test:1467:12)
      at process.processTicksAndRejections (node:internal/process/task_queues:104:5)
      at async startSubtestAfterBootstrap (node:internal/test_runner/harness:387:3) {
    generatedMessage: true,
    code: 'ERR_ASSERTION',
    actual: 3,
    expected: 2,
    operator: 'strictEqual',
    diff: 'simple'
  }
