(node:35088) [MODULE_TYPELESS_PACKAGE_JSON] Warning: Module type of <private-path> is not specified and it doesn't parse as CommonJS.
Reparsing as ES module because module syntax was detected. This incurs a performance overhead.
To eliminate this warning, add "type": "module" to <private-path>
(Use `node --trace-warnings ...` to show where the warning was created)
✔ room is focused while Map retains directions and every detail returns to the world (43.105334ms)
✔ NPC details own choices and results while Leave preserves the pending conversation (37.424167ms)
✔ only the room position target opens offered controls and a seated player can stand (10.416292ms)
✔ an NPC choice retried from the world keeps its result in the original detail (9.911917ms)
✔ only confirmed pickup returns World, including a retry from another page (15.481708ms)
✔ touch omits incomplete Give but the complete item and recipient command remains valid (9.695167ms)
✔ inventory Drop returns World with one named event only after confirmation (12.879458ms)
✔ other item actions retain their detail and World consequences (6.567833ms)
(node:35089) [MODULE_TYPELESS_PACKAGE_JSON] Warning: Module type of <private-path> is not specified and it doesn't parse as CommonJS.
Reparsing as ES module because module syntax was detected. This incurs a performance overhead.
To eliminate this warning, add "type": "module" to <private-path>
(Use `node --trace-warnings ...` to show where the warning was created)
✔ recovery removes the current heading but retains an unclassified consequence (1.023208ms)
✔ confirmed room change clears old history before adding new authored consequences (0.354334ms)
✔ World omits the routine Close fallback while retaining authored consequences (0.141084ms)
✔ a restored committed narration is not duplicated by its pending receipt retry (0.149917ms)
✔ a move rejected for want of MV says the body is too exhausted (0.100583ms)
✔ the log stops growing in one room, its last line the latest answer (0.957375ms)
✔ the save-error line says a pending start over in words and shows any other message (0.091875ms)
(node:35090) [MODULE_TYPELESS_PACKAGE_JSON] Warning: Module type of <private-path> is not specified and it doesn't parse as CommonJS.
Reparsing as ES module because module syntax was detected. This incurs a performance overhead.
To eliminate this warning, add "type": "module" to <private-path>
(Use `node --trace-warnings ...` to show where the warning was created)
✔ talk by day offers one button per choice and Close; carry narrates (43.443208ms)
✔ a second press from the same screen is a stale view and changes nothing (12.103041ms)
✔ a reopen shows the last committed narration first; a fresh game none (26.18425ms)
✔ walked away: the choices say why, Close leaves the quest open, the landing resolves it (28.303375ms)
✔ the log has story words, never a kernel code, across both endings (60.181375ms)
✔ an NPC who leaves while you stay is logged, and nothing else (35.240875ms)
✔ closed answers and a stale answer give their reason in words, not their code (27.474ms)
✔ the Lantern gate unlocks and opens through its projected exit buttons (26.554333ms)
(node:35091) [MODULE_TYPELESS_PACKAGE_JSON] Warning: Module type of <private-path> is not specified and it doesn't parse as CommonJS.
Reparsing as ES module because module syntax was detected. This incurs a performance overhead.
To eliminate this warning, add "type": "module" to <private-path>
(Use `node --trace-warnings ...` to show where the warning was created)
✔ a scripted session survives a restart and plays on (28.836208ms)
✔ an invalid press before a save does not make the next id collide after a restart (9.500292ms)
✔ an unknown COMMIT shows pending, not a success; a restart shows what committed (7.192416ms)
✔ a pending press is retried with its own id and replays what committed (9.01575ms)
✔ a same-scope receipt from another allocator does not move the id counter (10.879958ms)
✔ a failed write is not claimed unsaved; the next press retries it (6.825625ms)
✔ a read error after a durable commit does not commit the press twice (8.936542ms)
✔ a confirmed receipt that is not a decision is a conflict and ends the attempt (6.828584ms)
✔ start over replaces a file that does not open with a fresh game (18.669459ms)
✔ start over of a damaged identity keeps the file and its old run (12.004333ms)
✔ a damaged receipt index fails the open with start over, which gives a fresh game (11.905292ms)
✔ a newer app's save is never started over (10.601125ms)
✔ a start over whose delete failed can be tried again (7.1315ms)
✔ an open that fails but not as corrupt is never started over (3.70375ms)
✔ a start over that fails during play keeps the game and its retry (9.2955ms)
✔ a pending start over leaves no game to play until it settles (8.949625ms)
✔ the gate tap script ends at its declared state, wherever the kills fall (33.780458ms)
﹣ the save copied from the phone equals the reference (0.065375ms) # SKIP
ℹ tests 41
ℹ suites 0
ℹ pass 40
ℹ fail 0
ℹ cancelled 0
ℹ skipped 1
ℹ todo 0
ℹ duration_ms 544.338166
