(node:48015) [MODULE_TYPELESS_PACKAGE_JSON] Warning: Module type of <private-path> is not specified and it doesn't parse as CommonJS.
Reparsing as ES module because module syntax was detected. This incurs a performance overhead.
To eliminate this warning, add "type": "module" to <private-path>
(Use `node --trace-warnings ...` to show where the warning was created)
✔ room is focused while Map retains directions and every detail returns to the world (39.198708ms)
✔ a postcommit narration read fault preserves the saved result and clears retry context (17.411542ms)
✔ NPC details own choices and results while Leave preserves the pending conversation (29.602542ms)
✔ only the room position target opens offered controls and a seated player can stand (9.645167ms)
✔ an NPC choice retried from the world keeps its result in the original detail (8.544667ms)
✔ only confirmed pickup returns World, including a retry from another page (13.1765ms)
✔ touch omits incomplete Give but the complete item and recipient command remains valid (9.323125ms)
✔ inventory Drop returns World with one named event only after confirmation (12.248875ms)
✔ other item actions retain their detail and World consequences (6.04325ms)
(node:48016) [MODULE_TYPELESS_PACKAGE_JSON] Warning: Module type of <private-path> is not specified and it doesn't parse as CommonJS.
Reparsing as ES module because module syntax was detected. This incurs a performance overhead.
To eliminate this warning, add "type": "module" to <private-path>
(Use `node --trace-warnings ...` to show where the warning was created)
✔ pending and refused Take/Drop retain detail routing and unchanged custody (1.407167ms)
✔ recovery removes the current heading but retains an unclassified consequence (0.128041ms)
✔ confirmed room change clears old history before adding new authored consequences (0.167625ms)
✔ World omits the routine Close fallback while retaining authored consequences (0.147625ms)
✔ a restored committed narration is not duplicated by its pending receipt retry (0.175916ms)
✔ a move rejected for want of MV says the body is too exhausted (0.079333ms)
✔ the log stops growing in one room, its last line the latest answer (0.882833ms)
✔ the save-error line says a pending start over in words and shows any other message (0.075833ms)
ℹ tests 17
ℹ suites 0
ℹ pass 17
ℹ fail 0
ℹ cancelled 0
ℹ skipped 0
ℹ todo 0
ℹ duration_ms 452.464459
