(node:48006) [MODULE_TYPELESS_PACKAGE_JSON] Warning: Module type of <private-path> is not specified and it doesn't parse as CommonJS.
Reparsing as ES module because module syntax was detected. This incurs a performance overhead.
To eliminate this warning, add "type": "module" to <private-path>
(Use `node --trace-warnings ...` to show where the warning was created)
✖ pending and refused Take/Drop retain detail routing and unchanged custody (1.332ms)
✔ recovery removes the current heading but retains an unclassified consequence (0.488334ms)
✔ confirmed room change clears old history before adding new authored consequences (0.18575ms)
✔ World omits the routine Close fallback while retaining authored consequences (0.143375ms)
✔ a restored committed narration is not duplicated by its pending receipt retry (0.161625ms)
✔ a move rejected for want of MV says the body is too exhausted (0.102459ms)
✔ the log stops growing in one room, its last line the latest answer (0.837209ms)
✔ the save-error line says a pending start over in words and shows any other message (0.078875ms)
ℹ tests 8
ℹ suites 0
ℹ pass 7
ℹ fail 1
ℹ cancelled 0
ℹ skipped 0
ℹ todo 0
ℹ duration_ms 86.943208

✖ failing tests:

test at mobile/app/book/presenter.test.ts:32:1
✖ pending and refused Take/Drop retain detail routing and unchanged custody (1.332ms)
  AssertionError [ERR_ASSERTION]: Expected values to be strictly equal:
  
  true !== false
  
      at TestContext.<anonymous> (<private-path>)
      at Test.runInAsyncScope (node:async_hooks:227:14)
      at Test.run (node:internal/test_runner/test:1402:25)
      at Test.start (node:internal/test_runner/test:1262:17)
      at startSubtestAfterBootstrap (node:internal/test_runner/harness:387:17)
      at process.processTicksAndRejections (node:internal/process/task_queues:104:5) {
    generatedMessage: true,
    code: 'ERR_ASSERTION',
    actual: true,
    expected: false,
    operator: 'strictEqual',
    diff: 'simple'
  }
