(node:58900) [MODULE_TYPELESS_PACKAGE_JSON] Warning: Module type of <private-path> is not specified and it doesn't parse as CommonJS.
Reparsing as ES module because module syntax was detected. This incurs a performance overhead.
To eliminate this warning, add "type": "module" to <private-path>
(Use `node --trace-warnings ...` to show where the warning was created)
✖ room is focused while Map retains directions and every detail returns to the world (27.138833ms)
✔ a postcommit narration read fault preserves the saved result and clears retry context (16.991ms)
✔ NPC details own choices and results while Leave preserves the pending conversation (30.191583ms)
✔ only the room position target opens offered controls and a seated player can stand (10.503375ms)
✔ an NPC choice retried from the world keeps its result in the original detail (8.274042ms)
✔ only confirmed pickup returns World, including a retry from another page (14.563125ms)
✔ touch omits incomplete Give but the complete item and recipient command remains valid (9.90725ms)
✔ inventory Drop returns World with one named event only after confirmation (13.597375ms)
✔ other item actions retain their detail and World consequences (7.095459ms)
ℹ tests 9
ℹ suites 0
ℹ pass 8
ℹ fail 1
ℹ cancelled 0
ℹ skipped 0
ℹ todo 0
ℹ duration_ms 511.9315

✖ failing tests:

test at mobile/app/book/polish.test.ts:149:1
✖ room is focused while Map retains directions and every detail returns to the world (27.138833ms)
  AssertionError [ERR_ASSERTION]: Expected values to be strictly equal:
  
  2 !== 1
  
      at TestContext.<anonymous> (<private-path>)
      at Test.runInAsyncScope (node:async_hooks:227:14)
      at Test.run (node:internal/test_runner/test:1402:25)
      at Test.start (node:internal/test_runner/test:1262:17)
      at startSubtestAfterBootstrap (node:internal/test_runner/harness:387:17)
      at process.processTicksAndRejections (node:internal/process/task_queues:104:5) {
    generatedMessage: true,
    code: 'ERR_ASSERTION',
    actual: 2,
    expected: 1,
    operator: 'strictEqual',
    diff: 'simple'
  }
