(node:51345) [MODULE_TYPELESS_PACKAGE_JSON] Warning: Module type of <private-path> is not specified and it doesn't parse as CommonJS.
Reparsing as ES module because module syntax was detected. This incurs a performance overhead.
To eliminate this warning, add "type": "module" to <private-path>
(Use `node --trace-warnings ...` to show where the warning was created)
✖ room is focused while Map retains directions and every detail returns to the world (23.549042ms)
✔ a postcommit narration read fault preserves the saved result and clears retry context (20.369791ms)
✔ NPC details own choices and results while Leave preserves the pending conversation (32.749417ms)
✔ only the room position target opens offered controls and a seated player can stand (11.348834ms)
✔ an NPC choice retried from the world keeps its result in the original detail (8.987166ms)
✔ only confirmed pickup returns World, including a retry from another page (14.429459ms)
✔ touch omits incomplete Give but the complete item and recipient command remains valid (9.096375ms)
✔ inventory Drop returns World with one named event only after confirmation (12.8045ms)
✔ other item actions retain their detail and World consequences (6.766834ms)
(node:51346) [MODULE_TYPELESS_PACKAGE_JSON] Warning: Module type of <private-path> is not specified and it doesn't parse as CommonJS.
Reparsing as ES module because module syntax was detected. This incurs a performance overhead.
To eliminate this warning, add "type": "module" to <private-path>
(Use `node --trace-warnings ...` to show where the warning was created)
✔ pending and refused Take/Drop retain detail routing and unchanged custody (2.652042ms)
✔ recovery removes the current heading but retains an unclassified consequence (0.19475ms)
✔ confirmed room change clears old history before adding new authored consequences (0.565167ms)
✔ World omits the routine Close fallback while retaining authored consequences (0.179083ms)
✔ a restored committed narration is not duplicated by its pending receipt retry (10.160958ms)
✔ a move rejected for want of MV says the body is too exhausted (0.113458ms)
✔ the log stops growing in one room, its last line the latest answer (0.884084ms)
✔ the save-error line says a pending start over in words and shows any other message (0.084041ms)
(node:51347) [MODULE_TYPELESS_PACKAGE_JSON] Warning: Module type of <private-path> is not specified and it doesn't parse as CommonJS.
Reparsing as ES module because module syntax was detected. This incurs a performance overhead.
To eliminate this warning, add "type": "module" to <private-path>
(Use `node --trace-warnings ...` to show where the warning was created)
✔ talk by day offers one button per choice and Close; carry narrates (56.346084ms)
✔ a second press from the same screen is a stale view and changes nothing (15.661167ms)
✔ a reopen shows the last committed narration first; a fresh game none (34.067291ms)
✔ walked away: the choices say why, Close leaves the quest open, the landing resolves it (34.521709ms)
✔ the log has story words, never a kernel code, across both endings (59.97975ms)
✔ an NPC who leaves while you stay is logged, and nothing else (39.663041ms)
✔ closed answers and a stale answer give their reason in words, not their code (30.594083ms)
✔ the Lantern gate unlocks and opens through its projected exit buttons (22.687125ms)
(node:51348) [MODULE_TYPELESS_PACKAGE_JSON] Warning: Module type of <private-path> is not specified and it doesn't parse as CommonJS.
Reparsing as ES module because module syntax was detected. This incurs a performance overhead.
To eliminate this warning, add "type": "module" to <private-path>
(Use `node --trace-warnings ...` to show where the warning was created)
✔ a scripted session survives a restart and plays on (39.796042ms)
✔ an invalid press before a save does not make the next id collide after a restart (10.2305ms)
✔ an unknown COMMIT shows pending, not a success; a restart shows what committed (9.520958ms)
✔ a pending press is retried with its own id and replays what committed (10.281083ms)
✔ a same-scope receipt from another allocator does not move the id counter (11.453333ms)
✔ a failed write is not claimed unsaved; the next press retries it (7.048791ms)
✔ a read error after a durable commit does not commit the press twice (9.084166ms)
✔ a confirmed receipt that is not a decision is a conflict and ends the attempt (9.953958ms)
✔ start over replaces a file that does not open with a fresh game (20.667334ms)
✔ start over of a damaged identity keeps the file and its old run (10.901792ms)
✔ a damaged receipt index fails the open with start over, which gives a fresh game (13.598125ms)
✔ a newer app's save is never started over (6.337583ms)
✔ a start over whose delete failed can be tried again (5.605208ms)
✔ an open that fails but not as corrupt is never started over (3.661333ms)
✔ a start over that fails during play keeps the game and its retry (7.005167ms)
✔ a pending start over leaves no game to play until it settles (8.613042ms)
✔ the gate tap script ends at its declared state, wherever the kills fall (40.446958ms)
﹣ the save copied from the phone equals the reference (0.055083ms) # SKIP
ℹ tests 43
ℹ suites 0
ℹ pass 41
ℹ fail 1
ℹ cancelled 0
ℹ skipped 1
ℹ todo 0
ℹ duration_ms 643.636708

✖ failing tests:

test at mobile/app/book/polish.test.ts:149:1
✖ room is focused while Map retains directions and every detail returns to the world (23.549042ms)
  AssertionError [ERR_ASSERTION]: Expected values to be strictly equal:
  
  true !== false
  
      at TestContext.<anonymous> (<private-path>)
      at Test.runInAsyncScope (node:async_hooks:227:14)
      at Test.run (node:internal/test_runner/test:1402:25)
      at Test.start (node:internal/test_runner/test:1262:17)
      at startSubtestAfterBootstrap (node:internal/test_runner/harness:387:17)
      at process.processTicksAndRejections (node:internal/process/task_queues:104:5) {
    generatedMessage: true,
    code: 'ERR_ASSERTION',
    actual: true,
    expected: false,
    operator: 'strictEqual',
    diff: 'simple'
  }
