(node:48012) [MODULE_TYPELESS_PACKAGE_JSON] Warning: Module type of <private-path> is not specified and it doesn't parse as CommonJS.
Reparsing as ES module because module syntax was detected. This incurs a performance overhead.
To eliminate this warning, add "type": "module" to <private-path>
(Use `node --trace-warnings ...` to show where the warning was created)
✔ room is focused while Map retains directions and every detail returns to the world (41.744417ms)
✖ a postcommit narration read fault preserves the saved result and clears retry context (13.190917ms)
✔ NPC details own choices and results while Leave preserves the pending conversation (31.11975ms)
✔ only the room position target opens offered controls and a seated player can stand (9.90225ms)
✔ an NPC choice retried from the world keeps its result in the original detail (9.249292ms)
✔ only confirmed pickup returns World, including a retry from another page (13.614708ms)
✔ touch omits incomplete Give but the complete item and recipient command remains valid (9.723917ms)
✔ inventory Drop returns World with one named event only after confirmation (13.17575ms)
✔ other item actions retain their detail and World consequences (7.602083ms)
ℹ tests 9
ℹ suites 0
ℹ pass 8
ℹ fail 1
ℹ cancelled 0
ℹ skipped 0
ℹ todo 0
ℹ duration_ms 468.823791

✖ failing tests:

test at mobile/app/book/polish.test.ts:190:1
✖ a postcommit narration read fault preserves the saved result and clears retry context (13.190917ms)
  AssertionError [ERR_ASSERTION]: Got unwanted exception.
  Actual message: "no such table: missing_narration"
      at TestContext.<anonymous> (<private-path>)
      at Test.runInAsyncScope (node:async_hooks:227:14)
      at Test.run (node:internal/test_runner/test:1402:25)
      at Test.processPendingSubtests (node:internal/test_runner/test:974:18)
      at Test.postRun (node:internal/test_runner/test:1542:19)
      at Test.run (node:internal/test_runner/test:1467:12)
      at process.processTicksAndRejections (node:internal/process/task_queues:104:5)
      at async startSubtestAfterBootstrap (node:internal/test_runner/harness:387:3) {
    generatedMessage: false,
    code: 'ERR_ASSERTION',
    actual: Error: no such table: missing_narration
        at Object.getFirstSync (<private-path>)
        at narration (<private-path>)
        at Object.narration [as lastNarration] (<private-path>)
        at received (<private-path>)
        at pressed (<private-path>)
        at Object.press (<private-path>)
        at Object.press (<private-path>)
        at press (<private-path>)
        at Object.onPress (<private-path>)
        at Object.tap (<private-path>),
    expected: undefined,
    operator: 'doesNotThrow',
    diff: 'simple'
  }
