(node:34864) [MODULE_TYPELESS_PACKAGE_JSON] Warning: Module type of <private-path> is not specified and it doesn't parse as CommonJS.
Reparsing as ES module because module syntax was detected. This incurs a performance overhead.
To eliminate this warning, add "type": "module" to <private-path>
(Use `node --trace-warnings ...` to show where the warning was created)
✔ room is focused while Map retains directions and every detail returns to the world (40.037709ms)
✔ NPC details own choices and results while Leave preserves the pending conversation (35.133667ms)
✔ only the room position target opens offered controls and a seated player can stand (10.267084ms)
✔ an NPC choice retried from the world keeps its result in the original detail (9.831ms)
✔ only confirmed pickup returns World, including a retry from another page (14.850292ms)
✔ touch omits incomplete Give but the complete item and recipient command remains valid (9.5625ms)
✔ inventory Drop returns World with one named event only after confirmation (12.035083ms)
✔ other item actions retain their detail and World consequences (6.349583ms)
(node:34865) [MODULE_TYPELESS_PACKAGE_JSON] Warning: Module type of <private-path> is not specified and it doesn't parse as CommonJS.
Reparsing as ES module because module syntax was detected. This incurs a performance overhead.
To eliminate this warning, add "type": "module" to <private-path>
(Use `node --trace-warnings ...` to show where the warning was created)
✔ recovery removes the current heading but retains an unclassified consequence (1.030833ms)
✔ confirmed room change clears old history before adding new authored consequences (0.36075ms)
✔ World omits the routine Close fallback while retaining authored consequences (0.138792ms)
✔ a restored committed narration is not duplicated by its pending receipt retry (0.154458ms)
✔ a move rejected for want of MV says the body is too exhausted (0.098167ms)
✔ the log stops growing in one room, its last line the latest answer (0.951125ms)
✔ the save-error line says a pending start over in words and shows any other message (0.098334ms)
ℹ tests 15
ℹ suites 0
ℹ pass 15
ℹ fail 0
ℹ cancelled 0
ℹ skipped 0
ℹ todo 0
ℹ duration_ms 442.089792
