• passcodeRequired: false
ka pid=10002 nonce 4a14a95bc2214d98 -> P6RUN p6-1790970110401-n4a14a95bc2214d98 ka done records=4 mismatches=0 checks_failed=0
• passcodeRequired: false
n=4a14a95bc2214d98
sim pid=10004 nonce e0255e00d5041ff4 -> P6RUN p6-1790970113940-ne0255e00d5041ff4 sim done records=1530 mismatches=0 checks_failed=0
• passcodeRequired: false
n=e0255e00d5041ff4
carry1 pid=10007 nonce ab5f7727ccacc9cf -> P6RUN p6-1790970118179-nab5f7727ccacc9cf carry1 HOLD
ERROR: Failed to retrieve the file node for Documents/SQLite/p6-carry1.db (com.apple.dt.CoreDeviceError error 7000 (0x1B58))
ERROR: Failed to retrieve the file node for Documents/SQLite/p6-carry1.db-journal (com.apple.dt.CoreDeviceError error 7000 (0x1B58))
• passcodeRequired: false
n=ab5f7727ccacc9cf
carry2 pid=10008 nonce bc895bae61e1833b -> P6RUN p6-1790970121512-nbc895bae61e1833b carry2 done records=13 mismatches=0 checks_failed=0
• passcodeRequired: false
n=bc895bae61e1833b
leave1 pid=10010 nonce f73421261243d491 -> P6RUN p6-1790970124504-nf73421261243d491 leave1 HOLD
ERROR: Failed to retrieve the file node for Documents/SQLite/p6-leave1.db (com.apple.dt.CoreDeviceError error 7000 (0x1B58))
ERROR: Failed to retrieve the file node for Documents/SQLite/p6-leave1.db-journal (com.apple.dt.CoreDeviceError error 7000 (0x1B58))
• passcodeRequired: false
n=f73421261243d491
leave2 pid=10011 nonce 94e1905e927c9ade -> P6RUN p6-1790970127852-n94e1905e927c9ade leave2 done records=13 mismatches=0 checks_failed=0
• passcodeRequired: false
n=94e1905e927c9ade
lost pid=10013 nonce ce526c86ce0ea0aa -> P6RUN p6-1790970130820-nce526c86ce0ea0aa lost done records=25 mismatches=0 checks_failed=0
• passcodeRequired: false
n=ce526c86ce0ea0aa
dusk pid=10014 nonce e3a2e9bdc4512a59 -> P6RUN p6-1790970133777-ne3a2e9bdc4512a59 dusk done records=14 mismatches=0 checks_failed=0
• passcodeRequired: false
n=e3a2e9bdc4512a59
before pid=10016 nonce 778e6f4db8c3a400 -> P6RUN p6-1790970136753-n778e6f4db8c3a400 before done records=20 mismatches=0 checks_failed=0
• passcodeRequired: false
n=778e6f4db8c3a400
corrupt pid=10018 nonce dae246ff222136c0 -> P6RUN p6-1790970139705-ndae246ff222136c0 corrupt done records=30 mismatches=0 checks_failed=0
• passcodeRequired: false
n=dae246ff222136c0
hold1 pid=10020 nonce c81d022d53a26d72 -> P6RUN p6-1790970144013-nc81d022d53a26d72 hold1 HOLD
86016 p6-hold1.db
35360 p6-hold1.db-journal
• passcodeRequired: false
n=c81d022d53a26d72
hold1b pid=10022 nonce c0d6891ed1014039 -> P6RUN p6-1790970147490-nc0d6891ed1014039 hold1b done records=5 mismatches=0 checks_failed=0
• passcodeRequired: false
n=c0d6891ed1014039
hold2 pid=10024 nonce f346fbaa67b6c908 -> P6RUN p6-1790970150606-nf346fbaa67b6c908 hold2 HOLD
ERROR: Failed to retrieve the file node for Documents/SQLite/p6-hold2.db-journal (com.apple.dt.CoreDeviceError error 7000 (0x1B58))
90112 p6-hold2.db
• passcodeRequired: false
n=f346fbaa67b6c908
hold2b pid=10025 nonce 735d2cb5b7dce5ce -> P6RUN p6-1790970153977-n735d2cb5b7dce5ce hold2b done records=3 mismatches=0 checks_failed=0
• passcodeRequired: false
n=735d2cb5b7dce5ce
hold3 pid=10027 nonce 5bdc53e8ec099482 -> P6RUN p6-1790970156978-n5bdc53e8ec099482 hold3 HOLD
ERROR: Failed to retrieve the file node for Documents/SQLite/p6-hold3.db-journal (com.apple.dt.CoreDeviceError error 7000 (0x1B58))
94208 p6-hold3.db
• passcodeRequired: false
n=5bdc53e8ec099482
hold3b pid=10029 nonce 6bf2cca320869c96 -> P6RUN p6-1790970160370-n6bf2cca320869c96 hold3b done records=2 mismatches=0 checks_failed=0
