(node:63191) [MODULE_TYPELESS_PACKAGE_JSON] Warning: Module type of file://<worktree>/mobile/app/book/polish.test.ts is not specified and it doesn't parse as CommonJS.
Reparsing as ES module because module syntax was detected. This incurs a performance overhead.
To eliminate this warning, add "type": "module" to <worktree>/mobile/app/package.json.
(Use `node --trace-warnings ...` to show where the warning was created)
✖ corpse Contents Take returns to its detail with one local pickup and Back to World (209.0705ms)
ℹ tests 1
ℹ suites 0
ℹ pass 0
ℹ fail 1
ℹ cancelled 0
ℹ skipped 0
ℹ todo 0
ℹ duration_ms 1001.521625

✖ failing tests:

test at mobile/app/book/polish.test.ts:188:1
✖ corpse Contents Take returns to its detail with one local pickup and Back to World (209.0705ms)
  AssertionError [ERR_ASSERTION]: Expected values to be strictly deep-equal:
  + actual - expected
  
  + []
  - [
  -   '108d31a9-ff68-88c5-a9c4-55932025bd2f'
  - ]
  
      at TestContext.<anonymous> (file://<worktree>/mobile/app/book/polish.test.ts:214:10)
      at Test.runInAsyncScope (node:async_hooks:227:14)
      at Test.run (node:internal/test_runner/test:1402:25)
      at Test.start (node:internal/test_runner/test:1262:17)
      at startSubtestAfterBootstrap (node:internal/test_runner/harness:387:17)
      at process.processTicksAndRejections (node:internal/process/task_queues:104:5) {
    generatedMessage: true,
    code: 'ERR_ASSERTION',
    actual: [],
    expected: [ '108d31a9-ff68-88c5-a9c4-55932025bd2f' ],
    operator: 'deepStrictEqual',
    diff: 'simple'
  }
