✖ a real hound kill and pelt Take cold-reopen with conserved custody and evidence (303.404166ms)
ℹ tests 1
ℹ suites 0
ℹ pass 0
ℹ fail 1
ℹ cancelled 0
ℹ skipped 0
ℹ todo 0
ℹ duration_ms 837.070167

✖ failing tests:

test at mobile/authority/local-story/hounds.test.ts:68:1
✖ a real hound kill and pelt Take cold-reopen with conserved custody and evidence (303.404166ms)
  AssertionError [ERR_ASSERTION]: Missing expected exception.
      at TestContext.<anonymous> (file://<worktree>/mobile/authority/local-story/hounds.test.ts:128:10)
      at Test.runInAsyncScope (node:async_hooks:227:14)
      at Test.run (node:internal/test_runner/test:1402:25)
      at Test.start (node:internal/test_runner/test:1262:17)
      at startSubtestAfterBootstrap (node:internal/test_runner/harness:387:17) {
    generatedMessage: false,
    code: 'ERR_ASSERTION',
    actual: undefined,
    expected: /invalid corpse pickup evidence/,
    operator: 'throws',
    diff: 'simple'
  }
