✔ the loader rejects an enum fact default outside its values (5.483333ms)
✔ the loader rejects a bounded integer fact default outside its bounds (1.850416ms)
✔ the loader rejects an invalid v2 fact default (4.39775ms)
✔ the known-answer cartridge loads and its hash is the fixture literal (1.132417ms)
✔ corpus not_decodable: yields exactly its hand-written diagnostic (0.114959ms)
✔ corpus duplicate_key: yields exactly its hand-written diagnostic (0.147708ms)
✔ corpus unknown_format: yields exactly its hand-written diagnostic (0.20525ms)
✔ corpus no_cartridge: yields exactly its hand-written diagnostic (0.057042ms)
✔ corpus unknown_field: yields exactly its hand-written diagnostic (0.506291ms)
✔ corpus schema_violation: yields exactly its hand-written diagnostic (0.508458ms)
✔ corpus schema_violation_index: yields exactly its hand-written diagnostic (0.428833ms)
✔ corpus kind_mismatch: yields exactly its hand-written diagnostic (0.462916ms)
✔ corpus hash_mismatch: yields exactly its hand-written diagnostic (0.691958ms)
✔ corpus key_cartridge_id: yields exactly its hand-written diagnostic (0.52325ms)
✔ corpus key_cartridge_version: yields exactly its hand-written diagnostic (0.419125ms)
✔ corpus key_key: yields exactly its hand-written diagnostic (0.385625ms)
✔ corpus lock_missing_required: yields exactly its hand-written diagnostic (0.37425ms)
✔ corpus lock_extra: yields exactly its hand-written diagnostic (0.37975ms)
✔ corpus command_owner_absent: yields exactly its hand-written diagnostic (0.343708ms)
✔ corpus unknown_command: yields exactly its hand-written diagnostic (0.336917ms)
✔ corpus policy_op_owner_absent: yields exactly its hand-written diagnostic (0.351417ms)
✔ corpus stage_list_order: yields exactly its hand-written diagnostic (0.908042ms)
✔ corpus capability_not_installed: yields exactly its hand-written diagnostic (0.523334ms)
✔ corpus capability_version_not_installed: yields exactly its hand-written diagnostic (0.523667ms)
✔ corpus kernel_api_at_below: yields exactly its hand-written diagnostic (0.495833ms)
✔ corpus kernel_api_under: yields exactly its hand-written diagnostic (2.476917ms)
✔ corpus kernel_api_numeric: yields exactly its hand-written diagnostic (1.037791ms)
✔ corpus rule_ir_unsupported: yields exactly its hand-written diagnostic (0.440708ms)
✔ corpus content_schema_unsupported: yields exactly its hand-written diagnostic (0.406541ms)
✔ corpus client_feature_missing: yields exactly its hand-written diagnostic (0.402041ms)
✔ corpus two_faults_schema_hash: yields exactly its hand-written diagnostic (0.332417ms)
✔ corpus two_faults_hash_keys: yields exactly its hand-written diagnostic (0.312208ms)
✔ corpus two_faults_lock_installed: yields exactly its hand-written diagnostic (0.333917ms)
✔ corpus band_table_unsorted: yields exactly its hand-written diagnostic (1.967416ms)
✔ corpus band_table_gap: yields exactly its hand-written diagnostic (0.643375ms)
✔ corpus band_table_duplicate_cut: yields exactly its hand-written diagnostic (0.832583ms)
✔ corpus band_table_duplicate_key: yields exactly its hand-written diagnostic (0.627584ms)
✔ corpus band_text_missing: yields exactly its hand-written diagnostic (0.582084ms)
✔ corpus move_cost_unknown_pool: yields exactly its hand-written diagnostic (0.566416ms)
✔ corpus move_cost_zero: yields exactly its hand-written diagnostic (0.473667ms)
✔ corpus band_cut_over_100: yields exactly its hand-written diagnostic (0.455791ms)
✔ corpus band_tone_unknown: yields exactly its hand-written diagnostic (0.431709ms)
✔ corpus band_table_empty: yields exactly its hand-written diagnostic (0.668042ms)
✔ corpus attribute_unlocked: yields exactly its hand-written diagnostic (1.205958ms)
✔ corpus stat_compare_unlocked: yields exactly its hand-written diagnostic (0.851875ms)
✔ corpus resource_compare_unlocked: yields exactly its hand-written diagnostic (0.875542ms)
✔ corpus stat_compare_unresolved: yields exactly its hand-written diagnostic (1.321959ms)
✔ corpus resource_compare_unresolved: yields exactly its hand-written diagnostic (1.091ms)
✔ corpus attribute_key_mismatch: yields exactly its hand-written diagnostic (0.769333ms)
✔ corpus slot_unlocked: yields exactly its hand-written diagnostic (0.975583ms)
✔ corpus slot_finger: yields exactly its hand-written diagnostic (0.763209ms)
✔ corpus journal_missing_stage_text: yields exactly its hand-written diagnostic (2.498416ms)
✔ corpus journal_missing_outcome_text: yields exactly its hand-written diagnostic (1.555834ms)
✔ corpus journal_missing_failed: yields exactly its hand-written diagnostic (1.22525ms)
✔ corpus chapters_missing_text: yields exactly its hand-written diagnostic (1.702625ms)
✔ corpus chapters_missing_point: yields exactly its hand-written diagnostic (1.381042ms)
✔ corpus chapters_missing_outcome: yields exactly its hand-written diagnostic (1.380125ms)
✔ corpus chapters_opening_point: yields exactly its hand-written diagnostic (1.486166ms)
✔ corpus chapters_opening_outcome: yields exactly its hand-written diagnostic (1.351292ms)
✔ corpus chapters_later_missing_point: yields exactly its hand-written diagnostic (1.494375ms)
✔ corpus chapters_ambiguous: yields exactly its hand-written diagnostic (1.501375ms)
✔ corpus scene_unknown_step: yields exactly its hand-written diagnostic (1.411166ms)
✔ corpus scene_missing_ack: yields exactly its hand-written diagnostic (1.680875ms)
✔ corpus scene_restricted_control: yields exactly its hand-written diagnostic (1.284042ms)
✔ corpus scene_unknown_story_point: yields exactly its hand-written diagnostic (1.362625ms)
✔ corpus scene_unknown_outcome: yields exactly its hand-written diagnostic (1.458333ms)
✔ corpus scene_missing_text: yields exactly its hand-written diagnostic (1.361ms)
✔ corpus scene_duplicate_trigger: yields exactly its hand-written diagnostic (1.487667ms)
✔ corpus scene_undeclared: yields exactly its hand-written diagnostic (1.485916ms)
✔ corpus scene_definition_key: yields exactly its hand-written diagnostic (1.246416ms)
✔ corpus scene_fact_changed: yields exactly its hand-written diagnostic (1.709583ms)
✔ corpus scene_fact_missing: yields exactly its hand-written diagnostic (1.462209ms)
✔ corpus scene_recipe_write: yields exactly its hand-written diagnostic (1.4905ms)
✔ corpus scene_reaction_write: yields exactly its hand-written diagnostic (1.5965ms)
✔ corpus scene_dialogue_write: yields exactly its hand-written diagnostic (1.468583ms)
✔ the byte cap applies to the raw length before decoding (0.657292ms)
✔ artifact bytes that are not strict UTF-8 are INVALID_JSON (0.2035ms)
✔ the v2 known answer loads with its fixture hash (5.916417ms)
✔ an exit or entry naming no room of this cartridge is UNRESOLVED_REFERENCE (4.26575ms)
✔ a room text key missing from the catalog is UNRESOLVED_REFERENCE (0.964916ms)
✔ rooms without movement in the lock are UNDECLARED_CAPABILITY (1.499291ms)
✔ a room map key that disagrees with the room's key is ARTIFACT_DEFINITION_KEY_MISMATCH (2.011458ms)
✔ a v1 artifact carrying rooms is UNKNOWN_FIELD (1.276ms)
✔ an action text key missing from the catalog is UNRESOLVED_REFERENCE (2.626083ms)
✔ the details known answer loads with its fixture hash (2.191667ms)
✔ a detail's text key missing from the catalog is UNRESOLVED_REFERENCE (1.019125ms)
✔ a detail whose first alias is shared or untypable is UNREACHABLE_DETAIL (3.366667ms)
ℹ tests 87
ℹ suites 0
ℹ pass 87
ℹ fail 0
ℹ cancelled 0
ℹ skipped 0
ℹ todo 0
ℹ duration_ms 205.929166
