==> boundary
Compiling 15 files (.ex)
Generated boundary app

12:43:23.539 [info] Compiling file system watcher for Mac...

12:43:24.241 [info] Done.
==> file_system
Compiling 7 files (.ex)
Generated file_system app
==> bunt
Compiling 2 files (.ex)
Generated bunt app
==> jason
Compiling 10 files (.ex)
Generated jason app
==> credo
Compiling 257 files (.ex)
Generated credo app
==> loka
Compiling 41 files (.ex)
Generated loka app
Running ExUnit with seed: 978691, max_cases: 16

...................................................
Finished in 0.2 seconds (0.2s async, 0.00s sync)

Result: 51 passed
