✔ the loader rejects an enum fact default outside its values (5.265375ms)
✔ the loader rejects a bounded integer fact default outside its bounds (1.792167ms)
✔ the loader rejects an invalid v2 fact default (4.521916ms)
✔ the known-answer cartridge loads and its hash is the fixture literal (1.215209ms)
✔ corpus not_decodable: yields exactly its hand-written diagnostic (0.131375ms)
✔ corpus duplicate_key: yields exactly its hand-written diagnostic (0.143958ms)
✔ corpus unknown_format: yields exactly its hand-written diagnostic (0.210125ms)
✔ corpus no_cartridge: yields exactly its hand-written diagnostic (0.0595ms)
✔ corpus unknown_field: yields exactly its hand-written diagnostic (0.516459ms)
✔ corpus schema_violation: yields exactly its hand-written diagnostic (0.499167ms)
✔ corpus schema_violation_index: yields exactly its hand-written diagnostic (0.437459ms)
✔ corpus kind_mismatch: yields exactly its hand-written diagnostic (0.429916ms)
✔ corpus hash_mismatch: yields exactly its hand-written diagnostic (0.731458ms)
✔ corpus key_cartridge_id: yields exactly its hand-written diagnostic (0.485708ms)
✔ corpus key_cartridge_version: yields exactly its hand-written diagnostic (0.405875ms)
✔ corpus key_key: yields exactly its hand-written diagnostic (0.39175ms)
✔ corpus lock_missing_required: yields exactly its hand-written diagnostic (0.385417ms)
✔ corpus lock_extra: yields exactly its hand-written diagnostic (0.401166ms)
✔ corpus command_owner_absent: yields exactly its hand-written diagnostic (0.339459ms)
✔ corpus unknown_command: yields exactly its hand-written diagnostic (0.340666ms)
✔ corpus policy_op_owner_absent: yields exactly its hand-written diagnostic (0.36625ms)
✔ corpus stage_list_order: yields exactly its hand-written diagnostic (0.411916ms)
✔ corpus capability_not_installed: yields exactly its hand-written diagnostic (0.388167ms)
✔ corpus capability_version_not_installed: yields exactly its hand-written diagnostic (0.698291ms)
✔ corpus kernel_api_at_below: yields exactly its hand-written diagnostic (0.379791ms)
✔ corpus kernel_api_under: yields exactly its hand-written diagnostic (0.357333ms)
✔ corpus kernel_api_numeric: yields exactly its hand-written diagnostic (0.354416ms)
✔ corpus rule_ir_unsupported: yields exactly its hand-written diagnostic (0.342083ms)
✔ corpus content_schema_unsupported: yields exactly its hand-written diagnostic (0.339792ms)
✔ corpus client_feature_missing: yields exactly its hand-written diagnostic (0.355292ms)
✔ corpus two_faults_schema_hash: yields exactly its hand-written diagnostic (0.299666ms)
✔ corpus two_faults_hash_keys: yields exactly its hand-written diagnostic (0.291542ms)
✔ corpus two_faults_lock_installed: yields exactly its hand-written diagnostic (0.298958ms)
✔ corpus band_table_unsorted: yields exactly its hand-written diagnostic (2.026083ms)
✔ corpus band_table_gap: yields exactly its hand-written diagnostic (0.699459ms)
✔ corpus band_table_duplicate_cut: yields exactly its hand-written diagnostic (0.7715ms)
✔ corpus band_table_duplicate_key: yields exactly its hand-written diagnostic (0.824709ms)
✔ corpus band_text_missing: yields exactly its hand-written diagnostic (0.748041ms)
✔ corpus move_cost_unknown_pool: yields exactly its hand-written diagnostic (1.798ms)
✔ corpus move_cost_zero: yields exactly its hand-written diagnostic (0.539792ms)
✔ corpus band_cut_over_100: yields exactly its hand-written diagnostic (0.489209ms)
✔ corpus band_tone_unknown: yields exactly its hand-written diagnostic (0.480125ms)
✔ corpus band_table_empty: yields exactly its hand-written diagnostic (0.448875ms)
✔ corpus attribute_unlocked: yields exactly its hand-written diagnostic (1.156375ms)
✔ corpus stat_compare_unlocked: yields exactly its hand-written diagnostic (0.795417ms)
✔ corpus resource_compare_unlocked: yields exactly its hand-written diagnostic (1.015667ms)
✔ corpus stat_compare_unresolved: yields exactly its hand-written diagnostic (1.252292ms)
✔ corpus resource_compare_unresolved: yields exactly its hand-written diagnostic (0.911708ms)
✔ corpus attribute_key_mismatch: yields exactly its hand-written diagnostic (0.774ms)
✔ corpus slot_unlocked: yields exactly its hand-written diagnostic (1.155417ms)
✔ corpus slot_finger: yields exactly its hand-written diagnostic (0.777583ms)
✔ corpus journal_missing_stage_text: yields exactly its hand-written diagnostic (2.200792ms)
✔ corpus journal_missing_outcome_text: yields exactly its hand-written diagnostic (1.731042ms)
✔ corpus journal_missing_failed: yields exactly its hand-written diagnostic (1.249916ms)
✔ corpus chapters_missing_text: yields exactly its hand-written diagnostic (1.569542ms)
✔ corpus chapters_missing_point: yields exactly its hand-written diagnostic (1.689542ms)
✔ corpus chapters_missing_outcome: yields exactly its hand-written diagnostic (1.452792ms)
✔ corpus chapters_opening_point: yields exactly its hand-written diagnostic (1.4105ms)
✔ corpus chapters_opening_outcome: yields exactly its hand-written diagnostic (1.543667ms)
✔ corpus chapters_later_missing_point: yields exactly its hand-written diagnostic (1.387083ms)
✔ corpus chapters_ambiguous: yields exactly its hand-written diagnostic (1.572208ms)
✔ corpus scene_unknown_step: yields exactly its hand-written diagnostic (1.570042ms)
✔ corpus scene_missing_ack: yields exactly its hand-written diagnostic (1.6065ms)
✔ corpus scene_restricted_control: yields exactly its hand-written diagnostic (1.33975ms)
✔ corpus scene_unknown_story_point: yields exactly its hand-written diagnostic (1.602125ms)
✔ corpus scene_unknown_outcome: yields exactly its hand-written diagnostic (1.416166ms)
✔ corpus scene_missing_text: yields exactly its hand-written diagnostic (1.512041ms)
✔ corpus scene_duplicate_trigger: yields exactly its hand-written diagnostic (1.483334ms)
✔ corpus scene_undeclared: yields exactly its hand-written diagnostic (1.319875ms)
✔ corpus scene_definition_key: yields exactly its hand-written diagnostic (1.384834ms)
✔ corpus scene_fact_changed: yields exactly its hand-written diagnostic (1.585ms)
✔ corpus scene_fact_missing: yields exactly its hand-written diagnostic (1.511792ms)
✔ corpus scene_recipe_write: yields exactly its hand-written diagnostic (1.579083ms)
✔ corpus scene_reaction_write: yields exactly its hand-written diagnostic (1.477208ms)
✔ corpus scene_dialogue_write: yields exactly its hand-written diagnostic (1.6235ms)
✔ the byte cap applies to the raw length before decoding (0.657208ms)
✔ artifact bytes that are not strict UTF-8 are INVALID_JSON (0.217083ms)
✔ the v2 known answer loads with its fixture hash (6.082875ms)
✔ an exit or entry naming no room of this cartridge is UNRESOLVED_REFERENCE (4.2185ms)
✔ a room text key missing from the catalog is UNRESOLVED_REFERENCE (0.979042ms)
✔ rooms without movement in the lock are UNDECLARED_CAPABILITY (1.421209ms)
✔ a room map key that disagrees with the room's key is ARTIFACT_DEFINITION_KEY_MISMATCH (1.465417ms)
✔ a v1 artifact carrying rooms is UNKNOWN_FIELD (0.62675ms)
✔ an action text key missing from the catalog is UNRESOLVED_REFERENCE (0.948083ms)
✔ the details known answer loads with its fixture hash (1.06225ms)
✔ a detail's text key missing from the catalog is UNRESOLVED_REFERENCE (1.127792ms)
✔ a detail whose first alias is shared or untypable is UNREACHABLE_DETAIL (5.653666ms)
ℹ tests 87
ℹ suites 0
ℹ pass 87
ℹ fail 0
ℹ cancelled 0
ℹ skipped 0
ℹ todo 0
ℹ duration_ms 207.7965
