✔ the loader rejects an enum fact default outside its values (5.500375ms)
✔ the loader rejects a bounded integer fact default outside its bounds (1.903625ms)
✔ the loader rejects an invalid v2 fact default (4.675125ms)
✔ the known-answer cartridge loads and its hash is the fixture literal (1.189041ms)
✔ corpus not_decodable: yields exactly its hand-written diagnostic (0.122375ms)
✔ corpus duplicate_key: yields exactly its hand-written diagnostic (0.139625ms)
✔ corpus unknown_format: yields exactly its hand-written diagnostic (0.226667ms)
✔ corpus no_cartridge: yields exactly its hand-written diagnostic (0.058667ms)
✔ corpus unknown_field: yields exactly its hand-written diagnostic (0.506125ms)
✔ corpus schema_violation: yields exactly its hand-written diagnostic (0.519708ms)
✔ corpus schema_violation_index: yields exactly its hand-written diagnostic (0.43275ms)
✔ corpus kind_mismatch: yields exactly its hand-written diagnostic (0.437625ms)
✔ corpus hash_mismatch: yields exactly its hand-written diagnostic (0.756042ms)
✔ corpus key_cartridge_id: yields exactly its hand-written diagnostic (0.823709ms)
✔ corpus key_cartridge_version: yields exactly its hand-written diagnostic (0.59775ms)
✔ corpus key_key: yields exactly its hand-written diagnostic (0.480792ms)
✔ corpus lock_missing_required: yields exactly its hand-written diagnostic (0.480541ms)
✔ corpus lock_extra: yields exactly its hand-written diagnostic (0.48625ms)
✔ corpus command_owner_absent: yields exactly its hand-written diagnostic (0.429583ms)
✔ corpus unknown_command: yields exactly its hand-written diagnostic (2.773042ms)
✔ corpus policy_op_owner_absent: yields exactly its hand-written diagnostic (0.478666ms)
✔ corpus stage_list_order: yields exactly its hand-written diagnostic (0.472541ms)
✔ corpus capability_not_installed: yields exactly its hand-written diagnostic (0.428583ms)
✔ corpus capability_version_not_installed: yields exactly its hand-written diagnostic (0.3705ms)
✔ corpus kernel_api_at_below: yields exactly its hand-written diagnostic (0.365791ms)
✔ corpus kernel_api_under: yields exactly its hand-written diagnostic (0.365375ms)
✔ corpus kernel_api_numeric: yields exactly its hand-written diagnostic (0.359708ms)
✔ corpus rule_ir_unsupported: yields exactly its hand-written diagnostic (0.367583ms)
✔ corpus content_schema_unsupported: yields exactly its hand-written diagnostic (0.376541ms)
✔ corpus client_feature_missing: yields exactly its hand-written diagnostic (1.325375ms)
✔ corpus two_faults_schema_hash: yields exactly its hand-written diagnostic (0.395416ms)
✔ corpus two_faults_hash_keys: yields exactly its hand-written diagnostic (0.32325ms)
✔ corpus two_faults_lock_installed: yields exactly its hand-written diagnostic (0.345375ms)
✔ corpus band_table_unsorted: yields exactly its hand-written diagnostic (1.954667ms)
✔ corpus band_table_gap: yields exactly its hand-written diagnostic (0.769833ms)
✔ corpus band_table_duplicate_cut: yields exactly its hand-written diagnostic (0.698334ms)
✔ corpus band_table_duplicate_key: yields exactly its hand-written diagnostic (0.652ms)
✔ corpus band_text_missing: yields exactly its hand-written diagnostic (1.1455ms)
✔ corpus move_cost_unknown_pool: yields exactly its hand-written diagnostic (0.589916ms)
✔ corpus move_cost_zero: yields exactly its hand-written diagnostic (0.477667ms)
✔ corpus band_cut_over_100: yields exactly its hand-written diagnostic (0.488541ms)
✔ corpus band_tone_unknown: yields exactly its hand-written diagnostic (0.489583ms)
✔ corpus band_table_empty: yields exactly its hand-written diagnostic (0.441417ms)
✔ corpus attribute_unlocked: yields exactly its hand-written diagnostic (1.454791ms)
✔ corpus stat_compare_unlocked: yields exactly its hand-written diagnostic (0.856125ms)
✔ corpus resource_compare_unlocked: yields exactly its hand-written diagnostic (0.804625ms)
✔ corpus stat_compare_unresolved: yields exactly its hand-written diagnostic (1.25025ms)
✔ corpus resource_compare_unresolved: yields exactly its hand-written diagnostic (1.23725ms)
✔ corpus attribute_key_mismatch: yields exactly its hand-written diagnostic (0.822959ms)
✔ corpus slot_unlocked: yields exactly its hand-written diagnostic (1.057167ms)
✔ corpus slot_finger: yields exactly its hand-written diagnostic (0.840209ms)
✔ corpus journal_missing_stage_text: yields exactly its hand-written diagnostic (2.674458ms)
✔ corpus journal_missing_outcome_text: yields exactly its hand-written diagnostic (1.7295ms)
✔ corpus journal_missing_failed: yields exactly its hand-written diagnostic (1.339958ms)
✔ corpus chapters_missing_text: yields exactly its hand-written diagnostic (2.050458ms)
✔ corpus chapters_missing_point: yields exactly its hand-written diagnostic (1.618584ms)
✔ corpus chapters_missing_outcome: yields exactly its hand-written diagnostic (1.565167ms)
✔ corpus chapters_opening_point: yields exactly its hand-written diagnostic (1.872667ms)
✔ corpus chapters_opening_outcome: yields exactly its hand-written diagnostic (1.490583ms)
✔ corpus chapters_later_missing_point: yields exactly its hand-written diagnostic (1.453167ms)
✔ corpus chapters_ambiguous: yields exactly its hand-written diagnostic (1.771625ms)
✔ corpus scene_unknown_step: yields exactly its hand-written diagnostic (1.537ms)
✔ corpus scene_missing_ack: yields exactly its hand-written diagnostic (1.942709ms)
✔ corpus scene_restricted_control: yields exactly its hand-written diagnostic (1.669666ms)
✔ corpus scene_unknown_story_point: yields exactly its hand-written diagnostic (1.502458ms)
✔ corpus scene_unknown_outcome: yields exactly its hand-written diagnostic (1.661291ms)
✔ corpus scene_missing_text: yields exactly its hand-written diagnostic (1.461958ms)
✔ corpus scene_duplicate_trigger: yields exactly its hand-written diagnostic (1.588709ms)
✔ corpus scene_undeclared: yields exactly its hand-written diagnostic (1.570333ms)
✔ corpus scene_definition_key: yields exactly its hand-written diagnostic (1.282791ms)
✔ corpus scene_fact_changed: yields exactly its hand-written diagnostic (1.634292ms)
✔ corpus scene_fact_missing: yields exactly its hand-written diagnostic (1.65325ms)
✔ corpus scene_recipe_write: yields exactly its hand-written diagnostic (1.601375ms)
✔ corpus scene_reaction_write: yields exactly its hand-written diagnostic (1.91175ms)
✔ corpus scene_dialogue_write: yields exactly its hand-written diagnostic (1.755375ms)
✔ the byte cap applies to the raw length before decoding (0.730584ms)
✔ artifact bytes that are not strict UTF-8 are INVALID_JSON (0.219917ms)
✔ the v2 known answer loads with its fixture hash (6.025208ms)
✔ an exit or entry naming no room of this cartridge is UNRESOLVED_REFERENCE (5.851625ms)
✔ a room text key missing from the catalog is UNRESOLVED_REFERENCE (1.012667ms)
✔ rooms without movement in the lock are UNDECLARED_CAPABILITY (1.3865ms)
✔ a room map key that disagrees with the room's key is ARTIFACT_DEFINITION_KEY_MISMATCH (2.825583ms)
✔ a v1 artifact carrying rooms is UNKNOWN_FIELD (2.697167ms)
✔ an action text key missing from the catalog is UNRESOLVED_REFERENCE (3.240125ms)
✔ the details known answer loads with its fixture hash (1.139625ms)
✔ a detail's text key missing from the catalog is UNRESOLVED_REFERENCE (1.054292ms)
✔ a detail whose first alias is shared or untypable is UNREACHABLE_DETAIL (7.174459ms)
ℹ tests 87
ℹ suites 0
ℹ pass 87
ℹ fail 0
ℹ cancelled 0
ℹ skipped 0
ℹ todo 0
ℹ duration_ms 226.205459
