✔ the loader rejects an enum fact default outside its values (5.341958ms)
✔ the loader rejects a bounded integer fact default outside its bounds (1.751209ms)
✔ the loader rejects an invalid v2 fact default (4.628083ms)
✔ the known-answer cartridge loads and its hash is the fixture literal (1.215458ms)
✔ corpus not_decodable: yields exactly its hand-written diagnostic (0.121167ms)
✔ corpus duplicate_key: yields exactly its hand-written diagnostic (0.136916ms)
✔ corpus unknown_format: yields exactly its hand-written diagnostic (0.215667ms)
✔ corpus no_cartridge: yields exactly its hand-written diagnostic (0.056416ms)
✔ corpus unknown_field: yields exactly its hand-written diagnostic (0.509625ms)
✔ corpus schema_violation: yields exactly its hand-written diagnostic (0.476833ms)
✔ corpus schema_violation_index: yields exactly its hand-written diagnostic (0.414ms)
✔ corpus kind_mismatch: yields exactly its hand-written diagnostic (0.397583ms)
✔ corpus hash_mismatch: yields exactly its hand-written diagnostic (0.694625ms)
✔ corpus key_cartridge_id: yields exactly its hand-written diagnostic (0.48975ms)
✔ corpus key_cartridge_version: yields exactly its hand-written diagnostic (0.409375ms)
✔ corpus key_key: yields exactly its hand-written diagnostic (0.38125ms)
✔ corpus lock_missing_required: yields exactly its hand-written diagnostic (0.409125ms)
✔ corpus lock_extra: yields exactly its hand-written diagnostic (0.3995ms)
✔ corpus command_owner_absent: yields exactly its hand-written diagnostic (0.319542ms)
✔ corpus unknown_command: yields exactly its hand-written diagnostic (0.337709ms)
✔ corpus policy_op_owner_absent: yields exactly its hand-written diagnostic (0.35925ms)
✔ corpus stage_list_order: yields exactly its hand-written diagnostic (0.38275ms)
✔ corpus capability_not_installed: yields exactly its hand-written diagnostic (0.521625ms)
✔ corpus capability_version_not_installed: yields exactly its hand-written diagnostic (0.325041ms)
✔ corpus kernel_api_at_below: yields exactly its hand-written diagnostic (0.319ms)
✔ corpus kernel_api_under: yields exactly its hand-written diagnostic (0.314708ms)
✔ corpus kernel_api_numeric: yields exactly its hand-written diagnostic (0.322458ms)
✔ corpus rule_ir_unsupported: yields exactly its hand-written diagnostic (0.322ms)
✔ corpus content_schema_unsupported: yields exactly its hand-written diagnostic (0.320875ms)
✔ corpus client_feature_missing: yields exactly its hand-written diagnostic (0.355833ms)
✔ corpus two_faults_schema_hash: yields exactly its hand-written diagnostic (0.297292ms)
✔ corpus two_faults_hash_keys: yields exactly its hand-written diagnostic (0.285833ms)
✔ corpus two_faults_lock_installed: yields exactly its hand-written diagnostic (0.456583ms)
✔ corpus band_table_unsorted: yields exactly its hand-written diagnostic (1.830917ms)
✔ corpus band_table_gap: yields exactly its hand-written diagnostic (0.608666ms)
✔ corpus band_table_duplicate_cut: yields exactly its hand-written diagnostic (0.558ms)
✔ corpus band_table_duplicate_key: yields exactly its hand-written diagnostic (0.562916ms)
✔ corpus band_text_missing: yields exactly its hand-written diagnostic (0.522791ms)
✔ corpus move_cost_unknown_pool: yields exactly its hand-written diagnostic (0.523708ms)
✔ corpus move_cost_zero: yields exactly its hand-written diagnostic (0.615667ms)
✔ corpus band_cut_over_100: yields exactly its hand-written diagnostic (0.464625ms)
✔ corpus band_tone_unknown: yields exactly its hand-written diagnostic (0.424333ms)
✔ corpus band_table_empty: yields exactly its hand-written diagnostic (0.404625ms)
✔ corpus attribute_unlocked: yields exactly its hand-written diagnostic (1.146584ms)
✔ corpus stat_compare_unlocked: yields exactly its hand-written diagnostic (0.784291ms)
✔ corpus resource_compare_unlocked: yields exactly its hand-written diagnostic (0.919209ms)
✔ corpus stat_compare_unresolved: yields exactly its hand-written diagnostic (1.292584ms)
✔ corpus resource_compare_unresolved: yields exactly its hand-written diagnostic (1.150833ms)
✔ corpus attribute_key_mismatch: yields exactly its hand-written diagnostic (1.982958ms)
✔ corpus slot_unlocked: yields exactly its hand-written diagnostic (1.13875ms)
✔ corpus slot_finger: yields exactly its hand-written diagnostic (0.919292ms)
✔ corpus journal_missing_stage_text: yields exactly its hand-written diagnostic (2.700084ms)
✔ corpus journal_missing_outcome_text: yields exactly its hand-written diagnostic (1.729ms)
✔ corpus journal_missing_failed: yields exactly its hand-written diagnostic (1.399459ms)
✔ corpus chapters_missing_text: yields exactly its hand-written diagnostic (1.965667ms)
✔ corpus chapters_missing_point: yields exactly its hand-written diagnostic (1.426917ms)
✔ corpus chapters_missing_outcome: yields exactly its hand-written diagnostic (1.5915ms)
✔ corpus chapters_opening_point: yields exactly its hand-written diagnostic (1.484459ms)
✔ corpus chapters_opening_outcome: yields exactly its hand-written diagnostic (1.435708ms)
✔ corpus chapters_later_missing_point: yields exactly its hand-written diagnostic (1.563625ms)
✔ corpus chapters_ambiguous: yields exactly its hand-written diagnostic (1.6395ms)
✔ corpus scene_unknown_step: yields exactly its hand-written diagnostic (1.681459ms)
✔ corpus scene_missing_ack: yields exactly its hand-written diagnostic (1.65375ms)
✔ corpus scene_restricted_control: yields exactly its hand-written diagnostic (1.330417ms)
✔ corpus scene_unknown_story_point: yields exactly its hand-written diagnostic (1.617416ms)
✔ corpus scene_unknown_outcome: yields exactly its hand-written diagnostic (1.453291ms)
✔ corpus scene_missing_text: yields exactly its hand-written diagnostic (1.367584ms)
✔ corpus scene_duplicate_trigger: yields exactly its hand-written diagnostic (1.582917ms)
✔ corpus scene_undeclared: yields exactly its hand-written diagnostic (1.336833ms)
✔ corpus scene_definition_key: yields exactly its hand-written diagnostic (1.562834ms)
✔ corpus scene_fact_changed: yields exactly its hand-written diagnostic (1.65225ms)
✔ corpus scene_fact_missing: yields exactly its hand-written diagnostic (1.514625ms)
✔ corpus scene_recipe_write: yields exactly its hand-written diagnostic (1.66675ms)
✔ corpus scene_reaction_write: yields exactly its hand-written diagnostic (1.522875ms)
✔ corpus scene_dialogue_write: yields exactly its hand-written diagnostic (1.684584ms)
✔ the byte cap applies to the raw length before decoding (0.7475ms)
✔ artifact bytes that are not strict UTF-8 are INVALID_JSON (0.208459ms)
✔ the v2 known answer loads with its fixture hash (10.244041ms)
✔ an exit or entry naming no room of this cartridge is UNRESOLVED_REFERENCE (6.090667ms)
✔ a room text key missing from the catalog is UNRESOLVED_REFERENCE (0.946708ms)
✔ rooms without movement in the lock are UNDECLARED_CAPABILITY (1.488459ms)
✔ a room map key that disagrees with the room's key is ARTIFACT_DEFINITION_KEY_MISMATCH (1.95375ms)
✔ a v1 artifact carrying rooms is UNKNOWN_FIELD (0.771833ms)
✔ an action text key missing from the catalog is UNRESOLVED_REFERENCE (1.103292ms)
✔ the details known answer loads with its fixture hash (2.507375ms)
✔ a detail's text key missing from the catalog is UNRESOLVED_REFERENCE (1.092917ms)
✔ a detail whose first alias is shared or untypable is UNREACHABLE_DETAIL (3.546833ms)
ℹ tests 87
ℹ suites 0
ℹ pass 87
ℹ fail 0
ℹ cancelled 0
ℹ skipped 0
ℹ todo 0
ℹ duration_ms 215.821708
