Compiling 42 files (.ex)
    warning: the following conditional expression:

        npc["hp"] || true

    will always evaluate to:

        dynamic(not false and not nil)

    where "npc" was given the types:

        # type: dynamic(map())
        # from: lib/loka/content/combat.ex:24:46
        %{"attack" => attack} = npc

        # type: dynamic(map())
        # from: lib/loka/content/combat.ex:24:54
        {_, {rel, _, %{"attack" => attack} = npc}} <- defs["npc"]

        # type: dynamic(%{..., __struct__: atom()} or non_struct_map())
        # from: lib/loka/content/combat.ex:28:21
        npc["hp"]

    type warning found at:
    │
 28 │               if(npc["hp"] || true, do: [], else: [bad(at(rel, ["hp"]))]),
    │               ~~~~~~~~~~~~~~~~~~~~~~~~~~~~~~~~~~~~~~~~~~~~~~~~~~~~~~~~~~~~
    │
    └─ lib/loka/content/combat.ex:28: Loka.Content.Combat.check/3

Generated loka app
Running ExUnit with seed: 107231, max_cases: 16

...................................................
Finished in 0.5 seconds (0.5s async, 0.00s sync)

Result: 51 passed
