Compiling 42 files (.ex)
    warning: the following conditional expression:

        n["attack"] || true

    will always evaluate to:

        dynamic(not false and not nil)

    where "n" was given the type:

        # type: dynamic(
          %{..., __struct__: atom()} or nil or empty_list() or non_empty_list(term(), term()) or
            non_struct_map()
        )
        # from: lib/loka/content/combat.ex:81:15
        n["attack"]

    type warning found at:
    │
 81 │           if(n["attack"] || true, do: [], else: [bad(at("cartridge.json", path ++ ["npc"]))]) ++
    │           ~~~~~~~~~~~~~~~~~~~~~~~~~~~~~~~~~~~~~~~~~~~~~~~~~~~~~~~~~~~~~~~~~~~~~~~~~~~~~~~~~~~~~~
    │
    └─ lib/loka/content/combat.ex:81: Loka.Content.Combat.credit/5

Generated loka app
Running ExUnit with seed: 27452, max_cases: 16

...................................................
Finished in 0.4 seconds (0.4s async, 0.00s sync)

Result: 51 passed
