✔ the loader rejects an enum fact default outside its values (5.491209ms)
✔ the loader rejects a bounded integer fact default outside its bounds (1.781375ms)
✔ the loader rejects an invalid v2 fact default (4.686667ms)
✔ the known-answer cartridge loads and its hash is the fixture literal (1.166084ms)
✔ corpus not_decodable: yields exactly its hand-written diagnostic (0.124917ms)
✔ corpus duplicate_key: yields exactly its hand-written diagnostic (0.139041ms)
✔ corpus unknown_format: yields exactly its hand-written diagnostic (0.21475ms)
✔ corpus no_cartridge: yields exactly its hand-written diagnostic (0.059792ms)
✔ corpus unknown_field: yields exactly its hand-written diagnostic (0.51025ms)
✔ corpus schema_violation: yields exactly its hand-written diagnostic (0.508625ms)
✔ corpus schema_violation_index: yields exactly its hand-written diagnostic (0.430833ms)
✔ corpus kind_mismatch: yields exactly its hand-written diagnostic (0.457417ms)
✔ corpus hash_mismatch: yields exactly its hand-written diagnostic (0.86575ms)
✔ corpus key_cartridge_id: yields exactly its hand-written diagnostic (0.628542ms)
✔ corpus key_cartridge_version: yields exactly its hand-written diagnostic (0.44175ms)
✔ corpus key_key: yields exactly its hand-written diagnostic (0.405125ms)
✔ corpus lock_missing_required: yields exactly its hand-written diagnostic (0.385125ms)
✔ corpus lock_extra: yields exactly its hand-written diagnostic (0.887625ms)
✔ corpus command_owner_absent: yields exactly its hand-written diagnostic (0.459041ms)
✔ corpus unknown_command: yields exactly its hand-written diagnostic (0.454459ms)
✔ corpus policy_op_owner_absent: yields exactly its hand-written diagnostic (0.462042ms)
✔ corpus stage_list_order: yields exactly its hand-written diagnostic (1.741958ms)
✔ corpus capability_not_installed: yields exactly its hand-written diagnostic (0.492209ms)
✔ corpus capability_version_not_installed: yields exactly its hand-written diagnostic (0.384167ms)
✔ corpus kernel_api_at_below: yields exactly its hand-written diagnostic (0.364958ms)
✔ corpus kernel_api_under: yields exactly its hand-written diagnostic (0.361208ms)
✔ corpus kernel_api_numeric: yields exactly its hand-written diagnostic (0.342292ms)
✔ corpus rule_ir_unsupported: yields exactly its hand-written diagnostic (0.335041ms)
✔ corpus content_schema_unsupported: yields exactly its hand-written diagnostic (0.372125ms)
✔ corpus client_feature_missing: yields exactly its hand-written diagnostic (0.35875ms)
✔ corpus two_faults_schema_hash: yields exactly its hand-written diagnostic (0.309875ms)
✔ corpus two_faults_hash_keys: yields exactly its hand-written diagnostic (0.560708ms)
✔ corpus two_faults_lock_installed: yields exactly its hand-written diagnostic (0.381375ms)
✔ corpus band_table_unsorted: yields exactly its hand-written diagnostic (1.880333ms)
✔ corpus band_table_gap: yields exactly its hand-written diagnostic (0.631875ms)
✔ corpus band_table_duplicate_cut: yields exactly its hand-written diagnostic (0.556333ms)
✔ corpus band_table_duplicate_key: yields exactly its hand-written diagnostic (0.569458ms)
✔ corpus band_text_missing: yields exactly its hand-written diagnostic (0.54425ms)
✔ corpus move_cost_unknown_pool: yields exactly its hand-written diagnostic (0.736791ms)
✔ corpus move_cost_zero: yields exactly its hand-written diagnostic (0.439459ms)
✔ corpus band_cut_over_100: yields exactly its hand-written diagnostic (0.417042ms)
✔ corpus band_tone_unknown: yields exactly its hand-written diagnostic (0.407125ms)
✔ corpus band_table_empty: yields exactly its hand-written diagnostic (0.384333ms)
✔ corpus attribute_unlocked: yields exactly its hand-written diagnostic (1.085125ms)
✔ corpus stat_compare_unlocked: yields exactly its hand-written diagnostic (0.787208ms)
✔ corpus resource_compare_unlocked: yields exactly its hand-written diagnostic (0.932958ms)
✔ corpus stat_compare_unresolved: yields exactly its hand-written diagnostic (1.125208ms)
✔ corpus resource_compare_unresolved: yields exactly its hand-written diagnostic (0.846459ms)
✔ corpus attribute_key_mismatch: yields exactly its hand-written diagnostic (0.719416ms)
✔ corpus slot_unlocked: yields exactly its hand-written diagnostic (1.163458ms)
✔ corpus slot_finger: yields exactly its hand-written diagnostic (0.771875ms)
✔ corpus journal_missing_stage_text: yields exactly its hand-written diagnostic (2.243917ms)
✔ corpus journal_missing_outcome_text: yields exactly its hand-written diagnostic (1.54225ms)
✔ corpus journal_missing_failed: yields exactly its hand-written diagnostic (1.398791ms)
✔ corpus chapters_missing_text: yields exactly its hand-written diagnostic (1.518542ms)
✔ corpus chapters_missing_point: yields exactly its hand-written diagnostic (1.588833ms)
✔ corpus chapters_missing_outcome: yields exactly its hand-written diagnostic (1.420834ms)
✔ corpus chapters_opening_point: yields exactly its hand-written diagnostic (1.379542ms)
✔ corpus chapters_opening_outcome: yields exactly its hand-written diagnostic (1.505625ms)
✔ corpus chapters_later_missing_point: yields exactly its hand-written diagnostic (1.349ms)
✔ corpus chapters_ambiguous: yields exactly its hand-written diagnostic (1.525333ms)
✔ corpus scene_unknown_step: yields exactly its hand-written diagnostic (1.747959ms)
✔ corpus scene_missing_ack: yields exactly its hand-written diagnostic (1.99925ms)
✔ corpus scene_restricted_control: yields exactly its hand-written diagnostic (1.604625ms)
✔ corpus scene_unknown_story_point: yields exactly its hand-written diagnostic (1.900042ms)
✔ corpus scene_unknown_outcome: yields exactly its hand-written diagnostic (1.4955ms)
✔ corpus scene_missing_text: yields exactly its hand-written diagnostic (1.545292ms)
✔ corpus scene_duplicate_trigger: yields exactly its hand-written diagnostic (1.936625ms)
✔ corpus scene_undeclared: yields exactly its hand-written diagnostic (1.467125ms)
✔ corpus scene_definition_key: yields exactly its hand-written diagnostic (1.491042ms)
✔ corpus scene_fact_changed: yields exactly its hand-written diagnostic (1.60875ms)
✔ corpus scene_fact_missing: yields exactly its hand-written diagnostic (1.480375ms)
✔ corpus scene_recipe_write: yields exactly its hand-written diagnostic (1.580333ms)
✔ corpus scene_reaction_write: yields exactly its hand-written diagnostic (1.471667ms)
✔ corpus scene_dialogue_write: yields exactly its hand-written diagnostic (1.605459ms)
✔ the byte cap applies to the raw length before decoding (0.638459ms)
✔ artifact bytes that are not strict UTF-8 are INVALID_JSON (0.204208ms)
✔ the v2 known answer loads with its fixture hash (7.030625ms)
✔ an exit or entry naming no room of this cartridge is UNRESOLVED_REFERENCE (4.312709ms)
✔ a room text key missing from the catalog is UNRESOLVED_REFERENCE (0.934125ms)
✔ rooms without movement in the lock are UNDECLARED_CAPABILITY (1.4745ms)
✔ a room map key that disagrees with the room's key is ARTIFACT_DEFINITION_KEY_MISMATCH (1.578084ms)
✔ a v1 artifact carrying rooms is UNKNOWN_FIELD (0.659875ms)
✔ an action text key missing from the catalog is UNRESOLVED_REFERENCE (0.954208ms)
✔ the details known answer loads with its fixture hash (1.023459ms)
✔ a detail's text key missing from the catalog is UNRESOLVED_REFERENCE (1.058792ms)
✔ a detail whose first alias is shared or untypable is UNREACHABLE_DETAIL (3.589458ms)
ℹ tests 87
ℹ suites 0
ℹ pass 87
ℹ fail 0
ℹ cancelled 0
ℹ skipped 0
ℹ todo 0
ℹ duration_ms 217.0335
