✖ combat artifact requires executable API, owners, ordered damage and explicit NPC HP (46.854792ms)
✔ death credit binds unique local attackable NPCs and false player Boolean facts (62.527791ms)
ℹ tests 2
ℹ suites 0
ℹ pass 1
ℹ fail 1
ℹ cancelled 0
ℹ skipped 0
ℹ todo 0
ℹ duration_ms 211.893916

✖ failing tests:

test at kernel/ts/test/combat_content.test.ts:36:1
✖ combat artifact requires executable API, owners, ordered damage and explicit NPC HP (46.854792ms)
  AssertionError [ERR_ASSERTION]: NPC HP
      at TestContext.<anonymous> (file://<repo>/kernel/ts/test/combat_content.test.ts:53:12)
      at Test.runInAsyncScope (node:async_hooks:227:14)
      at Test.run (node:internal/test_runner/test:1402:25)
      at Test.start (node:internal/test_runner/test:1262:17)
      at startSubtestAfterBootstrap (node:internal/test_runner/harness:387:17) {
    generatedMessage: false,
    code: 'ERR_ASSERTION',
    actual: false,
    expected: true,
    operator: '==',
    diff: 'simple'
  }
