✔ combat artifact requires executable API, owners, ordered damage and explicit NPC HP (66.406833ms)
✖ death credit binds unique local attackable NPCs and false player Boolean facts (20.682334ms)
ℹ tests 2
ℹ suites 0
ℹ pass 1
ℹ fail 1
ℹ cancelled 0
ℹ skipped 0
ℹ todo 0
ℹ duration_ms 189.39125

✖ failing tests:

test at kernel/ts/test/combat_content.test.ts:59:1
✖ death credit binds unique local attackable NPCs and false player Boolean facts (20.682334ms)
  AssertionError [ERR_ASSERTION]: wrong scope
      at TestContext.<anonymous> (file://<repo>/kernel/ts/test/combat_content.test.ts:86:12)
      at Test.runInAsyncScope (node:async_hooks:227:14)
      at Test.run (node:internal/test_runner/test:1402:25)
      at Test.processPendingSubtests (node:internal/test_runner/test:974:18)
      at Test.postRun (node:internal/test_runner/test:1542:19)
      at Test.run (node:internal/test_runner/test:1467:12)
      at async startSubtestAfterBootstrap (node:internal/test_runner/harness:387:3) {
    generatedMessage: false,
    code: 'ERR_ASSERTION',
    actual: false,
    expected: true,
    operator: '==',
    diff: 'simple'
  }
