✔ the loader rejects an enum fact default outside its values (5.335625ms)
✔ the loader rejects a bounded integer fact default outside its bounds (1.831209ms)
✔ the loader rejects an invalid v2 fact default (4.290917ms)
✔ the known-answer cartridge loads and its hash is the fixture literal (1.159ms)
✔ corpus not_decodable: yields exactly its hand-written diagnostic (0.122ms)
✔ corpus duplicate_key: yields exactly its hand-written diagnostic (0.135375ms)
✔ corpus unknown_format: yields exactly its hand-written diagnostic (0.214708ms)
✔ corpus no_cartridge: yields exactly its hand-written diagnostic (0.058875ms)
✔ corpus unknown_field: yields exactly its hand-written diagnostic (0.511125ms)
✔ corpus schema_violation: yields exactly its hand-written diagnostic (0.497334ms)
✔ corpus schema_violation_index: yields exactly its hand-written diagnostic (0.433417ms)
✔ corpus kind_mismatch: yields exactly its hand-written diagnostic (0.4625ms)
✔ corpus hash_mismatch: yields exactly its hand-written diagnostic (0.72325ms)
✔ corpus key_cartridge_id: yields exactly its hand-written diagnostic (0.836125ms)
✔ corpus key_cartridge_version: yields exactly its hand-written diagnostic (0.510541ms)
✔ corpus key_key: yields exactly its hand-written diagnostic (0.559916ms)
✔ corpus lock_missing_required: yields exactly its hand-written diagnostic (0.454416ms)
✔ corpus lock_extra: yields exactly its hand-written diagnostic (0.465459ms)
✔ corpus command_owner_absent: yields exactly its hand-written diagnostic (0.485584ms)
✔ corpus unknown_command: yields exactly its hand-written diagnostic (0.488542ms)
✔ corpus policy_op_owner_absent: yields exactly its hand-written diagnostic (2.578833ms)
✔ corpus stage_list_order: yields exactly its hand-written diagnostic (0.499416ms)
✔ corpus capability_not_installed: yields exactly its hand-written diagnostic (0.478583ms)
✔ corpus capability_version_not_installed: yields exactly its hand-written diagnostic (0.435125ms)
✔ corpus kernel_api_at_below: yields exactly its hand-written diagnostic (0.420958ms)
✔ corpus kernel_api_under: yields exactly its hand-written diagnostic (0.400792ms)
✔ corpus kernel_api_numeric: yields exactly its hand-written diagnostic (0.403667ms)
✔ corpus rule_ir_unsupported: yields exactly its hand-written diagnostic (0.394792ms)
✔ corpus content_schema_unsupported: yields exactly its hand-written diagnostic (0.381417ms)
✔ corpus client_feature_missing: yields exactly its hand-written diagnostic (0.414542ms)
✔ corpus two_faults_schema_hash: yields exactly its hand-written diagnostic (0.658458ms)
✔ corpus two_faults_hash_keys: yields exactly its hand-written diagnostic (0.320916ms)
✔ corpus two_faults_lock_installed: yields exactly its hand-written diagnostic (0.32725ms)
✔ corpus band_table_unsorted: yields exactly its hand-written diagnostic (1.932333ms)
✔ corpus band_table_gap: yields exactly its hand-written diagnostic (0.702833ms)
✔ corpus band_table_duplicate_cut: yields exactly its hand-written diagnostic (0.627542ms)
✔ corpus band_table_duplicate_key: yields exactly its hand-written diagnostic (0.626583ms)
✔ corpus band_text_missing: yields exactly its hand-written diagnostic (0.779584ms)
✔ corpus move_cost_unknown_pool: yields exactly its hand-written diagnostic (0.576ms)
✔ corpus move_cost_zero: yields exactly its hand-written diagnostic (0.470708ms)
✔ corpus band_cut_over_100: yields exactly its hand-written diagnostic (0.471291ms)
✔ corpus band_tone_unknown: yields exactly its hand-written diagnostic (0.451834ms)
✔ corpus band_table_empty: yields exactly its hand-written diagnostic (0.435958ms)
✔ corpus attribute_unlocked: yields exactly its hand-written diagnostic (1.618583ms)
✔ corpus stat_compare_unlocked: yields exactly its hand-written diagnostic (0.905125ms)
✔ corpus resource_compare_unlocked: yields exactly its hand-written diagnostic (0.859209ms)
✔ corpus stat_compare_unresolved: yields exactly its hand-written diagnostic (1.282125ms)
✔ corpus resource_compare_unresolved: yields exactly its hand-written diagnostic (1.076333ms)
✔ corpus attribute_key_mismatch: yields exactly its hand-written diagnostic (0.723958ms)
✔ corpus slot_unlocked: yields exactly its hand-written diagnostic (0.974542ms)
✔ corpus slot_finger: yields exactly its hand-written diagnostic (0.738333ms)
✔ corpus journal_missing_stage_text: yields exactly its hand-written diagnostic (2.353458ms)
✔ corpus journal_missing_outcome_text: yields exactly its hand-written diagnostic (1.549042ms)
✔ corpus journal_missing_failed: yields exactly its hand-written diagnostic (1.228333ms)
✔ corpus chapters_missing_text: yields exactly its hand-written diagnostic (1.815292ms)
✔ corpus chapters_missing_point: yields exactly its hand-written diagnostic (1.417042ms)
✔ corpus chapters_missing_outcome: yields exactly its hand-written diagnostic (1.381542ms)
✔ corpus chapters_opening_point: yields exactly its hand-written diagnostic (1.571834ms)
✔ corpus chapters_opening_outcome: yields exactly its hand-written diagnostic (1.381292ms)
✔ corpus chapters_later_missing_point: yields exactly its hand-written diagnostic (1.352125ms)
✔ corpus chapters_ambiguous: yields exactly its hand-written diagnostic (1.763917ms)
✔ corpus scene_unknown_step: yields exactly its hand-written diagnostic (1.429875ms)
✔ corpus scene_missing_ack: yields exactly its hand-written diagnostic (1.740084ms)
✔ corpus scene_restricted_control: yields exactly its hand-written diagnostic (1.29975ms)
✔ corpus scene_unknown_story_point: yields exactly its hand-written diagnostic (1.43525ms)
✔ corpus scene_unknown_outcome: yields exactly its hand-written diagnostic (1.467125ms)
✔ corpus scene_missing_text: yields exactly its hand-written diagnostic (1.362875ms)
✔ corpus scene_duplicate_trigger: yields exactly its hand-written diagnostic (1.493167ms)
✔ corpus scene_undeclared: yields exactly its hand-written diagnostic (1.531791ms)
✔ corpus scene_definition_key: yields exactly its hand-written diagnostic (1.251917ms)
✔ corpus scene_fact_changed: yields exactly its hand-written diagnostic (1.57375ms)
✔ corpus scene_fact_missing: yields exactly its hand-written diagnostic (1.614125ms)
✔ corpus scene_recipe_write: yields exactly its hand-written diagnostic (1.470375ms)
✔ corpus scene_reaction_write: yields exactly its hand-written diagnostic (1.619417ms)
✔ corpus scene_dialogue_write: yields exactly its hand-written diagnostic (1.468458ms)
✔ the byte cap applies to the raw length before decoding (0.694041ms)
✔ artifact bytes that are not strict UTF-8 are INVALID_JSON (0.202417ms)
✔ the v2 known answer loads with its fixture hash (5.912917ms)
✔ an exit or entry naming no room of this cartridge is UNRESOLVED_REFERENCE (4.457583ms)
✔ a room text key missing from the catalog is UNRESOLVED_REFERENCE (0.940833ms)
✔ rooms without movement in the lock are UNDECLARED_CAPABILITY (1.452792ms)
✔ a room map key that disagrees with the room's key is ARTIFACT_DEFINITION_KEY_MISMATCH (1.807792ms)
✔ a v1 artifact carrying rooms is UNKNOWN_FIELD (1.289375ms)
✔ an action text key missing from the catalog is UNRESOLVED_REFERENCE (1.063458ms)
✔ the details known answer loads with its fixture hash (1.21025ms)
✔ a detail's text key missing from the catalog is UNRESOLVED_REFERENCE (1.264791ms)
✔ a detail whose first alias is shared or untypable is UNREACHABLE_DETAIL (6.149542ms)
ℹ tests 87
ℹ suites 0
ℹ pass 87
ℹ fail 0
ℹ cancelled 0
ℹ skipped 0
ℹ todo 0
ℹ duration_ms 209.440166
