✔ the loader rejects an enum fact default outside its values (6.141583ms)
✔ the loader rejects a bounded integer fact default outside its bounds (1.834875ms)
✔ the loader rejects an invalid v2 fact default (4.375459ms)
✔ the known-answer cartridge loads and its hash is the fixture literal (1.21025ms)
✔ corpus not_decodable: yields exactly its hand-written diagnostic (0.130959ms)
✔ corpus duplicate_key: yields exactly its hand-written diagnostic (0.195167ms)
✔ corpus unknown_format: yields exactly its hand-written diagnostic (0.214958ms)
✔ corpus no_cartridge: yields exactly its hand-written diagnostic (0.058375ms)
✔ corpus unknown_field: yields exactly its hand-written diagnostic (0.513625ms)
✔ corpus schema_violation: yields exactly its hand-written diagnostic (0.515291ms)
✔ corpus schema_violation_index: yields exactly its hand-written diagnostic (0.435917ms)
✔ corpus kind_mismatch: yields exactly its hand-written diagnostic (0.429958ms)
✔ corpus hash_mismatch: yields exactly its hand-written diagnostic (0.63625ms)
✔ corpus key_cartridge_id: yields exactly its hand-written diagnostic (0.524ms)
✔ corpus key_cartridge_version: yields exactly its hand-written diagnostic (0.411166ms)
✔ corpus key_key: yields exactly its hand-written diagnostic (0.393708ms)
✔ corpus lock_missing_required: yields exactly its hand-written diagnostic (0.378333ms)
✔ corpus lock_extra: yields exactly its hand-written diagnostic (0.647ms)
✔ corpus command_owner_absent: yields exactly its hand-written diagnostic (0.5585ms)
✔ corpus unknown_command: yields exactly its hand-written diagnostic (0.432666ms)
✔ corpus policy_op_owner_absent: yields exactly its hand-written diagnostic (0.428958ms)
✔ corpus stage_list_order: yields exactly its hand-written diagnostic (0.468958ms)
✔ corpus capability_not_installed: yields exactly its hand-written diagnostic (0.455667ms)
✔ corpus capability_version_not_installed: yields exactly its hand-written diagnostic (3.509791ms)
✔ corpus kernel_api_at_below: yields exactly its hand-written diagnostic (0.473083ms)
✔ corpus kernel_api_under: yields exactly its hand-written diagnostic (0.386208ms)
✔ corpus kernel_api_numeric: yields exactly its hand-written diagnostic (0.384333ms)
✔ corpus rule_ir_unsupported: yields exactly its hand-written diagnostic (0.364958ms)
✔ corpus content_schema_unsupported: yields exactly its hand-written diagnostic (0.354959ms)
✔ corpus client_feature_missing: yields exactly its hand-written diagnostic (0.464625ms)
✔ corpus two_faults_schema_hash: yields exactly its hand-written diagnostic (0.332708ms)
✔ corpus two_faults_hash_keys: yields exactly its hand-written diagnostic (0.310125ms)
✔ corpus two_faults_lock_installed: yields exactly its hand-written diagnostic (0.315208ms)
✔ corpus band_table_unsorted: yields exactly its hand-written diagnostic (3.106958ms)
✔ corpus band_table_gap: yields exactly its hand-written diagnostic (0.713542ms)
✔ corpus band_table_duplicate_cut: yields exactly its hand-written diagnostic (0.585958ms)
✔ corpus band_table_duplicate_key: yields exactly its hand-written diagnostic (0.601792ms)
✔ corpus band_text_missing: yields exactly its hand-written diagnostic (0.562334ms)
✔ corpus move_cost_unknown_pool: yields exactly its hand-written diagnostic (0.558916ms)
✔ corpus move_cost_zero: yields exactly its hand-written diagnostic (0.45875ms)
✔ corpus band_cut_over_100: yields exactly its hand-written diagnostic (0.663625ms)
✔ corpus band_tone_unknown: yields exactly its hand-written diagnostic (0.432208ms)
✔ corpus band_table_empty: yields exactly its hand-written diagnostic (0.412333ms)
✔ corpus attribute_unlocked: yields exactly its hand-written diagnostic (1.217125ms)
✔ corpus stat_compare_unlocked: yields exactly its hand-written diagnostic (0.787125ms)
✔ corpus resource_compare_unlocked: yields exactly its hand-written diagnostic (0.766167ms)
✔ corpus stat_compare_unresolved: yields exactly its hand-written diagnostic (1.458583ms)
✔ corpus resource_compare_unresolved: yields exactly its hand-written diagnostic (0.923708ms)
✔ corpus attribute_key_mismatch: yields exactly its hand-written diagnostic (0.738834ms)
✔ corpus slot_unlocked: yields exactly its hand-written diagnostic (0.958083ms)
✔ corpus slot_finger: yields exactly its hand-written diagnostic (0.895292ms)
✔ corpus journal_missing_stage_text: yields exactly its hand-written diagnostic (2.165875ms)
✔ corpus journal_missing_outcome_text: yields exactly its hand-written diagnostic (1.548625ms)
✔ corpus journal_missing_failed: yields exactly its hand-written diagnostic (1.47925ms)
✔ corpus chapters_missing_text: yields exactly its hand-written diagnostic (1.603709ms)
✔ corpus chapters_missing_point: yields exactly its hand-written diagnostic (1.401083ms)
✔ corpus chapters_missing_outcome: yields exactly its hand-written diagnostic (1.504583ms)
✔ corpus chapters_opening_point: yields exactly its hand-written diagnostic (1.362792ms)
✔ corpus chapters_opening_outcome: yields exactly its hand-written diagnostic (1.364042ms)
✔ corpus chapters_later_missing_point: yields exactly its hand-written diagnostic (1.469459ms)
✔ corpus chapters_ambiguous: yields exactly its hand-written diagnostic (1.520958ms)
✔ corpus scene_unknown_step: yields exactly its hand-written diagnostic (1.567458ms)
✔ corpus scene_missing_ack: yields exactly its hand-written diagnostic (1.562792ms)
✔ corpus scene_restricted_control: yields exactly its hand-written diagnostic (1.319208ms)
✔ corpus scene_unknown_story_point: yields exactly its hand-written diagnostic (1.6255ms)
✔ corpus scene_unknown_outcome: yields exactly its hand-written diagnostic (1.368458ms)
✔ corpus scene_missing_text: yields exactly its hand-written diagnostic (1.377ms)
✔ corpus scene_duplicate_trigger: yields exactly its hand-written diagnostic (1.657375ms)
✔ corpus scene_undeclared: yields exactly its hand-written diagnostic (1.380083ms)
✔ corpus scene_definition_key: yields exactly its hand-written diagnostic (1.262875ms)
✔ corpus scene_fact_changed: yields exactly its hand-written diagnostic (1.690459ms)
✔ corpus scene_fact_missing: yields exactly its hand-written diagnostic (1.481834ms)
✔ corpus scene_recipe_write: yields exactly its hand-written diagnostic (1.619167ms)
✔ corpus scene_reaction_write: yields exactly its hand-written diagnostic (1.465667ms)
✔ corpus scene_dialogue_write: yields exactly its hand-written diagnostic (1.483834ms)
✔ the byte cap applies to the raw length before decoding (0.709792ms)
✔ artifact bytes that are not strict UTF-8 are INVALID_JSON (0.209958ms)
✔ the v2 known answer loads with its fixture hash (5.986708ms)
✔ an exit or entry naming no room of this cartridge is UNRESOLVED_REFERENCE (4.3865ms)
✔ a room text key missing from the catalog is UNRESOLVED_REFERENCE (0.953791ms)
✔ rooms without movement in the lock are UNDECLARED_CAPABILITY (1.467875ms)
✔ a room map key that disagrees with the room's key is ARTIFACT_DEFINITION_KEY_MISMATCH (1.760209ms)
✔ a v1 artifact carrying rooms is UNKNOWN_FIELD (0.666083ms)
✔ an action text key missing from the catalog is UNRESOLVED_REFERENCE (0.976334ms)
✔ the details known answer loads with its fixture hash (1.055875ms)
✔ a detail's text key missing from the catalog is UNRESOLVED_REFERENCE (1.601791ms)
✔ a detail whose first alias is shared or untypable is UNREACHABLE_DETAIL (4.727459ms)
ℹ tests 87
ℹ suites 0
ℹ pass 87
ℹ fail 0
ℹ cancelled 0
ℹ skipped 0
ℹ todo 0
ℹ duration_ms 208.833167
