✔ the loader rejects an enum fact default outside its values (6.14175ms)
✔ the loader rejects a bounded integer fact default outside its bounds (2.126291ms)
✔ the loader rejects an invalid v2 fact default (5.392291ms)
✔ the known-answer cartridge loads and its hash is the fixture literal (1.419916ms)
✔ corpus not_decodable: yields exactly its hand-written diagnostic (0.15825ms)
✔ corpus duplicate_key: yields exactly its hand-written diagnostic (0.146541ms)
✔ corpus unknown_format: yields exactly its hand-written diagnostic (0.227625ms)
✔ corpus no_cartridge: yields exactly its hand-written diagnostic (0.06225ms)
✔ corpus unknown_field: yields exactly its hand-written diagnostic (0.698583ms)
✔ corpus schema_violation: yields exactly its hand-written diagnostic (0.579375ms)
✔ corpus schema_violation_index: yields exactly its hand-written diagnostic (0.5835ms)
✔ corpus kind_mismatch: yields exactly its hand-written diagnostic (0.547167ms)
✔ corpus hash_mismatch: yields exactly its hand-written diagnostic (1.146792ms)
✔ corpus key_cartridge_id: yields exactly its hand-written diagnostic (0.787125ms)
✔ corpus key_cartridge_version: yields exactly its hand-written diagnostic (0.763083ms)
✔ corpus key_key: yields exactly its hand-written diagnostic (0.476334ms)
✔ corpus lock_missing_required: yields exactly its hand-written diagnostic (0.432125ms)
✔ corpus lock_extra: yields exactly its hand-written diagnostic (0.397333ms)
✔ corpus command_owner_absent: yields exactly its hand-written diagnostic (0.346375ms)
✔ corpus unknown_command: yields exactly its hand-written diagnostic (0.356ms)
✔ corpus policy_op_owner_absent: yields exactly its hand-written diagnostic (0.378125ms)
✔ corpus stage_list_order: yields exactly its hand-written diagnostic (0.392333ms)
✔ corpus capability_not_installed: yields exactly its hand-written diagnostic (0.576541ms)
✔ corpus capability_version_not_installed: yields exactly its hand-written diagnostic (0.348125ms)
✔ corpus kernel_api_at_below: yields exactly its hand-written diagnostic (0.343209ms)
✔ corpus kernel_api_under: yields exactly its hand-written diagnostic (0.363875ms)
✔ corpus kernel_api_numeric: yields exactly its hand-written diagnostic (0.374917ms)
✔ corpus rule_ir_unsupported: yields exactly its hand-written diagnostic (0.345167ms)
✔ corpus content_schema_unsupported: yields exactly its hand-written diagnostic (0.340041ms)
✔ corpus client_feature_missing: yields exactly its hand-written diagnostic (0.352166ms)
✔ corpus two_faults_schema_hash: yields exactly its hand-written diagnostic (0.302083ms)
✔ corpus two_faults_hash_keys: yields exactly its hand-written diagnostic (0.289459ms)
✔ corpus two_faults_lock_installed: yields exactly its hand-written diagnostic (0.442083ms)
✔ corpus band_table_unsorted: yields exactly its hand-written diagnostic (1.900166ms)
✔ corpus band_table_gap: yields exactly its hand-written diagnostic (0.6525ms)
✔ corpus band_table_duplicate_cut: yields exactly its hand-written diagnostic (0.764ms)
✔ corpus band_table_duplicate_key: yields exactly its hand-written diagnostic (0.774292ms)
✔ corpus band_text_missing: yields exactly its hand-written diagnostic (0.71025ms)
✔ corpus move_cost_unknown_pool: yields exactly its hand-written diagnostic (1.639042ms)
✔ corpus move_cost_zero: yields exactly its hand-written diagnostic (0.58525ms)
✔ corpus band_cut_over_100: yields exactly its hand-written diagnostic (0.521709ms)
✔ corpus band_tone_unknown: yields exactly its hand-written diagnostic (0.549459ms)
✔ corpus band_table_empty: yields exactly its hand-written diagnostic (0.483375ms)
✔ corpus attribute_unlocked: yields exactly its hand-written diagnostic (1.292167ms)
✔ corpus stat_compare_unlocked: yields exactly its hand-written diagnostic (1.146333ms)
✔ corpus resource_compare_unlocked: yields exactly its hand-written diagnostic (0.963708ms)
✔ corpus stat_compare_unresolved: yields exactly its hand-written diagnostic (1.463ms)
✔ corpus resource_compare_unresolved: yields exactly its hand-written diagnostic (1.225333ms)
✔ corpus attribute_key_mismatch: yields exactly its hand-written diagnostic (0.899375ms)
✔ corpus slot_unlocked: yields exactly its hand-written diagnostic (1.032875ms)
✔ corpus slot_finger: yields exactly its hand-written diagnostic (0.82525ms)
✔ corpus journal_missing_stage_text: yields exactly its hand-written diagnostic (2.518958ms)
✔ corpus journal_missing_outcome_text: yields exactly its hand-written diagnostic (1.638417ms)
✔ corpus journal_missing_failed: yields exactly its hand-written diagnostic (1.286667ms)
✔ corpus chapters_missing_text: yields exactly its hand-written diagnostic (1.752167ms)
✔ corpus chapters_missing_point: yields exactly its hand-written diagnostic (1.474625ms)
✔ corpus chapters_missing_outcome: yields exactly its hand-written diagnostic (1.647334ms)
✔ corpus chapters_opening_point: yields exactly its hand-written diagnostic (1.440667ms)
✔ corpus chapters_opening_outcome: yields exactly its hand-written diagnostic (1.410958ms)
✔ corpus chapters_later_missing_point: yields exactly its hand-written diagnostic (1.49275ms)
✔ corpus chapters_ambiguous: yields exactly its hand-written diagnostic (1.580042ms)
✔ corpus scene_unknown_step: yields exactly its hand-written diagnostic (1.600208ms)
✔ corpus scene_missing_ack: yields exactly its hand-written diagnostic (1.589417ms)
✔ corpus scene_restricted_control: yields exactly its hand-written diagnostic (1.335584ms)
✔ corpus scene_unknown_story_point: yields exactly its hand-written diagnostic (1.63775ms)
✔ corpus scene_unknown_outcome: yields exactly its hand-written diagnostic (1.460042ms)
✔ corpus scene_missing_text: yields exactly its hand-written diagnostic (1.384083ms)
✔ corpus scene_duplicate_trigger: yields exactly its hand-written diagnostic (1.612125ms)
✔ corpus scene_undeclared: yields exactly its hand-written diagnostic (1.335042ms)
✔ corpus scene_definition_key: yields exactly its hand-written diagnostic (1.281417ms)
✔ corpus scene_fact_changed: yields exactly its hand-written diagnostic (1.78175ms)
✔ corpus scene_fact_missing: yields exactly its hand-written diagnostic (1.537833ms)
✔ corpus scene_recipe_write: yields exactly its hand-written diagnostic (1.647459ms)
✔ corpus scene_reaction_write: yields exactly its hand-written diagnostic (1.495625ms)
✔ corpus scene_dialogue_write: yields exactly its hand-written diagnostic (1.445667ms)
✔ the byte cap applies to the raw length before decoding (0.660458ms)
✔ artifact bytes that are not strict UTF-8 are INVALID_JSON (0.204459ms)
✔ the v2 known answer loads with its fixture hash (7.039334ms)
✔ an exit or entry naming no room of this cartridge is UNRESOLVED_REFERENCE (4.924459ms)
✔ a room text key missing from the catalog is UNRESOLVED_REFERENCE (1.145208ms)
✔ rooms without movement in the lock are UNDECLARED_CAPABILITY (1.861667ms)
✔ a room map key that disagrees with the room's key is ARTIFACT_DEFINITION_KEY_MISMATCH (1.473083ms)
✔ a v1 artifact carrying rooms is UNKNOWN_FIELD (0.6845ms)
✔ an action text key missing from the catalog is UNRESOLVED_REFERENCE (1.012125ms)
✔ the details known answer loads with its fixture hash (1.303417ms)
✔ a detail's text key missing from the catalog is UNRESOLVED_REFERENCE (1.52975ms)
✔ a detail whose first alias is shared or untypable is UNREACHABLE_DETAIL (5.943417ms)
ℹ tests 87
ℹ suites 0
ℹ pass 87
ℹ fail 0
ℹ cancelled 0
ℹ skipped 0
ℹ todo 0
ℹ duration_ms 214.645667
