Compiling 42 files (.ex)
    warning: the following clause cannot match because the previous clauses already matched all possible values:

        _ ->

    it attempts to match on the result of:

        credit && !combat && false

    which has the already matched type:

        dynamic(false or nil)

    type warning found at:
    │
 33 │       if(credit && !combat && false, do: [bad("cartridge.world.death_credit")], else: []) ++
    │       ~~~~~~~~~~~~~~~~~~~~~~~~~~~~~~~~~~~~~~~~~~~~~~~~~~~~~~~~~~~~~~~~~~~~~~~~~~~~~~~~~~~~~~
    │
    └─ lib/loka/content/combat.ex:33: Loka.Content.Combat.check/3

Generated loka app
Running ExUnit with seed: 654105, max_cases: 16

..

  1) test death credit is unique and bound to an attackable local NPC and player Boolean (Loka.ContentCombatTest)
     test/loka/content_combat_test.exs:126
     [%{"code" => "SCHEMA_VIOLATION", "data" => %{"error" => "invalid_value"}, "message_key" => "diagnostics.schema_violation", "path" => "cartridge.world.death_credit[0].npc", "severity" => "error", "suggested_capabilities" => []}]
     code: for {manifest, npc, fact, code, path} <- cases do
     stacktrace:
       test/loka/content_combat_test.exs:158: anonymous fn/3 in Loka.ContentCombatTest."test death credit is unique and bound to an attackable local NPC and player Boolean"/1
       (elixir 1.20.4) lib/enum.ex:2622: Enum."-reduce/3-lists^foldl/2-0-"/3
       test/loka/content_combat_test.exs:155: (test)


Finished in 0.1 seconds (0.1s async, 0.00s sync)

Result: 2/3 passed
Failed: 1 test
