✔ the loader rejects an enum fact default outside its values (5.333416ms)
✔ the loader rejects a bounded integer fact default outside its bounds (1.792167ms)
✔ the loader rejects an invalid v2 fact default (5.329167ms)
✔ the known-answer cartridge loads and its hash is the fixture literal (1.385458ms)
✔ corpus not_decodable: yields exactly its hand-written diagnostic (0.127208ms)
✔ corpus duplicate_key: yields exactly its hand-written diagnostic (0.142667ms)
✔ corpus unknown_format: yields exactly its hand-written diagnostic (0.2045ms)
✔ corpus no_cartridge: yields exactly its hand-written diagnostic (0.058792ms)
✔ corpus unknown_field: yields exactly its hand-written diagnostic (0.520375ms)
✔ corpus schema_violation: yields exactly its hand-written diagnostic (0.50775ms)
✔ corpus schema_violation_index: yields exactly its hand-written diagnostic (0.438167ms)
✔ corpus kind_mismatch: yields exactly its hand-written diagnostic (0.471375ms)
✔ corpus hash_mismatch: yields exactly its hand-written diagnostic (0.67225ms)
✔ corpus key_cartridge_id: yields exactly its hand-written diagnostic (0.650334ms)
✔ corpus key_cartridge_version: yields exactly its hand-written diagnostic (0.491083ms)
✔ corpus key_key: yields exactly its hand-written diagnostic (0.462709ms)
✔ corpus lock_missing_required: yields exactly its hand-written diagnostic (1.840166ms)
✔ corpus lock_extra: yields exactly its hand-written diagnostic (0.510667ms)
✔ corpus command_owner_absent: yields exactly its hand-written diagnostic (0.441333ms)
✔ corpus unknown_command: yields exactly its hand-written diagnostic (0.424125ms)
✔ corpus policy_op_owner_absent: yields exactly its hand-written diagnostic (0.440833ms)
✔ corpus stage_list_order: yields exactly its hand-written diagnostic (0.451ms)
✔ corpus capability_not_installed: yields exactly its hand-written diagnostic (0.473167ms)
✔ corpus capability_version_not_installed: yields exactly its hand-written diagnostic (0.388834ms)
✔ corpus kernel_api_at_below: yields exactly its hand-written diagnostic (0.390459ms)
✔ corpus kernel_api_under: yields exactly its hand-written diagnostic (0.355791ms)
✔ corpus kernel_api_numeric: yields exactly its hand-written diagnostic (0.526ms)
✔ corpus rule_ir_unsupported: yields exactly its hand-written diagnostic (0.358416ms)
✔ corpus content_schema_unsupported: yields exactly its hand-written diagnostic (0.356959ms)
✔ corpus client_feature_missing: yields exactly its hand-written diagnostic (0.365333ms)
✔ corpus two_faults_schema_hash: yields exactly its hand-written diagnostic (0.298125ms)
✔ corpus two_faults_hash_keys: yields exactly its hand-written diagnostic (0.294ms)
✔ corpus two_faults_lock_installed: yields exactly its hand-written diagnostic (0.287083ms)
✔ corpus band_table_unsorted: yields exactly its hand-written diagnostic (1.816833ms)
✔ corpus band_table_gap: yields exactly its hand-written diagnostic (0.626166ms)
✔ corpus band_table_duplicate_cut: yields exactly its hand-written diagnostic (0.770458ms)
✔ corpus band_table_duplicate_key: yields exactly its hand-written diagnostic (0.573416ms)
✔ corpus band_text_missing: yields exactly its hand-written diagnostic (0.551541ms)
✔ corpus move_cost_unknown_pool: yields exactly its hand-written diagnostic (0.527625ms)
✔ corpus move_cost_zero: yields exactly its hand-written diagnostic (0.4515ms)
✔ corpus band_cut_over_100: yields exactly its hand-written diagnostic (0.442667ms)
✔ corpus band_tone_unknown: yields exactly its hand-written diagnostic (0.601542ms)
✔ corpus band_table_empty: yields exactly its hand-written diagnostic (0.400625ms)
✔ corpus attribute_unlocked: yields exactly its hand-written diagnostic (1.126958ms)
✔ corpus stat_compare_unlocked: yields exactly its hand-written diagnostic (0.825708ms)
✔ corpus resource_compare_unlocked: yields exactly its hand-written diagnostic (1.028459ms)
✔ corpus stat_compare_unresolved: yields exactly its hand-written diagnostic (1.642833ms)
✔ corpus resource_compare_unresolved: yields exactly its hand-written diagnostic (1.028625ms)
✔ corpus attribute_key_mismatch: yields exactly its hand-written diagnostic (0.798625ms)
✔ corpus slot_unlocked: yields exactly its hand-written diagnostic (1.159791ms)
✔ corpus slot_finger: yields exactly its hand-written diagnostic (1.163166ms)
✔ corpus journal_missing_stage_text: yields exactly its hand-written diagnostic (2.369ms)
✔ corpus journal_missing_outcome_text: yields exactly its hand-written diagnostic (1.588625ms)
✔ corpus journal_missing_failed: yields exactly its hand-written diagnostic (1.429875ms)
✔ corpus chapters_missing_text: yields exactly its hand-written diagnostic (1.52225ms)
✔ corpus chapters_missing_point: yields exactly its hand-written diagnostic (1.407792ms)
✔ corpus chapters_missing_outcome: yields exactly its hand-written diagnostic (1.637417ms)
✔ corpus chapters_opening_point: yields exactly its hand-written diagnostic (1.403541ms)
✔ corpus chapters_opening_outcome: yields exactly its hand-written diagnostic (1.629083ms)
✔ corpus chapters_later_missing_point: yields exactly its hand-written diagnostic (1.400708ms)
✔ corpus chapters_ambiguous: yields exactly its hand-written diagnostic (1.941792ms)
✔ corpus scene_unknown_step: yields exactly its hand-written diagnostic (1.671958ms)
✔ corpus scene_missing_ack: yields exactly its hand-written diagnostic (1.615209ms)
✔ corpus scene_restricted_control: yields exactly its hand-written diagnostic (1.306042ms)
✔ corpus scene_unknown_story_point: yields exactly its hand-written diagnostic (1.53825ms)
✔ corpus scene_unknown_outcome: yields exactly its hand-written diagnostic (1.393125ms)
✔ corpus scene_missing_text: yields exactly its hand-written diagnostic (1.377083ms)
✔ corpus scene_duplicate_trigger: yields exactly its hand-written diagnostic (1.641875ms)
✔ corpus scene_undeclared: yields exactly its hand-written diagnostic (1.316ms)
✔ corpus scene_definition_key: yields exactly its hand-written diagnostic (1.401583ms)
✔ corpus scene_fact_changed: yields exactly its hand-written diagnostic (1.616542ms)
✔ corpus scene_fact_missing: yields exactly its hand-written diagnostic (1.497166ms)
✔ corpus scene_recipe_write: yields exactly its hand-written diagnostic (1.739542ms)
✔ corpus scene_reaction_write: yields exactly its hand-written diagnostic (1.681875ms)
✔ corpus scene_dialogue_write: yields exactly its hand-written diagnostic (1.772625ms)
✔ the byte cap applies to the raw length before decoding (0.754458ms)
✔ artifact bytes that are not strict UTF-8 are INVALID_JSON (0.223083ms)
✔ the v2 known answer loads with its fixture hash (6.527625ms)
✔ an exit or entry naming no room of this cartridge is UNRESOLVED_REFERENCE (4.825209ms)
✔ a room text key missing from the catalog is UNRESOLVED_REFERENCE (0.950958ms)
✔ rooms without movement in the lock are UNDECLARED_CAPABILITY (1.497ms)
✔ a room map key that disagrees with the room's key is ARTIFACT_DEFINITION_KEY_MISMATCH (1.190708ms)
✔ a v1 artifact carrying rooms is UNKNOWN_FIELD (0.643042ms)
✔ an action text key missing from the catalog is UNRESOLVED_REFERENCE (0.951333ms)
✔ the details known answer loads with its fixture hash (1.006958ms)
✔ a detail's text key missing from the catalog is UNRESOLVED_REFERENCE (1.077667ms)
✔ a detail whose first alias is shared or untypable is UNREACHABLE_DETAIL (6.194542ms)
ℹ tests 87
ℹ suites 0
ℹ pass 87
ℹ fail 0
ℹ cancelled 0
ℹ skipped 0
ℹ todo 0
ℹ duration_ms 215.269916
