Compiling 42 files (.ex)
Generated loka app
Running ExUnit with seed: 807107, max_cases: 16



  1) test combat requirements and attack bounds are enforced (Loka.ContentCombatTest)
     test/loka/content_combat_test.exs:100
     ** (MatchError) no match of right hand side value:

         {:ok,
          "{\"cartridge\":{\"actions\":{},\"entry\":{\"cartridge_id\":\"fight\",\"cartridge_version\":\"1.0.0\",\"key\":\"cellar\",\"kind\":\"room\"},\"facts\":{\"fight@1.0.0:fact/rat_dead\":{\"key\":\"rat_dead\",\"meaning\":\"Rat defeated\",\"scopes\":[\"player\"],\"value_type\":{\"default\":false,\"type\":\"bool\"},\"version\":1}},\"format\":\"loka-cartridge-v2\",\"lock\":{\"capabilities\":{\"combat\":1,\"containment\":1,\"death\":1,\"fact\":1,\"movement\":1,\"resource\":1,\"schedule\":1},\"format\":\"loka-capability-lock-v1\"},\"manifest\":{\"api_version\":\"loka/v3\",\"id\":\"fight\",\"requires\":{\"capabilities\":{\"combat\":1,\"containment\":1,\"death\":1,\"fact\":1,\"movement\":1,\"resource\":1,\"schedule\":1},\"client_features\":[],\"content_schema\":1,\"kernel_api\":{\"at_least\":\"1.5\",\"below\":\"2.0\"},\"rule_ir\":1},\"supported_profiles\":[\"offline_private\"],\"title\":\"Fight\",\"version\":\"1.0.0\"},\"npcs\":{\"fight@1.0.0:npc/rat\":{\"attack\":{\"chance\":80,\"damage_max\":3,\"damage_min\":1},\"description\":\"t\",\"hp\":{\"gain\":0,\"maximum\":6,\"minimum\":0,\"start\":6},\"key\":\"rat\",\"keywords\":[\"rat\"],\"room\":{\"cartridge_id\":\"fight\",\"cartridge_version\":\"1.0.0\",\"key\":\"cellar\",\"kind\":\"room\"},\"room_line\":\"t\",\"short\":\"t\"}},\"policies\":{},\"resources\":{\"fight@1.0.0:resource/hp\":{\"gain\":5,\"key\":\"hp\",\"maximum\":20,\"minimum\":0,\"start\":20},\"fight@1.0.0:resource/ma\":{\"gain\":4,\"key\":\"ma\",\"maximum\":100,\"minimum\":0,\"start\":100},\"fight@1.0.0:resource/mv\":{\"gain\":18,\"key\":\"mv\",\"maximum\":82,\"minimum\":0,\"start\":82}},\"rooms\":{\"fight@1.0.0:room/cellar\":{\"description\":\"t\",\"exits\":{},\"key\":\"cellar\",\"title\":\"t\"},\"fight@1.0.0:room/shrine\":{\"description\":\"t\",\"exits\":{},\"key\":\"shrine\",\"sanctuary\":true,\"title\":\"t\"}},\"text\":{\"t\":\"Test\"},\"world\":{\"combat\":{\"flee_multiplier\":3,\"interval\":2,\"player_attack\":{\"chance\":80,\"damage_max\":3,\"damage_min\":1},\"sleep_multiplier\":2},\"death_credit\":[{\"fact\":{\"cartridge_id\":\"fight\",\"cartridge_version\":\"1.0.0\",\"key\":\"rat_dead\",\"kind\":\"fact\"},\"npc\":{\"cartridge_id\":\"fight\",\"cartridge_version\":\"1.0.0\",\"key\":\"rat\",\"kind\":\"npc\"},\"room\":{\"cartridge_id\":\"fight\",\"cartridge_version\":\"1.0.0\",\"key\":\"cellar\",\"kind\":\"room\"}}]}},\"content_hash\":\"7c8560925f005d2ea99466ffd127eb03598c79a36e5b430dead1488d34b3c6c2\"}",
          [
            %{
              "code" => "TOUCH_LINK_MISSING",
              "data" => %{"target" => "rat"},
              "message_key" => "diagnostics.touch_link_missing",
              "path" => "npcs/rat.room_line",
              "severity" => "warning",
              "suggested_capabilities" => []
            }
          ]}

     code: for {manifest, npc, code, path} <- cases do
     stacktrace:
       test/loka/content_combat_test.exs:120: anonymous fn/3 in Loka.ContentCombatTest."test combat requirements and attack bounds are enforced"/1
       (elixir 1.20.4) lib/enum.ex:2622: Enum."-reduce/3-lists^foldl/2-0-"/3
       test/loka/content_combat_test.exs:118: (test)

..
Finished in 0.07 seconds (0.07s async, 0.00s sync)

Result: 2/3 passed
Failed: 1 test
