[warn] postinstall script did not run; falling back to runtime binary resolution.
Enable postinstall to avoid the per-invocation overhead.
error[ts-kernel-pure]: Kernel code must stay pure (spec document 01 A6, ADR-072). No clock, randomness, locale or dynamic loading. Host and Node APIs are already type errors via "lib"/"types" in kernel/ts/tsconfig.json.
   ┌─ kernel/ts/src/runtime/decision.ts:49:49
   │
49 │   readonly encounters?: Readonly<Record<string, import('../contracts.gen.ts').EncounterRow>>;
   │                                                 ^^^^^^^^^^^^^^^^^^^^^^^^^^^^^

error[ts-kernel-pure]: Kernel code must stay pure (spec document 01 A6, ADR-072). No clock, randomness, locale or dynamic loading. Host and Node APIs are already type errors via "lib"/"types" in kernel/ts/tsconfig.json.
   ┌─ kernel/ts/src/runtime/decision.ts:83:27
   │
83 │   readonly encounter_id?: import('../contracts.gen.ts').EncounterId;
   │                           ^^^^^^^^^^^^^^^^^^^^^^^^^^^^^

error[ts-rule-module-pure]: A rule module returns a proposal and never mutates (ADR-072; 04 §5.1). No assignment to a property or element, ++/--/+=, delete or mutating methods; no casts or any (they would evade the typed ownership check, kernel/ts/src/runtime/decision.ts Rule); and no reference at all to Object, Reflect, Function, eval, globalThis, JSON or Proxy (aliased mutators, dynamic code and untyped values; decision.ts has and values cover the reads).
   ┌─ kernel/ts/src/mechanics/combat/rule.ts:15:24
   │
15 │   const encounter_id = mint() as EncounterId;
   │                        ^^^^^^^^^^^^^^^^^^^^^

error[ts-rule-module-pure]: A rule module returns a proposal and never mutates (ADR-072; 04 §5.1). No assignment to a property or element, ++/--/+=, delete or mutating methods; no casts or any (they would evade the typed ownership check, kernel/ts/src/runtime/decision.ts Rule); and no reference at all to Object, Reflect, Function, eval, globalThis, JSON or Proxy (aliased mutators, dynamic code and untyped values; decision.ts has and values cover the reads).
   ┌─ kernel/ts/src/mechanics/combat/rule.ts:16:18
   │
16 │   const job_id = mint() as JobId;
   │                  ^^^^^^^^^^^^^^^

Error: 4 error(s) found in code.
Help: Scan succeeded and found error level diagnostics in the codebase.

