✔ the loader rejects an enum fact default outside its values (5.489459ms)
✔ the loader rejects a bounded integer fact default outside its bounds (1.811834ms)
✔ the loader rejects an invalid v2 fact default (4.59775ms)
✔ the known-answer cartridge loads and its hash is the fixture literal (1.174ms)
✔ corpus not_decodable: yields exactly its hand-written diagnostic (0.126916ms)
✔ corpus duplicate_key: yields exactly its hand-written diagnostic (0.150666ms)
✔ corpus unknown_format: yields exactly its hand-written diagnostic (0.216083ms)
✔ corpus no_cartridge: yields exactly its hand-written diagnostic (0.058583ms)
✔ corpus unknown_field: yields exactly its hand-written diagnostic (0.5325ms)
✔ corpus schema_violation: yields exactly its hand-written diagnostic (0.524542ms)
✔ corpus schema_violation_index: yields exactly its hand-written diagnostic (0.438959ms)
✔ corpus kind_mismatch: yields exactly its hand-written diagnostic (0.419ms)
✔ corpus hash_mismatch: yields exactly its hand-written diagnostic (0.930584ms)
✔ corpus key_cartridge_id: yields exactly its hand-written diagnostic (0.555375ms)
✔ corpus key_cartridge_version: yields exactly its hand-written diagnostic (0.418958ms)
✔ corpus key_key: yields exactly its hand-written diagnostic (0.394041ms)
✔ corpus lock_missing_required: yields exactly its hand-written diagnostic (0.373209ms)
✔ corpus lock_extra: yields exactly its hand-written diagnostic (0.844583ms)
✔ corpus command_owner_absent: yields exactly its hand-written diagnostic (0.4245ms)
✔ corpus unknown_command: yields exactly its hand-written diagnostic (0.416708ms)
✔ corpus policy_op_owner_absent: yields exactly its hand-written diagnostic (0.412625ms)
✔ corpus stage_list_order: yields exactly its hand-written diagnostic (0.4505ms)
✔ corpus capability_not_installed: yields exactly its hand-written diagnostic (2.72775ms)
✔ corpus capability_version_not_installed: yields exactly its hand-written diagnostic (0.526625ms)
✔ corpus kernel_api_at_below: yields exactly its hand-written diagnostic (0.40425ms)
✔ corpus kernel_api_under: yields exactly its hand-written diagnostic (0.405542ms)
✔ corpus kernel_api_numeric: yields exactly its hand-written diagnostic (0.368625ms)
✔ corpus rule_ir_unsupported: yields exactly its hand-written diagnostic (0.384708ms)
✔ corpus content_schema_unsupported: yields exactly its hand-written diagnostic (0.350584ms)
✔ corpus client_feature_missing: yields exactly its hand-written diagnostic (0.422042ms)
✔ corpus two_faults_schema_hash: yields exactly its hand-written diagnostic (0.333083ms)
✔ corpus two_faults_hash_keys: yields exactly its hand-written diagnostic (0.315167ms)
✔ corpus two_faults_lock_installed: yields exactly its hand-written diagnostic (0.306792ms)
✔ corpus band_table_unsorted: yields exactly its hand-written diagnostic (2.088833ms)
✔ corpus band_table_gap: yields exactly its hand-written diagnostic (0.666167ms)
✔ corpus band_table_duplicate_cut: yields exactly its hand-written diagnostic (0.571416ms)
✔ corpus band_table_duplicate_key: yields exactly its hand-written diagnostic (0.593833ms)
✔ corpus band_text_missing: yields exactly its hand-written diagnostic (0.565625ms)
✔ corpus move_cost_unknown_pool: yields exactly its hand-written diagnostic (0.54925ms)
✔ corpus move_cost_zero: yields exactly its hand-written diagnostic (0.448458ms)
✔ corpus band_cut_over_100: yields exactly its hand-written diagnostic (0.443792ms)
✔ corpus band_tone_unknown: yields exactly its hand-written diagnostic (0.418291ms)
✔ corpus band_table_empty: yields exactly its hand-written diagnostic (0.399792ms)
✔ corpus attribute_unlocked: yields exactly its hand-written diagnostic (1.128541ms)
✔ corpus stat_compare_unlocked: yields exactly its hand-written diagnostic (0.771084ms)
✔ corpus resource_compare_unlocked: yields exactly its hand-written diagnostic (1.075209ms)
✔ corpus stat_compare_unresolved: yields exactly its hand-written diagnostic (1.242375ms)
✔ corpus resource_compare_unresolved: yields exactly its hand-written diagnostic (0.913708ms)
✔ corpus attribute_key_mismatch: yields exactly its hand-written diagnostic (0.723459ms)
✔ corpus slot_unlocked: yields exactly its hand-written diagnostic (0.966167ms)
✔ corpus slot_finger: yields exactly its hand-written diagnostic (0.927209ms)
✔ corpus journal_missing_stage_text: yields exactly its hand-written diagnostic (2.223375ms)
✔ corpus journal_missing_outcome_text: yields exactly its hand-written diagnostic (1.552208ms)
✔ corpus journal_missing_failed: yields exactly its hand-written diagnostic (1.402042ms)
✔ corpus chapters_missing_text: yields exactly its hand-written diagnostic (1.506083ms)
✔ corpus chapters_missing_point: yields exactly its hand-written diagnostic (1.389083ms)
✔ corpus chapters_missing_outcome: yields exactly its hand-written diagnostic (1.4445ms)
✔ corpus chapters_opening_point: yields exactly its hand-written diagnostic (1.368958ms)
✔ corpus chapters_opening_outcome: yields exactly its hand-written diagnostic (1.473333ms)
✔ corpus chapters_later_missing_point: yields exactly its hand-written diagnostic (1.340167ms)
✔ corpus chapters_ambiguous: yields exactly its hand-written diagnostic (1.517208ms)
✔ corpus scene_unknown_step: yields exactly its hand-written diagnostic (1.535958ms)
✔ corpus scene_missing_ack: yields exactly its hand-written diagnostic (1.57725ms)
✔ corpus scene_restricted_control: yields exactly its hand-written diagnostic (1.278916ms)
✔ corpus scene_unknown_story_point: yields exactly its hand-written diagnostic (1.587833ms)
✔ corpus scene_unknown_outcome: yields exactly its hand-written diagnostic (1.395166ms)
✔ corpus scene_missing_text: yields exactly its hand-written diagnostic (1.384375ms)
✔ corpus scene_duplicate_trigger: yields exactly its hand-written diagnostic (1.631416ms)
✔ corpus scene_undeclared: yields exactly its hand-written diagnostic (1.356125ms)
✔ corpus scene_definition_key: yields exactly its hand-written diagnostic (1.390542ms)
✔ corpus scene_fact_changed: yields exactly its hand-written diagnostic (1.586584ms)
✔ corpus scene_fact_missing: yields exactly its hand-written diagnostic (1.48975ms)
✔ corpus scene_recipe_write: yields exactly its hand-written diagnostic (1.633833ms)
✔ corpus scene_reaction_write: yields exactly its hand-written diagnostic (1.480833ms)
✔ corpus scene_dialogue_write: yields exactly its hand-written diagnostic (1.593958ms)
✔ the byte cap applies to the raw length before decoding (0.645458ms)
✔ artifact bytes that are not strict UTF-8 are INVALID_JSON (0.209167ms)
✔ the v2 known answer loads with its fixture hash (5.981792ms)
✔ an exit or entry naming no room of this cartridge is UNRESOLVED_REFERENCE (4.393084ms)
✔ a room text key missing from the catalog is UNRESOLVED_REFERENCE (0.965125ms)
✔ rooms without movement in the lock are UNDECLARED_CAPABILITY (1.423292ms)
✔ a room map key that disagrees with the room's key is ARTIFACT_DEFINITION_KEY_MISMATCH (1.229166ms)
✔ a v1 artifact carrying rooms is UNKNOWN_FIELD (0.643291ms)
✔ an action text key missing from the catalog is UNRESOLVED_REFERENCE (1.016709ms)
✔ the details known answer loads with its fixture hash (1.112542ms)
✔ a detail's text key missing from the catalog is UNRESOLVED_REFERENCE (1.0975ms)
✔ a detail whose first alias is shared or untypable is UNREACHABLE_DETAIL (5.459166ms)
ℹ tests 87
ℹ suites 0
ℹ pass 87
ℹ fail 0
ℹ cancelled 0
ℹ skipped 0
ℹ todo 0
ℹ duration_ms 205.8325
