Compiling 42 files (.ex)
    warning: the following conditional expression:

        combat || true

    will always evaluate to:

        dynamic(not false and not nil)

    where "combat" was given the type:

        # type: dynamic()
        # from: lib/loka/content/combat.ex:17:10
        combat

    type warning found at:
    │
 27 │               if(combat || true, do: [], else: [bad(at(rel, ["attack"]))]) ++
    │               ~~~~~~~~~~~~~~~~~~~~~~~~~~~~~~~~~~~~~~~~~~~~~~~~~~~~~~~~~~~~~~~
    │
    └─ lib/loka/content/combat.ex:27: Loka.Content.Combat.check/3

Generated loka app
Running ExUnit with seed: 917025, max_cases: 16



  1) test combat requirements and attack bounds are enforced (Loka.ContentCombatTest)
     test/loka/content_combat_test.exs:100
     [%{"code" => "SCHEMA_VIOLATION", "data" => %{"error" => "invalid_value"}, "message_key" => "diagnostics.schema_violation", "path" => "cartridge.world.death_credit", "severity" => "error", "suggested_capabilities" => []}]
     code: for {manifest, npc, code, path} <- cases do
     stacktrace:
       test/loka/content_combat_test.exs:121: anonymous fn/3 in Loka.ContentCombatTest."test combat requirements and attack bounds are enforced"/1
       (elixir 1.20.4) lib/enum.ex:2622: Enum."-reduce/3-lists^foldl/2-0-"/3
       test/loka/content_combat_test.exs:118: (test)

..
Finished in 0.09 seconds (0.09s async, 0.00s sync)

Result: 2/3 passed
Failed: 1 test
