combat.ex bounds old/new exit [0, 2]
combat.ex api old/new exit [0, 2]
combat.ex owners old/new exit [0, 2]
combat.ex attack-settings old/new exit [0, 2]
combat.ex npc-hp old/new exit [0, 2]
combat.ex credit-settings old/new exit [0, 2]
combat.ex credit-attack old/new exit [0, 2]
combat.ex credit-room old/new exit [0, 2]
combat.ex credit-duplicates old/new exit [0, 2]
combat.ex credit-scope old/new exit [0, 2]
combat.ex credit-default old/new exit [0, 2]
combat.ex short-refs old/new exit [0, 2]
cartridge_combat.ts bounds old/new exit [0, 1]
cartridge_combat.ts api old/new exit [0, 1]
cartridge_combat.ts owners old/new exit [0, 1]
cartridge_combat.ts attack-settings old/new exit [0, 1]
cartridge_combat.ts npc-hp old/new exit [0, 1]
cartridge_combat.ts credit-settings old/new exit [0, 1]
cartridge_combat.ts credit-attack old/new exit [0, 1]
cartridge_combat.ts credit-room old/new exit [0, 1]
cartridge_combat.ts credit-duplicates old/new exit [0, 1]
cartridge_combat.ts credit-scope old/new exit [0, 1]
cartridge_combat.ts credit-default old/new exit [0, 1]
