Compiling 42 files (.ex)
    warning: the following conditional expression:

        get_in(settings, ["world", "death"]) || true

    will always evaluate to:

        dynamic(not false and not nil)

    where "settings" was given the type:

        # type: dynamic()
        # from: lib/loka/content/combat.ex
        {_, settings}

    type warning found at:
    │
 20 │           if(get_in(settings, ["world", "death"]) || true, do: [], else: [bad("cartridge.world.death")]) ++
    │           ~~~~~~~~~~~~~~~~~~~~~~~~~~~~~~~~~~~~~~~~~~~~~~~~~~~~~~~~~~~~~~~~~~~~~~~~~~~~~~~~~~~~~~~~~~~~~~~~~
    │
    └─ lib/loka/content/combat.ex:20: Loka.Content.Combat.check/4

Generated loka app
Running ExUnit with seed: 756046, max_cases: 16

....
Finished in 0.1 seconds (0.1s async, 0.00s sync)

Result: 4 passed
