✔ combat artifact requires executable API, owners, ordered damage and explicit NPC HP (66.37825ms)
✔ death credit binds unique local attackable NPCs and false player Boolean facts (61.841833ms)
✖ every combat narration role names existing cartridge text (5.048167ms)
ℹ tests 3
ℹ suites 0
ℹ pass 2
ℹ fail 1
ℹ cancelled 0
ℹ skipped 0
ℹ todo 0
ℹ duration_ms 236.79125

✖ failing tests:

test at kernel/ts/test/combat_content.test.ts:258:1
✖ every combat narration role names existing cartridge text (5.048167ms)
  AssertionError [ERR_ASSERTION]: player_hit
      at TestContext.<anonymous> (file://<repo>/kernel/ts/test/combat_content.test.ts:263:12)
      at Test.runInAsyncScope (node:async_hooks:227:14)
      at Test.run (node:internal/test_runner/test:1402:25)
      at Test.processPendingSubtests (node:internal/test_runner/test:974:18)
      at Test.postRun (node:internal/test_runner/test:1542:19)
      at Test.run (node:internal/test_runner/test:1467:12)
      at async Test.processPendingSubtests (node:internal/test_runner/test:974:7) {
    generatedMessage: false,
    code: 'ERR_ASSERTION',
    actual: false,
    expected: true,
    operator: '==',
    diff: 'simple'
  }
