Compiling 42 files (.ex)
    warning: the following conditional expression:

        combat || true

    will always evaluate to:

        dynamic(not false and not nil)

    where "combat" was given the type:

        # type: dynamic()
        # from: lib/loka/content/combat.ex:17:10
        combat

    type warning found at:
    │
 27 │               if(combat || true, do: [], else: [bad(at(rel, ["attack"]))]) ++
    │               ~~~~~~~~~~~~~~~~~~~~~~~~~~~~~~~~~~~~~~~~~~~~~~~~~~~~~~~~~~~~~~~
    │
    └─ lib/loka/content/combat.ex:27: Loka.Content.Combat.check/3

Generated loka app
Running ExUnit with seed: 498952, max_cases: 16

...................................................
Finished in 0.3 seconds (0.3s async, 0.00s sync)

Result: 51 passed
