✔ the loader rejects an enum fact default outside its values (5.242459ms)
✔ the loader rejects a bounded integer fact default outside its bounds (1.747584ms)
✔ the loader rejects an invalid v2 fact default (4.885542ms)
✔ the known-answer cartridge loads and its hash is the fixture literal (1.243333ms)
✔ corpus not_decodable: yields exactly its hand-written diagnostic (0.119292ms)
✔ corpus duplicate_key: yields exactly its hand-written diagnostic (0.138708ms)
✔ corpus unknown_format: yields exactly its hand-written diagnostic (0.218916ms)
✔ corpus no_cartridge: yields exactly its hand-written diagnostic (0.059125ms)
✔ corpus unknown_field: yields exactly its hand-written diagnostic (0.574875ms)
✔ corpus schema_violation: yields exactly its hand-written diagnostic (0.515209ms)
✔ corpus schema_violation_index: yields exactly its hand-written diagnostic (0.440791ms)
✔ corpus kind_mismatch: yields exactly its hand-written diagnostic (0.456625ms)
✔ corpus hash_mismatch: yields exactly its hand-written diagnostic (0.675958ms)
✔ corpus key_cartridge_id: yields exactly its hand-written diagnostic (0.526959ms)
✔ corpus key_cartridge_version: yields exactly its hand-written diagnostic (0.451375ms)
✔ corpus key_key: yields exactly its hand-written diagnostic (0.411333ms)
✔ corpus lock_missing_required: yields exactly its hand-written diagnostic (0.396209ms)
✔ corpus lock_extra: yields exactly its hand-written diagnostic (0.69975ms)
✔ corpus command_owner_absent: yields exactly its hand-written diagnostic (0.508708ms)
✔ corpus unknown_command: yields exactly its hand-written diagnostic (0.439625ms)
✔ corpus policy_op_owner_absent: yields exactly its hand-written diagnostic (0.4455ms)
✔ corpus stage_list_order: yields exactly its hand-written diagnostic (0.456542ms)
✔ corpus capability_not_installed: yields exactly its hand-written diagnostic (0.484833ms)
✔ corpus capability_version_not_installed: yields exactly its hand-written diagnostic (2.022208ms)
✔ corpus kernel_api_at_below: yields exactly its hand-written diagnostic (0.421333ms)
✔ corpus kernel_api_under: yields exactly its hand-written diagnostic (0.368125ms)
✔ corpus kernel_api_numeric: yields exactly its hand-written diagnostic (0.384417ms)
✔ corpus rule_ir_unsupported: yields exactly its hand-written diagnostic (0.36875ms)
✔ corpus content_schema_unsupported: yields exactly its hand-written diagnostic (0.368958ms)
✔ corpus client_feature_missing: yields exactly its hand-written diagnostic (0.412541ms)
✔ corpus two_faults_schema_hash: yields exactly its hand-written diagnostic (0.342416ms)
✔ corpus two_faults_hash_keys: yields exactly its hand-written diagnostic (0.320958ms)
✔ corpus two_faults_lock_installed: yields exactly its hand-written diagnostic (0.34475ms)
✔ corpus band_table_unsorted: yields exactly its hand-written diagnostic (2.287625ms)
✔ corpus band_table_gap: yields exactly its hand-written diagnostic (0.636ms)
✔ corpus band_table_duplicate_cut: yields exactly its hand-written diagnostic (0.575292ms)
✔ corpus band_table_duplicate_key: yields exactly its hand-written diagnostic (0.598583ms)
✔ corpus band_text_missing: yields exactly its hand-written diagnostic (0.5675ms)
✔ corpus move_cost_unknown_pool: yields exactly its hand-written diagnostic (0.590209ms)
✔ corpus move_cost_zero: yields exactly its hand-written diagnostic (0.462167ms)
✔ corpus band_cut_over_100: yields exactly its hand-written diagnostic (0.621708ms)
✔ corpus band_tone_unknown: yields exactly its hand-written diagnostic (0.412917ms)
✔ corpus band_table_empty: yields exactly its hand-written diagnostic (0.383833ms)
✔ corpus attribute_unlocked: yields exactly its hand-written diagnostic (1.101875ms)
✔ corpus stat_compare_unlocked: yields exactly its hand-written diagnostic (0.768083ms)
✔ corpus resource_compare_unlocked: yields exactly its hand-written diagnostic (0.755083ms)
✔ corpus stat_compare_unresolved: yields exactly its hand-written diagnostic (1.283667ms)
✔ corpus resource_compare_unresolved: yields exactly its hand-written diagnostic (0.867583ms)
✔ corpus attribute_key_mismatch: yields exactly its hand-written diagnostic (0.710334ms)
✔ corpus slot_unlocked: yields exactly its hand-written diagnostic (0.926625ms)
✔ corpus slot_finger: yields exactly its hand-written diagnostic (0.876709ms)
✔ corpus journal_missing_stage_text: yields exactly its hand-written diagnostic (2.148625ms)
✔ corpus journal_missing_outcome_text: yields exactly its hand-written diagnostic (1.522916ms)
✔ corpus journal_missing_failed: yields exactly its hand-written diagnostic (1.455292ms)
✔ corpus chapters_missing_text: yields exactly its hand-written diagnostic (1.5955ms)
✔ corpus chapters_missing_point: yields exactly its hand-written diagnostic (1.433292ms)
✔ corpus chapters_missing_outcome: yields exactly its hand-written diagnostic (1.515333ms)
✔ corpus chapters_opening_point: yields exactly its hand-written diagnostic (1.390708ms)
✔ corpus chapters_opening_outcome: yields exactly its hand-written diagnostic (1.365291ms)
✔ corpus chapters_later_missing_point: yields exactly its hand-written diagnostic (1.465084ms)
✔ corpus chapters_ambiguous: yields exactly its hand-written diagnostic (1.509709ms)
✔ corpus scene_unknown_step: yields exactly its hand-written diagnostic (1.551458ms)
✔ corpus scene_missing_ack: yields exactly its hand-written diagnostic (1.628209ms)
✔ corpus scene_restricted_control: yields exactly its hand-written diagnostic (1.304292ms)
✔ corpus scene_unknown_story_point: yields exactly its hand-written diagnostic (1.553917ms)
✔ corpus scene_unknown_outcome: yields exactly its hand-written diagnostic (1.377042ms)
✔ corpus scene_missing_text: yields exactly its hand-written diagnostic (1.390875ms)
✔ corpus scene_duplicate_trigger: yields exactly its hand-written diagnostic (1.655625ms)
✔ corpus scene_undeclared: yields exactly its hand-written diagnostic (1.3715ms)
✔ corpus scene_definition_key: yields exactly its hand-written diagnostic (1.254875ms)
✔ corpus scene_fact_changed: yields exactly its hand-written diagnostic (1.69025ms)
✔ corpus scene_fact_missing: yields exactly its hand-written diagnostic (1.511166ms)
✔ corpus scene_recipe_write: yields exactly its hand-written diagnostic (1.707291ms)
✔ corpus scene_reaction_write: yields exactly its hand-written diagnostic (1.5325ms)
✔ corpus scene_dialogue_write: yields exactly its hand-written diagnostic (1.49575ms)
✔ the byte cap applies to the raw length before decoding (0.617708ms)
✔ artifact bytes that are not strict UTF-8 are INVALID_JSON (0.20425ms)
✔ the v2 known answer loads with its fixture hash (6.045125ms)
✔ an exit or entry naming no room of this cartridge is UNRESOLVED_REFERENCE (4.135083ms)
✔ a room text key missing from the catalog is UNRESOLVED_REFERENCE (0.922917ms)
✔ rooms without movement in the lock are UNDECLARED_CAPABILITY (1.454583ms)
✔ a room map key that disagrees with the room's key is ARTIFACT_DEFINITION_KEY_MISMATCH (1.179875ms)
✔ a v1 artifact carrying rooms is UNKNOWN_FIELD (0.687959ms)
✔ an action text key missing from the catalog is UNRESOLVED_REFERENCE (0.959541ms)
✔ the details known answer loads with its fixture hash (1.014875ms)
✔ a detail's text key missing from the catalog is UNRESOLVED_REFERENCE (1.043375ms)
✔ a detail whose first alias is shared or untypable is UNREACHABLE_DETAIL (5.77475ms)
ℹ tests 87
ℹ suites 0
ℹ pass 87
ℹ fail 0
ℹ cancelled 0
ℹ skipped 0
ℹ todo 0
ℹ duration_ms 210.221041
