✔ loader refuses a crow corridor without its reciprocal return edge (76.915083ms)
✔ one exact dropped coin travels through one crow to the open nest (75.276417ms)
✔ Attack releases carried coin and pauses the crow return (65.299416ms)
✔ closed original nest causes a dry room fallback before the next leg (57.775584ms)
✖ full original nest causes a conserved room fallback (59.524917ms)
✔ a same-time return home suppresses the ordinary wander for that member (63.990167ms)
✔ same-time stale acquire permits the ordinary crow wander (56.204917ms)
✔ crow job phase must match the current occurrence before moving custody (55.770792ms)
✔ Take before the due acquisition cancels the old intent (55.399542ms)
✔ Shoo releases the exact carried coin and cancels its pending transport leg (54.952958ms)
✔ a second Green crow may bind a later Drop while the first returns (56.488375ms)
ℹ tests 11
ℹ suites 0
ℹ pass 10
ℹ fail 1
ℹ cancelled 0
ℹ skipped 0
ℹ todo 0
ℹ duration_ms 1479.535083

✖ failing tests:

test at kernel/ts/test/crow.test.ts:186:1
✖ full original nest causes a conserved room fallback (59.524917ms)
  AssertionError [ERR_ASSERTION]: Expected values to be strictly equal:
  + actual - expected
  
  + '66998c23-25e1-8de8-8284-f78446a85745'
  - '6514913d-4eee-8eae-857e-c5bd36d48735'
  
      at TestContext.<anonymous> (file://[redacted-path]/kernel/ts/test/crow.test.ts:200:10)
      at Test.runInAsyncScope (node:async_hooks:227:14)
      at Test.run (node:internal/test_runner/test:1402:25)
      at Test.processPendingSubtests (node:internal/test_runner/test:974:18)
      at Test.postRun (node:internal/test_runner/test:1542:19)
      at Test.run (node:internal/test_runner/test:1467:12)
      at async Test.processPendingSubtests (node:internal/test_runner/test:974:7) {
    generatedMessage: true,
    code: 'ERR_ASSERTION',
    actual: '66998c23-25e1-8de8-8284-f78446a85745',
    expected: '6514913d-4eee-8eae-857e-c5bd36d48735',
    operator: 'strictEqual',
    diff: 'simple'
  }
