RED CrowTransport required/phase
RED CrowTransport required/member_id
RED CrowTransport required/generation
RED CrowTransport required/item_id
RED CrowTransport required/nest_id
RED CrowTransport required/job_id
RED CrowTransport required/drop_event_id
RED CrowTransport required/encounter_id
RED CrowTransport properties/generation/minimum
RED CrowTransport properties/phase/enum
RED PopulationPlan properties/scavenge/required/items
RED PopulationPlan properties/scavenge/required/drop_rooms
RED PopulationPlan properties/scavenge/required/nest
RED PopulationPlan properties/scavenge/required/corridor
RED PopulationPlan properties/scavenge/required/interval
RED PopulationPlan properties/scavenge/required/narration
RED PopulationPlan properties/scavenge/properties/corridor/minItems
RED PopulationPlan properties/scavenge/properties/corridor/maxItems
RED PopulationPlan properties/scavenge/properties/drop_rooms/minItems
RED PopulationPlan properties/scavenge/properties/drop_rooms/maxItems
RED PopulationPlan properties/scavenge/properties/interval/minimum
RED PopulationPlan properties/scavenge/properties/items/minItems
RED PopulationPlan properties/scavenge/properties/items/maxItems
RED PopulationPlan properties/scavenge/properties/narration/required/carrying
RED PopulationPlan properties/scavenge/properties/narration/required/acquired
RED PopulationPlan properties/scavenge/properties/narration/required/delivered
RED PopulationPlan properties/scavenge/properties/narration/required/fallback
RED PopulationPlan properties/scavenge/properties/narration/required/shoo
RED DeltaOp oneOf/25/required/writer_group
RED DeltaOp oneOf/25/required/plan
RED DeltaOp oneOf/25/required/slot
RED DeltaOp oneOf/25/required/expected
RED DeltaOp oneOf/25/required/value
RED DeltaOp oneOf/25/properties/slot/minimum
RED DeltaOp oneOf/25/properties/slot/maximum
RED DeltaOp oneOf/9/required/writer_group
RED DeltaOp oneOf/9/required/job_id
RED DeltaOp oneOf/9/required/job
RED DeltaOp oneOf/9/required/due_time
RED DeltaOp oneOf/9/properties/crow_generation/minimum
RED DeltaOp oneOf/9/properties/crow_phase/enum
RED DeltaOp oneOf/18/required/writer_group
RED DeltaOp oneOf/18/required/job_id
RED DeltaOp oneOf/18/properties/crow_generation/minimum
RED MutationTarget oneOf/16/required/plan
RED MutationTarget oneOf/16/required/slot
RED MutationTarget oneOf/16/properties/slot/minimum
RED MutationTarget oneOf/16/properties/slot/maximum
RED CommandPayload oneOf/27/required/actor_id
RED CommandPayload oneOf/27/required/crow_id
RED EventPayload oneOf/3/required/crow_id
RED EventPayload oneOf/3/required/item_id
RED EventPayload oneOf/3/required/room_id
RED DeltaOp oneOf/18/dependentRequired/crow_member_id/crow_generation
RED DeltaOp oneOf/18/dependentRequired/crow_generation/crow_member_id
RED DeltaOp oneOf/18/exactlyOneRequired
RED EntityView properties/carrying/$ref
{
  "killed": 57,
  "survivors": []
}
