✔ loader refuses a crow corridor without its reciprocal return edge (75.531542ms)
✔ one exact dropped coin travels through one crow to the open nest (79.491292ms)
✔ Attack releases carried coin and pauses the crow return (71.888292ms)
✔ closed original nest causes a dry room fallback before the next leg (58.516125ms)
✔ full original nest causes a conserved room fallback (55.903084ms)
✔ a same-time return home suppresses the ordinary wander for that member (58.633583ms)
✔ same-time stale acquire permits the ordinary crow wander (55.312375ms)
✔ crow job phase must match the current occurrence before moving custody (55.267791ms)
✔ Take before the due acquisition cancels the old intent (55.3895ms)
✖ Shoo releases the exact carried coin and cancels its pending transport leg (56.228917ms)
✖ a second Green crow may bind a later Drop while the first returns (55.03225ms)
ℹ tests 11
ℹ suites 0
ℹ pass 9
ℹ fail 2
ℹ cancelled 0
ℹ skipped 0
ℹ todo 0
ℹ duration_ms 1348.375292

✖ failing tests:

test at kernel/ts/test/crow.test.ts:350:1
✖ Shoo releases the exact carried coin and cancels its pending transport leg (56.228917ms)
  AssertionError [ERR_ASSERTION]: {"kind":"fault","code":"precondition_failed","target":{"kind":"job","job_id":"208b7cc3-faee-8b54-b410-935c5987a7d5"}}
  + actual - expected
  
  + 'fault'
  - 'accepted'
  
      at TestContext.<anonymous> (file://[redacted-path]/kernel/ts/test/crow.test.ts:367:10)
      at Test.runInAsyncScope (node:async_hooks:227:14)
      at Test.run (node:internal/test_runner/test:1402:25)
      at Test.processPendingSubtests (node:internal/test_runner/test:974:18)
      at Test.postRun (node:internal/test_runner/test:1542:19)
      at Test.run (node:internal/test_runner/test:1467:12)
      at async Test.processPendingSubtests (node:internal/test_runner/test:974:7) {
    generatedMessage: false,
    code: 'ERR_ASSERTION',
    actual: 'fault',
    expected: 'accepted',
    operator: 'strictEqual',
    diff: 'simple'
  }

test at kernel/ts/test/crow.test.ts:389:1
✖ a second Green crow may bind a later Drop while the first returns (55.03225ms)
  AssertionError [ERR_ASSERTION]: {"kind":"fault","code":"precondition_failed","target":{"kind":"job","job_id":"1b955f47-e470-896b-b430-41c321a00e62"}}
  + actual - expected
  
  + 'fault'
  - 'accepted'
  
      at TestContext.<anonymous> (file://[redacted-path]/kernel/ts/test/crow.test.ts:420:10)
      at Test.runInAsyncScope (node:async_hooks:227:14)
      at Test.run (node:internal/test_runner/test:1402:25)
      at Test.processPendingSubtests (node:internal/test_runner/test:974:18)
      at Test.postRun (node:internal/test_runner/test:1542:19)
      at Test.run (node:internal/test_runner/test:1467:12)
      at async Test.processPendingSubtests (node:internal/test_runner/test:974:7) {
    generatedMessage: false,
    code: 'ERR_ASSERTION',
    actual: 'fault',
    expected: 'accepted',
    operator: 'strictEqual',
    diff: 'simple'
  }
