(node:81233) [MODULE_TYPELESS_PACKAGE_JSON] Warning: Module type of file://<worktree>/mobile/app/book/presenter.ts is not specified and it doesn't parse as CommonJS.
Reparsing as ES module because module syntax was detected. This incurs a performance overhead.
To eliminate this warning, add "type": "module" to <worktree>/mobile/app/package.json.
(Use `node --trace-warnings ...` to show where the warning was created)
✔ file-backed riddle cold opens before, after wrong and after success with exact replay/conflict (142.985958ms)
✔ stored riddle command, binding and root evidence mismatches become typed save corruption (200.90675ms)
✖ answer input refreshes only across unchanged offered riddle context and reads its own eventless receipt (24.22325ms)
✔ failed and lost COMMIT answers retain the exact invocation and answer until reconciliation (90.177917ms)
ℹ tests 4
ℹ suites 0
ℹ pass 3
ℹ fail 1
ℹ cancelled 0
ℹ skipped 0
ℹ todo 0
ℹ duration_ms 594.38925

✖ failing tests:

test at mobile/authority/local-story/wren_riddle.test.ts:227:1
✖ answer input refreshes only across unchanged offered riddle context and reads its own eventless receipt (24.22325ms)
  TypeError: Cannot read properties of undefined (reading 'riddle')
      at a.game.view (file://<worktree>/mobile/authority/local-story/wren_riddle.test.ts:266:31)
      at received (file://<worktree>/mobile/app/book/presenter.ts:79:20)
      at finished (file://<worktree>/mobile/app/book/presenter.ts:172:31)
      at pressed (file://<worktree>/mobile/app/book/presenter.ts:234:10)
      at Object.press (file://<worktree>/mobile/app/book/presenter.ts:287:20)
      at TestContext.<anonymous> (file://<worktree>/mobile/authority/local-story/wren_riddle.test.ts:272:10)
      at Test.runInAsyncScope (node:async_hooks:227:14)
      at Test.run (node:internal/test_runner/test:1402:25)
      at Test.processPendingSubtests (node:internal/test_runner/test:974:18)
      at Test.postRun (node:internal/test_runner/test:1542:19)
