✔ only accepted meeting after actual report and Study marks Wren met at every hour (21.488416ms)
✔ wrong answer retries the same bound row; malformed banks refuse; correct answer is once-only and nonterminal (10.906625ms)
✖ either original participant leaving or dying disables Choose while Close stays available (4.8145ms)
ℹ tests 3
ℹ suites 0
ℹ pass 2
ℹ fail 1
ℹ cancelled 0
ℹ skipped 0
ℹ todo 0
ℹ duration_ms 178.496709

✖ failing tests:

test at kernel/ts/test/wren_riddle.test.ts:192:1
✖ either original participant leaving or dying disables Choose while Close stays available (4.8145ms)
  AssertionError [ERR_ASSERTION]: Expected values to be strictly deep-equal:
  + actual - expected
  
    {
  +   available: true,
  -   available: false,
      choice_id: 'answer',
      label: 'dialogue.b_vesper_riddle.answer',
  -   reason: {
  -     code: 'not_present'
  -   }
    }
  
      at TestContext.<anonymous> (file://<worktree>/kernel/ts/test/wren_riddle.test.ts:234:14)
      at Test.runInAsyncScope (node:async_hooks:227:14)
      at Test.run (node:internal/test_runner/test:1402:25)
      at Test.processPendingSubtests (node:internal/test_runner/test:974:18)
      at Test.postRun (node:internal/test_runner/test:1542:19)
      at Test.run (node:internal/test_runner/test:1467:12)
      at async Test.processPendingSubtests (node:internal/test_runner/test:974:7) {
    generatedMessage: true,
    code: 'ERR_ASSERTION',
    actual: { available: true, choice_id: 'answer', label: 'dialogue.b_vesper_riddle.answer' },
    expected: { choice_id: 'answer', label: 'dialogue.b_vesper_riddle.answer', available: false, reason: { code: 'not_present' } },
    operator: 'deepStrictEqual',
    diff: 'simple'
  }
