✖ only accepted meeting after actual report and Study marks Wren met at every hour (21.839917ms)
✖ wrong answer retries the same bound row; malformed banks refuse; correct answer is once-only and nonterminal (4.648667ms)
✖ either original participant leaving or dying disables Choose while Close stays available (4.359542ms)
ℹ tests 3
ℹ suites 0
ℹ pass 0
ℹ fail 3
ℹ cancelled 0
ℹ skipped 0
ℹ todo 0
ℹ duration_ms 173.868625

✖ failing tests:

test at kernel/ts/test/wren_riddle.test.ts:100:1
✖ only accepted meeting after actual report and Study marks Wren met at every hour (21.839917ms)
  AssertionError [ERR_ASSERTION]: Expected values to be strictly equal:
  
  false !== true
  
      at TestContext.<anonymous> (file://<worktree>/kernel/ts/test/wren_riddle.test.ts:129:10)
      at Test.runInAsyncScope (node:async_hooks:227:14)
      at Test.run (node:internal/test_runner/test:1402:25)
      at Test.start (node:internal/test_runner/test:1262:17)
      at startSubtestAfterBootstrap (node:internal/test_runner/harness:387:17) {
    generatedMessage: true,
    code: 'ERR_ASSERTION',
    actual: false,
    expected: true,
    operator: 'strictEqual',
    diff: 'simple'
  }

test at kernel/ts/test/wren_riddle.test.ts:136:1
✖ wrong answer retries the same bound row; malformed banks refuse; correct answer is once-only and nonterminal (4.648667ms)
  AssertionError [ERR_ASSERTION]: Expected values to be strictly deep-equal:
  + actual - expected
  
  + undefined
  - {
  -   bank: [
  -     'R',
  -     'N',
  -     'A',
  -     'O',
  -     'L',
  -     'T',
  -     'E',
  -     'N',
  -     'S'
  -   ],
  -   choice_id: 'answer'
  - }
  
      at TestContext.<anonymous> (file://<worktree>/kernel/ts/test/wren_riddle.test.ts:142:10)
      at Test.runInAsyncScope (node:async_hooks:227:14)
      at Test.run (node:internal/test_runner/test:1402:25)
      at Test.processPendingSubtests (node:internal/test_runner/test:974:18)
      at Test.postRun (node:internal/test_runner/test:1542:19)
      at Test.run (node:internal/test_runner/test:1467:12)
      at async startSubtestAfterBootstrap (node:internal/test_runner/harness:387:3) {
    generatedMessage: true,
    code: 'ERR_ASSERTION',
    actual: undefined,
    expected: {
      choice_id: 'answer',
      bank: [
        'R', 'N', 'A',
        'O', 'L', 'T',
        'E', 'N', 'S'
      ]
    },
    operator: 'deepStrictEqual',
    diff: 'simple'
  }

test at kernel/ts/test/wren_riddle.test.ts:192:1
✖ either original participant leaving or dying disables Choose while Close stays available (4.359542ms)
  AssertionError [ERR_ASSERTION]: Expected values to be strictly deep-equal:
  + actual - expected
  
    {
      available: false,
  +   choice_id: 'meet_wren',
  +   label: 'dialogue.a_vesper_meeting.meet_wren',
  -   choice_id: 'answer',
  -   label: 'dialogue.b_vesper_riddle.answer',
      reason: {
        code: 'not_present'
      }
    }
  
      at TestContext.<anonymous> (file://<worktree>/kernel/ts/test/wren_riddle.test.ts:234:14)
      at Test.runInAsyncScope (node:async_hooks:227:14)
      at Test.run (node:internal/test_runner/test:1402:25)
      at Test.processPendingSubtests (node:internal/test_runner/test:974:18)
      at Test.postRun (node:internal/test_runner/test:1542:19)
      at Test.run (node:internal/test_runner/test:1467:12)
      at async Test.processPendingSubtests (node:internal/test_runner/test:974:7) {
    generatedMessage: true,
    code: 'ERR_ASSERTION',
    actual: { available: false, choice_id: 'meet_wren', label: 'dialogue.a_vesper_meeting.meet_wren', reason: { code: 'not_present' } },
    expected: { choice_id: 'answer', label: 'dialogue.b_vesper_riddle.answer', available: false, reason: { code: 'not_present' } },
    operator: 'deepStrictEqual',
    diff: 'simple'
  }
