(node:80422) [MODULE_TYPELESS_PACKAGE_JSON] Warning: Module type of file://<worktree>/mobile/app/book/presenter.test.ts is not specified and it doesn't parse as CommonJS.
Reparsing as ES module because module syntax was detected. This incurs a performance overhead.
To eliminate this warning, add "type": "module" to <worktree>/mobile/app/package.json.
(Use `node --trace-warnings ...` to show where the warning was created)
✔ pending and refused Take/Drop/Leave retain detail routing and unchanged custody (1.882041ms)
✔ journal cues belong only to changed NPC histories (0.284167ms)
✔ recovery removes the current heading but retains an unclassified consequence (0.132125ms)
✔ confirmed room change clears old history before adding new authored consequences (0.191ms)
✔ World omits the routine Close fallback while retaining authored consequences (0.139125ms)
✖ a restored committed narration is not duplicated by its pending receipt retry (0.794334ms)
✔ a move rejected for want of MV says the body is too exhausted (0.094125ms)
✔ the log stops growing in one room, its last line the latest answer (2.334167ms)
✔ the save-error line says a pending start over in words and shows any other message (0.150375ms)
✖ a narration recovery fault holds combat results while their line routing is unavailable (0.396542ms)
✖ combat receipt history is once-only when completion follows an already displayed state (0.3975ms)
(node:80423) [MODULE_TYPELESS_PACKAGE_JSON] Warning: Module type of file://<worktree>/mobile/app/book/riddle.test.ts is not specified and it doesn't parse as CommonJS.
Reparsing as ES module because module syntax was detected. This incurs a performance overhead.
To eliminate this warning, add "type": "module" to <worktree>/mobile/app/package.json.
(Use `node --trace-warnings ...` to show where the warning was created)
✔ NPC detail tiles edit a bounded word and submit retry/correct results after history (92.791334ms)
(node:80424) [MODULE_TYPELESS_PACKAGE_JSON] Warning: Module type of file://<worktree>/mobile/app/book/presenter.ts is not specified and it doesn't parse as CommonJS.
Reparsing as ES module because module syntax was detected. This incurs a performance overhead.
To eliminate this warning, add "type": "module" to <worktree>/mobile/app/package.json.
(Use `node --trace-warnings ...` to show where the warning was created)
✔ file-backed riddle cold opens before, after wrong and after success with exact replay/conflict (151.668542ms)
✔ stored riddle command, binding and root evidence mismatches become typed save corruption (209.546833ms)
✔ answer input refreshes only across unchanged offered riddle context and reads its own eventless receipt (27.434834ms)
✔ failed and lost COMMIT answers retain the exact invocation and answer until reconciliation (91.028167ms)
ℹ tests 16
ℹ suites 0
ℹ pass 13
ℹ fail 3
ℹ cancelled 0
ℹ skipped 0
ℹ todo 0
ℹ duration_ms 643.507792

✖ failing tests:

test at mobile/app/book/presenter.test.ts:218:1
✖ a restored committed narration is not duplicated by its pending receipt retry (0.794334ms)
  AssertionError [ERR_ASSERTION]: Expected values to be strictly deep-equal:
  + actual - expected
  
    [
      'Bram nods toward the path north.',
      'Would you fetch it?',
  +   'Bram nods toward the path north.'
    ]
  
      at TestContext.<anonymous> (file://<worktree>/mobile/app/book/presenter.test.ts:252:10)
      at Test.runInAsyncScope (node:async_hooks:227:14)
      at Test.run (node:internal/test_runner/test:1402:25)
      at Test.processPendingSubtests (node:internal/test_runner/test:974:18)
      at Test.postRun (node:internal/test_runner/test:1542:19)
      at Test.run (node:internal/test_runner/test:1467:12)
      at process.processTicksAndRejections (node:internal/process/task_queues:104:5)
      at async Test.processPendingSubtests (node:internal/test_runner/test:974:7) {
    generatedMessage: true,
    code: 'ERR_ASSERTION',
    actual: [ 'Bram nods toward the path north.', 'Would you fetch it?', 'Bram nods toward the path north.' ],
    expected: [ 'Bram nods toward the path north.', 'Would you fetch it?' ],
    operator: 'deepStrictEqual',
    diff: 'simple'
  }

test at mobile/app/book/presenter.test.ts:287:1
✖ a narration recovery fault holds combat results while their line routing is unavailable (0.396542ms)
  AssertionError [ERR_ASSERTION]: Expected values to be strictly deep-equal:
  + actual - expected
  
  + [
  +   'strike'
  + ]
  - []
  
      at TestContext.<anonymous> (file://<worktree>/mobile/app/book/presenter.test.ts:309:12)
      at Test.runInAsyncScope (node:async_hooks:227:14)
      at Test.run (node:internal/test_runner/test:1402:25)
      at Test.processPendingSubtests (node:internal/test_runner/test:974:18)
      at Test.postRun (node:internal/test_runner/test:1542:19)
      at Test.run (node:internal/test_runner/test:1467:12)
      at process.processTicksAndRejections (node:internal/process/task_queues:104:5)
      at async Test.processPendingSubtests (node:internal/test_runner/test:974:7) {
    generatedMessage: true,
    code: 'ERR_ASSERTION',
    actual: [ 'strike' ],
    expected: [],
    operator: 'deepStrictEqual',
    diff: 'simple'
  }

test at mobile/app/book/presenter.test.ts:316:1
✖ combat receipt history is once-only when completion follows an already displayed state (0.3975ms)
  AssertionError [ERR_ASSERTION]: Expected values to be strictly deep-equal:
  + actual - expected
  
  + [
  +   'The marsh rat falls.'
  + ]
  - []
  
      at TestContext.<anonymous> (file://<worktree>/mobile/app/book/presenter.test.ts:357:10)
      at Test.runInAsyncScope (node:async_hooks:227:14)
      at Test.run (node:internal/test_runner/test:1402:25)
      at Test.processPendingSubtests (node:internal/test_runner/test:974:18)
      at Test.postRun (node:internal/test_runner/test:1542:19)
      at Test.run (node:internal/test_runner/test:1467:12)
      at process.processTicksAndRejections (node:internal/process/task_queues:104:5)
      at async Test.processPendingSubtests (node:internal/test_runner/test:974:7) {
    generatedMessage: true,
    code: 'ERR_ASSERTION',
    actual: [ 'The marsh rat falls.' ],
    expected: [],
    operator: 'deepStrictEqual',
    diff: 'simple'
  }
