✖ only accepted meeting after actual report and Study marks Wren met at every hour (22.320792ms)
✖ wrong answer retries the same bound row; malformed banks refuse; correct answer is once-only and nonterminal (9.289583ms)
✔ either original participant leaving or dying disables Choose while Close stays available (25.18225ms)
ℹ tests 3
ℹ suites 0
ℹ pass 1
ℹ fail 2
ℹ cancelled 0
ℹ skipped 0
ℹ todo 0
ℹ duration_ms 201.437125

✖ failing tests:

test at kernel/ts/test/wren_riddle.test.ts:100:1
✖ only accepted meeting after actual report and Study marks Wren met at every hour (22.320792ms)
  AssertionError [ERR_ASSERTION]: Expected values to be strictly equal:
  + actual - expected
  
  + 'quest.missing_child.lead'
  - 'quest.missing_child.met'
                         ^
  
      at TestContext.<anonymous> (file://<worktree>/kernel/ts/test/wren_riddle.test.ts:130:10)
      at Test.runInAsyncScope (node:async_hooks:227:14)
      at Test.run (node:internal/test_runner/test:1402:25)
      at Test.start (node:internal/test_runner/test:1262:17)
      at startSubtestAfterBootstrap (node:internal/test_runner/harness:387:17) {
    generatedMessage: true,
    code: 'ERR_ASSERTION',
    actual: 'quest.missing_child.lead',
    expected: 'quest.missing_child.met',
    operator: 'strictEqual',
    diff: 'simple'
  }

test at kernel/ts/test/wren_riddle.test.ts:136:1
✖ wrong answer retries the same bound row; malformed banks refuse; correct answer is once-only and nonterminal (9.289583ms)
  AssertionError [ERR_ASSERTION]: Expected values to be strictly equal:
  + actual - expected
  
  + 'quest.missing_child.lead'
  - 'quest.missing_child.answered'
                         ^
  
      at TestContext.<anonymous> (file://<worktree>/kernel/ts/test/wren_riddle.test.ts:171:10)
      at Test.runInAsyncScope (node:async_hooks:227:14)
      at Test.run (node:internal/test_runner/test:1402:25)
      at Test.processPendingSubtests (node:internal/test_runner/test:974:18)
      at Test.postRun (node:internal/test_runner/test:1542:19)
      at Test.run (node:internal/test_runner/test:1467:12)
      at async startSubtestAfterBootstrap (node:internal/test_runner/harness:387:3) {
    generatedMessage: true,
    code: 'ERR_ASSERTION',
    actual: 'quest.missing_child.lead',
    expected: 'quest.missing_child.answered',
    operator: 'strictEqual',
    diff: 'simple'
  }
