(node:98746) [MODULE_TYPELESS_PACKAGE_JSON] Warning: Module type of file://<worktree>/mobile/app/book/presenter.test.ts is not specified and it doesn't parse as CommonJS.
Reparsing as ES module because module syntax was detected. This incurs a performance overhead.
To eliminate this warning, add "type": "module" to <worktree>/mobile/app/package.json.
(Use `node --trace-warnings ...` to show where the warning was created)
✔ pending and refused Take/Drop/Leave retain detail routing and unchanged custody (4.527875ms)
✔ journal cues belong only to changed NPC histories (0.329459ms)
✔ recovery removes the current heading but retains an unclassified consequence (0.137542ms)
✔ confirmed room change clears old history before adding new authored consequences (0.2215ms)
✔ World omits the routine Close fallback while retaining authored consequences (0.153291ms)
✔ a restored committed narration is not duplicated by its pending receipt retry (0.151375ms)
✔ a move rejected for want of MV says the body is too exhausted (0.083375ms)
✔ the log stops growing in one room, its last line the latest answer (20.394917ms)
✔ the save-error line says a pending start over in words and shows any other message (0.358791ms)
✔ a narration recovery fault holds combat results while their line routing is unavailable (0.932209ms)
✔ combat receipt history is once-only when completion follows an already displayed state (0.985667ms)
✔ a pending start over whose retry fails shows that error, not "not confirmed" (15.603792ms)
✔ catch-up conflicts preserve the original attempt and matching retries keep its identity (38.759917ms)
✔ invalid and cyclic shared input refuses before snapshot or elapsed sampling (6.646541ms)
✔ missing elapsed columns after unknown metadata or gameplay commit block and permit explicit recovery (19.7625ms)
✔ corrupt elapsed recovery binds valid, malformed, and absent original headers without erasing a replacement (45.341084ms)
✔ loaded elapsed recovery refuses newer and malformed same-run formats without writes (12.020042ms)
✔ changed refused elapsed header classifies malformed before differing valid run and preserves newer formats (5.599417ms)
(node:98748) [MODULE_TYPELESS_PACKAGE_JSON] Warning: Module type of file://<worktree>/mobile/app/book/presenter.ts is not specified and it doesn't parse as CommonJS.
Reparsing as ES module because module syntax was detected. This incurs a performance overhead.
To eliminate this warning, add "type": "module" to <worktree>/mobile/app/package.json.
(Use `node --trace-warnings ...` to show where the warning was created)
✔ a corrupt report page: Start over gives a working save (71.953334ms)
✔ a corrupt sqlite_autoindex_report_1 page: Start over gives a working save (31.692916ms)
✔ a malformed report index record: Start over gives a working save (31.742667ms)
✔ an intact report table survives Start over in place (18.601041ms)
✔ the latest committed narration is read again on reopen, from the receipts (18.762542ms)
✔ an older save reopens with its narration and keeps its report on Start over (21.035792ms)
✔ a malformed receipt response: Start over keeps the pending report (17.535833ms)
✔ a narration read that fails on a lock offers no Start over (14.836166ms)
✔ a save with no body row: save_corrupt, Start over repairs it in place (15.588709ms)
✔ a save with a null choice: save_corrupt, Start over repairs it in place (15.289625ms)
✔ a save with an empty resource: save_corrupt, Start over repairs it in place (15.407709ms)
✔ a receipt narration line that is null: save_corrupt at open, Start over repairs it (18.115625ms)
✔ a receipt response that is not a decision replays as a conflict (6.874083ms)
✔ elapsed NOTADB and page corruption recover only through explicit working Start over (20.973459ms)
✔ unreadable elapsed opening refuses a newly readable replacement and waits on real SQLite uncertainty (11.570625ms)
(node:98749) [MODULE_TYPELESS_PACKAGE_JSON] Warning: Module type of file://<worktree>/mobile/app/book/presenter.ts is not specified and it doesn't parse as CommonJS.
Reparsing as ES module because module syntax was detected. This incurs a performance overhead.
To eliminate this warning, add "type": "module" to <worktree>/mobile/app/package.json.
(Use `node --trace-warnings ...` to show where the warning was created)
✔ file-backed riddle cold opens before, after wrong and after success with exact replay/conflict (161.696083ms)
✔ stored riddle command, binding and root evidence mismatches become typed save corruption (217.796125ms)
▶ malformed retained riddle source offers typed recovery and explicit Start over
  ✔ null source (42.385875ms)
  ✔ missing source (37.8115ms)
✔ malformed retained riddle source offers typed recovery and explicit Start over (80.606709ms)
✔ answer input refreshes only across unchanged offered riddle context and reads its own eventless receipt (27.196125ms)
✔ failed and lost COMMIT answers retain the exact invocation and answer until reconciliation (91.705208ms)
ℹ tests 40
ℹ suites 0
ℹ pass 40
ℹ fail 0
ℹ cancelled 0
ℹ skipped 0
ℹ todo 0
ℹ duration_ms 817.6065
