(node:98681) [MODULE_TYPELESS_PACKAGE_JSON] Warning: Module type of file://<worktree>/mobile/app/book/presenter.ts is not specified and it doesn't parse as CommonJS.
Reparsing as ES module because module syntax was detected. This incurs a performance overhead.
To eliminate this warning, add "type": "module" to <worktree>/mobile/app/package.json.
(Use `node --trace-warnings ...` to show where the warning was created)
▶ malformed retained riddle source offers typed recovery and explicit Start over
  ✖ null source (71.560708ms)
  ✖ missing source (33.3875ms)
✖ malformed retained riddle source offers typed recovery and explicit Start over (105.429041ms)
ℹ tests 3
ℹ suites 0
ℹ pass 0
ℹ fail 3
ℹ cancelled 0
ℹ skipped 0
ℹ todo 0
ℹ duration_ms 241.494417

✖ failing tests:

test at mobile/authority/local-story/wren_riddle.test.ts:229:13
✖ null source (71.560708ms)
  AssertionError [ERR_ASSERTION]: Expected values to be strictly equal:
  + actual - expected
  
  + undefined
  - 'save_corrupt'
  
      at TestContext.<anonymous> (file://<worktree>/mobile/authority/local-story/wren_riddle.test.ts:246:16)
      at Test.runInAsyncScope (node:async_hooks:227:14)
      at Test.run (node:internal/test_runner/test:1402:25)
      at Test.start (node:internal/test_runner/test:1262:17)
      at TestContext.test (node:internal/test_runner/test:400:20)
      at TestContext.<anonymous> (file://<worktree>/mobile/authority/local-story/wren_riddle.test.ts:229:13)
      at Test.runInAsyncScope (node:async_hooks:227:14)
      at Test.run (node:internal/test_runner/test:1402:25)
      at Test.start (node:internal/test_runner/test:1262:17)
      at startSubtestAfterBootstrap (node:internal/test_runner/harness:387:17) {
    generatedMessage: true,
    code: 'ERR_ASSERTION',
    actual: undefined,
    expected: 'save_corrupt',
    operator: 'strictEqual',
    diff: 'simple'
  }

test at mobile/authority/local-story/wren_riddle.test.ts:229:13
✖ missing source (33.3875ms)
  AssertionError [ERR_ASSERTION]: Expected values to be strictly equal:
  + actual - expected
  
  + undefined
  - 'save_corrupt'
  
      at TestContext.<anonymous> (file://<worktree>/mobile/authority/local-story/wren_riddle.test.ts:246:16)
      at Test.runInAsyncScope (node:async_hooks:227:14)
      at Test.run (node:internal/test_runner/test:1402:25)
      at Test.start (node:internal/test_runner/test:1262:17)
      at TestContext.test (node:internal/test_runner/test:400:20)
      at TestContext.<anonymous> (file://<worktree>/mobile/authority/local-story/wren_riddle.test.ts:229:13)
      at process.processTicksAndRejections (node:internal/process/task_queues:104:5)
      at async Test.run (node:internal/test_runner/test:1409:7)
      at async startSubtestAfterBootstrap (node:internal/test_runner/harness:387:3) {
    generatedMessage: true,
    code: 'ERR_ASSERTION',
    actual: undefined,
    expected: 'save_corrupt',
    operator: 'strictEqual',
    diff: 'simple'
  }
