(node:81243) [MODULE_TYPELESS_PACKAGE_JSON] Warning: Module type of file://<worktree>/mobile/app/book/presenter.ts is not specified and it doesn't parse as CommonJS.
Reparsing as ES module because module syntax was detected. This incurs a performance overhead.
To eliminate this warning, add "type": "module" to <worktree>/mobile/app/package.json.
(Use `node --trace-warnings ...` to show where the warning was created)
✔ file-backed riddle cold opens before, after wrong and after success with exact replay/conflict (143.925792ms)
✖ stored riddle command, binding and root evidence mismatches become typed save corruption (201.348375ms)
✔ answer input refreshes only across unchanged offered riddle context and reads its own eventless receipt (26.907625ms)
✔ failed and lost COMMIT answers retain the exact invocation and answer until reconciliation (93.001792ms)
ℹ tests 4
ℹ suites 0
ℹ pass 3
ℹ fail 1
ℹ cancelled 0
ℹ skipped 0
ℹ todo 0
ℹ duration_ms 598.331209

✖ failing tests:

test at mobile/authority/local-story/wren_riddle.test.ts:166:1
✖ stored riddle command, binding and root evidence mismatches become typed save corruption (201.348375ms)
  AssertionError [ERR_ASSERTION]: Missing expected exception.
      at TestContext.<anonymous> (file://<worktree>/mobile/authority/local-story/wren_riddle.test.ts:214:12)
      at Test.runInAsyncScope (node:async_hooks:227:14)
      at Test.run (node:internal/test_runner/test:1402:25)
      at Test.processPendingSubtests (node:internal/test_runner/test:974:18)
      at Test.postRun (node:internal/test_runner/test:1542:19)
      at Test.run (node:internal/test_runner/test:1467:12)
      at process.processTicksAndRejections (node:internal/process/task_queues:104:5)
      at async startSubtestAfterBootstrap (node:internal/test_runner/harness:387:3) {
    generatedMessage: false,
    code: 'ERR_ASSERTION',
    actual: undefined,
    operator: 'throws',
    diff: 'simple'
  }
