(node:80521) [MODULE_TYPELESS_PACKAGE_JSON] Warning: Module type of file://<worktree>/mobile/app/book/combat.test.ts is not specified and it doesn't parse as CommonJS.
Reparsing as ES module because module syntax was detected. This incurs a performance overhead.
To eliminate this warning, add "type": "module" to <worktree>/mobile/app/package.json.
(Use `node --trace-warnings ...` to show where the warning was created)
✔ combat page lists offered controls vertically below history in one scroll (11.022542ms)
✔ committed opponent death narrates once through the existing subscription (0.847959ms)
✔ confirmed encounter foregrounds another page and closure or death restores the World (13.711125ms)
✔ Attack opens its committed page; pending and refused Flee stay until committed escape (6.960292ms)
✔ reopening an encounter restores the combat page and last committed narration (0.549625ms)
✔ reopening after escape or either death never restores combat into the World log (1.957792ms)
(node:80522) [MODULE_TYPELESS_PACKAGE_JSON] Warning: Module type of file://<worktree>/mobile/app/book/presenter.test.ts is not specified and it doesn't parse as CommonJS.
Reparsing as ES module because module syntax was detected. This incurs a performance overhead.
To eliminate this warning, add "type": "module" to <worktree>/mobile/app/package.json.
(Use `node --trace-warnings ...` to show where the warning was created)
✔ pending and refused Take/Drop/Leave retain detail routing and unchanged custody (1.819417ms)
✔ journal cues belong only to changed NPC histories (0.298083ms)
✔ recovery removes the current heading but retains an unclassified consequence (0.135084ms)
✔ confirmed room change clears old history before adding new authored consequences (13.340375ms)
✔ World omits the routine Close fallback while retaining authored consequences (0.173042ms)
✔ a restored committed narration is not duplicated by its pending receipt retry (0.165375ms)
✔ a move rejected for want of MV says the body is too exhausted (0.084458ms)
✔ the log stops growing in one room, its last line the latest answer (1.726584ms)
✔ the save-error line says a pending start over in words and shows any other message (0.113875ms)
✔ a narration recovery fault holds combat results while their line routing is unavailable (0.331875ms)
✔ combat receipt history is once-only when completion follows an already displayed state (0.341041ms)
(node:80523) [MODULE_TYPELESS_PACKAGE_JSON] Warning: Module type of file://<worktree>/mobile/app/book/touch.test.ts is not specified and it doesn't parse as CommonJS.
Reparsing as ES module because module syntax was detected. This incurs a performance overhead.
To eliminate this warning, add "type": "module" to <worktree>/mobile/app/package.json.
(Use `node --trace-warnings ...` to show where the warning was created)
✔ talk by day offers one button per choice and Close; carry narrates (107.654791ms)
✔ a second press from the same screen is a stale view and changes nothing (33.151666ms)
✔ a reopen shows the last committed narration first; a fresh game none (56.397792ms)
✔ walked away: the choices say why, Close leaves the quest open, the landing resolves it (64.528875ms)
✔ the log has story words, never a kernel code, across both endings (147.79325ms)
✔ an NPC who leaves while you stay is logged, and nothing else (59.210125ms)
✔ closed answers and a stale answer give their reason in words, not their code (48.207875ms)
✔ the Lantern gate unlocks and opens through its projected exit buttons (38.955375ms)
✔ lantern-carry plays as its frozen trace; its story point reaches the run's account once (78.077833ms)
✔ lantern-leave plays as its frozen trace; its story point reaches the run's account once (60.557917ms)
✔ an old run's view token is stale after a new game, at the same revision (12.780583ms)
✔ adverse early-possession (55.728375ms)
✔ adverse drop-after-choice-opened (45.360042ms)
✔ adverse walked-away-rejects-new-choice (39.989416ms)
✔ adverse walked-away-keeps-receipt (53.060958ms)
✔ adverse altered-choice (28.29975ms)
✔ adverse choice-rollback (26.875541ms)
✔ adverse choice-unknown-commit-absent (37.523459ms)
✔ adverse choice-unknown-commit-committed (32.324583ms)
✔ adverse commit-before-display (197.792125ms)
✔ adverse reading-has-no-effect (20.822792ms)
✔ adverse stale-choice-and-blocked-exit (17.118583ms)
✔ a choice committed with its acknowledgement lost recovers to its receipt, reported once (19.916333ms)
✔ a tiny world survives a restart with the same state (11.152916ms)
✔ a retried consumed take replays its receipt; altered intent is a conflict (6.077041ms)
✔ a failed attempt and a rejection persist; their retries draw nothing (7.185041ms)
✔ a fault changes nothing and gets no receipt (5.300208ms)
✔ a lost COMMIT acknowledgement reconciles to the committed receipt (8.867917ms)
✔ a genuinely failed COMMIT reconciles to not committed; the retry is a fresh attempt (10.058792ms)
✔ while the COMMIT outcome is unknown every call is fenced; a restart settles it (24.707083ms)
✔ a process killed after COMMIT restarts with the take once and its trace entry once (593.35475ms)
✔ a definite failure is traced once; a failed trace write changes nothing (8.160209ms)
✔ while the trace is behind no later entry overtakes a missed one (6.844833ms)
✔ an unreadable trace never stops play or the save opening (5.487208ms)
✔ an updated kernel starts a new segment after recovering the old one (5.632208ms)
✔ a transaction a failed ROLLBACK leaves open is never read as saved nor blocks play (7.18975ms)
✔ a save does not open inside a transaction left open (2.722459ms)
✔ jobs survive a restart: waiting to 19:00 after it moves Bram as without it (9.438083ms)
✔ a recipe whose time cost runs a job replays its receipt on retry (5.428834ms)
✔ a move whose reactions commit replays its events byte for byte after a restart (4.884834ms)
✔ a recipe narration's pinned participants survive a restart and replay unchanged (3.384416ms)
✔ a talk committed, then a restart: the stored choice carries its revision and choose works (8.920416ms)
✔ a new save allocates and pins its identity; a restart and a replay reuse it (13.106542ms)
✔ a save whose pinned release is missing is refused untouched; a new game moves on (6.972541ms)
✔ a save of an unknown format is refused with nothing written and no new game (12.480458ms)
✔ a damaged identity is save_corrupt and untouched; its new game repairs it (180.128375ms)
✔ an app update reopens a save on its pinned release; new games pin the newest (10.666917ms)
✔ a save that does not parse is save_corrupt until the player starts a new game (28.843375ms)
✔ a new game replaces the save; an old invocation id is new again (8.023959ms)
✔ a new game that fails part way leaves the old save and memory (4.076209ms)
✔ a new game settles a pending attempt first, in the run it was made in (9.823333ms)
✔ a new game whose COMMIT is unknown is fenced; settling it moves play to the new run (23.831166ms)
✔ a new game whose COMMIT fails keeps the old save, memory and receipts (6.106ms)
✔ a committed new game is adopted before play; a retry does not replace it twice (10.023791ms)
✔ a corrupt save's new game settles its COMMIT like any other (14.128375ms)
✔ a new run's entries missed by the trace follow its own header (11.342041ms)
✔ a new game after a settled one replaces the save again (11.752333ms)
(node:80527) [MODULE_TYPELESS_PACKAGE_JSON] Warning: Module type of file://<worktree>/mobile/app/book/presenter.ts is not specified and it doesn't parse as CommonJS.
Reparsing as ES module because module syntax was detected. This incurs a performance overhead.
To eliminate this warning, add "type": "module" to <worktree>/mobile/app/package.json.
(Use `node --trace-warnings ...` to show where the warning was created)
✔ a corrupt report page: Start over gives a working save (124.494667ms)
✔ a corrupt sqlite_autoindex_report_1 page: Start over gives a working save (40.247625ms)
✔ a malformed report index record: Start over gives a working save (43.488625ms)
✔ an intact report table survives Start over in place (35.384083ms)
✔ the latest committed narration is read again on reopen, from the receipts (29.303125ms)
✔ an older save reopens with its narration and keeps its report on Start over (80.39025ms)
✔ a malformed receipt response: Start over keeps the pending report (30.006666ms)
✔ a narration read that fails on a lock offers no Start over (26.673916ms)
✔ a save with no body row: save_corrupt, Start over repairs it in place (25.639916ms)
✔ a save with a null choice: save_corrupt, Start over repairs it in place (19.148042ms)
✔ a save with an empty resource: save_corrupt, Start over repairs it in place (20.056125ms)
✔ a receipt narration line that is null: save_corrupt at open, Start over repairs it (28.216916ms)
✔ a receipt response that is not a decision replays as a conflict (12.313708ms)
✔ elapsed NOTADB and page corruption recover only through explicit working Start over (27.995584ms)
✔ unreadable elapsed opening refuses a newly readable replacement and waits on real SQLite uncertainty (13.060334ms)
(node:80528) [MODULE_TYPELESS_PACKAGE_JSON] Warning: Module type of file://<worktree>/mobile/app/book/presenter.ts is not specified and it doesn't parse as CommonJS.
Reparsing as ES module because module syntax was detected. This incurs a performance overhead.
To eliminate this warning, add "type": "module" to <worktree>/mobile/app/package.json.
(Use `node --trace-warnings ...` to show where the warning was created)
✔ file-backed riddle cold opens before, after wrong and after success with exact replay/conflict (340.315375ms)
✔ stored riddle command, binding and root evidence mismatches become typed save corruption (239.674084ms)
✔ answer input refreshes only across unchanged offered riddle context and reads its own eventless receipt (28.00625ms)
✔ failed and lost COMMIT answers retain the exact invocation and answer until reconciliation (92.078459ms)
ℹ tests 93
ℹ suites 0
ℹ pass 93
ℹ fail 0
ℹ cancelled 0
ℹ skipped 0
ℹ todo 0
ℹ duration_ms 1268.384417
