
> loka-app@0.0.0 pretest:e2e
> node patch-sqlite-web.cjs


> loka-app@0.0.0 test:e2e
> E2E_TELEMETRY_DISABLED=1 e2e run --no-cache


 RUN  e2e v0.17.0 <checkout>/mobile/app
      run 01a1115f-7d86-779f-b164-0a67c4727825 · targets: web · CI

 ✓ target "web" command ready 1.19s
 ❯ |web| tests/book.e2e.ts (3 tests | 1 failed) 76.68s
   ✓ Book keeps a confirmed move across reload 3.28s
   ✓ paid Lantern Rest resumes its captured dream choice after browser reload 9.32s
   × paid ferry and free Sedge lesson survive isle exploration, return and browser reload 64.08s
     → locator matched no nodes within getByRole("button", name: "Board — 2p")

⎯⎯⎯⎯⎯⎯⎯⎯⎯⎯⎯⎯⎯⎯⎯⎯⎯⎯⎯⎯⎯⎯⎯⎯⎯⎯⎯⎯⎯⎯⎯⎯ Failed Tests 1 ⎯⎯⎯⎯⎯⎯⎯⎯⎯⎯⎯⎯⎯⎯⎯⎯⎯⎯⎯⎯⎯⎯⎯⎯⎯⎯⎯⎯⎯⎯⎯⎯

 FAIL  |web| tests/book.e2e.ts > paid ferry and free Sedge lesson survive isle exploration, return and browser reload
LOCATOR_NOT_FOUND: locator matched no nodes within getByRole("button", name: "Board — 2p")
 ❯ tests/book.e2e.ts:83:3
     81|   await screen.getByRole('button', 'Rope ferry').tap();
     82|   await expect(screen.getByText('Fare: 2p.')).toBeVisible();
     83|   await screen.getByRole('button', 'Board — 2p').doubleTap();
       |   ^
     84|   await expect(screen.getByRole('button', 'Look, Fen Isle Landing')).…
     85|   await expect(money()).toBeVisible();
 ❯ at http://127.0.0.1:19106/
 ❯ screen .e2e/artifacts/web/tests_book.e2e.ts__paid_20ferry_20and_20free_20Sedge_20lesson_20survive_20isle_20exploration_2C_20return_20and_-78fed476/default/attempt-1/failure/screen.txt

⎯⎯⎯⎯⎯⎯⎯⎯⎯⎯⎯⎯⎯⎯⎯⎯⎯⎯⎯⎯⎯⎯⎯⎯⎯⎯⎯⎯⎯⎯⎯⎯⎯⎯⎯⎯⎯⎯⎯⎯⎯⎯⎯⎯⎯⎯⎯⎯⎯⎯⎯⎯⎯⎯⎯⎯⎯⎯⎯⎯⎯⎯⎯⎯⎯⎯⎯⎯⎯⎯⎯⎯⎯⎯[1/1]⎯


 Test Files  1 failed | 0 passed (1)
      Tests  1 failed | 2 passed (3)
   Start at  03:20:33
   Duration  78.30s (1m 18s, startup 1.19s)
     Report  .e2e/report.json

