
> loka-app@0.0.0 pretest:e2e
> node patch-sqlite-web.cjs


> loka-app@0.0.0 test:e2e
> E2E_TELEMETRY_DISABLED=1 e2e run --no-cache --grep paid ferry


 RUN  e2e v0.17.0 <checkout>/mobile/app
      run 01a11163-0b1e-75cb-8224-d2ed806f3953 · targets: web · CI

 ✓ target "web" command ready 1.52s
 ❯ |web| tests/book.e2e.ts (1 test | 1 failed) 65.08s
   × paid ferry and free Sedge lesson survive isle exploration, return and browser reload 65.08s
     → locator matched no nodes within getByRole("button", name: "Board — 2p")

⎯⎯⎯⎯⎯⎯⎯⎯⎯⎯⎯⎯⎯⎯⎯⎯⎯⎯⎯⎯⎯⎯⎯⎯⎯⎯⎯⎯⎯⎯⎯⎯ Failed Tests 1 ⎯⎯⎯⎯⎯⎯⎯⎯⎯⎯⎯⎯⎯⎯⎯⎯⎯⎯⎯⎯⎯⎯⎯⎯⎯⎯⎯⎯⎯⎯⎯⎯

 FAIL  |web| tests/book.e2e.ts > paid ferry and free Sedge lesson survive isle exploration, return and browser reload
LOCATOR_NOT_FOUND: locator matched no nodes within getByRole("button", name: "Board — 2p")
 ❯ tests/book.e2e.ts:83:3
     81|   await screen.getByRole('button', 'Rope ferry').tap();
     82|   await expect(screen.getByText('Fare: 2p.')).toBeVisible();
     83|   await screen.getByRole('button', 'Board — 2p').doubleTap();
       |   ^
     84|   await expect(screen.getByRole('button', 'Look, Fen Isle Landing')).…
     85|   await expect(money()).toBeVisible();
 ❯ at http://127.0.0.1:19106/
 ❯ screen .e2e/artifacts/web/tests_book.e2e.ts__paid_20ferry_20and_20free_20Sedge_20lesson_20survive_20isle_20exploration_2C_20return_20and_-78fed476/default/attempt-1/failure/screen.txt

⎯⎯⎯⎯⎯⎯⎯⎯⎯⎯⎯⎯⎯⎯⎯⎯⎯⎯⎯⎯⎯⎯⎯⎯⎯⎯⎯⎯⎯⎯⎯⎯⎯⎯⎯⎯⎯⎯⎯⎯⎯⎯⎯⎯⎯⎯⎯⎯⎯⎯⎯⎯⎯⎯⎯⎯⎯⎯⎯⎯⎯⎯⎯⎯⎯⎯⎯⎯⎯⎯⎯⎯⎯⎯[1/1]⎯


 Test Files  1 failed | 0 passed (1)
      Tests  1 failed | 0 passed (1)
   Start at  03:24:26
   Duration  67.05s (1m 7s, startup 1.52s)
     Report  .e2e/report.json

