browser	Run npm run test:e2e	﻿2026-10-06T12:49:39.7231972Z ##[group]Run npm run test:e2e
browser	Run npm run test:e2e	2026-10-06T12:49:39.7232365Z ^[[36;1mnpm run test:e2e^[[0m
browser	Run npm run test:e2e	2026-10-06T12:49:39.7304857Z shell: /usr/bin/bash -e {0}
browser	Run npm run test:e2e	2026-10-06T12:49:39.7305199Z ##[endgroup]
browser	Run npm run test:e2e	2026-10-06T12:49:39.8251574Z 
browser	Run npm run test:e2e	2026-10-06T12:49:39.8252272Z > loka-app@0.0.0 pretest:e2e
browser	Run npm run test:e2e	2026-10-06T12:49:39.8252806Z > node patch-sqlite-web.cjs
browser	Run npm run test:e2e	2026-10-06T12:49:39.8253114Z 
browser	Run npm run test:e2e	2026-10-06T12:49:39.8502915Z 
browser	Run npm run test:e2e	2026-10-06T12:49:39.8504181Z > loka-app@0.0.0 test:e2e
browser	Run npm run test:e2e	2026-10-06T12:49:39.8504610Z > E2E_TELEMETRY_DISABLED=1 e2e run
browser	Run npm run test:e2e	2026-10-06T12:49:39.8504840Z 
browser	Run npm run test:e2e	2026-10-06T12:49:40.7884616Z 
browser	Run npm run test:e2e	2026-10-06T12:49:40.7888751Z ^[[1m^[[30m^[[46m RUN ^[[49m^[[39m^[[22m ^[[36me2e v0.17.0^[[39m ^[[90m<redacted-path>
browser	Run npm run test:e2e	2026-10-06T12:49:40.7892271Z       ^[[2mrun 01a11143-376a-703d-bdc7-50786712b661 · targets: web · CI^[[22m
browser	Run npm run test:e2e	2026-10-06T12:49:40.7892752Z 
browser	Run npm run test:e2e	2026-10-06T12:49:43.5119985Z  ^[[32m✓^[[39m target "web" command ^[[2mready 2.71s^[[22m
browser	Run npm run test:e2e	2026-10-06T12:50:55.3082514Z  ^[[31m❯^[[39m ^[[30m^[[103m web ^[[49m^[[39m tests/book.e2e.ts ^[[2m(^[[22m^[[2m2 tests^[[22m^[[2m | ^[[22m^[[31m1 failed^[[39m^[[2m)^[[22m ^[[2m71.30s^[[22m
browser	Run npm run test:e2e	2026-10-06T12:50:55.3090902Z    ^[[32m✓^[[39m Book keeps a confirmed move across reload ^[[2m8.11s^[[22m
browser	Run npm run test:e2e	2026-10-06T12:50:55.3097293Z    ^[[31m× paid Lantern Rest resumes its captured dream choice after browser reload^[[39m ^[[2m63.19s^[[22m
browser	Run npm run test:e2e	2026-10-06T12:50:55.3098069Z      ^[[31m→ locator matched no nodes within getByRole("button", name: "Widow Maud, o…^[[39m
browser	Run npm run test:e2e	2026-10-06T12:50:55.4415218Z 
browser	Run npm run test:e2e	2026-10-06T12:50:55.4418618Z ^[[31m⎯⎯⎯⎯⎯⎯⎯⎯⎯⎯⎯⎯⎯⎯⎯⎯⎯⎯⎯⎯⎯⎯⎯⎯⎯⎯⎯⎯⎯⎯⎯⎯^[[39m^[[1m^[[41m Failed Tests 1 ^[[49m^[[22m^[[31m⎯⎯⎯⎯⎯⎯⎯⎯⎯⎯⎯⎯⎯⎯⎯⎯⎯⎯⎯⎯⎯⎯⎯⎯⎯⎯⎯⎯⎯⎯⎯⎯^[[39m
browser	Run npm run test:e2e	2026-10-06T12:50:55.4424059Z 
browser	Run npm run test:e2e	2026-10-06T12:50:55.4426883Z ^[[1m^[[41m FAIL ^[[49m^[[22m ^[[30m^[[103m web ^[[49m^[[39m tests/book.e2e.ts^[[2m > ^[[22mpaid Lantern Rest resumes its captured dream choice after browser reload
browser	Run npm run test:e2e	2026-10-06T12:50:55.4429857Z ^[[31m^[[1mLOCATOR_NOT_FOUND^[[22m: locator matched no nodes within getByRole("button", name: "Widow Maud, open")^[[39m
browser	Run npm run test:e2e	2026-10-06T12:50:55.4432483Z ^[[36m ^[[2m❯^[[22m tests/book.e2e.ts:^[[2m32:3^[[22m^[[39m
browser	Run npm run test:e2e	2026-10-06T12:50:55.4435651Z     ^[[90m 30|^[[39m   await screen.getByRole('button', 'Map').tap();
browser	Run npm run test:e2e	2026-10-06T12:50:55.4436497Z     ^[[90m 31|^[[39m   await screen.getByRole('button', 'Go east').tap();
browser	Run npm run test:e2e	2026-10-06T12:50:55.4437379Z     ^[[90m 32|^[[39m   await screen.getByRole('button', 'Widow Maud, open').tap();
browser	Run npm run test:e2e	2026-10-06T12:50:55.4438149Z     ^[[90m   |^[[39m   ^[[31m^^[[39m
browser	Run npm run test:e2e	2026-10-06T12:50:55.4438711Z     ^[[90m 33|^[[39m   await screen.getByRole('button', 'Rent room — 3p').tap();
browser	Run npm run test:e2e	2026-10-06T12:50:55.4439483Z     ^[[90m 34|^[[39m   await screen.getByRole('button', 'Leave').tap();
browser	Run npm run test:e2e	2026-10-06T12:50:55.4441263Z ^[[36m ^[[2m❯^[[22m ^[[2mat^[[22m http://127.0.0.1:19106/^[[39m
browser	Run npm run test:e2e	2026-10-06T12:50:55.4442700Z ^[[36m ^[[2m❯^[[22m ^[[2mscreen^[[22m .e2e/artifacts/web/tests_book.e2e.ts__paid_20Lantern_20Rest_20resumes_20its_20captured_20dream_20choice_20after_20browser_20reload-cf44183f/default/attempt-1/failure/screen.txt^[[39m
browser	Run npm run test:e2e	2026-10-06T12:50:55.4444019Z 
browser	Run npm run test:e2e	2026-10-06T12:50:55.4444581Z ^[[31m^[[2m⎯⎯⎯⎯⎯⎯⎯⎯⎯⎯⎯⎯⎯⎯⎯⎯⎯⎯⎯⎯⎯⎯⎯⎯⎯⎯⎯⎯⎯⎯⎯⎯⎯⎯⎯⎯⎯⎯⎯⎯⎯⎯⎯⎯⎯⎯⎯⎯⎯⎯⎯⎯⎯⎯⎯⎯⎯⎯⎯⎯⎯⎯⎯⎯⎯⎯⎯⎯⎯⎯⎯⎯⎯⎯[1/1]⎯^[[22m^[[39m
browser	Run npm run test:e2e	2026-10-06T12:50:55.4450088Z 
browser	Run npm run test:e2e	2026-10-06T12:50:55.4450969Z 
browser	Run npm run test:e2e	2026-10-06T12:50:55.4457700Z ^[[2m Test Files  ^[[22m^[[1m^[[31m1 failed^[[39m^[[22m^[[2m | ^[[22m^[[1m^[[32m0 passed^[[39m^[[22m^[[90m (1)^[[39m
browser	Run npm run test:e2e	2026-10-06T12:50:55.4458655Z ^[[2m      Tests  ^[[22m^[[1m^[[31m1 failed^[[39m^[[22m^[[2m | ^[[22m^[[1m^[[32m1 passed^[[39m^[[22m^[[90m (2)^[[39m
browser	Run npm run test:e2e	2026-10-06T12:50:55.4459091Z ^[[2m   Start at  ^[[22m12:49:40
browser	Run npm run test:e2e	2026-10-06T12:50:55.4459561Z ^[[2m   Duration  ^[[22m74.64s ^[[2m(1m 15s, startup 2.71s)^[[22m
browser	Run npm run test:e2e	2026-10-06T12:50:55.4459977Z ^[[2m     Report  ^[[22m.e2e/report.json
browser	Run npm run test:e2e	2026-10-06T12:50:55.4460136Z 
browser	Run npm run test:e2e	2026-10-06T12:50:55.4768688Z ##[error]Process completed with exit code 1.
