(node:47554) [MODULE_TYPELESS_PACKAGE_JSON] Warning: Module type of file://<checkout>/mobile/app/book/polish.test.ts is not specified and it doesn't parse as CommonJS.
Reparsing as ES module because module syntax was detected. This incurs a performance overhead.
To eliminate this warning, add "type": "module" to <checkout>/mobile/app/package.json.
(Use `node --trace-warnings ...` to show where the warning was created)
✔ corpse Contents Take returns to its detail with one local pickup and Back to World (248.043ms)
✔ remounted pending pelt Take settles on its exact corpse detail (119.236666ms)
✔ room is focused while Map retains directions and every detail returns to the world (40.945917ms)
✔ a postcommit narration read fault preserves the saved result and clears retry context (30.635875ms)
✔ NPC history has distinct journal events and one confirmed Leave after the scrolling log (49.283875ms)
✔ only World position taps directly cycle the offered states with captured freshness (24.199917ms)
✔ an NPC choice retried from the world keeps its result in the original detail (19.977541ms)
✔ only confirmed pickup returns World, including a retry from another page (25.245333ms)
✔ touch omits incomplete Give but the complete item and recipient command remains valid (18.072083ms)
✔ inventory Drop returns World with one named event only after confirmation (22.8235ms)
✔ other item actions retain their detail and show their consequences there (11.075375ms)
✔ elapsed confirmed boundaries retain Conversation and chapter acknowledgment without page flips (24.075417ms)
✔ delayed Take returns once with its original item name after a conflicting tap (26.141916ms)
✔ delayed actual quest completion adds one authored result and Journal updated in original history (29.23525ms)
✔ actual trunk detail explains refused Take and restores its button after Remove then Drop (54.038625ms)
ℹ tests 15
ℹ suites 0
ℹ pass 15
ℹ fail 0
ℹ cancelled 0
ℹ skipped 0
ℹ todo 0
ℹ duration_ms 1177.476417
