
> loka-app@0.0.0 pretest:e2e
> node patch-sqlite-web.cjs


> loka-app@0.0.0 test:e2e
> E2E_TELEMETRY_DISABLED=1 e2e run --no-cache --repeat-each 2


 RUN  e2e v0.17.0 <checkout>/mobile/app
      run 01a1115b-235a-75d6-96a8-ebe9be6a2afc · targets: web · CI

 ✓ target "web" command ready 1.19s
 ✓ |web| tests/book.e2e.ts (6 tests) 44.25s
   ✓ Book keeps a confirmed move across reload 2.96s
   ✓ Book keeps a confirmed move across reload (repeat #1) 2.22s
   ✓ paid Lantern Rest resumes its captured dream choice after browser reload 9.20s
   ✓ paid Lantern Rest resumes its captured dream choice after browser reload (repeat #1) 9.16s
   ✓ paid ferry and free Sedge lesson survive isle exploration, return and browser reload 10.33s
   ✓ paid ferry and free Sedge lesson survive isle exploration, return and browser reload (repeat #1) 10.37s

 Test Files  1 passed (1)
      Tests  6 passed (6)
    Repeats  3 of 3 tests passed all 2 runs
   Start at  03:15:48
   Duration  45.91s (startup 1.19s)
     Report  .e2e/report.json

