
> loka-app@0.0.0 test
> node --test --test-reporter=${TEST_REPORTER:-spec} "../authority/**/*.test.ts" "book/*.test.ts" "*.test.ts"

✔ ../authority/local-story/__tests__/dream-host.test.ts (740.944ms)
✔ ../authority/local-story/__tests__/elapsed-host.test.ts (736.222542ms)
✔ ../authority/local-story/__tests__/reward-host.test.ts (676.617459ms)
✔ bell-first loss survives real rollback-journal SQLite reopen after every scene line (602.355875ms)
✔ forged lost quest without Ring receipt gives typed save corruption (79.914166ms)
✔ late Ring keeps both Q2 returns playable through cold reopen (948.935292ms)
✔ both completed returns keep Silence and its two scene lines through cold reopen (1071.594833ms)
✔ fox terminal requires its own committed Silence receipt (343.123875ms)
✔ Silence receipt rejects foreign actors on linked fact events (634.786875ms)
✔ Silence receipt binds its action, actor and scene cause (1517.202666ms)
✔ fox terminal rejects contradictory saved rows without repairing them (751.976334ms)
✔ Silence COMMIT uncertainty settles once and its exact receipt replays unchanged (819.821333ms)
✔ late Ring rejects a receipt with an extra Q2 loss transition (178.566709ms)
✔ bell save contradictions offer typed recovery without changing saved rows (3185.910917ms)
✔ linked Ring receipt fields reject controlled forgeries without repairing rows (4909.67475ms)
✔ Ring COMMIT uncertainty settles to one complete outcome and one replayable receipt (429.941166ms)
✔ saved custody cycle faults in step (601.991417ms)
✔ saved custody cycle faults in list (756.156875ms)
✔ saved custody cycle faults in barrier (758.156458ms)
✔ Take and item-barrier reach preserve the spent decision budget (282.923709ms)
✔ a closed ancestor refuses reach before the hidden cycle (14.815333ms)
✔ saved B2 acceptance and funded turn-in reopen with their exact rows (178.914375ms)
✔ reopen refuses a missing bound expiry job (64.271583ms)
✔ expired B2 obligation reopens with one trust penalty (83.156667ms)
✔ on-time saved axis must agree with its turn-in receipt (93.452ms)
✔ on-time receipt balances must match funded and saved rows (118.667375ms)
✔ expiry receipt trust scope must name its bound actor (125.084334ms)
✔ reopen derives Reeds from the saved trigger choice, equal to headless play (79.720041ms)
✔ real SQLite reopens Attack and both M4 A rounds with original receipt replay (73.827375ms)
✔ a real rat kill commits corpse and preacceptance credit together and reopens exactly (113.631833ms)
✔ actual lethal combat returns empty-handed and ordinary six-exit journey recovers corpse roots (81.7605ms)
✔ genuine FULL and both unknown-COMMIT outcomes fence a real fatal round (147.499208ms)
✔ saved encounter corruption refuses before exposing play without repairing rows (209.318667ms)
✔ input at the due deadline settles lethal combat before attempting Flee (11.941375ms)
✔ random Flee destination and RNG reopen and replay one SQLite receipt (24.952125ms)
✔ scheduled opponent departure reopens and reconciles before a harmless due combat round (86.110834ms)
✔ real SQLite reopens buy before acceptance, active, and both chronological payout orders (425.56925ms)
✔ purchase receipt retry, sale and buyback cold reopen one exact item and conserved pennies (259.187292ms)
✔ buy under an active and expired S2 retains the exact ledger and pending/failure truth (152.138041ms)
✔ cold open refuses omitted debit, wrong recipient, false prior balance and reversed receipt order (563.539292ms)
✔ shop failed COMMIT and both unknown outcomes retain all prior or all next rows (219.523417ms)
✔ satchel Put/Take is immediately useful but active S2 ancestor Sell is refused (112.365625ms)
✔ v018 ID pin binds the spawned world, purchased torch and worn slot after cold reopen (139.589459ms)
✔ corpse identity, worn roots and shrine return reopen atomically and receipt replay allocates nothing (67.340417ms)
✔ an older release list refuses the corpse release without rewriting it (80.490458ms)
✔ real FULL, failed COMMIT and committed-unknown COMMIT preserve all prior or all next corpse rows (166.001292ms)
✔ save load refuses missing identity, unknown template and illegal corpse custody without repair (120.229708ms)
✔ every intermediate checkpoint and both ended branches cold-open and replay the exact original result once (5737.780334ms)
✔ cold open refuses forged dream truth and receipt producer evidence without changing file bytes (3293.603125ms)
✔ Rest, choice opening, branch selection and final ack settle uncertain COMMIT all old or all new (5284.492792ms)
✔ real elapsed and fatal return preserve the dormant choice until the actor lawfully reaches its actual bed (534.398708ms)
✔ base1000 accounting preserves exact safe boundary quotients and rejects target overflow (3.453583ms)
✔ 9ms and reopened 11ms commit one unit and preserve the durable fractional account (98.674541ms)
✔ negative wall resume rebases without credit then credits the next 20ms (66.017083ms)
✔ a fixed 36hour horizon commits all four daily boundaries in order (12.432334ms)
✔ sixteen segments yield and one reserved input completes at its original finite horizon (81.948625ms)
✔ a current choice crossing departure refuses presence while Leave still closes its continuation (37.435208ms)
✔ preexisting stale input does not account time and synchronous success emits no completion (22.032459ms)
✔ trusted explicit v2 advance raises its durable target and missing checkpoints refuse (18.596875ms)
✔ an elapsed managed session without clocks fails with a typed refusal (23.772917ms)
✔ resume extends durable target debt rather than a lagging head (14.259375ms)
✔ unexpected closed checkpoint evidence blocks play as corrupt until confirmed Start over (11.792583ms)
✔ a valid durable replacement invalidates an old fenced clock and input without writes (71.063459ms)
✔ malformed v2 checkpoints and heads refuse without rewriting their progress (400.521167ms)
✔ a managed v1 upgrade starts its durable account at the actual opening clocks (15.391375ms)
✔ a committed unknown elapsed segment with corrupt checkpoint completes its input as blocked (78.38425ms)
✔ a valid replacement during unknown positive elapsed invalidates the old pending input (72.093917ms)
✔ a private reservation rejects another intent and retains its original bounded input (111.168ms)
✔ terminal v1 upgrade recovery waits for real SQLite rollback closure before Start over (74.404916ms)
✔ resumed wall survives fractional reconciliation and invalid/stale preflight before a new input (143.176208ms)
✔ a new reservation waits for its actual resumed horizon and yields after sixteen boundaries (73.786584ms)
✔ resume remains armed after fixed A completes and another intent cannot steal its result (115.056333ms)
✔ elapsed receipt survives reopen and replays its first result after later clock commits (90.257292ms)
✔ old run elapsed refuses before receipt lookup after replacement without Host.random (23.095583ms)
✔ unknown elapsed COMMIT fences trusted and player delivery until the real receipt reconciles (17.85275ms)
✔ modal scene keeps Continue-only player controls while elapsed time commits (68.584917ms)
✔ malformed stored command JSON conflicts without state or receipt changes (9.687167ms)
✔ malformed stored response JSON conflicts without state or receipt changes (31.796875ms)
✔ healthy elapsed delivery preserves actual SQLite receipt-read failures (6.111417ms)
✔ a worn cap is still worn after reopen, in the state the headless kernel reaches (45.671334ms)
✔ seed 12: every fault leaves the prior or next revision and the run ends unchanged (6526.6535ms)
✔ seed 366: every fault leaves the prior or next revision and the run ends unchanged (4832.023709ms)
✔ seed 30636: every fault leaves the prior or next revision and the run ends unchanged (3242.86675ms)
✔ seed 300: every fault leaves the prior or next revision and the run ends unchanged (6018.397792ms)
✔ seed 622: every fault leaves the prior or next revision and the run ends unchanged (3369.378542ms)
✔ seed 9633: every fault leaves the prior or next revision and the run ends unchanged (3578.255583ms)
✔ seed 2841: every fault leaves the prior or next revision and the run ends unchanged (3070.084125ms)
✔ seed 454: every fault leaves the prior or next revision and the run ends unchanged (4829.941416ms)
✔ seed 172: every fault leaves the prior or next revision and the run ends unchanged (3673.63175ms)
✔ seed 49: every fault leaves the prior or next revision and the run ends unchanged (4295.057958ms)
✔ seed 211: every fault leaves the prior or next revision and the run ends unchanged (1206.6965ms)
✔ seed 1595: every fault leaves the prior or next revision and the run ends unchanged (1154.944125ms)
✔ seed 337982: every fault leaves the prior or next revision and the run ends unchanged (1202.7855ms)
✔ seed 105497: every fault leaves the prior or next revision and the run ends unchanged (1085.9535ms)
✔ seed 81: every fault leaves the prior or next revision and the run ends unchanged (1641.915792ms)
✔ seed 130: every fault leaves the prior or next revision and the run ends unchanged (1410.846ms)
✔ seed 54: every fault leaves the prior or next revision and the run ends unchanged (1461.9235ms)
✔ hand-checked anchors (21.816208ms)
✔ views, a reopen and a changed host clock leave the play_time clock and world as they were (85.831417ms)
✔ backward-anchor metadata accounts reconcile exact prior or next real SQLite evidence (16.866416ms)
✔ failed and lost-ack positive elapsed commits reconcile head receipt and checkpoint together (7.419167ms)
✔ real SQLITE_FULL rolls back elapsed evidence and retries its unchanged candidate (3.146583ms)
✔ a timer completes an unknown player receipt before sampling and emits it once (4.135792ms)
✔ process kill before and after elapsed COMMIT leaves entirely prior or next and reopens once (487.375166ms)
✔ acknowledged Green finale reopens at every line and exports one report (1402.906042ms)
✔ population alone activates byte-preserving accepted-history refusal (112.749ms)
✔ one hound wander persists across real SQLite unknown-COMMIT recovery and cold reopen (332.493666ms)
✔ a real hound kill and pelt Take cold-reopen with conserved custody and evidence (522.478041ms)
✔ real SQLite reopens every immediate occurrence, exact replay and later ordinary bandage custody (1435.858958ms)
✔ failed and lost COMMIT exchange outcomes reconcile all-prior or all-next rows (351.223667ms)
✔ exchange history corruption refuses without rewriting the SQLite rows (1432.8245ms)
✔ accepted herbs can be dropped, reopened and retrieved for the same exact occurrence (975.174792ms)
✔ B2 and S9 faction receipts reopen in both composed orders without changing pennies (1992.505667ms)
✔ reacceptance retirement and fresh activation reconcile as one real SQLite commit (1626.014459ms)
✔ randomly seeded B5 lineage reopens and Start over preserves the drawn seed (259.705542ms)
✔ trusted elapsed reopens before S9 and reaches the actual herb exchange consumer (675.57575ms)
✔ reopen recomputes possession text and retains earned text after the oar is dropped (63.9265ms)
✔ openStory.invoke refuses a failing chat on Bram by its key (21.867708ms)
✔ lantern-carry plays as its frozen trace; its story point reaches the run's account once (80.434958ms)
✔ lantern-leave plays as its frozen trace; its story point reaches the run's account once (208.614958ms)
✔ an old run's view token is stale after a new game, at the same revision (14.067791ms)
✔ adverse early-possession (107.464792ms)
✔ adverse drop-after-choice-opened (59.016125ms)
✔ adverse walked-away-rejects-new-choice (60.2195ms)
✔ adverse walked-away-keeps-receipt (53.200875ms)
✔ adverse altered-choice (191.859458ms)
✔ adverse choice-rollback (67.356916ms)
✔ adverse choice-unknown-commit-absent (116.65875ms)
✔ adverse choice-unknown-commit-committed (204.961167ms)
✔ adverse commit-before-display (1006.841083ms)
✔ adverse reading-has-no-effect (27.313166ms)
✔ adverse stale-choice-and-blocked-exit (46.370959ms)
✔ a choice committed with its acknowledgement lost recovers to its receipt, reported once (36.189167ms)
✔ actual torch oil and nested intervals survive cold reopen and sell/buyback with conserved pennies (578.734375ms)
✔ real failed and unknown refill commits reconcile the entire writer group and exact retry (466.470917ms)
✔ corrupt fuel and forged refills refuse without repairing SQLite (2004.620375ms)
✔ dark lethal combat cold reopens and permits the gear-free owner corpse walk and exact recovery (1143.514875ms)
✔ a light-only cartridge reopens lawful refill history and rejects a bounded forged charge (11.482542ms)
✔ undeclared fuel rows refuse in a cartridge without light metadata and leave SQLite untouched (49.072458ms)
✔ Book binds the exact oil bottle and keeps worn torch controls on the item (47.660625ms)
✔ Book owns authored Refuel aliases on their source and preserves exact invocation identity (78.724959ms)
✔ the app path passes the random source: the pinned context is not the template (65.893375ms)
✔ two new games draw their own seed and world context, pinned and in the trace header (2.988875ms)
✔ a reopen rebuilds the ids from the pinned context: first open, Start over, app update (91.648208ms)
✔ luck replays: the drawn seed is the RNG, and a reopen picks as the same process did (15.696166ms)
✔ a save from before c1-host opens unchanged and plays on (13.498542ms)
✔ a pinned context that is not a WorldContextId is save_corrupt (52.317416ms)
✔ production empty, filled, partial Pour, empty, nested, ground and shop custody reopen exactly (6268.064833ms)
✔ cold open refuses missing, extra, malformed and plausible bounded liquid rows without repair (2141.560541ms)
✔ cold open binds every liquid receipt to its historical command, source and complete ordered rows (3284.298208ms)
✔ Pour failed COMMIT and lost acknowledgement fence liquid then reconcile and replay once (716.559208ms)
✔ actual fatal combat cold reopens the filled shell on its corpse then ordinary recovery (1364.602667ms)
✔ cold open rejects consistent command/event rewrites that cannot derive from the original invocation (507.685667ms)
✔ a tiny world survives a restart with the same state (17.295792ms)
✔ a retried consumed take replays its receipt; altered intent is a conflict (58.297208ms)
✔ a failed attempt and a rejection persist; their retries draw nothing (56.75375ms)
✔ a fault changes nothing and gets no receipt (53.388417ms)
✔ a lost COMMIT acknowledgement reconciles to the committed receipt (26.801584ms)
✔ a genuinely failed COMMIT reconciles to not committed; the retry is a fresh attempt (11.225458ms)
✔ while the COMMIT outcome is unknown every call is fenced; a restart settles it (7.168584ms)
✔ a process killed after COMMIT restarts with the take once and its trace entry once (2551.025916ms)
✔ a definite failure is traced once; a failed trace write changes nothing (9.080666ms)
✔ while the trace is behind no later entry overtakes a missed one (6.127333ms)
✔ an unreadable trace never stops play or the save opening (7.346459ms)
✔ an updated kernel starts a new segment after recovering the old one (8.777875ms)
✔ a transaction a failed ROLLBACK leaves open is never read as saved nor blocks play (9.615833ms)
✔ a save does not open inside a transaction left open (1.198042ms)
✔ jobs survive a restart: waiting to 19:00 after it moves Bram as without it (11.606666ms)
✔ a recipe whose time cost runs a job replays its receipt on retry (8.450292ms)
✔ a move whose reactions commit replays its events byte for byte after a restart (10.555042ms)
✔ a recipe narration's pinned participants survive a restart and replay unchanged (5.203959ms)
✔ a talk committed, then a restart: the stored choice carries its revision and choose works (12.252208ms)
✔ production five preacceptance kills reopen into Maud reward and usable storage (729.286292ms)
✔ each of five missing actual credits refuses reward after early acceptance (2265.107375ms)
✔ production Maud completion leaves World free of story-ended claims and storage usable (391.997916ms)
✔ active chapter five actual kills, shrine return, Maud reward and cold-reopen storage (548.628958ms)
✔ Q1 explicit acceptance, held drawing gate, report priority and durable once-only resolution (162.120625ms)
✔ picking up the clue first starts no quest and acceptance is immediately ready (13.098333ms)
✔ Maud offer and earned turn-in stay usable while Q1 is unaccepted (273.847042ms)
✔ Maud offer and earned turn-in stay usable while Q1 is active (271.333584ms)
✔ Maud offer and earned turn-in stay usable while Q1 is ready (166.621709ms)
✔ Maud offer and earned turn-in stay usable while Q1 is resolved (279.818875ms)
✔ Q1 acceptance, Green pickup, report and Maud offer work throughout the day (1098.750666ms)
✔ Mire Crossing and Fox Hollow offer both approaches and cold return at every hour (8535.09925ms)
✔ Q1 report atomically activates Q2; only guarded Study tracks grants its active first lead (195.963083ms)
✔ SQLite report/Study reopen and exact replay preserve active Q2 and receipt-specific history (362.309416ms)
✔ malformed Study receipt evidence offers typed Start over on reopen (943.518417ms)
✔ committed combat line indices come from pinned keys and structured receipt events (5.260208ms)
✔ actual adopted rat adjustment commits, reopens pinned HP and replays without another write (58.506208ms)
✔ reopen rejects missing, malformed, or out-of-bounds NPC HP without rewriting progress (28.8655ms)
✔ SQLite FULL, failed COMMIT and lost acknowledgement preserve atomic NPC HP adoption (92.957416ms)
✔ a budget fault is one valid observation of its limit, with the ReplayIds of its decision (35.613583ms)
✔ a failing observation sink changes no reply, revision, storage or retry (22.595834ms)
✔ an older save gains the sink untouched, and the sink keeps the newest 1000 records (851.13975ms)
✔ each NEW decision, accepted, rejected or fault, is one kernel.decision_latency (57.276416ms)
✔ a clock changes no reply or durable state when a COMMIT is held, then committed (41.290291ms)
✔ a real committed elapsed then ordinary local trace replays identically with header run preflight (4163.0055ms)
✔ real SQLite reopens every finite leg and explicit pause boundary (4256.425334ms)
✔ actual cellar death separates concurrent Wren, resets patrol, and permits Restart after cold reopen (4393.569708ms)
▶ full retained receipt replay refuses forged patrol rows and proofs without rewriting SQLite
  ✔ actor_id (310.767041ms)
  ✔ body_id (388.236834ms)
  ✔ npc_id (346.558709ms)
  ✔ quest_instance_id (337.567ms)
  ✔ continuation_id (240.19925ms)
  ✔ attempt_id (342.313ms)
  ✔ cursor (236.753334ms)
  ✔ credit (220.511625ms)
  ✔ status (451.20025ms)
  ✔ fractional (249.000583ms)
  ✔ missing (225.825916ms)
  ✔ scope (450.632125ms)
  ✔ cause (218.778167ms)
  ✔ source (251.0735ms)
  ✔ lost-transition (201.704167ms)
✔ full retained receipt replay refuses forged patrol rows and proofs without rewriting SQLite (4501.472167ms)
▶ real failed and acknowledged-lost COMMIT reconcile one leader departure and exact Book retry
  ✔ failed (197.674167ms)
  ✔ lost (191.499458ms)
✔ real failed and acknowledged-lost COMMIT reconcile one leader departure and exact Book retry (389.483166ms)
▶ final player join commits movement, terminal quest and trust together across both uncertain outcomes
  ✔ failed (323.508ms)
  ✔ lost (430.465458ms)
✔ final player join commits movement, terminal quest and trust together across both uncertain outcomes (754.341792ms)
✔ real original-Tobin C1 lessons reopen during patrol and completion grants trust alone (718.068541ms)
✔ a seated player is still sitting after reopen, in the state the headless kernel reaches (22.2245ms)
✔ real SQLite preserves original books through ground Take nested open Read closure travel and reread (5118.846167ms)
✔ real failed and lost COMMIT outcomes fence Read then retry and replay once (2349.488292ms)
✔ historical Read and known-topic truth reject wrong actor book definition cause missing grants and closed custody (1951.500417ms)
✔ actual fatal fight reopens with learned topics and gear-free recovery Takes the original books (329.895875ms)
✔ saved 19:00 novice overlap and 20:00 departure retain original pending speaker (367.620209ms)
✔ Book remount during lost Read acknowledgement waits for confirmation then routes its one recovered page (382.079667ms)
✔ readable-only SQLite recovery rejects forged narration without another history consumer (42.850792ms)
✔ Book preserves an aliased Read place offer and exact target through a live redraw (113.654208ms)
✔ a leftover transaction is settled before the trace catches up (53.731334ms)
✔ a file that is not a database or has a corrupt page is save_corrupt (121.713292ms)
✔ a head with a damaged column is save_corrupt; its new game recreates the head (58.442375ms)
✔ at the cap a new game deletes the oldest run whole and keeps the current one (343.1685ms)
✔ a run alone at the cap keeps its beginning and appends no more entries (332.434875ms)
✔ a new game at the cap makes room for its header by deleting the old run (281.700458ms)
✔ a run that drops an entry pair below the cap writes nothing more (346.976458ms)
✔ catch-up at the cap boundary writes a missed entry at 4,998 rows and not at 4,999 (577.678833ms)
✔ Rest/reopen/Stand keeps literal fractions and replays the Rest receipt without writes (257.07925ms)
✔ load refuses corrupt opted rows without rewriting stored progress (108.019667ms)
✔ reconciled adoption rejects wrong authored rate and keeps the prior confirmed view (24.783042ms)
✔ bundled sampler pays MV1 and rests twice as fast before reaching its pool cap (117.440625ms)
✔ real SQLite write failures keep the pool and position together until the unchanged retry commits (28.533ms)
✔ five actual preacceptance kills reopen into one atomic reward and identity-preserving storage (528.569541ms)
✔ real rollback, failed COMMIT and lost acknowledgement preserve complete old/new reward rows across reopen (668.9235ms)
✔ sampler invocation walk reaches all six rooms and resumes the carried ending at line two (497.283584ms)
✔ leaving the lantern resolves with the fallback journal and no carried chapter or scene (7.427459ms)
✔ a new save allocates and pins its identity; a restart and a replay reuse it (18.855125ms)
✔ a save whose pinned release is missing is refused untouched; a new game moves on (15.361083ms)
✔ a save of an unknown format is refused with nothing written and no new game (21.256625ms)
✔ a damaged identity is save_corrupt and untouched; its new game repairs it (523.703542ms)
✔ an app update reopens a save on its pinned release; new games pin the newest (10.118542ms)
✔ a save that does not parse is save_corrupt until the player starts a new game (68.242833ms)
✔ a new game replaces the save; an old invocation id is new again (15.629333ms)
✔ a new game that fails part way leaves the old save and memory (9.629833ms)
✔ a new game settles a pending attempt first, in the run it was made in (12.236459ms)
✔ a new game whose COMMIT is unknown is fenced; settling it moves play to the new run (10.844584ms)
✔ a new game whose COMMIT fails keeps the old save, memory and receipts (7.994209ms)
✔ a committed new game is adopted before play; a retry does not replace it twice (10.345333ms)
✔ a corrupt save's new game settles its COMMIT like any other (79.333125ms)
✔ a new run's entries missed by the trace follow its own header (12.278875ms)
✔ a new game after a settled one replaces the save again (16.563958ms)
✔ line two survives reopen and triggering receipt retry without duplicate effects (93.725083ms)
✔ room-before-Rest, meal, partial/empty ale reopen and exact retries preserve the next real consumer (1966.451708ms)
✔ forged bounded service rows and swapped/omitted historical service evidence refuse without repair (2823.200708ms)
✔ real failed COMMIT and both uncertain outcomes keep room/meal/ale all old or all new (1019.216458ms)
✔ real Book captured alias press and lost acknowledgement restore one original-Maud line (513.288958ms)
✔ S1 remains reachable beside services and same-body fatal return reopens the paid bed truth (594.629083ms)
✔ a pending start over whose retry fails shows that error, not "not confirmed" (38.07875ms)
✔ catch-up conflicts preserve the original attempt and matching retries keep its identity (112.796ms)
✔ invalid and cyclic shared input refuses before snapshot or elapsed sampling (4.401792ms)
✔ missing elapsed columns after unknown metadata or gameplay commit block and permit explicit recovery (109.00725ms)
✔ corrupt elapsed recovery binds valid, malformed, and absent original headers without erasing a replacement (166.948583ms)
✔ loaded elapsed recovery refuses newer and malformed same-run formats without writes (30.638791ms)
✔ changed refused elapsed header classifies malformed before differing valid run and preserves newer formats (15.957833ms)
✔ a scripted session survives a restart and plays on (122.8175ms)
✔ an invalid press before a save does not make the next id collide after a restart (15.055792ms)
✔ an unknown COMMIT shows pending, not a success; a restart shows what committed (24.393708ms)
✔ a pending press is retried with its own id and replays what committed (88.448667ms)
✔ a same-scope receipt from another allocator does not move the id counter (28.403ms)
✔ a failed write is not claimed unsaved; the next press retries it (18.197375ms)
✔ a read error after a durable commit does not commit the press twice (36.950333ms)
✔ a confirmed receipt that is not a decision is a conflict and ends the attempt (9.783041ms)
✔ start over replaces a file that does not open with a fresh game (58.066542ms)
✔ start over of a damaged identity keeps the file and its old run (31.041333ms)
✔ a damaged receipt index fails the open with start over, which gives a fresh game (29.513333ms)
✔ a newer app's save is never started over (14.101875ms)
✔ a start over whose delete failed can be tried again (34.384334ms)
✔ an open that fails but not as corrupt is never started over (9.664ms)
✔ a start over that fails during play keeps the game and its retry (43.249041ms)
✔ a pending start over leaves no game to play until it settles (12.769ms)
✔ the gate tap script ends at its declared state, wherever the kills fall (148.509583ms)
﹣ the save copied from the phone equals the reference (0.277709ms) # SKIP
✔ a corrupt report page: Start over gives a working save (255.474167ms)
✔ a corrupt sqlite_autoindex_report_1 page: Start over gives a working save (106.311583ms)
✔ a malformed report index record: Start over gives a working save (81.078083ms)
✔ an intact report table survives Start over in place (45.030625ms)
✔ the latest committed narration is read again on reopen, from the receipts (108.05575ms)
✔ an older save reopens with its narration and keeps its report on Start over (69.769792ms)
✔ a malformed receipt response: Start over keeps the pending report (37.399667ms)
✔ a narration read that fails on a lock offers no Start over (65.615458ms)
✔ a save with no body row: save_corrupt, Start over repairs it in place (40.880042ms)
✔ a save with a null choice: save_corrupt, Start over repairs it in place (22.56375ms)
✔ a save with an empty resource: save_corrupt, Start over repairs it in place (77.565708ms)
✔ a receipt narration line that is null: save_corrupt at open, Start over repairs it (121.272709ms)
✔ a receipt response that is not a decision replays as a conflict (17.817875ms)
✔ elapsed NOTADB and page corruption recover only through explicit working Start over (222.653458ms)
✔ unreadable elapsed opening refuses a newly readable replacement and waits on real SQLite uncertainty (66.361042ms)
✔ a story point reached offline is captured once, survives restart, and is delivered (54.58575ms)
✔ a run is bound once, when it starts; each of its reports carries that binding (39.181541ms)
✔ a story point whose report is malformed is not committed (11.650084ms)
✔ a pending report leaves the canonical state hash unchanged (40.831125ms)
✔ a report commits with its gameplay result or not at all (81.634375ms)
✔ a new game keeps a pending report, delivered under its original run (38.031084ms)
✔ a lost reply is retried and reads back the one acceptance (14.782ms)
✔ an acceptance of another payload needs attention (51.098708ms)
✔ an acknowledgement that does not commit stops the batch; the next call resends it (25.287584ms)
✔ a report that always fails does not hold back the rest (27.245208ms)
✔ delivery is bounded, persists each disposition and drops nothing (85.945416ms)
✔ real SQLite cold reopen retains both lessons, exact replay, wear, Attack and defended due state (382.727458ms)
✔ forged lesson receipts and contradictory acquired rows reopen as save_corrupt without rewriting (793.856875ms)
✔ each foreign lesson event identity refuses file-backed reopen after lawful later custody (334.360667ms)
✔ real failed and lost-ack COMMIT keep all prior or all next lesson rows and retry once (86.067834ms)
✔ defense hit/loss conjunction is guarded at saved-receipt and narration boundaries (121.7615ms)
✔ trained player death cold reopens and recovers the exact worn lesson sword (99.458875ms)
✔ authored training/shop/S2 orders retain conserved pennies and trained five-rat reward/storage (12926.751459ms)
✔ paid crossing, free Sedge lesson, six-room exploration and return reopen at committed boundaries (2540.671875ms)
✔ forged ferry receipts and saved custody refuse typed corruption without changing the database (2232.704333ms)
✔ real failed and uncertain COMMIT outcomes fence paid/free crossing and lesson then replay once (4564.987375ms)
✔ Book projects an exact boarding control and restores one committed endpoint result (423.963083ms)
✔ the original following Wren crosses once without rescue credit; separated Wren stays behind (1124.895833ms)
✔ actual Chapel death return reaches the dark-loft corpse without gear and retains every nested identity on cold reopen (2453.359875ms)
✔ a transport-only cartridge validates crossing receipts without another producer (117.226917ms)
✔ original message branch and terminal reopen with their own NPC narration and exact replay (629.538542ms)
✔ Drop and held-container Put reopen and recover the same item; stale handoff never prints success (308.06125ms)
✔ fatal combat and cold reopen preserve the message through ordinary corpse recovery (236.66375ms)
✔ elapsed redraw keeps an unchanged message choice usable (124.713458ms)
▶ retained delivery evidence corruption is typed even behind an unrelated latest receipt
  ✔ missing branch row (71.551375ms)
  ✔ wrong message role (87.428583ms)
  ✔ null retained source (63.856667ms)
  ✔ branch fact reset (97.193375ms)
  ✔ branch fact deleted (106.156875ms)
  ✔ message in unrelated NPC (82.256167ms)
  ✔ message nested in NPC-held container (103.141917ms)
  ✔ malformed receipt command JSON (86.337667ms)
  ✔ receipt transfer removed (96.045292ms)
  ✔ receive narration names another speaker (84.325041ms)
  ✔ terminal fact event missing (250.4485ms)
  ✔ terminal status reset (94.261917ms)
  ✔ terminal message returned to actor (115.784ms)
  ✔ terminal quest reopened (91.823958ms)
✔ retained delivery evidence corruption is typed even behind an unrelated latest receipt (1433.305083ms)
✔ failed and lost branch/terminal COMMIT keep narration and custody behind confirmed disk (349.671833ms)
✔ v012 refuses the frozen v010 SQLite save and offers explicit Start over without changing it (101.07075ms)
✔ terminal quest without a message branch refuses reopen and requires explicit Start over (275.818375ms)
✔ real SQLite reopens at counts zero one two, third close, reset and resolved ward (1301.224208ms)
✔ wrong final-wrong and correct commits reconcile both real outcomes and exact replay once (935.317292ms)
✔ bounded saves refuse forged rows and wrong receipts without deleting progress (1953.66025ms)
✔ unjustified discovery and topic facts fail cold-open reconciliation (264.863708ms)
✔ receipt association checks reject forged actor source and quest independently of later save consumers (102.526459ms)
✔ cold-open verifies the ward Talk selector against its saved source (210.367416ms)
▶ malformed Q1 after rescue selection or completion offers typed recovery without replacing progress
  ✔ following row: null (195.66975ms)
  ✔ following row: false (222.277041ms)
  ✔ following row: 0 (220.264833ms)
  ✔ following row: [] (251.5025ms)
  ✔ following row: {} (179.959916ms)
  ✔ following row: {"quest":{},"scope":{}} (218.870208ms)
  ✔ following row: {"quest":true,"scope":true} (335.494417ms)
  ✔ following quest: {} (181.119208ms)
  ✔ following scope: {} (442.923958ms)
  ✔ completed row: null (544.955833ms)
  ✔ completed row: false (285.524208ms)
  ✔ completed row: 0 (570.6635ms)
  ✔ completed row: [] (240.820833ms)
  ✔ completed row: {} (392.366459ms)
  ✔ completed row: {"quest":{},"scope":{}} (255.097417ms)
  ✔ completed row: {"quest":true,"scope":true} (289.682917ms)
  ✔ completed quest: {} (518.762667ms)
  ✔ completed scope: {} (527.431291ms)
✔ malformed Q1 after rescue selection or completion offers typed recovery without replacing progress (5883.286625ms)
✔ real SQLite rescue reopens start, death separation, Rejoin and terminal with their own narration (929.497208ms)
▶ retained rescue identity, physical state and own receipts reject corruption behind a later look
  ✔ missing escort row (84.629042ms)
  ✔ substituted bound NPC (119.4205ms)
  ✔ wrong quest instance (89.834ms)
  ✔ wrong originating continuation (212.853458ms)
  ✔ following NPC in another room (83.611625ms)
  ✔ separated without committed death (125.031958ms)
  ✔ rescue message removed from Vesper (122.210667ms)
  ✔ rescue branch changed to stays (168.30025ms)
  ✔ missing start receipt (77.92325ms)
  ✔ old start receipt missing escort transition (156.996375ms)
  ✔ forged rescued terminal without turn-in (177.137667ms)
  ✔ rescued terminal rewritten to stays (162.890291ms)
  ✔ completed Wren moved away from Elspeth (149.880833ms)
✔ retained rescue identity, physical state and own receipts reject corruption behind a later look (1745.822167ms)
✔ file-backed riddle cold opens before, after wrong and after success with exact replay/conflict (495.377125ms)
✔ stored riddle command, binding and root evidence mismatches become typed save corruption (621.854333ms)
▶ malformed retained riddle source offers typed recovery and explicit Start over
  ✔ null source (105.289583ms)
  ✔ missing source (189.524375ms)
✔ malformed retained riddle source offers typed recovery and explicit Start over (295.883167ms)
✔ answer input refreshes only across unchanged offered riddle context and reads its own eventless receipt (173.266042ms)
✔ failed and lost COMMIT answers retain the exact invocation and answer until reconciliation (515.975083ms)
✔ exit door actions keep their direction and remain separate from walking (3.992667ms)
✔ worn items and reachable nested contents offer actions on their own ids (0.379458ms)
✔ same-room actions retain projected item pages and remove pages hidden by a closed lid (0.27975ms)
✔ chapter changes queue one title which survives scene lines and acknowledgement (0.120208ms)
✔ band phrases and the hp accessibility label use the cartridge catalog (0.156417ms)
✔ scene Continue and position verbs have dedicated groups (0.094208ms)
✔ combat page lists offered controls vertically below history in one scroll (7.901583ms)
✔ committed opponent death narrates once through the existing subscription (1.292875ms)
✔ confirmed encounter foregrounds another page and closure or death restores the World (27.941ms)
✔ Attack opens its committed page; pending and refused Flee stay until committed escape (11.009375ms)
✔ reopening an encounter restores the combat page and last committed narration (6.052084ms)
✔ reopening after escape or either death never restores combat into the World log (5.715042ms)
✔ live first Rest, nested Close/Resume, captured branches, final ack and cold World resume use the actual bed (1560.940667ms)
✔ uncertain paid Rest remount opens the first dream only when the original COMMIT settles (907.23375ms)
✔ Book offers instance-bound Attack and prunes a departed hound detail (889.108333ms)
✔ Book exposes a killed hound pelt through ordinary Contents and Carrying (515.798375ms)
✔ Book patch and Wick controls use confirmed exact targets, readiness and journal state (590.785333ms)
✔ retained item results appear chronologically between description and options, empty log omitted (212.62375ms)
✔ a drag points at the exit in its 90-degree quadrant, only if that exit exists (2.727459ms)
✔ a drag inside the cancel radius points at nothing (0.142208ms)
✔ the label sits opposite the drag, and above for a kept note (0.6025ms)
✔ stair nodes are reached by dragging out to them, only when the exit exists (0.101125ms)
✔ a choice opened during a drag keeps the original context stale and commits no move (95.995625ms)
✔ refused drags do not grow the log without bound (516.244708ms)
✔ web keyboard uses offered exits and keeps focused controls (8.23025ms)
✔ Book captures movement keys only on an active World page (5.337458ms)
✔ Book preserves exact water pairs and invalidates changed quantities in displayed context (647.774417ms)
✔ Book restores liquid narration on the exact saved source detail after SQLite reopen (398.877125ms)
✔ loaded liquid aliases reach exact Book presses and matching target/input/policy refusal (3777.705833ms)
✔ aliased liquid freshness refuses a stale pair after another committed drink (284.06325ms)
✔ after Bram acceptance an unchanged north drag crosses a pulse and commits exactly one move (192.762625ms)
✔ sampler Bram offers at19:00 and receives the fetched lantern the next day without waiting (84.885208ms)
✔ a captured north action never becomes north from a different origin room (26.024208ms)
✔ Maud acceptance, position and item buttons survive elapsed-only redraws (180.60175ms)
✔ an altered captured choice is refused without sending a new decision (62.96475ms)
✔ old Leave and departed Bram actions keep stale refusal after context changes (45.933292ms)
✔ a held answer refuses after its speaker departs during the elapsed pulse (56.587958ms)
✔ combat context changes refuse old Look while an unchanged encounter tolerates a pulse (87.057208ms)
✔ pending move retry adopts its original durable receipt once without a second action (29.280084ms)
✔ withdrawn or changed-context Notice controls retain their captured stale token (12.295334ms)
✔ exits, the look title, place actions and a thing page come from the right buttons (2.30425ms)
✔ position cycling skips absent offers and retains the offered freshness (0.160167ms)
✔ a touch link is shown as its label (0.400292ms)
✔ a choice's answers and Close are their own group, not place actions (0.269583ms)
✔ the character label says the hp band and no other (0.412542ms)
✔ the absent-speaker line shows only when the speaker is not here (0.386292ms)
✔ a restored choice opens its actual speaker detail or retained conversation (0.347666ms)
✔ a closed exit's log line and a capitalised title (0.279708ms)
✔ a move refused at 0 MV says the body is too exhausted (0.236084ms)
✔ a hint survives a store that throws, for this session (0.385208ms)
✔ the status line shows the double hour as its earthly branch (0.392542ms)
✔ landing detail and two board children read exact targets and pop back without navigation receipts (384.409459ms)
✔ the south search reaches the oak and returns through visible fox clues (286.668167ms)
✔ cold Continue shows the confirmed notice once and restores its return route without Read (248.584625ms)
✔ an uncertain child read keeps an empty detail until its one receipt is confirmed (96.667417ms)
✔ long elapsed redraw retains board route and a real room change prunes it (271.196167ms)
✔ notice entries use available exact-target aliases and expose unavailable reasons (71.707208ms)
✔ Elspeth stays reachable all day and her Book replies direct a newcomer along usable exits (487.851416ms)
✔ Q1 drawing opens full item detail with Take and local Leave (183.180875ms)
✔ plank and hollow open descriptive noun detail pages without story credit (134.061916ms)
✔ Study is a detail-only empty-target control after Read/history and refreshes across elapsed redraw (145.91875ms)
✔ pending Study retains its detail context and restores exactly once without World narration (271.399292ms)
✔ corpse Contents Take returns to its detail with one local pickup and Back to World (1253.98925ms)
✔ remounted pending pelt Take settles on its exact corpse detail (651.228834ms)
✔ room is focused while Map retains directions and every detail returns to the world (276.171833ms)
✔ a postcommit narration read fault preserves the saved result and clears retry context (90.894708ms)
✔ NPC history has distinct journal events and one confirmed Leave after the scrolling log (309.18575ms)
✔ only World position taps directly cycle the offered states with captured freshness (188.339417ms)
✔ an NPC choice retried from the world keeps its result in the original detail (126.452375ms)
✔ only confirmed pickup returns World, including a retry from another page (163.535208ms)
✔ touch omits incomplete Give but the complete item and recipient command remains valid (139.991042ms)
✔ inventory Drop returns World with one named event only after confirmation (84.029333ms)
✔ other item actions retain their detail and show their consequences there (39.079958ms)
✔ elapsed confirmed boundaries retain Conversation and chapter acknowledgment without page flips (268.725791ms)
✔ delayed Take returns once with its original item name after a conflicting tap (145.147708ms)
✔ delayed actual quest completion adds one authored result and Journal updated in original history (124.6695ms)
✔ actual trunk detail explains refused Take and restores its button after Remove then Drop (322.622209ms)
✔ self-luminous Notice invokes its projected targetless recipe and retains the result (307.67825ms)
✔ pending and refused Take/Drop/Leave retain detail routing and unchanged custody (11.082584ms)
✔ journal cues belong only to changed NPC histories (0.3485ms)
✔ recovery removes the current heading but retains an unclassified consequence (0.168ms)
✔ confirmed room change clears old history before adding new authored consequences (0.233833ms)
✔ World omits the routine Close fallback while retaining authored consequences (0.157125ms)
✔ a restored committed narration is not duplicated by its pending receipt retry (0.16825ms)
✔ a move rejected for want of MV says the body is too exhausted (0.091167ms)
✔ the log stops growing in one room, its last line the latest answer (8.38625ms)
✔ the save-error line says a pending start over in words and shows any other message (0.17675ms)
✔ a narration recovery fault holds combat results while their line routing is unavailable (0.437292ms)
✔ combat receipt history is once-only when completion follows an already displayed state (0.414459ms)
✔ actual nested book Item opens locally and Read stays between description and options with local Back (704.071958ms)
✔ Book restores Ward or Bell once through pulse after remount during uncertain Read (1469.225709ms)
✔ Book restores Ward or Bell once through title press after remount during uncertain Read (985.12975ms)
✔ production Read targets retain confirmed detail messages without changing state (331.289ms)
✔ uncertain Read recovers its one receipt and narration, then reads again after cold reopen (83.943792ms)
✔ stale and refused Read retain their target and never narrate an unread body (88.591041ms)
✔ held Read survives the authored 68350 to 68400 pulse with authority freshness intact (56.631459ms)
✔ cold reopen refuses a committed Read whose stored target is malformed (204.547ms)
✔ invalid Read JSON offers in-place Start over and leaves older pins explicitly refused (242.627417ms)
✔ Book sends the projected Put pair and original freshness through normal touch and receipt routing (514.720584ms)
✔ NPC detail tiles edit a bounded word and submit retry/correct results after history (494.592292ms)
✔ Peg detail binds exact available item, merchant and quote (279.123958ms)
✔ talk by day offers one button per choice and Close; carry narrates (225.66625ms)
✔ a second press from the same screen is a stale view and changes nothing (20.153458ms)
✔ a reopen shows the last committed narration first; a fresh game none (132.076583ms)
✔ walked away: the choices say why, Close leaves the quest open, the landing resolves it (123.370042ms)
✔ the log has story words, never a kernel code, across both endings (364.720125ms)
✔ an NPC who leaves while you stay is logged, and nothing else (57.747083ms)
✔ closed answers and a stale answer give their reason in words, not their code (54.714875ms)
✔ the Lantern gate unlocks and opens through its projected exit buttons (45.025209ms)
✔ Character draws projected attributes and acquired qualification with authored labels (2.552084ms)
✔ item equipment detail copies current typed slot/profile/requirement and block chance (0.797958ms)
✔ Book interaction teaches swords then dodge in Tobin detail and recovers each committed result once (303.178459ms)
✔ shared item detail draws confirmed fuel for lit and exhausted items (0.349125ms)
✔ the app opens and replaces only its chapter save, preserving existing Lantern and sampler saves (331.700417ms)
✔ the 0.0.9 chapter save is refused intact until explicit Start over (56.462875ms)
✔ actual App pause and resume preserve 9ms plus 11ms as exactly one logical unit (81.559875ms)
✔ actual App stops unknown storage wakeups and resumes after confirmed user recovery (63.046625ms)
✔ old App wakeups cannot mutate the same remounted Game or a replacement save (73.514084ms)
✔ git failing drops an inherited stamp (1012.618042ms)
✔ Web reads preserve bound ordered rows beyond the bulk response capacity (11.089042ms)
ℹ tests 523
ℹ suites 0
ℹ pass 522
ℹ fail 0
ℹ cancelled 0
ℹ skipped 1
ℹ todo 0
ℹ duration_ms 57672.010709
