
> loka-app@0.0.0 pretest:e2e
> node patch-sqlite-web.cjs


> loka-app@0.0.0 test:e2e
> E2E_TELEMETRY_DISABLED=1 e2e run --no-cache --grep controlled real browser


 RUN  e2e v0.17.0 /private<redacted-path>
      run 01a1116c-1afb-7381-af22-6c036328b250 · targets: web · CI

 ✓ target "web" command ready 1.19s
 ❯ |web| tests/d1-recovery.e2e.ts (1 test | 1 failed) 71.38s
   × controlled real browser dark-isle corpse recovery 71.38s
     → locator matched no nodes within getByRole("button", name: "Marsh glow")

⎯⎯⎯⎯⎯⎯⎯⎯⎯⎯⎯⎯⎯⎯⎯⎯⎯⎯⎯⎯⎯⎯⎯⎯⎯⎯⎯⎯⎯⎯⎯⎯ Failed Tests 1 ⎯⎯⎯⎯⎯⎯⎯⎯⎯⎯⎯⎯⎯⎯⎯⎯⎯⎯⎯⎯⎯⎯⎯⎯⎯⎯⎯⎯⎯⎯⎯⎯

 FAIL  |web| tests/d1-recovery.e2e.ts > controlled real browser dark-isle corpse recovery
LOCATOR_NOT_FOUND: locator matched no nodes within getByRole("button", name: "Marsh glow")
 ❯ tests/d1-recovery.e2e.ts:24:3
     22|   await go('south', 'Mire Crossing');
     23|   await go('east', 'Marsh Light');
     24|   await screen.getByRole('button', 'Marsh glow').tap();
       |   ^
     25|   await screen.getByRole('button', 'Seek Wisp').tap();
     26|   await screen.getByRole('button', 'Leave').tap();
 ❯ at http://127.0.0.1:19216/
 ❯ on screen #n23 button "Look, Marsh Light"
 ❯ screen .e2e/artifacts/web/tests_d1-recovery.e2e.ts__controlled_20real_20browser_20dark-isle_20corpse_20recovery-8ded3a81/default/attempt-1/failure/screen.txt

⎯⎯⎯⎯⎯⎯⎯⎯⎯⎯⎯⎯⎯⎯⎯⎯⎯⎯⎯⎯⎯⎯⎯⎯⎯⎯⎯⎯⎯⎯⎯⎯⎯⎯⎯⎯⎯⎯⎯⎯⎯⎯⎯⎯⎯⎯⎯⎯⎯⎯⎯⎯⎯⎯⎯⎯⎯⎯⎯⎯⎯⎯⎯⎯⎯⎯⎯⎯⎯⎯⎯⎯⎯⎯[1/1]⎯


 Test Files  1 failed | 0 passed (1)
      Tests  1 failed | 0 passed (1)
   Start at  03:34:20
   Duration  72.97s (1m 13s, startup 1.19s)
     Report  .e2e/report.json

