Compiling 42 files (.ex)
Generated loka app
Running ExUnit with seed: 571907, max_cases: 16

............
Finished in 3.1 seconds (3.1s async, 0.00s sync)

Result: 12 passed
Compiling 42 files (.ex)
Generated loka app
Running ExUnit with seed: 684171, max_cases: 16

...

  1) test resource delivery times match literals and independent preconditions (Loka.Core.EncounterCompositionTest)
     test/loka/core/encounter_composition_test.exs:124
     explicit-at-crosses-hour
     code: for c <- times["cases"] do
     stacktrace:
       test/loka/core/encounter_composition_test.exs:130: anonymous fn/2 in Loka.Core.EncounterCompositionTest."test resource delivery times match literals and independent preconditions"/1
       (elixir 1.20.4) lib/enum.ex:1725: Enum."-map/2-lists^map/1-1-"/2
       test/loka/core/encounter_composition_test.exs:127: (test)

.
Finished in 0.07 seconds (0.07s async, 0.00s sync)

Result: 4/5 passed
Failed: 1 test
