✔ composition known answers (14.292625ms)
✔ invariant checks known answers, a holding and a violated case per invariant checked in both kernels (0.448625ms)
✔ invalid successful deltas fail their independent precondition check (0.271125ms)
✔ containment checks deep chains, untouched cycles and untouched capacity (19.004583ms)
✔ limits are named in the composition profile order (0.546792ms)
✔ composition-profile budgets: at the limit composes with the expected changes, one over faults (15.244458ms)
✔ a malformed barrier state faults precondition_failed (0.270417ms)
✔ opted recovery literal rows and independent metadata replay (2.553875ms)
✔ independent recovery replay rejects an unauthored stored rate (0.531667ms)
✔ recovery schema trust-boundary literals (1.47775ms)
✔ entity-resource overrides match literals and independent preconditions reject false success (1.210042ms)
✔ NPC HP schema trust-boundary literals (0.483292ms)
ℹ tests 12
ℹ suites 0
ℹ pass 12
ℹ fail 0
ℹ cancelled 0
ℹ skipped 0
ℹ todo 0
ℹ duration_ms 186.755541
✖ encounter and bound job composition matches portable literal rows (4.036584ms)
✔ independent encounter preconditions reject matching counterfeit success (0.229583ms)
✔ independent replay verifies every written lifecycle row (0.388709ms)
ℹ tests 3
ℹ suites 0
ℹ pass 2
ℹ fail 1
ℹ cancelled 0
ℹ skipped 0
ℹ todo 0
ℹ duration_ms 110.971708

✖ failing tests:

test at kernel/ts/test/encounter_composition.test.ts:15:1
✖ encounter and bound job composition matches portable literal rows (4.036584ms)
  AssertionError [ERR_ASSERTION]: cancel-future-bound-job
  + actual - expected
  
    {
  +   fault: {
  +     code: 'precondition_failed',
  +     kind: 'fault',
  +     target: {
  +       job_id: '00000007-0000-4000-8000-000000000000',
  +       kind: 'job'
  -   changes: [
  -     {
  -       target: {
  -         job_id: '00000007-0000-4000-8000-000000000000',
  -         kind: 'job'
  -       },
  -       value: {
  -         due_time: 20,
  -         encounter_id: '00000006-0000-4000-8000-000000000000',
  -         job: {
  -           cartridge_id: 'lantern',
  -           cartridge_version: '0.1.0',
  -           key: 'wolf',
  -           kind: 'npc'
  -         },
  -         status: 'cancelled'
  -       }
        }
  +   }
  -   ]
    }
  
      at TestContext.<anonymous> (file://<worktree>/kernel/ts/test/encounter_composition.test.ts:19:12)
      at Test.runInAsyncScope (node:async_hooks:227:14)
      at Test.run (node:internal/test_runner/test:1402:25)
      at Test.start (node:internal/test_runner/test:1262:17)
      at startSubtestAfterBootstrap (node:internal/test_runner/harness:387:17) {
    generatedMessage: false,
    code: 'ERR_ASSERTION',
    actual: { fault: { kind: 'fault', code: 'precondition_failed', target: [Object] } },
    expected: { changes: [ [Object] ] },
    operator: 'deepStrictEqual',
    diff: 'simple'
  }
