✔ composition known answers (12.159166ms)
✔ invariant checks known answers, a holding and a violated case per invariant checked in both kernels (0.461292ms)
✔ invalid successful deltas fail their independent precondition check (0.278291ms)
✔ containment checks deep chains, untouched cycles and untouched capacity (14.655083ms)
✔ limits are named in the composition profile order (0.531208ms)
✔ composition-profile budgets: at the limit composes with the expected changes, one over faults (14.427625ms)
✔ a malformed barrier state faults precondition_failed (0.242333ms)
✔ opted recovery literal rows and independent metadata replay (4.72225ms)
✔ independent recovery replay rejects an unauthored stored rate (0.630708ms)
✔ recovery schema trust-boundary literals (2.41225ms)
✔ entity-resource overrides match literals and independent preconditions reject false success (1.578541ms)
✔ NPC HP schema trust-boundary literals (0.539792ms)
ℹ tests 12
ℹ suites 0
ℹ pass 12
ℹ fail 0
ℹ cancelled 0
ℹ skipped 0
ℹ todo 0
ℹ duration_ms 196.033208
✖ encounter and bound job composition matches portable literal rows (2.076667ms)
✔ independent encounter preconditions reject matching counterfeit success (1.007166ms)
✔ independent replay verifies every written lifecycle row (0.646917ms)
ℹ tests 3
ℹ suites 0
ℹ pass 2
ℹ fail 1
ℹ cancelled 0
ℹ skipped 0
ℹ todo 0
ℹ duration_ms 111.182166

✖ failing tests:

test at kernel/ts/test/encounter_composition.test.ts:15:1
✖ encounter and bound job composition matches portable literal rows (2.076667ms)
  AssertionError [ERR_ASSERTION]: open-owned-colocated-participants
  + actual - expected
  ... Skipped lines
  
    {
      changes: [
        {
          target: {
            encounter_id: '00000006-0000-4000-8000-000000000000',
  ...
            room_id: '00000004-0000-4000-8000-000000000000',
  +         round: 2,
  -         round: 1,
            status: 'open'
          }
        }
      ]
    }
  
      at TestContext.<anonymous> (file://<worktree>/kernel/ts/test/encounter_composition.test.ts:19:12)
      at Test.runInAsyncScope (node:async_hooks:227:14)
      at Test.run (node:internal/test_runner/test:1402:25)
      at Test.start (node:internal/test_runner/test:1262:17)
      at startSubtestAfterBootstrap (node:internal/test_runner/harness:387:17) {
    generatedMessage: false,
    code: 'ERR_ASSERTION',
    actual: { changes: [ [Object] ] },
    expected: { changes: [ [Object] ] },
    operator: 'deepStrictEqual',
    diff: 'simple'
  }
