(node:42535) [MODULE_TYPELESS_PACKAGE_JSON] Warning: Module type of file://<worktree>/mobile/app/book/c1.test.ts is not specified and it doesn't parse as CommonJS.
Reparsing as ES module because module syntax was detected. This incurs a performance overhead.
To eliminate this warning, add "type": "module" to <worktree>/mobile/app/package.json.
(Use `node --trace-warnings ...` to show where the warning was created)
✔ exit door actions keep their direction and remain separate from walking (1.350125ms)
✔ worn items and reachable nested contents offer actions on their own ids (0.251208ms)
✔ same-room actions retain projected item pages and remove pages hidden by a closed lid (0.169ms)
✔ chapter changes queue one title which survives scene lines and acknowledgement (0.102792ms)
✔ band phrases and the hp accessibility label use the cartridge catalog (0.130167ms)
✔ scene Continue and position verbs have dedicated groups (0.083667ms)
(node:42536) [MODULE_TYPELESS_PACKAGE_JSON] Warning: Module type of file://<worktree>/mobile/app/book/model.test.ts is not specified and it doesn't parse as CommonJS.
Reparsing as ES module because module syntax was detected. This incurs a performance overhead.
To eliminate this warning, add "type": "module" to <worktree>/mobile/app/package.json.
(Use `node --trace-warnings ...` to show where the warning was created)
✔ exits, the look title, place actions and a thing page come from the right buttons (0.945667ms)
✔ position cycling skips absent offers and retains the offered freshness (0.103042ms)
✔ a touch link is shown as its label (0.117542ms)
✔ a choice's answers and Close are their own group, not place actions (0.09375ms)
✔ the character label says the hp band and no other (0.122666ms)
✔ the absent-speaker line shows only when the speaker is not here (0.1085ms)
✔ a restored choice opens its actual speaker detail or retained conversation (0.127875ms)
✔ the ending line shows once every quest is over (0.102667ms)
✔ a closed exit's log line and a capitalised title (0.1115ms)
✔ a move refused at 0 MV says the body is too exhausted (0.10525ms)
✔ a hint survives a store that throws, for this session (0.109333ms)
✔ the status line shows the double hour as its earthly branch (0.153125ms)
(node:42537) [MODULE_TYPELESS_PACKAGE_JSON] Warning: Module type of file://<worktree>/mobile/app/book/presenter.test.ts is not specified and it doesn't parse as CommonJS.
Reparsing as ES module because module syntax was detected. This incurs a performance overhead.
To eliminate this warning, add "type": "module" to <worktree>/mobile/app/package.json.
(Use `node --trace-warnings ...` to show where the warning was created)
✔ pending and refused Take/Drop/Leave retain detail routing and unchanged custody (1.617416ms)
✔ journal cues belong only to changed NPC histories (0.259208ms)
✔ recovery removes the current heading but retains an unclassified consequence (0.12225ms)
✔ confirmed room change clears old history before adding new authored consequences (0.173917ms)
✔ World omits the routine Close fallback while retaining authored consequences (0.131209ms)
✔ a restored committed narration is not duplicated by its pending receipt retry (0.138209ms)
✔ a move rejected for want of MV says the body is too exhausted (0.075458ms)
✔ the log stops growing in one room, its last line the latest answer (1.281625ms)
✔ the save-error line says a pending start over in words and shows any other message (0.102833ms)
ℹ tests 27
ℹ suites 0
ℹ pass 27
ℹ fail 0
ℹ cancelled 0
ℹ skipped 0
ℹ todo 0
ℹ duration_ms 105.683416
(node:42539) [MODULE_TYPELESS_PACKAGE_JSON] Warning: Module type of file://<worktree>/mobile/app/book/combat.test.ts is not specified and it doesn't parse as CommonJS.
Reparsing as ES module because module syntax was detected. This incurs a performance overhead.
To eliminate this warning, add "type": "module" to <worktree>/mobile/app/package.json.
(Use `node --trace-warnings ...` to show where the warning was created)
✖ threat and complete Stand/Flee controls remain usable on every ordinary page (5.836541ms)
✔ committed opponent death narrates once through the existing subscription (0.374125ms)
ℹ tests 2
ℹ suites 0
ℹ pass 1
ℹ fail 1
ℹ cancelled 0
ℹ skipped 0
ℹ todo 0
ℹ duration_ms 267.812334

✖ failing tests:

test at mobile/app/book/combat.test.ts:95:1
✖ threat and complete Stand/Flee controls remain usable on every ordinary page (5.836541ms)
  AssertionError [ERR_ASSERTION]: The expression evaluated to a falsy value:
  
    assert.ok(
  
      at TestContext.<anonymous> (file://<worktree>/mobile/app/book/combat.test.ts:116:12)
      at Test.runInAsyncScope (node:async_hooks:227:14)
      at Test.run (node:internal/test_runner/test:1402:25)
      at Test.start (node:internal/test_runner/test:1262:17)
      at startSubtestAfterBootstrap (node:internal/test_runner/harness:387:17)
      at process.processTicksAndRejections (node:internal/process/task_queues:104:5) {
    generatedMessage: true,
    code: 'ERR_ASSERTION',
    actual: false,
    expected: true,
    operator: '==',
    diff: 'simple'
  }
