(node:42676) [MODULE_TYPELESS_PACKAGE_JSON] Warning: Module type of file://<worktree>/mobile/app/book/c1.test.ts is not specified and it doesn't parse as CommonJS.
Reparsing as ES module because module syntax was detected. This incurs a performance overhead.
To eliminate this warning, add "type": "module" to <worktree>/mobile/app/package.json.
(Use `node --trace-warnings ...` to show where the warning was created)
✔ exit door actions keep their direction and remain separate from walking (1.285291ms)
✔ worn items and reachable nested contents offer actions on their own ids (0.272ms)
✔ same-room actions retain projected item pages and remove pages hidden by a closed lid (0.182625ms)
✔ chapter changes queue one title which survives scene lines and acknowledgement (0.112917ms)
✔ band phrases and the hp accessibility label use the cartridge catalog (0.135667ms)
✔ scene Continue and position verbs have dedicated groups (10.078ms)
(node:42677) [MODULE_TYPELESS_PACKAGE_JSON] Warning: Module type of file://<worktree>/mobile/app/book/combat.test.ts is not specified and it doesn't parse as CommonJS.
Reparsing as ES module because module syntax was detected. This incurs a performance overhead.
To eliminate this warning, add "type": "module" to <worktree>/mobile/app/package.json.
(Use `node --trace-warnings ...` to show where the warning was created)
✔ threat and complete Stand/Flee controls remain usable on every ordinary page (4.471291ms)
✔ committed opponent death narrates once through the existing subscription (0.350208ms)
(node:42678) [MODULE_TYPELESS_PACKAGE_JSON] Warning: Module type of file://<worktree>/mobile/app/book/model.test.ts is not specified and it doesn't parse as CommonJS.
Reparsing as ES module because module syntax was detected. This incurs a performance overhead.
To eliminate this warning, add "type": "module" to <worktree>/mobile/app/package.json.
(Use `node --trace-warnings ...` to show where the warning was created)
✔ exits, the look title, place actions and a thing page come from the right buttons (1.027292ms)
✔ position cycling skips absent offers and retains the offered freshness (0.115333ms)
✔ a touch link is shown as its label (0.13075ms)
✔ a choice's answers and Close are their own group, not place actions (0.108583ms)
✔ the character label says the hp band and no other (0.142542ms)
✔ the absent-speaker line shows only when the speaker is not here (0.121875ms)
✔ a restored choice opens its actual speaker detail or retained conversation (0.136916ms)
✔ the ending line shows once every quest is over (0.113042ms)
✔ a closed exit's log line and a capitalised title (0.119667ms)
✔ a move refused at 0 MV says the body is too exhausted (0.428417ms)
✔ a hint survives a store that throws, for this session (0.521125ms)
✔ the status line shows the double hour as its earthly branch (0.548167ms)
(node:42679) [MODULE_TYPELESS_PACKAGE_JSON] Warning: Module type of file://<worktree>/mobile/app/book/polish.test.ts is not specified and it doesn't parse as CommonJS.
Reparsing as ES module because module syntax was detected. This incurs a performance overhead.
To eliminate this warning, add "type": "module" to <worktree>/mobile/app/package.json.
(Use `node --trace-warnings ...` to show where the warning was created)
✔ room is focused while Map retains directions and every detail returns to the world (62.718584ms)
✔ a postcommit narration read fault preserves the saved result and clears retry context (24.198084ms)
✔ NPC history has distinct journal events and one confirmed Leave after the scrolling log (43.575625ms)
✔ only World position taps directly cycle the offered states with captured freshness (22.054167ms)
✔ an NPC choice retried from the world keeps its result in the original detail (15.4565ms)
✔ only confirmed pickup returns World, including a retry from another page (21.814708ms)
✔ touch omits incomplete Give but the complete item and recipient command remains valid (16.235584ms)
✔ inventory Drop returns World with one named event only after confirmation (20.426083ms)
✔ other item actions retain their detail and World consequences (9.250125ms)
✔ elapsed confirmed boundaries retain Conversation and chapter acknowledgment without page flips (19.8845ms)
✔ delayed Take returns once with its original item name after a conflicting tap (25.062125ms)
✔ delayed actual quest completion adds one authored result and Journal updated in original history (24.180625ms)
✖ actual trunk detail explains refused Take and restores its button after Remove then Drop (18.663458ms)
(node:42680) [MODULE_TYPELESS_PACKAGE_JSON] Warning: Module type of file://<worktree>/mobile/app/book/presenter.test.ts is not specified and it doesn't parse as CommonJS.
Reparsing as ES module because module syntax was detected. This incurs a performance overhead.
To eliminate this warning, add "type": "module" to <worktree>/mobile/app/package.json.
(Use `node --trace-warnings ...` to show where the warning was created)
✔ pending and refused Take/Drop/Leave retain detail routing and unchanged custody (1.761208ms)
✔ journal cues belong only to changed NPC histories (0.295083ms)
✔ recovery removes the current heading but retains an unclassified consequence (0.123ms)
✔ confirmed room change clears old history before adding new authored consequences (0.176ms)
✔ World omits the routine Close fallback while retaining authored consequences (0.129792ms)
✔ a restored committed narration is not duplicated by its pending receipt retry (0.706958ms)
✔ a move rejected for want of MV says the body is too exhausted (0.10525ms)
✔ the log stops growing in one room, its last line the latest answer (1.208083ms)
✔ the save-error line says a pending start over in words and shows any other message (0.139416ms)
ℹ tests 42
ℹ suites 0
ℹ pass 41
ℹ fail 1
ℹ cancelled 0
ℹ skipped 0
ℹ todo 0
ℹ duration_ms 787.298708

✖ failing tests:

test at mobile/app/book/polish.test.ts:702:1
✖ actual trunk detail explains refused Take and restores its button after Remove then Drop (18.663458ms)
  AssertionError [ERR_ASSERTION]: a cellar key, open
      at Object.tap (file://<worktree>/mobile/app/book/polish.test.ts:150:12)
      at take (file://<worktree>/mobile/app/book/polish.test.ts:709:7)
      at TestContext.<anonymous> (file://<worktree>/mobile/app/book/polish.test.ts:717:3)
      at Test.runInAsyncScope (node:async_hooks:227:14)
      at Test.run (node:internal/test_runner/test:1402:25)
      at Test.processPendingSubtests (node:internal/test_runner/test:974:18)
      at Test.postRun (node:internal/test_runner/test:1542:19)
      at Test.run (node:internal/test_runner/test:1467:12)
      at process.processTicksAndRejections (node:internal/process/task_queues:104:5)
      at async Test.processPendingSubtests (node:internal/test_runner/test:974:7) {
    generatedMessage: false,
    code: 'ERR_ASSERTION',
    actual: undefined,
    expected: true,
    operator: '==',
    diff: 'simple'
  }
