✔ composition known answers (9.969458ms)
✔ invariant checks known answers, a holding and a violated case per invariant checked in both kernels (0.428916ms)
✔ invalid successful deltas fail their independent precondition check (0.254208ms)
✔ containment checks deep chains, untouched cycles and untouched capacity (13.696833ms)
✔ limits are named in the composition profile order (0.522333ms)
✔ composition-profile budgets: at the limit composes with the expected changes, one over faults (13.669459ms)
✔ a malformed barrier state faults precondition_failed (0.246917ms)
✔ opted recovery literal rows and independent metadata replay (2.611458ms)
✔ independent recovery replay rejects an unauthored stored rate (0.355625ms)
✔ recovery schema trust-boundary literals (1.196792ms)
✔ entity-resource overrides match literals and independent preconditions reject false success (0.845459ms)
✔ NPC HP schema trust-boundary literals (0.41175ms)
ℹ tests 12
ℹ suites 0
ℹ pass 12
ℹ fail 0
ℹ cancelled 0
ℹ skipped 0
ℹ todo 0
ℹ duration_ms 157.951875
✔ encounter and bound job composition matches portable literal rows (3.731791ms)
✔ independent encounter preconditions reject matching counterfeit success (0.206708ms)
✔ independent replay verifies every written lifecycle row (0.395709ms)
✔ cancelling a future job frees one slot in a full queue (3.996541ms)
✖ resource delivery times settle literal rows and reject counterfeit preconditions (2.233875ms)
ℹ tests 5
ℹ suites 0
ℹ pass 4
ℹ fail 1
ℹ cancelled 0
ℹ skipped 0
ℹ todo 0
ℹ duration_ms 117.36375

✖ failing tests:

test at kernel/ts/test/encounter_composition.test.ts:102:1
✖ resource delivery times settle literal rows and reject counterfeit preconditions (2.233875ms)
  AssertionError [ERR_ASSERTION]: explicit-backwards-overlay
  + actual - expected
  
    {
  +   changes: [
  +     {
  +       target: {
  +         entity_id: '00000002-0000-4000-8000-000000000000',
  -   fault: {
  -     code: 'precondition_failed',
  -     kind: 'fault',
  -     target: {
  -       entity_id: '00000002-0000-4000-8000-000000000000',
  -       kind: 'resource',
  -       resource: {
  -         cartridge_id: 'lantern',
  -         cartridge_version: '0.1.0',
  -         key: 'hp',
            kind: 'resource',
  +         resource: {
  +           cartridge_id: 'lantern',
  +           cartridge_version: '0.1.0',
  +           key: 'hp',
  +           kind: 'resource'
  +         }
          },
  +       value: {
  +         at: 68300,
  +         value: 2
  +       }
        },
  +     {
  +       target: {
  +         kind: 'clock'
  +       },
  +       value: 68400
  +     }
  +   ]
  -   }
    }
  
      at TestContext.<anonymous> (file://<worktree>/kernel/ts/test/encounter_composition.test.ts:112:12)
      at Test.runInAsyncScope (node:async_hooks:227:14)
      at Test.run (node:internal/test_runner/test:1402:25)
      at Test.processPendingSubtests (node:internal/test_runner/test:974:18)
      at Test.postRun (node:internal/test_runner/test:1542:19)
      at Test.run (node:internal/test_runner/test:1467:12)
      at async Test.processPendingSubtests (node:internal/test_runner/test:974:7) {
    generatedMessage: false,
    code: 'ERR_ASSERTION',
    actual: { changes: [ [Object], [Object] ] },
    expected: { fault: { kind: 'fault', code: 'precondition_failed', target: [Object] } },
    operator: 'deepStrictEqual',
    diff: 'simple'
  }
