Compiling 42 files (.ex)
Generated loka app
Running ExUnit with seed: 30732, max_cases: 16

............
Finished in 3.2 seconds (3.2s async, 0.00s sync)

Result: 12 passed
Compiling 42 files (.ex)
Generated loka app
Running ExUnit with seed: 521054, max_cases: 16

...

  1) test resource delivery times match literals and independent preconditions (Loka.Core.EncounterCompositionTest)
     test/loka/core/encounter_composition_test.exs:124
     explicit-backwards-overlay
     code: for c <- times["cases"] do
     stacktrace:
       test/loka/core/encounter_composition_test.exs:130: anonymous fn/2 in Loka.Core.EncounterCompositionTest."test resource delivery times match literals and independent preconditions"/1
       (elixir 1.20.4) lib/enum.ex:1725: Enum."-map/2-lists^map/1-1-"/2
       (elixir 1.20.4) lib/enum.ex:1725: Enum."-map/2-lists^map/1-1-"/2
       test/loka/core/encounter_composition_test.exs:127: (test)

.
Finished in 0.09 seconds (0.09s async, 0.00s sync)

Result: 4/5 passed
Failed: 1 test
