✔ composition known answers (9.972125ms)
✔ invariant checks known answers, a holding and a violated case per invariant checked in both kernels (0.439167ms)
✔ invalid successful deltas fail their independent precondition check (0.264416ms)
✔ containment checks deep chains, untouched cycles and untouched capacity (13.553708ms)
✔ limits are named in the composition profile order (0.491834ms)
✔ composition-profile budgets: at the limit composes with the expected changes, one over faults (12.6535ms)
✔ a malformed barrier state faults precondition_failed (0.20975ms)
✔ opted recovery literal rows and independent metadata replay (2.755458ms)
✔ independent recovery replay rejects an unauthored stored rate (0.332333ms)
✔ recovery schema trust-boundary literals (1.1ms)
✔ entity-resource overrides match literals and independent preconditions reject false success (1.191167ms)
✔ NPC HP schema trust-boundary literals (0.419958ms)
✔ encounter and bound job composition matches portable literal rows (4.242792ms)
✔ independent encounter preconditions reject matching counterfeit success (0.201708ms)
✔ independent replay verifies every written lifecycle row (0.378208ms)
✔ cancelling a future job frees one slot in a full queue (3.947792ms)
✔ resource delivery times settle literal rows and reject counterfeit preconditions (1.754459ms)
ℹ tests 17
ℹ suites 0
ℹ pass 17
ℹ fail 0
ℹ cancelled 0
ℹ skipped 0
ℹ todo 0
ℹ duration_ms 239.498709
