✔ composition known answers (10.084833ms)
✔ invariant checks known answers, a holding and a violated case per invariant checked in both kernels (0.430375ms)
✔ invalid successful deltas fail their independent precondition check (0.266ms)
✔ containment checks deep chains, untouched cycles and untouched capacity (13.730333ms)
✔ limits are named in the composition profile order (0.521166ms)
✔ composition-profile budgets: at the limit composes with the expected changes, one over faults (14.757916ms)
✔ a malformed barrier state faults precondition_failed (0.222916ms)
✔ opted recovery literal rows and independent metadata replay (2.28925ms)
✔ independent recovery replay rejects an unauthored stored rate (0.334ms)
✔ recovery schema trust-boundary literals (1.163459ms)
✔ entity-resource overrides match literals and independent preconditions reject false success (0.982584ms)
✔ NPC HP schema trust-boundary literals (0.422ms)
ℹ tests 12
ℹ suites 0
ℹ pass 12
ℹ fail 0
ℹ cancelled 0
ℹ skipped 0
ℹ todo 0
ℹ duration_ms 156.858042
✖ encounter and bound job composition matches portable literal rows (2.943875ms)
✔ independent encounter preconditions reject matching counterfeit success (0.295375ms)
✔ independent replay verifies every written lifecycle row (0.409791ms)
ℹ tests 3
ℹ suites 0
ℹ pass 2
ℹ fail 1
ℹ cancelled 0
ℹ skipped 0
ℹ todo 0
ℹ duration_ms 112.456834

✖ failing tests:

test at kernel/ts/test/encounter_composition.test.ts:15:1
✖ encounter and bound job composition matches portable literal rows (2.943875ms)
  AssertionError [ERR_ASSERTION]: open-then-schedule-bound-round
  + actual - expected
  ... Skipped lines
  
    {
      changes: [
        {
          target: {
            encounter_id: '00000006-0000-4000-8000-000000000000',
  ...
            due_time: 20,
  -         encounter_id: '00000006-0000-4000-8000-000000000000',
            job: {
              cartridge_id: 'lantern',
              cartridge_version: '0.1.0',
              key: 'wolf',
              kind: 'npc'
  
      at TestContext.<anonymous> (file://<worktree>/kernel/ts/test/encounter_composition.test.ts:19:12)
      at Test.runInAsyncScope (node:async_hooks:227:14)
      at Test.run (node:internal/test_runner/test:1402:25)
      at Test.start (node:internal/test_runner/test:1262:17)
      at startSubtestAfterBootstrap (node:internal/test_runner/harness:387:17) {
    generatedMessage: false,
    code: 'ERR_ASSERTION',
    actual: { changes: [ [Object], [Object] ] },
    expected: { changes: [ [Object], [Object] ] },
    operator: 'deepStrictEqual',
    diff: 'simple'
  }
