✔ composition known answers (11.053708ms)
✔ invariant checks known answers, a holding and a violated case per invariant checked in both kernels (0.4545ms)
✔ invalid successful deltas fail their independent precondition check (0.271167ms)
✔ containment checks deep chains, untouched cycles and untouched capacity (14.039084ms)
✔ limits are named in the composition profile order (0.521291ms)
✔ composition-profile budgets: at the limit composes with the expected changes, one over faults (14.003208ms)
✔ a malformed barrier state faults precondition_failed (0.246833ms)
✔ opted recovery literal rows and independent metadata replay (2.465708ms)
✔ independent recovery replay rejects an unauthored stored rate (0.372292ms)
✔ recovery schema trust-boundary literals (1.182334ms)
✔ entity-resource overrides match literals and independent preconditions reject false success (1.049583ms)
✔ NPC HP schema trust-boundary literals (0.432458ms)
ℹ tests 12
ℹ suites 0
ℹ pass 12
ℹ fail 0
ℹ cancelled 0
ℹ skipped 0
ℹ todo 0
ℹ duration_ms 158.765792
✔ encounter and bound job composition matches portable literal rows (3.398333ms)
✖ independent encounter preconditions reject matching counterfeit success (0.5255ms)
✔ independent replay verifies every written lifecycle row (0.391292ms)
ℹ tests 3
ℹ suites 0
ℹ pass 2
ℹ fail 1
ℹ cancelled 0
ℹ skipped 0
ℹ todo 0
ℹ duration_ms 109.696125

✖ failing tests:

test at kernel/ts/test/encounter_composition.test.ts:29:1
✖ independent encounter preconditions reject matching counterfeit success (0.5255ms)
  AssertionError [ERR_ASSERTION]: wrong-owner
  
  true !== false
  
      at TestContext.<anonymous> (file://<worktree>/kernel/ts/test/encounter_composition.test.ts:31:12)
      at Test.runInAsyncScope (node:async_hooks:227:14)
      at Test.run (node:internal/test_runner/test:1402:25)
      at Test.processPendingSubtests (node:internal/test_runner/test:974:18)
      at Test.postRun (node:internal/test_runner/test:1542:19)
      at Test.run (node:internal/test_runner/test:1467:12)
      at async startSubtestAfterBootstrap (node:internal/test_runner/harness:387:3) {
    generatedMessage: false,
    code: 'ERR_ASSERTION',
    actual: true,
    expected: false,
    operator: 'strictEqual',
    diff: 'simple'
  }
