Compiling 42 files (.ex)
Generated loka app
Running ExUnit with seed: 406050, max_cases: 16

............
Finished in 3.2 seconds (3.2s async, 0.00s sync)

Result: 12 passed
Compiling 42 files (.ex)
Generated loka app
Running ExUnit with seed: 597614, max_cases: 16

..

  1) test independent encounter preconditions reject matching counterfeit success (Loka.Core.EncounterCompositionTest)
     test/loka/core/encounter_composition_test.exs:23
     wrong-owner
     code: for c <- @fixture["cases"], c["counterfeit"] do
     stacktrace:
       test/loka/core/encounter_composition_test.exs:25: anonymous fn/2 in Loka.Core.EncounterCompositionTest."test independent encounter preconditions reject matching counterfeit success"/1
       (elixir 1.20.4) lib/enum.ex:2622: Enum."-reduce/3-lists^foldl/2-0-"/3
       test/loka/core/encounter_composition_test.exs:24: (test)

.
Finished in 0.06 seconds (0.06s async, 0.00s sync)

Result: 3/4 passed
Failed: 1 test
