✔ composition known answers (10.600584ms)
✔ invariant checks known answers, a holding and a violated case per invariant checked in both kernels (0.414708ms)
✔ invalid successful deltas fail their independent precondition check (0.254834ms)
✔ containment checks deep chains, untouched cycles and untouched capacity (20.355958ms)
✔ limits are named in the composition profile order (0.555917ms)
✔ composition-profile budgets: at the limit composes with the expected changes, one over faults (17.475958ms)
✔ a malformed barrier state faults precondition_failed (0.258792ms)
✔ opted recovery literal rows and independent metadata replay (2.488584ms)
✔ independent recovery replay rejects an unauthored stored rate (0.416166ms)
✔ recovery schema trust-boundary literals (1.224292ms)
✔ entity-resource overrides match literals and independent preconditions reject false success (0.965041ms)
✔ NPC HP schema trust-boundary literals (0.449916ms)
ℹ tests 12
ℹ suites 0
ℹ pass 12
ℹ fail 0
ℹ cancelled 0
ℹ skipped 0
ℹ todo 0
ℹ duration_ms 191.627083
✔ encounter and bound job composition matches portable literal rows (3.607458ms)
✔ independent encounter preconditions reject matching counterfeit success (0.193667ms)
✔ independent replay verifies every written lifecycle row (0.383166ms)
✔ cancelling a future job frees one slot in a full queue (4.006875ms)
✖ resource delivery times settle literal rows and reject counterfeit preconditions (1.142ms)
ℹ tests 5
ℹ suites 0
ℹ pass 4
ℹ fail 1
ℹ cancelled 0
ℹ skipped 0
ℹ todo 0
ℹ duration_ms 118.488625

✖ failing tests:

test at kernel/ts/test/encounter_composition.test.ts:102:1
✖ resource delivery times settle literal rows and reject counterfeit preconditions (1.142ms)
  AssertionError [ERR_ASSERTION]: explicit-at-crosses-hour
  
  false !== true
  
      at TestContext.<anonymous> (file://<worktree>/kernel/ts/test/encounter_composition.test.ts:113:12)
      at Test.runInAsyncScope (node:async_hooks:227:14)
      at Test.run (node:internal/test_runner/test:1402:25)
      at Test.processPendingSubtests (node:internal/test_runner/test:974:18)
      at Test.postRun (node:internal/test_runner/test:1542:19)
      at Test.run (node:internal/test_runner/test:1467:12)
      at async Test.processPendingSubtests (node:internal/test_runner/test:974:7) {
    generatedMessage: false,
    code: 'ERR_ASSERTION',
    actual: false,
    expected: true,
    operator: 'strictEqual',
    diff: 'simple'
  }
