Compiling 42 files (.ex)
Generated loka app
Running ExUnit with seed: 176564, max_cases: 16

............
Finished in 3.3 seconds (3.3s async, 0.00s sync)

Result: 12 passed
Compiling 42 files (.ex)
Generated loka app
Running ExUnit with seed: 609450, max_cases: 16

..

  1) test cancelling a future job frees one slot in a full queue (Loka.Core.EncounterCompositionTest)
     test/loka/core/encounter_composition_test.exs:61
     Assertion with == failed
     code:  assert Compose.compose(%{"clock" => 10, "jobs" => jobs}, %{"ops" => ops}) == %{
              "changes" => [
                %{
                  "target" => %{"kind" => "job", "job_id" => next},
                  "value" => %{
                    "job" => job,
                    "due_time" => 30,
                    "status" => "pending",
                    "encounter_id" => encounter
                  }
                },
                %{
                  "target" => %{"kind" => "job", "job_id" => first},
                  "value" => %{
                    "job" => job,
                    "due_time" => 20,
                    "status" => "cancelled",
                    "encounter_id" => encounter
                  }
                }
              ]
            }
     left:  %{"fault" => %{"code" => "budget_exceeded", "kind" => "fault"}}
     right: %{
              "changes" => [
                %{
                  "target" => %{
                    "job_id" => "00000008-0000-4000-8000-000000000000",
                    "kind" => "job"
                  },
                  "value" => %{
                    "due_time" => 30,
                    "encounter_id" => "00000006-0000-4000-8000-000000000000",
                    "job" => %{
                      "cartridge_id" => "lantern",
                      "cartridge_version" => "0.1.0",
                      "key" => "wolf",
                      "kind" => "npc"
                    },
                    "status" => "pending"
                  }
                },
                %{
                  "target" => %{
                    "job_id" => "aaaaaaaa-0000-4000-8000-000000000001",
                    "kind" => "job"
                  },
                  "value" => %{
                    "due_time" => 20,
                    "encounter_id" => "00000006-0000-4000-8000-000000000000",
                    "job" => %{
                      "cartridge_id" => "lantern",
                      "cartridge_version" => "0.1.0",
                      "key" => "wolf",
                      "kind" => "npc"
                    },
                    "status" => "cancelled"
                  }
                }
              ]
            }
     stacktrace:
       test/loka/core/encounter_composition_test.exs:99: (test)

.
Finished in 0.06 seconds (0.06s async, 0.00s sync)

Result: 3/4 passed
Failed: 1 test
