Compiling 42 files (.ex)
Generated loka app
Running ExUnit with seed: 863079, max_cases: 16

............
Finished in 3.3 seconds (3.3s async, 0.00s sync)

Result: 12 passed
Compiling 42 files (.ex)
Generated loka app
Running ExUnit with seed: 140771, max_cases: 16

.

  1) test independent replay verifies every written lifecycle row (Loka.Core.EncounterCompositionTest)
     test/loka/core/encounter_composition_test.exs:35
     open-owned-colocated-participants
     code: for c <- @fixture["cases"], c["expected"]["changes"] do
     stacktrace:
       test/loka/core/encounter_composition_test.exs:51: anonymous fn/2 in Loka.Core.EncounterCompositionTest."test independent replay verifies every written lifecycle row"/1
       (elixir 1.20.4) lib/enum.ex:2622: Enum."-reduce/3-lists^foldl/2-0-"/3
       test/loka/core/encounter_composition_test.exs:36: (test)

..
Finished in 0.07 seconds (0.07s async, 0.00s sync)

Result: 3/4 passed
Failed: 1 test
