✔ composition known answers (10.5125ms)
✔ invariant checks known answers, a holding and a violated case per invariant checked in both kernels (0.445958ms)
✔ invalid successful deltas fail their independent precondition check (0.268375ms)
✔ containment checks deep chains, untouched cycles and untouched capacity (13.155958ms)
✔ limits are named in the composition profile order (0.496625ms)
✔ composition-profile budgets: at the limit composes with the expected changes, one over faults (13.202292ms)
✔ a malformed barrier state faults precondition_failed (0.241542ms)
✔ opted recovery literal rows and independent metadata replay (2.344792ms)
✔ independent recovery replay rejects an unauthored stored rate (0.317083ms)
✔ recovery schema trust-boundary literals (1.184333ms)
✔ entity-resource overrides match literals and independent preconditions reject false success (1.188541ms)
✔ NPC HP schema trust-boundary literals (0.422375ms)
ℹ tests 12
ℹ suites 0
ℹ pass 12
ℹ fail 0
ℹ cancelled 0
ℹ skipped 0
ℹ todo 0
ℹ duration_ms 165.036916
✔ encounter and bound job composition matches portable literal rows (4.40325ms)
✔ independent encounter preconditions reject matching counterfeit success (0.212667ms)
✔ independent replay verifies every written lifecycle row (0.398958ms)
✔ cancelling a future job frees one slot in a full queue (3.858375ms)
✖ resource delivery times settle literal rows and reject counterfeit preconditions (1.36ms)
ℹ tests 5
ℹ suites 0
ℹ pass 4
ℹ fail 1
ℹ cancelled 0
ℹ skipped 0
ℹ todo 0
ℹ duration_ms 122.968167

✖ failing tests:

test at kernel/ts/test/encounter_composition.test.ts:102:1
✖ resource delivery times settle literal rows and reject counterfeit preconditions (1.36ms)
  AssertionError [ERR_ASSERTION]: explicit-at-crosses-hour
  + actual - expected
  
    {
  +   fault: {
  +     code: 'precondition_failed',
  +     kind: 'fault',
  +     target: {
  +       entity_id: '00000002-0000-4000-8000-000000000000',
  +       kind: 'resource',
  +       resource: {
  +         cartridge_id: 'lantern',
  +         cartridge_version: '0.1.0',
  +         key: 'hp',
  -   changes: [
  -     {
  -       target: {
  -         entity_id: '00000002-0000-4000-8000-000000000000',
            kind: 'resource',
  -         resource: {
  -           cartridge_id: 'lantern',
  -           cartridge_version: '0.1.0',
  -           key: 'hp',
  -           kind: 'resource'
  -         }
          },
  -       value: {
  -         at: 68400,
  -         value: 8
  -       }
        },
  +   }
  -     {
  -       target: {
  -         kind: 'clock'
  -       },
  -       value: 68400
  -     }
  -   ]
    }
  
      at TestContext.<anonymous> (file://<worktree>/kernel/ts/test/encounter_composition.test.ts:112:12)
      at Test.runInAsyncScope (node:async_hooks:227:14)
      at Test.run (node:internal/test_runner/test:1402:25)
      at Test.processPendingSubtests (node:internal/test_runner/test:974:18)
      at Test.postRun (node:internal/test_runner/test:1542:19)
      at Test.run (node:internal/test_runner/test:1467:12)
      at async Test.processPendingSubtests (node:internal/test_runner/test:974:7) {
    generatedMessage: false,
    code: 'ERR_ASSERTION',
    actual: { fault: { kind: 'fault', code: 'precondition_failed', target: [Object] } },
    expected: { changes: [ [Object], [Object] ] },
    operator: 'deepStrictEqual',
    diff: 'simple'
  }
