(node:39223) [MODULE_TYPELESS_PACKAGE_JSON] Warning: Module type of file://<worktree>/mobile/app/book/c1.test.ts is not specified and it doesn't parse as CommonJS.
Reparsing as ES module because module syntax was detected. This incurs a performance overhead.
To eliminate this warning, add "type": "module" to <worktree>/mobile/app/package.json.
(Use `node --trace-warnings ...` to show where the warning was created)
✔ exit door actions keep their direction and remain separate from walking (2.288667ms)
✔ worn items and reachable nested contents offer actions on their own ids (0.2945ms)
✔ same-room actions retain projected item pages and remove pages hidden by a closed lid (0.230959ms)
✔ chapter changes queue one title which survives scene lines and acknowledgement (0.108708ms)
✔ band phrases and the hp accessibility label use the cartridge catalog (0.141875ms)
✔ scene Continue and position verbs have dedicated groups (0.091041ms)
(node:39224) [MODULE_TYPELESS_PACKAGE_JSON] Warning: Module type of file://<worktree>/mobile/app/book/model.test.ts is not specified and it doesn't parse as CommonJS.
Reparsing as ES module because module syntax was detected. This incurs a performance overhead.
To eliminate this warning, add "type": "module" to <worktree>/mobile/app/package.json.
(Use `node --trace-warnings ...` to show where the warning was created)
✔ exits, the look title, place actions and a thing page come from the right buttons (1.109083ms)
✔ position cycling skips absent offers and retains the offered freshness (0.113209ms)
✔ a touch link is shown as its label (0.117416ms)
✔ a choice's answers and Close are their own group, not place actions (0.10125ms)
✔ the character label says the hp band and no other (0.153833ms)
✔ the absent-speaker line shows only when the speaker is not here (0.109541ms)
✔ a restored choice opens its actual speaker detail or retained conversation (0.129917ms)
✔ the ending line shows once every quest is over (0.104292ms)
✔ a closed exit's log line and a capitalised title (0.147291ms)
✔ a move refused at 0 MV says the body is too exhausted (0.111042ms)
✔ a hint survives a store that throws, for this session (0.106708ms)
✔ the status line shows the double hour as its earthly branch (0.180375ms)
(node:39225) [MODULE_TYPELESS_PACKAGE_JSON] Warning: Module type of file://<worktree>/mobile/app/book/presenter.test.ts is not specified and it doesn't parse as CommonJS.
Reparsing as ES module because module syntax was detected. This incurs a performance overhead.
To eliminate this warning, add "type": "module" to <worktree>/mobile/app/package.json.
(Use `node --trace-warnings ...` to show where the warning was created)
✔ pending and refused Take/Drop/Leave retain detail routing and unchanged custody (3.773666ms)
✔ journal cues belong only to changed NPC histories (0.297125ms)
✔ recovery removes the current heading but retains an unclassified consequence (0.132916ms)
✔ confirmed room change clears old history before adding new authored consequences (0.192375ms)
✔ World omits the routine Close fallback while retaining authored consequences (0.130959ms)
✔ a restored committed narration is not duplicated by its pending receipt retry (0.192708ms)
✔ a move rejected for want of MV says the body is too exhausted (0.08775ms)
✔ the log stops growing in one room, its last line the latest answer (1.199625ms)
✔ the save-error line says a pending start over in words and shows any other message (0.127083ms)
ℹ tests 27
ℹ suites 0
ℹ pass 27
ℹ fail 0
ℹ cancelled 0
ℹ skipped 0
ℹ todo 0
ℹ duration_ms 107.394625
