(node:43329) [MODULE_TYPELESS_PACKAGE_JSON] Warning: Module type of file://<worktree>/mobile/app/book/c1.test.ts is not specified and it doesn't parse as CommonJS.
Reparsing as ES module because module syntax was detected. This incurs a performance overhead.
To eliminate this warning, add "type": "module" to <worktree>/mobile/app/package.json.
(Use `node --trace-warnings ...` to show where the warning was created)
✔ exit door actions keep their direction and remain separate from walking (1.291084ms)
✔ worn items and reachable nested contents offer actions on their own ids (0.263917ms)
✔ same-room actions retain projected item pages and remove pages hidden by a closed lid (0.181375ms)
✔ chapter changes queue one title which survives scene lines and acknowledgement (0.109333ms)
✔ band phrases and the hp accessibility label use the cartridge catalog (0.135875ms)
✔ scene Continue and position verbs have dedicated groups (0.08725ms)
(node:43331) [MODULE_TYPELESS_PACKAGE_JSON] Warning: Module type of file://<worktree>/mobile/app/book/combat.test.ts is not specified and it doesn't parse as CommonJS.
Reparsing as ES module because module syntax was detected. This incurs a performance overhead.
To eliminate this warning, add "type": "module" to <worktree>/mobile/app/package.json.
(Use `node --trace-warnings ...` to show where the warning was created)
✔ threat and complete Stand/Flee controls remain usable on every ordinary page (3.09475ms)
✔ committed opponent death narrates once through the existing subscription (0.242375ms)
(node:43332) [MODULE_TYPELESS_PACKAGE_JSON] Warning: Module type of file://<worktree>/mobile/app/book/model.test.ts is not specified and it doesn't parse as CommonJS.
Reparsing as ES module because module syntax was detected. This incurs a performance overhead.
To eliminate this warning, add "type": "module" to <worktree>/mobile/app/package.json.
(Use `node --trace-warnings ...` to show where the warning was created)
✔ exits, the look title, place actions and a thing page come from the right buttons (0.973416ms)
✔ position cycling skips absent offers and retains the offered freshness (0.105833ms)
✔ a touch link is shown as its label (0.132833ms)
✔ a choice's answers and Close are their own group, not place actions (0.09525ms)
✔ the character label says the hp band and no other (0.123209ms)
✔ the absent-speaker line shows only when the speaker is not here (0.102291ms)
✔ a restored choice opens its actual speaker detail or retained conversation (0.119125ms)
✔ the ending line shows once every quest is over (0.109333ms)
✔ a closed exit's log line and a capitalised title (0.105875ms)
✔ a move refused at 0 MV says the body is too exhausted (0.102209ms)
✔ a hint survives a store that throws, for this session (0.107333ms)
✔ the status line shows the double hour as its earthly branch (0.1455ms)
(node:43333) [MODULE_TYPELESS_PACKAGE_JSON] Warning: Module type of file://<worktree>/mobile/app/book/presenter.test.ts is not specified and it doesn't parse as CommonJS.
Reparsing as ES module because module syntax was detected. This incurs a performance overhead.
To eliminate this warning, add "type": "module" to <worktree>/mobile/app/package.json.
(Use `node --trace-warnings ...` to show where the warning was created)
✔ pending and refused Take/Drop/Leave retain detail routing and unchanged custody (1.582583ms)
✔ journal cues belong only to changed NPC histories (0.2635ms)
✔ recovery removes the current heading but retains an unclassified consequence (0.127833ms)
✔ confirmed room change clears old history before adding new authored consequences (0.189125ms)
✔ World omits the routine Close fallback while retaining authored consequences (0.134917ms)
✔ a restored committed narration is not duplicated by its pending receipt retry (0.157125ms)
✔ a move rejected for want of MV says the body is too exhausted (0.088333ms)
✔ the log stops growing in one room, its last line the latest answer (1.243375ms)
✔ the save-error line says a pending start over in words and shows any other message (3.618875ms)
ℹ tests 29
ℹ suites 0
ℹ pass 29
ℹ fail 0
ℹ cancelled 0
ℹ skipped 0
ℹ todo 0
ℹ duration_ms 368.717542
