✔ composition known answers (9.774459ms)
✔ invariant checks known answers, a holding and a violated case per invariant checked in both kernels (0.441709ms)
✔ invalid successful deltas fail their independent precondition check (0.265ms)
✔ containment checks deep chains, untouched cycles and untouched capacity (14.551209ms)
✔ limits are named in the composition profile order (0.556208ms)
✔ composition-profile budgets: at the limit composes with the expected changes, one over faults (15.56825ms)
✔ a malformed barrier state faults precondition_failed (0.291333ms)
✔ opted recovery literal rows and independent metadata replay (2.486417ms)
✔ independent recovery replay rejects an unauthored stored rate (0.36225ms)
✔ recovery schema trust-boundary literals (1.173958ms)
✔ entity-resource overrides match literals and independent preconditions reject false success (0.903833ms)
✔ NPC HP schema trust-boundary literals (0.443958ms)
ℹ tests 12
ℹ suites 0
ℹ pass 12
ℹ fail 0
ℹ cancelled 0
ℹ skipped 0
ℹ todo 0
ℹ duration_ms 159.008791
✔ encounter and bound job composition matches portable literal rows (3.613666ms)
✔ independent encounter preconditions reject matching counterfeit success (0.19675ms)
✔ independent replay verifies every written lifecycle row (0.38375ms)
✔ cancelling a future job frees one slot in a full queue (3.684167ms)
✖ resource delivery times settle literal rows and reject counterfeit preconditions (1.661084ms)
ℹ tests 5
ℹ suites 0
ℹ pass 4
ℹ fail 1
ℹ cancelled 0
ℹ skipped 0
ℹ todo 0
ℹ duration_ms 120.492833

✖ failing tests:

test at kernel/ts/test/encounter_composition.test.ts:102:1
✖ resource delivery times settle literal rows and reject counterfeit preconditions (1.661084ms)
  AssertionError [ERR_ASSERTION]: after-horizon
  
  true !== false
  
      at TestContext.<anonymous> (file://<worktree>/kernel/ts/test/encounter_composition.test.ts:119:14)
      at Test.runInAsyncScope (node:async_hooks:227:14)
      at Test.run (node:internal/test_runner/test:1402:25)
      at Test.processPendingSubtests (node:internal/test_runner/test:974:18)
      at Test.postRun (node:internal/test_runner/test:1542:19)
      at Test.run (node:internal/test_runner/test:1467:12)
      at async Test.processPendingSubtests (node:internal/test_runner/test:974:7) {
    generatedMessage: false,
    code: 'ERR_ASSERTION',
    actual: true,
    expected: false,
    operator: 'strictEqual',
    diff: 'simple'
  }
