✔ composition known answers (9.227458ms)
✔ invariant checks known answers, a holding and a violated case per invariant checked in both kernels (0.394709ms)
✔ invalid successful deltas fail their independent precondition check (0.252791ms)
✔ containment checks deep chains, untouched cycles and untouched capacity (14.471209ms)
✔ limits are named in the composition profile order (0.512667ms)
✔ composition-profile budgets: at the limit composes with the expected changes, one over faults (13.221791ms)
✔ a malformed barrier state faults precondition_failed (0.254375ms)
✔ opted recovery literal rows and independent metadata replay (2.651875ms)
✔ independent recovery replay rejects an unauthored stored rate (0.347625ms)
✔ recovery schema trust-boundary literals (1.354875ms)
✔ entity-resource overrides match literals and independent preconditions reject false success (1.392125ms)
✔ NPC HP schema trust-boundary literals (0.439834ms)
ℹ tests 12
ℹ suites 0
ℹ pass 12
ℹ fail 0
ℹ cancelled 0
ℹ skipped 0
ℹ todo 0
ℹ duration_ms 156.737916
