✔ composition known answers (10.818333ms)
✔ invariant checks known answers, a holding and a violated case per invariant checked in both kernels (0.444416ms)
✔ invalid successful deltas fail their independent precondition check (0.2735ms)
✔ containment checks deep chains, untouched cycles and untouched capacity (12.555375ms)
✔ limits are named in the composition profile order (0.518375ms)
✔ composition-profile budgets: at the limit composes with the expected changes, one over faults (13.308833ms)
✔ a malformed barrier state faults precondition_failed (0.268208ms)
✔ opted recovery literal rows and independent metadata replay (2.385875ms)
✔ independent recovery replay rejects an unauthored stored rate (0.307458ms)
✔ recovery schema trust-boundary literals (1.114917ms)
✔ entity-resource overrides match literals and independent preconditions reject false success (1.041292ms)
✔ NPC HP schema trust-boundary literals (0.492375ms)
ℹ tests 12
ℹ suites 0
ℹ pass 12
ℹ fail 0
ℹ cancelled 0
ℹ skipped 0
ℹ todo 0
ℹ duration_ms 155.260291
✔ encounter and bound job composition matches portable literal rows (3.319958ms)
✔ independent encounter preconditions reject matching counterfeit success (0.204708ms)
✖ independent replay verifies every written lifecycle row (0.551708ms)
ℹ tests 3
ℹ suites 0
ℹ pass 2
ℹ fail 1
ℹ cancelled 0
ℹ skipped 0
ℹ todo 0
ℹ duration_ms 110.670542

✖ failing tests:

test at kernel/ts/test/encounter_composition.test.ts:43:1
✖ independent replay verifies every written lifecycle row (0.551708ms)
  AssertionError [ERR_ASSERTION]: open-owned-colocated-participants
  
  true !== false
  
      at TestContext.<anonymous> (file://<worktree>/kernel/ts/test/encounter_composition.test.ts:51:12)
      at Test.runInAsyncScope (node:async_hooks:227:14)
      at Test.run (node:internal/test_runner/test:1402:25)
      at Test.processPendingSubtests (node:internal/test_runner/test:974:18)
      at Test.postRun (node:internal/test_runner/test:1542:19)
      at Test.run (node:internal/test_runner/test:1467:12)
      at async Test.processPendingSubtests (node:internal/test_runner/test:974:7) {
    generatedMessage: false,
    code: 'ERR_ASSERTION',
    actual: true,
    expected: false,
    operator: 'strictEqual',
    diff: 'simple'
  }
