✔ composition known answers (9.952375ms)
✔ invariant checks known answers, a holding and a violated case per invariant checked in both kernels (0.452042ms)
✔ invalid successful deltas fail their independent precondition check (0.5015ms)
✔ containment checks deep chains, untouched cycles and untouched capacity (15.474042ms)
✔ limits are named in the composition profile order (0.540625ms)
✔ composition-profile budgets: at the limit composes with the expected changes, one over faults (13.421625ms)
✔ a malformed barrier state faults precondition_failed (0.259542ms)
✔ opted recovery literal rows and independent metadata replay (2.422125ms)
✔ independent recovery replay rejects an unauthored stored rate (0.36625ms)
✔ recovery schema trust-boundary literals (1.181209ms)
✔ entity-resource overrides match literals and independent preconditions reject false success (1.014916ms)
✔ NPC HP schema trust-boundary literals (0.427625ms)
ℹ tests 12
ℹ suites 0
ℹ pass 12
ℹ fail 0
ℹ cancelled 0
ℹ skipped 0
ℹ todo 0
ℹ duration_ms 163.596708
✖ encounter and bound job composition matches portable literal rows (3.502417ms)
✔ independent encounter preconditions reject matching counterfeit success (0.269ms)
✔ independent replay verifies every written lifecycle row (0.430416ms)
ℹ tests 3
ℹ suites 0
ℹ pass 2
ℹ fail 1
ℹ cancelled 0
ℹ skipped 0
ℹ todo 0
ℹ duration_ms 108.632583

✖ failing tests:

test at kernel/ts/test/encounter_composition.test.ts:15:1
✖ encounter and bound job composition matches portable literal rows (3.502417ms)
  AssertionError [ERR_ASSERTION]: open-npc-already-engaged
  + actual - expected
  
    {
  +   changes: [
  +     {
  +       target: {
  +         encounter_id: '00000009-0000-4000-8000-000000000000',
  +         kind: 'encounter'
  +       },
  +       value: {
  +         body_id: '0000000a-0000-4000-8000-000000000000',
  +         character_id: '0000000c-0000-4000-8000-000000000000',
  +         job_id: '00000007-0000-4000-8000-000000000000',
  +         npc_id: '00000003-0000-4000-8000-000000000000',
  +         room_id: '00000004-0000-4000-8000-000000000000',
  +         round: 1,
  +         status: 'open'
  +       }
  -   fault: {
  -     code: 'precondition_failed',
  -     kind: 'fault',
  -     target: {
  -       encounter_id: '00000009-0000-4000-8000-000000000000',
  -       kind: 'encounter'
        }
  +   ]
  -   }
    }
  
      at TestContext.<anonymous> (file://<worktree>/kernel/ts/test/encounter_composition.test.ts:19:12)
      at Test.runInAsyncScope (node:async_hooks:227:14)
      at Test.run (node:internal/test_runner/test:1402:25)
      at Test.start (node:internal/test_runner/test:1262:17)
      at startSubtestAfterBootstrap (node:internal/test_runner/harness:387:17) {
    generatedMessage: false,
    code: 'ERR_ASSERTION',
    actual: { changes: [ [Object] ] },
    expected: { fault: { kind: 'fault', code: 'precondition_failed', target: [Object] } },
    operator: 'deepStrictEqual',
    diff: 'simple'
  }
