✔ composition known answers (10.657584ms)
✔ invariant checks known answers, a holding and a violated case per invariant checked in both kernels (0.429666ms)
✔ invalid successful deltas fail their independent precondition check (0.261292ms)
✔ containment checks deep chains, untouched cycles and untouched capacity (13.246292ms)
✔ limits are named in the composition profile order (0.484ms)
✔ composition-profile budgets: at the limit composes with the expected changes, one over faults (12.292375ms)
✔ a malformed barrier state faults precondition_failed (0.211458ms)
✔ opted recovery literal rows and independent metadata replay (2.698417ms)
✔ independent recovery replay rejects an unauthored stored rate (0.305375ms)
✔ recovery schema trust-boundary literals (1.09725ms)
✔ entity-resource overrides match literals and independent preconditions reject false success (0.876ms)
✔ NPC HP schema trust-boundary literals (0.403166ms)
✔ encounter and bound job composition matches portable literal rows (4.017667ms)
✔ independent encounter preconditions reject matching counterfeit success (0.2095ms)
✔ independent replay verifies every written lifecycle row (0.398375ms)
✔ cancelling a future job frees one slot in a full queue (4.180917ms)
ℹ tests 16
ℹ suites 0
ℹ pass 16
ℹ fail 0
ℹ cancelled 0
ℹ skipped 0
ℹ todo 0
ℹ duration_ms 158.717667
