✔ composition known answers (9.616083ms)
✔ invariant checks known answers, a holding and a violated case per invariant checked in both kernels (0.431417ms)
✔ invalid successful deltas fail their independent precondition check (0.262583ms)
✔ containment checks deep chains, untouched cycles and untouched capacity (13.662917ms)
✔ limits are named in the composition profile order (0.51825ms)
✔ composition-profile budgets: at the limit composes with the expected changes, one over faults (13.177083ms)
✔ a malformed barrier state faults precondition_failed (0.23375ms)
✔ opted recovery literal rows and independent metadata replay (2.386708ms)
✔ independent recovery replay rejects an unauthored stored rate (0.286ms)
✔ recovery schema trust-boundary literals (1.099625ms)
✔ entity-resource overrides match literals and independent preconditions reject false success (0.930958ms)
✔ NPC HP schema trust-boundary literals (0.423041ms)
ℹ tests 12
ℹ suites 0
ℹ pass 12
ℹ fail 0
ℹ cancelled 0
ℹ skipped 0
ℹ todo 0
ℹ duration_ms 151.699208
✔ encounter and bound job composition matches portable literal rows (3.736291ms)
✖ independent encounter preconditions reject matching counterfeit success (0.602834ms)
✔ independent replay verifies every written lifecycle row (0.37725ms)
ℹ tests 3
ℹ suites 0
ℹ pass 2
ℹ fail 1
ℹ cancelled 0
ℹ skipped 0
ℹ todo 0
ℹ duration_ms 108.1385

✖ failing tests:

test at kernel/ts/test/encounter_composition.test.ts:29:1
✖ independent encounter preconditions reject matching counterfeit success (0.602834ms)
  AssertionError [ERR_ASSERTION]: advance-stale-round
  
  true !== false
  
      at TestContext.<anonymous> (file://<worktree>/kernel/ts/test/encounter_composition.test.ts:31:12)
      at Test.runInAsyncScope (node:async_hooks:227:14)
      at Test.run (node:internal/test_runner/test:1402:25)
      at Test.processPendingSubtests (node:internal/test_runner/test:974:18)
      at Test.postRun (node:internal/test_runner/test:1542:19)
      at Test.run (node:internal/test_runner/test:1467:12)
      at async startSubtestAfterBootstrap (node:internal/test_runner/harness:387:3) {
    generatedMessage: false,
    code: 'ERR_ASSERTION',
    actual: true,
    expected: false,
    operator: 'strictEqual',
    diff: 'simple'
  }
