✔ composition known answers (9.574792ms)
✔ invariant checks known answers, a holding and a violated case per invariant checked in both kernels (0.433541ms)
✔ invalid successful deltas fail their independent precondition check (0.259833ms)
✔ containment checks deep chains, untouched cycles and untouched capacity (14.125708ms)
✔ limits are named in the composition profile order (0.492708ms)
✔ composition-profile budgets: at the limit composes with the expected changes, one over faults (13.967625ms)
✔ a malformed barrier state faults precondition_failed (0.236667ms)
✔ opted recovery literal rows and independent metadata replay (2.479333ms)
✔ independent recovery replay rejects an unauthored stored rate (0.322208ms)
✔ recovery schema trust-boundary literals (1.117917ms)
✔ entity-resource overrides match literals and independent preconditions reject false success (0.826916ms)
✔ NPC HP schema trust-boundary literals (0.390417ms)
ℹ tests 12
ℹ suites 0
ℹ pass 12
ℹ fail 0
ℹ cancelled 0
ℹ skipped 0
ℹ todo 0
ℹ duration_ms 155.522625
✔ encounter and bound job composition matches portable literal rows (3.898208ms)
✔ independent encounter preconditions reject matching counterfeit success (0.215125ms)
✔ independent replay verifies every written lifecycle row (0.401417ms)
✔ cancelling a future job frees one slot in a full queue (4.30625ms)
✖ resource delivery times settle literal rows and reject counterfeit preconditions (1.968334ms)
ℹ tests 5
ℹ suites 0
ℹ pass 4
ℹ fail 1
ℹ cancelled 0
ℹ skipped 0
ℹ todo 0
ℹ duration_ms 117.208375

✖ failing tests:

test at kernel/ts/test/encounter_composition.test.ts:102:1
✖ resource delivery times settle literal rows and reject counterfeit preconditions (1.968334ms)
  AssertionError [ERR_ASSERTION]: before-base
  + actual - expected
  
    {
  +   changes: [
  +     {
  +       target: {
  +         entity_id: '00000002-0000-4000-8000-000000000000',
  -   fault: {
  -     code: 'precondition_failed',
  -     kind: 'fault',
  -     target: {
  -       entity_id: '00000002-0000-4000-8000-000000000000',
  -       kind: 'resource',
  -       resource: {
  -         cartridge_id: 'lantern',
  -         cartridge_version: '0.1.0',
  -         key: 'hp',
            kind: 'resource',
  +         resource: {
  +           cartridge_id: 'lantern',
  +           cartridge_version: '0.1.0',
  +           key: 'hp',
  +           kind: 'resource'
  +         }
          },
  +       value: {
  +         at: 68249,
  +         value: 3
  +       }
        },
  +     {
  +       target: {
  +         kind: 'clock'
  +       },
  +       value: 68400
  +     }
  +   ]
  -   }
    }
  
      at TestContext.<anonymous> (file://<worktree>/kernel/ts/test/encounter_composition.test.ts:112:12)
      at Test.runInAsyncScope (node:async_hooks:227:14)
      at Test.run (node:internal/test_runner/test:1402:25)
      at Test.processPendingSubtests (node:internal/test_runner/test:974:18)
      at Test.postRun (node:internal/test_runner/test:1542:19)
      at Test.run (node:internal/test_runner/test:1467:12)
      at async Test.processPendingSubtests (node:internal/test_runner/test:974:7) {
    generatedMessage: false,
    code: 'ERR_ASSERTION',
    actual: { changes: [ [Object], [Object] ] },
    expected: { fault: { kind: 'fault', code: 'precondition_failed', target: [Object] } },
    operator: 'deepStrictEqual',
    diff: 'simple'
  }
