✔ composition known answers (9.349708ms)
✔ invariant checks known answers, a holding and a violated case per invariant checked in both kernels (0.406084ms)
✔ invalid successful deltas fail their independent precondition check (0.246208ms)
✔ containment checks deep chains, untouched cycles and untouched capacity (12.690708ms)
✔ limits are named in the composition profile order (0.452625ms)
✔ composition-profile budgets: at the limit composes with the expected changes, one over faults (12.290833ms)
✔ a malformed barrier state faults precondition_failed (0.221792ms)
✔ opted recovery literal rows and independent metadata replay (2.61075ms)
✔ independent recovery replay rejects an unauthored stored rate (0.295042ms)
✔ recovery schema trust-boundary literals (1.064417ms)
✔ entity-resource overrides match literals and independent preconditions reject false success (1.123959ms)
✔ NPC HP schema trust-boundary literals (0.413417ms)
ℹ tests 12
ℹ suites 0
ℹ pass 12
ℹ fail 0
ℹ cancelled 0
ℹ skipped 0
ℹ todo 0
ℹ duration_ms 145.4595
