✔ composition known answers (9.646375ms)
✔ invariant checks known answers, a holding and a violated case per invariant checked in both kernels (0.448167ms)
✔ invalid successful deltas fail their independent precondition check (0.263541ms)
✔ containment checks deep chains, untouched cycles and untouched capacity (12.660375ms)
✔ limits are named in the composition profile order (0.4645ms)
✔ composition-profile budgets: at the limit composes with the expected changes, one over faults (12.040792ms)
✔ a malformed barrier state faults precondition_failed (0.208584ms)
✔ opted recovery literal rows and independent metadata replay (2.3105ms)
✔ independent recovery replay rejects an unauthored stored rate (0.288625ms)
✔ recovery schema trust-boundary literals (1.083417ms)
✔ entity-resource overrides match literals and independent preconditions reject false success (0.824458ms)
✔ NPC HP schema trust-boundary literals (0.395125ms)
✔ encounter and bound job composition matches portable literal rows (4.08075ms)
✔ independent encounter preconditions reject matching counterfeit success (0.195791ms)
✔ independent replay verifies every written lifecycle row (0.3695ms)
✔ cancelling a future job frees one slot in a full queue (3.747666ms)
✔ resource delivery times settle literal rows and reject counterfeit preconditions (1.416584ms)
ℹ tests 17
ℹ suites 0
ℹ pass 17
ℹ fail 0
ℹ cancelled 0
ℹ skipped 0
ℹ todo 0
ℹ duration_ms 163.639917
