✔ composition known answers (14.628042ms)
✔ invariant checks known answers, a holding and a violated case per invariant checked in both kernels (0.436542ms)
✔ invalid successful deltas fail their independent precondition check (0.274833ms)
✔ containment checks deep chains, untouched cycles and untouched capacity (21.203542ms)
✔ limits are named in the composition profile order (0.562333ms)
✔ composition-profile budgets: at the limit composes with the expected changes, one over faults (14.112084ms)
✔ a malformed barrier state faults precondition_failed (0.276959ms)
✔ opted recovery literal rows and independent metadata replay (2.492375ms)
✔ independent recovery replay rejects an unauthored stored rate (0.367084ms)
✔ recovery schema trust-boundary literals (1.224042ms)
✔ entity-resource overrides match literals and independent preconditions reject false success (1.035834ms)
✔ NPC HP schema trust-boundary literals (1.421458ms)
ℹ tests 12
ℹ suites 0
ℹ pass 12
ℹ fail 0
ℹ cancelled 0
ℹ skipped 0
ℹ todo 0
ℹ duration_ms 179.673166
✔ encounter and bound job composition matches portable literal rows (4.135ms)
✖ independent encounter preconditions reject matching counterfeit success (0.658292ms)
✔ independent replay verifies every written lifecycle row (0.47675ms)
ℹ tests 3
ℹ suites 0
ℹ pass 2
ℹ fail 1
ℹ cancelled 0
ℹ skipped 0
ℹ todo 0
ℹ duration_ms 132.702291

✖ failing tests:

test at kernel/ts/test/encounter_composition.test.ts:29:1
✖ independent encounter preconditions reject matching counterfeit success (0.658292ms)
  AssertionError [ERR_ASSERTION]: cancel-wrong-encounter
  
  true !== false
  
      at TestContext.<anonymous> (file://<worktree>/kernel/ts/test/encounter_composition.test.ts:31:12)
      at Test.runInAsyncScope (node:async_hooks:227:14)
      at Test.run (node:internal/test_runner/test:1402:25)
      at Test.processPendingSubtests (node:internal/test_runner/test:974:18)
      at Test.postRun (node:internal/test_runner/test:1542:19)
      at Test.run (node:internal/test_runner/test:1467:12)
      at async startSubtestAfterBootstrap (node:internal/test_runner/harness:387:3) {
    generatedMessage: false,
    code: 'ERR_ASSERTION',
    actual: true,
    expected: false,
    operator: 'strictEqual',
    diff: 'simple'
  }
