✔ frozen M4 A runs through real Attack and two trusted elapsed proposals (6.065875ms)
✔ frozen M4 B closes before retaliation and credits the exact third rat at proposal.now (2.910125ms)
✔ frozen M4 C dies sleeping on the rat-first round and returns the same body (4.308ms)
✔ one-exit Flee pays once and cancels its future round without drawing (2.833334ms)
✔ a surviving sleeper wakes before its remaining opportunity, other positions skip (6.719959ms)
✔ accuracy20 misses on roll20; endpoint chances still draw accuracy (3.435875ms)
✔ production hour-boundary recovery precedes damage and Flee preserves the remainder (2.372625ms)
✔ admission refuses absent, dead, sanctuary, nonstanding and already engaged participants (2.670083ms)
✔ eight raw draws including damage rejections exhaust the whole round atomically (1.0325ms)
✔ two-exit Flee selects canonical north/west using independent seeded answers (6.971916ms)
✔ blocked exits are excluded; zero exits or insufficient fare refuse without a draw (3.874292ms)
✔ active combat exposes one directionless Flee and refuses directional movement (1.570584ms)
ℹ tests 12
ℹ suites 0
ℹ pass 12
ℹ fail 0
ℹ cancelled 0
ℹ skipped 0
ℹ todo 0
ℹ duration_ms 209.229792
