✔ encounter ActionSet filters ordinary raw verbs and aliases while retaining harmless inspection (7.336917ms)
✖ pending choices disappear during combat and ordinary actions return after Flee or death (3.273458ms)
ℹ tests 2
ℹ suites 0
ℹ pass 1
ℹ fail 1
ℹ cancelled 0
ℹ skipped 0
ℹ todo 0
ℹ duration_ms 157.012708

✖ failing tests:

test at kernel/ts/test/combat_actions.test.ts:96:1
✖ pending choices disappear during combat and ordinary actions return after Flee or death (3.273458ms)
  AssertionError [ERR_ASSERTION]: Expected values to be strictly equal:
  + actual - expected
  
  + {
  +   choices: [
  +     {
  +       available: true,
  +       choice_id: 'accept',
  +       label: 'quest.lantern.accept'
  +     }
  +   ],
  +   closable: true,
  +   continuation_id: '1d452fcc-32e9-8a63-8841-30ca81a07b88',
  +   prompt: {
  +     key: 'dialogue.bram_offer.prompt'
  +   },
  +   speaker_id: '15349791-fa65-81f7-b378-bb8212b808d2'
  + }
  - undefined
  
      at TestContext.<anonymous> (file://<repo>/kernel/ts/test/combat_actions.test.ts:108:10)
      at Test.runInAsyncScope (node:async_hooks:227:14)
      at Test.run (node:internal/test_runner/test:1402:25)
      at Test.processPendingSubtests (node:internal/test_runner/test:974:18)
      at Test.postRun (node:internal/test_runner/test:1542:19)
      at Test.run (node:internal/test_runner/test:1467:12)
      at async startSubtestAfterBootstrap (node:internal/test_runner/harness:387:3) {
    generatedMessage: true,
    code: 'ERR_ASSERTION',
    actual: { continuation_id: '1d452fcc-32e9-8a63-8841-30ca81a07b88', prompt: { key: 'dialogue.bram_offer.prompt' }, speaker_id: '15349791-fa65-81f7-b378-bb8212b808d2', closable: true, choices: [ [Object] ] },
    expected: undefined,
    operator: 'strictEqual',
    diff: 'simple'
  }
