(node:70196) [MODULE_TYPELESS_PACKAGE_JSON] Warning: Module type of file://<worktree>/mobile/app/book/c1.test.ts is not specified and it doesn't parse as CommonJS.
Reparsing as ES module because module syntax was detected. This incurs a performance overhead.
To eliminate this warning, add "type": "module" to <worktree>/mobile/app/package.json.
(Use `node --trace-warnings ...` to show where the warning was created)
✔ exit door actions keep their direction and remain separate from walking (2.407041ms)
✔ worn items and reachable nested contents offer actions on their own ids (0.36625ms)
✔ same-room actions retain projected item pages and remove pages hidden by a closed lid (0.19675ms)
✔ chapter changes queue one title which survives scene lines and acknowledgement (0.107125ms)
✔ band phrases and the hp accessibility label use the cartridge catalog (0.1405ms)
✔ scene Continue and position verbs have dedicated groups (0.094375ms)
(node:70197) [MODULE_TYPELESS_PACKAGE_JSON] Warning: Module type of file://<worktree>/mobile/app/book/combat.test.ts is not specified and it doesn't parse as CommonJS.
Reparsing as ES module because module syntax was detected. This incurs a performance overhead.
To eliminate this warning, add "type": "module" to <worktree>/mobile/app/package.json.
(Use `node --trace-warnings ...` to show where the warning was created)
✔ combat page lists offered controls vertically below history in one scroll (4.946917ms)
✔ committed opponent death narrates once through the existing subscription (0.2655ms)
✔ confirmed encounter foregrounds another page and closure or death restores the World (6.403792ms)
✔ Attack opens its committed page; pending and refused Flee stay until committed escape (2.932625ms)
✔ reopening an encounter restores the combat page and last committed narration (0.38275ms)
✔ reopening after escape or either death never restores combat into the World log (1.247667ms)
(node:70198) [MODULE_TYPELESS_PACKAGE_JSON] Warning: Module type of file://<worktree>/mobile/app/book/model.test.ts is not specified and it doesn't parse as CommonJS.
Reparsing as ES module because module syntax was detected. This incurs a performance overhead.
To eliminate this warning, add "type": "module" to <worktree>/mobile/app/package.json.
(Use `node --trace-warnings ...` to show where the warning was created)
✔ exits, the look title, place actions and a thing page come from the right buttons (1.028875ms)
✔ position cycling skips absent offers and retains the offered freshness (0.110208ms)
✔ a touch link is shown as its label (0.1175ms)
✔ a choice's answers and Close are their own group, not place actions (0.101583ms)
✔ the character label says the hp band and no other (0.1345ms)
✔ the absent-speaker line shows only when the speaker is not here (0.114917ms)
✔ a restored choice opens its actual speaker detail or retained conversation (0.494166ms)
✔ the ending line shows once every quest is over (0.141167ms)
✔ a closed exit's log line and a capitalised title (0.139458ms)
✔ a move refused at 0 MV says the body is too exhausted (0.51675ms)
✔ a hint survives a store that throws, for this session (0.284334ms)
✔ the status line shows the double hour as its earthly branch (0.172084ms)
(node:70199) [MODULE_TYPELESS_PACKAGE_JSON] Warning: Module type of file://<worktree>/mobile/app/book/presenter.test.ts is not specified and it doesn't parse as CommonJS.
Reparsing as ES module because module syntax was detected. This incurs a performance overhead.
To eliminate this warning, add "type": "module" to <worktree>/mobile/app/package.json.
(Use `node --trace-warnings ...` to show where the warning was created)
✔ pending and refused Take/Drop/Leave retain detail routing and unchanged custody (5.702917ms)
✔ journal cues belong only to changed NPC histories (0.850917ms)
✔ recovery removes the current heading but retains an unclassified consequence (0.341416ms)
✔ confirmed room change clears old history before adding new authored consequences (0.519208ms)
✔ World omits the routine Close fallback while retaining authored consequences (0.380167ms)
✔ a restored committed narration is not duplicated by its pending receipt retry (0.861542ms)
✔ a move rejected for want of MV says the body is too exhausted (0.269958ms)
✔ the log stops growing in one room, its last line the latest answer (2.767458ms)
✔ the save-error line says a pending start over in words and shows any other message (0.152833ms)
✔ a narration recovery fault holds combat results while their line routing is unavailable (5.207875ms)
✔ combat receipt history is once-only when completion follows an already displayed state (0.864416ms)
ℹ tests 35
ℹ suites 0
ℹ pass 35
ℹ fail 0
ℹ cancelled 0
ℹ skipped 0
ℹ todo 0
ℹ duration_ms 421.244791
