✔ exit door actions keep their direction and remain separate from walking (1.454125ms)
✔ worn items and reachable nested contents offer actions on their own ids (0.26675ms)
✔ same-room actions retain projected item pages and remove pages hidden by a closed lid (0.182542ms)
✔ chapter changes queue one title which survives scene lines and acknowledgement (0.10925ms)
✔ band phrases and the hp accessibility label use the cartridge catalog (0.12575ms)
✔ scene Continue and position verbs have dedicated groups (0.080292ms)
✔ exits, the look title, place actions and a thing page come from the right buttons (1.015333ms)
✔ position cycling skips absent offers and retains the offered freshness (0.606959ms)
✔ a touch link is shown as its label (0.402708ms)
✔ a choice's answers and Close are their own group, not place actions (0.164833ms)
✔ the character label says the hp band and no other (0.16075ms)
✔ the absent-speaker line shows only when the speaker is not here (0.136417ms)
✔ a restored choice opens its actual speaker detail or retained conversation (0.511917ms)
✔ the ending line shows once every quest is over (0.131834ms)
✔ a closed exit's log line and a capitalised title (0.130291ms)
✔ a move refused at 0 MV says the body is too exhausted (0.114083ms)
✔ a hint survives a store that throws, for this session (0.120333ms)
✔ the status line shows the double hour as its earthly branch (0.172417ms)
✔ pending and refused Take/Drop/Leave retain detail routing and unchanged custody (2.20225ms)
✔ journal cues belong only to changed NPC histories (0.284917ms)
✔ recovery removes the current heading but retains an unclassified consequence (0.185916ms)
✔ confirmed room change clears old history before adding new authored consequences (0.202583ms)
✔ World omits the routine Close fallback while retaining authored consequences (0.134166ms)
✔ a restored committed narration is not duplicated by its pending receipt retry (0.136958ms)
✔ a move rejected for want of MV says the body is too exhausted (0.075375ms)
✔ the log stops growing in one room, its last line the latest answer (2.537792ms)
✔ the save-error line says a pending start over in words and shows any other message (0.152333ms)
✔ a narration recovery fault holds combat results while their line routing is unavailable (0.336583ms)
✔ combat receipt history is once-only when completion follows an already displayed state (3.154875ms)
ℹ tests 29
ℹ suites 0
ℹ pass 29
ℹ fail 0
ℹ cancelled 0
ℹ skipped 0
ℹ todo 0
ℹ duration_ms 138.825208
✖ combat page lists offered controls vertically below history in one scroll (2.576416ms)
✔ committed opponent death narrates once through the existing subscription (0.362167ms)
✔ confirmed encounter foregrounds another page and closure or death restores the World (6.780959ms)
✔ Attack opens its committed page; pending and refused Flee stay until committed escape (3.321708ms)
✔ reopening an encounter restores the combat page and last committed narration (0.458291ms)
✔ reopening after escape or either death never restores combat into the World log (1.318875ms)
ℹ tests 6
ℹ suites 0
ℹ pass 5
ℹ fail 1
ℹ cancelled 0
ℹ skipped 0
ℹ todo 0
ℹ duration_ms 315.55525

✖ failing tests:

test at ../../../../private<mutation-tree>/book/combat.test.ts:111:1
✖ combat page lists offered controls vertically below history in one scroll (2.576416ms)
  AssertionError [ERR_ASSERTION]: Expected values to be strictly deep-equal:
  + actual - expected
  
    [
      'Stand',
  -   'Look',
      'Flee'
    ]
  
      at TestContext.<anonymous> (file:///private<mutation-tree>/book/combat.test.ts:145:12)
      at Test.runInAsyncScope (node:async_hooks:227:14)
      at Test.run (node:internal/test_runner/test:1402:25)
      at Test.start (node:internal/test_runner/test:1262:17)
      at startSubtestAfterBootstrap (node:internal/test_runner/harness:387:17) {
    generatedMessage: true,
    code: 'ERR_ASSERTION',
    actual: [ 'Stand', 'Flee' ],
    expected: [ 'Stand', 'Look', 'Flee' ],
    operator: 'deepStrictEqual',
    diff: 'simple'
  }
