command: mise exec -- node --test kernel/ts/test/dream.test.ts kernel/ts/test/dream_contracts.test.ts kernel/ts/test/cartridge_dreams.test.ts kernel/ts/test/position.test.ts kernel/ts/test/scene.test.ts kernel/ts/test/dialogue.test.ts kernel/ts/test/quest_dialogue.test.ts kernel/ts/test/missing_child.test.ts mobile/authority/local-story/dream.test.ts mobile/authority/local-story/service.test.ts mobile/authority/local-story/scene.test.ts mobile/authority/local-story/death.test.ts mobile/authority/local-story/vesper_message.test.ts mobile/app/book/dream.test.ts mobile/app/book/live_actions.test.ts mobile/app/book/notice_board.test.ts
exit: 0
✔ loader refuses impossible Rest, graph and exclusive end bindings (1655.578583ms)
✔ talk opens one pending choice bound to EntityIds, stamped with its revision (86.651334ms)
✔ an action that opens no choice shares the choices map (8.564292ms)
✔ under loka play the stamp is the run revision and choose is accepted (9.731209ms)
✔ the GameView shows the pending choice; a dropped lantern makes both options unavailable (32.843125ms)
✔ the talk is listed on and accepts its speaker only (13.668292ms)
✔ talk is unavailable and refused before accepting and after resolving (13.091292ms)
✔ the rule enforces the target's dialogue policy whatever talk admitted it (11.572708ms)
✔ a room contribution may subtract a dialogue's talk (3.25425ms)
✔ leave hands the lantern to Bram, sets party_led and resolves quest and choice at once (3.799583ms)
✔ carry keeps the lantern, sets player_led and resolves with outcome carry (49.54375ms)
✔ a story point reports its declared outcome key, after choice_resolved (15.58275ms)
✔ a choice reaches only a story point naming its own dialogue (5.36725ms)
✔ close changes no outcome; a second talk opens another occurrence (10.618625ms)
✔ a stale choice revalidates custody and presence; close still works (16.043375ms)
✔ talk while pending, and choose or close of no pending continuation, are invalid_state (7.150791ms)
✔ a lantern taken before accepting still lets leave resolve (26.184ms)
✔ choose pins the row bindings even if the definition would resolve elsewhere (9.331083ms)
✔ the loader checks dialogue references, roles, texts, facts, keys and the lock (69.947458ms)
✔ the loader checks story point triggers, outcomes, keys and the lock (47.677125ms)
✔ only a new actual paid Rest starts one checkpoint without giving its end consequence (457.287917ms)
✔ both exact branches keep World usable and award memory only after shown final acknowledgement (405.95075ms)
✔ first credit defers presentation behind the unchanged ordinary choice (87.597708ms)
✔ a dormant dream choice survives the actual S2 message handoff and the Bell modal scene (133.835958ms)
✔ captured scene choices and exact keyed availability reject foreign and stale draws without changing any truth (308.822542ms)
✔ a Rest occurrence cannot credit a nonliving body (100.355916ms)
✔ dream contracts reject independent malformed boundaries and retain valid controls (70.306916ms)
✔ the active Missing Child release keeps the simulator invariants on controlled seeds (5047.74525ms)
✔ a fresh world: no position record, the same state as without position@1, standing (40.073542ms)
✔ the position walk by invocation: only move needs standing, after the door (102.794292ms)
✔ a cartridge alias of sit is listed and dropped with sit, with its own policy (6.055708ms)
✔ no position changes regeneration: mv 1 at 0 is 19 at 3600, standing, resting or asleep (3.7095ms)
✔ the loader refuses content writing the position fact, and a wrong or missing spec (105.293458ms)
✔ elapsed Rest/Stand/Sit/Sleep settles old rates and retains literal metadata (5.101ms)
✔ opted births at zero and calendar start earn only their own elapsed interval (10.5285ms)
✔ distinct authored Sit/Sleep rates select the commanded position (10.360333ms)
✔ the public admitted proposal path faults rate/position disagreement before acceptance (7.036167ms)
✔ recovery loader checks actual opt-in dependencies and arithmetic bound (22.908792ms)
✔ an accept choice activates its quest; the talk opens the first dialogue that holds (118.787375ms)
✔ a stale accept is invalid_state once the actor has an instance (28.632709ms)
✔ an accept is invalid_state while its quest's offer policy fails (8.236042ms)
✔ the loader checks each accept: a quest, no dialogue quest, no hand_over (11.048917ms)
✔ every modal Continue requires its shown scene and line (78.75ms)
✔ fresh scenes keep the same state as their scene-free variant (85.442042ms)
✔ story outcome starts line one and refuses every ordinary action at both boundaries (29.681833ms)
✔ each continue advances one line, ends at minus one and composes its fact reaction (61.066917ms)
✔ start needs only scene and never restarts an ended fact or a different outcome (49.667209ms)
(node:97464) [MODULE_TYPELESS_PACKAGE_JSON] Warning: Module type of file://[worktree]/mobile/app/book/dream.test.ts is not specified and it doesn't parse as CommonJS.
Reparsing as ES module because module syntax was detected. This incurs a performance overhead.
To eliminate this warning, add "type": "module" to [worktree]/mobile/app/package.json.
(Use `node --trace-warnings ...` to show where the warning was created)
✔ live first Rest, nested Close/Resume, captured branches, final ack and cold World resume use the actual bed (1005.428ms)
✔ uncertain paid Rest remount opens the first dream only when the original COMMIT settles (340.38675ms)
(node:97469) [MODULE_TYPELESS_PACKAGE_JSON] Warning: Module type of file://[worktree]/mobile/app/book/live_actions.test.ts is not specified and it doesn't parse as CommonJS.
Reparsing as ES module because module syntax was detected. This incurs a performance overhead.
To eliminate this warning, add "type": "module" to [worktree]/mobile/app/package.json.
(Use `node --trace-warnings ...` to show where the warning was created)
✔ after Bram acceptance an unchanged north drag crosses a pulse and commits exactly one move (218.883833ms)
✔ sampler Bram offers at19:00 and receives the fetched lantern the next day without waiting (82.681292ms)
✔ a captured north action never becomes north from a different origin room (71.095042ms)
✔ Maud acceptance, position and item buttons survive elapsed-only redraws (229.928417ms)
✔ an altered captured choice is refused without sending a new decision (57.51875ms)
✔ old Leave and departed Bram actions keep stale refusal after context changes (39.499834ms)
✔ a held answer refuses after its speaker departs during the elapsed pulse (37.619041ms)
✔ combat context changes refuse old Look while an unchanged encounter tolerates a pulse (86.356542ms)
✔ pending move retry adopts its original durable receipt once without a second action (25.23525ms)
✔ withdrawn or changed-context Notice controls retain their captured stale token (17.641625ms)
(node:97474) [MODULE_TYPELESS_PACKAGE_JSON] Warning: Module type of file://[worktree]/mobile/app/book/notice_board.test.ts is not specified and it doesn't parse as CommonJS.
Reparsing as ES module because module syntax was detected. This incurs a performance overhead.
To eliminate this warning, add "type": "module" to [worktree]/mobile/app/package.json.
(Use `node --trace-warnings ...` to show where the warning was created)
✔ landing detail and two board children read exact targets and pop back without navigation receipts (188.079208ms)
✔ the south search reaches the oak and returns through visible fox clues (142.065916ms)
✔ cold Continue shows the confirmed notice once and restores its return route without Read (151.484416ms)
✔ an uncertain child read keeps an empty detail until its one receipt is confirmed (28.958583ms)
✔ long elapsed redraw retains board route and a real room change prunes it (93.77125ms)
✔ notice entries use available exact-target aliases and expose unavailable reasons (51.260666ms)
✔ Elspeth stays reachable all day and her Book replies direct a newcomer along usable exits (180.065667ms)
✔ Q1 drawing opens full item detail with Take and local Leave (46.355917ms)
✔ plank and hollow open descriptive noun detail pages without story credit (62.545417ms)
✔ Study is a detail-only empty-target control after Read/history and refreshes across elapsed redraw (67.498625ms)
✔ pending Study retains its detail context and restores exactly once without World narration (122.168292ms)
✔ corpse identity, worn roots and shrine return reopen atomically and receipt replay allocates nothing (78.524708ms)
✔ an older release list refuses the corpse release without rewriting it (17.653792ms)
✔ real FULL, failed COMMIT and committed-unknown COMMIT preserve all prior or all next corpse rows (45.683ms)
✔ save load refuses missing identity, unknown template and illegal corpse custody without repair (46.030834ms)
✔ every intermediate checkpoint and both ended branches cold-open and replay the exact original result once (2064.205875ms)
✔ cold open refuses forged dream truth and receipt producer evidence without changing file bytes (500.503042ms)
✔ Rest, choice opening, branch selection and final ack settle uncertain COMMIT all old or all new (873.615417ms)
✔ real elapsed and fatal return preserve the dormant choice until the actor lawfully reaches its actual bed (148.692833ms)
✔ line two survives reopen and triggering receipt retry without duplicate effects (37.159292ms)
(node:97502) [MODULE_TYPELESS_PACKAGE_JSON] Warning: Module type of file://[worktree]/mobile/app/book/presenter.ts is not specified and it doesn't parse as CommonJS.
Reparsing as ES module because module syntax was detected. This incurs a performance overhead.
To eliminate this warning, add "type": "module" to [worktree]/mobile/app/package.json.
(Use `node --trace-warnings ...` to show where the warning was created)
✔ room-before-Rest, meal, partial/empty ale reopen and exact retries preserve the next real consumer (975.527875ms)
✔ forged bounded service rows and swapped/omitted historical service evidence refuse without repair (1066.320167ms)
✔ real failed COMMIT and both uncertain outcomes keep room/meal/ale all old or all new (576.282333ms)
✔ real Book captured alias press and lost acknowledgement restore one original-Maud line (306.975916ms)
✔ S1 remains reachable beside services and same-body fatal return reopens the paid bed truth (355.196291ms)
(node:97503) [MODULE_TYPELESS_PACKAGE_JSON] Warning: Module type of file://[worktree]/mobile/app/book/presenter.ts is not specified and it doesn't parse as CommonJS.
Reparsing as ES module because module syntax was detected. This incurs a performance overhead.
To eliminate this warning, add "type": "module" to [worktree]/mobile/app/package.json.
(Use `node --trace-warnings ...` to show where the warning was created)
✔ original message branch and terminal reopen with their own NPC narration and exact replay (293.155083ms)
✔ Drop and held-container Put reopen and recover the same item; stale handoff never prints success (213.666875ms)
✔ fatal combat and cold reopen preserve the message through ordinary corpse recovery (172.20975ms)
✔ elapsed redraw keeps an unchanged message choice usable (58.1905ms)
▶ retained delivery evidence corruption is typed even behind an unrelated latest receipt
  ✔ missing branch row (70.695ms)
  ✔ wrong message role (54.43375ms)
  ✔ null retained source (48.017125ms)
  ✔ branch fact reset (49.344291ms)
  ✔ branch fact deleted (50.270083ms)
  ✔ message in unrelated NPC (53.3365ms)
  ✔ message nested in NPC-held container (60.349417ms)
  ✔ malformed receipt command JSON (53.761167ms)
  ✔ receipt transfer removed (48.620458ms)
  ✔ receive narration names another speaker (46.550667ms)
  ✔ terminal fact event missing (50.444417ms)
  ✔ terminal status reset (57.1395ms)
  ✔ terminal message returned to actor (62.889125ms)
  ✔ terminal quest reopened (57.314125ms)
✔ retained delivery evidence corruption is typed even behind an unrelated latest receipt (765.189375ms)
✔ failed and lost branch/terminal COMMIT keep narration and custody behind confirmed disk (197.21875ms)
✔ v012 refuses the frozen v010 SQLite save and offers explicit Start over without changing it (31.090458ms)
✔ terminal quest without a message branch refuses reopen and requires explicit Start over (87.876459ms)
ℹ tests 106
ℹ suites 0
ℹ pass 106
ℹ fail 0
ℹ cancelled 0
ℹ skipped 0
ℹ todo 0
ℹ duration_ms 5841.176791
