DreamPage: old exit 0; current exit 4
command: mise exec -- ast-grep test --skip-snapshot-tests --filter mobile-renderer-imports
Running 1 tests

----------- Case Details -----------
[Noisy] Expect mobile-renderer-imports to report no issue, but some issues found in:

  import { DreamPage } from './DreamPage.tsx';
  import { dreamAt } from './dreams.ts';
  export { nextPosition } from './positions.ts';

FAIL mobile-renderer-imports  N......................................

[warn] postinstall script did not run; falling back to runtime binary resolution.
Enable postinstall to avoid the per-invocation overhead.
Error: test failed. 0 passed; 1 failed;
Help: You can use ast-grep playground to debug your rules and test cases.
See also: https://ast-grep.github.io/playground.html


dreams: old exit 0; current exit 4
command: mise exec -- ast-grep test --skip-snapshot-tests --filter mobile-renderer-imports
Running 1 tests

----------- Case Details -----------
[Noisy] Expect mobile-renderer-imports to report no issue, but some issues found in:

  import { DreamPage } from './DreamPage.tsx';
  import { dreamAt } from './dreams.ts';
  export { nextPosition } from './positions.ts';

FAIL mobile-renderer-imports  N......................................

[warn] postinstall script did not run; falling back to runtime binary resolution.
Enable postinstall to avoid the per-invocation overhead.
Error: test failed. 0 passed; 1 failed;
Help: You can use ast-grep playground to debug your rules and test cases.
See also: https://ast-grep.github.io/playground.html


positions: old exit 0; current exit 4
command: mise exec -- ast-grep test --skip-snapshot-tests --filter mobile-renderer-imports
Running 1 tests

----------- Case Details -----------
[Noisy] Expect mobile-renderer-imports to report no issue, but some issues found in:

  import { DreamPage } from './DreamPage.tsx';
  import { dreamAt } from './dreams.ts';
  export { nextPosition } from './positions.ts';

FAIL mobile-renderer-imports  N......................................

[warn] postinstall script did not run; falling back to runtime binary resolution.
Enable postinstall to avoid the per-invocation overhead.
Error: test failed. 0 passed; 1 failed;
Help: You can use ast-grep playground to debug your rules and test cases.
See also: https://ast-grep.github.io/playground.html


scene sequence: old exit 0; current exit 4
command: mise exec -- ast-grep test --skip-snapshot-tests --filter ts-rule-module-imports
Running 1 tests

----------- Case Details -----------
[Noisy] Expect ts-rule-module-imports to report no issue, but some issues found in:

  import { chosen } from '../scene/sequence.ts';

FAIL ts-rule-module-imports  ..............N.......

[warn] postinstall script did not run; falling back to runtime binary resolution.
Enable postinstall to avoid the per-invocation overhead.
Error: test failed. 0 passed; 1 failed;
Help: You can use ast-grep playground to debug your rules and test cases.
See also: https://ast-grep.github.io/playground.html


Restored controls exit 0
Running 2 tests

----------- Case Details -----------
PASS mobile-renderer-imports  .......................................
PASS ts-rule-module-imports  ......................

test result: ok. 2 passed; 0 failed;
[warn] postinstall script did not run; falling back to runtime binary resolution.
Enable postinstall to avoid the per-invocation overhead.
