command: python3 docs/evidence/2026-10-05-b9-lantern-dream/behavior-mutants.py
source_checkpoint: 066bfda44dfe2947467d1a36eb93ee0c80d7fe68
exit: 0
compiler compares Rest consequences as trigger identity: old exit 0; focused exit 2
missing typed Rest producer: old exit 0; focused exit 1
presentation checkpoint becomes modal: old exit 0; focused exit 1
scene choice hijacks ordinary dialogue: old exit 0; focused exit 1
missing acknowledged memory: old exit 0; focused exit 1
foreign captured draw accepted: old exit 0; focused exit 1
free dream memory writer: old exit 0; focused exit 1
bed view bypasses keyed policy: old exit 0; focused exit 1
save binds scene row as dialogue: old exit 0; focused exit 1
receipt routes dream to World: old exit 0; focused exit 1
loader accepts unsafe dream graph: old exit 0; focused exit 1
compiler accepts unsafe dream graph: old exit 0; focused exit 2
checker ignores wrong authored key: old exit 0; focused exit 1
Book substitutes semantic Choose: old exit 0; focused exit 1
eligibility ignores shared query budget: old exit 0; focused exit 1
Rest delivery credits a nonliving body: old exit 0; focused exit 1
wrong declared final quest outcome: old exit 0; focused exit 1
17 planted breaks observed red; originals restored.
