✔ talk opens one pending choice bound to EntityIds, stamped with its revision (43.925292ms)
✔ an action that opens no choice shares the choices map (15.386666ms)
✔ under loka play the stamp is the run revision and choose is accepted (6.340708ms)
✔ the GameView shows the pending choice; a dropped lantern makes both options unavailable (15.842917ms)
✔ the talk is listed on and accepts its speaker only (4.50875ms)
✔ talk is unavailable and refused before accepting and after resolving (25.3725ms)
✔ the rule enforces the target's dialogue policy whatever talk admitted it (21.947625ms)
✔ a room contribution may subtract a dialogue's talk (6.913458ms)
✔ leave hands the lantern to Bram, sets party_led and resolves quest and choice at once (29.964875ms)
✔ carry keeps the lantern, sets player_led and resolves with outcome carry (7.941834ms)
✔ a story point reports its declared outcome key, after choice_resolved (6.562417ms)
✔ a choice reaches only a story point naming its own dialogue (3.522834ms)
✔ close changes no outcome; a second talk opens another occurrence (6.780084ms)
✔ a stale choice revalidates custody and presence; close still works (11.979792ms)
✔ talk while pending, and choose or close of no pending continuation, are invalid_state (6.644417ms)
✔ a lantern taken before accepting still lets leave resolve (4.003209ms)
✔ choose pins the row bindings even if the definition would resolve elsewhere (3.118459ms)
✔ the loader checks dialogue references, roles, texts, facts, keys and the lock (63.36675ms)
✔ the loader checks story point triggers, outcomes, keys and the lock (19.226333ms)
✔ a fresh world: no position record, the same state as without position@1, standing (27.032708ms)
✔ the position walk by invocation: only move needs standing, after the door (62.584333ms)
✔ a cartridge alias of sit is listed and dropped with sit, with its own policy (17.1825ms)
✔ no position changes regeneration: mv 1 at 0 is 19 at 3600, standing, resting or asleep (7.869125ms)
✔ the loader refuses content writing the position fact, and a wrong or missing spec (67.789875ms)
✔ elapsed Rest/Stand/Sit/Sleep settles old rates and retains literal metadata (17.30575ms)
✔ opted births at zero and calendar start earn only their own elapsed interval (3.473291ms)
✔ distinct authored Sit/Sleep rates select the commanded position (4.682875ms)
✔ the public admitted proposal path faults rate/position disagreement before acceptance (2.825458ms)
✔ recovery loader checks actual opt-in dependencies and arithmetic bound (4.880625ms)
✔ a failed threshold check still pays its cost; success runs the outcome (37.962583ms)
✔ a threshold reads the resource before the recipe pays its costs (2.984708ms)
✔ an unaffordable cost is insufficient_resource before any draw, and changes nothing (21.234875ms)
✔ a move costs 1 mv and is refused at 0 mv (13.574667ms)
✔ a cartridge without the pools moves for free, writes and shows no resource (9.164542ms)
✔ regeneration adds gain per hour boundary crossed, stopping at the maximum (10.526125ms)
✔ a resource.adjust step stops at the maximum; at full value it changes nothing (35.011292ms)
✔ a cooldown of 2^53 - 1 refuses with cooldown, not a fault (5.709917ms)
✔ a cooldown refuses the recipe until exactly its end (4.768833ms)
✔ a failed attempt starts the cooldown too (4.766709ms)
✔ the GameView shows cooldowns, unaffordable costs and exhaustion as unavailable (14.901667ms)
✔ the view lists the body resources at the clock with their bands (10.649625ms)
✔ the band is the first row of 04 §15 whose cut p reaches (80.453458ms)
✔ a cartridge move cost of 2 mv charges 2 and refuses the next move at 1 mv (2.465417ms)
✔ a move cost on another pool pays that pool and leaves mv (2.167375ms)
✔ a pool's own band table gives the first band whose cut p reaches, with its tone (21.270125ms)
✔ the engine default table gives each band its tone (25.641792ms)
✔ a pool's bands beat world.bands, which beat the engine default (3.9795ms)
✖ every modal Continue requires its shown scene and line (68.221958ms)
✔ fresh scenes keep the same state as their scene-free variant (18.022666ms)
✔ story outcome starts line one and refuses every ordinary action at both boundaries (19.681375ms)
✔ each continue advances one line, ends at minus one and composes its fact reaction (34.893084ms)
✔ start needs only scene and never restarts an ended fact or a different outcome (36.385834ms)
ℹ tests 52
ℹ suites 0
ℹ pass 51
ℹ fail 1
ℹ cancelled 0
ℹ skipped 0
ℹ todo 0
ℹ duration_ms 913.353375

✖ failing tests:

test at kernel/ts/test/scene.test.ts:106:1
✖ every modal Continue requires its shown scene and line (68.221958ms)
  TypeError: Cannot read properties of undefined (reading 'cartridge_id')
      at refString (file://[worktree]/kernel/ts/src/runtime/decision.ts:201:8)
      at decide (file://[worktree]/kernel/ts/src/mechanics/scene/rule.ts:59:28)
      at evaluated (file://[worktree]/kernel/ts/src/runtime/world.ts:179:45)
      at decideWith (file://[worktree]/kernel/ts/src/runtime/world.ts:140:10)
      at step (file://[worktree]/kernel/ts/src/runtime/world.ts:113:10)
      at TestContext.<anonymous> (file://[worktree]/kernel/ts/test/scene.test.ts:118:20)
      at Test.runInAsyncScope (node:async_hooks:227:14)
      at Test.run (node:internal/test_runner/test:1402:25)
      at Test.start (node:internal/test_runner/test:1262:17)
      at startSubtestAfterBootstrap (node:internal/test_runner/harness:387:17)
✖ only a new actual paid Rest starts one checkpoint without giving its end consequence (119.835334ms)
✖ both exact branches keep World usable and award memory only after shown final acknowledgement (83.798625ms)
✖ first credit defers presentation behind the unchanged ordinary choice (64.413959ms)
✖ a dormant dream choice survives the actual S2 message handoff and the Bell modal scene (52.960958ms)
✖ captured scene choices and exact keyed availability reject foreign and stale draws without changing any truth (50.32225ms)
ℹ tests 5
ℹ suites 0
ℹ pass 0
ℹ fail 5
ℹ cancelled 0
ℹ skipped 0
ℹ todo 0
ℹ duration_ms 618.852042

✖ failing tests:

test at kernel/ts/test/dream.test.ts:14:1
✖ only a new actual paid Rest starts one checkpoint without giving its end consequence (119.835334ms)
  AssertionError [ERR_ASSERTION]: Expected values to be strictly deep-equal:
  + actual - expected
  
    {
  +   cursor: 0,
  +   quest: null,
  -   cursor: 1,
  -   quest: 'active',
      seen: false,
  +   slept: false
  -   slept: true
    }
  
      at TestContext.<anonymous> (file://[worktree]/kernel/ts/test/dream.test.ts:24:10)
      at Test.runInAsyncScope (node:async_hooks:227:14)
      at Test.run (node:internal/test_runner/test:1402:25)
      at Test.start (node:internal/test_runner/test:1262:17)
      at startSubtestAfterBootstrap (node:internal/test_runner/harness:387:17) {
    generatedMessage: true,
    code: 'ERR_ASSERTION',
    actual: { slept: false, seen: false, cursor: 0, quest: null },
    expected: { slept: true, seen: false, cursor: 1, quest: 'active' },
    operator: 'deepStrictEqual',
    diff: 'simple'
  }

test at kernel/ts/test/dream.test.ts:62:1
✖ both exact branches keep World usable and award memory only after shown final acknowledgement (83.798625ms)
  TypeError: Cannot read properties of undefined (reading 'action')
      at TestContext.<anonymous> (file://[worktree]/kernel/ts/test/dream.test.ts:70:25)
      at Test.runInAsyncScope (node:async_hooks:227:14)
      at Test.run (node:internal/test_runner/test:1402:25)
      at Test.processPendingSubtests (node:internal/test_runner/test:974:18)
      at Test.postRun (node:internal/test_runner/test:1542:19)
      at Test.run (node:internal/test_runner/test:1467:12)
      at async startSubtestAfterBootstrap (node:internal/test_runner/harness:387:3)

test at kernel/ts/test/dream.test.ts:131:1
✖ first credit defers presentation behind the unchanged ordinary choice (64.413959ms)
  AssertionError [ERR_ASSERTION]: Expected values to be strictly deep-equal:
  + actual - expected
  
    {
  +   cursor: 0,
  +   quest: null,
  -   cursor: 1,
  -   quest: 'active',
      seen: false,
  +   slept: false
  -   slept: true
    }
  
      at TestContext.<anonymous> (file://[worktree]/kernel/ts/test/dream.test.ts:142:10)
      at Test.runInAsyncScope (node:async_hooks:227:14)
      at Test.run (node:internal/test_runner/test:1402:25)
      at Test.processPendingSubtests (node:internal/test_runner/test:974:18)
      at Test.postRun (node:internal/test_runner/test:1542:19)
      at Test.run (node:internal/test_runner/test:1467:12)
      at async Test.processPendingSubtests (node:internal/test_runner/test:974:7) {
    generatedMessage: true,
    code: 'ERR_ASSERTION',
    actual: { slept: false, seen: false, cursor: 0, quest: null },
    expected: { slept: true, seen: false, cursor: 1, quest: 'active' },
    operator: 'deepStrictEqual',
    diff: 'simple'
  }

test at kernel/ts/test/dream.test.ts:150:1
✖ a dormant dream choice survives the actual S2 message handoff and the Bell modal scene (52.960958ms)
  AssertionError [ERR_ASSERTION]: {"kind":"rejected","error":{"code":"invalid_state"}}
  + actual - expected
  
  + 'rejected'
  - 'accepted'
  
      at Object.invoke (file://[worktree]/kernel/ts/test/dream_fixture.ts:69:12)
      at TestContext.<anonymous> (file://[worktree]/kernel/ts/test/dream.test.ts:157:35)
      at Test.runInAsyncScope (node:async_hooks:227:14)
      at Test.run (node:internal/test_runner/test:1402:25)
      at Test.processPendingSubtests (node:internal/test_runner/test:974:18)
      at Test.postRun (node:internal/test_runner/test:1542:19)
      at Test.run (node:internal/test_runner/test:1467:12)
      at async Test.processPendingSubtests (node:internal/test_runner/test:974:7) {
    generatedMessage: false,
    code: 'ERR_ASSERTION',
    actual: 'rejected',
    expected: 'accepted',
    operator: 'strictEqual',
    diff: 'simple'
  }

test at kernel/ts/test/dream.test.ts:214:1
✖ captured scene choices and exact keyed availability reject foreign and stale draws without changing any truth (50.32225ms)
  AssertionError [ERR_ASSERTION]: {"kind":"rejected","error":{"code":"invalid_state"}}
  + actual - expected
  
  + 'rejected'
  - 'accepted'
  
      at Object.invoke (file://[worktree]/kernel/ts/test/dream_fixture.ts:69:12)
      at TestContext.<anonymous> (file://[worktree]/kernel/ts/test/dream.test.ts:217:35)
      at Test.runInAsyncScope (node:async_hooks:227:14)
      at Test.run (node:internal/test_runner/test:1402:25)
      at Test.processPendingSubtests (node:internal/test_runner/test:974:18)
      at Test.postRun (node:internal/test_runner/test:1542:19)
      at Test.run (node:internal/test_runner/test:1467:12)
      at async Test.processPendingSubtests (node:internal/test_runner/test:974:7) {
    generatedMessage: false,
    code: 'ERR_ASSERTION',
    actual: 'rejected',
    expected: 'accepted',
    operator: 'strictEqual',
    diff: 'simple'
  }
