command: mise exec -- npm --prefix mobile/app test
exit: 1

> loka-app@0.0.0 test
> node --test --test-reporter=${TEST_REPORTER:-spec} "../authority/**/*.test.ts" "book/*.test.ts" "*.test.ts"

✔ ../authority/local-story/__tests__/dream-host.test.ts (700.789833ms)
✔ ../authority/local-story/__tests__/elapsed-host.test.ts (601.826125ms)
✔ ../authority/local-story/__tests__/reward-host.test.ts (758.595417ms)
✔ bell-first loss survives real rollback-journal SQLite reopen after every scene line (617.246125ms)
✔ forged lost quest without Ring receipt gives typed save corruption (86.670708ms)
✔ late Ring keeps both Q2 returns playable through cold reopen (854.604791ms)
✔ both completed returns keep Silence and its two scene lines through cold reopen (766.63975ms)
✔ fox terminal requires its own committed Silence receipt (148.380333ms)
✔ Silence receipt rejects foreign actors on linked fact events (533.894708ms)
✔ Silence receipt binds its action, actor and scene cause (2047.573208ms)
✔ fox terminal rejects contradictory saved rows without repairing them (1031.331542ms)
✔ Silence COMMIT uncertainty settles once and its exact receipt replays unchanged (1324.242167ms)
✔ late Ring rejects a receipt with an extra Q2 loss transition (440.555417ms)
✔ bell save contradictions offer typed recovery without changing saved rows (3838.680333ms)
✔ linked Ring receipt fields reject controlled forgeries without repairing rows (5403.326083ms)
✔ Ring COMMIT uncertainty settles to one complete outcome and one replayable receipt (948.940708ms)
✔ saved custody cycle faults in step (599.324833ms)
✔ saved custody cycle faults in list (533.766375ms)
✔ saved custody cycle faults in barrier (539.472583ms)
✔ Take and item-barrier reach preserve the spent decision budget (254.702708ms)
✔ a closed ancestor refuses reach before the hidden cycle (26.506916ms)
✔ saved B2 acceptance and funded turn-in reopen with their exact rows (218.39375ms)
✔ reopen refuses a missing bound expiry job (87.851291ms)
✔ expired B2 obligation reopens with one trust penalty (115.435666ms)
✔ on-time saved axis must agree with its turn-in receipt (120.766084ms)
✔ on-time receipt balances must match funded and saved rows (93.370542ms)
✔ expiry receipt trust scope must name its bound actor (57.190417ms)
✔ reopen derives Reeds from the saved trigger choice, equal to headless play (156.946625ms)
✔ real SQLite reopens Attack and both M4 A rounds with original receipt replay (134.17825ms)
✔ a real rat kill commits corpse and preacceptance credit together and reopens exactly (55.65025ms)
✔ actual lethal combat returns empty-handed and ordinary six-exit journey recovers corpse roots (39.387958ms)
✔ genuine FULL and both unknown-COMMIT outcomes fence a real fatal round (124.212625ms)
✔ saved encounter corruption refuses before exposing play without repairing rows (118.116375ms)
✔ input at the due deadline settles lethal combat before attempting Flee (47.317084ms)
✔ random Flee destination and RNG reopen and replay one SQLite receipt (40.580416ms)
✔ scheduled opponent departure reopens and reconciles before a harmless due combat round (178.96025ms)
✔ real SQLite reopens buy before acceptance, active, and both chronological payout orders (496.793208ms)
✔ purchase receipt retry, sale and buyback cold reopen one exact item and conserved pennies (127.55175ms)
✔ buy under an active and expired S2 retains the exact ledger and pending/failure truth (147.65525ms)
✔ cold open refuses omitted debit, wrong recipient, false prior balance and reversed receipt order (333.67625ms)
✔ shop failed COMMIT and both unknown outcomes retain all prior or all next rows (233.99825ms)
✔ satchel Put/Take is immediately useful but active S2 ancestor Sell is refused (129.249708ms)
✔ v018 ID pin binds the spawned world, purchased torch and worn slot after cold reopen (39.996084ms)
✔ corpse identity, worn roots and shrine return reopen atomically and receipt replay allocates nothing (120.777916ms)
✔ an older release list refuses the corpse release without rewriting it (94.949292ms)
✔ real FULL, failed COMMIT and committed-unknown COMMIT preserve all prior or all next corpse rows (93.189708ms)
✔ save load refuses missing identity, unknown template and illegal corpse custody without repair (54.423916ms)
✔ every intermediate checkpoint and both ended branches cold-open and replay the exact original result once (4909.625917ms)
✔ cold open refuses forged dream truth and receipt producer evidence without changing file bytes (3339.587833ms)
✔ Rest, choice opening, branch selection and final ack settle uncertain COMMIT all old or all new (6092.836833ms)
✔ real elapsed and fatal return preserve the dormant choice until the actor lawfully reaches its actual bed (730.016458ms)
✔ base1000 accounting preserves exact safe boundary quotients and rejects target overflow (1.760208ms)
✔ 9ms and reopened 11ms commit one unit and preserve the durable fractional account (123.109125ms)
✔ negative wall resume rebases without credit then credits the next 20ms (9.008292ms)
✔ a fixed 36hour horizon commits all four daily boundaries in order (69.400041ms)
✔ sixteen segments yield and one reserved input completes at its original finite horizon (92.915416ms)
✔ a current choice crossing departure refuses presence while Leave still closes its continuation (14.042709ms)
✔ preexisting stale input does not account time and synchronous success emits no completion (14.718208ms)
✔ trusted explicit v2 advance raises its durable target and missing checkpoints refuse (34.646125ms)
✔ an elapsed managed session without clocks fails with a typed refusal (28.29575ms)
✔ resume extends durable target debt rather than a lagging head (16.557084ms)
✔ unexpected closed checkpoint evidence blocks play as corrupt until confirmed Start over (10.740791ms)
✔ a valid durable replacement invalidates an old fenced clock and input without writes (25.349542ms)
✔ malformed v2 checkpoints and heads refuse without rewriting their progress (134.703959ms)
✔ a managed v1 upgrade starts its durable account at the actual opening clocks (6.582458ms)
✔ a committed unknown elapsed segment with corrupt checkpoint completes its input as blocked (9.951209ms)
✔ a valid replacement during unknown positive elapsed invalidates the old pending input (67.885833ms)
✔ a private reservation rejects another intent and retains its original bounded input (143.889958ms)
✔ terminal v1 upgrade recovery waits for real SQLite rollback closure before Start over (8.681333ms)
✔ resumed wall survives fractional reconciliation and invalid/stale preflight before a new input (129.333208ms)
✔ a new reservation waits for its actual resumed horizon and yields after sixteen boundaries (58.268083ms)
✔ resume remains armed after fixed A completes and another intent cannot steal its result (41.941667ms)
✔ elapsed receipt survives reopen and replays its first result after later clock commits (96.891666ms)
✔ old run elapsed refuses before receipt lookup after replacement without Host.random (31.602708ms)
✔ unknown elapsed COMMIT fences trusted and player delivery until the real receipt reconciles (14.997416ms)
✔ modal scene keeps Continue-only player controls while elapsed time commits (35.099625ms)
✔ malformed stored command JSON conflicts without state or receipt changes (20.30175ms)
✔ malformed stored response JSON conflicts without state or receipt changes (5.19375ms)
✔ healthy elapsed delivery preserves actual SQLite receipt-read failures (19.522708ms)
✔ a worn cap is still worn after reopen, in the state the headless kernel reaches (39.982042ms)
✔ seed 12: every fault leaves the prior or next revision and the run ends unchanged (6638.432708ms)
✔ seed 366: every fault leaves the prior or next revision and the run ends unchanged (6276.037958ms)
✔ seed 30636: every fault leaves the prior or next revision and the run ends unchanged (6166.606583ms)
✔ seed 300: every fault leaves the prior or next revision and the run ends unchanged (8272.692542ms)
✔ seed 622: every fault leaves the prior or next revision and the run ends unchanged (4921.207834ms)
✔ seed 9633: every fault leaves the prior or next revision and the run ends unchanged (8894.929ms)
✔ seed 2841: every fault leaves the prior or next revision and the run ends unchanged (6276.396458ms)
✔ seed 454: every fault leaves the prior or next revision and the run ends unchanged (6907.761625ms)
✔ seed 172: every fault leaves the prior or next revision and the run ends unchanged (5841.316417ms)
✔ seed 49: every fault leaves the prior or next revision and the run ends unchanged (3900.176625ms)
✔ seed 211: every fault leaves the prior or next revision and the run ends unchanged (2385.951959ms)
✔ seed 1595: every fault leaves the prior or next revision and the run ends unchanged (2283.174542ms)
✔ seed 337982: every fault leaves the prior or next revision and the run ends unchanged (1984.615625ms)
✔ seed 105497: every fault leaves the prior or next revision and the run ends unchanged (1710.5675ms)
✔ seed 81: every fault leaves the prior or next revision and the run ends unchanged (2558.259666ms)
✔ seed 130: every fault leaves the prior or next revision and the run ends unchanged (1537.783ms)
✔ seed 54: every fault leaves the prior or next revision and the run ends unchanged (1661.810083ms)
✔ hand-checked anchors (33.184375ms)
✔ views, a reopen and a changed host clock leave the play_time clock and world as they were (110.91575ms)
✔ backward-anchor metadata accounts reconcile exact prior or next real SQLite evidence (12.78725ms)
✔ failed and lost-ack positive elapsed commits reconcile head receipt and checkpoint together (9.990958ms)
✔ real SQLITE_FULL rolls back elapsed evidence and retries its unchanged candidate (4.811584ms)
✔ a timer completes an unknown player receipt before sampling and emits it once (5.647083ms)
✔ process kill before and after elapsed COMMIT leaves entirely prior or next and reopens once (744.788333ms)
✔ acknowledged Green finale reopens at every line and exports one report (1232.198958ms)
✔ real SQLite reopens every immediate occurrence, exact replay and later ordinary bandage custody (1695.431375ms)
✔ failed and lost COMMIT exchange outcomes reconcile all-prior or all-next rows (902.414709ms)
✔ exchange history corruption refuses without rewriting the SQLite rows (1834.301167ms)
✔ accepted herbs can be dropped, reopened and retrieved for the same exact occurrence (955.855917ms)
✔ B2 and S9 faction receipts reopen in both composed orders without changing pennies (2177.892375ms)
✔ reacceptance retirement and fresh activation reconcile as one real SQLite commit (1457.427458ms)
✔ randomly seeded B5 lineage reopens and Start over preserves the drawn seed (296.609041ms)
✔ trusted elapsed reopens before S9 and reaches the actual herb exchange consumer (818.362792ms)
✔ reopen recomputes possession text and retains earned text after the oar is dropped (60.723792ms)
✔ openStory.invoke refuses a failing chat on Bram by its key (70.348042ms)
✔ lantern-carry plays as its frozen trace; its story point reaches the run's account once (197.664042ms)
✔ lantern-leave plays as its frozen trace; its story point reaches the run's account once (198.755291ms)
✔ an old run's view token is stale after a new game, at the same revision (17.053917ms)
✔ adverse early-possession (47.580083ms)
✔ adverse drop-after-choice-opened (69.441875ms)
✔ adverse walked-away-rejects-new-choice (158.787ms)
✔ adverse walked-away-keeps-receipt (42.131125ms)
✔ adverse altered-choice (144.578792ms)
✔ adverse choice-rollback (52.844417ms)
✔ adverse choice-unknown-commit-absent (65.613209ms)
✔ adverse choice-unknown-commit-committed (55.406792ms)
✔ adverse commit-before-display (901.997042ms)
✔ adverse reading-has-no-effect (53.626542ms)
✔ adverse stale-choice-and-blocked-exit (33.29125ms)
✔ a choice committed with its acknowledgement lost recovers to its receipt, reported once (74.607458ms)
✔ actual torch oil and nested intervals survive cold reopen and sell/buyback with conserved pennies (710.127792ms)
✔ real failed and unknown refill commits reconcile the entire writer group and exact retry (491.986375ms)
✔ corrupt fuel and forged refills refuse without repairing SQLite (925.490708ms)
✔ dark lethal combat cold reopens and permits the gear-free owner corpse walk and exact recovery (1724.137875ms)
✔ a light-only cartridge reopens lawful refill history and rejects a bounded forged charge (143.845042ms)
✔ undeclared fuel rows refuse in a cartridge without light metadata and leave SQLite untouched (21.503375ms)
(node:44994) [MODULE_TYPELESS_PACKAGE_JSON] Warning: Module type of file://[worktree]/mobile/app/book/model.ts is not specified and it doesn't parse as CommonJS.
Reparsing as ES module because module syntax was detected. This incurs a performance overhead.
To eliminate this warning, add "type": "module" to [worktree]/mobile/app/package.json.
(Use `node --trace-warnings ...` to show where the warning was created)
✔ Book binds the exact oil bottle and keeps worn torch controls on the item (85.520583ms)
✔ Book owns authored Refuel aliases on their source and preserves exact invocation identity (171.679667ms)
✔ the app path passes the random source: the pinned context is not the template (41.117458ms)
✔ two new games draw their own seed and world context, pinned and in the trace header (3.3665ms)
✔ a reopen rebuilds the ids from the pinned context: first open, Start over, app update (77.053333ms)
✔ luck replays: the drawn seed is the RNG, and a reopen picks as the same process did (79.706625ms)
✔ a save from before c1-host opens unchanged and plays on (64.463209ms)
✔ a pinned context that is not a WorldContextId is save_corrupt (3.553916ms)
✔ production empty, filled, partial Pour, empty, nested, ground and shop custody reopen exactly (7080.699209ms)
✔ cold open refuses missing, extra, malformed and plausible bounded liquid rows without repair (3155.757ms)
✔ cold open binds every liquid receipt to its historical command, source and complete ordered rows (5551.148666ms)
✔ Pour failed COMMIT and lost acknowledgement fence liquid then reconcile and replay once (1103.419792ms)
✔ actual fatal combat cold reopens the filled shell on its corpse then ordinary recovery (1813.334584ms)
✔ cold open rejects consistent command/event rewrites that cannot derive from the original invocation (444.956708ms)
✔ a tiny world survives a restart with the same state (19.599667ms)
✔ a retried consumed take replays its receipt; altered intent is a conflict (10.126083ms)
✔ a failed attempt and a rejection persist; their retries draw nothing (42.483583ms)
✔ a fault changes nothing and gets no receipt (214.12375ms)
✔ a lost COMMIT acknowledgement reconciles to the committed receipt (11.230916ms)
✔ a genuinely failed COMMIT reconciles to not committed; the retry is a fresh attempt (11.040792ms)
✔ while the COMMIT outcome is unknown every call is fenced; a restart settles it (8.041208ms)
✔ a process killed after COMMIT restarts with the take once and its trace entry once (3184.087667ms)
✔ a definite failure is traced once; a failed trace write changes nothing (13.629667ms)
✔ while the trace is behind no later entry overtakes a missed one (9.873125ms)
✔ an unreadable trace never stops play or the save opening (9.442666ms)
✔ an updated kernel starts a new segment after recovering the old one (9.949334ms)
✔ a transaction a failed ROLLBACK leaves open is never read as saved nor blocks play (15.979917ms)
✔ a save does not open inside a transaction left open (5.274334ms)
✔ jobs survive a restart: waiting to 19:00 after it moves Bram as without it (21.2735ms)
✔ a recipe whose time cost runs a job replays its receipt on retry (7.366458ms)
✔ a move whose reactions commit replays its events byte for byte after a restart (8.246417ms)
✔ a recipe narration's pinned participants survive a restart and replay unchanged (6.049833ms)
✔ a talk committed, then a restart: the stored choice carries its revision and choose works (14.421084ms)
✔ production five preacceptance kills reopen into Maud reward and usable storage (953.86475ms)
✔ each of five missing actual credits refuses reward after early acceptance (1980.916292ms)
(node:45185) [MODULE_TYPELESS_PACKAGE_JSON] Warning: Module type of file://[worktree]/mobile/app/book/model.ts is not specified and it doesn't parse as CommonJS.
Reparsing as ES module because module syntax was detected. This incurs a performance overhead.
To eliminate this warning, add "type": "module" to [worktree]/mobile/app/package.json.
(Use `node --trace-warnings ...` to show where the warning was created)
✔ production Maud completion leaves World free of story-ended claims and storage usable (435.302458ms)
(node:45238) [MODULE_TYPELESS_PACKAGE_JSON] Warning: Module type of file://[worktree]/mobile/app/book/presenter.ts is not specified and it doesn't parse as CommonJS.
Reparsing as ES module because module syntax was detected. This incurs a performance overhead.
To eliminate this warning, add "type": "module" to [worktree]/mobile/app/package.json.
(Use `node --trace-warnings ...` to show where the warning was created)
✔ active chapter five actual kills, shrine return, Maud reward and cold-reopen storage (928.409041ms)
✔ Q1 explicit acceptance, held drawing gate, report priority and durable once-only resolution (338.876167ms)
✔ picking up the clue first starts no quest and acceptance is immediately ready (104.553625ms)
✔ Maud offer and earned turn-in stay usable while Q1 is unaccepted (393.694625ms)
✔ Maud offer and earned turn-in stay usable while Q1 is active (240.773041ms)
✔ Maud offer and earned turn-in stay usable while Q1 is ready (326.120584ms)
✔ Maud offer and earned turn-in stay usable while Q1 is resolved (354.749917ms)
✔ Q1 acceptance, Green pickup, report and Maud offer work throughout the day (2570.054125ms)
✔ Mire Crossing and Fox Hollow offer both approaches and cold return at every hour (11445.196334ms)
✔ Q1 report atomically activates Q2; only guarded Study tracks grants its active first lead (251.165959ms)
✔ SQLite report/Study reopen and exact replay preserve active Q2 and receipt-specific history (490.117375ms)
✔ malformed Study receipt evidence offers typed Start over on reopen (2104.555125ms)
✔ committed combat line indices come from pinned keys and structured receipt events (7.089875ms)
✔ actual adopted rat adjustment commits, reopens pinned HP and replays without another write (96.447334ms)
✔ reopen rejects missing, malformed, or out-of-bounds NPC HP without rewriting progress (57.718625ms)
✔ SQLite FULL, failed COMMIT and lost acknowledgement preserve atomic NPC HP adoption (178.780916ms)
✔ a budget fault is one valid observation of its limit, with the ReplayIds of its decision (18.713042ms)
✔ a failing observation sink changes no reply, revision, storage or retry (17.017125ms)
✔ an older save gains the sink untouched, and the sink keeps the newest 1000 records (890.364416ms)
✔ each NEW decision, accepted, rejected or fault, is one kernel.decision_latency (191.390041ms)
✔ a clock changes no reply or durable state when a COMMIT is held, then committed (22.747584ms)
✔ a real committed elapsed then ordinary local trace replays identically with header run preflight (5288.579292ms)
(node:45280) [MODULE_TYPELESS_PACKAGE_JSON] Warning: Module type of file://[worktree]/mobile/app/book/presenter.ts is not specified and it doesn't parse as CommonJS.
Reparsing as ES module because module syntax was detected. This incurs a performance overhead.
To eliminate this warning, add "type": "module" to [worktree]/mobile/app/package.json.
(Use `node --trace-warnings ...` to show where the warning was created)
✔ real SQLite reopens every finite leg and explicit pause boundary (7134.631833ms)
✔ actual cellar death separates concurrent Wren, resets patrol, and permits Restart after cold reopen (7194.470292ms)
▶ full retained receipt replay refuses forged patrol rows and proofs without rewriting SQLite
  ✔ actor_id (485.39825ms)
  ✔ body_id (476.137125ms)
  ✔ npc_id (670.2135ms)
  ✔ quest_instance_id (580.54425ms)
  ✔ continuation_id (665.980792ms)
  ✔ attempt_id (505.591459ms)
  ✔ cursor (757.188875ms)
  ✔ credit (777.976333ms)
  ✔ status (885.86425ms)
  ✔ fractional (569.245ms)
  ✔ missing (631.583667ms)
  ✔ scope (720.644625ms)
  ✔ cause (604.589ms)
  ✔ source (687.802916ms)
  ✔ lost-transition (791.760583ms)
✔ full retained receipt replay refuses forged patrol rows and proofs without rewriting SQLite (9813.513083ms)
▶ real failed and acknowledged-lost COMMIT reconcile one leader departure and exact Book retry
  ✔ failed (759.254792ms)
  ✔ lost (1341.10325ms)
✔ real failed and acknowledged-lost COMMIT reconcile one leader departure and exact Book retry (2101.095583ms)
▶ final player join commits movement, terminal quest and trust together across both uncertain outcomes
  ✔ failed (2018.821458ms)
  ✔ lost (1596.242959ms)
✔ final player join commits movement, terminal quest and trust together across both uncertain outcomes (3616.282417ms)
✔ real original-Tobin C1 lessons reopen during patrol and completion grants trust alone (1948.857041ms)
✔ a seated player is still sitting after reopen, in the state the headless kernel reaches (77.278291ms)
(node:45295) [MODULE_TYPELESS_PACKAGE_JSON] Warning: Module type of file://[worktree]/mobile/app/book/presenter.ts is not specified and it doesn't parse as CommonJS.
Reparsing as ES module because module syntax was detected. This incurs a performance overhead.
To eliminate this warning, add "type": "module" to [worktree]/mobile/app/package.json.
(Use `node --trace-warnings ...` to show where the warning was created)
✔ real SQLite preserves original books through ground Take nested open Read closure travel and reread (6842.992917ms)
✔ real failed and lost COMMIT outcomes fence Read then retry and replay once (3491.14975ms)
✔ historical Read and known-topic truth reject wrong actor book definition cause missing grants and closed custody (2321.123292ms)
✔ actual fatal fight reopens with learned topics and gear-free recovery Takes the original books (1135.960875ms)
✔ saved 19:00 novice overlap and 20:00 departure retain original pending speaker (607.154458ms)
✔ Book remount during lost Read acknowledgement waits for confirmation then routes its one recovered page (566.659375ms)
✔ readable-only SQLite recovery rejects forged narration without another history consumer (95.535042ms)
(node:45298) [MODULE_TYPELESS_PACKAGE_JSON] Warning: Module type of file://[worktree]/mobile/app/book/model.ts is not specified and it doesn't parse as CommonJS.
Reparsing as ES module because module syntax was detected. This incurs a performance overhead.
To eliminate this warning, add "type": "module" to [worktree]/mobile/app/package.json.
(Use `node --trace-warnings ...` to show where the warning was created)
✔ Book preserves an aliased Read place offer and exact target through a live redraw (220.509625ms)
✔ a leftover transaction is settled before the trace catches up (94.372709ms)
✔ a file that is not a database or has a corrupt page is save_corrupt (55.625125ms)
✔ a head with a damaged column is save_corrupt; its new game recreates the head (87.948625ms)
✔ at the cap a new game deletes the oldest run whole and keeps the current one (243.487833ms)
✔ a run alone at the cap keeps its beginning and appends no more entries (446.852625ms)
✔ a new game at the cap makes room for its header by deleting the old run (300.335375ms)
✔ a run that drops an entry pair below the cap writes nothing more (307.704125ms)
✔ catch-up at the cap boundary writes a missed entry at 4,998 rows and not at 4,999 (680.978542ms)
✔ Rest/reopen/Stand keeps literal fractions and replays the Rest receipt without writes (219.716042ms)
✔ load refuses corrupt opted rows without rewriting stored progress (134.975042ms)
✔ reconciled adoption rejects wrong authored rate and keeps the prior confirmed view (84.24675ms)
✔ bundled sampler pays MV1 and rests twice as fast before reaching its pool cap (192.448208ms)
✔ real SQLite write failures keep the pool and position together until the unchanged retry commits (128.930125ms)
✔ five actual preacceptance kills reopen into one atomic reward and identity-preserving storage (803.816542ms)
✔ real rollback, failed COMMIT and lost acknowledgement preserve complete old/new reward rows across reopen (898.591792ms)
✔ sampler invocation walk reaches all six rooms and resumes the carried ending at line two (212.632ms)
✔ leaving the lantern resolves with the fallback journal and no carried chapter or scene (182.428542ms)
✔ a new save allocates and pins its identity; a restart and a replay reuse it (20.853333ms)
✔ a save whose pinned release is missing is refused untouched; a new game moves on (9.174292ms)
✔ a save of an unknown format is refused with nothing written and no new game (125.471333ms)
✔ a damaged identity is save_corrupt and untouched; its new game repairs it (415.097209ms)
✔ an app update reopens a save on its pinned release; new games pin the newest (46.342833ms)
✔ a save that does not parse is save_corrupt until the player starts a new game (39.920167ms)
✔ a new game replaces the save; an old invocation id is new again (16.719708ms)
✔ a new game that fails part way leaves the old save and memory (33.165125ms)
✔ a new game settles a pending attempt first, in the run it was made in (13.467208ms)
✔ a new game whose COMMIT is unknown is fenced; settling it moves play to the new run (10.70775ms)
✔ a new game whose COMMIT fails keeps the old save, memory and receipts (26.998542ms)
✔ a committed new game is adopted before play; a retry does not replace it twice (53.548083ms)
✔ a corrupt save's new game settles its COMMIT like any other (41.610958ms)
✔ a new run's entries missed by the trace follow its own header (11.56275ms)
✔ a new game after a settled one replaces the save again (17.076208ms)
✔ line two survives reopen and triggering receipt retry without duplicate effects (172.076833ms)
(node:45788) [MODULE_TYPELESS_PACKAGE_JSON] Warning: Module type of file://[worktree]/mobile/app/book/presenter.ts is not specified and it doesn't parse as CommonJS.
Reparsing as ES module because module syntax was detected. This incurs a performance overhead.
To eliminate this warning, add "type": "module" to [worktree]/mobile/app/package.json.
(Use `node --trace-warnings ...` to show where the warning was created)
✔ room-before-Rest, meal, partial/empty ale reopen and exact retries preserve the next real consumer (3326.7645ms)
✔ forged bounded service rows and swapped/omitted historical service evidence refuse without repair (5499.807792ms)
✔ real failed COMMIT and both uncertain outcomes keep room/meal/ale all old or all new (3520.434958ms)
✔ real Book captured alias press and lost acknowledgement restore one original-Maud line (2482.59475ms)
✔ S1 remains reachable beside services and same-body fatal return reopens the paid bed truth (2428.748083ms)
✔ a pending start over whose retry fails shows that error, not "not confirmed" (83.530042ms)
✔ catch-up conflicts preserve the original attempt and matching retries keep its identity (393.504833ms)
✔ invalid and cyclic shared input refuses before snapshot or elapsed sampling (49.730334ms)
✔ missing elapsed columns after unknown metadata or gameplay commit block and permit explicit recovery (115.912042ms)
✔ corrupt elapsed recovery binds valid, malformed, and absent original headers without erasing a replacement (281.432334ms)
✔ loaded elapsed recovery refuses newer and malformed same-run formats without writes (62.247166ms)
✔ changed refused elapsed header classifies malformed before differing valid run and preserves newer formats (36.701084ms)
(node:45978) [MODULE_TYPELESS_PACKAGE_JSON] Warning: Module type of file://[worktree]/mobile/app/book/presenter.ts is not specified and it doesn't parse as CommonJS.
Reparsing as ES module because module syntax was detected. This incurs a performance overhead.
To eliminate this warning, add "type": "module" to [worktree]/mobile/app/package.json.
(Use `node --trace-warnings ...` to show where the warning was created)
✔ a scripted session survives a restart and plays on (185.473625ms)
✔ an invalid press before a save does not make the next id collide after a restart (18.315459ms)
✔ an unknown COMMIT shows pending, not a success; a restart shows what committed (13.9415ms)
✔ a pending press is retried with its own id and replays what committed (12.119875ms)
✔ a same-scope receipt from another allocator does not move the id counter (205.262916ms)
✔ a failed write is not claimed unsaved; the next press retries it (11.300042ms)
✔ a read error after a durable commit does not commit the press twice (12.929667ms)
✔ a confirmed receipt that is not a decision is a conflict and ends the attempt (12.828083ms)
✔ start over replaces a file that does not open with a fresh game (32.123375ms)
✔ start over of a damaged identity keeps the file and its old run (14.713042ms)
✔ a damaged receipt index fails the open with start over, which gives a fresh game (18.417125ms)
✔ a newer app's save is never started over (9.711541ms)
✔ a start over whose delete failed can be tried again (197.706458ms)
✔ an open that fails but not as corrupt is never started over (5.268042ms)
✔ a start over that fails during play keeps the game and its retry (8.498959ms)
✔ a pending start over leaves no game to play until it settles (13.4185ms)
✔ the gate tap script ends at its declared state, wherever the kills fall (74.607209ms)
﹣ the save copied from the phone equals the reference (0.0825ms) # SKIP
(node:46106) [MODULE_TYPELESS_PACKAGE_JSON] Warning: Module type of file://[worktree]/mobile/app/book/presenter.ts is not specified and it doesn't parse as CommonJS.
Reparsing as ES module because module syntax was detected. This incurs a performance overhead.
To eliminate this warning, add "type": "module" to [worktree]/mobile/app/package.json.
(Use `node --trace-warnings ...` to show where the warning was created)
✔ a corrupt report page: Start over gives a working save (387.019666ms)
✔ a corrupt sqlite_autoindex_report_1 page: Start over gives a working save (162.299125ms)
✔ a malformed report index record: Start over gives a working save (47.87425ms)
✔ an intact report table survives Start over in place (25.242709ms)
✔ the latest committed narration is read again on reopen, from the receipts (28.431583ms)
✔ an older save reopens with its narration and keeps its report on Start over (33.675834ms)
✔ a malformed receipt response: Start over keeps the pending report (31.079167ms)
✔ a narration read that fails on a lock offers no Start over (25.498292ms)
✔ a save with no body row: save_corrupt, Start over repairs it in place (27.102667ms)
✔ a save with a null choice: save_corrupt, Start over repairs it in place (24.552708ms)
✔ a save with an empty resource: save_corrupt, Start over repairs it in place (27.003042ms)
✔ a receipt narration line that is null: save_corrupt at open, Start over repairs it (31.253334ms)
✔ a receipt response that is not a decision replays as a conflict (10.065958ms)
✔ elapsed NOTADB and page corruption recover only through explicit working Start over (31.562209ms)
✔ unreadable elapsed opening refuses a newly readable replacement and waits on real SQLite uncertainty (19.210166ms)
✔ a story point reached offline is captured once, survives restart, and is delivered (98.310083ms)
✔ a run is bound once, when it starts; each of its reports carries that binding (24.54375ms)
✔ a story point whose report is malformed is not committed (9.651083ms)
✔ a pending report leaves the canonical state hash unchanged (155.826416ms)
✔ a report commits with its gameplay result or not at all (45.803709ms)
✔ a new game keeps a pending report, delivered under its original run (19.694958ms)
✔ a lost reply is retried and reads back the one acceptance (17.208791ms)
✔ an acceptance of another payload needs attention (12.709292ms)
✔ an acknowledgement that does not commit stops the batch; the next call resends it (27.092583ms)
✔ a report that always fails does not hold back the rest (44.5235ms)
✔ delivery is bounded, persists each disposition and drops nothing (52.461708ms)
✔ real SQLite cold reopen retains both lessons, exact replay, wear, Attack and defended due state (621.252541ms)
✔ forged lesson receipts and contradictory acquired rows reopen as save_corrupt without rewriting (1476.609542ms)
✔ each foreign lesson event identity refuses file-backed reopen after lawful later custody (1088.36475ms)
✔ real failed and lost-ack COMMIT keep all prior or all next lesson rows and retry once (345.346583ms)
✔ defense hit/loss conjunction is guarded at saved-receipt and narration boundaries (296.848333ms)
✔ trained player death cold reopens and recovers the exact worn lesson sword (261.21425ms)
✔ authored training/shop/S2 orders retain conserved pennies and trained five-rat reward/storage (26810.909583ms)
(node:46340) [MODULE_TYPELESS_PACKAGE_JSON] Warning: Module type of file://[worktree]/mobile/app/book/presenter.ts is not specified and it doesn't parse as CommonJS.
Reparsing as ES module because module syntax was detected. This incurs a performance overhead.
To eliminate this warning, add "type": "module" to [worktree]/mobile/app/package.json.
(Use `node --trace-warnings ...` to show where the warning was created)
✔ original message branch and terminal reopen with their own NPC narration and exact replay (956.912416ms)
✔ Drop and held-container Put reopen and recover the same item; stale handoff never prints success (819.100041ms)
✔ fatal combat and cold reopen preserve the message through ordinary corpse recovery (735.097542ms)
✔ elapsed redraw keeps an unchanged message choice usable (411.876791ms)
▶ retained delivery evidence corruption is typed even behind an unrelated latest receipt
  ✔ missing branch row (230.201208ms)
  ✔ wrong message role (245.12525ms)
  ✔ null retained source (412.690041ms)
  ✔ branch fact reset (223.168333ms)
  ✔ branch fact deleted (228.283958ms)
  ✔ message in unrelated NPC (463.67825ms)
  ✔ message nested in NPC-held container (297.663833ms)
  ✔ malformed receipt command JSON (257.845583ms)
  ✔ receipt transfer removed (310.283167ms)
  ✔ receive narration names another speaker (430.592125ms)
  ✔ terminal fact event missing (357.580166ms)
  ✔ terminal status reset (518.13975ms)
  ✔ terminal message returned to actor (407.003959ms)
  ✔ terminal quest reopened (337.612708ms)
✔ retained delivery evidence corruption is typed even behind an unrelated latest receipt (4722.943083ms)
✔ failed and lost branch/terminal COMMIT keep narration and custody behind confirmed disk (1991.633792ms)
✔ v012 refuses the frozen v010 SQLite save and offers explicit Start over without changing it (187.061833ms)
✔ terminal quest without a message branch refuses reopen and requires explicit Start over (758.304917ms)
(node:46420) [MODULE_TYPELESS_PACKAGE_JSON] Warning: Module type of file://[worktree]/mobile/app/book/presenter.ts is not specified and it doesn't parse as CommonJS.
Reparsing as ES module because module syntax was detected. This incurs a performance overhead.
To eliminate this warning, add "type": "module" to [worktree]/mobile/app/package.json.
(Use `node --trace-warnings ...` to show where the warning was created)
✔ real SQLite reopens at counts zero one two, third close, reset and resolved ward (3464.165167ms)
✔ wrong final-wrong and correct commits reconcile both real outcomes and exact replay once (4502.818375ms)
✔ bounded saves refuse forged rows and wrong receipts without deleting progress (5410.887916ms)
✔ unjustified discovery and topic facts fail cold-open reconciliation (763.364833ms)
✔ receipt association checks reject forged actor source and quest independently of later save consumers (240.016458ms)
✔ cold-open verifies the ward Talk selector against its saved source (366.258375ms)
(node:46421) [MODULE_TYPELESS_PACKAGE_JSON] Warning: Module type of file://[worktree]/mobile/app/book/presenter.ts is not specified and it doesn't parse as CommonJS.
Reparsing as ES module because module syntax was detected. This incurs a performance overhead.
To eliminate this warning, add "type": "module" to [worktree]/mobile/app/package.json.
(Use `node --trace-warnings ...` to show where the warning was created)
▶ malformed Q1 after rescue selection or completion offers typed recovery without replacing progress
  ✔ following row: null (985.584333ms)
  ✔ following row: false (603.672875ms)
  ✔ following row: 0 (514.842084ms)
  ✔ following row: [] (482.3255ms)
  ✔ following row: {} (441.696459ms)
  ✔ following row: {"quest":{},"scope":{}} (624.491167ms)
  ✔ following row: {"quest":true,"scope":true} (383.650834ms)
  ✔ following quest: {} (709.657ms)
  ✔ following scope: {} (450.00575ms)
  ✔ completed row: null (579.955334ms)
  ✔ completed row: false (597.410125ms)
  ✔ completed row: 0 (1173.540959ms)
  ✔ completed row: [] (568.662125ms)
  ✔ completed row: {} (829.063167ms)
  ✔ completed row: {"quest":{},"scope":{}} (779.113167ms)
  ✔ completed row: {"quest":true,"scope":true} (647.785792ms)
  ✔ completed quest: {} (499.574625ms)
  ✔ completed scope: {} (497.992542ms)
✔ malformed Q1 after rescue selection or completion offers typed recovery without replacing progress (11397.063042ms)
✔ real SQLite rescue reopens start, death separation, Rejoin and terminal with their own narration (1625.1485ms)
▶ retained rescue identity, physical state and own receipts reject corruption behind a later look
  ✔ missing escort row (238.177125ms)
  ✔ substituted bound NPC (187.822083ms)
  ✔ wrong quest instance (302.553875ms)
  ✔ wrong originating continuation (243.388208ms)
  ✔ following NPC in another room (206.211625ms)
  ✔ separated without committed death (217.3225ms)
  ✔ rescue message removed from Vesper (210.951167ms)
  ✔ rescue branch changed to stays (219.828625ms)
  ✔ missing start receipt (251.234167ms)
  ✔ old start receipt missing escort transition (309.225792ms)
  ✔ forged rescued terminal without turn-in (227.298542ms)
  ✔ rescued terminal rewritten to stays (289.851959ms)
  ✔ completed Wren moved away from Elspeth (252.04075ms)
✔ retained rescue identity, physical state and own receipts reject corruption behind a later look (3158.094042ms)
(node:46971) [MODULE_TYPELESS_PACKAGE_JSON] Warning: Module type of file://[worktree]/mobile/app/book/presenter.ts is not specified and it doesn't parse as CommonJS.
Reparsing as ES module because module syntax was detected. This incurs a performance overhead.
To eliminate this warning, add "type": "module" to [worktree]/mobile/app/package.json.
(Use `node --trace-warnings ...` to show where the warning was created)
✔ file-backed riddle cold opens before, after wrong and after success with exact replay/conflict (1327.777292ms)
✔ stored riddle command, binding and root evidence mismatches become typed save corruption (1483.821834ms)
▶ malformed retained riddle source offers typed recovery and explicit Start over
  ✔ null source (223.265625ms)
  ✔ missing source (308.258167ms)
✔ malformed retained riddle source offers typed recovery and explicit Start over (532.174708ms)
✔ answer input refreshes only across unchanged offered riddle context and reads its own eventless receipt (183.646708ms)
✔ failed and lost COMMIT answers retain the exact invocation and answer until reconciliation (671.634958ms)
(node:47036) [MODULE_TYPELESS_PACKAGE_JSON] Warning: Module type of file://[worktree]/mobile/app/book/c1.test.ts is not specified and it doesn't parse as CommonJS.
Reparsing as ES module because module syntax was detected. This incurs a performance overhead.
To eliminate this warning, add "type": "module" to [worktree]/mobile/app/package.json.
(Use `node --trace-warnings ...` to show where the warning was created)
✔ exit door actions keep their direction and remain separate from walking (3.015875ms)
✔ worn items and reachable nested contents offer actions on their own ids (30.633875ms)
✔ same-room actions retain projected item pages and remove pages hidden by a closed lid (20.49275ms)
✔ chapter changes queue one title which survives scene lines and acknowledgement (1.097ms)
✔ band phrases and the hp accessibility label use the cartridge catalog (2.916417ms)
✔ scene Continue and position verbs have dedicated groups (0.812291ms)
(node:47054) [MODULE_TYPELESS_PACKAGE_JSON] Warning: Module type of file://[worktree]/mobile/app/book/combat.test.ts is not specified and it doesn't parse as CommonJS.
Reparsing as ES module because module syntax was detected. This incurs a performance overhead.
To eliminate this warning, add "type": "module" to [worktree]/mobile/app/package.json.
(Use `node --trace-warnings ...` to show where the warning was created)
✔ combat page lists offered controls vertically below history in one scroll (41.9ms)
✔ committed opponent death narrates once through the existing subscription (4.113333ms)
✔ confirmed encounter foregrounds another page and closure or death restores the World (73.847208ms)
✔ Attack opens its committed page; pending and refused Flee stay until committed escape (7.908709ms)
✔ reopening an encounter restores the combat page and last committed narration (0.870167ms)
✔ reopening after escape or either death never restores combat into the World log (2.741833ms)
(node:47170) [MODULE_TYPELESS_PACKAGE_JSON] Warning: Module type of file://[worktree]/mobile/app/book/dream.test.ts is not specified and it doesn't parse as CommonJS.
Reparsing as ES module because module syntax was detected. This incurs a performance overhead.
To eliminate this warning, add "type": "module" to [worktree]/mobile/app/package.json.
(Use `node --trace-warnings ...` to show where the warning was created)
✔ live first Rest, nested Close/Resume, captured branches, final ack and cold World resume use the actual bed (3320.042ms)
✔ uncertain paid Rest remount opens the first dream only when the original COMMIT settles (1217.97975ms)
(node:47171) [MODULE_TYPELESS_PACKAGE_JSON] Warning: Module type of file://[worktree]/mobile/app/book/infirmary.test.ts is not specified and it doesn't parse as CommonJS.
Reparsing as ES module because module syntax was detected. This incurs a performance overhead.
To eliminate this warning, add "type": "module" to [worktree]/mobile/app/package.json.
(Use `node --trace-warnings ...` to show where the warning was created)
✔ Book patch and Wick controls use confirmed exact targets, readiness and journal state (694.177583ms)
(node:47281) [MODULE_TYPELESS_PACKAGE_JSON] Warning: Module type of file://[worktree]/mobile/app/book/item_detail.test.ts is not specified and it doesn't parse as CommonJS.
Reparsing as ES module because module syntax was detected. This incurs a performance overhead.
To eliminate this warning, add "type": "module" to [worktree]/mobile/app/package.json.
(Use `node --trace-warnings ...` to show where the warning was created)
✔ retained item results appear chronologically between description and options, empty log omitted (620.211584ms)
(node:47282) [MODULE_TYPELESS_PACKAGE_JSON] Warning: Module type of file://[worktree]/mobile/app/book/joystick.test.ts is not specified and it doesn't parse as CommonJS.
Reparsing as ES module because module syntax was detected. This incurs a performance overhead.
To eliminate this warning, add "type": "module" to [worktree]/mobile/app/package.json.
(Use `node --trace-warnings ...` to show where the warning was created)
✔ a drag points at the exit in its 90-degree quadrant, only if that exit exists (1.222792ms)
✔ a drag inside the cancel radius points at nothing (0.140375ms)
✔ the label sits opposite the drag, and above for a kept note (0.7445ms)
✔ stair nodes are reached by dragging out to them, only when the exit exists (0.120875ms)
✔ a choice opened during a drag keeps the original context stale and commits no move (331.828792ms)
✔ refused drags do not grow the log without bound (947.652583ms)
(node:47283) [MODULE_TYPELESS_PACKAGE_JSON] Warning: Module type of file://[worktree]/mobile/app/book/keyboard.test.ts is not specified and it doesn't parse as CommonJS.
Reparsing as ES module because module syntax was detected. This incurs a performance overhead.
To eliminate this warning, add "type": "module" to [worktree]/mobile/app/package.json.
(Use `node --trace-warnings ...` to show where the warning was created)
✔ web keyboard uses offered exits and keeps focused controls (2.673125ms)
✔ Book captures movement keys only on an active World page (47.903208ms)
(node:47372) [MODULE_TYPELESS_PACKAGE_JSON] Warning: Module type of file://[worktree]/mobile/app/book/liquid.test.ts is not specified and it doesn't parse as CommonJS.
Reparsing as ES module because module syntax was detected. This incurs a performance overhead.
To eliminate this warning, add "type": "module" to [worktree]/mobile/app/package.json.
(Use `node --trace-warnings ...` to show where the warning was created)
✔ Book preserves exact water pairs and invalidates changed quantities in displayed context (1230.724083ms)
✔ Book restores liquid narration on the exact saved source detail after SQLite reopen (1026.516083ms)
✔ loaded liquid aliases reach exact Book presses and matching target/input/policy refusal (6576.72275ms)
✔ aliased liquid freshness refuses a stale pair after another committed drink (444.070334ms)
(node:47453) [MODULE_TYPELESS_PACKAGE_JSON] Warning: Module type of file://[worktree]/mobile/app/book/live_actions.test.ts is not specified and it doesn't parse as CommonJS.
Reparsing as ES module because module syntax was detected. This incurs a performance overhead.
To eliminate this warning, add "type": "module" to [worktree]/mobile/app/package.json.
(Use `node --trace-warnings ...` to show where the warning was created)
✔ after Bram acceptance an unchanged north drag crosses a pulse and commits exactly one move (549.958292ms)
✔ sampler Bram offers at19:00 and receives the fetched lantern the next day without waiting (206.844833ms)
✔ a captured north action never becomes north from a different origin room (88.984166ms)
✔ Maud acceptance, position and item buttons survive elapsed-only redraws (231.427792ms)
✔ an altered captured choice is refused without sending a new decision (152.038375ms)
✔ old Leave and departed Bram actions keep stale refusal after context changes (125.006625ms)
✔ a held answer refuses after its speaker departs during the elapsed pulse (70.329792ms)
✔ combat context changes refuse old Look while an unchanged encounter tolerates a pulse (101.273375ms)
✔ pending move retry adopts its original durable receipt once without a second action (88.816667ms)
✔ withdrawn or changed-context Notice controls retain their captured stale token (58.298834ms)
(node:47479) [MODULE_TYPELESS_PACKAGE_JSON] Warning: Module type of file://[worktree]/mobile/app/book/model.test.ts is not specified and it doesn't parse as CommonJS.
Reparsing as ES module because module syntax was detected. This incurs a performance overhead.
To eliminate this warning, add "type": "module" to [worktree]/mobile/app/package.json.
(Use `node --trace-warnings ...` to show where the warning was created)
✔ exits, the look title, place actions and a thing page come from the right buttons (2.716041ms)
✔ position cycling skips absent offers and retains the offered freshness (0.384792ms)
✔ a touch link is shown as its label (0.360709ms)
✔ a choice's answers and Close are their own group, not place actions (0.696833ms)
✔ the character label says the hp band and no other (0.436041ms)
✔ the absent-speaker line shows only when the speaker is not here (0.246833ms)
✔ a restored choice opens its actual speaker detail or retained conversation (0.282583ms)
✔ a closed exit's log line and a capitalised title (48.671791ms)
✔ a move refused at 0 MV says the body is too exhausted (1.082166ms)
✔ a hint survives a store that throws, for this session (0.370708ms)
✔ the status line shows the double hour as its earthly branch (1.608625ms)
(node:47513) [MODULE_TYPELESS_PACKAGE_JSON] Warning: Module type of file://[worktree]/mobile/app/book/notice_board.test.ts is not specified and it doesn't parse as CommonJS.
Reparsing as ES module because module syntax was detected. This incurs a performance overhead.
To eliminate this warning, add "type": "module" to [worktree]/mobile/app/package.json.
(Use `node --trace-warnings ...` to show where the warning was created)
✔ landing detail and two board children read exact targets and pop back without navigation receipts (628.696084ms)
✔ the south search reaches the oak and returns through visible fox clues (384.314167ms)
✔ cold Continue shows the confirmed notice once and restores its return route without Read (395.922708ms)
✔ an uncertain child read keeps an empty detail until its one receipt is confirmed (85.453959ms)
✔ long elapsed redraw retains board route and a real room change prunes it (129.876458ms)
✔ notice entries use available exact-target aliases and expose unavailable reasons (146.757958ms)
✔ Elspeth stays reachable all day and her Book replies direct a newcomer along usable exits (975.277625ms)
✔ Q1 drawing opens full item detail with Take and local Leave (110.066ms)
✔ plank and hollow open descriptive noun detail pages without story credit (242.7065ms)
✔ Study is a detail-only empty-target control after Read/history and refreshes across elapsed redraw (192.048833ms)
✔ pending Study retains its detail context and restores exactly once without World narration (369.37225ms)
(node:47516) [MODULE_TYPELESS_PACKAGE_JSON] Warning: Module type of file://[worktree]/mobile/app/book/polish.test.ts is not specified and it doesn't parse as CommonJS.
Reparsing as ES module because module syntax was detected. This incurs a performance overhead.
To eliminate this warning, add "type": "module" to [worktree]/mobile/app/package.json.
(Use `node --trace-warnings ...` to show where the warning was created)
✔ room is focused while Map retains directions and every detail returns to the world (670.025583ms)
✔ a postcommit narration read fault preserves the saved result and clears retry context (408.275916ms)
✔ NPC history has distinct journal events and one confirmed Leave after the scrolling log (331.312917ms)
✔ only World position taps directly cycle the offered states with captured freshness (161.725791ms)
✔ an NPC choice retried from the world keeps its result in the original detail (138.2915ms)
✔ only confirmed pickup returns World, including a retry from another page (196.670125ms)
✔ touch omits incomplete Give but the complete item and recipient command remains valid (209.003708ms)
✔ inventory Drop returns World with one named event only after confirmation (144.60325ms)
✔ other item actions retain their detail and show their consequences there (100.192417ms)
✔ elapsed confirmed boundaries retain Conversation and chapter acknowledgment without page flips (222.595458ms)
✔ delayed Take returns once with its original item name after a conflicting tap (345.892ms)
✔ delayed actual quest completion adds one authored result and Journal updated in original history (236.882125ms)
✔ actual trunk detail explains refused Take and restores its button after Remove then Drop (402.312917ms)
(node:47658) [MODULE_TYPELESS_PACKAGE_JSON] Warning: Module type of file://[worktree]/mobile/app/book/presenter.test.ts is not specified and it doesn't parse as CommonJS.
Reparsing as ES module because module syntax was detected. This incurs a performance overhead.
To eliminate this warning, add "type": "module" to [worktree]/mobile/app/package.json.
(Use `node --trace-warnings ...` to show where the warning was created)
✔ pending and refused Take/Drop/Leave retain detail routing and unchanged custody (22.724666ms)
✔ journal cues belong only to changed NPC histories (0.960875ms)
✔ recovery removes the current heading but retains an unclassified consequence (0.390375ms)
✔ confirmed room change clears old history before adding new authored consequences (2.189083ms)
✔ World omits the routine Close fallback while retaining authored consequences (17.732791ms)
✔ a restored committed narration is not duplicated by its pending receipt retry (0.504208ms)
✔ a move rejected for want of MV says the body is too exhausted (0.296083ms)
✔ the log stops growing in one room, its last line the latest answer (4.593708ms)
✔ the save-error line says a pending start over in words and shows any other message (0.347209ms)
✔ a narration recovery fault holds combat results while their line routing is unavailable (0.714792ms)
✔ combat receipt history is once-only when completion follows an already displayed state (0.514625ms)
(node:47664) [MODULE_TYPELESS_PACKAGE_JSON] Warning: Module type of file://[worktree]/mobile/app/book/priory.test.ts is not specified and it doesn't parse as CommonJS.
Reparsing as ES module because module syntax was detected. This incurs a performance overhead.
To eliminate this warning, add "type": "module" to [worktree]/mobile/app/package.json.
(Use `node --trace-warnings ...` to show where the warning was created)
✔ actual nested book Item opens locally and Read stays between description and options with local Back (1159.735084ms)
✔ Book restores Ward or Bell once through pulse after remount during uncertain Read (2194.747916ms)
✔ Book restores Ward or Bell once through title press after remount during uncertain Read (1878.64025ms)
(node:47670) [MODULE_TYPELESS_PACKAGE_JSON] Warning: Module type of file://[worktree]/mobile/app/book/readable.test.ts is not specified and it doesn't parse as CommonJS.
Reparsing as ES module because module syntax was detected. This incurs a performance overhead.
To eliminate this warning, add "type": "module" to [worktree]/mobile/app/package.json.
(Use `node --trace-warnings ...` to show where the warning was created)
✔ production Read targets retain confirmed detail messages without changing state (452.874208ms)
✔ uncertain Read recovers its one receipt and narration, then reads again after cold reopen (150.154416ms)
✔ stale and refused Read retain their target and never narrate an unread body (71.926791ms)
✔ held Read survives the authored 68350 to 68400 pulse with authority freshness intact (54.956584ms)
✔ cold reopen refuses a committed Read whose stored target is malformed (224.181833ms)
✔ invalid Read JSON offers in-place Start over and leaves older pins explicitly refused (210.976792ms)
(node:47786) [MODULE_TYPELESS_PACKAGE_JSON] Warning: Module type of file://[worktree]/mobile/app/book/reward_storage.test.ts is not specified and it doesn't parse as CommonJS.
Reparsing as ES module because module syntax was detected. This incurs a performance overhead.
To eliminate this warning, add "type": "module" to [worktree]/mobile/app/package.json.
(Use `node --trace-warnings ...` to show where the warning was created)
✔ Book sends the projected Put pair and original freshness through normal touch and receipt routing (684.604625ms)
(node:47862) [MODULE_TYPELESS_PACKAGE_JSON] Warning: Module type of file://[worktree]/mobile/app/book/riddle.test.ts is not specified and it doesn't parse as CommonJS.
Reparsing as ES module because module syntax was detected. This incurs a performance overhead.
To eliminate this warning, add "type": "module" to [worktree]/mobile/app/package.json.
(Use `node --trace-warnings ...` to show where the warning was created)
✔ NPC detail tiles edit a bounded word and submit retry/correct results after history (758.281417ms)
(node:47863) [MODULE_TYPELESS_PACKAGE_JSON] Warning: Module type of file://[worktree]/mobile/app/book/shop.test.ts is not specified and it doesn't parse as CommonJS.
Reparsing as ES module because module syntax was detected. This incurs a performance overhead.
To eliminate this warning, add "type": "module" to [worktree]/mobile/app/package.json.
(Use `node --trace-warnings ...` to show where the warning was created)
✔ Peg detail binds exact available item, merchant and quote (392.187542ms)
(node:47895) [MODULE_TYPELESS_PACKAGE_JSON] Warning: Module type of file://[worktree]/mobile/app/book/touch.test.ts is not specified and it doesn't parse as CommonJS.
Reparsing as ES module because module syntax was detected. This incurs a performance overhead.
To eliminate this warning, add "type": "module" to [worktree]/mobile/app/package.json.
(Use `node --trace-warnings ...` to show where the warning was created)
✔ talk by day offers one button per choice and Close; carry narrates (459.24925ms)
✔ a second press from the same screen is a stale view and changes nothing (54.543542ms)
✔ a reopen shows the last committed narration first; a fresh game none (219.539959ms)
✔ walked away: the choices say why, Close leaves the quest open, the landing resolves it (101.064625ms)
✔ the log has story words, never a kernel code, across both endings (188.423833ms)
✔ an NPC who leaves while you stay is logged, and nothing else (287.422083ms)
✔ closed answers and a stale answer give their reason in words, not their code (81.746ms)
✔ the Lantern gate unlocks and opens through its projected exit buttons (146.517292ms)
(node:47939) [MODULE_TYPELESS_PACKAGE_JSON] Warning: Module type of file://[worktree]/mobile/app/book/training.test.ts is not specified and it doesn't parse as CommonJS.
Reparsing as ES module because module syntax was detected. This incurs a performance overhead.
To eliminate this warning, add "type": "module" to [worktree]/mobile/app/package.json.
(Use `node --trace-warnings ...` to show where the warning was created)
✔ Character draws projected attributes and acquired qualification with authored labels (2.4715ms)
✔ item equipment detail copies current typed slot/profile/requirement and block chance (0.447833ms)
✔ Book interaction teaches swords then dodge in Tobin detail and recovers each committed result once (737.396083ms)
✔ shared item detail draws confirmed fuel for lit and exhausted items (0.627208ms)
(node:47967) [MODULE_TYPELESS_PACKAGE_JSON] Warning: Module type of file://[worktree]/mobile/app/chapter.test.ts is not specified and it doesn't parse as CommonJS.
Reparsing as ES module because module syntax was detected. This incurs a performance overhead.
To eliminate this warning, add "type": "module" to [worktree]/mobile/app/package.json.
(Use `node --trace-warnings ...` to show where the warning was created)
✖ the app opens and replaces only its chapter save, preserving existing Lantern and sampler saves (591.82325ms)
✔ the 0.0.9 chapter save is refused intact until explicit Start over (179.375375ms)
✔ actual App pause and resume preserve 9ms plus 11ms as exactly one logical unit (200.505375ms)
✔ actual App stops unknown storage wakeups and resumes after confirmed user recovery (192.796083ms)
✔ old App wakeups cannot mutate the same remounted Game or a replacement save (156.788917ms)
(node:48017) [MODULE_TYPELESS_PACKAGE_JSON] Warning: Module type of file://[worktree]/mobile/app/metro.test.ts is not specified and it doesn't parse as CommonJS.
Reparsing as ES module because module syntax was detected. This incurs a performance overhead.
To eliminate this warning, add "type": "module" to [worktree]/mobile/app/package.json.
(Use `node --trace-warnings ...` to show where the warning was created)
✔ git failing drops an inherited stamp (1196.754625ms)
(node:48018) [MODULE_TYPELESS_PACKAGE_JSON] Warning: Module type of file://[worktree]/mobile/app/sqlite-web.test.ts is not specified and it doesn't parse as CommonJS.
Reparsing as ES module because module syntax was detected. This incurs a performance overhead.
To eliminate this warning, add "type": "module" to [worktree]/mobile/app/package.json.
(Use `node --trace-warnings ...` to show where the warning was created)
✔ Web reads preserve bound ordered rows beyond the bulk response capacity (7.379667ms)
ℹ tests 508
ℹ suites 0
ℹ pass 506
ℹ fail 1
ℹ cancelled 0
ℹ skipped 1
ℹ todo 0
ℹ duration_ms 82672.384083

✖ failing tests:

test at chapter.test.ts:30:1
✖ the app opens and replaces only its chapter save, preserving existing Lantern and sampler saves (591.82325ms)
  AssertionError [ERR_ASSERTION]: Expected values to be strictly equal:
  + actual - expected
  
  + '424a4497cca18c9f00b333cc8489eb9e95ce52f5239d6a394e4fa25e3d1fb34e'
  - '2fda0a7f0a571c080c3d9d3969324a1a4920881ea48adab178684fc9330f94de'
  
      at TestContext.<anonymous> (file://[worktree]/mobile/app/chapter.test.ts:137:12)
      at Test.runInAsyncScope (node:async_hooks:226:14)
      at Test.run (node:internal/test_runner/test:1402:25)
      at Test.start (node:internal/test_runner/test:1262:17)
      at startSubtestAfterBootstrap (node:internal/test_runner/harness:387:17)
      at process.processTicksAndRejections (node:internal/process/task_queues:104:5) {
    generatedMessage: true,
    code: 'ERR_ASSERTION',
    actual: '424a4497cca18c9f00b333cc8489eb9e95ce52f5239d6a394e4fa25e3d1fb34e',
    expected: '2fda0a7f0a571c080c3d9d3969324a1a4920881ea48adab178684fc9330f94de',
    operator: 'strictEqual',
    diff: 'simple'
  }
