command: mise exec -- npm --prefix mobile/app test
source_checkpoint: 066bfda44dfe2947467d1a36eb93ee0c80d7fe68
exit: 0

> loka-app@0.0.0 test
> node --test --test-reporter=${TEST_REPORTER:-spec} "../authority/**/*.test.ts" "book/*.test.ts" "*.test.ts"

✔ ../authority/local-story/__tests__/dream-host.test.ts (563.14025ms)
✔ ../authority/local-story/__tests__/elapsed-host.test.ts (767.80825ms)
✔ ../authority/local-story/__tests__/reward-host.test.ts (1045.234625ms)
✔ bell-first loss survives real rollback-journal SQLite reopen after every scene line (532.9355ms)
✔ forged lost quest without Ring receipt gives typed save corruption (117.860416ms)
✔ late Ring keeps both Q2 returns playable through cold reopen (895.912625ms)
✔ both completed returns keep Silence and its two scene lines through cold reopen (767.288584ms)
✔ fox terminal requires its own committed Silence receipt (107.863292ms)
✔ Silence receipt rejects foreign actors on linked fact events (278.386584ms)
✔ Silence receipt binds its action, actor and scene cause (1658.970791ms)
✔ fox terminal rejects contradictory saved rows without repairing them (597.00575ms)
✔ Silence COMMIT uncertainty settles once and its exact receipt replays unchanged (871.968166ms)
✔ late Ring rejects a receipt with an extra Q2 loss transition (87.19775ms)
✔ bell save contradictions offer typed recovery without changing saved rows (1940.095ms)
✔ linked Ring receipt fields reject controlled forgeries without repairing rows (5120.53575ms)
✔ Ring COMMIT uncertainty settles to one complete outcome and one replayable receipt (470.754292ms)
✔ saved custody cycle faults in step (736.948ms)
✔ saved custody cycle faults in list (630.280541ms)
✔ saved custody cycle faults in barrier (603.898125ms)
✔ Take and item-barrier reach preserve the spent decision budget (314.423958ms)
✔ a closed ancestor refuses reach before the hidden cycle (14.229958ms)
✔ saved B2 acceptance and funded turn-in reopen with their exact rows (225.857875ms)
✔ reopen refuses a missing bound expiry job (77.463667ms)
✔ expired B2 obligation reopens with one trust penalty (63.496ms)
✔ on-time saved axis must agree with its turn-in receipt (109.350667ms)
✔ on-time receipt balances must match funded and saved rows (135.169458ms)
✔ expiry receipt trust scope must name its bound actor (164.643375ms)
✔ reopen derives Reeds from the saved trigger choice, equal to headless play (33.304042ms)
✔ real SQLite reopens Attack and both M4 A rounds with original receipt replay (155.629708ms)
✔ a real rat kill commits corpse and preacceptance credit together and reopens exactly (76.215083ms)
✔ actual lethal combat returns empty-handed and ordinary six-exit journey recovers corpse roots (43.296708ms)
✔ genuine FULL and both unknown-COMMIT outcomes fence a real fatal round (209.027417ms)
✔ saved encounter corruption refuses before exposing play without repairing rows (140.633208ms)
✔ input at the due deadline settles lethal combat before attempting Flee (8.614458ms)
✔ random Flee destination and RNG reopen and replay one SQLite receipt (16.182208ms)
✔ scheduled opponent departure reopens and reconciles before a harmless due combat round (135.829042ms)
✔ real SQLite reopens buy before acceptance, active, and both chronological payout orders (421.384791ms)
✔ purchase receipt retry, sale and buyback cold reopen one exact item and conserved pennies (106.332875ms)
✔ buy under an active and expired S2 retains the exact ledger and pending/failure truth (193.236625ms)
✔ cold open refuses omitted debit, wrong recipient, false prior balance and reversed receipt order (425.890417ms)
✔ shop failed COMMIT and both unknown outcomes retain all prior or all next rows (236.109958ms)
✔ satchel Put/Take is immediately useful but active S2 ancestor Sell is refused (142.442833ms)
✔ v018 ID pin binds the spawned world, purchased torch and worn slot after cold reopen (80.238916ms)
✔ corpse identity, worn roots and shrine return reopen atomically and receipt replay allocates nothing (201.5885ms)
✔ an older release list refuses the corpse release without rewriting it (74.928667ms)
✔ real FULL, failed COMMIT and committed-unknown COMMIT preserve all prior or all next corpse rows (88.457083ms)
✔ save load refuses missing identity, unknown template and illegal corpse custody without repair (113.938708ms)
✔ every intermediate checkpoint and both ended branches cold-open and replay the exact original result once (4226.697833ms)
✔ cold open refuses forged dream truth and receipt producer evidence without changing file bytes (1592.330583ms)
✔ Rest, choice opening, branch selection and final ack settle uncertain COMMIT all old or all new (5253.221584ms)
✔ real elapsed and fatal return preserve the dormant choice until the actor lawfully reaches its actual bed (499.753791ms)
✔ base1000 accounting preserves exact safe boundary quotients and rejects target overflow (3.272458ms)
✔ 9ms and reopened 11ms commit one unit and preserve the durable fractional account (156.165334ms)
✔ negative wall resume rebases without credit then credits the next 20ms (8.221167ms)
✔ a fixed 36hour horizon commits all four daily boundaries in order (13.14975ms)
✔ sixteen segments yield and one reserved input completes at its original finite horizon (20.480625ms)
✔ a current choice crossing departure refuses presence while Leave still closes its continuation (85.14975ms)
✔ preexisting stale input does not account time and synchronous success emits no completion (22.982583ms)
✔ trusted explicit v2 advance raises its durable target and missing checkpoints refuse (42.144834ms)
✔ an elapsed managed session without clocks fails with a typed refusal (8.583875ms)
✔ resume extends durable target debt rather than a lagging head (12.447292ms)
✔ unexpected closed checkpoint evidence blocks play as corrupt until confirmed Start over (13.181083ms)
✔ a valid durable replacement invalidates an old fenced clock and input without writes (82.612875ms)
✔ malformed v2 checkpoints and heads refuse without rewriting their progress (224.180833ms)
✔ a managed v1 upgrade starts its durable account at the actual opening clocks (31.07825ms)
✔ a committed unknown elapsed segment with corrupt checkpoint completes its input as blocked (9.841417ms)
✔ a valid replacement during unknown positive elapsed invalidates the old pending input (50.199084ms)
✔ a private reservation rejects another intent and retains its original bounded input (68.721625ms)
✔ terminal v1 upgrade recovery waits for real SQLite rollback closure before Start over (32.329541ms)
✔ resumed wall survives fractional reconciliation and invalid/stale preflight before a new input (182.27375ms)
✔ a new reservation waits for its actual resumed horizon and yields after sixteen boundaries (90.9815ms)
✔ resume remains armed after fixed A completes and another intent cannot steal its result (48.086ms)
✔ elapsed receipt survives reopen and replays its first result after later clock commits (51.639917ms)
✔ old run elapsed refuses before receipt lookup after replacement without Host.random (7.83825ms)
✔ unknown elapsed COMMIT fences trusted and player delivery until the real receipt reconciles (5.712459ms)
✔ modal scene keeps Continue-only player controls while elapsed time commits (96.336584ms)
✔ malformed stored command JSON conflicts without state or receipt changes (10.766792ms)
✔ malformed stored response JSON conflicts without state or receipt changes (21.363834ms)
✔ healthy elapsed delivery preserves actual SQLite receipt-read failures (7.545417ms)
✔ a worn cap is still worn after reopen, in the state the headless kernel reaches (18.975917ms)
✔ seed 12: every fault leaves the prior or next revision and the run ends unchanged (4504.156917ms)
✔ seed 366: every fault leaves the prior or next revision and the run ends unchanged (5129.361917ms)
✔ seed 30636: every fault leaves the prior or next revision and the run ends unchanged (3420.581709ms)
✔ seed 300: every fault leaves the prior or next revision and the run ends unchanged (4123.904792ms)
✔ seed 622: every fault leaves the prior or next revision and the run ends unchanged (4372.537541ms)
✔ seed 9633: every fault leaves the prior or next revision and the run ends unchanged (5205.526125ms)
✔ seed 2841: every fault leaves the prior or next revision and the run ends unchanged (3568.84325ms)
✔ seed 454: every fault leaves the prior or next revision and the run ends unchanged (2459.084834ms)
✔ seed 172: every fault leaves the prior or next revision and the run ends unchanged (2099.673875ms)
✔ seed 49: every fault leaves the prior or next revision and the run ends unchanged (1881.489167ms)
✔ seed 211: every fault leaves the prior or next revision and the run ends unchanged (1454.340708ms)
✔ seed 1595: every fault leaves the prior or next revision and the run ends unchanged (1593.735625ms)
✔ seed 337982: every fault leaves the prior or next revision and the run ends unchanged (1738.203541ms)
✔ seed 105497: every fault leaves the prior or next revision and the run ends unchanged (1611.045ms)
✔ seed 81: every fault leaves the prior or next revision and the run ends unchanged (1806.482875ms)
✔ seed 130: every fault leaves the prior or next revision and the run ends unchanged (1375.708042ms)
✔ seed 54: every fault leaves the prior or next revision and the run ends unchanged (1646.376709ms)
✔ hand-checked anchors (40.654583ms)
✔ views, a reopen and a changed host clock leave the play_time clock and world as they were (115.559084ms)
✔ backward-anchor metadata accounts reconcile exact prior or next real SQLite evidence (11.715792ms)
✔ failed and lost-ack positive elapsed commits reconcile head receipt and checkpoint together (9.341ms)
✔ real SQLITE_FULL rolls back elapsed evidence and retries its unchanged candidate (4.6475ms)
✔ a timer completes an unknown player receipt before sampling and emits it once (6.70125ms)
✔ process kill before and after elapsed COMMIT leaves entirely prior or next and reopens once (644.94475ms)
✔ acknowledged Green finale reopens at every line and exports one report (1187.53625ms)
✔ real SQLite reopens every immediate occurrence, exact replay and later ordinary bandage custody (1538.813375ms)
✔ failed and lost COMMIT exchange outcomes reconcile all-prior or all-next rows (471.133125ms)
✔ exchange history corruption refuses without rewriting the SQLite rows (898.034458ms)
✔ accepted herbs can be dropped, reopened and retrieved for the same exact occurrence (345.408541ms)
✔ B2 and S9 faction receipts reopen in both composed orders without changing pennies (1204.379083ms)
✔ reacceptance retirement and fresh activation reconcile as one real SQLite commit (1183.430209ms)
✔ randomly seeded B5 lineage reopens and Start over preserves the drawn seed (181.208542ms)
✔ trusted elapsed reopens before S9 and reaches the actual herb exchange consumer (831.685917ms)
✔ reopen recomputes possession text and retains earned text after the oar is dropped (57.852167ms)
✔ openStory.invoke refuses a failing chat on Bram by its key (54.673417ms)
✔ lantern-carry plays as its frozen trace; its story point reaches the run's account once (181.620666ms)
✔ lantern-leave plays as its frozen trace; its story point reaches the run's account once (66.553167ms)
✔ an old run's view token is stale after a new game, at the same revision (31.6ms)
✔ adverse early-possession (89.350042ms)
✔ adverse drop-after-choice-opened (45.364833ms)
✔ adverse walked-away-rejects-new-choice (113.50325ms)
✔ adverse walked-away-keeps-receipt (44.35525ms)
✔ adverse altered-choice (66.532542ms)
✔ adverse choice-rollback (67.041041ms)
✔ adverse choice-unknown-commit-absent (82.405625ms)
✔ adverse choice-unknown-commit-committed (44.999459ms)
✔ adverse commit-before-display (559.592166ms)
✔ adverse reading-has-no-effect (41.548917ms)
✔ adverse stale-choice-and-blocked-exit (50.501375ms)
✔ a choice committed with its acknowledgement lost recovers to its receipt, reported once (43.749667ms)
✔ actual torch oil and nested intervals survive cold reopen and sell/buyback with conserved pennies (516.125917ms)
✔ real failed and unknown refill commits reconcile the entire writer group and exact retry (219.564917ms)
✔ corrupt fuel and forged refills refuse without repairing SQLite (626.434125ms)
✔ dark lethal combat cold reopens and permits the gear-free owner corpse walk and exact recovery (726.597542ms)
✔ a light-only cartridge reopens lawful refill history and rejects a bounded forged charge (33.589334ms)
✔ undeclared fuel rows refuse in a cartridge without light metadata and leave SQLite untouched (26.866583ms)
(node:65486) [MODULE_TYPELESS_PACKAGE_JSON] Warning: Module type of file://[worktree]/mobile/app/book/model.ts is not specified and it doesn't parse as CommonJS.
Reparsing as ES module because module syntax was detected. This incurs a performance overhead.
To eliminate this warning, add "type": "module" to [worktree]/mobile/app/package.json.
(Use `node --trace-warnings ...` to show where the warning was created)
✔ Book binds the exact oil bottle and keeps worn torch controls on the item (36.136542ms)
✔ Book owns authored Refuel aliases on their source and preserves exact invocation identity (148.718166ms)
✔ the app path passes the random source: the pinned context is not the template (19.385125ms)
✔ two new games draw their own seed and world context, pinned and in the trace header (7.291208ms)
✔ a reopen rebuilds the ids from the pinned context: first open, Start over, app update (41.072417ms)
✔ luck replays: the drawn seed is the RNG, and a reopen picks as the same process did (20.223292ms)
✔ a save from before c1-host opens unchanged and plays on (17.700375ms)
✔ a pinned context that is not a WorldContextId is save_corrupt (9.004625ms)
✔ production empty, filled, partial Pour, empty, nested, ground and shop custody reopen exactly (4871.403167ms)
✔ cold open refuses missing, extra, malformed and plausible bounded liquid rows without repair (2564.158083ms)
✔ cold open binds every liquid receipt to its historical command, source and complete ordered rows (3223.373125ms)
✔ Pour failed COMMIT and lost acknowledgement fence liquid then reconcile and replay once (821.938958ms)
✔ actual fatal combat cold reopens the filled shell on its corpse then ordinary recovery (835.191917ms)
✔ cold open rejects consistent command/event rewrites that cannot derive from the original invocation (116.433917ms)
✔ a tiny world survives a restart with the same state (12.989542ms)
✔ a retried consumed take replays its receipt; altered intent is a conflict (8.403041ms)
✔ a failed attempt and a rejection persist; their retries draw nothing (17.536541ms)
✔ a fault changes nothing and gets no receipt (6.320458ms)
✔ a lost COMMIT acknowledgement reconciles to the committed receipt (8.989667ms)
✔ a genuinely failed COMMIT reconciles to not committed; the retry is a fresh attempt (18.244208ms)
✔ while the COMMIT outcome is unknown every call is fenced; a restart settles it (27.743417ms)
✔ a process killed after COMMIT restarts with the take once and its trace entry once (1741.149041ms)
✔ a definite failure is traced once; a failed trace write changes nothing (10.717167ms)
✔ while the trace is behind no later entry overtakes a missed one (7.490375ms)
✔ an unreadable trace never stops play or the save opening (6.582875ms)
✔ an updated kernel starts a new segment after recovering the old one (9.972208ms)
✔ a transaction a failed ROLLBACK leaves open is never read as saved nor blocks play (14.92425ms)
✔ a save does not open inside a transaction left open (2.400958ms)
✔ jobs survive a restart: waiting to 19:00 after it moves Bram as without it (11.508875ms)
✔ a recipe whose time cost runs a job replays its receipt on retry (6.873833ms)
✔ a move whose reactions commit replays its events byte for byte after a restart (8.031334ms)
✔ a recipe narration's pinned participants survive a restart and replay unchanged (4.958375ms)
✔ a talk committed, then a restart: the stored choice carries its revision and choose works (12.86925ms)
✔ production five preacceptance kills reopen into Maud reward and usable storage (651.662375ms)
✔ each of five missing actual credits refuses reward after early acceptance (1606.603792ms)
(node:65535) [MODULE_TYPELESS_PACKAGE_JSON] Warning: Module type of file://[worktree]/mobile/app/book/model.ts is not specified and it doesn't parse as CommonJS.
Reparsing as ES module because module syntax was detected. This incurs a performance overhead.
To eliminate this warning, add "type": "module" to [worktree]/mobile/app/package.json.
(Use `node --trace-warnings ...` to show where the warning was created)
✔ production Maud completion leaves World free of story-ended claims and storage usable (251.266792ms)
(node:65566) [MODULE_TYPELESS_PACKAGE_JSON] Warning: Module type of file://[worktree]/mobile/app/book/presenter.ts is not specified and it doesn't parse as CommonJS.
Reparsing as ES module because module syntax was detected. This incurs a performance overhead.
To eliminate this warning, add "type": "module" to [worktree]/mobile/app/package.json.
(Use `node --trace-warnings ...` to show where the warning was created)
✔ active chapter five actual kills, shrine return, Maud reward and cold-reopen storage (874.703666ms)
✔ Q1 explicit acceptance, held drawing gate, report priority and durable once-only resolution (255.120542ms)
✔ picking up the clue first starts no quest and acceptance is immediately ready (108.794875ms)
✔ Maud offer and earned turn-in stay usable while Q1 is unaccepted (264.861709ms)
✔ Maud offer and earned turn-in stay usable while Q1 is active (446.603833ms)
✔ Maud offer and earned turn-in stay usable while Q1 is ready (330.031542ms)
✔ Maud offer and earned turn-in stay usable while Q1 is resolved (183.0335ms)
✔ Q1 acceptance, Green pickup, report and Maud offer work throughout the day (1855.398542ms)
✔ Mire Crossing and Fox Hollow offer both approaches and cold return at every hour (6373.920167ms)
✔ Q1 report atomically activates Q2; only guarded Study tracks grants its active first lead (23.807125ms)
✔ SQLite report/Study reopen and exact replay preserve active Q2 and receipt-specific history (292.61825ms)
✔ malformed Study receipt evidence offers typed Start over on reopen (1932.518084ms)
✔ committed combat line indices come from pinned keys and structured receipt events (4.887084ms)
✔ actual adopted rat adjustment commits, reopens pinned HP and replays without another write (106.4985ms)
✔ reopen rejects missing, malformed, or out-of-bounds NPC HP without rewriting progress (11.513666ms)
✔ SQLite FULL, failed COMMIT and lost acknowledgement preserve atomic NPC HP adoption (201.119666ms)
✔ a budget fault is one valid observation of its limit, with the ReplayIds of its decision (25.354833ms)
✔ a failing observation sink changes no reply, revision, storage or retry (72.302583ms)
✔ an older save gains the sink untouched, and the sink keeps the newest 1000 records (590.525958ms)
✔ each NEW decision, accepted, rejected or fault, is one kernel.decision_latency (133.562ms)
✔ a clock changes no reply or durable state when a COMMIT is held, then committed (12.6995ms)
✔ a real committed elapsed then ordinary local trace replays identically with header run preflight (2560.672292ms)
(node:65641) [MODULE_TYPELESS_PACKAGE_JSON] Warning: Module type of file://[worktree]/mobile/app/book/presenter.ts is not specified and it doesn't parse as CommonJS.
Reparsing as ES module because module syntax was detected. This incurs a performance overhead.
To eliminate this warning, add "type": "module" to [worktree]/mobile/app/package.json.
(Use `node --trace-warnings ...` to show where the warning was created)
✔ real SQLite reopens every finite leg and explicit pause boundary (3777.516292ms)
✔ actual cellar death separates concurrent Wren, resets patrol, and permits Restart after cold reopen (3183.149708ms)
▶ full retained receipt replay refuses forged patrol rows and proofs without rewriting SQLite
  ✔ actor_id (654.58525ms)
  ✔ body_id (427.601625ms)
  ✔ npc_id (223.583834ms)
  ✔ quest_instance_id (253.982125ms)
  ✔ continuation_id (545.769ms)
  ✔ attempt_id (396.692875ms)
  ✔ cursor (505.178375ms)
  ✔ credit (534.691709ms)
  ✔ status (413.386917ms)
  ✔ fractional (328.160666ms)
  ✔ missing (455.336917ms)
  ✔ scope (688.52025ms)
  ✔ cause (407.798667ms)
  ✔ source (352.259334ms)
  ✔ lost-transition (344.540125ms)
✔ full retained receipt replay refuses forged patrol rows and proofs without rewriting SQLite (6539.714042ms)
▶ real failed and acknowledged-lost COMMIT reconcile one leader departure and exact Book retry
  ✔ failed (398.4705ms)
  ✔ lost (419.467458ms)
✔ real failed and acknowledged-lost COMMIT reconcile one leader departure and exact Book retry (818.870792ms)
▶ final player join commits movement, terminal quest and trust together across both uncertain outcomes
  ✔ failed (1174.539125ms)
  ✔ lost (1001.015041ms)
✔ final player join commits movement, terminal quest and trust together across both uncertain outcomes (2176.161084ms)
✔ real original-Tobin C1 lessons reopen during patrol and completion grants trust alone (1183.437917ms)
✔ a seated player is still sitting after reopen, in the state the headless kernel reaches (21.816083ms)
(node:65674) [MODULE_TYPELESS_PACKAGE_JSON] Warning: Module type of file://[worktree]/mobile/app/book/presenter.ts is not specified and it doesn't parse as CommonJS.
Reparsing as ES module because module syntax was detected. This incurs a performance overhead.
To eliminate this warning, add "type": "module" to [worktree]/mobile/app/package.json.
(Use `node --trace-warnings ...` to show where the warning was created)
✔ real SQLite preserves original books through ground Take nested open Read closure travel and reread (3347.939917ms)
✔ real failed and lost COMMIT outcomes fence Read then retry and replay once (1727.122041ms)
✔ historical Read and known-topic truth reject wrong actor book definition cause missing grants and closed custody (1919.788875ms)
✔ actual fatal fight reopens with learned topics and gear-free recovery Takes the original books (1042.011041ms)
✔ saved 19:00 novice overlap and 20:00 departure retain original pending speaker (582.145625ms)
✔ Book remount during lost Read acknowledgement waits for confirmation then routes its one recovered page (691.65225ms)
✔ readable-only SQLite recovery rejects forged narration without another history consumer (41.514625ms)
(node:65677) [MODULE_TYPELESS_PACKAGE_JSON] Warning: Module type of file://[worktree]/mobile/app/book/model.ts is not specified and it doesn't parse as CommonJS.
Reparsing as ES module because module syntax was detected. This incurs a performance overhead.
To eliminate this warning, add "type": "module" to [worktree]/mobile/app/package.json.
(Use `node --trace-warnings ...` to show where the warning was created)
✔ Book preserves an aliased Read place offer and exact target through a live redraw (226.803125ms)
✔ a leftover transaction is settled before the trace catches up (18.759083ms)
✔ a file that is not a database or has a corrupt page is save_corrupt (33.052041ms)
✔ a head with a damaged column is save_corrupt; its new game recreates the head (15.015917ms)
✔ at the cap a new game deletes the oldest run whole and keeps the current one (203.049584ms)
✔ a run alone at the cap keeps its beginning and appends no more entries (247.305417ms)
✔ a new game at the cap makes room for its header by deleting the old run (184.081292ms)
✔ a run that drops an entry pair below the cap writes nothing more (210.02925ms)
✔ catch-up at the cap boundary writes a missed entry at 4,998 rows and not at 4,999 (430.465458ms)
✔ Rest/reopen/Stand keeps literal fractions and replays the Rest receipt without writes (209.189292ms)
✔ load refuses corrupt opted rows without rewriting stored progress (22.432958ms)
✔ reconciled adoption rejects wrong authored rate and keeps the prior confirmed view (52.563125ms)
✔ bundled sampler pays MV1 and rests twice as fast before reaching its pool cap (174.276333ms)
✔ real SQLite write failures keep the pool and position together until the unchanged retry commits (32.832459ms)
✔ five actual preacceptance kills reopen into one atomic reward and identity-preserving storage (373.5395ms)
✔ real rollback, failed COMMIT and lost acknowledgement preserve complete old/new reward rows across reopen (498.781583ms)
✔ sampler invocation walk reaches all six rooms and resumes the carried ending at line two (132.066459ms)
✔ leaving the lantern resolves with the fallback journal and no carried chapter or scene (16.904166ms)
✔ a new save allocates and pins its identity; a restart and a replay reuse it (52.916375ms)
✔ a save whose pinned release is missing is refused untouched; a new game moves on (7.98375ms)
✔ a save of an unknown format is refused with nothing written and no new game (11.502916ms)
✔ a damaged identity is save_corrupt and untouched; its new game repairs it (221.384208ms)
✔ an app update reopens a save on its pinned release; new games pin the newest (46.896375ms)
✔ a save that does not parse is save_corrupt until the player starts a new game (27.254083ms)
✔ a new game replaces the save; an old invocation id is new again (9.470667ms)
✔ a new game that fails part way leaves the old save and memory (6.207292ms)
✔ a new game settles a pending attempt first, in the run it was made in (15.453834ms)
✔ a new game whose COMMIT is unknown is fenced; settling it moves play to the new run (10.233375ms)
✔ a new game whose COMMIT fails keeps the old save, memory and receipts (7.853ms)
✔ a committed new game is adopted before play; a retry does not replace it twice (7.877041ms)
✔ a corrupt save's new game settles its COMMIT like any other (17.902708ms)
✔ a new run's entries missed by the trace follow its own header (14.555792ms)
✔ a new game after a settled one replaces the save again (21.009542ms)
✔ line two survives reopen and triggering receipt retry without duplicate effects (52.804458ms)
(node:65865) [MODULE_TYPELESS_PACKAGE_JSON] Warning: Module type of file://[worktree]/mobile/app/book/presenter.ts is not specified and it doesn't parse as CommonJS.
Reparsing as ES module because module syntax was detected. This incurs a performance overhead.
To eliminate this warning, add "type": "module" to [worktree]/mobile/app/package.json.
(Use `node --trace-warnings ...` to show where the warning was created)
✔ room-before-Rest, meal, partial/empty ale reopen and exact retries preserve the next real consumer (1980.229417ms)
✔ forged bounded service rows and swapped/omitted historical service evidence refuse without repair (3973.756667ms)
✔ real failed COMMIT and both uncertain outcomes keep room/meal/ale all old or all new (1821.586959ms)
✔ real Book captured alias press and lost acknowledgement restore one original-Maud line (1537.374167ms)
✔ S1 remains reachable beside services and same-body fatal return reopens the paid bed truth (1028.908375ms)
✔ a pending start over whose retry fails shows that error, not "not confirmed" (118.010541ms)
✔ catch-up conflicts preserve the original attempt and matching retries keep its identity (219.825375ms)
✔ invalid and cyclic shared input refuses before snapshot or elapsed sampling (7.608667ms)
✔ missing elapsed columns after unknown metadata or gameplay commit block and permit explicit recovery (43.523084ms)
✔ corrupt elapsed recovery binds valid, malformed, and absent original headers without erasing a replacement (105.977416ms)
✔ loaded elapsed recovery refuses newer and malformed same-run formats without writes (88.79275ms)
✔ changed refused elapsed header classifies malformed before differing valid run and preserves newer formats (19.209666ms)
(node:65874) [MODULE_TYPELESS_PACKAGE_JSON] Warning: Module type of file://[worktree]/mobile/app/book/presenter.ts is not specified and it doesn't parse as CommonJS.
Reparsing as ES module because module syntax was detected. This incurs a performance overhead.
To eliminate this warning, add "type": "module" to [worktree]/mobile/app/package.json.
(Use `node --trace-warnings ...` to show where the warning was created)
✔ a scripted session survives a restart and plays on (110.158209ms)
✔ an invalid press before a save does not make the next id collide after a restart (75.349333ms)
✔ an unknown COMMIT shows pending, not a success; a restart shows what committed (31.436833ms)
✔ a pending press is retried with its own id and replays what committed (33.214584ms)
✔ a same-scope receipt from another allocator does not move the id counter (23.877917ms)
✔ a failed write is not claimed unsaved; the next press retries it (18.501666ms)
✔ a read error after a durable commit does not commit the press twice (33.325709ms)
✔ a confirmed receipt that is not a decision is a conflict and ends the attempt (26.459916ms)
✔ start over replaces a file that does not open with a fresh game (56.773333ms)
✔ start over of a damaged identity keeps the file and its old run (14.805875ms)
✔ a damaged receipt index fails the open with start over, which gives a fresh game (68.923708ms)
✔ a newer app's save is never started over (13.434125ms)
✔ a start over whose delete failed can be tried again (6.098083ms)
✔ an open that fails but not as corrupt is never started over (13.106375ms)
✔ a start over that fails during play keeps the game and its retry (28.105625ms)
✔ a pending start over leaves no game to play until it settles (14.599208ms)
✔ the gate tap script ends at its declared state, wherever the kills fall (123.023ms)
﹣ the save copied from the phone equals the reference (0.141875ms) # SKIP
(node:65878) [MODULE_TYPELESS_PACKAGE_JSON] Warning: Module type of file://[worktree]/mobile/app/book/presenter.ts is not specified and it doesn't parse as CommonJS.
Reparsing as ES module because module syntax was detected. This incurs a performance overhead.
To eliminate this warning, add "type": "module" to [worktree]/mobile/app/package.json.
(Use `node --trace-warnings ...` to show where the warning was created)
✔ a corrupt report page: Start over gives a working save (251.169708ms)
✔ a corrupt sqlite_autoindex_report_1 page: Start over gives a working save (76.426833ms)
✔ a malformed report index record: Start over gives a working save (175.089667ms)
✔ an intact report table survives Start over in place (33.002708ms)
✔ the latest committed narration is read again on reopen, from the receipts (53.433458ms)
✔ an older save reopens with its narration and keeps its report on Start over (52.884416ms)
✔ a malformed receipt response: Start over keeps the pending report (44.755667ms)
✔ a narration read that fails on a lock offers no Start over (262.037042ms)
✔ a save with no body row: save_corrupt, Start over repairs it in place (89.566042ms)
✔ a save with a null choice: save_corrupt, Start over repairs it in place (29.59825ms)
✔ a save with an empty resource: save_corrupt, Start over repairs it in place (90.966584ms)
✔ a receipt narration line that is null: save_corrupt at open, Start over repairs it (74.758708ms)
✔ a receipt response that is not a decision replays as a conflict (9.294042ms)
✔ elapsed NOTADB and page corruption recover only through explicit working Start over (28.632125ms)
✔ unreadable elapsed opening refuses a newly readable replacement and waits on real SQLite uncertainty (60.460041ms)
✔ a story point reached offline is captured once, survives restart, and is delivered (102.413458ms)
✔ a run is bound once, when it starts; each of its reports carries that binding (108.586042ms)
✔ a story point whose report is malformed is not committed (11.898375ms)
✔ a pending report leaves the canonical state hash unchanged (103.41475ms)
✔ a report commits with its gameplay result or not at all (57.002208ms)
✔ a new game keeps a pending report, delivered under its original run (125.603416ms)
✔ a lost reply is retried and reads back the one acceptance (19.119917ms)
✔ an acceptance of another payload needs attention (13.041083ms)
✔ an acknowledgement that does not commit stops the batch; the next call resends it (23.015625ms)
✔ a report that always fails does not hold back the rest (118.811708ms)
✔ delivery is bounded, persists each disposition and drops nothing (108.527375ms)
✔ real SQLite cold reopen retains both lessons, exact replay, wear, Attack and defended due state (469.718667ms)
✔ forged lesson receipts and contradictory acquired rows reopen as save_corrupt without rewriting (929.700917ms)
✔ each foreign lesson event identity refuses file-backed reopen after lawful later custody (648.822708ms)
✔ real failed and lost-ack COMMIT keep all prior or all next lesson rows and retry once (158.323542ms)
✔ defense hit/loss conjunction is guarded at saved-receipt and narration boundaries (193.267125ms)
✔ trained player death cold reopens and recovers the exact worn lesson sword (165.434417ms)
✔ authored training/shop/S2 orders retain conserved pennies and trained five-rat reward/storage (12080.383708ms)
(node:65918) [MODULE_TYPELESS_PACKAGE_JSON] Warning: Module type of file://[worktree]/mobile/app/book/presenter.ts is not specified and it doesn't parse as CommonJS.
Reparsing as ES module because module syntax was detected. This incurs a performance overhead.
To eliminate this warning, add "type": "module" to [worktree]/mobile/app/package.json.
(Use `node --trace-warnings ...` to show where the warning was created)
✔ original message branch and terminal reopen with their own NPC narration and exact replay (1018.282834ms)
✔ Drop and held-container Put reopen and recover the same item; stale handoff never prints success (492.871042ms)
✔ fatal combat and cold reopen preserve the message through ordinary corpse recovery (351.019542ms)
✔ elapsed redraw keeps an unchanged message choice usable (158.915834ms)
▶ retained delivery evidence corruption is typed even behind an unrelated latest receipt
  ✔ missing branch row (152.7575ms)
  ✔ wrong message role (204.609541ms)
  ✔ null retained source (208.277542ms)
  ✔ branch fact reset (284.98325ms)
  ✔ branch fact deleted (104.609042ms)
  ✔ message in unrelated NPC (189.77125ms)
  ✔ message nested in NPC-held container (219.606959ms)
  ✔ malformed receipt command JSON (295.308084ms)
  ✔ receipt transfer removed (290.855208ms)
  ✔ receive narration names another speaker (286.385375ms)
  ✔ terminal fact event missing (311.940916ms)
  ✔ terminal status reset (274.429916ms)
  ✔ terminal message returned to actor (227.751125ms)
  ✔ terminal quest reopened (157.545167ms)
✔ retained delivery evidence corruption is typed even behind an unrelated latest receipt (3215.44ms)
✔ failed and lost branch/terminal COMMIT keep narration and custody behind confirmed disk (628.233417ms)
✔ v012 refuses the frozen v010 SQLite save and offers explicit Start over without changing it (39.494ms)
✔ terminal quest without a message branch refuses reopen and requires explicit Start over (256.633ms)
(node:65919) [MODULE_TYPELESS_PACKAGE_JSON] Warning: Module type of file://[worktree]/mobile/app/book/presenter.ts is not specified and it doesn't parse as CommonJS.
Reparsing as ES module because module syntax was detected. This incurs a performance overhead.
To eliminate this warning, add "type": "module" to [worktree]/mobile/app/package.json.
(Use `node --trace-warnings ...` to show where the warning was created)
✔ real SQLite reopens at counts zero one two, third close, reset and resolved ward (2301.198167ms)
✔ wrong final-wrong and correct commits reconcile both real outcomes and exact replay once (2594.211625ms)
✔ bounded saves refuse forged rows and wrong receipts without deleting progress (2962.978375ms)
✔ unjustified discovery and topic facts fail cold-open reconciliation (399.224208ms)
✔ receipt association checks reject forged actor source and quest independently of later save consumers (177.143ms)
✔ cold-open verifies the ward Talk selector against its saved source (165.177625ms)
(node:65930) [MODULE_TYPELESS_PACKAGE_JSON] Warning: Module type of file://[worktree]/mobile/app/book/presenter.ts is not specified and it doesn't parse as CommonJS.
Reparsing as ES module because module syntax was detected. This incurs a performance overhead.
To eliminate this warning, add "type": "module" to [worktree]/mobile/app/package.json.
(Use `node --trace-warnings ...` to show where the warning was created)
▶ malformed Q1 after rescue selection or completion offers typed recovery without replacing progress
  ✔ following row: null (740.397542ms)
  ✔ following row: false (278.584625ms)
  ✔ following row: 0 (314.264625ms)
  ✔ following row: [] (293.893208ms)
  ✔ following row: {} (303.828958ms)
  ✔ following row: {"quest":{},"scope":{}} (408.533458ms)
  ✔ following row: {"quest":true,"scope":true} (360.853209ms)
  ✔ following quest: {} (398.321167ms)
  ✔ following scope: {} (533.218666ms)
  ✔ completed row: null (447.75325ms)
  ✔ completed row: false (450.819375ms)
  ✔ completed row: 0 (279.228792ms)
  ✔ completed row: [] (385.635166ms)
  ✔ completed row: {} (301.838917ms)
  ✔ completed row: {"quest":{},"scope":{}} (290.230875ms)
  ✔ completed row: {"quest":true,"scope":true} (393.373125ms)
  ✔ completed quest: {} (208.233667ms)
  ✔ completed scope: {} (463.247459ms)
✔ malformed Q1 after rescue selection or completion offers typed recovery without replacing progress (6878.606084ms)
✔ real SQLite rescue reopens start, death separation, Rejoin and terminal with their own narration (1063.8795ms)
▶ retained rescue identity, physical state and own receipts reject corruption behind a later look
  ✔ missing escort row (131.044583ms)
  ✔ substituted bound NPC (80.213875ms)
  ✔ wrong quest instance (73.355916ms)
  ✔ wrong originating continuation (186.688375ms)
  ✔ following NPC in another room (186.021417ms)
  ✔ separated without committed death (68.15375ms)
  ✔ rescue message removed from Vesper (91.643416ms)
  ✔ rescue branch changed to stays (106.187334ms)
  ✔ missing start receipt (120.476833ms)
  ✔ old start receipt missing escort transition (89.539625ms)
  ✔ forged rescued terminal without turn-in (116.46875ms)
  ✔ rescued terminal rewritten to stays (90.944916ms)
  ✔ completed Wren moved away from Elspeth (149.221958ms)
✔ retained rescue identity, physical state and own receipts reject corruption behind a later look (1494.606291ms)
(node:66085) [MODULE_TYPELESS_PACKAGE_JSON] Warning: Module type of file://[worktree]/mobile/app/book/presenter.ts is not specified and it doesn't parse as CommonJS.
Reparsing as ES module because module syntax was detected. This incurs a performance overhead.
To eliminate this warning, add "type": "module" to [worktree]/mobile/app/package.json.
(Use `node --trace-warnings ...` to show where the warning was created)
✔ file-backed riddle cold opens before, after wrong and after success with exact replay/conflict (910.049916ms)
✔ stored riddle command, binding and root evidence mismatches become typed save corruption (969.437334ms)
▶ malformed retained riddle source offers typed recovery and explicit Start over
  ✔ null source (117.700375ms)
  ✔ missing source (164.713958ms)
✔ malformed retained riddle source offers typed recovery and explicit Start over (286.337792ms)
✔ answer input refreshes only across unchanged offered riddle context and reads its own eventless receipt (64.288208ms)
✔ failed and lost COMMIT answers retain the exact invocation and answer until reconciliation (395.117708ms)
(node:66096) [MODULE_TYPELESS_PACKAGE_JSON] Warning: Module type of file://[worktree]/mobile/app/book/c1.test.ts is not specified and it doesn't parse as CommonJS.
Reparsing as ES module because module syntax was detected. This incurs a performance overhead.
To eliminate this warning, add "type": "module" to [worktree]/mobile/app/package.json.
(Use `node --trace-warnings ...` to show where the warning was created)
✔ exit door actions keep their direction and remain separate from walking (7.98725ms)
✔ worn items and reachable nested contents offer actions on their own ids (1.002792ms)
✔ same-room actions retain projected item pages and remove pages hidden by a closed lid (0.310833ms)
✔ chapter changes queue one title which survives scene lines and acknowledgement (0.131709ms)
✔ band phrases and the hp accessibility label use the cartridge catalog (0.155583ms)
✔ scene Continue and position verbs have dedicated groups (0.096209ms)
(node:66104) [MODULE_TYPELESS_PACKAGE_JSON] Warning: Module type of file://[worktree]/mobile/app/book/combat.test.ts is not specified and it doesn't parse as CommonJS.
Reparsing as ES module because module syntax was detected. This incurs a performance overhead.
To eliminate this warning, add "type": "module" to [worktree]/mobile/app/package.json.
(Use `node --trace-warnings ...` to show where the warning was created)
✔ combat page lists offered controls vertically below history in one scroll (12.274542ms)
✔ committed opponent death narrates once through the existing subscription (0.507583ms)
✔ confirmed encounter foregrounds another page and closure or death restores the World (25.312ms)
✔ Attack opens its committed page; pending and refused Flee stay until committed escape (13.859833ms)
✔ reopening an encounter restores the combat page and last committed narration (2.57675ms)
✔ reopening after escape or either death never restores combat into the World log (6.505667ms)
(node:66105) [MODULE_TYPELESS_PACKAGE_JSON] Warning: Module type of file://[worktree]/mobile/app/book/dream.test.ts is not specified and it doesn't parse as CommonJS.
Reparsing as ES module because module syntax was detected. This incurs a performance overhead.
To eliminate this warning, add "type": "module" to [worktree]/mobile/app/package.json.
(Use `node --trace-warnings ...` to show where the warning was created)
✔ live first Rest, nested Close/Resume, captured branches, final ack and cold World resume use the actual bed (1125.574667ms)
✔ uncertain paid Rest remount opens the first dream only when the original COMMIT settles (408.608292ms)
(node:66136) [MODULE_TYPELESS_PACKAGE_JSON] Warning: Module type of file://[worktree]/mobile/app/book/infirmary.test.ts is not specified and it doesn't parse as CommonJS.
Reparsing as ES module because module syntax was detected. This incurs a performance overhead.
To eliminate this warning, add "type": "module" to [worktree]/mobile/app/package.json.
(Use `node --trace-warnings ...` to show where the warning was created)
✔ Book patch and Wick controls use confirmed exact targets, readiness and journal state (376.346875ms)
(node:66148) [MODULE_TYPELESS_PACKAGE_JSON] Warning: Module type of file://[worktree]/mobile/app/book/item_detail.test.ts is not specified and it doesn't parse as CommonJS.
Reparsing as ES module because module syntax was detected. This incurs a performance overhead.
To eliminate this warning, add "type": "module" to [worktree]/mobile/app/package.json.
(Use `node --trace-warnings ...` to show where the warning was created)
✔ retained item results appear chronologically between description and options, empty log omitted (119.838917ms)
(node:66149) [MODULE_TYPELESS_PACKAGE_JSON] Warning: Module type of file://[worktree]/mobile/app/book/joystick.test.ts is not specified and it doesn't parse as CommonJS.
Reparsing as ES module because module syntax was detected. This incurs a performance overhead.
To eliminate this warning, add "type": "module" to [worktree]/mobile/app/package.json.
(Use `node --trace-warnings ...` to show where the warning was created)
✔ a drag points at the exit in its 90-degree quadrant, only if that exit exists (1.454375ms)
✔ a drag inside the cancel radius points at nothing (0.723708ms)
✔ the label sits opposite the drag, and above for a kept note (1.121167ms)
✔ stair nodes are reached by dragging out to them, only when the exit exists (0.188709ms)
✔ a choice opened during a drag keeps the original context stale and commits no move (72.553708ms)
✔ refused drags do not grow the log without bound (291.020542ms)
(node:66150) [MODULE_TYPELESS_PACKAGE_JSON] Warning: Module type of file://[worktree]/mobile/app/book/keyboard.test.ts is not specified and it doesn't parse as CommonJS.
Reparsing as ES module because module syntax was detected. This incurs a performance overhead.
To eliminate this warning, add "type": "module" to [worktree]/mobile/app/package.json.
(Use `node --trace-warnings ...` to show where the warning was created)
✔ web keyboard uses offered exits and keeps focused controls (2.3345ms)
✔ Book captures movement keys only on an active World page (1.435666ms)
(node:66153) [MODULE_TYPELESS_PACKAGE_JSON] Warning: Module type of file://[worktree]/mobile/app/book/liquid.test.ts is not specified and it doesn't parse as CommonJS.
Reparsing as ES module because module syntax was detected. This incurs a performance overhead.
To eliminate this warning, add "type": "module" to [worktree]/mobile/app/package.json.
(Use `node --trace-warnings ...` to show where the warning was created)
✔ Book preserves exact water pairs and invalidates changed quantities in displayed context (404.927125ms)
✔ Book restores liquid narration on the exact saved source detail after SQLite reopen (316.866958ms)
✔ loaded liquid aliases reach exact Book presses and matching target/input/policy refusal (2152.415625ms)
✔ aliased liquid freshness refuses a stale pair after another committed drink (173.313167ms)
(node:66154) [MODULE_TYPELESS_PACKAGE_JSON] Warning: Module type of file://[worktree]/mobile/app/book/live_actions.test.ts is not specified and it doesn't parse as CommonJS.
Reparsing as ES module because module syntax was detected. This incurs a performance overhead.
To eliminate this warning, add "type": "module" to [worktree]/mobile/app/package.json.
(Use `node --trace-warnings ...` to show where the warning was created)
✔ after Bram acceptance an unchanged north drag crosses a pulse and commits exactly one move (179.531208ms)
✔ sampler Bram offers at19:00 and receives the fetched lantern the next day without waiting (73.321ms)
✔ a captured north action never becomes north from a different origin room (31.091875ms)
✔ Maud acceptance, position and item buttons survive elapsed-only redraws (73.990666ms)
✔ an altered captured choice is refused without sending a new decision (39.4355ms)
✔ old Leave and departed Bram actions keep stale refusal after context changes (24.338875ms)
✔ a held answer refuses after its speaker departs during the elapsed pulse (26.198166ms)
✔ combat context changes refuse old Look while an unchanged encounter tolerates a pulse (52.288291ms)
✔ pending move retry adopts its original durable receipt once without a second action (62.419625ms)
✔ withdrawn or changed-context Notice controls retain their captured stale token (15.938959ms)
(node:66155) [MODULE_TYPELESS_PACKAGE_JSON] Warning: Module type of file://[worktree]/mobile/app/book/model.test.ts is not specified and it doesn't parse as CommonJS.
Reparsing as ES module because module syntax was detected. This incurs a performance overhead.
To eliminate this warning, add "type": "module" to [worktree]/mobile/app/package.json.
(Use `node --trace-warnings ...` to show where the warning was created)
✔ exits, the look title, place actions and a thing page come from the right buttons (1.193375ms)
✔ position cycling skips absent offers and retains the offered freshness (0.129666ms)
✔ a touch link is shown as its label (0.160166ms)
✔ a choice's answers and Close are their own group, not place actions (0.119667ms)
✔ the character label says the hp band and no other (0.14225ms)
✔ the absent-speaker line shows only when the speaker is not here (0.1255ms)
✔ a restored choice opens its actual speaker detail or retained conversation (0.142291ms)
✔ a closed exit's log line and a capitalised title (0.11825ms)
✔ a move refused at 0 MV says the body is too exhausted (0.089333ms)
✔ a hint survives a store that throws, for this session (0.175583ms)
✔ the status line shows the double hour as its earthly branch (0.191041ms)
(node:66158) [MODULE_TYPELESS_PACKAGE_JSON] Warning: Module type of file://[worktree]/mobile/app/book/notice_board.test.ts is not specified and it doesn't parse as CommonJS.
Reparsing as ES module because module syntax was detected. This incurs a performance overhead.
To eliminate this warning, add "type": "module" to [worktree]/mobile/app/package.json.
(Use `node --trace-warnings ...` to show where the warning was created)
✔ landing detail and two board children read exact targets and pop back without navigation receipts (207.020375ms)
✔ the south search reaches the oak and returns through visible fox clues (154.711625ms)
✔ cold Continue shows the confirmed notice once and restores its return route without Read (105.651458ms)
✔ an uncertain child read keeps an empty detail until its one receipt is confirmed (30.687625ms)
✔ long elapsed redraw retains board route and a real room change prunes it (61.439375ms)
✔ notice entries use available exact-target aliases and expose unavailable reasons (54.373917ms)
✔ Elspeth stays reachable all day and her Book replies direct a newcomer along usable exits (198.025125ms)
✔ Q1 drawing opens full item detail with Take and local Leave (35.265458ms)
✔ plank and hollow open descriptive noun detail pages without story credit (44.643584ms)
✔ Study is a detail-only empty-target control after Read/history and refreshes across elapsed redraw (57.27475ms)
✔ pending Study retains its detail context and restores exactly once without World narration (107.8605ms)
(node:66159) [MODULE_TYPELESS_PACKAGE_JSON] Warning: Module type of file://[worktree]/mobile/app/book/polish.test.ts is not specified and it doesn't parse as CommonJS.
Reparsing as ES module because module syntax was detected. This incurs a performance overhead.
To eliminate this warning, add "type": "module" to [worktree]/mobile/app/package.json.
(Use `node --trace-warnings ...` to show where the warning was created)
✔ room is focused while Map retains directions and every detail returns to the world (146.087542ms)
✔ a postcommit narration read fault preserves the saved result and clears retry context (86.098167ms)
✔ NPC history has distinct journal events and one confirmed Leave after the scrolling log (154.471833ms)
✔ only World position taps directly cycle the offered states with captured freshness (54.651417ms)
✔ an NPC choice retried from the world keeps its result in the original detail (29.787084ms)
✔ only confirmed pickup returns World, including a retry from another page (56.53625ms)
✔ touch omits incomplete Give but the complete item and recipient command remains valid (25.736875ms)
✔ inventory Drop returns World with one named event only after confirmation (41.453875ms)
✔ other item actions retain their detail and show their consequences there (41.2265ms)
✔ elapsed confirmed boundaries retain Conversation and chapter acknowledgment without page flips (71.310208ms)
✔ delayed Take returns once with its original item name after a conflicting tap (49.524583ms)
✔ delayed actual quest completion adds one authored result and Journal updated in original history (44.875542ms)
✔ actual trunk detail explains refused Take and restores its button after Remove then Drop (150.476917ms)
(node:66160) [MODULE_TYPELESS_PACKAGE_JSON] Warning: Module type of file://[worktree]/mobile/app/book/presenter.test.ts is not specified and it doesn't parse as CommonJS.
Reparsing as ES module because module syntax was detected. This incurs a performance overhead.
To eliminate this warning, add "type": "module" to [worktree]/mobile/app/package.json.
(Use `node --trace-warnings ...` to show where the warning was created)
✔ pending and refused Take/Drop/Leave retain detail routing and unchanged custody (7.473334ms)
✔ journal cues belong only to changed NPC histories (0.453834ms)
✔ recovery removes the current heading but retains an unclassified consequence (0.210416ms)
✔ confirmed room change clears old history before adding new authored consequences (0.270583ms)
✔ World omits the routine Close fallback while retaining authored consequences (0.19275ms)
✔ a restored committed narration is not duplicated by its pending receipt retry (0.198667ms)
✔ a move rejected for want of MV says the body is too exhausted (0.130208ms)
✔ the log stops growing in one room, its last line the latest answer (6.652417ms)
✔ the save-error line says a pending start over in words and shows any other message (0.308625ms)
✔ a narration recovery fault holds combat results while their line routing is unavailable (1.2005ms)
✔ combat receipt history is once-only when completion follows an already displayed state (0.405459ms)
(node:66161) [MODULE_TYPELESS_PACKAGE_JSON] Warning: Module type of file://[worktree]/mobile/app/book/priory.test.ts is not specified and it doesn't parse as CommonJS.
Reparsing as ES module because module syntax was detected. This incurs a performance overhead.
To eliminate this warning, add "type": "module" to [worktree]/mobile/app/package.json.
(Use `node --trace-warnings ...` to show where the warning was created)
✔ actual nested book Item opens locally and Read stays between description and options with local Back (293.653583ms)
✔ Book restores Ward or Bell once through pulse after remount during uncertain Read (590.36275ms)
✔ Book restores Ward or Bell once through title press after remount during uncertain Read (448.202916ms)
(node:66164) [MODULE_TYPELESS_PACKAGE_JSON] Warning: Module type of file://[worktree]/mobile/app/book/readable.test.ts is not specified and it doesn't parse as CommonJS.
Reparsing as ES module because module syntax was detected. This incurs a performance overhead.
To eliminate this warning, add "type": "module" to [worktree]/mobile/app/package.json.
(Use `node --trace-warnings ...` to show where the warning was created)
✔ production Read targets retain confirmed detail messages without changing state (107.261958ms)
✔ uncertain Read recovers its one receipt and narration, then reads again after cold reopen (37.87175ms)
✔ stale and refused Read retain their target and never narrate an unread body (21.659ms)
✔ held Read survives the authored 68350 to 68400 pulse with authority freshness intact (19.8275ms)
✔ cold reopen refuses a committed Read whose stored target is malformed (63.994333ms)
✔ invalid Read JSON offers in-place Start over and leaves older pins explicitly refused (68.691166ms)
(node:66167) [MODULE_TYPELESS_PACKAGE_JSON] Warning: Module type of file://[worktree]/mobile/app/book/reward_storage.test.ts is not specified and it doesn't parse as CommonJS.
Reparsing as ES module because module syntax was detected. This incurs a performance overhead.
To eliminate this warning, add "type": "module" to [worktree]/mobile/app/package.json.
(Use `node --trace-warnings ...` to show where the warning was created)
✔ Book sends the projected Put pair and original freshness through normal touch and receipt routing (182.778416ms)
(node:66170) [MODULE_TYPELESS_PACKAGE_JSON] Warning: Module type of file://[worktree]/mobile/app/book/riddle.test.ts is not specified and it doesn't parse as CommonJS.
Reparsing as ES module because module syntax was detected. This incurs a performance overhead.
To eliminate this warning, add "type": "module" to [worktree]/mobile/app/package.json.
(Use `node --trace-warnings ...` to show where the warning was created)
✔ NPC detail tiles edit a bounded word and submit retry/correct results after history (241.906792ms)
(node:66171) [MODULE_TYPELESS_PACKAGE_JSON] Warning: Module type of file://[worktree]/mobile/app/book/shop.test.ts is not specified and it doesn't parse as CommonJS.
Reparsing as ES module because module syntax was detected. This incurs a performance overhead.
To eliminate this warning, add "type": "module" to [worktree]/mobile/app/package.json.
(Use `node --trace-warnings ...` to show where the warning was created)
✔ Peg detail binds exact available item, merchant and quote (137.500209ms)
(node:66172) [MODULE_TYPELESS_PACKAGE_JSON] Warning: Module type of file://[worktree]/mobile/app/book/touch.test.ts is not specified and it doesn't parse as CommonJS.
Reparsing as ES module because module syntax was detected. This incurs a performance overhead.
To eliminate this warning, add "type": "module" to [worktree]/mobile/app/package.json.
(Use `node --trace-warnings ...` to show where the warning was created)
✔ talk by day offers one button per choice and Close; carry narrates (110.54325ms)
✔ a second press from the same screen is a stale view and changes nothing (18.554709ms)
✔ a reopen shows the last committed narration first; a fresh game none (55.560625ms)
✔ walked away: the choices say why, Close leaves the quest open, the landing resolves it (131.831084ms)
✔ the log has story words, never a kernel code, across both endings (93.145333ms)
✔ an NPC who leaves while you stay is logged, and nothing else (68.780458ms)
✔ closed answers and a stale answer give their reason in words, not their code (83.717459ms)
✔ the Lantern gate unlocks and opens through its projected exit buttons (45.020875ms)
(node:66174) [MODULE_TYPELESS_PACKAGE_JSON] Warning: Module type of file://[worktree]/mobile/app/book/training.test.ts is not specified and it doesn't parse as CommonJS.
Reparsing as ES module because module syntax was detected. This incurs a performance overhead.
To eliminate this warning, add "type": "module" to [worktree]/mobile/app/package.json.
(Use `node --trace-warnings ...` to show where the warning was created)
✔ Character draws projected attributes and acquired qualification with authored labels (1.925583ms)
✔ item equipment detail copies current typed slot/profile/requirement and block chance (0.635125ms)
✔ Book interaction teaches swords then dodge in Tobin detail and recovers each committed result once (481.847125ms)
✔ shared item detail draws confirmed fuel for lit and exhausted items (0.159875ms)
(node:66176) [MODULE_TYPELESS_PACKAGE_JSON] Warning: Module type of file://[worktree]/mobile/app/chapter.test.ts is not specified and it doesn't parse as CommonJS.
Reparsing as ES module because module syntax was detected. This incurs a performance overhead.
To eliminate this warning, add "type": "module" to [worktree]/mobile/app/package.json.
(Use `node --trace-warnings ...` to show where the warning was created)
✔ the app opens and replaces only its chapter save, preserving existing Lantern and sampler saves (415.855459ms)
✔ the 0.0.9 chapter save is refused intact until explicit Start over (77.488875ms)
✔ actual App pause and resume preserve 9ms plus 11ms as exactly one logical unit (110.116333ms)
✔ actual App stops unknown storage wakeups and resumes after confirmed user recovery (99.645542ms)
✔ old App wakeups cannot mutate the same remounted Game or a replacement save (97.160833ms)
(node:66185) [MODULE_TYPELESS_PACKAGE_JSON] Warning: Module type of file://[worktree]/mobile/app/metro.test.ts is not specified and it doesn't parse as CommonJS.
Reparsing as ES module because module syntax was detected. This incurs a performance overhead.
To eliminate this warning, add "type": "module" to [worktree]/mobile/app/package.json.
(Use `node --trace-warnings ...` to show where the warning was created)
✔ git failing drops an inherited stamp (960.763458ms)
(node:66187) [MODULE_TYPELESS_PACKAGE_JSON] Warning: Module type of file://[worktree]/mobile/app/sqlite-web.test.ts is not specified and it doesn't parse as CommonJS.
Reparsing as ES module because module syntax was detected. This incurs a performance overhead.
To eliminate this warning, add "type": "module" to [worktree]/mobile/app/package.json.
(Use `node --trace-warnings ...` to show where the warning was created)
✔ Web reads preserve bound ordered rows beyond the bulk response capacity (7.310916ms)
ℹ tests 508
ℹ suites 0
ℹ pass 507
ℹ fail 0
ℹ cancelled 0
ℹ skipped 1
ℹ todo 0
ℹ duration_ms 52636.836875
