command: bin/check_all.sh
source_checkpoint: e3517e7efbb3e21a4cb5bd363980ef8f7f2db479
exit: 2
Resolving Hex dependencies...
Resolution completed in 0.021s
Unchanged:
  boundary 0.11.0
  bunt 1.0.0
  credo 1.7.19
  file_system 1.1.1
  jason 1.4.5
All dependencies have been fetched
Compiling 1 file (.ex)
No cycles found
Running ExUnit with seed: 912969, max_cases: 16

..........................................................................................................................................................................................................................................................................................................................................................

  1) test service declarations refuse unsafe funding, consequences and provider identity (Loka.ContentServicesTest)
     test/loka/content_services_test.exs:5
     ** (ExUnit.TimeoutError) test timed out after 60000ms. You can change the timeout:

       1. per test by setting "@tag timeout: x" (accepts :infinity)
       2. per test module by setting "@moduletag timeout: x" (accepts :infinity)
       3. globally via "ExUnit.start(timeout: x)" configuration
       4. by running "mix test --timeout x" which sets timeout
       5. or by running "mix test --trace" which sets timeout to infinity
          (useful when using IEx.pry/0)

     where "x" is the timeout given as integer in milliseconds (defaults to 60_000).

     code: Enum.with_index(mutations, fn {file, change}, n ->
     stacktrace:
       (stdlib 8.0.4) gen.erl:243: :gen.do_call/4
       (stdlib 8.0.4) gen_server.erl:1297: :gen_server.call/3
       (kernel 11.0.3) file.erl:3026: :file.call/2
       (elixir 1.20.4) lib/file.ex:1373: File.do_cp_file/4
       (elixir 1.20.4) lib/file.ex:1281: File.do_cp_r/6
       (elixir 1.20.4) lib/file.ex:1315: anonymous fn/7 in File.do_cp_r/6
       (elixir 1.20.4) lib/enum.ex:5119: Enumerable.List.reduce/3
       (elixir 1.20.4) lib/enum.ex:2676: Enum.reduce_while/3
       (elixir 1.20.4) lib/file.ex:1314: File.do_cp_r/6
       (elixir 1.20.4) lib/file.ex:1315: anonymous fn/7 in File.do_cp_r/6
       (elixir 1.20.4) lib/enum.ex:5119: Enumerable.List.reduce/3
       (elixir 1.20.4) lib/enum.ex:2676: Enum.reduce_while/3
       (elixir 1.20.4) lib/file.ex:1314: File.do_cp_r/6
       (elixir 1.20.4) lib/file.ex:1229: File.cp_r/3
       (elixir 1.20.4) lib/file.ex:1264: File.cp_r!/3
       test/loka/content_services_test.exs:36: anonymous fn/3 in Loka.ContentServicesTest."test service declarations refuse unsafe funding, consequences and provider identity"/1
       (elixir 1.20.4) lib/enum.ex:5079: Enum.with_index_list/3
       (elixir 1.20.4) lib/enum.ex:5079: Enum.with_index_list/3
       test/loka/content_services_test.exs:34: (test)
       (ex_unit 1.20.4) lib/ex_unit/runner.ex:533: ExUnit.Runner.exec_test/2

....
Finished in 61.6 seconds (61.6s async, 0.08s sync)

Result: 350/351 passed
Failed: 1 test
