Resolving Hex dependencies...
Resolution completed in 0.019s
Unchanged:
  boundary 0.11.0
  bunt 1.0.0
  credo 1.7.19
  file_system 1.1.1
  jason 1.4.5
All dependencies have been fetched
No cycles found
Running ExUnit with seed: 853545, max_cases: 16

.............................................................................................................................................................................................................................................................................................................................................................
Finished in 18.0 seconds (18.0s async, 0.05s sync)

Result: 349 passed
Checking 132 source files (this might take a while) ...

Please report incorrect results: https://github.com/rrrene/credo/issues

Analysis took 0.08 seconds (0.05s to load, 0.03s running 4 checks on 132 files)
1378 mods/funs, found no issues.

Use `mix credo explain` to explain issues, `mix credo --help` for options.
lib/loka/content/checks.ex:1: info: size: allow 380, patrol refs and bounded topics join the shared checked expansion boundary
lib/loka/content/dialogues.ex:1: info: size: allow 370, scene-triggered chapter point refs join dialogue trigger checks
lib/loka/content/scenes.ex:1: info: size: allow 320, action-started scenes validate source and end exports beside modal rules
lib/loka/core/compose.ex:1: info: size: allow 330, typed patrol and terminal quest replacement joins portable composition
lib/loka/core/invariants.ex:1: info: size: allow 330, independent patrol and retirement pairing joins precondition replay
test/loka/core/compose_test.exs:1: info: size: allow 520, patrol and liquid cases share the existing randomized differential pool
ok   boundary: web reaches store (only platform may)
ok   boundary: core calls an undeclared external app
ok   types: a PartyId where a CharacterId is matched (03 §6)
ok   xref: dependency cycle
ok   xref: compile-connected edge
ok   credo: cyclomatic complexity 10
ok   credo: nesting 3
ok   credo: ABC size 31
ok   credo: arity 7
ok   contracts: schema changed without regenerating the TypeScript
ok   contracts: schema changed without regenerating the docs
ok   contracts: unsupported keyword fails compilation
ok   contracts: unsupported keyword fails generation
ok   contracts: a map with declared properties fails compilation
ok   contracts: anyOf with overlapping types fails compilation
ok   features: a capability implemented without its feature map cells
ok   features: a ruleless capability implemented without its feature map cells
ok   features: a transcript added without regenerating the feature map
ok   docs: AGENTS.md over its word budget
ok   contracts: elixir host adapter without a differential (ADR-074)
ok   size: limits and allow markers
[warn] postinstall script did not run; falling back to runtime binary resolution.
Enable postinstall to avoid the per-invocation overhead.
Running 7 tests

----------- Case Details -----------
PASS ts-foundation-imports  .........
PASS ts-rule-registration  .......
PASS ts-rule-module-pure  ..........................
PASS ts-rule-module-imports  .....................
PASS ts-kernel-pure  ............
PASS elixir-kernel-pure  .....................................
PASS ts-rule-module-location  .........

test result: ok. 7 passed; 0 failed;
[warn] postinstall script did not run; falling back to runtime binary resolution.
Enable postinstall to avoid the per-invocation overhead.
error[ts-rule-module-imports]: A rule module imports only kernel helpers in foundation/runtime/commands and mechanics, never I/O, a package or another rule module; its capability's commands and events come through the typed Rule contract (kernel/ts/src/runtime/decision.ts).
  ┌─ kernel/ts/src/mechanics/scene/rule.ts:1:27
  │
1 │ import { continued } from './dream_rule.ts';
  │                           ^^^^^^^^^^^^^^^^^

error[ts-rule-module-imports]: A rule module imports only kernel helpers in foundation/runtime/commands and mechanics, never I/O, a package or another rule module; its capability's commands and events come through the typed Rule contract (kernel/ts/src/runtime/decision.ts).
  ┌─ kernel/ts/src/mechanics/scene/rule.ts:2:28
  │
2 │ import { definition } from './dream_shared.ts';
  │                            ^^^^^^^^^^^^^^^^^^^

error[ts-rule-module-imports]: A rule module imports only kernel helpers in foundation/runtime/commands and mechanics, never I/O, a package or another rule module; its capability's commands and events come through the typed Rule contract (kernel/ts/src/runtime/decision.ts).
  ┌─ kernel/ts/src/mechanics/dialogue/rule.ts:1:24
  │
1 │ import { chosen } from '../scene/dream_rule.ts';
  │                        ^^^^^^^^^^^^^^^^^^^^^^^^

Error: 3 error(s) found in code.
Help: Scan succeeded and found error level diagnostics in the codebase.

