Resolving Hex dependencies...
Resolution completed in 0.026s
Unchanged:
  boundary 0.11.0
  bunt 1.0.0
  credo 1.7.19
  file_system 1.1.1
  jason 1.4.5
All dependencies have been fetched
Compiling 1 file (.ex)
No cycles found
Running ExUnit with seed: 88052, max_cases: 16

.............................................................................................................................................................................................................................................................................................................................................................
Finished in 24.5 seconds (24.4s async, 0.1s sync)

Result: 349 passed
Checking 132 source files (this might take a while) ...

Please report incorrect results: https://github.com/rrrene/credo/issues

Analysis took 0.1 seconds (0.06s to load, 0.09s running 4 checks on 132 files)
1378 mods/funs, found no issues.

Use `mix credo explain` to explain issues, `mix credo --help` for options.
lib/loka/content/checks.ex:1: info: size: allow 380, patrol refs and bounded topics join the shared checked expansion boundary
lib/loka/content/dialogues.ex:1: info: size: allow 370, scene-triggered chapter point refs join dialogue trigger checks
lib/loka/content/scenes.ex:1: info: size: allow 320, action-started scenes validate source and end exports beside modal rules
lib/loka/core/compose.ex:1: info: size: allow 330, typed patrol and terminal quest replacement joins portable composition
lib/loka/core/invariants.ex:1: info: size: allow 330, independent patrol and retirement pairing joins precondition replay
test/loka/core/compose_test.exs:1: info: size: allow 520, patrol and liquid cases share the existing randomized differential pool
ok   boundary: web reaches store (only platform may)
ok   boundary: core calls an undeclared external app
ok   types: a PartyId where a CharacterId is matched (03 §6)
ok   xref: dependency cycle
ok   xref: compile-connected edge
ok   credo: cyclomatic complexity 10
ok   credo: nesting 3
ok   credo: ABC size 31
ok   credo: arity 7
ok   contracts: schema changed without regenerating the TypeScript
ok   contracts: schema changed without regenerating the docs
ok   contracts: unsupported keyword fails compilation
ok   contracts: unsupported keyword fails generation
ok   contracts: a map with declared properties fails compilation
ok   contracts: anyOf with overlapping types fails compilation
ok   features: a capability implemented without its feature map cells
ok   features: a ruleless capability implemented without its feature map cells
ok   features: a transcript added without regenerating the feature map
ok   docs: AGENTS.md over its word budget
ok   contracts: elixir host adapter without a differential (ADR-074)
ok   size: limits and allow markers
[warn] postinstall script did not run; falling back to runtime binary resolution.
Enable postinstall to avoid the per-invocation overhead.
Running 7 tests

----------- Case Details -----------
PASS ts-foundation-imports  .........
PASS ts-rule-registration  .......
PASS ts-rule-module-pure  ..........................
PASS ts-rule-module-imports  ......................
PASS ts-kernel-pure  ............
PASS elixir-kernel-pure  .....................................
PASS ts-rule-module-location  .........

test result: ok. 7 passed; 0 failed;
[warn] postinstall script did not run; falling back to runtime binary resolution.
Enable postinstall to avoid the per-invocation overhead.
ok   elixir-kernel-pure
ok   ts-foundation-imports
ok   ts-kernel-pure
ok   ts-rule-module-imports
ok   ts-rule-module-location
ok   ts-rule-module-pure
ok   ts-rule-registration
ok   docs_only: skip for .md only, run otherwise
602 docs, 0 broken link(s), 0 unreachable
ok   docs: stale code pointers

> loka-kernel@0.0.0 typecheck
> tsc && tsc -p test && tsc -p play

test/dream.test.ts(35,76): error TS2345: Argument of type 'string' is not assignable to parameter of type 'Key'.
  Type 'string' is not assignable to type '{ readonly __brand: "Key"; }'.
test/dream.test.ts(45,72): error TS2345: Argument of type 'string' is not assignable to parameter of type 'Key'.
  Type 'string' is not assignable to type '{ readonly __brand: "Key"; }'.
test/dream.test.ts(110,48): error TS2353: Object literal may only specify known properties, and 'scene' does not exist in type 'Omit<CommandPayload, "actor_id">'.
test/dream.test.ts(112,7): error TS2345: Argument of type 'string' is not assignable to parameter of type 'Key'.
  Type 'string' is not assignable to type '{ readonly __brand: "Key"; }'.
test/dream.test.ts(121,22): error TS2339: Property 'events' does not exist on type 'DecisionResult'.
  Property 'events' does not exist on type '{ readonly error: GameError; readonly kind: "rejected"; }'.
test/dream.test.ts(121,35): error TS7006: Parameter 'e' implicitly has an 'any' type.
test/dream.test.ts(135,54): error TS2353: Object literal may only specify known properties, and 'target_id' does not exist in type 'Omit<CommandPayload, "actor_id">'.
test/dream.test.ts(237,7): error TS2345: Argument of type 'string' is not assignable to parameter of type 'Key'.
  Type 'string' is not assignable to type '{ readonly __brand: "Key"; }'.
test/dream_fixture.ts(68,51): error TS2345: Argument of type 'string | undefined' is not assignable to parameter of type 'Key | undefined'.
  Type 'string' is not assignable to type 'Key'.
    Type 'string' is not assignable to type '{ readonly __brand: "Key"; }'.
