compiler compares Rest consequences as trigger identity
old command: mise exec -- mix test --force --exclude duplicate_rest_trigger test/loka/content_dreams_test.exs test/loka/content_scenes_test.exs test/loka/content_services_test.exs
focused command: mise exec -- mix test --force --only duplicate_rest_trigger test/loka/content_dreams_test.exs
Compiling 63 files (.ex)
Generated loka app
Running ExUnit with seed: 25386, max_cases: 16
Excluding tags: [:test]
Including tags: [:duplicate_rest_trigger]



  1) test Rest trigger identity is its room and detail, independent of consequence refs (Loka.ContentDreamsTest)
     test/loka/content_dreams_test.exs:73
     match (=) failed
     code:  assert {:ok, _, []} = Loka.Content.compile(dir)
     left:  {:ok, _, []}
     right: {:error,
             [
               %{
                 "code" => "SCHEMA_VIOLATION",
                 "data" => %{"error" => "pattern_mismatch"},
                 "message_key" => "diagnostics.schema_violation",
                 "path" => "rooms/inn_rooms.details.other_bed.aliases[0]",
                 "severity" => "error",
                 "suggested_capabilities" => []
               },
               %{
                 "code" => "OUTCOME_MISMATCH",
                 "data" => %{},
                 "message_key" => "diagnostics.outcome_mismatch",
                 "path" => "scenes/dream_of_the_fen.on.rest",
                 "severity" => "error",
                 "suggested_capabilities" => []
               }
             ]}
     stacktrace:
       test/loka/content_dreams_test.exs:125: anonymous fn/5 in Loka.ContentDreamsTest."test Rest trigger identity is its room and detail, independent of consequence refs"/1
       (elixir 1.20.4) lib/enum.ex:2622: Enum."-reduce/3-lists^foldl/2-0-"/3
       test/loka/content_dreams_test.exs:117: (test)


Finished in 0.3 seconds (0.3s async, 0.00s sync)

Result: 0/1 passed, 1 excluded
Failed: 1 test

