Resolving Hex dependencies...
Resolution completed in 0.017s
Unchanged:
  boundary 0.11.0
  bunt 1.0.0
  credo 1.7.19
  file_system 1.1.1
  jason 1.4.5
All dependencies have been fetched
No cycles found
Running ExUnit with seed: 661483, max_cases: 16

.............................................................................................................................................................................................................................................................................................................................................................
Finished in 33.7 seconds (33.6s async, 0.09s sync)

Result: 349 passed
Checking 132 source files (this might take a while) ...

Please report incorrect results: https://github.com/rrrene/credo/issues

Analysis took 0.1 seconds (0.09s to load, 0.06s running 4 checks on 132 files)
1378 mods/funs, found no issues.

Use `mix credo explain` to explain issues, `mix credo --help` for options.
lib/loka/content/checks.ex:1: info: size: allow 380, patrol refs and bounded topics join the shared checked expansion boundary
lib/loka/content/dialogues.ex:1: info: size: allow 370, scene-triggered chapter point refs join dialogue trigger checks
lib/loka/content/scenes.ex:1: info: size: allow 320, action-started scenes validate source and end exports beside modal rules
lib/loka/core/compose.ex:1: info: size: allow 330, typed patrol and terminal quest replacement joins portable composition
lib/loka/core/invariants.ex:1: info: size: allow 330, independent patrol and retirement pairing joins precondition replay
test/loka/core/compose_test.exs:1: info: size: allow 520, patrol and liquid cases share the existing randomized differential pool
ok   boundary: web reaches store (only platform may)
ok   boundary: core calls an undeclared external app
ok   types: a PartyId where a CharacterId is matched (03 §6)
ok   xref: dependency cycle
ok   xref: compile-connected edge
ok   credo: cyclomatic complexity 10
ok   credo: nesting 3
ok   credo: ABC size 31
ok   credo: arity 7
ok   contracts: schema changed without regenerating the TypeScript
ok   contracts: schema changed without regenerating the docs
ok   contracts: unsupported keyword fails compilation
ok   contracts: unsupported keyword fails generation
ok   contracts: a map with declared properties fails compilation
ok   contracts: anyOf with overlapping types fails compilation
ok   features: a capability implemented without its feature map cells
ok   features: a ruleless capability implemented without its feature map cells
ok   features: a transcript added without regenerating the feature map
ok   docs: AGENTS.md over its word budget
ok   contracts: elixir host adapter without a differential (ADR-074)
ok   size: limits and allow markers
[warn] postinstall script did not run; falling back to runtime binary resolution.
Enable postinstall to avoid the per-invocation overhead.
Running 7 tests

----------- Case Details -----------
PASS ts-foundation-imports  .........
PASS ts-rule-registration  .......
PASS ts-rule-module-pure  ..........................
PASS ts-rule-module-imports  ......................
PASS ts-kernel-pure  ............
PASS elixir-kernel-pure  .....................................
PASS ts-rule-module-location  .........

test result: ok. 7 passed; 0 failed;
[warn] postinstall script did not run; falling back to runtime binary resolution.
Enable postinstall to avoid the per-invocation overhead.
ok   elixir-kernel-pure
ok   ts-foundation-imports
ok   ts-kernel-pure
ok   ts-rule-module-imports
ok   ts-rule-module-location
ok   ts-rule-module-pure
ok   ts-rule-registration
ok   docs_only: skip for .md only, run otherwise
603 docs, 0 broken link(s), 0 unreachable
ok   docs: stale code pointers

> loka-kernel@0.0.0 typecheck
> tsc && tsc -p test && tsc -p play


> loka-kernel@0.0.0 test
> node --test --test-reporter=${TEST_REPORTER:-spec} "test/**/*.test.ts"

....................
....................
....................
....................
.......X............
....................
....................
....................
....................
....................
....................
....................
....................
....................
....................
....................
....................
....................
....................
....................
....................
....................
....................
....................
....................
....................
....................
....................
....................
....................
X...................
............

Failed tests:

✖ corpus scene_restricted_control: yields exactly its hand-written diagnostic (2.6725ms)
  AssertionError [ERR_ASSERTION]: Restricted mode escapes the installed modal subset.
  + actual - expected
  
    {
      diagnostic: {
        code: 'SCHEMA_VIOLATION',
        data: {
  +       error: 'unknown_variant'
  -       error: 'const_mismatch'
        },
        message_key: 'diagnostics.schema_violation',
        path: '.cartridge.scenes["ashmere_scene@0.0.1:scene/bell_rung"].control',
        severity: 'error',
        suggested_capabilities: []
  
      at TestContext.<anonymous> (file://[worktree]/kernel/ts/test/cartridge.test.ts:110:12)
      at Test.runInAsyncScope (node:async_hooks:226:14)
      at Test.run (node:internal/test_runner/test:1402:25)
      at Test.processPendingSubtests (node:internal/test_runner/test:974:18)
      at Test.postRun (node:internal/test_runner/test:1542:19)
      at Test.run (node:internal/test_runner/test:1467:12)
      at async Test.processPendingSubtests (node:internal/test_runner/test:974:7) {
    generatedMessage: false,
    code: 'ERR_ASSERTION',
    actual: { ok: false, diagnostic: { severity: 'error', code: 'SCHEMA_VIOLATION', path: '.cartridge.scenes["ashmere_scene@0.0.1:scene/bell_rung"].control', message_key: 'diagnostics.schema_violation', data: [Object], suggested_capabilities: [] } },
    expected: { ok: false, diagnostic: { severity: 'error', code: 'SCHEMA_VIOLATION', path: '.cartridge.scenes["ashmere_scene@0.0.1:scene/bell_rung"].control', message_key: 'diagnostics.schema_violation', data: [Object], suggested_capabilities: [] } },
    operator: 'deepStrictEqual',
    diff: 'simple'
  }
✖ every example transcript replays and exercises its capability (4283.85025ms)
  AssertionError [ERR_ASSERTION]: cartridges/ashmere_rest/transcripts/position.jsonl: recorded by loka-kernel@d5c2008553593ceb0d5398f6c8a0d44d92a4b717-dirty
  replayed on loka-kernel@87a3294e7b158beb218443dcd4e3e1c97fc04f49-dirty
  The Common Room
  Benches by a low fire. A door leads north to the rooms.
  Exits: north (closed)
  hp 20/20  ma 100/100  mv 82/82  day 1, 00:00
  [state 3a99f581997e7e0f0602cda623333d79b45b6d747e44df1616b2d6ce3f577b3f]
  The Common Room
  Benches by a low fire. A door leads north to the rooms.
  Exits: north (closed)
  hp 20/20  ma 100/100  mv 82/82  day 1, 00:00
  [state 72e753be780ed47843aa841bee4cd24ead52f38c5cfa7825dbeb2a073c698036  step 0 µs]
  You can't do that now.
  hp 20/20  ma 100/100  mv 82/82  day 1, 00:00
  [state 72e753be780ed47843aa841bee4cd24ead52f38c5cfa7825dbeb2a073c698036  step 0 µs]
  The way is closed.
  hp 20/20  ma 100/100  mv 82/82  day 1, 00:00
  [state 72e753be780ed47843aa841bee4cd24ead52f38c5cfa7825dbeb2a073c698036  step 0 µs]
  You open the door to the rooms.
  hp 20/20  ma 100/100  mv 82/82  day 1, 00:00
  [state 276c9580c2eb529a37d9d8ad923e0c7a979774ae67f4a1314083a1d73cb25e18  step 0 µs]
  You can't do that now.
  hp 20/20  ma 100/100  mv 82/82  day 1, 00:00
  [state 276c9580c2eb529a37d9d8ad923e0c7a979774ae67f4a1314083a1d73cb25e18  step 0 µs]
  The Common Room
  Benches by a low fire. A door leads north to the rooms.
  Exits: north
  hp 20/20  ma 100/100  mv 82/82  day 1, 00:00
  [state 4eb55911df2ef854277859ca051275fdaaea6d6536456e771ddb54b361b29825  step 0 µs]
  The Common Room
  Benches by a low fire. A door leads north to the rooms.
  Exits: north
  hp 20/20  ma 100/100  mv 82/82  day 1, 00:00
  [state eb4c36c2048a491df41fe6afeb7948850bb98e954ccbccdb49ffd8a526e02747  step 0 µs]
  The Common Room
  Benches by a low fire. A door leads north to the rooms.
  Exits: north
  hp 20/20  ma 100/100  mv 82/82  day 1, 00:00
  [state 14efcf63416b0354d616b3255f0ec41bfee859ba2905d2aa8dd69908814d304d  step 0 µs]
  The Inn's Rooms
  A narrow passage of doors.
  Exits: south
  hp 20/20  ma 100/100  mv 81/82  day 1, 00:00
  [state c210677cc8d6a0aec349c93952ea6d381679b66154c8281e3f31325f674e92c9  step 0 µs]
  replay differs from [worktree]/cartridges/ashmere_rest/transcripts/position.jsonl
  
  
  1 !== 0
  
      at TestContext.<anonymous> (file://[worktree]/kernel/ts/test/transcripts.test.ts:41:12)
      at Test.runInAsyncScope (node:async_hooks:226:14)
      at Test.run (node:internal/test_runner/test:1402:25)
      at Test.start (node:internal/test_runner/test:1262:17)
      at startSubtestAfterBootstrap (node:internal/test_runner/harness:387:17) {
    generatedMessage: false,
    code: 'ERR_ASSERTION',
    actual: 1,
    expected: 0,
    operator: 'strictEqual',
    diff: 'simple'
  }
