command: mise exec -- node --test kernel/ts/test/dream.test.ts kernel/ts/test/dream_contracts.test.ts kernel/ts/test/cartridge_dreams.test.ts kernel/ts/test/position.test.ts kernel/ts/test/scene.test.ts kernel/ts/test/dialogue.test.ts kernel/ts/test/quest_dialogue.test.ts kernel/ts/test/missing_child.test.ts mobile/authority/local-story/dream.test.ts mobile/authority/local-story/service.test.ts mobile/authority/local-story/scene.test.ts mobile/authority/local-story/death.test.ts mobile/authority/local-story/vesper_message.test.ts mobile/app/book/dream.test.ts mobile/app/book/live_actions.test.ts mobile/app/book/notice_board.test.ts
exit: 1
✔ loader refuses impossible Rest, graph and exclusive end bindings (2158.723792ms)
✔ talk opens one pending choice bound to EntityIds, stamped with its revision (87.389834ms)
✔ an action that opens no choice shares the choices map (20.362125ms)
✔ under loka play the stamp is the run revision and choose is accepted (29.319917ms)
✔ the GameView shows the pending choice; a dropped lantern makes both options unavailable (22.188708ms)
✔ the talk is listed on and accepts its speaker only (5.372417ms)
✔ talk is unavailable and refused before accepting and after resolving (18.523125ms)
✔ the rule enforces the target's dialogue policy whatever talk admitted it (30.467167ms)
✔ a room contribution may subtract a dialogue's talk (4.234042ms)
✔ leave hands the lantern to Bram, sets party_led and resolves quest and choice at once (5.58425ms)
✔ carry keeps the lantern, sets player_led and resolves with outcome carry (5.067084ms)
✔ a story point reports its declared outcome key, after choice_resolved (13.697875ms)
✔ a choice reaches only a story point naming its own dialogue (4.461375ms)
✔ close changes no outcome; a second talk opens another occurrence (39.222875ms)
✔ a stale choice revalidates custody and presence; close still works (15.342334ms)
✔ talk while pending, and choose or close of no pending continuation, are invalid_state (6.0665ms)
✔ a lantern taken before accepting still lets leave resolve (4.6085ms)
✔ choose pins the row bindings even if the definition would resolve elsewhere (3.956459ms)
✔ the loader checks dialogue references, roles, texts, facts, keys and the lock (118.968541ms)
✔ the loader checks story point triggers, outcomes, keys and the lock (26.182584ms)
✖ only a new actual paid Rest starts one checkpoint without giving its end consequence (304.433084ms)
✔ both exact branches keep World usable and award memory only after shown final acknowledgement (560.202ms)
✖ first credit defers presentation behind the unchanged ordinary choice (5.602375ms)
✔ a dormant dream choice survives the actual S2 message handoff and the Bell modal scene (209.051041ms)
✖ captured scene choices and exact keyed availability reject foreign and stale draws without changing any truth (120.31ms)
✔ a Rest occurrence cannot credit a nonliving body (158.916959ms)
✔ dream contracts reject independent malformed boundaries and retain valid controls (17.06475ms)
✔ the active Missing Child release keeps the simulator invariants on controlled seeds (12745.928666ms)
✔ a fresh world: no position record, the same state as without position@1, standing (38.823875ms)
✔ the position walk by invocation: only move needs standing, after the door (51.275958ms)
✔ a cartridge alias of sit is listed and dropped with sit, with its own policy (13.2115ms)
✔ no position changes regeneration: mv 1 at 0 is 19 at 3600, standing, resting or asleep (5.073083ms)
✔ the loader refuses content writing the position fact, and a wrong or missing spec (92.155583ms)
✔ elapsed Rest/Stand/Sit/Sleep settles old rates and retains literal metadata (6.966083ms)
✔ opted births at zero and calendar start earn only their own elapsed interval (3.97075ms)
✔ distinct authored Sit/Sleep rates select the commanded position (3.716ms)
✔ the public admitted proposal path faults rate/position disagreement before acceptance (2.413583ms)
✔ recovery loader checks actual opt-in dependencies and arithmetic bound (6.315083ms)
✔ an accept choice activates its quest; the talk opens the first dialogue that holds (57.187333ms)
✔ a stale accept is invalid_state once the actor has an instance (21.656583ms)
✔ an accept is invalid_state while its quest's offer policy fails (26.16025ms)
✔ the loader checks each accept: a quest, no dialogue quest, no hand_over (22.292958ms)
✔ every modal Continue requires its shown scene and line (93.496166ms)
✔ fresh scenes keep the same state as their scene-free variant (46.782291ms)
✔ story outcome starts line one and refuses every ordinary action at both boundaries (47.872542ms)
✔ each continue advances one line, ends at minus one and composes its fact reaction (24.7425ms)
✔ start needs only scene and never restarts an ended fact or a different outcome (43.106792ms)
(node:37852) [MODULE_TYPELESS_PACKAGE_JSON] Warning: Module type of file://[worktree]/mobile/app/book/dream.test.ts is not specified and it doesn't parse as CommonJS.
Reparsing as ES module because module syntax was detected. This incurs a performance overhead.
To eliminate this warning, add "type": "module" to [worktree]/mobile/app/package.json.
(Use `node --trace-warnings ...` to show where the warning was created)
✔ live first Rest, nested Close/Resume, captured branches, final ack and cold World resume use the actual bed (1460.968542ms)
✔ uncertain paid Rest remount opens the first dream only when the original COMMIT settles (521.583666ms)
(node:37853) [MODULE_TYPELESS_PACKAGE_JSON] Warning: Module type of file://[worktree]/mobile/app/book/live_actions.test.ts is not specified and it doesn't parse as CommonJS.
Reparsing as ES module because module syntax was detected. This incurs a performance overhead.
To eliminate this warning, add "type": "module" to [worktree]/mobile/app/package.json.
(Use `node --trace-warnings ...` to show where the warning was created)
✔ after Bram acceptance an unchanged north drag crosses a pulse and commits exactly one move (189.303084ms)
✔ sampler Bram offers at19:00 and receives the fetched lantern the next day without waiting (107.668ms)
✔ a captured north action never becomes north from a different origin room (41.600708ms)
✔ Maud acceptance, position and item buttons survive elapsed-only redraws (80.047708ms)
✔ an altered captured choice is refused without sending a new decision (57.680375ms)
✔ old Leave and departed Bram actions keep stale refusal after context changes (113.71425ms)
✔ a held answer refuses after its speaker departs during the elapsed pulse (17.607ms)
✔ combat context changes refuse old Look while an unchanged encounter tolerates a pulse (67.210542ms)
✔ pending move retry adopts its original durable receipt once without a second action (78.81925ms)
✔ withdrawn or changed-context Notice controls retain their captured stale token (63.120791ms)
(node:37854) [MODULE_TYPELESS_PACKAGE_JSON] Warning: Module type of file://[worktree]/mobile/app/book/notice_board.test.ts is not specified and it doesn't parse as CommonJS.
Reparsing as ES module because module syntax was detected. This incurs a performance overhead.
To eliminate this warning, add "type": "module" to [worktree]/mobile/app/package.json.
(Use `node --trace-warnings ...` to show where the warning was created)
✔ landing detail and two board children read exact targets and pop back without navigation receipts (242.516416ms)
✔ the south search reaches the oak and returns through visible fox clues (143.705ms)
✔ cold Continue shows the confirmed notice once and restores its return route without Read (218.251334ms)
✔ an uncertain child read keeps an empty detail until its one receipt is confirmed (56.578334ms)
✔ long elapsed redraw retains board route and a real room change prunes it (100.566875ms)
✔ notice entries use available exact-target aliases and expose unavailable reasons (90.651959ms)
✔ Elspeth stays reachable all day and her Book replies direct a newcomer along usable exits (258.401833ms)
✔ Q1 drawing opens full item detail with Take and local Leave (46.503417ms)
✔ plank and hollow open descriptive noun detail pages without story credit (71.54125ms)
✔ Study is a detail-only empty-target control after Read/history and refreshes across elapsed redraw (97.3795ms)
✔ pending Study retains its detail context and restores exactly once without World narration (173.978ms)
✔ corpse identity, worn roots and shrine return reopen atomically and receipt replay allocates nothing (96.914584ms)
✔ an older release list refuses the corpse release without rewriting it (47.804667ms)
✔ real FULL, failed COMMIT and committed-unknown COMMIT preserve all prior or all next corpse rows (72.419791ms)
✔ save load refuses missing identity, unknown template and illegal corpse custody without repair (95.083375ms)
✖ every intermediate checkpoint and both ended branches cold-open and replay the exact original result once (1261.680917ms)
✔ cold open refuses forged dream truth and receipt producer evidence without changing file bytes (1002.247ms)
✔ Rest, choice opening, branch selection and final ack settle uncertain COMMIT all old or all new (4371.977084ms)
✔ real elapsed and fatal return preserve the dormant choice until the actor lawfully reaches its actual bed (493.150833ms)
✔ line two survives reopen and triggering receipt retry without duplicate effects (96.436709ms)
(node:37882) [MODULE_TYPELESS_PACKAGE_JSON] Warning: Module type of file://[worktree]/mobile/app/book/presenter.ts is not specified and it doesn't parse as CommonJS.
Reparsing as ES module because module syntax was detected. This incurs a performance overhead.
To eliminate this warning, add "type": "module" to [worktree]/mobile/app/package.json.
(Use `node --trace-warnings ...` to show where the warning was created)
✔ room-before-Rest, meal, partial/empty ale reopen and exact retries preserve the next real consumer (1343.084375ms)
✔ forged bounded service rows and swapped/omitted historical service evidence refuse without repair (3399.064167ms)
✔ real failed COMMIT and both uncertain outcomes keep room/meal/ale all old or all new (1979.881666ms)
✔ real Book captured alias press and lost acknowledgement restore one original-Maud line (839.259625ms)
✔ S1 remains reachable beside services and same-body fatal return reopens the paid bed truth (1018.894791ms)
(node:37886) [MODULE_TYPELESS_PACKAGE_JSON] Warning: Module type of file://[worktree]/mobile/app/book/presenter.ts is not specified and it doesn't parse as CommonJS.
Reparsing as ES module because module syntax was detected. This incurs a performance overhead.
To eliminate this warning, add "type": "module" to [worktree]/mobile/app/package.json.
(Use `node --trace-warnings ...` to show where the warning was created)
✔ original message branch and terminal reopen with their own NPC narration and exact replay (372.403834ms)
✔ Drop and held-container Put reopen and recover the same item; stale handoff never prints success (295.480667ms)
✔ fatal combat and cold reopen preserve the message through ordinary corpse recovery (233.536625ms)
✔ elapsed redraw keeps an unchanged message choice usable (62.276541ms)
▶ retained delivery evidence corruption is typed even behind an unrelated latest receipt
  ✔ missing branch row (88.954584ms)
  ✔ wrong message role (82.313125ms)
  ✔ null retained source (93.044167ms)
  ✔ branch fact reset (97.022ms)
  ✔ branch fact deleted (83.273625ms)
  ✔ message in unrelated NPC (97.183292ms)
  ✔ message nested in NPC-held container (83.423125ms)
  ✔ malformed receipt command JSON (78.602166ms)
  ✔ receipt transfer removed (66.946875ms)
  ✔ receive narration names another speaker (697.648125ms)
  ✔ terminal fact event missing (323.291375ms)
  ✔ terminal status reset (145.673542ms)
  ✔ terminal message returned to actor (187.493375ms)
  ✔ terminal quest reopened (224.075917ms)
✔ retained delivery evidence corruption is typed even behind an unrelated latest receipt (2354.52625ms)
✔ failed and lost branch/terminal COMMIT keep narration and custody behind confirmed disk (1018.340292ms)
✔ v012 refuses the frozen v010 SQLite save and offers explicit Start over without changing it (195.567958ms)
✔ terminal quest without a message branch refuses reopen and requires explicit Start over (265.163417ms)
ℹ tests 106
ℹ suites 0
ℹ pass 102
ℹ fail 4
ℹ cancelled 0
ℹ skipped 0
ℹ todo 0
ℹ duration_ms 13569.908708

✖ failing tests:

test at kernel/ts/test/dream.test.ts:20:1
✖ only a new actual paid Rest starts one checkpoint without giving its end consequence (304.433084ms)
  TypeError: Cannot set properties of undefined (setting 'room')
      at file://[worktree]/kernel/ts/test/dream.test.ts:49:58
      at bundle (file://[worktree]/kernel/ts/test/dream_fixture.ts:29:3)
      at fresh (file://[worktree]/kernel/ts/test/dream_fixture.ts:34:13)
      at TestContext.<anonymous> (file://[worktree]/kernel/ts/test/dream.test.ts:47:18)
      at Test.runInAsyncScope (node:async_hooks:227:14)
      at Test.run (node:internal/test_runner/test:1402:25)
      at Test.start (node:internal/test_runner/test:1262:17)
      at startSubtestAfterBootstrap (node:internal/test_runner/harness:387:17)

test at kernel/ts/test/dream.test.ts:199:1
✖ first credit defers presentation behind the unchanged ordinary choice (5.602375ms)
  TypeError: Cannot set properties of undefined (setting 'room')
      at file://[worktree]/kernel/ts/test/dream.test.ts:201:57
      at bundle (file://[worktree]/kernel/ts/test/dream_fixture.ts:29:3)
      at fresh (file://[worktree]/kernel/ts/test/dream_fixture.ts:34:13)
      at TestContext.<anonymous> (file://[worktree]/kernel/ts/test/dream.test.ts:200:11)
      at Test.runInAsyncScope (node:async_hooks:227:14)
      at Test.run (node:internal/test_runner/test:1402:25)
      at Test.processPendingSubtests (node:internal/test_runner/test:974:18)
      at Test.postRun (node:internal/test_runner/test:1542:19)
      at Test.run (node:internal/test_runner/test:1467:12)
      at async Test.processPendingSubtests (node:internal/test_runner/test:974:7)

test at kernel/ts/test/dream.test.ts:282:1
✖ captured scene choices and exact keyed availability reject foreign and stale draws without changing any truth (120.31ms)
  AssertionError [ERR_ASSERTION]: {"kind":"fault","code":"evaluator_error"}
  + actual - expected
  
  + 'fault'
  - 'rejected'
  
      at TestContext.<anonymous> (file://[worktree]/kernel/ts/test/dream.test.ts:307:12)
      at Test.runInAsyncScope (node:async_hooks:227:14)
      at Test.run (node:internal/test_runner/test:1402:25)
      at Test.processPendingSubtests (node:internal/test_runner/test:974:18)
      at Test.postRun (node:internal/test_runner/test:1542:19)
      at Test.run (node:internal/test_runner/test:1467:12)
      at async Test.processPendingSubtests (node:internal/test_runner/test:974:7) {
    generatedMessage: false,
    code: 'ERR_ASSERTION',
    actual: 'fault',
    expected: 'rejected',
    operator: 'strictEqual',
    diff: 'simple'
  }

test at mobile/authority/local-story/dream.test.ts:17:1
✖ every intermediate checkpoint and both ended branches cold-open and replay the exact original result once (1261.680917ms)
  AssertionError [ERR_ASSERTION]: Expected values to be strictly equal:
  + actual - expected
  
  + 'dream:41f5d4b9-8494-82cd-b350-2650f8a9efd4'
  - 'dream:7e36bf9c-d2fa-876f-aa4f-7cc991ac48b0'
  
      at TestContext.<anonymous> (file://[worktree]/mobile/authority/local-story/dream.test.ts:60:18)
      at Test.runInAsyncScope (node:async_hooks:227:14)
      at Test.run (node:internal/test_runner/test:1402:25)
      at Test.start (node:internal/test_runner/test:1262:17)
      at startSubtestAfterBootstrap (node:internal/test_runner/harness:387:17) {
    generatedMessage: true,
    code: 'ERR_ASSERTION',
    actual: 'dream:41f5d4b9-8494-82cd-b350-2650f8a9efd4',
    expected: 'dream:7e36bf9c-d2fa-876f-aa4f-7cc991ac48b0',
    operator: 'strictEqual',
    diff: 'simple'
  }
