command: mise exec -- npm --prefix mobile/app run test:e2e
exit: 1

> loka-app@0.0.0 pretest:e2e
> node patch-sqlite-web.cjs


> loka-app@0.0.0 test:e2e
> E2E_TELEMETRY_DISABLED=1 e2e run


 RUN  e2e v0.17.0 [worktree]/mobile/app
      run 01a110a5-dba5-7c76-8708-49444d518bdc · targets: web

 ✓ target "web" command ready 915ms
 ❯ |web| tests/book.e2e.ts (2 tests | 2 failed) 36.49s
   × Book keeps a confirmed move across reload 6.15s
     → expect.toBeVisible failed
   × paid Lantern Rest resumes its captured dream choice after browser reload 30.34s
     → locator matched no nodes within getByRole("button", name: "Continue")

⎯⎯⎯⎯⎯⎯⎯⎯⎯⎯⎯⎯⎯⎯⎯⎯⎯⎯⎯⎯⎯⎯⎯⎯⎯⎯⎯⎯⎯⎯⎯⎯ Failed Tests 2 ⎯⎯⎯⎯⎯⎯⎯⎯⎯⎯⎯⎯⎯⎯⎯⎯⎯⎯⎯⎯⎯⎯⎯⎯⎯⎯⎯⎯⎯⎯⎯⎯

 FAIL  |web| tests/book.e2e.ts > Book keeps a confirmed move across reload
ASSERTION_FAILED: expect.toBeVisible failed
locator: getByRole("button", name: "Continue")
expected: visible
observed: no node (match count 0)
 ❯ tests/book.e2e.ts:7:3
      5| test('Book keeps a confirmed move across reload', async ({ app, scree…
      6|   await app.clearState();
      7|   await expect(screen.getByRole('button', 'Continue')).toBeVisible();
       |   ^
      8|   await screen.getByRole('button', 'Continue').tap();
      9|   await expect(screen.getByRole('button', 'Look, Ferry Landing')).toB…
 ❯ at http://127.0.0.1:19106/
 ❯ screen .e2e/artifacts/web/tests_book.e2e.ts__Book_20keeps_20a_20confirmed_20move_20across_20reload-a8c43f33/default/attempt-0/failure/screen.txt

⎯⎯⎯⎯⎯⎯⎯⎯⎯⎯⎯⎯⎯⎯⎯⎯⎯⎯⎯⎯⎯⎯⎯⎯⎯⎯⎯⎯⎯⎯⎯⎯⎯⎯⎯⎯⎯⎯⎯⎯⎯⎯⎯⎯⎯⎯⎯⎯⎯⎯⎯⎯⎯⎯⎯⎯⎯⎯⎯⎯⎯⎯⎯⎯⎯⎯⎯⎯⎯⎯⎯⎯⎯⎯[1/2]⎯

 FAIL  |web| tests/book.e2e.ts > paid Lantern Rest resumes its captured dream choice after browser reload
LOCATOR_NOT_FOUND: locator matched no nodes within getByRole("button", name: "Continue")
 ❯ tests/book.e2e.ts:27:3
     25| }) => {
     26|   await app.clearState();
     27|   await screen.getByRole('button', 'Continue').tap();
       |   ^
     28|   await screen.getByRole('button', 'Map').tap();
     29|   await screen.getByRole('button', 'Go north').tap();
 ❯ at http://127.0.0.1:19106/
 ❯ screen .e2e/artifacts/web/tests_book.e2e.ts__paid_20Lantern_20Rest_20resumes_20its_20captured_20dream_20choice_20after_20browser_20reload-cf44183f/default/attempt-0/failure/screen.txt

⎯⎯⎯⎯⎯⎯⎯⎯⎯⎯⎯⎯⎯⎯⎯⎯⎯⎯⎯⎯⎯⎯⎯⎯⎯⎯⎯⎯⎯⎯⎯⎯⎯⎯⎯⎯⎯⎯⎯⎯⎯⎯⎯⎯⎯⎯⎯⎯⎯⎯⎯⎯⎯⎯⎯⎯⎯⎯⎯⎯⎯⎯⎯⎯⎯⎯⎯⎯⎯⎯⎯⎯⎯⎯[2/2]⎯


 Test Files  1 failed | 0 passed (1)
      Tests  2 failed | 0 passed (2)
   Start at  23:57:48
   Duration  37.79s (startup 915ms)
     Report  .e2e/report.json

