1/73 RED fixture: protocol/scene.schema.json /$defs/SceneDefinition/oneOf/1/properties/key/pattern
2/73 RED fixture: protocol/scene.schema.json /$defs/SceneDefinition/oneOf/1/properties/key/maxLength
3/73 RED fixture: protocol/scene.schema.json /$defs/SceneDefinition/oneOf/1/properties/on/required/0
4/73 RED generation: protocol/scene.schema.json /$defs/SceneDefinition/oneOf/1/properties/on/additionalProperties
5/73 RED generation: protocol/scene.schema.json /$defs/SceneDefinition/oneOf/1/properties/control/const
6/73 RED fixture: protocol/scene.schema.json /$defs/SceneDefinition/oneOf/1/properties/on_end/properties/assign/minItems
7/73 RED fixture: protocol/scene.schema.json /$defs/SceneDefinition/oneOf/1/properties/on_end/properties/assign/maxItems
8/73 RED fixture: protocol/scene.schema.json /$defs/SceneDefinition/oneOf/1/properties/on_end/properties/assign/items/required/0
9/73 RED fixture: protocol/scene.schema.json /$defs/SceneDefinition/oneOf/1/properties/on_end/properties/assign/items/required/1
10/73 RED generation: protocol/scene.schema.json /$defs/SceneDefinition/oneOf/1/properties/on_end/properties/assign/items/additionalProperties
11/73 RED fixture: protocol/scene.schema.json /$defs/SceneDefinition/oneOf/1/properties/on_end/required/0
12/73 RED fixture: protocol/scene.schema.json /$defs/SceneDefinition/oneOf/1/properties/on_end/required/1
13/73 RED fixture: protocol/scene.schema.json /$defs/SceneDefinition/oneOf/1/properties/on_end/required/2
14/73 RED generation: protocol/scene.schema.json /$defs/SceneDefinition/oneOf/1/properties/on_end/additionalProperties
15/73 RED fixture: protocol/scene.schema.json /$defs/SceneDefinition/oneOf/1/required/0
16/73 RED fixture: protocol/scene.schema.json /$defs/SceneDefinition/oneOf/1/required/1
17/73 RED generation: protocol/scene.schema.json /$defs/SceneDefinition/oneOf/1/required/2
18/73 RED fixture: protocol/scene.schema.json /$defs/SceneDefinition/oneOf/1/required/3
19/73 RED fixture: protocol/scene.schema.json /$defs/SceneDefinition/oneOf/1/required/4
20/73 RED fixture: protocol/scene.schema.json /$defs/SceneDefinition/oneOf/1/required/5
21/73 RED fixture: protocol/scene.schema.json /$defs/SceneDefinition/oneOf/1/required/6
22/73 RED generation: protocol/scene.schema.json /$defs/SceneDefinition/oneOf/1/additionalProperties
23/73 RED generation: protocol/scene.schema.json /$defs/SceneStep/oneOf/3/properties/type/const
24/73 RED fixture: protocol/scene.schema.json /$defs/SceneStep/oneOf/3/properties/choices/minItems
25/73 RED fixture: protocol/scene.schema.json /$defs/SceneStep/oneOf/3/properties/choices/maxItems
26/73 RED fixture: protocol/scene.schema.json /$defs/SceneStep/oneOf/3/properties/choices/items/required/0
27/73 RED fixture: protocol/scene.schema.json /$defs/SceneStep/oneOf/3/properties/choices/items/required/1
28/73 RED fixture: protocol/scene.schema.json /$defs/SceneStep/oneOf/3/properties/choices/items/required/2
29/73 RED generation: protocol/scene.schema.json /$defs/SceneStep/oneOf/3/properties/choices/items/additionalProperties
30/73 RED generation: protocol/scene.schema.json /$defs/SceneStep/oneOf/3/required/0
31/73 RED fixture: protocol/scene.schema.json /$defs/SceneStep/oneOf/3/required/1
32/73 RED fixture: protocol/scene.schema.json /$defs/SceneStep/oneOf/3/required/2
33/73 RED fixture: protocol/scene.schema.json /$defs/SceneStep/oneOf/3/required/3
34/73 RED generation: protocol/scene.schema.json /$defs/SceneStep/oneOf/3/additionalProperties
35/73 RED generation: protocol/scene.schema.json /$defs/SceneStep/oneOf/4/properties/type/const
36/73 RED generation: protocol/scene.schema.json /$defs/SceneStep/oneOf/4/required/0
37/73 RED generation: protocol/scene.schema.json /$defs/SceneStep/oneOf/4/additionalProperties
38/73 RED fixture: protocol/scene.schema.json /$defs/RestBinding/required/0
39/73 RED fixture: protocol/scene.schema.json /$defs/RestBinding/required/1
40/73 RED fixture: protocol/scene.schema.json /$defs/RestBinding/required/2
41/73 RED fixture: protocol/scene.schema.json /$defs/RestBinding/required/3
42/73 RED fixture: protocol/scene.schema.json /$defs/RestBinding/required/4
43/73 RED generation: protocol/scene.schema.json /$defs/RestBinding/additionalProperties
44/73 RED generation: protocol/scene.schema.json /$defs/DreamDraw/properties/line/const
45/73 RED fixture: protocol/scene.schema.json /$defs/DreamDraw/properties/expected_revision/minimum
46/73 RED fixture: protocol/scene.schema.json /$defs/DreamDraw/required/0
47/73 RED fixture: protocol/scene.schema.json /$defs/DreamDraw/required/1
48/73 RED fixture: protocol/scene.schema.json /$defs/DreamDraw/required/2
49/73 RED fixture: protocol/scene.schema.json /$defs/DreamDraw/required/3
50/73 RED fixture: protocol/scene.schema.json /$defs/DreamDraw/required/4
51/73 RED generation: protocol/scene.schema.json /$defs/DreamDraw/additionalProperties
52/73 RED generation: protocol/action.schema.json /$defs/ActionInputParameter/enum
53/73 RED fixture: protocol/gameview.schema.json /$defs/DreamView/properties/index/minimum
54/73 RED fixture: protocol/gameview.schema.json /$defs/DreamView/properties/index/maximum
55/73 RED fixture: protocol/gameview.schema.json /$defs/DreamView/properties/count/minimum
56/73 RED fixture: protocol/gameview.schema.json /$defs/DreamView/properties/count/maximum
57/73 RED fixture: protocol/gameview.schema.json /$defs/DreamView/required/0
58/73 RED fixture: protocol/gameview.schema.json /$defs/DreamView/required/1
59/73 RED fixture: protocol/gameview.schema.json /$defs/DreamView/required/2
60/73 RED fixture: protocol/gameview.schema.json /$defs/DreamView/required/3
61/73 RED fixture: protocol/gameview.schema.json /$defs/DreamView/required/4
62/73 RED fixture: protocol/gameview.schema.json /$defs/DreamView/required/5
63/73 RED fixture: protocol/gameview.schema.json /$defs/DreamView/required/6
64/73 RED generation: protocol/gameview.schema.json /$defs/DreamView/additionalProperties
65/73 RED generation: protocol/event.schema.json /$defs/EventPayload/oneOf/20/properties/type/const
66/73 RED generation: protocol/event.schema.json /$defs/EventPayload/oneOf/20/required/0
67/73 RED fixture: protocol/event.schema.json /$defs/EventPayload/oneOf/20/required/1
68/73 RED fixture: protocol/event.schema.json /$defs/EventPayload/oneOf/20/required/2
69/73 RED generation: protocol/event.schema.json /$defs/EventPayload/oneOf/20/additionalProperties
70/73 RED generation: protocol/reaction.schema.json /$defs/ReactionRule/properties/on/oneOf/3/properties/event/const
71/73 RED generation: protocol/reaction.schema.json /$defs/ReactionRule/properties/on/oneOf/3/required/0
72/73 RED fixture: protocol/reaction.schema.json /$defs/ReactionRule/properties/on/oneOf/3/required/1
73/73 RED generation: protocol/reaction.schema.json /$defs/ReactionRule/properties/on/oneOf/3/additionalProperties
