command: mise exec -- node --test mobile/app/book/dream.test.ts mobile/app/book/notice_board.test.ts mobile/app/book/priory.test.ts mobile/app/book/live_actions.test.ts
exit: 0
(node:49870) [MODULE_TYPELESS_PACKAGE_JSON] Warning: Module type of file://[worktree]/mobile/app/book/dream.test.ts is not specified and it doesn't parse as CommonJS.
Reparsing as ES module because module syntax was detected. This incurs a performance overhead.
To eliminate this warning, add "type": "module" to [worktree]/mobile/app/package.json.
(Use `node --trace-warnings ...` to show where the warning was created)
✔ live first Rest, nested Close/Resume, captured branches, final ack and cold World resume use the actual bed (739.288917ms)
✔ uncertain paid Rest remount opens the first dream only when the original COMMIT settles (308.620958ms)
(node:49871) [MODULE_TYPELESS_PACKAGE_JSON] Warning: Module type of file://[worktree]/mobile/app/book/live_actions.test.ts is not specified and it doesn't parse as CommonJS.
Reparsing as ES module because module syntax was detected. This incurs a performance overhead.
To eliminate this warning, add "type": "module" to [worktree]/mobile/app/package.json.
(Use `node --trace-warnings ...` to show where the warning was created)
✔ after Bram acceptance an unchanged north drag crosses a pulse and commits exactly one move (95.984208ms)
✔ sampler Bram offers at19:00 and receives the fetched lantern the next day without waiting (63.517834ms)
✔ a captured north action never becomes north from a different origin room (38.572625ms)
✔ Maud acceptance, position and item buttons survive elapsed-only redraws (41.617125ms)
✔ an altered captured choice is refused without sending a new decision (41.678417ms)
✔ old Leave and departed Bram actions keep stale refusal after context changes (44.141583ms)
✔ a held answer refuses after its speaker departs during the elapsed pulse (35.435625ms)
✔ combat context changes refuse old Look while an unchanged encounter tolerates a pulse (38.439584ms)
✔ pending move retry adopts its original durable receipt once without a second action (40.186875ms)
✔ withdrawn or changed-context Notice controls retain their captured stale token (21.198125ms)
(node:49872) [MODULE_TYPELESS_PACKAGE_JSON] Warning: Module type of file://[worktree]/mobile/app/book/notice_board.test.ts is not specified and it doesn't parse as CommonJS.
Reparsing as ES module because module syntax was detected. This incurs a performance overhead.
To eliminate this warning, add "type": "module" to [worktree]/mobile/app/package.json.
(Use `node --trace-warnings ...` to show where the warning was created)
✔ landing detail and two board children read exact targets and pop back without navigation receipts (171.031459ms)
✔ the south search reaches the oak and returns through visible fox clues (82.848583ms)
✔ cold Continue shows the confirmed notice once and restores its return route without Read (124.117417ms)
✔ an uncertain child read keeps an empty detail until its one receipt is confirmed (33.2445ms)
✔ long elapsed redraw retains board route and a real room change prunes it (35.303542ms)
✔ notice entries use available exact-target aliases and expose unavailable reasons (52.328916ms)
✔ Elspeth stays reachable all day and her Book replies direct a newcomer along usable exits (165.548667ms)
✔ Q1 drawing opens full item detail with Take and local Leave (28.6405ms)
✔ plank and hollow open descriptive noun detail pages without story credit (40.813791ms)
✔ Study is a detail-only empty-target control after Read/history and refreshes across elapsed redraw (51.298958ms)
✔ pending Study retains its detail context and restores exactly once without World narration (161.964042ms)
(node:49873) [MODULE_TYPELESS_PACKAGE_JSON] Warning: Module type of file://[worktree]/mobile/app/book/priory.test.ts is not specified and it doesn't parse as CommonJS.
Reparsing as ES module because module syntax was detected. This incurs a performance overhead.
To eliminate this warning, add "type": "module" to [worktree]/mobile/app/package.json.
(Use `node --trace-warnings ...` to show where the warning was created)
✔ actual nested book Item opens locally and Read stays between description and options with local Back (246.268583ms)
✔ Book restores Ward or Bell once through pulse after remount during uncertain Read (458.435958ms)
✔ Book restores Ward or Bell once through title press after remount during uncertain Read (390.2475ms)
ℹ tests 26
ℹ suites 0
ℹ pass 26
ℹ fail 0
ℹ cancelled 0
ℹ skipped 0
ℹ todo 0
ℹ duration_ms 2132.32675
