• passcodeRequired: false
ka pid=13308 nonce 84dcacb6f1324efe -> P6RUN p6-1790984204762-n84dcacb6f1324efe ka done records=4 mismatches=0 checks_failed=0
• passcodeRequired: false
n=84dcacb6f1324efe
sim pid=13310 nonce 1d2c38d62de80c6a -> P6RUN p6-1790984207652-n1d2c38d62de80c6a sim done records=1530 mismatches=0 checks_failed=0
• passcodeRequired: false
n=1d2c38d62de80c6a
carry1 pid=13312 nonce 4a1acc4d416cbb95 -> P6RUN p6-1790984211896-n4a1acc4d416cbb95 carry1 HOLD
ERROR: Failed to retrieve the file node for Documents/SQLite/p6-carry1.db (com.apple.dt.CoreDeviceError error 7000 (0x1B58))
ERROR: Failed to retrieve the file node for Documents/SQLite/p6-carry1.db-journal (com.apple.dt.CoreDeviceError error 7000 (0x1B58))
• passcodeRequired: false
n=4a1acc4d416cbb95
carry2 pid=13315 nonce 92a46c6befe9c7cf -> P6RUN p6-1790984215282-n92a46c6befe9c7cf carry2 done records=13 mismatches=0 checks_failed=0
• passcodeRequired: false
n=92a46c6befe9c7cf
leave1 pid=13316 nonce d254b189174be3c8 -> P6RUN p6-1790984218241-nd254b189174be3c8 leave1 HOLD
ERROR: Failed to retrieve the file node for Documents/SQLite/p6-leave1.db (com.apple.dt.CoreDeviceError error 7000 (0x1B58))
ERROR: Failed to retrieve the file node for Documents/SQLite/p6-leave1.db-journal (com.apple.dt.CoreDeviceError error 7000 (0x1B58))
• passcodeRequired: false
n=d254b189174be3c8
leave2 pid=13317 nonce 54e11326281e701a -> P6RUN p6-1790984221651-n54e11326281e701a leave2 done records=13 mismatches=0 checks_failed=0
• passcodeRequired: false
n=54e11326281e701a
lost pid=13319 nonce bb1521c990a10ae4 -> P6RUN p6-1790984224660-nbb1521c990a10ae4 lost done records=25 mismatches=0 checks_failed=0
• passcodeRequired: false
n=bb1521c990a10ae4
dusk pid=13321 nonce a193cf5c694d4790 -> P6RUN p6-1790984227636-na193cf5c694d4790 dusk done records=14 mismatches=6 checks_failed=1
