(node:69373) [MODULE_TYPELESS_PACKAGE_JSON] Warning: Module type of file://<worktree>/mobile/app/book/model.ts is not specified and it doesn't parse as CommonJS.
Reparsing as ES module because module syntax was detected. This incurs a performance overhead.
To eliminate this warning, add "type": "module" to <worktree>/mobile/app/package.json.
(Use `node --trace-warnings ...` to show where the warning was created)
✖ E1 fresh authority route visits 57 literal rooms and reopens before each joined consumer (186.939375ms)
ℹ tests 1
ℹ suites 0
ℹ pass 0
ℹ fail 1
ℹ cancelled 0
ℹ skipped 0
ℹ todo 0
ℹ duration_ms 735.118667

✖ failing tests:

test at kernel/ts/test/e1_routes.test.ts:12:1
✖ E1 fresh authority route visits 57 literal rooms and reopens before each joined consumer (186.939375ms)
  AssertionError [ERR_ASSERTION]: Expected values to be strictly equal:
  + actual - expected
  
  + 'room.well_lane.title'
  - 'room.boathouse.title'
          ^
  
      at place (file://<worktree>/kernel/ts/test/e1_routes.ts:67:42)
      at walk (file://<worktree>/kernel/ts/test/e1_routes.ts:71:7)
      at topology (file://<worktree>/kernel/ts/test/e1_routes.ts:99:3)
      at TestContext.<anonymous> (file://<worktree>/kernel/ts/test/e1_routes.test.ts:20:21)
      at Test.runInAsyncScope (node:async_hooks:227:14)
      at Test.run (node:internal/test_runner/test:1402:25)
      at Test.start (node:internal/test_runner/test:1262:17)
      at startSubtestAfterBootstrap (node:internal/test_runner/harness:387:17)
      at process.processTicksAndRejections (node:internal/process/task_queues:104:5) {
    generatedMessage: true,
    code: 'ERR_ASSERTION',
    actual: 'room.well_lane.title',
    expected: 'room.boathouse.title',
    operator: 'strictEqual',
    diff: 'simple'
  }
