
> loka-app@0.0.0 test
> node --test --test-reporter=${TEST_REPORTER:-spec} "../authority/**/*.test.ts" "book/*.test.ts" "*.test.ts"

✔ ../authority/local-story/__tests__/dream-host.test.ts (330.561583ms)
✔ ../authority/local-story/__tests__/elapsed-host.test.ts (432.827292ms)
✔ ../authority/local-story/__tests__/reward-host.test.ts (571.969042ms)
✔ bell-first loss survives real rollback-journal SQLite reopen after every scene line (368.187792ms)
✔ forged lost quest without Ring receipt gives typed save corruption (66.537917ms)
✔ late Ring keeps both Q2 returns playable through cold reopen (393.759583ms)
✔ both completed returns keep Silence and its two scene lines through cold reopen (483.089583ms)
✔ fox terminal requires its own committed Silence receipt (83.561583ms)
✔ Silence receipt rejects foreign actors on linked fact events (288.546209ms)
✔ Silence receipt binds its action, actor and scene cause (777.140208ms)
✔ fox terminal rejects contradictory saved rows without repairing them (555.589333ms)
✔ Silence COMMIT uncertainty settles once and its exact receipt replays unchanged (344.802667ms)
✔ late Ring rejects a receipt with an extra Q2 loss transition (179.381667ms)
✔ bell save contradictions offer typed recovery without changing saved rows (1308.09625ms)
✔ linked Ring receipt fields reject controlled forgeries without repairing rows (2373.421917ms)
✔ Ring COMMIT uncertainty settles to one complete outcome and one replayable receipt (284.364166ms)
✔ saved custody cycle faults in step (401.150083ms)
✔ saved custody cycle faults in list (384.777375ms)
✔ saved custody cycle faults in barrier (354.945208ms)
✔ Take and item-barrier reach preserve the spent decision budget (240.401292ms)
✔ a closed ancestor refuses reach before the hidden cycle (3.13175ms)
✔ saved B2 acceptance and funded turn-in reopen with their exact rows (122.39225ms)
✔ reopen refuses a missing bound expiry job (70.708083ms)
✔ expired B2 obligation reopens with one trust penalty (37.887958ms)
✔ on-time saved axis must agree with its turn-in receipt (61.914084ms)
✔ on-time receipt balances must match funded and saved rows (31.865208ms)
✔ expiry receipt trust scope must name its bound actor (40.969625ms)
✔ reopen derives Reeds from the saved trigger choice, equal to headless play (33.55775ms)
✔ real SQLite reopens Attack and both M4 A rounds with original receipt replay (95.389125ms)
✔ a real rat kill commits corpse and preacceptance credit together and reopens exactly (11.52975ms)
✔ actual lethal combat returns empty-handed and ordinary six-exit journey recovers corpse roots (37.111291ms)
✔ genuine FULL and both unknown-COMMIT outcomes fence a real fatal round (53.753041ms)
✔ saved encounter corruption refuses before exposing play without repairing rows (77.923875ms)
✔ input at the due deadline settles lethal combat before attempting Flee (51.416416ms)
✔ random Flee destination and RNG reopen and replay one SQLite receipt (6.995ms)
✔ scheduled opponent departure reopens and reconciles before a harmless due combat round (81.119292ms)
✔ real SQLite reopens buy before acceptance, active, and both chronological payout orders (375.313292ms)
✔ purchase receipt retry, sale and buyback cold reopen one exact item and conserved pennies (52.068416ms)
✔ buy under an active and expired S2 retains the exact ledger and pending/failure truth (77.381042ms)
✔ cold open refuses omitted debit, wrong recipient, false prior balance and reversed receipt order (213.853417ms)
✔ shop failed COMMIT and both unknown outcomes retain all prior or all next rows (154.097667ms)
✔ satchel Put/Take is immediately useful but active S2 ancestor Sell is refused (57.502583ms)
✔ v018 ID pin binds the spawned world, purchased torch and worn slot after cold reopen (52.777416ms)
✔ corpse identity, worn roots and shrine return reopen atomically and receipt replay allocates nothing (53.38825ms)
✔ an older release list refuses the corpse release without rewriting it (12.309791ms)
✔ real FULL, failed COMMIT and committed-unknown COMMIT preserve all prior or all next corpse rows (41.3995ms)
✔ save load refuses missing identity, unknown template and illegal corpse custody without repair (81.413375ms)
✔ every intermediate checkpoint and both ended branches cold-open and replay the exact original result once (3167.503042ms)
✔ cold open refuses forged dream truth and receipt producer evidence without changing file bytes (1051.965125ms)
✔ Rest, choice opening, branch selection and final ack settle uncertain COMMIT all old or all new (2664.916459ms)
✔ real elapsed and fatal return preserve the dormant choice until the actor lawfully reaches its actual bed (381.600292ms)
✔ base1000 accounting preserves exact safe boundary quotients and rejects target overflow (1.184542ms)
✔ 9ms and reopened 11ms commit one unit and preserve the durable fractional account (64.574791ms)
✔ negative wall resume rebases without credit then credits the next 20ms (7.89825ms)
✔ a fixed 36hour horizon commits all four daily boundaries in order (11.811ms)
✔ sixteen segments yield and one reserved input completes at its original finite horizon (59.673959ms)
✔ a current choice crossing departure refuses presence while Leave still closes its continuation (8.048ms)
✔ preexisting stale input does not account time and synchronous success emits no completion (7.285834ms)
✔ trusted explicit v2 advance raises its durable target and missing checkpoints refuse (8.95425ms)
✔ an elapsed managed session without clocks fails with a typed refusal (4.663584ms)
✔ resume extends durable target debt rather than a lagging head (11.233666ms)
✔ unexpected closed checkpoint evidence blocks play as corrupt until confirmed Start over (12.6085ms)
✔ a valid durable replacement invalidates an old fenced clock and input without writes (8.270417ms)
✔ malformed v2 checkpoints and heads refuse without rewriting their progress (181.677542ms)
✔ a managed v1 upgrade starts its durable account at the actual opening clocks (4.539125ms)
✔ a committed unknown elapsed segment with corrupt checkpoint completes its input as blocked (8.442958ms)
✔ a valid replacement during unknown positive elapsed invalidates the old pending input (14.815833ms)
✔ a private reservation rejects another intent and retains its original bounded input (18.2585ms)
✔ terminal v1 upgrade recovery waits for real SQLite rollback closure before Start over (11.693791ms)
✔ resumed wall survives fractional reconciliation and invalid/stale preflight before a new input (76.824458ms)
✔ a new reservation waits for its actual resumed horizon and yields after sixteen boundaries (47.027709ms)
✔ resume remains armed after fixed A completes and another intent cannot steal its result (22.889958ms)
✔ elapsed receipt survives reopen and replays its first result after later clock commits (63.493833ms)
✔ old run elapsed refuses before receipt lookup after replacement without Host.random (9.259291ms)
✔ unknown elapsed COMMIT fences trusted and player delivery until the real receipt reconciles (4.394708ms)
✔ modal scene keeps Continue-only player controls while elapsed time commits (17.348958ms)
✔ malformed stored command JSON conflicts without state or receipt changes (4.018959ms)
✔ malformed stored response JSON conflicts without state or receipt changes (3.467375ms)
✔ healthy elapsed delivery preserves actual SQLite receipt-read failures (4.167875ms)
✔ a worn cap is still worn after reopen, in the state the headless kernel reaches (18.975667ms)
✔ seed 12: every fault leaves the prior or next revision and the run ends unchanged (2835.895542ms)
✔ seed 366: every fault leaves the prior or next revision and the run ends unchanged (2225.207708ms)
✔ seed 30636: every fault leaves the prior or next revision and the run ends unchanged (2345.937375ms)
✔ seed 300: every fault leaves the prior or next revision and the run ends unchanged (2850.273917ms)
✔ seed 622: every fault leaves the prior or next revision and the run ends unchanged (2102.718959ms)
✔ seed 9633: every fault leaves the prior or next revision and the run ends unchanged (2008.738917ms)
✔ seed 2841: every fault leaves the prior or next revision and the run ends unchanged (1468.488875ms)
✔ seed 454: every fault leaves the prior or next revision and the run ends unchanged (2464.433833ms)
✔ seed 172: every fault leaves the prior or next revision and the run ends unchanged (2221.41375ms)
✔ seed 49: every fault leaves the prior or next revision and the run ends unchanged (2521.777541ms)
✔ seed 211: every fault leaves the prior or next revision and the run ends unchanged (1286.880834ms)
✔ seed 1595: every fault leaves the prior or next revision and the run ends unchanged (1234.113083ms)
✔ seed 337982: every fault leaves the prior or next revision and the run ends unchanged (1019.90975ms)
✔ seed 105497: every fault leaves the prior or next revision and the run ends unchanged (864.397959ms)
✔ seed 81: every fault leaves the prior or next revision and the run ends unchanged (1161.0285ms)
✔ seed 130: every fault leaves the prior or next revision and the run ends unchanged (1074.889875ms)
✔ seed 54: every fault leaves the prior or next revision and the run ends unchanged (1050.691125ms)
✔ hand-checked anchors (25.408625ms)
✔ views, a reopen and a changed host clock leave the play_time clock and world as they were (79.764208ms)
✔ backward-anchor metadata accounts reconcile exact prior or next real SQLite evidence (13.232125ms)
✔ failed and lost-ack positive elapsed commits reconcile head receipt and checkpoint together (7.558625ms)
✔ real SQLITE_FULL rolls back elapsed evidence and retries its unchanged candidate (3.17525ms)
✔ a timer completes an unknown player receipt before sampling and emits it once (4.034333ms)
✔ process kill before and after elapsed COMMIT leaves entirely prior or next and reopens once (429.294667ms)
✔ acknowledged Green finale reopens at every line and exports one report (804.954417ms)
✔ real SQLite carries the same apple through storage/drop/Forage/give/Eat and later consumers (1154.17275ms)
✔ food-only cold-open refuses plausible bounded forgeries without writing bytes (532.686125ms)
✔ real failed and committed/absent uncertain COMMIT preserve atomic Eat and exact retry (334.700125ms)
✔ spent apple and another apple in a real fight corpse both reopen before a later Eat (474.6775ms)
✔ real SQLite reopens every immediate occurrence, exact replay and later ordinary bandage custody (884.09925ms)
✔ failed and lost COMMIT exchange outcomes reconcile all-prior or all-next rows (400.239834ms)
✔ exchange history corruption refuses without rewriting the SQLite rows (649.96525ms)
✔ accepted herbs can be dropped, reopened and retrieved for the same exact occurrence (207.225833ms)
✔ B2 and S9 faction receipts reopen in both composed orders without changing pennies (748.77075ms)
✔ reacceptance retirement and fresh activation reconcile as one real SQLite commit (533.1195ms)
✔ randomly seeded B5 lineage reopens and Start over preserves the drawn seed (85.137375ms)
✔ trusted elapsed reopens before S9 and reaches the actual herb exchange consumer (245.055584ms)
✔ reopen recomputes possession text and retains earned text after the oar is dropped (38.179625ms)
✔ openStory.invoke refuses a failing chat on Bram by its key (37.677709ms)
✔ lantern-carry plays as its frozen trace; its story point reaches the run's account once (106.66975ms)
✔ lantern-leave plays as its frozen trace; its story point reaches the run's account once (74.527834ms)
✔ an old run's view token is stale after a new game, at the same revision (9.580541ms)
✔ adverse early-possession (40.978417ms)
✔ adverse drop-after-choice-opened (66.226292ms)
✔ adverse walked-away-rejects-new-choice (56.455459ms)
✔ adverse walked-away-keeps-receipt (34.429125ms)
✔ adverse altered-choice (34.70825ms)
✔ adverse choice-rollback (33.324875ms)
✔ adverse choice-unknown-commit-absent (71.730667ms)
✔ adverse choice-unknown-commit-committed (68.2445ms)
✔ adverse commit-before-display (555.641917ms)
✔ adverse reading-has-no-effect (27.91875ms)
✔ adverse stale-choice-and-blocked-exit (41.899542ms)
✔ a choice committed with its acknowledgement lost recovers to its receipt, reported once (29.755792ms)
✔ actual torch oil and nested intervals survive cold reopen and sell/buyback with conserved pennies (313.7065ms)
✔ real failed and unknown refill commits reconcile the entire writer group and exact retry (195.056375ms)
✔ corrupt fuel and forged refills refuse without repairing SQLite (386.410709ms)
✔ dark lethal combat cold reopens and permits the gear-free owner corpse walk and exact recovery (393.9055ms)
✔ a light-only cartridge reopens lawful refill history and rejects a bounded forged charge (26.92875ms)
✔ undeclared fuel rows refuse in a cartridge without light metadata and leave SQLite untouched (12.107625ms)
(node:29331) [MODULE_TYPELESS_PACKAGE_JSON] Warning: Module type of file://[worktree]/mobile/app/book/model.ts is not specified and it doesn't parse as CommonJS.
Reparsing as ES module because module syntax was detected. This incurs a performance overhead.
To eliminate this warning, add "type": "module" to [worktree]/mobile/app/package.json.
(Use `node --trace-warnings ...` to show where the warning was created)
✔ Book binds the exact oil bottle and keeps worn torch controls on the item (36.23725ms)
✔ Book owns authored Refuel aliases on their source and preserves exact invocation identity (143.754041ms)
✔ the app path passes the random source: the pinned context is not the template (30.477833ms)
✔ two new games draw their own seed and world context, pinned and in the trace header (3.22925ms)
✔ a reopen rebuilds the ids from the pinned context: first open, Start over, app update (33.790042ms)
✔ luck replays: the drawn seed is the RNG, and a reopen picks as the same process did (30.86125ms)
✔ a save from before c1-host opens unchanged and plays on (23.114458ms)
✔ a pinned context that is not a WorldContextId is save_corrupt (6.498042ms)
✔ production empty, filled, partial Pour, empty, nested, ground and shop custody reopen exactly (2428.38525ms)
✔ cold open refuses missing, extra, malformed and plausible bounded liquid rows without repair (1150.291458ms)
✔ cold open binds every liquid receipt to its historical command, source and complete ordered rows (2301.213125ms)
✔ Pour failed COMMIT and lost acknowledgement fence liquid then reconcile and replay once (485.608917ms)
✔ actual fatal combat cold reopens the filled shell on its corpse then ordinary recovery (572.670125ms)
✔ cold open rejects consistent command/event rewrites that cannot derive from the original invocation (204.265958ms)
✔ a tiny world survives a restart with the same state (13.916666ms)
✔ a retried consumed take replays its receipt; altered intent is a conflict (6.559792ms)
✔ a failed attempt and a rejection persist; their retries draw nothing (7.269833ms)
✔ a fault changes nothing and gets no receipt (6.330125ms)
✔ a lost COMMIT acknowledgement reconciles to the committed receipt (8.343ms)
✔ a genuinely failed COMMIT reconciles to not committed; the retry is a fresh attempt (16.155792ms)
✔ while the COMMIT outcome is unknown every call is fenced; a restart settles it (9.941833ms)
✔ a process killed after COMMIT restarts with the take once and its trace entry once (1077.267209ms)
✔ a definite failure is traced once; a failed trace write changes nothing (14.5245ms)
✔ while the trace is behind no later entry overtakes a missed one (8.262875ms)
✔ an unreadable trace never stops play or the save opening (8.834792ms)
✔ an updated kernel starts a new segment after recovering the old one (10.850875ms)
✔ a transaction a failed ROLLBACK leaves open is never read as saved nor blocks play (10.301917ms)
✔ a save does not open inside a transaction left open (5.749958ms)
✔ jobs survive a restart: waiting to 19:00 after it moves Bram as without it (13.432375ms)
✔ a recipe whose time cost runs a job replays its receipt on retry (6.428041ms)
✔ a move whose reactions commit replays its events byte for byte after a restart (16.850042ms)
✔ a recipe narration's pinned participants survive a restart and replay unchanged (5.726333ms)
✔ a talk committed, then a restart: the stored choice carries its revision and choose works (12.833083ms)
✔ production five preacceptance kills reopen into Maud reward and usable storage (353.24375ms)
✔ each of five missing actual credits refuses reward after early acceptance (739.473375ms)
(node:29379) [MODULE_TYPELESS_PACKAGE_JSON] Warning: Module type of file://[worktree]/mobile/app/book/model.ts is not specified and it doesn't parse as CommonJS.
Reparsing as ES module because module syntax was detected. This incurs a performance overhead.
To eliminate this warning, add "type": "module" to [worktree]/mobile/app/package.json.
(Use `node --trace-warnings ...` to show where the warning was created)
✔ production Maud completion leaves World free of story-ended claims and storage usable (121.085166ms)
(node:29395) [MODULE_TYPELESS_PACKAGE_JSON] Warning: Module type of file://[worktree]/mobile/app/book/presenter.ts is not specified and it doesn't parse as CommonJS.
Reparsing as ES module because module syntax was detected. This incurs a performance overhead.
To eliminate this warning, add "type": "module" to [worktree]/mobile/app/package.json.
(Use `node --trace-warnings ...` to show where the warning was created)
✔ active chapter five actual kills, shrine return, Maud reward and cold-reopen storage (488.286959ms)
✔ Q1 explicit acceptance, held drawing gate, report priority and durable once-only resolution (186.758583ms)
✔ picking up the clue first starts no quest and acceptance is immediately ready (30.587542ms)
✔ Maud offer and earned turn-in stay usable while Q1 is unaccepted (123.484625ms)
✔ Maud offer and earned turn-in stay usable while Q1 is active (99.077166ms)
✔ Maud offer and earned turn-in stay usable while Q1 is ready (210.718375ms)
✔ Maud offer and earned turn-in stay usable while Q1 is resolved (130.069916ms)
✔ Q1 acceptance, Green pickup, report and Maud offer work throughout the day (1022.432459ms)
✔ Mire Crossing and Fox Hollow offer both approaches and cold return at every hour (4484.597875ms)
✔ Q1 report atomically activates Q2; only guarded Study tracks grants its active first lead (102.096833ms)
✔ SQLite report/Study reopen and exact replay preserve active Q2 and receipt-specific history (150.549541ms)
✔ malformed Study receipt evidence offers typed Start over on reopen (629.649625ms)
✔ committed combat line indices come from pinned keys and structured receipt events (4.466625ms)
✔ actual adopted rat adjustment commits, reopens pinned HP and replays without another write (60.410375ms)
✔ reopen rejects missing, malformed, or out-of-bounds NPC HP without rewriting progress (10.229ms)
✔ SQLite FULL, failed COMMIT and lost acknowledgement preserve atomic NPC HP adoption (68.962209ms)
✔ a budget fault is one valid observation of its limit, with the ReplayIds of its decision (14.997042ms)
✔ a failing observation sink changes no reply, revision, storage or retry (12.451416ms)
✔ an older save gains the sink untouched, and the sink keeps the newest 1000 records (609.956167ms)
✔ each NEW decision, accepted, rejected or fault, is one kernel.decision_latency (59.608792ms)
✔ a clock changes no reply or durable state when a COMMIT is held, then committed (11.132167ms)
✔ a real committed elapsed then ordinary local trace replays identically with header run preflight (2259.157167ms)
(node:29432) [MODULE_TYPELESS_PACKAGE_JSON] Warning: Module type of file://[worktree]/mobile/app/book/presenter.ts is not specified and it doesn't parse as CommonJS.
Reparsing as ES module because module syntax was detected. This incurs a performance overhead.
To eliminate this warning, add "type": "module" to [worktree]/mobile/app/package.json.
(Use `node --trace-warnings ...` to show where the warning was created)
✔ real SQLite reopens every finite leg and explicit pause boundary (2363.677833ms)
✔ actual cellar death separates concurrent Wren, resets patrol, and permits Restart after cold reopen (2237.57325ms)
▶ full retained receipt replay refuses forged patrol rows and proofs without rewriting SQLite
  ✔ actor_id (166.932667ms)
  ✔ body_id (225.860667ms)
  ✔ npc_id (143.779209ms)
  ✔ quest_instance_id (187.148208ms)
  ✔ continuation_id (213.563541ms)
  ✔ attempt_id (108.942459ms)
  ✔ cursor (148.081458ms)
  ✔ credit (126.493708ms)
  ✔ status (139.514041ms)
  ✔ fractional (170.970916ms)
  ✔ missing (203.660125ms)
  ✔ scope (168.989667ms)
  ✔ cause (171.064083ms)
  ✔ source (131.105417ms)
  ✔ lost-transition (140.443042ms)
✔ full retained receipt replay refuses forged patrol rows and proofs without rewriting SQLite (2450.348042ms)
▶ real failed and acknowledged-lost COMMIT reconcile one leader departure and exact Book retry
  ✔ failed (151.186958ms)
  ✔ lost (189.16125ms)
✔ real failed and acknowledged-lost COMMIT reconcile one leader departure and exact Book retry (340.945208ms)
▶ final player join commits movement, terminal quest and trust together across both uncertain outcomes
  ✔ failed (298.820417ms)
  ✔ lost (266.32375ms)
✔ final player join commits movement, terminal quest and trust together across both uncertain outcomes (565.604417ms)
✔ real original-Tobin C1 lessons reopen during patrol and completion grants trust alone (486.172042ms)
✔ a seated player is still sitting after reopen, in the state the headless kernel reaches (14.815417ms)
(node:29446) [MODULE_TYPELESS_PACKAGE_JSON] Warning: Module type of file://[worktree]/mobile/app/book/presenter.ts is not specified and it doesn't parse as CommonJS.
Reparsing as ES module because module syntax was detected. This incurs a performance overhead.
To eliminate this warning, add "type": "module" to [worktree]/mobile/app/package.json.
(Use `node --trace-warnings ...` to show where the warning was created)
✔ real SQLite preserves original books through ground Take nested open Read closure travel and reread (2299.991042ms)
✔ real failed and lost COMMIT outcomes fence Read then retry and replay once (1424.2475ms)
✔ historical Read and known-topic truth reject wrong actor book definition cause missing grants and closed custody (1270.315541ms)
✔ actual fatal fight reopens with learned topics and gear-free recovery Takes the original books (410.384708ms)
✔ saved 19:00 novice overlap and 20:00 departure retain original pending speaker (215.5235ms)
✔ Book remount during lost Read acknowledgement waits for confirmation then routes its one recovered page (279.443416ms)
✔ readable-only SQLite recovery rejects forged narration without another history consumer (23.821625ms)
(node:29448) [MODULE_TYPELESS_PACKAGE_JSON] Warning: Module type of file://[worktree]/mobile/app/book/model.ts is not specified and it doesn't parse as CommonJS.
Reparsing as ES module because module syntax was detected. This incurs a performance overhead.
To eliminate this warning, add "type": "module" to [worktree]/mobile/app/package.json.
(Use `node --trace-warnings ...` to show where the warning was created)
✔ Book preserves an aliased Read place offer and exact target through a live redraw (97.262583ms)
✔ a leftover transaction is settled before the trace catches up (24.055041ms)
✔ a file that is not a database or has a corrupt page is save_corrupt (51.006541ms)
✔ a head with a damaged column is save_corrupt; its new game recreates the head (17.00875ms)
✔ at the cap a new game deletes the oldest run whole and keeps the current one (129.660459ms)
✔ a run alone at the cap keeps its beginning and appends no more entries (117.871583ms)
✔ a new game at the cap makes room for its header by deleting the old run (133.307167ms)
✔ a run that drops an entry pair below the cap writes nothing more (181.827417ms)
✔ catch-up at the cap boundary writes a missed entry at 4,998 rows and not at 4,999 (322.256833ms)
✔ Rest/reopen/Stand keeps literal fractions and replays the Rest receipt without writes (106.620083ms)
✔ load refuses corrupt opted rows without rewriting stored progress (51.656333ms)
✔ reconciled adoption rejects wrong authored rate and keeps the prior confirmed view (12.746458ms)
✔ bundled sampler pays MV1 and rests twice as fast before reaching its pool cap (81.705042ms)
✔ real SQLite write failures keep the pool and position together until the unchanged retry commits (10.916291ms)
✔ five actual preacceptance kills reopen into one atomic reward and identity-preserving storage (256.915583ms)
✔ real rollback, failed COMMIT and lost acknowledgement preserve complete old/new reward rows across reopen (300.187208ms)
✔ sampler invocation walk reaches all six rooms and resumes the carried ending at line two (165.347833ms)
✔ leaving the lantern resolves with the fallback journal and no carried chapter or scene (11.81425ms)
✔ a new save allocates and pins its identity; a restart and a replay reuse it (20.405125ms)
✔ a save whose pinned release is missing is refused untouched; a new game moves on (11.620667ms)
✔ a save of an unknown format is refused with nothing written and no new game (19.663584ms)
✔ a damaged identity is save_corrupt and untouched; its new game repairs it (268.969083ms)
✔ an app update reopens a save on its pinned release; new games pin the newest (7.074584ms)
✔ a save that does not parse is save_corrupt until the player starts a new game (52.531042ms)
✔ a new game replaces the save; an old invocation id is new again (9.798333ms)
✔ a new game that fails part way leaves the old save and memory (13.84175ms)
✔ a new game settles a pending attempt first, in the run it was made in (19.284958ms)
✔ a new game whose COMMIT is unknown is fenced; settling it moves play to the new run (15.510709ms)
✔ a new game whose COMMIT fails keeps the old save, memory and receipts (7.579291ms)
✔ a committed new game is adopted before play; a retry does not replace it twice (8.352541ms)
✔ a corrupt save's new game settles its COMMIT like any other (21.210333ms)
✔ a new run's entries missed by the trace follow its own header (17.252791ms)
✔ a new game after a settled one replaces the save again (31.725375ms)
✔ line two survives reopen and triggering receipt retry without duplicate effects (71.324541ms)
(node:29634) [MODULE_TYPELESS_PACKAGE_JSON] Warning: Module type of file://[worktree]/mobile/app/book/presenter.ts is not specified and it doesn't parse as CommonJS.
Reparsing as ES module because module syntax was detected. This incurs a performance overhead.
To eliminate this warning, add "type": "module" to [worktree]/mobile/app/package.json.
(Use `node --trace-warnings ...` to show where the warning was created)
✔ room-before-Rest, meal, partial/empty ale reopen and exact retries preserve the next real consumer (1294.81625ms)
✔ forged bounded service rows and swapped/omitted historical service evidence refuse without repair (1632.8935ms)
✔ real failed COMMIT and both uncertain outcomes keep room/meal/ale all old or all new (1090.912792ms)
✔ real Book captured alias press and lost acknowledgement restore one original-Maud line (489.733833ms)
✔ S1 remains reachable beside services and same-body fatal return reopens the paid bed truth (566.991ms)
✔ a pending start over whose retry fails shows that error, not "not confirmed" (33.513125ms)
✔ catch-up conflicts preserve the original attempt and matching retries keep its identity (117.963833ms)
✔ invalid and cyclic shared input refuses before snapshot or elapsed sampling (27.671916ms)
✔ missing elapsed columns after unknown metadata or gameplay commit block and permit explicit recovery (45.4735ms)
✔ corrupt elapsed recovery binds valid, malformed, and absent original headers without erasing a replacement (94.969583ms)
✔ loaded elapsed recovery refuses newer and malformed same-run formats without writes (24.398333ms)
✔ changed refused elapsed header classifies malformed before differing valid run and preserves newer formats (12.570042ms)
(node:29654) [MODULE_TYPELESS_PACKAGE_JSON] Warning: Module type of file://[worktree]/mobile/app/book/presenter.ts is not specified and it doesn't parse as CommonJS.
Reparsing as ES module because module syntax was detected. This incurs a performance overhead.
To eliminate this warning, add "type": "module" to [worktree]/mobile/app/package.json.
(Use `node --trace-warnings ...` to show where the warning was created)
✔ a scripted session survives a restart and plays on (96.45425ms)
✔ an invalid press before a save does not make the next id collide after a restart (21.86425ms)
✔ an unknown COMMIT shows pending, not a success; a restart shows what committed (10.226625ms)
✔ a pending press is retried with its own id and replays what committed (7.362875ms)
✔ a same-scope receipt from another allocator does not move the id counter (14.995833ms)
✔ a failed write is not claimed unsaved; the next press retries it (9.157917ms)
✔ a read error after a durable commit does not commit the press twice (9.477417ms)
✔ a confirmed receipt that is not a decision is a conflict and ends the attempt (19.289083ms)
✔ start over replaces a file that does not open with a fresh game (25.629084ms)
✔ start over of a damaged identity keeps the file and its old run (10.984334ms)
✔ a damaged receipt index fails the open with start over, which gives a fresh game (17.274875ms)
✔ a newer app's save is never started over (49.945791ms)
✔ a start over whose delete failed can be tried again (5.053459ms)
✔ an open that fails but not as corrupt is never started over (3.936708ms)
✔ a start over that fails during play keeps the game and its retry (23.326792ms)
✔ a pending start over leaves no game to play until it settles (13.038792ms)
✔ the gate tap script ends at its declared state, wherever the kills fall (51.985917ms)
﹣ the save copied from the phone equals the reference (0.055333ms) # SKIP
(node:29662) [MODULE_TYPELESS_PACKAGE_JSON] Warning: Module type of file://[worktree]/mobile/app/book/presenter.ts is not specified and it doesn't parse as CommonJS.
Reparsing as ES module because module syntax was detected. This incurs a performance overhead.
To eliminate this warning, add "type": "module" to [worktree]/mobile/app/package.json.
(Use `node --trace-warnings ...` to show where the warning was created)
✔ a corrupt report page: Start over gives a working save (127.684416ms)
✔ a corrupt sqlite_autoindex_report_1 page: Start over gives a working save (35.851125ms)
✔ a malformed report index record: Start over gives a working save (43.884709ms)
✔ an intact report table survives Start over in place (19.63175ms)
✔ the latest committed narration is read again on reopen, from the receipts (27.189834ms)
✔ an older save reopens with its narration and keeps its report on Start over (49.364625ms)
✔ a malformed receipt response: Start over keeps the pending report (32.9595ms)
✔ a narration read that fails on a lock offers no Start over (28.518667ms)
✔ a save with no body row: save_corrupt, Start over repairs it in place (22.646084ms)
✔ a save with a null choice: save_corrupt, Start over repairs it in place (25.556417ms)
✔ a save with an empty resource: save_corrupt, Start over repairs it in place (18.388875ms)
✔ a receipt narration line that is null: save_corrupt at open, Start over repairs it (33.929875ms)
✔ a receipt response that is not a decision replays as a conflict (10.038959ms)
✔ elapsed NOTADB and page corruption recover only through explicit working Start over (38.52375ms)
✔ unreadable elapsed opening refuses a newly readable replacement and waits on real SQLite uncertainty (18.836333ms)
✔ a story point reached offline is captured once, survives restart, and is delivered (24.650667ms)
✔ a run is bound once, when it starts; each of its reports carries that binding (26.542375ms)
✔ a story point whose report is malformed is not committed (10.901125ms)
✔ a pending report leaves the canonical state hash unchanged (20.75ms)
✔ a report commits with its gameplay result or not at all (33.642167ms)
✔ a new game keeps a pending report, delivered under its original run (14.695125ms)
✔ a lost reply is retried and reads back the one acceptance (10.870167ms)
✔ an acceptance of another payload needs attention (11.604875ms)
✔ an acknowledgement that does not commit stops the batch; the next call resends it (21.376ms)
✔ a report that always fails does not hold back the rest (22.41975ms)
✔ delivery is bounded, persists each disposition and drops nothing (32.406083ms)
✔ real SQLite cold reopen retains both lessons, exact replay, wear, Attack and defended due state (214.903292ms)
✔ forged lesson receipts and contradictory acquired rows reopen as save_corrupt without rewriting (319.9335ms)
✔ each foreign lesson event identity refuses file-backed reopen after lawful later custody (247.825333ms)
✔ real failed and lost-ack COMMIT keep all prior or all next lesson rows and retry once (65.065709ms)
✔ defense hit/loss conjunction is guarded at saved-receipt and narration boundaries (103.298125ms)
✔ trained player death cold reopens and recovers the exact worn lesson sword (79.880541ms)
✔ authored training/shop/S2 orders retain conserved pennies and trained five-rat reward/storage (8009.938125ms)
(node:29678) [MODULE_TYPELESS_PACKAGE_JSON] Warning: Module type of file://[worktree]/mobile/app/book/presenter.ts is not specified and it doesn't parse as CommonJS.
Reparsing as ES module because module syntax was detected. This incurs a performance overhead.
To eliminate this warning, add "type": "module" to [worktree]/mobile/app/package.json.
(Use `node --trace-warnings ...` to show where the warning was created)
✔ original message branch and terminal reopen with their own NPC narration and exact replay (307.734292ms)
✔ Drop and held-container Put reopen and recover the same item; stale handoff never prints success (213.057958ms)
✔ fatal combat and cold reopen preserve the message through ordinary corpse recovery (180.821583ms)
✔ elapsed redraw keeps an unchanged message choice usable (59.0285ms)
▶ retained delivery evidence corruption is typed even behind an unrelated latest receipt
  ✔ missing branch row (81.53025ms)
  ✔ wrong message role (95.56075ms)
  ✔ null retained source (65.214875ms)
  ✔ branch fact reset (77.997709ms)
  ✔ branch fact deleted (71.516666ms)
  ✔ message in unrelated NPC (65.710792ms)
  ✔ message nested in NPC-held container (67.643208ms)
  ✔ malformed receipt command JSON (82.747708ms)
  ✔ receipt transfer removed (74.537ms)
  ✔ receive narration names another speaker (72.780833ms)
  ✔ terminal fact event missing (98.049292ms)
  ✔ terminal status reset (77.752708ms)
  ✔ terminal message returned to actor (66.474375ms)
  ✔ terminal quest reopened (104.284167ms)
✔ retained delivery evidence corruption is typed even behind an unrelated latest receipt (1104.208ms)
✔ failed and lost branch/terminal COMMIT keep narration and custody behind confirmed disk (366.456042ms)
✔ v012 refuses the frozen v010 SQLite save and offers explicit Start over without changing it (30.787208ms)
✔ terminal quest without a message branch refuses reopen and requires explicit Start over (145.124375ms)
(node:29679) [MODULE_TYPELESS_PACKAGE_JSON] Warning: Module type of file://[worktree]/mobile/app/book/presenter.ts is not specified and it doesn't parse as CommonJS.
Reparsing as ES module because module syntax was detected. This incurs a performance overhead.
To eliminate this warning, add "type": "module" to [worktree]/mobile/app/package.json.
(Use `node --trace-warnings ...` to show where the warning was created)
✔ real SQLite reopens at counts zero one two, third close, reset and resolved ward (793.961625ms)
✔ wrong final-wrong and correct commits reconcile both real outcomes and exact replay once (730.57075ms)
✔ bounded saves refuse forged rows and wrong receipts without deleting progress (1179.168666ms)
✔ unjustified discovery and topic facts fail cold-open reconciliation (167.639791ms)
✔ receipt association checks reject forged actor source and quest independently of later save consumers (64.422125ms)
✔ cold-open verifies the ward Talk selector against its saved source (82.246583ms)
(node:29680) [MODULE_TYPELESS_PACKAGE_JSON] Warning: Module type of file://[worktree]/mobile/app/book/presenter.ts is not specified and it doesn't parse as CommonJS.
Reparsing as ES module because module syntax was detected. This incurs a performance overhead.
To eliminate this warning, add "type": "module" to [worktree]/mobile/app/package.json.
(Use `node --trace-warnings ...` to show where the warning was created)
▶ malformed Q1 after rescue selection or completion offers typed recovery without replacing progress
  ✔ following row: null (194.439292ms)
  ✔ following row: false (153.211334ms)
  ✔ following row: 0 (142.931125ms)
  ✔ following row: [] (138.532167ms)
  ✔ following row: {} (107.431542ms)
  ✔ following row: {"quest":{},"scope":{}} (150.202583ms)
  ✔ following row: {"quest":true,"scope":true} (126.974166ms)
  ✔ following quest: {} (139.785ms)
  ✔ following scope: {} (106.729666ms)
  ✔ completed row: null (177.661416ms)
  ✔ completed row: false (126.248834ms)
  ✔ completed row: 0 (112.087667ms)
  ✔ completed row: [] (148.985209ms)
  ✔ completed row: {} (154.928583ms)
  ✔ completed row: {"quest":{},"scope":{}} (114.381459ms)
  ✔ completed row: {"quest":true,"scope":true} (151.687375ms)
  ✔ completed quest: {} (114.734125ms)
  ✔ completed scope: {} (135.0955ms)
✔ malformed Q1 after rescue selection or completion offers typed recovery without replacing progress (2504.568125ms)
✔ real SQLite rescue reopens start, death separation, Rejoin and terminal with their own narration (449.070875ms)
▶ retained rescue identity, physical state and own receipts reject corruption behind a later look
  ✔ missing escort row (79.861667ms)
  ✔ substituted bound NPC (79.339625ms)
  ✔ wrong quest instance (41.8085ms)
  ✔ wrong originating continuation (79.380208ms)
  ✔ following NPC in another room (131.158875ms)
  ✔ separated without committed death (79.659958ms)
  ✔ rescue message removed from Vesper (75.593042ms)
  ✔ rescue branch changed to stays (56.308917ms)
  ✔ missing start receipt (66.892708ms)
  ✔ old start receipt missing escort transition (69.292291ms)
  ✔ forged rescued terminal without turn-in (62.727083ms)
  ✔ rescued terminal rewritten to stays (156.793417ms)
  ✔ completed Wren moved away from Elspeth (70.691708ms)
✔ retained rescue identity, physical state and own receipts reject corruption behind a later look (1051.04025ms)
(node:29688) [MODULE_TYPELESS_PACKAGE_JSON] Warning: Module type of file://[worktree]/mobile/app/book/presenter.ts is not specified and it doesn't parse as CommonJS.
Reparsing as ES module because module syntax was detected. This incurs a performance overhead.
To eliminate this warning, add "type": "module" to [worktree]/mobile/app/package.json.
(Use `node --trace-warnings ...` to show where the warning was created)
✔ file-backed riddle cold opens before, after wrong and after success with exact replay/conflict (253.137916ms)
✔ stored riddle command, binding and root evidence mismatches become typed save corruption (454.606458ms)
▶ malformed retained riddle source offers typed recovery and explicit Start over
  ✔ null source (68.869667ms)
  ✔ missing source (57.708083ms)
✔ malformed retained riddle source offers typed recovery and explicit Start over (128.704375ms)
✔ answer input refreshes only across unchanged offered riddle context and reads its own eventless receipt (92.880375ms)
✔ failed and lost COMMIT answers retain the exact invocation and answer until reconciliation (241.1535ms)
(node:29691) [MODULE_TYPELESS_PACKAGE_JSON] Warning: Module type of file://[worktree]/mobile/app/book/c1.test.ts is not specified and it doesn't parse as CommonJS.
Reparsing as ES module because module syntax was detected. This incurs a performance overhead.
To eliminate this warning, add "type": "module" to [worktree]/mobile/app/package.json.
(Use `node --trace-warnings ...` to show where the warning was created)
✔ exit door actions keep their direction and remain separate from walking (1.688167ms)
✔ worn items and reachable nested contents offer actions on their own ids (0.999584ms)
✔ same-room actions retain projected item pages and remove pages hidden by a closed lid (0.616833ms)
✔ chapter changes queue one title which survives scene lines and acknowledgement (0.316458ms)
✔ band phrases and the hp accessibility label use the cartridge catalog (0.361667ms)
✔ scene Continue and position verbs have dedicated groups (0.216917ms)
(node:29693) [MODULE_TYPELESS_PACKAGE_JSON] Warning: Module type of file://[worktree]/mobile/app/book/combat.test.ts is not specified and it doesn't parse as CommonJS.
Reparsing as ES module because module syntax was detected. This incurs a performance overhead.
To eliminate this warning, add "type": "module" to [worktree]/mobile/app/package.json.
(Use `node --trace-warnings ...` to show where the warning was created)
✔ combat page lists offered controls vertically below history in one scroll (5.487959ms)
✔ committed opponent death narrates once through the existing subscription (0.403916ms)
✔ confirmed encounter foregrounds another page and closure or death restores the World (18.716584ms)
✔ Attack opens its committed page; pending and refused Flee stay until committed escape (20.840917ms)
✔ reopening an encounter restores the combat page and last committed narration (0.603917ms)
✔ reopening after escape or either death never restores combat into the World log (1.797667ms)
(node:29694) [MODULE_TYPELESS_PACKAGE_JSON] Warning: Module type of file://[worktree]/mobile/app/book/dream.test.ts is not specified and it doesn't parse as CommonJS.
Reparsing as ES module because module syntax was detected. This incurs a performance overhead.
To eliminate this warning, add "type": "module" to [worktree]/mobile/app/package.json.
(Use `node --trace-warnings ...` to show where the warning was created)
✔ live first Rest, nested Close/Resume, captured branches, final ack and cold World resume use the actual bed (1168.69325ms)
✔ uncertain paid Rest remount opens the first dream only when the original COMMIT settles (500.29475ms)
(node:29697) [MODULE_TYPELESS_PACKAGE_JSON] Warning: Module type of file://[worktree]/mobile/app/book/food.test.ts is not specified and it doesn't parse as CommonJS.
Reparsing as ES module because module syntax was detected. This incurs a performance overhead.
To eliminate this warning, add "type": "module" to [worktree]/mobile/app/package.json.
(Use `node --trace-warnings ...` to show where the warning was created)
✔ actual Book Item Eat returns World once on normal and uncertain settlement and cold remount (2050.41875ms)
(node:29698) [MODULE_TYPELESS_PACKAGE_JSON] Warning: Module type of file://[worktree]/mobile/app/book/infirmary.test.ts is not specified and it doesn't parse as CommonJS.
Reparsing as ES module because module syntax was detected. This incurs a performance overhead.
To eliminate this warning, add "type": "module" to [worktree]/mobile/app/package.json.
(Use `node --trace-warnings ...` to show where the warning was created)
✔ Book patch and Wick controls use confirmed exact targets, readiness and journal state (206.631875ms)
(node:29699) [MODULE_TYPELESS_PACKAGE_JSON] Warning: Module type of file://[worktree]/mobile/app/book/item_detail.test.ts is not specified and it doesn't parse as CommonJS.
Reparsing as ES module because module syntax was detected. This incurs a performance overhead.
To eliminate this warning, add "type": "module" to [worktree]/mobile/app/package.json.
(Use `node --trace-warnings ...` to show where the warning was created)
✔ retained item results appear chronologically between description and options, empty log omitted (139.334875ms)
(node:29701) [MODULE_TYPELESS_PACKAGE_JSON] Warning: Module type of file://[worktree]/mobile/app/book/joystick.test.ts is not specified and it doesn't parse as CommonJS.
Reparsing as ES module because module syntax was detected. This incurs a performance overhead.
To eliminate this warning, add "type": "module" to [worktree]/mobile/app/package.json.
(Use `node --trace-warnings ...` to show where the warning was created)
✔ a drag points at the exit in its 90-degree quadrant, only if that exit exists (0.594667ms)
✔ a drag inside the cancel radius points at nothing (0.088209ms)
✔ the label sits opposite the drag, and above for a kept note (0.499792ms)
✔ stair nodes are reached by dragging out to them, only when the exit exists (0.084333ms)
✔ a choice opened during a drag keeps the original context stale and commits no move (81.805833ms)
✔ refused drags do not grow the log without bound (393.313958ms)
(node:29710) [MODULE_TYPELESS_PACKAGE_JSON] Warning: Module type of file://[worktree]/mobile/app/book/keyboard.test.ts is not specified and it doesn't parse as CommonJS.
Reparsing as ES module because module syntax was detected. This incurs a performance overhead.
To eliminate this warning, add "type": "module" to [worktree]/mobile/app/package.json.
(Use `node --trace-warnings ...` to show where the warning was created)
✔ web keyboard uses offered exits and keeps focused controls (3.22175ms)
✔ Book captures movement keys only on an active World page (2.007583ms)
(node:29711) [MODULE_TYPELESS_PACKAGE_JSON] Warning: Module type of file://[worktree]/mobile/app/book/liquid.test.ts is not specified and it doesn't parse as CommonJS.
Reparsing as ES module because module syntax was detected. This incurs a performance overhead.
To eliminate this warning, add "type": "module" to [worktree]/mobile/app/package.json.
(Use `node --trace-warnings ...` to show where the warning was created)
✔ Book preserves exact water pairs and invalidates changed quantities in displayed context (377.531375ms)
✔ Book restores liquid narration on the exact saved source detail after SQLite reopen (511.039083ms)
✔ loaded liquid aliases reach exact Book presses and matching target/input/policy refusal (2505.728ms)
✔ aliased liquid freshness refuses a stale pair after another committed drink (146.546667ms)
(node:29722) [MODULE_TYPELESS_PACKAGE_JSON] Warning: Module type of file://[worktree]/mobile/app/book/live_actions.test.ts is not specified and it doesn't parse as CommonJS.
Reparsing as ES module because module syntax was detected. This incurs a performance overhead.
To eliminate this warning, add "type": "module" to [worktree]/mobile/app/package.json.
(Use `node --trace-warnings ...` to show where the warning was created)
✔ after Bram acceptance an unchanged north drag crosses a pulse and commits exactly one move (168.706459ms)
✔ sampler Bram offers at19:00 and receives the fetched lantern the next day without waiting (128.090583ms)
✔ a captured north action never becomes north from a different origin room (27.465667ms)
✔ Maud acceptance, position and item buttons survive elapsed-only redraws (130.347084ms)
✔ an altered captured choice is refused without sending a new decision (57.376208ms)
✔ old Leave and departed Bram actions keep stale refusal after context changes (45.953334ms)
✔ a held answer refuses after its speaker departs during the elapsed pulse (31.256708ms)
✔ combat context changes refuse old Look while an unchanged encounter tolerates a pulse (44.033083ms)
✔ pending move retry adopts its original durable receipt once without a second action (17.986875ms)
✔ withdrawn or changed-context Notice controls retain their captured stale token (13.894708ms)
(node:29732) [MODULE_TYPELESS_PACKAGE_JSON] Warning: Module type of file://[worktree]/mobile/app/book/model.test.ts is not specified and it doesn't parse as CommonJS.
Reparsing as ES module because module syntax was detected. This incurs a performance overhead.
To eliminate this warning, add "type": "module" to [worktree]/mobile/app/package.json.
(Use `node --trace-warnings ...` to show where the warning was created)
✔ exits, the look title, place actions and a thing page come from the right buttons (1.116083ms)
✔ position cycling skips absent offers and retains the offered freshness (0.122458ms)
✔ a touch link is shown as its label (0.15675ms)
✔ a choice's answers and Close are their own group, not place actions (0.105459ms)
✔ the character label says the hp band and no other (0.12725ms)
✔ the absent-speaker line shows only when the speaker is not here (0.110084ms)
✔ a restored choice opens its actual speaker detail or retained conversation (0.132916ms)
✔ a closed exit's log line and a capitalised title (0.105791ms)
✔ a move refused at 0 MV says the body is too exhausted (0.079958ms)
✔ a hint survives a store that throws, for this session (0.159417ms)
✔ the status line shows the double hour as its earthly branch (0.178916ms)
(node:29736) [MODULE_TYPELESS_PACKAGE_JSON] Warning: Module type of file://[worktree]/mobile/app/book/notice_board.test.ts is not specified and it doesn't parse as CommonJS.
Reparsing as ES module because module syntax was detected. This incurs a performance overhead.
To eliminate this warning, add "type": "module" to [worktree]/mobile/app/package.json.
(Use `node --trace-warnings ...` to show where the warning was created)
✔ landing detail and two board children read exact targets and pop back without navigation receipts (162.317834ms)
✔ the south search reaches the oak and returns through visible fox clues (105.747292ms)
✔ cold Continue shows the confirmed notice once and restores its return route without Read (163.789083ms)
✔ an uncertain child read keeps an empty detail until its one receipt is confirmed (52.642167ms)
✔ long elapsed redraw retains board route and a real room change prunes it (79.715667ms)
✔ notice entries use available exact-target aliases and expose unavailable reasons (90.042167ms)
✔ Elspeth stays reachable all day and her Book replies direct a newcomer along usable exits (262.536625ms)
✔ Q1 drawing opens full item detail with Take and local Leave (76.742125ms)
✔ plank and hollow open descriptive noun detail pages without story credit (68.555ms)
✔ Study is a detail-only empty-target control after Read/history and refreshes across elapsed redraw (124.401375ms)
✔ pending Study retains its detail context and restores exactly once without World narration (159.274625ms)
(node:29744) [MODULE_TYPELESS_PACKAGE_JSON] Warning: Module type of file://[worktree]/mobile/app/book/polish.test.ts is not specified and it doesn't parse as CommonJS.
Reparsing as ES module because module syntax was detected. This incurs a performance overhead.
To eliminate this warning, add "type": "module" to [worktree]/mobile/app/package.json.
(Use `node --trace-warnings ...` to show where the warning was created)
✔ room is focused while Map retains directions and every detail returns to the world (166.04425ms)
✔ a postcommit narration read fault preserves the saved result and clears retry context (106.044709ms)
✔ NPC history has distinct journal events and one confirmed Leave after the scrolling log (161.624541ms)
✔ only World position taps directly cycle the offered states with captured freshness (83.672084ms)
✔ an NPC choice retried from the world keeps its result in the original detail (36.261375ms)
✔ only confirmed pickup returns World, including a retry from another page (69.515041ms)
✔ touch omits incomplete Give but the complete item and recipient command remains valid (50.873625ms)
✔ inventory Drop returns World with one named event only after confirmation (81.62325ms)
✔ other item actions retain their detail and show their consequences there (22.217625ms)
✔ elapsed confirmed boundaries retain Conversation and chapter acknowledgment without page flips (126.077167ms)
✔ delayed Take returns once with its original item name after a conflicting tap (86.094667ms)
✔ delayed actual quest completion adds one authored result and Journal updated in original history (99.205667ms)
✔ actual trunk detail explains refused Take and restores its button after Remove then Drop (196.314375ms)
(node:29751) [MODULE_TYPELESS_PACKAGE_JSON] Warning: Module type of file://[worktree]/mobile/app/book/presenter.test.ts is not specified and it doesn't parse as CommonJS.
Reparsing as ES module because module syntax was detected. This incurs a performance overhead.
To eliminate this warning, add "type": "module" to [worktree]/mobile/app/package.json.
(Use `node --trace-warnings ...` to show where the warning was created)
✔ pending and refused Take/Drop/Leave retain detail routing and unchanged custody (9.387ms)
✔ journal cues belong only to changed NPC histories (1.646167ms)
✔ recovery removes the current heading but retains an unclassified consequence (0.742458ms)
✔ confirmed room change clears old history before adding new authored consequences (0.58475ms)
✔ World omits the routine Close fallback while retaining authored consequences (0.377125ms)
✔ a restored committed narration is not duplicated by its pending receipt retry (0.494708ms)
✔ a move rejected for want of MV says the body is too exhausted (4.343667ms)
✔ the log stops growing in one room, its last line the latest answer (1.758375ms)
✔ the save-error line says a pending start over in words and shows any other message (0.121459ms)
✔ a narration recovery fault holds combat results while their line routing is unavailable (0.321958ms)
✔ combat receipt history is once-only when completion follows an already displayed state (5.310625ms)
(node:29754) [MODULE_TYPELESS_PACKAGE_JSON] Warning: Module type of file://[worktree]/mobile/app/book/priory.test.ts is not specified and it doesn't parse as CommonJS.
Reparsing as ES module because module syntax was detected. This incurs a performance overhead.
To eliminate this warning, add "type": "module" to [worktree]/mobile/app/package.json.
(Use `node --trace-warnings ...` to show where the warning was created)
✔ actual nested book Item opens locally and Read stays between description and options with local Back (434.370791ms)
✔ Book restores Ward or Bell once through pulse after remount during uncertain Read (705.538583ms)
✔ Book restores Ward or Bell once through title press after remount during uncertain Read (733.738666ms)
(node:29761) [MODULE_TYPELESS_PACKAGE_JSON] Warning: Module type of file://[worktree]/mobile/app/book/readable.test.ts is not specified and it doesn't parse as CommonJS.
Reparsing as ES module because module syntax was detected. This incurs a performance overhead.
To eliminate this warning, add "type": "module" to [worktree]/mobile/app/package.json.
(Use `node --trace-warnings ...` to show where the warning was created)
✔ production Read targets retain confirmed detail messages without changing state (111.821125ms)
✔ uncertain Read recovers its one receipt and narration, then reads again after cold reopen (87.221958ms)
✔ stale and refused Read retain their target and never narrate an unread body (48.326084ms)
✔ held Read survives the authored 68350 to 68400 pulse with authority freshness intact (26.656667ms)
✔ cold reopen refuses a committed Read whose stored target is malformed (104.626125ms)
✔ invalid Read JSON offers in-place Start over and leaves older pins explicitly refused (97.41275ms)
(node:29785) [MODULE_TYPELESS_PACKAGE_JSON] Warning: Module type of file://[worktree]/mobile/app/book/reward_storage.test.ts is not specified and it doesn't parse as CommonJS.
Reparsing as ES module because module syntax was detected. This incurs a performance overhead.
To eliminate this warning, add "type": "module" to [worktree]/mobile/app/package.json.
(Use `node --trace-warnings ...` to show where the warning was created)
✔ Book sends the projected Put pair and original freshness through normal touch and receipt routing (225.158125ms)
(node:29800) [MODULE_TYPELESS_PACKAGE_JSON] Warning: Module type of file://[worktree]/mobile/app/book/riddle.test.ts is not specified and it doesn't parse as CommonJS.
Reparsing as ES module because module syntax was detected. This incurs a performance overhead.
To eliminate this warning, add "type": "module" to [worktree]/mobile/app/package.json.
(Use `node --trace-warnings ...` to show where the warning was created)
✔ NPC detail tiles edit a bounded word and submit retry/correct results after history (298.785167ms)
(node:29801) [MODULE_TYPELESS_PACKAGE_JSON] Warning: Module type of file://[worktree]/mobile/app/book/shop.test.ts is not specified and it doesn't parse as CommonJS.
Reparsing as ES module because module syntax was detected. This incurs a performance overhead.
To eliminate this warning, add "type": "module" to [worktree]/mobile/app/package.json.
(Use `node --trace-warnings ...` to show where the warning was created)
✔ Peg detail binds exact available item, merchant and quote (161.201167ms)
(node:29802) [MODULE_TYPELESS_PACKAGE_JSON] Warning: Module type of file://[worktree]/mobile/app/book/touch.test.ts is not specified and it doesn't parse as CommonJS.
Reparsing as ES module because module syntax was detected. This incurs a performance overhead.
To eliminate this warning, add "type": "module" to [worktree]/mobile/app/package.json.
(Use `node --trace-warnings ...` to show where the warning was created)
✔ talk by day offers one button per choice and Close; carry narrates (145.535459ms)
✔ a second press from the same screen is a stale view and changes nothing (25.783ms)
✔ a reopen shows the last committed narration first; a fresh game none (74.950833ms)
✔ walked away: the choices say why, Close leaves the quest open, the landing resolves it (158.754209ms)
✔ the log has story words, never a kernel code, across both endings (176.953709ms)
✔ an NPC who leaves while you stay is logged, and nothing else (58.388ms)
✔ closed answers and a stale answer give their reason in words, not their code (50.7145ms)
✔ the Lantern gate unlocks and opens through its projected exit buttons (73.838666ms)
(node:29816) [MODULE_TYPELESS_PACKAGE_JSON] Warning: Module type of file://[worktree]/mobile/app/book/training.test.ts is not specified and it doesn't parse as CommonJS.
Reparsing as ES module because module syntax was detected. This incurs a performance overhead.
To eliminate this warning, add "type": "module" to [worktree]/mobile/app/package.json.
(Use `node --trace-warnings ...` to show where the warning was created)
✔ Character draws projected attributes and acquired qualification with authored labels (2.821708ms)
✔ item equipment detail copies current typed slot/profile/requirement and block chance (0.299041ms)
✔ Book interaction teaches swords then dodge in Tobin detail and recovers each committed result once (443.008667ms)
✔ shared item detail draws confirmed fuel for lit and exhausted items (0.157166ms)
(node:29819) [MODULE_TYPELESS_PACKAGE_JSON] Warning: Module type of file://[worktree]/mobile/app/chapter.test.ts is not specified and it doesn't parse as CommonJS.
Reparsing as ES module because module syntax was detected. This incurs a performance overhead.
To eliminate this warning, add "type": "module" to [worktree]/mobile/app/package.json.
(Use `node --trace-warnings ...` to show where the warning was created)
✔ the app opens and replaces only its chapter save, preserving existing Lantern and sampler saves (452.867ms)
✔ the 0.0.9 chapter save is refused intact until explicit Start over (108.32225ms)
✔ actual App pause and resume preserve 9ms plus 11ms as exactly one logical unit (75.220833ms)
✔ actual App stops unknown storage wakeups and resumes after confirmed user recovery (69.035ms)
✔ old App wakeups cannot mutate the same remounted Game or a replacement save (78.681584ms)
(node:29835) [MODULE_TYPELESS_PACKAGE_JSON] Warning: Module type of file://[worktree]/mobile/app/metro.test.ts is not specified and it doesn't parse as CommonJS.
Reparsing as ES module because module syntax was detected. This incurs a performance overhead.
To eliminate this warning, add "type": "module" to [worktree]/mobile/app/package.json.
(Use `node --trace-warnings ...` to show where the warning was created)
✔ git failing drops an inherited stamp (897.5355ms)
(node:29836) [MODULE_TYPELESS_PACKAGE_JSON] Warning: Module type of file://[worktree]/mobile/app/sqlite-web.test.ts is not specified and it doesn't parse as CommonJS.
Reparsing as ES module because module syntax was detected. This incurs a performance overhead.
To eliminate this warning, add "type": "module" to [worktree]/mobile/app/package.json.
(Use `node --trace-warnings ...` to show where the warning was created)
✔ Web reads preserve bound ordered rows beyond the bulk response capacity (4.464084ms)
ℹ tests 513
ℹ suites 0
ℹ pass 512
ℹ fail 0
ℹ cancelled 0
ℹ skipped 1
ℹ todo 0
ℹ duration_ms 33446.806375

EXIT 0
