node:internal/modules/run_main:107
    triggerUncaughtException(
    ^

AssertionError [ERR_ASSERTION]: Expected values to be strictly deep-equal:
+ actual - expected

  {
    data: {
      fault_schedule: {
        reason: 'not_applicable',
        state: 'unavailable'
      },
      initial_state: {
+       reason: 'not_collected',
+       state: 'unavailable'
-       state: 'fresh'
      },
      world_context_id: '0d4e8a5c-3f1b-4c2a-9e7d-6b5a4c3d2e1f'
    },
    event: 'trace.run',
    format: 'loka-obs-v1',
    ids: {
      content_hash: 'f5c6a1f16b49abe538f8b262fe50c8a0fe08b4b3e194adc5684617fda6b8be64',
+     kernel_version: 'loka-kernel@0000000000000000000000000000000000000000',
-     kernel_version: 'loka-kernel@7b045efa7814e952a6c915773b0317a6df57c615-dirty',
      run_id: 'aaaaaaaa-0000-4000-8000-000000000004',
      seed: [
        1,
        2,
        3,

    at file://[worktree]/docs/evidence/2026-10-06-d4-homes-orchard/capture.ts:73:42
    at ModuleJob.run (node:internal/modules/esm/module_job:561:25)
    at async node:internal/modules/esm/loader:647:26
    at async asyncRunEntryPointWithESMLoader (node:internal/modules/run_main:101:5) {
  generatedMessage: true,
  code: 'ERR_ASSERTION',
  actual: {
    data: {
      fault_schedule: { reason: 'not_applicable', state: 'unavailable' },
      initial_state: { reason: 'not_collected', state: 'unavailable' },
      world_context_id: '0d4e8a5c-3f1b-4c2a-9e7d-6b5a4c3d2e1f'
    },
    event: 'trace.run',
    format: 'loka-obs-v1',
    ids: {
      content_hash: 'f5c6a1f16b49abe538f8b262fe50c8a0fe08b4b3e194adc5684617fda6b8be64',
      kernel_version: 'loka-kernel@0000000000000000000000000000000000000000',
      run_id: 'aaaaaaaa-0000-4000-8000-000000000004',
      seed: [ 1, 2, 3, 4 ]
    },
    store: 'game_trace'
  },
  expected: {
    data: {
      fault_schedule: { reason: 'not_applicable', state: 'unavailable' },
      initial_state: { state: 'fresh' },
      world_context_id: '0d4e8a5c-3f1b-4c2a-9e7d-6b5a4c3d2e1f'
    },
    event: 'trace.run',
    format: 'loka-obs-v1',
    ids: {
      content_hash: 'f5c6a1f16b49abe538f8b262fe50c8a0fe08b4b3e194adc5684617fda6b8be64',
      kernel_version: 'loka-kernel@7b045efa7814e952a6c915773b0317a6df57c615-dirty',
      run_id: 'aaaaaaaa-0000-4000-8000-000000000004',
      seed: [ 1, 2, 3, 4 ]
    },
    store: 'game_trace'
  },
  operator: 'deepStrictEqual',
  diff: 'simple'
}

Node.js v24.21.0

EXIT 1
