[slice/d4-homes-orchard 347c8197] Build D4 homes, finite orchard food and terminal Eat custody
 160 files changed, 32582 insertions(+), 73 deletions(-)
 create mode 100644 cartridges/ashmere_missing_child/dialogues/ada.json
 create mode 100644 cartridges/ashmere_missing_child/dialogues/gareth.json
 create mode 100644 cartridges/ashmere_missing_child/items/apple_01.json
 create mode 100644 cartridges/ashmere_missing_child/items/apple_02.json
 create mode 100644 cartridges/ashmere_missing_child/items/apple_03.json
 create mode 100644 cartridges/ashmere_missing_child/npcs/ada.json
 create mode 100644 cartridges/ashmere_missing_child/npcs/gareth.json
 create mode 100644 cartridges/ashmere_missing_child/rooms/elspeth_cottage.json
 create mode 100644 cartridges/ashmere_missing_child/rooms/orchard.json
 create mode 100644 cartridges/ashmere_missing_child/rooms/smithy.json
 create mode 100644 cartridges/ashmere_missing_child/transcripts/food.jsonl
 create mode 100644 docs/evidence/2026-10-06-d4-homes-orchard/README.md
 create mode 100644 docs/evidence/2026-10-06-d4-homes-orchard/app-final-repin.log
 create mode 100644 docs/evidence/2026-10-06-d4-homes-orchard/app-final.log
 create mode 100644 docs/evidence/2026-10-06-d4-homes-orchard/app-type-final.log
 create mode 100644 docs/evidence/2026-10-06-d4-homes-orchard/book-boundary-restored.log
 create mode 100644 docs/evidence/2026-10-06-d4-homes-orchard/book-composed.log
 create mode 100644 docs/evidence/2026-10-06-d4-homes-orchard/capture-accepted.log
 create mode 100644 docs/evidence/2026-10-06-d4-homes-orchard/capture-corrected.log
 create mode 100644 docs/evidence/2026-10-06-d4-homes-orchard/capture-final.log
 create mode 100644 docs/evidence/2026-10-06-d4-homes-orchard/capture-frozen.log
 create mode 100644 docs/evidence/2026-10-06-d4-homes-orchard/capture.ts
 create mode 100644 docs/evidence/2026-10-06-d4-homes-orchard/commit-source.log
 create mode 100644 docs/evidence/2026-10-06-d4-homes-orchard/compiler-force.log
 create mode 100644 docs/evidence/2026-10-06-d4-homes-orchard/compiler-pin-final.log
 create mode 100644 docs/evidence/2026-10-06-d4-homes-orchard/compiler-test-force.log
 create mode 100644 docs/evidence/2026-10-06-d4-homes-orchard/credo-final.log
 create mode 100644 docs/evidence/2026-10-06-d4-homes-orchard/docs-freeze.log
 create mode 100644 docs/evidence/2026-10-06-d4-homes-orchard/final-local-tail.log
 create mode 100644 docs/evidence/2026-10-06-d4-homes-orchard/focused-compiler-final.log
 create mode 100644 docs/evidence/2026-10-06-d4-homes-orchard/focused-final.log
 create mode 100644 docs/evidence/2026-10-06-d4-homes-orchard/focused-food-recheck.log
 create mode 100644 docs/evidence/2026-10-06-d4-homes-orchard/focused-pre-mutant.log
 create mode 100644 docs/evidence/2026-10-06-d4-homes-orchard/focused-restored.log
 create mode 100644 docs/evidence/2026-10-06-d4-homes-orchard/food-validator-final.log
 create mode 100644 docs/evidence/2026-10-06-d4-homes-orchard/foundation-final.log
 create mode 100644 docs/evidence/2026-10-06-d4-homes-orchard/full-gate-1.log
 create mode 100644 docs/evidence/2026-10-06-d4-homes-orchard/full-gate-2.log
 create mode 100644 docs/evidence/2026-10-06-d4-homes-orchard/mutant-book-eat-history-new.log
 create mode 100644 docs/evidence/2026-10-06-d4-homes-orchard/mutant-book-eat-history-old.log
 create mode 100644 docs/evidence/2026-10-06-d4-homes-orchard/mutant-book-world-route-new.log
 create mode 100644 docs/evidence/2026-10-06-d4-homes-orchard/mutant-book-world-route-old.log
 create mode 100644 docs/evidence/2026-10-06-d4-homes-orchard/mutant-compiler-food-new.log
 create mode 100644 docs/evidence/2026-10-06-d4-homes-orchard/mutant-compiler-food-old.log
 create mode 100644 docs/evidence/2026-10-06-d4-homes-orchard/mutant-eat-narration-binding-new.log
 create mode 100644 docs/evidence/2026-10-06-d4-homes-orchard/mutant-eat-narration-binding-old.log
 create mode 100644 docs/evidence/2026-10-06-d4-homes-orchard/mutant-ex-independent-new.log
 create mode 100644 docs/evidence/2026-10-06-d4-homes-orchard/mutant-ex-independent-old.log
 create mode 100644 docs/evidence/2026-10-06-d4-homes-orchard/mutant-ex-terminal-new.log
 create mode 100644 docs/evidence/2026-10-06-d4-homes-orchard/mutant-ex-terminal-old.log
 create mode 100644 docs/evidence/2026-10-06-d4-homes-orchard/mutant-food-only-save-new.log
 create mode 100644 docs/evidence/2026-10-06-d4-homes-orchard/mutant-food-only-save-old.log
 create mode 100644 docs/evidence/2026-10-06-d4-homes-orchard/mutant-full-mv-new.log
 create mode 100644 docs/evidence/2026-10-06-d4-homes-orchard/mutant-full-mv-old.log
 create mode 100644 docs/evidence/2026-10-06-d4-homes-orchard/mutant-holder-row-new.log
 create mode 100644 docs/evidence/2026-10-06-d4-homes-orchard/mutant-holder-row-old.log
 create mode 100644 docs/evidence/2026-10-06-d4-homes-orchard/mutant-indirect-food-new.log
 create mode 100644 docs/evidence/2026-10-06-d4-homes-orchard/mutant-indirect-food-old.log
 create mode 100644 docs/evidence/2026-10-06-d4-homes-orchard/mutant-loader-food-new.log
 create mode 100644 docs/evidence/2026-10-06-d4-homes-orchard/mutant-loader-food-old.log
 create mode 100644 docs/evidence/2026-10-06-d4-homes-orchard/mutant-missing-cap-new.log
 create mode 100644 docs/evidence/2026-10-06-d4-homes-orchard/mutant-missing-cap-old.log
 create mode 100644 docs/evidence/2026-10-06-d4-homes-orchard/mutant-missing-terminal-write-new.log
 create mode 100644 docs/evidence/2026-10-06-d4-homes-orchard/mutant-missing-terminal-write-old.log
 create mode 100644 docs/evidence/2026-10-06-d4-homes-orchard/mutant-mv-binding-new.log
 create mode 100644 docs/evidence/2026-10-06-d4-homes-orchard/mutant-mv-binding-old.log
 create mode 100644 docs/evidence/2026-10-06-d4-homes-orchard/mutant-ts-independent-new.log
 create mode 100644 docs/evidence/2026-10-06-d4-homes-orchard/mutant-ts-independent-old.log
 create mode 100644 docs/evidence/2026-10-06-d4-homes-orchard/mutant-ts-terminal-new.log
 create mode 100644 docs/evidence/2026-10-06-d4-homes-orchard/mutant-ts-terminal-old.log
 create mode 100644 docs/evidence/2026-10-06-d4-homes-orchard/mutant-unkeyed-offer-new.log
 create mode 100644 docs/evidence/2026-10-06-d4-homes-orchard/mutant-unkeyed-offer-old.log
 create mode 100644 docs/evidence/2026-10-06-d4-homes-orchard/mutants.json
 create mode 100644 docs/evidence/2026-10-06-d4-homes-orchard/mutants.py
 create mode 100644 docs/evidence/2026-10-06-d4-homes-orchard/raw-food-trace.jsonl
 create mode 100644 docs/evidence/2026-10-06-d4-homes-orchard/routes.json
 create mode 100644 docs/evidence/2026-10-06-d4-homes-orchard/run.py
 create mode 100644 docs/evidence/2026-10-06-d4-homes-orchard/schema-controls-initial.log
 create mode 100644 docs/evidence/2026-10-06-d4-homes-orchard/schema-controls.log
 create mode 100644 docs/evidence/2026-10-06-d4-homes-orchard/schema-sweep.py
 create mode 100644 docs/evidence/2026-10-06-d4-homes-orchard/source-size-final.log
 create mode 100644 docs/evidence/2026-10-06-d4-homes-orchard/source-size.log
 create mode 100644 docs/evidence/2026-10-06-d4-homes-orchard/staged-diff.log
 create mode 100644 docs/evidence/2026-10-06-d4-homes-orchard/terminal-self-review.log
 create mode 100644 docs/evidence/2026-10-06-d4-homes-orchard/transcript-accepted.log
 create mode 100644 docs/evidence/2026-10-06-d4-homes-orchard/transcript-corrected.log
 create mode 100644 docs/evidence/2026-10-06-d4-homes-orchard/transcript-final.log
 create mode 100644 docs/evidence/2026-10-06-d4-homes-orchard/type-boundary-restored.log
 create mode 100644 docs/evidence/2026-10-06-d4-homes-orchard/type-freeze.log
 create mode 100644 docs/evidence/2026-10-06-d4-homes-orchard/type.log
 create mode 100644 kernel/ts/src/content/cartridge_food.ts
 create mode 100644 kernel/ts/src/mechanics/food/rule.ts
 create mode 100644 kernel/ts/src/mechanics/food/shared.ts
 create mode 100644 kernel/ts/src/runtime/invariants_food.ts
 create mode 100644 kernel/ts/src/view/food.ts
 create mode 100644 kernel/ts/test/cartridge_food.test.ts
 create mode 100644 kernel/ts/test/food.test.ts
 create mode 100644 kernel/ts/test/food_composition.test.ts
 create mode 100644 kernel/ts/test/food_contracts.test.ts
 create mode 100644 kernel/ts/test/food_fixture.ts
 create mode 100644 kernel/ts/test/homes.test.ts
 create mode 100644 lib/loka/content/food.ex
 create mode 100644 lib/loka/core/compose_food.ex
 create mode 100644 lib/loka/core/invariants_food.ex
 create mode 100644 mobile/app/book/food.test.ts
 create mode 100644 mobile/authority/local-story/__tests__/food-host.ts
 create mode 100644 mobile/authority/local-story/food-receipt.ts
 create mode 100644 mobile/authority/local-story/food.test.ts
 create mode 100644 protocol/fixtures/food_composition.json
 create mode 100644 protocol/fixtures/food_contracts.json
 create mode 100644 protocol/fixtures/generate_missing_child_d4.py
 create mode 100644 protocol/fixtures/missing_child_d4_hash.json
 create mode 100644 protocol/fixtures/missing_child_d4_ids.json
 create mode 100644 test/loka/content_food_test.exs
 create mode 100644 test/loka/core/food_test.exs
Checking formatting...
All matched files use Prettier code style!
[warn] postinstall script did not run; falling back to runtime binary resolution.
Enable postinstall to avoid the per-invocation overhead.
630 docs, 0 broken link(s), 0 unreachable

EXIT 0
