Checking 138 source files (this might take a while) ...

Please report incorrect results: https://github.com/rrrene/credo/issues

Analysis took 0.09 seconds (0.05s to load, 0.04s running 4 checks on 138 files)
1399 mods/funs, found no issues.

Use `mix credo explain` to explain issues, `mix credo --help` for options.
lib/loka/content/checks.ex:1: info: size: allow 380, patrol refs and bounded topics join the shared checked expansion boundary
lib/loka/content/dialogues.ex:1: info: size: allow 370, scene-triggered chapter point refs join dialogue trigger checks
lib/loka/content/scenes.ex:1: info: size: allow 320, action-started scenes validate source and end exports beside modal rules
lib/loka/core/compose.ex:1: info: size: allow 330, typed patrol and terminal quest replacement joins portable composition
lib/loka/core/invariants.ex:1: info: size: allow 330, independent patrol and retirement pairing joins precondition replay
test/loka/core/compose_test.exs:1: info: size: allow 520, patrol and liquid cases share the existing randomized differential pool

> loka-kernel@0.0.0 typecheck
> tsc && tsc -p test && tsc -p play


> loka-kernel@0.0.0 test
> node --test --test-reporter=${TEST_REPORTER:-spec} "test/**/*.test.ts"

✔ stat_compare holds at the start value and not one above (44.601791ms)
✔ resource_compare reads the current value of the pool on the actor body (13.8525ms)
✔ a recipe gated on mv at least 2 is offered and admitted at mv 2, refused at mv 1 (24.856917ms)
✔ only legal transitions are admitted; an illegal one changes nothing (58.12925ms)
✔ open proposes one barrier.transition and barrier_changed (4.1505ms)
✔ lock and unlock need the key, held directly or in a carried bag (64.276666ms)
✔ both faces of a door are one barrier (25.274292ms)
✔ moves through closed and locked exits are refused, and the GameView says why (5.274792ms)
✔ each exit lists only the door verbs step accepts there now (49.345167ms)
✔ barrier_state reads the door's current state (2.916375ms)
✔ a door's keywords name the exits it is on (1.940167ms)
✔ the loader checks barrier references, texts, faces and the lock (52.099209ms)
✔ two passages between the same rooms may carry different barriers (3.3545ms)
✔ a locked barrier whose key is out of reach is BARRIER_UNREACHABLE_KEY (3.867916ms)
✔ a door on a bent passage is BARRIER_MISMATCH (2.249333ms)
✔ a budget fault in a run is one valid diagnostics record of its limit (995.522042ms)
✔ a failed diagnostics write leaves the budget fault, and the run goes on (662.3425ms)
✔ controlled calendar drives schedule, window and displayed subdivisions (92.61525ms)
✔ a 30-hour calendar accepts hour 29 and a start on day two (31.901416ms)
✔ solar and lunar cuts include their start and wrap at their cycle (4.988166ms)
✔ chapter time renders the hand-checked evening and following days (2.062708ms)
✔ legacy resource gain uses its authored interval; opted fractional recovery keeps its own (0.165875ms)
✔ loader refuses malformed calendar and out-of-day references (52.93575ms)
✔ calendar schema guards refuse malformed bounded fields (152.552792ms)
✔ the loader rejects an enum fact default outside its values (6.732791ms)
✔ the loader rejects a bounded integer fact default outside its bounds (3.04625ms)
✔ the loader rejects an invalid v2 fact default (5.069666ms)
✔ the known-answer cartridge loads and its hash is the fixture literal (1.770625ms)
✔ corpus not_decodable: yields exactly its hand-written diagnostic (0.131208ms)
✔ corpus duplicate_key: yields exactly its hand-written diagnostic (0.120167ms)
✔ corpus unknown_format: yields exactly its hand-written diagnostic (0.172791ms)
✔ corpus no_cartridge: yields exactly its hand-written diagnostic (0.055292ms)
✔ corpus unknown_field: yields exactly its hand-written diagnostic (0.431083ms)
✔ corpus schema_violation: yields exactly its hand-written diagnostic (0.399041ms)
✔ corpus schema_violation_index: yields exactly its hand-written diagnostic (0.350458ms)
✔ corpus kind_mismatch: yields exactly its hand-written diagnostic (0.357625ms)
✔ corpus hash_mismatch: yields exactly its hand-written diagnostic (0.314375ms)
✔ corpus key_cartridge_id: yields exactly its hand-written diagnostic (0.720583ms)
✔ corpus key_cartridge_version: yields exactly its hand-written diagnostic (0.417333ms)
✔ corpus key_key: yields exactly its hand-written diagnostic (2.784458ms)
✔ corpus lock_missing_required: yields exactly its hand-written diagnostic (0.449083ms)
✔ corpus lock_extra: yields exactly its hand-written diagnostic (0.327041ms)
✔ corpus command_owner_absent: yields exactly its hand-written diagnostic (0.306708ms)
✔ corpus unknown_command: yields exactly its hand-written diagnostic (0.317083ms)
✔ corpus policy_op_owner_absent: yields exactly its hand-written diagnostic (0.303167ms)
✔ corpus stage_list_order: yields exactly its hand-written diagnostic (0.364666ms)
✔ corpus capability_not_installed: yields exactly its hand-written diagnostic (0.386708ms)
✔ corpus capability_version_not_installed: yields exactly its hand-written diagnostic (3.404292ms)
✔ corpus kernel_api_at_below: yields exactly its hand-written diagnostic (12.517875ms)
✔ corpus kernel_api_under: yields exactly its hand-written diagnostic (0.489875ms)
✔ corpus kernel_api_numeric: yields exactly its hand-written diagnostic (0.390708ms)
✔ corpus rule_ir_unsupported: yields exactly its hand-written diagnostic (0.378375ms)
✔ corpus content_schema_unsupported: yields exactly its hand-written diagnostic (0.369667ms)
✔ corpus client_feature_missing: yields exactly its hand-written diagnostic (0.393875ms)
✔ corpus two_faults_schema_hash: yields exactly its hand-written diagnostic (0.290083ms)
✔ corpus two_faults_hash_keys: yields exactly its hand-written diagnostic (0.323083ms)
✔ corpus two_faults_lock_installed: yields exactly its hand-written diagnostic (15.719875ms)
✔ corpus band_table_unsorted: yields exactly its hand-written diagnostic (6.234583ms)
✔ corpus band_table_gap: yields exactly its hand-written diagnostic (4.400292ms)
✔ corpus band_table_duplicate_cut: yields exactly its hand-written diagnostic (4.819666ms)
✔ corpus band_table_duplicate_key: yields exactly its hand-written diagnostic (1.764583ms)
✔ corpus band_text_missing: yields exactly its hand-written diagnostic (1.441583ms)
✔ corpus move_cost_unknown_pool: yields exactly its hand-written diagnostic (4.297ms)
✔ corpus move_cost_zero: yields exactly its hand-written diagnostic (0.916333ms)
✔ corpus band_cut_over_100: yields exactly its hand-written diagnostic (0.418333ms)
✔ corpus band_tone_unknown: yields exactly its hand-written diagnostic (0.394083ms)
✔ corpus band_table_empty: yields exactly its hand-written diagnostic (0.384834ms)
✔ corpus attribute_unlocked: yields exactly its hand-written diagnostic (1.247583ms)
✔ corpus stat_compare_unlocked: yields exactly its hand-written diagnostic (0.808708ms)
✔ corpus resource_compare_unlocked: yields exactly its hand-written diagnostic (0.823ms)
✔ corpus stat_compare_unresolved: yields exactly its hand-written diagnostic (1.391334ms)
✔ corpus resource_compare_unresolved: yields exactly its hand-written diagnostic (1.330833ms)
✔ corpus attribute_key_mismatch: yields exactly its hand-written diagnostic (3.782875ms)
✔ corpus slot_unlocked: yields exactly its hand-written diagnostic (1.821667ms)
✔ corpus slot_finger: yields exactly its hand-written diagnostic (0.672541ms)
✔ corpus journal_missing_stage_text: yields exactly its hand-written diagnostic (4.562583ms)
✔ corpus journal_missing_outcome_text: yields exactly its hand-written diagnostic (1.894917ms)
✔ corpus journal_missing_failed: yields exactly its hand-written diagnostic (1.12425ms)
✔ corpus chapters_missing_text: yields exactly its hand-written diagnostic (6.268625ms)
✔ corpus chapters_missing_point: yields exactly its hand-written diagnostic (12.181792ms)
✔ corpus chapters_missing_outcome: yields exactly its hand-written diagnostic (5.10175ms)
✔ corpus chapters_opening_point: yields exactly its hand-written diagnostic (2.269209ms)
✔ corpus chapters_opening_outcome: yields exactly its hand-written diagnostic (1.4385ms)
✔ corpus chapters_later_missing_point: yields exactly its hand-written diagnostic (1.561708ms)
✔ corpus chapters_ambiguous: yields exactly its hand-written diagnostic (1.481958ms)
✔ corpus scene_unknown_step: yields exactly its hand-written diagnostic (1.378542ms)
✔ corpus scene_missing_ack: yields exactly its hand-written diagnostic (12.252875ms)
✔ corpus scene_restricted_control: yields exactly its hand-written diagnostic (2.088417ms)
✔ corpus scene_unknown_story_point: yields exactly its hand-written diagnostic (17.235709ms)
✔ corpus scene_unknown_outcome: yields exactly its hand-written diagnostic (1.889583ms)
✔ corpus scene_missing_text: yields exactly its hand-written diagnostic (1.269167ms)
✔ corpus scene_duplicate_trigger: yields exactly its hand-written diagnostic (3.170292ms)
✔ corpus scene_undeclared: yields exactly its hand-written diagnostic (9.809166ms)
✔ corpus scene_definition_key: yields exactly its hand-written diagnostic (1.290083ms)
✔ corpus scene_fact_changed: yields exactly its hand-written diagnostic (3.194875ms)
✔ corpus scene_fact_missing: yields exactly its hand-written diagnostic (1.493709ms)
✔ corpus scene_recipe_write: yields exactly its hand-written diagnostic (1.437125ms)
✔ corpus scene_reaction_write: yields exactly its hand-written diagnostic (2.319667ms)
✔ corpus scene_dialogue_write: yields exactly its hand-written diagnostic (2.7845ms)
✔ the byte cap applies to the raw length before decoding (0.855834ms)
✔ artifact bytes that are not strict UTF-8 are INVALID_JSON (0.218542ms)
✔ loader refuses impossible Rest, graph and exclusive end bindings (1605.128166ms)
✔ loader accepts API1.11 escort effects and policy leaves (76.4195ms)
✔ loader rejects incompatible and unresolved escort bindings (44.929209ms)
✔ loader rejects impossible held-food declarations while retaining capped food (1057.050458ms)
✔ the items known answer loads (62.24475ms)
✔ a location, NPC room or has_item item naming no definition is UNRESOLVED_REFERENCE (30.072125ms)
✔ a touch link naming no detail, item or NPC it may name is UNRESOLVED_REFERENCE (11.150458ms)
✔ items that start in a cycle or over a capacity are rejected (15.662416ms)
✔ items and NPCs need containment, and their map keys their keys (4.438833ms)
✔ carrying loader requires every mass while preserving explicit zero (2.600875ms)
✔ carrying loader and validator reject malformed numbers and fields (17.992542ms)
✔ carrying loader requires API 1.3 and containment (4.647917ms)
✔ only explicit receptacles may start with children or declare capacity and lids (16.508667ms)
✔ item schema enforces its required fields, bounds and literal container authority (12.306958ms)
✔ loader validates opted liquid metadata and accepts exact maximum mass (111.634166ms)
✔ loader rejects vessel metadata on an otherwise valid corpse template (109.057208ms)
✔ loader accepts API1.9 and rejects invalid riddle and journal references (91.342ms)
✔ riddles and active variants independently require API1.9 (11.589625ms)
✔ the v2 known answer loads with its fixture hash (13.997ms)
✔ an exit or entry naming no room of this cartridge is UNRESOLVED_REFERENCE (10.484791ms)
✔ a room text key missing from the catalog is UNRESOLVED_REFERENCE (4.014666ms)
✔ rooms without movement in the lock are UNDECLARED_CAPABILITY (2.031042ms)
✔ a room map key that disagrees with the room's key is ARTIFACT_DEFINITION_KEY_MISMATCH (4.57425ms)
✔ a v1 artifact carrying rooms is UNKNOWN_FIELD (2.977292ms)
✔ an action text key missing from the catalog is UNRESOLVED_REFERENCE (3.639791ms)
✔ the details known answer loads with its fixture hash (2.392125ms)
✔ a detail's text key missing from the catalog is UNRESOLVED_REFERENCE (9.365458ms)
✔ a detail whose first alias is shared or untypable is UNREACHABLE_DETAIL (12.923667ms)
✔ readables require their lock and resolve label and text (7.551583ms)
✔ loader refuses service bindings that cannot produce exact immediate outcomes (1990.776666ms)
✔ loader independently rejects wrong-kind refs, non-Boolean topics and malformed bounded consumers (674.470333ms)
✔ Wisp release keeps its independently generated initial IDs (3.977875ms)
✔ deadline requires its time, outcome, fact and trust fields (23.871209ms)
✔ payment requires an explicit payer, resource and positive amount (0.576708ms)
✔ NPC resource starts retain bounded values and key grammar (0.303875ms)
✔ Peg transfers the original ledger and binds one expiry (17.055083ms)
✔ 151200 pays exactly; 151201 and 237600 complete late (16.34475ms)
✔ 237601 fails an accepted obligation once and leaves custody unchanged (13.657334ms)
✔ on-time delivery refuses absent funding atomically (8.799417ms)
✔ Peg offers late-only acceptance, then explains an elapsed unaccepted offer (25.686334ms)
✔ full carrying capacity refuses the offer without moving or scheduling anything (7.124958ms)
✔ completion makes its original expiry harmless (21.652166ms)
✔ resolved trigger choices select the highest reached chapter (99.663666ms)
✔ a story-point marker counts either outcome (19.820541ms)
✔ only the player resolved quest with its trigger choice counts (3.072208ms)
✔ a cartridge without chapters preserves the view shape (3.10125ms)
✔ ambiguity counts only matching quest choices in selected outcomes (10.839084ms)
✔ a luck check of chance 21 passes on the roll of 20 and runs success (14.687375ms)
✔ a luck check of chance 20 fails on the roll of 20: accepted, draw and time commit (13.209875ms)
✔ a rejected perform of a checked recipe draws nothing and changes nothing (7.326791ms)
✔ a recipe without a check keeps outcome performed and the RNG; duration still advances (13.5745ms)
✔ wait advances the clock to until, later than now only (8.571333ms)
✔ time_window holds in its window, wrapping midnight when to < from (1.570458ms)
✔ a clock overflow in a rule is an evaluator_error fault that changes nothing (2.181209ms)
✔ frozen M4 A runs through real Attack and two trusted elapsed proposals (52.262167ms)
✔ frozen M4 B closes before retaliation and credits the exact third rat at proposal.now (2.854292ms)
✔ frozen M4 C dies sleeping on the rat-first round and returns the same body (4.594667ms)
✔ one-exit Flee pays once and cancels its future round without drawing (1.826875ms)
✔ a surviving sleeper wakes before its remaining opportunity, other positions skip (5.014833ms)
✔ accuracy20 misses on roll20; endpoint chances still draw accuracy (50.115666ms)
✔ production hour-boundary recovery precedes damage and Flee preserves the remainder (4.604375ms)
✔ admission refuses absent, dead, sanctuary, nonstanding and already engaged participants (8.560333ms)
✔ eight raw draws including damage rejections exhaust the whole round atomically (1.10375ms)
✔ encounter ActionSet filters ordinary raw verbs and aliases while retaining harmless inspection (14.803792ms)
✔ pending choices disappear during combat and ordinary actions return after Flee or death (38.391292ms)
✔ combat artifact requires executable API, owners, ordered damage and explicit NPC HP (285.828792ms)
✔ death credit binds unique local attackable NPCs and false player Boolean facts (259.827709ms)
✔ every combat narration role names existing cartridge text (70.049ms)
✔ combat requires executable death settings even without authored corpse templates (7.309125ms)
✔ combat contracts match the independent shared boundary corpus (9.986667ms)
✔ credit delivery rejects counterfeit attribution and missing fatal/corpse provenance (17.757084ms)
✔ five distinct preacceptance lethal occurrences set exactly five facts without quest rewards (22.807292ms)
✔ two-exit Flee selects canonical north/west using independent seeded answers (23.928166ms)
✔ blocked exits are excluded; zero exits or insufficient fare refuse without a draw (49.902417ms)
✔ active combat exposes one directionless Flee and refuses directional movement (15.211209ms)
✔ random Flee candidate policies share the command query budget and fault atomically (19.970291ms)
✔ buy at the carrying ceiling, sell and buyback conserve forty pennies and one identity (36.896709ms)
✔ projection and direct exchange refuse too-heavy, poor, absent and changed-quote purchases atomically (78.953208ms)
✔ sell requires direct eligible custody and funded Peg (2.641542ms)
✔ loader independently rejects malformed shop stock and funding (371.866917ms)
✔ shop contracts reject missing fields and malformed positive prices (11.907084ms)
✔ composition known answers (13.096792ms)
✔ invariant checks known answers, a holding and a violated case per invariant checked in both kernels (4.960959ms)
✔ invalid successful deltas fail their independent precondition check (0.89475ms)
✔ containment checks deep chains, untouched cycles and untouched capacity (65.480375ms)
✔ limits are named in the composition profile order (0.559167ms)
✔ composition-profile budgets: at the limit composes with the expected changes, one over faults (37.910833ms)
✔ a malformed barrier state faults precondition_failed (0.550417ms)
✔ opted recovery literal rows and independent metadata replay (3.15025ms)
✔ independent recovery replay rejects an unauthored stored rate (0.4135ms)
✔ recovery schema trust-boundary literals (0.774333ms)
✔ entity-resource overrides match literals and independent preconditions reject false success (1.563417ms)
✔ NPC HP schema trust-boundary literals (0.410958ms)
✔ historical artifacts retain their canonical answers and refuse unmarked receptacles (245.470291ms)
✔ a fresh world mints NPCs then items after the details and places each (26.04775ms)
✔ take proposes one transfer to the body and item_acquired, at the Python state hash (4.8245ms)
✔ drop leaves the item in the room with item_dropped; give hands it to the NPC (0.851209ms)
✔ each bad take, drop and give is rejected with its code and consumes nothing (3.368333ms)
✔ the containment invariants fail on a broken world (0.630292ms)
✔ containment_acyclic is linear in the items of one room (110.906583ms)
✔ a transfer past a capacity or into its own contents faults and commits nothing (2.423334ms)
✔ has_item holds for an item the actor carries, also inside a carried container (0.8315ms)
✔ target resolution names items and NPCs in the room and items the actor holds (0.771084ms)
✔ look with a target_id examines an item or NPC here or held, else not_present (9.864625ms)
✔ scan lists the NPCs and items in each room beyond, and changes nothing (0.494667ms)
✔ nested Take fits equality and reports the same carrying refusal in the view (1.6275ms)
✔ forced overload preserves owned extraction, Give and Drop while blocking positive Take (0.478167ms)
✔ large masses and repeated definitions stay exact by item identity (0.57475ms)
✔ zero subtree is neutral but positive contents and malformed mass remain distinct (0.421167ms)
✔ carrying charges prior policy work before accumulation and event allocation (0.220084ms)
✔ slot-holder indexing shares the carrying budget before inspecting worn mass (0.234334ms)
✔ cached owned and zero neutral results survive later budget exhaustion (0.38675ms)
✔ a Take alias advertises too_heavy and cannot evade the view admission invariant (0.671167ms)
✔ portable creation/custody literals and independent success proof (22.324708ms)
✔ new contract trust boundaries (17.686875ms)
✔ independent invariants reject counterfeit success with matching identity rows (0.296375ms)
✔ one fatal sequence preserves custody and returns the same body with exact restoration (7.418459ms)
✔ owners recover roots through ordinary Take while corpses remain fixed and private (38.720667ms)
✔ HP-zero NPC retains identity but leaves living projection and admission (9.600959ms)
✔ new API gate and narrow hydration reject invalid provenance/custody (51.092417ms)
✔ living projection refuses a missing required NPC HP row (21.367708ms)
✔ fatal transfer delta orders unsorted roots between initial placement and return (10.493ms)
✔ corpse content requires templates, valid shrine/restoration and its capability/API contract (324.319208ms)
(node:17561) [MODULE_TYPELESS_PACKAGE_JSON] Warning: Module type of file://[worktree]/mobile/app/book/presenter.ts is not specified and it doesn't parse as CommonJS.
Reparsing as ES module because module syntax was detected. This incurs a performance overhead.
To eliminate this warning, add "type": "module" to [worktree]/mobile/app/package.json.
(Use `node --trace-warnings ...` to show where the warning was created)
✔ fresh dry exploration traverses every reciprocal edge and reopens all five new rooms (2092.607208ms)
✔ D5 movement and stone Read reconcile committed and absent COMMIT outcomes and replay exactly (1125.2525ms)
✔ actual fatal separation in the den reopens and permits gear-free original-Wren Rejoin and rescue (1035.745042ms)
✔ fixed stone preserves original-message custody before and after stays and preserves lost (884.489458ms)
✔ the current chapter refuses a lookalike item substituted into the original-message role (236.029375ms)
✔ talk opens one pending choice bound to EntityIds, stamped with its revision (85.916791ms)
✔ an action that opens no choice shares the choices map (5.972917ms)
✔ under loka play the stamp is the run revision and choose is accepted (72.818292ms)
✔ the GameView shows the pending choice; a dropped lantern makes both options unavailable (52.624875ms)
✔ the talk is listed on and accepts its speaker only (3.624875ms)
✔ talk is unavailable and refused before accepting and after resolving (40.79925ms)
✔ the rule enforces the target's dialogue policy whatever talk admitted it (16.330875ms)
✔ a room contribution may subtract a dialogue's talk (2.717833ms)
✔ leave hands the lantern to Bram, sets party_led and resolves quest and choice at once (6.281958ms)
✔ carry keeps the lantern, sets player_led and resolves with outcome carry (2.954875ms)
✔ a story point reports its declared outcome key, after choice_resolved (2.390125ms)
✔ a choice reaches only a story point naming its own dialogue (2.671708ms)
✔ close changes no outcome; a second talk opens another occurrence (3.149459ms)
✔ a stale choice revalidates custody and presence; close still works (17.5975ms)
✔ talk while pending, and choose or close of no pending continuation, are invalid_state (13.938167ms)
✔ a lantern taken before accepting still lets leave resolve (5.414ms)
✔ choose pins the row bindings even if the definition would resolve elsewhere (9.654042ms)
✔ the loader checks dialogue references, roles, texts, facts, keys and the lock (93.142291ms)
✔ the loader checks story point triggers, outcomes, keys and the lock (22.617791ms)
✔ only a new actual paid Rest starts one checkpoint without giving its end consequence (455.667041ms)
✔ both exact branches keep World usable and award memory only after shown final acknowledgement (396.824375ms)
✔ first credit defers presentation behind the unchanged ordinary choice (241.701292ms)
✔ a dormant dream choice survives the actual S2 message handoff and the Bell modal scene (172.363917ms)
✔ captured scene choices and exact keyed availability reject foreign and stale draws without changing any truth (161.693875ms)
✔ a Rest occurrence cannot credit a nonliving body (114.436167ms)
✔ dream contracts reject independent malformed boundaries and retain valid controls (60.387916ms)
✔ trusted elapsed advances and drains the existing due job with its owned event (21.965958ms)
✔ trusted elapsed rejects invalid identity and intervals without adopting anything (14.221166ms)
✔ normal player step cannot admit elapsed even through an offered alias (9.220875ms)
✔ elapsed ActionSet offers neither Wait nor the authority elapsed command (6.297ms)
✔ elapsed player Wait refuses even when a forged alias offers it (32.623625ms)
✔ elapsed loader requires the new kernel API and schedule owner (8.8645ms)
✔ loader rejects authority elapsed actions and elapsed Wait aliases (3.648041ms)
✔ loader rejects duration in elapsed profiles while the frozen legacy fixture loads (22.988667ms)
✔ encounter and bound job composition matches portable literal rows (4.405541ms)
✔ independent encounter preconditions reject matching counterfeit success (0.244459ms)
✔ independent replay verifies every written lifecycle row (1.778583ms)
✔ cancelling a future job frees one slot in a full queue (7.962125ms)
✔ resource delivery times settle literal rows and reject counterfeit preconditions (16.4845ms)
✔ a fresh world mints one holder per declared slot after the job, in slot-key order (23.49825ms)
✔ a cartridge with equipment@1 but no slot keeps its ids and fresh state (12.834208ms)
✔ wear and remove by invocation, with their refusals (62.913333ms)
✔ the GameView lists the slots in order and wear and remove only where step accepts them (15.682667ms)
✔ a worn item cannot be dropped, given or taken (2.601042ms)
✔ two items in one holder fail containment_acyclic (5.349208ms)
✔ a cartridge remove and its alias list on and remove a worn item (4.405125ms)
✔ a targetless wear alias is not listed, and the invariant refuses a view listing it (20.830041ms)
✔ worn gear counts once and Remove then Drop provides a carrying escape (37.2815ms)
✔ rescue binds the original Wren, follows each Move, and finishes beside Elspeth (86.827458ms)
✔ two-exit Flee carries the original follower to the drawn destination with one fare (72.964958ms)
✔ real fatal combat leaves Wren behind and only a bound explicit Rejoin resumes travel (86.99725ms)
✔ an escort choice cannot bind Vesper in place of the authored Wren (39.889458ms)
✔ Rejoin refuses a relation whose original accepted choice names a different NPC (32.262917ms)
✔ escort contracts match independent boundary literals (5.126458ms)
✔ escort composition matches literal lifecycle and refusal rows (4.440667ms)
✔ escort invariant rejects counterfeit and missing writes (0.426708ms)
✔ exit availability follows the room-composed movement action (157.303792ms)
✔ exit availability follows an offered movement action whose policy fails (6.599459ms)
✔ a fresh world holds each fact default and no fact record (2.067875ms)
✔ fact.assign through the delta path commits one record, at the Python state hash (8.293834ms)
✔ conditions evaluate all, any, not and fact_compare over committed facts (19.833417ms)
✔ describe shows the first variant whose condition holds, else the base (1.561ms)
✔ the green's and reed path's descriptions change with the facts (5.393792ms)
✔ a player-scoped fact is read at the actor's own scope (0.334667ms)
✔ facts_typed holds for typed facts and fails on each kind of bad record (22.198083ms)
✔ a fact.assign its FactSpec does not allow faults precondition_failed (3.890458ms)
✔ each fact.assign that changes its fact appends fact_changed after the rule events (1.458375ms)
✔ a variant's unknown fact or missing text is UNRESOLVED_REFERENCE (7.728791ms)
✔ details, variants and their ops without their owners locked are UNDECLARED_CAPABILITY (8.960917ms)
✔ a fact of any scope other than exactly player or instance is FACT_SCOPE_UNSUPPORTED (29.235125ms)
✔ quest resolution delivers activation to its evidenced actor and never restarts any prior instance (139.669084ms)
✔ quest trigger matches both fields and rejects malformed source row, actor and scope (116.1255ms)
✔ a malformed reaction source discards the report and all proposal-local changes (52.129ms)
✔ mixed consequences preserve fact/event order and skip a duplicate local activation (31.810083ms)
✔ loader rejects missing quest references, trigger misuse and missing ownership locks (133.026291ms)
✔ Notice-only recipe admission agreement searches standalone and board-child offers (14.71175ms)
✔ Q2 contracts reject malformed shapes and accept their controls (1.081542ms)
✔ board-child readable recipes project exclusively on the child Notice (15.676375ms)
✔ three conserved apples share Take/Drop/Forage stock and exact Eat benefit (368.256708ms)
✔ Eat alias binds advertised item and refuses full, foreign, nested, spent and nonfood targets (241.161959ms)
✔ provisional independent fresh IDs include one roomless consumed holder after slots (104.116625ms)
✔ terminal custody composition and independent success observation use literal cases (2.690792ms)
✔ food contracts reject independent malformed boundaries and retain valid controls (10.816166ms)
✔ portable fuel replacement matches independent literal valid and invalid answers (3.845625ms)
✔ public homes are reciprocal and Gareth/Ada follow their ordinary day boundaries (210.169625ms)
✔ controlled committed child enum selects truthful home/cot/Green prose without any writer (230.150083ms)
✔ finite harvest selects the lowest real ID at equality and Drop/Take share stock (33.393458ms)
✔ four immediate explicit exchanges conserve all twelve herbs/bandages and cap only S9 gain (234.359792ms)
✔ exchange final load allows reducing overload and positive-net equality, refuses one gram over (26.019875ms)
✔ bound turn-in refuses stale exact custody and older occurrence without effects (60.1935ms)
✔ global saturation spends no allowance and unrelated loss never refunds S9 contribution (56.510791ms)
✔ exchange retains original Wick bindings after definition mapping drift (28.704916ms)
✔ harvest, exchange and retirement retain required identities and bounded stock (9.533458ms)
✔ loader independently rejects invalid authored exchange and harvest stock (900.16625ms)
✔ the adapter matches the invocation known answers (12.32425ms)
✔ the intent digest matches its pinned known answers (1.369042ms)
✔ a mismatch reports the step, both results and the state as canonical bytes (1.412125ms)
✔ fault, rejection and failed attempt stay distinct; only the attempt changes the world (11.565583ms)
✔ Lantern text follows current possession and terminal choice outcome (179.136958ms)
✔ oar acquisition keeps the earned text after drop (47.093834ms)
✔ terminal rows use outcome overrides, else their stage text (12.39475ms)
✔ a quest without journal keeps its existing entry shape (2.494792ms)
✔ admission decides the invoked action only (154.737834ms)
✔ the known-answer runner steps with the invoked action (15.892125ms)
✔ the known answer loads with its hash, as its hand-written value (102.106125ms)
✔ the carry ending lands in its variant and ends Bram's talk (65.730041ms)
✔ the leave ending lands in its variant and ends Bram's talk (31.116833ms)
✔ at 06:00 the west gate is locked (5.965208ms)
✔ the old gate lists unlock only with the lantern, and each exit shows what lies beyond (10.262166ms)
✔ settles burn intervals once and preserves exhaustion through refueling (23.672666ms)
✔ refuel conserves exact supply and preserves the settled effective lit state (2.955583ms)
✔ unavailable refuel controls and forged commands refuse atomically (11.530625ms)
✔ darkness shares projection/admission and never blocks the return stair (46.17875ms)
✔ real lethal combat leaves reachable owner-only corpse roots and nested goods in darkness (33.452375ms)
✔ illumination shares the target policy caller query budget (0.290958ms)
✔ successor identity pin names the actual fresh rooms, subjects, jobs and equipment holders (0.342291ms)
✔ light projection respects loaded keyed target and input admission before offering a source (302.537083ms)
✔ light contracts share independent valid and invalid wire examples (5.736417ms)
✔ authored light fields require API1.19 rather than merely a reserved capability lock (378.553584ms)
✔ two real shop offers cost eight pennies and retain two empty shell identities (6.817166ms)
✔ Fill, Drink, partial Pour and Drink conserve finite contents and affect no resource or clock (9.477542ms)
✔ liquid refusal participants and custody leave every row unchanged while open nested skins work (1.005542ms)
✔ Fill includes liquid mass, admits equality, and owned Pour/Drink remain legal while overloaded (2.11025ms)
✔ Take and Buy reject filled mass above ceiling and GameView exposes exact current pairs (21.085916ms)
✔ authored larger servings refuse a partial last drink and exhausted Pour keeps an empty shell (0.696916ms)
✔ closed owned nested vessels and exact out-of-room sources refuse without a write (6.740583ms)
✔ liquid pair projection fails at the same exhausted budget as direct admission (20.231334ms)
✔ authored liquid overrides project the same availability as the exact invocation (246.192292ms)
✔ liquid composition matches independently pinned rows and atomic refusals (8.56175ms)
✔ liquid precondition replay rejects counterfeit successes and missing debit (1.606708ms)
✔ liquid wire boundaries match independent literal errors and valid controls (14.504209ms)
✔ the chapter walk: lids opened, unlocked and closed by invocation, take through them (115.687792ms)
✔ a door verb names exactly one barrier: each bad shape is refused with its code (33.407584ms)
✔ a key inside a held, locked trunk still unlocks it (has_item unchanged) (4.137417ms)
✔ the GameView shows a lid, the verbs step accepts on it and what is in reach inside (39.533084ms)
✔ the loader rejects only keys that can never be reached, and checks an item barrier (79.683208ms)
✔ the active Missing Child release keeps the simulator invariants on controlled seeds (8739.6395ms)
✔ bell contract controls match the shared fixtures (1.4545ms)
✔ Ring admission still requires Q2 eligibility even if Q3 state is active (8.971459ms)
✔ Ring rechecks unknown allegiance at execution (78.540916ms)
✔ bell-first Ring resolves Q3, fails Q2 and starts exactly one retained scene (63.25725ms)
✔ late Ring preserves both message and escort returns (114.384208ms)
✔ Ring after either completed return preserves the completed outcome (58.851667ms)
✔ Silence requires a completed return and permanently wins the bell choice (129.095791ms)
✔ loaded Green scene must bind the Begin recipe detail (59.155166ms)
✔ five Green endings require voluntary Begin and final-line acknowledgement (404.958417ms)
✔ the original message is received once, cannot be given away, and resolves only at Elspeth (70.496375ms)
✔ pending branch rechecks branch and status policy before Choose (23.565792ms)
✔ capacity refusal preserves the pending branch and retries after ordinary Drop (24.086ms)
✔ turn-in rechecks direct message custody and present Elspeth and remains retryable (52.657333ms)
✔ fatal combat preserves the same message in its corpse and ordinary travel and Take recover it (15.162167ms)
✔ Give refuses a trunk containing the message but permits the empty trunk after Take (12.362125ms)
✔ notice metadata uses the shared valid and invalid schema controls (20.842375ms)
✔ loader rejects invalid board membership, title references and readable ownership (162.44725ms)
✔ board projection keeps bounded identities and selected descriptions separate from Read eligibility (44.604042ms)
✔ five real rats have distinct required birth rows, player HP10 and MV100 (97.250667ms)
✔ actual admitted adjustment adopts only one rat and keeps effective bounds after elapsed time (13.211083ms)
✔ explicit override queries refuse absent or malformed rows (8.103291ms)
✔ loader rejects invalid NPC HP and enforces API 1.4 (323.588708ms)
✔ original leader earns zero until real player joins four unique checkpoints (84.270584ms)
✔ ordinary detour requires explicit Rejoin and fresh drawn continuation state (11.67225ms)
✔ fatal combat invalidates together and awaiting attempts before immediate Restart (17.082125ms)
✔ original Wren follow composes independently with leader-only Continue and one joined Move (18.467375ms)
✔ public watch rooms, readables and Start remain usable at dusk, late night and next morning (29.302583ms)
✔ loader refuses malformed patrol route, writer ownership and bare quest activation (860.394333ms)
✔ patrol contracts match independent boundary literals (14.778792ms)
✔ patrol composition matches literal lifecycle and refusal rows (9.413459ms)
✔ patrol invariant rejects counterfeit and missing writes (1.173ms)
✔ a scripted walk prints the rooms and rejections a player expects (3.303042ms)
✔ every record validates and the game_trace keeps the ADR-075 §4 relationships (2.664333ms)
✔ replaying the transcript twice reproduces its records and state hashes byte for byte (3134.878042ms)
✔ a header in another world replays from that world (389.277834ms)
✔ a header-only transcript replays to the same initial world (1059.975916ms)
✔ a transcript recorded by another kernel version replays and names both versions (464.479208ms)
✔ loader diagnostics are written with home paths and the device serial redacted (1003.143417ms)
✔ go <serial> on a valid cartridge leaves the serial in no record (509.121709ms)
✔ look <words> examines one detail, lists an ambiguity, and records failed lookups (1079.220333ms)
✔ look <serial> or <user name> leaves neither in any record (575.263625ms)
✔ a failed load records the input_digest known answer (516.741875ms)
✔ kernel_version names the commit, with -dirty for an unclean tree (480.610625ms)
✔ the terminal shows the description variant the fresh facts select (464.215834ms)
✔ brief mode: a revisited room shows its title and contents; look shows all (660.051875ms)
✔ doors are named by direction or keywords, and refusals read as words (457.845833ms)
✔ scan shows each door that bars the way, else the room beyond and what is in it (520.684916ms)
✔ take, drop, give, inventory and examine read as a player expects (509.956833ms)
✔ a lookup matching 1,025 items is refused and the session goes on (1729.291166ms)
✔ ring bell rings once, narrates, and the rooms and bell read differently after (504.780333ms)
✔ an alias shared by recipes picks the one whose target the words name (896.065833ms)
✔ wait passes whole hours and the bell rings only between dusk and dawn (424.581833ms)
✔ the status line follows the pools; exhaustion, costs and cooldowns read as words (465.211541ms)
✔ play shows a narration line with its key and pinned participants (422.745167ms)
✔ numeric-vectors: rng_steps from initial_rng (1.145333ms)
✔ numeric-vectors: division (0.143334ms)
✔ numeric-vectors: invalid_json (0.601792ms)
✔ numeric-vectors: canonical (0.184208ms)
✔ adverse-cases: uniform (0.240125ms)
✔ decode edge cases (0.261291ms)
✔ encode escapes and key order (0.090625ms)
✔ encode rejects values outside the profile (0.157167ms)
✔ nesting is limited to 128 containers (0.435708ms)
✔ hash is lowercase SHA-256 of the canonical bytes (0.746167ms)
✔ checked integers overflow as a typed error (0.156125ms)
✔ unsafe operands are integer_overflow (0.150833ms)
✔ uniform accepts bound 2^32 (0.065709ms)
✔ uniform rejects a bad draw budget (0.086833ms)
✔ IdSource ids (0.254917ms)
✔ IdSource rejects non-string ids (0.080708ms)
✔ IdSource rejects a bad ordinal (0.085709ms)
✔ CommandId known answers (0.623042ms)
✔ CommandId rejects bad ids (0.118792ms)
✔ job CommandId known answers (0.477708ms)
✔ job CommandId rejects bad input (6.9895ms)
✔ elapsed CommandId matches independently frozen run/world/interval vectors (0.664083ms)
✔ elapsed CommandId rejects malformed identity and interval operands (0.178333ms)
✔ a fresh world: no position record, the same state as without position@1, standing (56.053666ms)
✔ the position walk by invocation: only move needs standing, after the door (54.003042ms)
✔ a cartridge alias of sit is listed and dropped with sit, with its own policy (17.720459ms)
✔ no position changes regeneration: mv 1 at 0 is 19 at 3600, standing, resting or asleep (13.044875ms)
✔ the loader refuses content writing the position fact, and a wrong or missing spec (36.527875ms)
✔ elapsed Rest/Stand/Sit/Sleep settles old rates and retains literal metadata (4.798541ms)
✔ opted births at zero and calendar start earn only their own elapsed interval (2.3265ms)
✔ distinct authored Sit/Sleep rates select the commanded position (5.356917ms)
✔ the public admitted proposal path faults rate/position disagreement before acceptance (4.740292ms)
✔ recovery loader checks actual opt-in dependencies and arithmetic bound (6.817458ms)
✔ literal public Priory route returns safely under both child/bell outcomes at day and night (169.054334ms)
✔ only deliberate exact held Read teaches its declared topic and keeps time RNG and other membership (21.977875ms)
✔ open held ancestors admit exactly the original book; closed ground foreign worn and departed children refuse (20.281916ms)
✔ literal novice schedules keep distinct cards and exact departure contexts (41.410083ms)
✔ one 100g book fills a 11900g held load and the second Take refuses unchanged (24.222875ms)
✔ Wisp completion and held Ward Read compose in both acquisition orders (66.179417ms)
✔ ordinary notice Read remains eventless and teaches no topic in the active book cartridge (1.715334ms)
✔ item writing, topic refs, text and unique player Boolean mappings fail closed (1155.340625ms)
✔ loaded consult alias projects the Read command and resolves the exact nested book invocation (87.780958ms)
✔ earned key unlocks the empty chest; Put/Close/Open/Take preserves the stored identity (14.011042ms)
✔ capacity one accepts one deposit only; an unlimited own bag permits overloaded rearrangement (7.63825ms)
✔ Put refuses worn/nonheld, missing/non-item, inaccessible, self and descendant destinations (4.648458ms)
✔ Put enumeration and pair admission obey the shared query limit with no partial pair list (60.254167ms)
✔ only authored receptacles accept Put pairs and conserved transfers (3.450125ms)
✔ quest delivery runs in FIFO order, to instances active at emission and still active (63.408ms)
✔ a quest delivery counts toward the deliveries budget (120.526417ms)
✔ every delivery eligible at emission counts toward the deliveries budget (84.938ms)
✔ an accept choice activates its quest; the talk opens the first dialogue that holds (43.7605ms)
✔ a stale accept is invalid_state once the actor has an instance (28.560584ms)
✔ an accept is invalid_state while its quest's offer policy fails (12.81675ms)
✔ the loader checks each accept: a quest, no dialogue quest, no hand_over (8.449208ms)
✔ accept activates the quest: one quest.activate and its quest_activated (29.960375ms)
✔ a second accept and an accept of an undeclared quest are refused (23.021792ms)
✔ the offer is a place action that resolves to accept_quest and is withdrawn after (11.865959ms)
✔ an offer whose policy fails is listed unavailable and accept is invalid_state (2.030833ms)
✔ activation credits current possession under current_state only (5.340708ms)
✔ a post-activation acquisition completes a strict objective; current state stores nothing (18.352583ms)
✔ neither an earlier acquisition nor a give to someone else completes a strict objective (2.854708ms)
✔ resolution re-checks current possession and resolves an open instance once (3.427208ms)
✔ a strict objective resolves only once its event completed it (34.101708ms)
✔ a cartridge using quest_state loads and its description follows the quest (4.556875ms)
✔ the journal lists the player quest with its state and title (8.586875ms)
✔ the loader checks quest references, texts, keys and the lock (49.9975ms)
✔ two strict quests on one item complete in quest order, also after a restore (94.8525ms)
✔ a move into the green triggers green_noticed, whose fact_changed triggers gossip (35.7975ms)
✔ a wait runs Bram's arrival's reactions to quiescence before Maud's job (24.426375ms)
✔ entering the belfry starts a cycle that faults budget_exceeded and commits nothing (6.415667ms)
✔ a chain of 32 deliveries commits; one of 33 exceeds reaction_depth (25.54375ms)
✔ 8193 deliveries of one event exceed deliveries, whether their `when` holds or not (5530.251667ms)
✔ reaction guards past 32768 policy leaves exceed query_steps (1629.9345ms)
✔ a move whose action policy evaluates more than 32768 leaves exceeds query_steps (1198.64875ms)
✔ a root and its reactions share one query_steps budget (962.727375ms)
✔ a root over the operations limit names it, found at its first delivery (4.083792ms)
✔ deliveries and query_steps over at one check name query_steps (840.697458ms)
✔ a chain past reaction_depth from Bram's 19:00 arrival discards the whole wait (8.402ms)
✔ 4097 events exceed the events budget; 4096 commit (27.82025ms)
✔ the loader checks reaction triggers, consequences and owners (33.646792ms)
✔ Read selects authored writing with exact empty consequences at a fixed horizon (19.345416ms)
✔ Read refuses wrong targets and remote readable details with distinct codes (18.717625ms)
✔ a projected Read resolves its exact target and the invariant detects a substituted target (10.949375ms)
✔ composed action restrictions remove Read and raw commands cannot bypass them (10.892167ms)
✔ a running scene suppresses Read even with readable content present (1.760791ms)
✔ Read projection fails closed at query and concrete-target budgets (72.598667ms)
✔ terminal read resolves authored aliases and narrates both chapter details (593.844458ms)
✔ the five ActionSet operations compose by stable key (1.061ms)
✔ ring bell assigns the fact, then fact_changed, then the custom event, and narrates (28.273042ms)
✔ an assign that keeps its value takes no position and emits no fact_changed (3.282541ms)
✔ perform is rejected for another target, key or room, and once its policy fails (11.142584ms)
✔ a recipe assigning a wrongly typed value faults with nothing committed (2.054792ms)
✔ the place's actions: the recipe first while its detail is here, then the verbs (3.333833ms)
✔ a room's contributions shape its actions, and step admits only what they offer (24.218125ms)
✔ a cartridge action overrides the engine verb of its key, policy included (2.632916ms)
✔ the output budget counts the fact_changed events adopt adds (208.482334ms)
✔ a command no offered action's target or input accepts is refused like an unoffered one (3.523667ms)
✔ an entity target in the action's scope is admitted (11.176541ms)
✔ a recipe's unknown target, fact or text is UNRESOLVED_REFERENCE (38.07375ms)
✔ a recipe with an action's or a registered command's key is DUPLICATE_DEFINITION (4.498125ms)
✔ a room's contribution naming no verb, action or recipe is UNRESOLVED_REFERENCE (1.568375ms)
✔ a recipe and its steps without their owners locked are UNDECLARED_CAPABILITY (6.766375ms)
✔ a v1 action policy's undeclared fact is UNRESOLVED_REFERENCE (5.538625ms)
✔ a recipe has a failure outcome exactly when it has a check (OUTCOME_MISMATCH) (13.465542ms)
✔ a failure outcome's references and owners, and the check's, are checked (12.065917ms)
✔ time_window needs schedule@1 and a non-empty window (12.305833ms)
✔ a recipe's or a policy's fact value outside its FactSpec is FACT_TYPE_MISMATCH (2.680417ms)
✔ two recipes' checks with one key are DUPLICATE_DEFINITION (1.878292ms)
✔ a resource spec whose bounds do not hold its start is RESOURCE_SPEC_INVALID (5.799166ms)
✔ a cost's, threshold's or resource.adjust's unknown resource is UNRESOLVED_REFERENCE (3.692875ms)
✔ resources without resource@1 in the lock are UNDECLARED_CAPABILITY (1.072584ms)
✔ a failed threshold check still pays its cost; success runs the outcome (49.164625ms)
✔ a threshold reads the resource before the recipe pays its costs (4.607666ms)
✔ an unaffordable cost is insufficient_resource before any draw, and changes nothing (7.798125ms)
✔ a move costs 1 mv and is refused at 0 mv (4.377334ms)
✔ a cartridge without the pools moves for free, writes and shows no resource (6.665042ms)
✔ regeneration adds gain per hour boundary crossed, stopping at the maximum (6.973375ms)
✔ a resource.adjust step stops at the maximum; at full value it changes nothing (33.581458ms)
✔ a cooldown of 2^53 - 1 refuses with cooldown, not a fault (6.281125ms)
✔ a cooldown refuses the recipe until exactly its end (2.908292ms)
✔ a failed attempt starts the cooldown too (7.008875ms)
✔ the GameView shows cooldowns, unaffordable costs and exhaustion as unavailable (7.29025ms)
✔ the view lists the body resources at the clock with their bands (49.507375ms)
✔ the band is the first row of 04 §15 whose cut p reaches (142.827ms)
✔ a cartridge move cost of 2 mv charges 2 and refuses the next move at 1 mv (10.879083ms)
✔ a move cost on another pool pays that pool and leaves mv (1.978042ms)
✔ a pool's own band table gives the first band whose cut p reaches, with its tone (19.946416ms)
✔ the engine default table gives each band its tone (51.448083ms)
✔ a pool's bands beat world.bands, which beat the engine default (8.50975ms)
✔ reward adds and clamps trust; every independent death credit is required (183.381125ms)
✔ receive shares carry boundary and leaves Close usable after whole-command refusal (41.426667ms)
✔ bound reward and NPC are revalidated; resolved continuation and quest cannot pay twice (29.85425ms)
✔ adjustment uses sequence overlay and faults on corrupt/unsafe values before effects (33.237583ms)
✔ received identity completes an already-active acquisition quest in the same proposal (11.994167ms)
✔ incoming custody is choice-specific and other bound items stay actor-held (15.232375ms)
✔ shared reward/storage schema controls reject malformed fields in the portable validator (3.853958ms)
✔ portable loader rejects malformed reward roles, types and reserved writes (200.524542ms)
✔ static reward-key potential retains wrong-custody and inaccessible-speaker lockouts (27.291417ms)
✔ each transfer feature requires API1.10 without changing terminal receive (56.5235ms)
✔ receive with accept requires API1.14 (14.0125ms)
✔ bounded dialogue and journal contracts match literal controls (10.46975ms)
✔ an unlock counts its key check: 32767 action leaves fit, 32768 exceed query_steps (2880.02625ms)
✔ an accept counts its objective check: 32767 offer leaves fit, 32768 exceed query_steps (1990.17675ms)
✔ a talk counts its policy twice: 16384 leaves fit, 16385 exceed query_steps (617.609333ms)
✔ a choose counts policy and objective: 32766 leaves fit, 32767 exceed query_steps (966.277042ms)
✔ every modal Continue requires its shown scene and line (53.497291ms)
✔ fresh scenes keep the same state as their scene-free variant (8.62275ms)
✔ story outcome starts line one and refuses every ordinary action at both boundaries (14.542042ms)
✔ each continue advances one line, ends at minus one and composes its fact reaction (20.102375ms)
✔ start needs only scene and never restarts an ended fact or a different outcome (25.291834ms)
✔ a fresh world starts at 06:00 with Bram at the landing and his job due at 19:00 (45.753292ms)
✔ wait to 19:00 moves Bram to the green through his job; 18:59 does not (18.756792ms)
✔ a job its own advance would schedule at or before the target faults the whole wait (5.19825ms)
✔ due jobs run in due-time order across one advance (6.219417ms)
✔ jobs due at one time run in job-id order whatever the row order (20.496833ms)
✔ a run_job submitted to step is refused and changes nothing (2.17875ms)
✔ a recipe's duration runs the job due inside it in the player's proposal (3.565959ms)
✔ a body starts with its resources at their start values at the calendar start (2.232083ms)
✔ an advance over a job budget faults whole, in a wait and in a recipe (21.732834ms)
✔ a root over a job budget names its limit, pending_jobs before due_jobs_per_advance (92.055833ms)
✔ the loader checks schedule rooms and the schedule and calendar owners (15.421ms)
✔ a recipe's committed narration pins its participants' EntityIds (1.879459ms)
✔ an item participant is pinned to the item's EntityId (5.041917ms)
✔ the loader rejects a narration participant naming no npc or item of its role (7.983959ms)
✔ literal room/meal/ale outcomes conserve exact money, stock and capped MV (405.39175ms)
✔ service refusal rolls back every row and respects exact provider, quote and complete serving (1484.827ms)
✔ loaded differently named service keys project exactly the captured invocation admission (383.866417ms)
✔ old-rate elapsed settlement precedes meal and actual targetless bed Rest (302.698042ms)
✔ bound second provider pays and consumes its own stock; only service can assign entitlement (103.03775ms)
✔ the complete integrated B8 initial identities match the Python known answer (110.238666ms)
✔ service contracts reject independent malformed boundaries and retain valid controls (83.519583ms)
✔ two fresh ranges and regression seeds retain all sequence counts and coverage (757.379791ms)
✔ an unknown constructor action is safe to compare with admission (0.698ms)
✔ a door verb listed under an alias key agrees with admission through its command (0.379041ms)
✔ every registered invariant is checked per step, or says why not (10.70975ms)
✔ the regression seeds, then 500 fresh sequences, keep every invariant (7894.161625ms)
ℹ generator 17; regression seeds 432 35225 1791136864905; fresh seeds 1791290059969 to 1791290060468; 503 sequences, 16238 steps; lengths 1-8, 9-16, ... 57-64: 56 76 65 57 62 56 75 56; outcomes accepted, cooldown, exit_closed, exit_locked, fault budget_exceeded, fault evaluator_error, fault nonfuture_job, insufficient_resource, invalid_state, invalid_target, not_found, not_owned, not_present, permission_denied, unsupported_capability
✔ each regression seed still issues the command type it was kept for (93.919958ms)
✔ a seed gives byte-identical steps twice in one process and in another process (526.322167ms)
✔ red control: a planted rule bug (drop puts the item inside itself) is found and shrunk (204.4035ms)
✔ red control: a job completed in the root writer group trips job_complete_owned_by_run (93.655083ms)
✔ red control: a rejection that moves the clock trips rejection_consumes_nothing (0.735042ms)
✔ red control: an unknown command type accepted trips unknown_types_fail_closed (72.289208ms)
✔ red control: a GameView that disagrees with admission trips gameview_agrees_with_admission (364.727292ms)
✔ red control: a door verb listed but refused, or accepted but unlisted, trips gameview_agrees_with_admission (1175.270791ms)
✔ red control: wear listed but refused, or remove accepted but unlisted, trips gameview_agrees_with_admission (333.675083ms)
✔ red control: a recipe shown available, or refused for another code, trips gameview_agrees_with_admission (38.969542ms)
✔ red control: an accepted decision with an unregistered event trips unknown_types_fail_closed (2.318958ms)
✔ red control: an accepted step adopted wrong, or not composing, is adopt_mismatch (207.676ms)
✔ red control: a throw inside a rule is a reported failure, not a crash of the runner (54.627375ms)
✔ a fresh world gives each detail a target id after the rooms (19.702833ms)
✔ resolution is none, unique or ambiguous per the hand-written table (11.493417ms)
✔ look with a target_id examines a detail of this room, else not_found or not_present (0.7075ms)
✔ a lookup over 1024 candidates fails explicitly; 1024 are all returned (56.493959ms)
✔ target_present holds for a target in reach and never without one (68.9215ms)
✔ the target reaches admission for a talk alias, a recipe and a take (29.727166ms)
✔ every talk path gives the same code in the GameView and in step (66.772584ms)
✔ unqualified learning persists distinct acquisition and one-time exact payment and custody (105.827667ms)
✔ lesson rechecks teacher, exact original gift, money and carry atomically (29.409917ms)
✔ only qualified learned wield custody selects the sword at the due opportunity (123.51725ms)
✔ strict dodge then shield block stop later draws on independent S3/S4 answers (55.108792ms)
✔ sleeping cannot defend and lethal armed hits close before retaliation (12.022333ms)
✔ new typed contracts require independent fields and reject boundary values (1.871375ms)
✔ skill loader owns reserved acquisition, qualifications, teacher funding and real equipment shapes (317.315333ms)
✔ every example transcript replays and exercises its capability (8477.799833ms)
✔ every contract has examples and every example validates (38.930792ms)
✔ invalid fixtures fail with exactly the listed errors (22.963042ms)
✔ the capability registry: valid entries, key@version unique, covers the chapter-one lock, all portable (1.395459ms)
✔ the capability lock encodes and hashes to the independent known answer (1.295583ms)
✔ a declared __proto__ property survives generation (0.102083ms)
✔ values outside the canonical profile are rejected at decode, before validation (0.472ms)
✔ a recursive Policy at the depth cap (1.011041ms)
✔ narration at 64 and 65 lines (0.626625ms)
✔ ambiguous candidates at 1024 and 1025 (2.5025ms)
✔ every composition-profile limit is a valid BudgetExceeded (0.503167ms)
✔ marsh marker is visible in darkness while ordinary details and the undiscovered wisp refuse raw IDs (145.613666ms)
✔ immutable attribute Seek passes at five, fails at four and keeps RNG and time unchanged (19.031625ms)
✔ only bank-valid wrong answers count and third closes only the sitting with immediate reset (38.426667ms)
✔ pending answer rechecks effective direct light and bound original participants while Close remains usable (49.313041ms)
✔ correct uppercase answer resolves S4 once, projects one ward and exactly selects public Aldric ward dialogue (38.730666ms)
✔ an already-known ward still resolves S4 without another topic assignment (39.28425ms)
✔ projected and raw bounded Choose reject a foreign NPC binding without an attempt (10.883792ms)
✔ independent bounded attempt and Wisp contracts (9.738208ms)
✔ a fresh world mints IdSource ids and puts the player in the entry room (12.784667ms)
✔ a body out of mv waits an hour and moves again (23.313167ms)
✔ move north proposes one transfer and entity_entered_room, and commits it (11.475833ms)
✔ a scripted walk visits the expected rooms and rejects the known bad moves (17.27275ms)
✔ look is accepted with an empty delta and leaves the state unchanged (1.554041ms)
✔ unknown capabilities and other actors are rejected before any rule (0.522084ms)
✔ the movement invariants fail on a broken world (0.482625ms)
✔ the delta digest construction matches the Python known answer (0.515ms)
✔ a foreign event faults unowned_event, and a rule mutating the world throws (6.538875ms)
✔ INSTALLED is each rule module and each implemented ruleless capability (5.204458ms)
✔ only accepted meeting after actual report and Study marks Wren met at every hour (82.212334ms)
✔ wrong answer retries the same bound row; malformed banks refuse; correct answer is once-only and nonterminal (33.510667ms)
✔ either original participant leaving or dying disables Choose while Close stays available (83.228625ms)
ℹ tests 655
ℹ suites 0
ℹ pass 655
ℹ fail 0
ℹ cancelled 0
ℹ skipped 0
ℹ todo 0
ℹ duration_ms 25238.845125
ok   kernel tsc rejects host and Node APIs
ok   typecheck covers the tests
ok   typecheck covers play/
ok   step cannot skip admit()
kernel/ts/play/main.ts:2: info: size: allow 315, one terminal session: its loop, each command's dispatch and the replay
kernel/ts/src/content/cartridge_dialogues.ts:192: info: size: allow 52, one authored option validates its mutually constrained effects together
kernel/ts/src/content/cartridge_refs.ts:163: info: size: allow 60, reference checks retain the existing ordered stage plus carrying opt-in checks
kernel/ts/src/foundation/compose.ts:106: info: size: allow 44, exhaustive dispatch over closed liquid, choice and patrol operations
kernel/ts/src/foundation/compose_patrol.ts:6: info: size: allow 60, full-prior row and closed attempt lifecycle share one portable precondition
kernel/ts/src/foundation/validate.ts:86: info: size: allow 55, closed-keyword dispatch includes scene trigger alternatives
kernel/ts/src/mechanics/containment/rule.ts:28: info: size: allow 52, finite Harvest joins the existing conserved-transfer decision
kernel/ts/src/mechanics/containment/shared.ts:163: info: size: allow 50, one bounded pair query keeps source, reach, lid, ancestry and capacity admission together
kernel/ts/src/mechanics/dialogue/exchange.ts:31: info: size: allow 50, shared funded readiness rechecks exact bound stock and final load
kernel/ts/src/mechanics/dialogue/rule.ts:158: info: size: allow 60, one choice lowers its bound quest, custody, payment and events atomically
kernel/ts/src/mechanics/dialogue/shared.ts:85: info: size: allow 55, dialogue availability and bound custody share one admission check
kernel/ts/src/mechanics/dialogue/shared.ts:202: info: size: allow 55, exact drawn choice input shares keyed admission and mechanic eligibility
kernel/ts/src/mechanics/quest/lifecycle.ts:43: info: size: allow 45, exact retirement joins bound activation and optional deadline scheduling
kernel/ts/src/mechanics/reaction.ts:62: info: size: allow 58, one ordered delivery lowers fact assignments and quest effects
kernel/ts/src/mechanics/schedule/rule.ts:27: info: size: allow 45, schedule dispatch retains its due job and elapsed clock paths
kernel/ts/src/mechanics/schedule/rule.ts:70: info: size: allow 50, one expiry checks its bound occurrence and commits status, trust and job together
kernel/ts/src/runtime/invariants.ts:2: info: size: allow 315, independent retirement pairing joins precondition replay
kernel/ts/src/runtime/invariants.ts:199: info: size: allow 46, independent retirement pairing joins existing ordered precondition replay
kernel/ts/src/runtime/invariants_patrol.ts:28: info: size: allow 50, independent lifecycle proof covers every retained attempt transition
kernel/ts/src/runtime/proposal.ts:1: info: size: allow 315, typed quest reactions join the existing FIFO admission/causation path
kernel/ts/src/runtime/proposal.ts:215: info: size: allow 45, one existing FIFO loop admits typed quest reaction deliveries
kernel/ts/src/view/action_lists.ts:35: info: size: allow 60, one composed ActionSet/query context projects item and exact-subject Notice offers
kernel/ts/src/view/action_lists.ts:137: info: size: allow 50, exact detail harvest joins shared action admission and projection
kernel/ts/test/containment.test.ts:1: info: size: allow 555, containment and carrying behavior share the same minimal custody fixture
kernel/ts/test/dialogue.test.ts:1: info: size: allow 603, dialogue@1's rule and loader checks, story points included, share the ferry harness
kernel/ts/test/sim.ts:1: info: size: allow 515, the existing headless action generator also consumes exact service offers
ok   ts size: limits and allow markers
Checking formatting...
All matched files use Prettier code style!

EXIT 0
