✔ loader rejects impossible held-food declarations while retaining capped food (1383.675833ms)
✔ three conserved apples share Take/Drop/Forage stock and exact Eat benefit (485.376667ms)
✔ Eat alias binds advertised item and refuses full, foreign, nested, spent and nonfood targets (510.557125ms)
✔ provisional independent fresh IDs include one roomless consumed holder after slots (171.164833ms)
✔ terminal custody composition and independent success observation use literal cases (58.823875ms)
✔ food contracts reject independent malformed boundaries and retain valid controls (4.405375ms)
✔ public homes are reciprocal and Gareth/Ada follow their ordinary day boundaries (529.099375ms)
✔ controlled committed child enum selects truthful home/cot/Green prose without any writer (240.050208ms)
(node:17232) [MODULE_TYPELESS_PACKAGE_JSON] Warning: Module type of file://[worktree]/mobile/app/book/food.test.ts is not specified and it doesn't parse as CommonJS.
Reparsing as ES module because module syntax was detected. This incurs a performance overhead.
To eliminate this warning, add "type": "module" to [worktree]/mobile/app/package.json.
(Use `node --trace-warnings ...` to show where the warning was created)
✔ actual Book Item Eat returns World once on normal and uncertain settlement and cold remount (390.566916ms)
✔ real SQLite carries the same apple through storage/drop/Forage/give/Eat and later consumers (1920.608458ms)
✔ food-only cold-open refuses plausible bounded forgeries without writing bytes (429.065458ms)
✔ real failed and committed/absent uncertain COMMIT preserve atomic Eat and exact retry (233.55ms)
✔ spent apple and another apple in a real fight corpse both reopen before a later Eat (448.449667ms)
ℹ tests 13
ℹ suites 0
ℹ pass 13
ℹ fail 0
ℹ cancelled 0
ℹ skipped 0
ℹ todo 0
ℹ duration_ms 3817.369458

EXIT 0
