✔ loader rejects impossible held-food declarations while retaining capped food (740.296291ms)
✔ three conserved apples share Take/Drop/Forage stock and exact Eat benefit (163.298583ms)
✔ Eat alias binds advertised item and refuses full, foreign, nested, spent and nonfood targets (212.978542ms)
✔ provisional independent fresh IDs include one roomless consumed holder after slots (71.715541ms)
✔ terminal custody composition and independent success observation use literal cases (2.68375ms)
✔ food contracts reject independent malformed boundaries and retain valid controls (9.58375ms)
✔ public homes are reciprocal and Gareth/Ada follow their ordinary day boundaries (175.90825ms)
✔ controlled committed child enum selects truthful home/cot/Green prose without any writer (120.028917ms)
(node:34580) [MODULE_TYPELESS_PACKAGE_JSON] Warning: Module type of file://[worktree]/mobile/app/book/food.test.ts is not specified and it doesn't parse as CommonJS.
Reparsing as ES module because module syntax was detected. This incurs a performance overhead.
To eliminate this warning, add "type": "module" to [worktree]/mobile/app/package.json.
(Use `node --trace-warnings ...` to show where the warning was created)
✔ actual Book Item Eat returns World once on normal and uncertain settlement and cold remount (984.577875ms)
✔ real SQLite carries the same apple through storage/drop/Forage/give/Eat and later consumers (830.273584ms)
✔ food-only cold-open refuses plausible bounded forgeries without writing bytes (348.276792ms)
✔ real failed and committed/absent uncertain COMMIT preserve atomic Eat and exact retry (169.632ms)
✔ spent apple and another apple in a real fight corpse both reopen before a later Eat (294.637708ms)
ℹ tests 13
ℹ suites 0
ℹ pass 13
ℹ fail 0
ℹ cancelled 0
ℹ skipped 0
ℹ todo 0
ℹ duration_ms 2129.504417

EXIT 0
