Resolving Hex dependencies...
Resolution completed in 0.012s
Unchanged:
  boundary 0.11.0
  bunt 1.0.0
  credo 1.7.19
  file_system 1.1.1
  jason 1.4.5
All dependencies have been fetched
No cycles found
Running ExUnit with seed: 126408, max_cases: 16

..................................................................................................................................................................................................................................................................................................................................................................
Finished in 16.6 seconds (16.5s async, 0.06s sync)

Result: 354 passed
Checking 138 source files (this might take a while) ...

Please report incorrect results: https://github.com/rrrene/credo/issues

Analysis took 0.08 seconds (0.05s to load, 0.03s running 4 checks on 138 files)
1399 mods/funs, found no issues.

Use `mix credo explain` to explain issues, `mix credo --help` for options.
lib/loka/content/checks.ex:1: info: size: allow 380, patrol refs and bounded topics join the shared checked expansion boundary
lib/loka/content/dialogues.ex:1: info: size: allow 370, scene-triggered chapter point refs join dialogue trigger checks
lib/loka/content/scenes.ex:1: info: size: allow 320, action-started scenes validate source and end exports beside modal rules
lib/loka/core/compose.ex:1: info: size: allow 330, typed patrol and terminal quest replacement joins portable composition
lib/loka/core/invariants.ex:1: info: size: allow 330, independent patrol and retirement pairing joins precondition replay
test/loka/core/compose_test.exs:1: info: size: allow 520, patrol and liquid cases share the existing randomized differential pool
ok   boundary: web reaches store (only platform may)
ok   boundary: core calls an undeclared external app
ok   types: a PartyId where a CharacterId is matched (03 §6)
ok   xref: dependency cycle
ok   xref: compile-connected edge
ok   credo: cyclomatic complexity 10
ok   credo: nesting 3
ok   credo: ABC size 31
ok   credo: arity 7
ok   contracts: schema changed without regenerating the TypeScript
ok   contracts: schema changed without regenerating the docs
ok   contracts: unsupported keyword fails compilation
ok   contracts: unsupported keyword fails generation
ok   contracts: a map with declared properties fails compilation
ok   contracts: anyOf with overlapping types fails compilation
ok   features: a capability implemented without its feature map cells
ok   features: a ruleless capability implemented without its feature map cells
ok   features: a transcript added without regenerating the feature map
ok   docs: AGENTS.md over its word budget
ok   contracts: elixir host adapter without a differential (ADR-074)
ok   size: limits and allow markers
Running 7 tests

----------- Case Details -----------
PASS ts-foundation-imports  .........
PASS ts-rule-registration  .......
PASS ts-rule-module-pure  ..........................
PASS ts-rule-module-imports  ......................
PASS ts-kernel-pure  ............
PASS elixir-kernel-pure  .....................................
PASS ts-rule-module-location  .........

test result: ok. 7 passed; 0 failed;
ok   elixir-kernel-pure
ok   ts-foundation-imports
ok   ts-kernel-pure
ok   ts-rule-module-imports
ok   ts-rule-module-location
ok   ts-rule-module-pure
ok   ts-rule-registration
ok   docs_only: skip for .md only, run otherwise
630 docs, 0 broken link(s), 0 unreachable
ok   docs: stale code pointers
ok   beads: local paths, missing slices and reserved IDs refused

> loka-kernel@0.0.0 typecheck
> tsc && tsc -p test && tsc -p play


> loka-kernel@0.0.0 test
> node --test --test-reporter=${TEST_REPORTER:-spec} "test/**/*.test.ts"

....................
....................
....................
....................
....................
....................
....................
....................
....................
....................
....................
....................
....................
....................
....................
....................
....................
....................
....................
....................
....................
....................
....................
....................
....................
....................
....................
....................
....................
....................
....................
...X................
...............

Failed tests:

✖ every example transcript replays and exercises its capability (3308.474458ms)
  AssertionError [ERR_ASSERTION]: cartridges/ashmere_missing_child/transcripts/food.jsonl: [worktree]/cartridges/ashmere_missing_child/transcripts/food.jsonl: not a game_trace (one trace.run, then trace.command entries)
  
  
  1 !== 0
  
      at TestContext.<anonymous> (file://[worktree]/kernel/ts/test/transcripts.test.ts:41:12)
      at Test.runInAsyncScope (node:async_hooks:226:14)
      at Test.run (node:internal/test_runner/test:1402:25)
      at Test.start (node:internal/test_runner/test:1262:17)
      at startSubtestAfterBootstrap (node:internal/test_runner/harness:387:17) {
    generatedMessage: false,
    code: 'ERR_ASSERTION',
    actual: 1,
    expected: 0,
    operator: 'strictEqual',
    diff: 'simple'
  }
[warn] postinstall script did not run; falling back to runtime binary resolution.
Enable postinstall to avoid the per-invocation overhead.
[warn] postinstall script did not run; falling back to runtime binary resolution.
Enable postinstall to avoid the per-invocation overhead.

EXIT 1
