✖ three conserved apples share Take/Drop/Forage stock and exact Eat benefit (128.739459ms)
✔ Eat alias binds advertised item and refuses full, foreign, nested, spent and nonfood targets (186.928333ms)
✔ provisional independent fresh IDs include one roomless consumed holder after slots (53.259375ms)
ℹ tests 3
ℹ suites 0
ℹ pass 2
ℹ fail 1
ℹ cancelled 0
ℹ skipped 0
ℹ todo 0
ℹ duration_ms 603.997209

✖ failing tests:

test at kernel/ts/test/food.test.ts:14:1
✖ three conserved apples share Take/Drop/Forage stock and exact Eat benefit (128.739459ms)
  AssertionError [ERR_ASSERTION]: Expected values to be strictly equal:
  + actual - expected
  
  + 'fault'
  - 'accepted'
  
      at TestContext.<anonymous> (file://[worktree]/kernel/ts/test/food.test.ts:46:10)
      at Test.runInAsyncScope (node:async_hooks:227:14)
      at Test.run (node:internal/test_runner/test:1402:25)
      at Test.start (node:internal/test_runner/test:1262:17)
      at startSubtestAfterBootstrap (node:internal/test_runner/harness:387:17) {
    generatedMessage: true,
    code: 'ERR_ASSERTION',
    actual: 'fault',
    expected: 'accepted',
    operator: 'strictEqual',
    diff: 'simple'
  }

EXIT 1
