✖ terminal custody composition and independent success observation use literal cases (4.977ms)
ℹ tests 1
ℹ suites 0
ℹ pass 0
ℹ fail 1
ℹ cancelled 0
ℹ skipped 0
ℹ todo 0
ℹ duration_ms 181.329625

✖ failing tests:

test at kernel/ts/test/food_composition.test.ts:8:1
✖ terminal custody composition and independent success observation use literal cases (4.977ms)
  AssertionError [ERR_ASSERTION]: cannot-remove-spent-food
  
  true !== false
  
      at TestContext.<anonymous> (file://[worktree]/kernel/ts/test/food_composition.test.ts:12:12)
      at Test.runInAsyncScope (node:async_hooks:227:14)
      at Test.run (node:internal/test_runner/test:1402:25)
      at Test.start (node:internal/test_runner/test:1262:17)
      at startSubtestAfterBootstrap (node:internal/test_runner/harness:387:17) {
    generatedMessage: false,
    code: 'ERR_ASSERTION',
    actual: true,
    expected: false,
    operator: 'strictEqual',
    diff: 'simple'
  }

EXIT 1
