✔ composition known answers (12.942167ms)
✔ invariant checks known answers, a holding and a violated case per invariant checked in both kernels (4.481084ms)
✔ invalid successful deltas fail their independent precondition check (0.342208ms)
✔ containment checks deep chains, untouched cycles and untouched capacity (15.61225ms)
✔ limits are named in the composition profile order (1.351333ms)
✔ composition-profile budgets: at the limit composes with the expected changes, one over faults (18.564208ms)
✔ a malformed barrier state faults precondition_failed (0.271083ms)
✔ opted recovery literal rows and independent metadata replay (3.048709ms)
✔ independent recovery replay rejects an unauthored stored rate (0.385959ms)
✔ recovery schema trust-boundary literals (0.937666ms)
✔ entity-resource overrides match literals and independent preconditions reject false success (1.368625ms)
✔ NPC HP schema trust-boundary literals (0.65525ms)
ℹ tests 12
ℹ suites 0
ℹ pass 12
ℹ fail 0
ℹ cancelled 0
ℹ skipped 0
ℹ todo 0
ℹ duration_ms 218.0265

EXIT 0
