✖ three conserved apples share Take/Drop/Forage stock and exact Eat benefit (118.530792ms)
✔ Eat alias binds advertised item and refuses full, foreign, nested, spent and nonfood targets (167.942667ms)
✔ provisional independent fresh IDs include one roomless consumed holder after slots (74.077917ms)
ℹ tests 3
ℹ suites 0
ℹ pass 2
ℹ fail 1
ℹ cancelled 0
ℹ skipped 0
ℹ todo 0
ℹ duration_ms 593.326083

✖ failing tests:

test at kernel/ts/test/food.test.ts:14:1
✖ three conserved apples share Take/Drop/Forage stock and exact Eat benefit (118.530792ms)
  AssertionError [ERR_ASSERTION]: Expected values to be strictly equal:
  + actual - expected
  
  + '3d4829ad-9e43-81ef-bc10-66b1b267e157'
  - 'f0e76c82-d099-811e-a6ba-caef3f2615e9'
  
      at TestContext.<anonymous> (file://[worktree]/kernel/ts/test/food.test.ts:54:10)
      at Test.runInAsyncScope (node:async_hooks:227:14)
      at Test.run (node:internal/test_runner/test:1402:25)
      at Test.start (node:internal/test_runner/test:1262:17)
      at startSubtestAfterBootstrap (node:internal/test_runner/harness:387:17) {
    generatedMessage: true,
    code: 'ERR_ASSERTION',
    actual: '3d4829ad-9e43-81ef-bc10-66b1b267e157',
    expected: 'f0e76c82-d099-811e-a6ba-caef3f2615e9',
    operator: 'strictEqual',
    diff: 'simple'
  }

EXIT 1
