README.md: OK
app-final-repin.log: OK
app-final.log: OK
app-type-final.log: OK
book-boundary-restored.log: OK
book-composed.log: OK
capture-accepted.log: OK
capture-corrected.log: OK
capture-final.log: OK
capture-frozen.log: OK
capture.ts: OK
commit-source-retry.log: OK
commit-source.log: OK
compiler-force.log: OK
compiler-pin-final.log: OK
compiler-test-force.log: OK
credo-final.log: OK
docs-freeze.log: OK
final-local-tail.log: OK
focused-compiler-final.log: OK
focused-final.log: OK
focused-food-recheck.log: OK
focused-pre-mutant.log: OK
focused-restored.log: OK
food-validator-final.log: OK
foundation-final.log: OK
full-gate-1.log: OK
full-gate-2.log: OK
metadata.json: OK
mutant-book-eat-history-new.log: OK
mutant-book-eat-history-old.log: OK
mutant-book-world-route-new.log: OK
mutant-book-world-route-old.log: OK
mutant-compiler-food-new.log: OK
mutant-compiler-food-old.log: OK
mutant-eat-narration-binding-new.log: OK
mutant-eat-narration-binding-old.log: OK
mutant-ex-independent-new.log: OK
mutant-ex-independent-old.log: OK
mutant-ex-terminal-new.log: OK
mutant-ex-terminal-old.log: OK
mutant-food-only-save-new.log: OK
mutant-food-only-save-old.log: OK
mutant-full-mv-new.log: OK
mutant-full-mv-old.log: OK
mutant-holder-row-new.log: OK
mutant-holder-row-old.log: OK
mutant-indirect-food-new.log: OK
mutant-indirect-food-old.log: OK
mutant-loader-food-new.log: OK
mutant-loader-food-old.log: OK
mutant-missing-cap-new.log: OK
mutant-missing-cap-old.log: OK
mutant-missing-terminal-write-new.log: OK
mutant-missing-terminal-write-old.log: OK
mutant-mv-binding-new.log: OK
mutant-mv-binding-old.log: OK
mutant-ts-independent-new.log: OK
mutant-ts-independent-old.log: OK
mutant-ts-terminal-new.log: OK
mutant-ts-terminal-old.log: OK
mutant-unkeyed-offer-new.log: OK
mutant-unkeyed-offer-old.log: OK
mutants.json: OK
mutants.py: OK
raw-food-trace.jsonl: OK
routes.json: OK
run.py: OK
schema-controls-initial.log: OK
schema-controls.log: OK
schema-sweep.py: OK
source-size-final.log: OK
source-size.log: OK
staged-diff.log: OK
terminal-self-review.log: OK
transcript-accepted.log: OK
transcript-corrected.log: OK
transcript-final.log: OK
type-boundary-restored.log: OK
type-freeze.log: OK
type.log: OK
81 hashes verified
