==> boundary
Compiling 15 files (.ex)
Generated boundary app

00:24:21.458 [info] Compiling file system watcher for Mac...

00:24:22.108 [info] Done.
==> file_system
Compiling 7 files (.ex)
Generated file_system app
==> bunt
Compiling 2 files (.ex)
Generated bunt app
==> jason
Compiling 10 files (.ex)
Generated jason app
==> credo
Compiling 257 files (.ex)
Generated credo app
==> loka
Compiling 33 files (.ex)
Generated loka app
Running ExUnit with seed: 233354, max_cases: 4

...
Finished in 0.2 seconds (0.2s async, 0.00s sync)

Result: 3 passed
