✔ two-exit Flee selects canonical north/west using independent seeded answers (60.166459ms)
✔ blocked exits are excluded; zero exits or insufficient fare refuse without a draw (7.702333ms)
✔ active combat exposes one directionless Flee and refuses directional movement (5.685ms)
✔ random Flee candidate policies share the command query budget and fault atomically (16.750458ms)
✔ one fatal sequence preserves custody and returns the same body with exact restoration (100.526917ms)
✔ owners recover roots through ordinary Take while corpses remain fixed and private (17.753042ms)
✔ HP-zero NPC retains identity but leaves living projection and admission (4.718166ms)
✔ new API gate and narrow hydration reject invalid provenance/custody (23.995833ms)
✔ living projection refuses a missing required NPC HP row (0.929458ms)
✔ fatal transfer delta orders unsorted roots between initial placement and return (1.311125ms)
✔ three conserved apples share Take/Drop/Forage stock and exact Eat benefit (593.097959ms)
✔ Eat alias binds advertised item and refuses full, foreign, nested, spent and nonfood targets (431.678333ms)
✔ independent fresh IDs include consumed custody before published population births (162.813833ms)
✔ created edible loot uses the same admitted terminal transfer as static food (128.855334ms)
✔ paid outbound and free return join exact conserved balances and body entry (154.717041ms)
✔ unaffordable and forged endpoint offers refuse atomically (190.492583ms)
✔ recovery waiver uses actual death owner, isle room and contained roots (98.741292ms)
✔ Sedge teaches swim once freely through the original present dialogue (109.951666ms)
✔ loader rejects invalid endpoint, funding, action and free lesson bindings (538.971958ms)
✔ boarding remains inspectable with a disabled offer during a real encounter (74.594083ms)
✔ water exact-edge admission is atomic at learned 6000g/MV10 boundary (158.3865ms)
✔ captured free Up survives changed eligibility and old generations cannot drown reentry (180.431833ms)
✔ deadline 70800 drowns once with actual nested possessions and same-body Chapel return (99.29875ms)
✔ Chapel recovery selects only actual owned bottom corpses and permits forced overload (82.965166ms)
✔ both real bottoms retain darkness, actual chest descendants and free lit-loot return (76.315458ms)
✔ empty corpse history stays bounded by one holder scan and creates no recovery offers (96.249084ms)
✔ water exit projection checks its exact move key despite a differently keyed allowed alias (67.644417ms)
✔ ordinary combat death below also invalidates the original water occurrence (68.132875ms)
✔ water occupancy and deadline job composition match independent literal rows (7.080542ms)
✔ independent job invariant rejects partial actor/body/generation success (0.305083ms)
✔ loader rejects malformed water references, pairing and free Surface while source short refs compile (634.79375ms)
✔ water contracts reject malformed bindings, bounds and closed corpse selection (6.981916ms)
✔ a fresh world mints IdSource ids and puts the player in the entry room (14.142ms)
✔ a body out of mv waits an hour and moves again (44.634916ms)
✔ move north proposes one transfer and entity_entered_room, and commits it (1.011458ms)
✔ a scripted walk visits the expected rooms and rejects the known bad moves (15.736792ms)
✔ look is accepted with an empty delta and leaves the state unchanged (0.53125ms)
✔ unknown capabilities and other actors are rejected before any rule (0.522625ms)
✔ the movement invariants fail on a broken world (1.707541ms)
✔ the delta digest construction matches the Python known answer (0.440792ms)
✔ a foreign event faults unowned_event, and a rule mutating the world throws (1.163667ms)
✔ INSTALLED is each rule module and each implemented ruleless capability (4.802709ms)
✔ real SQLite carries the same apple through storage/drop/Forage/give/Eat and later consumers (1118.37475ms)
✔ food-only cold-open refuses plausible bounded forgeries without writing bytes (453.375542ms)
✔ real failed and committed/absent uncertain COMMIT preserve atomic Eat and exact retry (227.370041ms)
✔ spent apple and another apple in a real fight corpse both reopen before a later Eat (536.518041ms)
(node:57211) [MODULE_TYPELESS_PACKAGE_JSON] Warning: Module type of file://<redacted-path> is not specified and it doesn't parse as CommonJS.
Reparsing as ES module because module syntax was detected. This incurs a performance overhead.
To eliminate this warning, add "type": "module" to <redacted-path>
(Use `node --trace-warnings ...` to show where the warning was created)
✔ paid crossing, free Sedge lesson, six-room exploration and return reopen at committed boundaries (990.846084ms)
✔ forged ferry receipts and saved custody refuse typed corruption without changing the database (957.700208ms)
✔ real failed and uncertain COMMIT outcomes fence paid/free crossing and lesson then replay once (1786.411791ms)
✔ Book projects an exact boarding control and restores one committed endpoint result (154.7245ms)
✔ the original following Wren crosses once without rescue credit; separated Wren stays behind (320.50825ms)
✔ actual Chapel death return reaches the dark-loft corpse without gear and retains every nested identity on cold reopen (1118.010584ms)
✔ a transport-only cartridge validates crossing receipts without another producer (126.375125ms)
(node:57240) [MODULE_TYPELESS_PACKAGE_JSON] Warning: Module type of file://<redacted-path> is not specified and it doesn't parse as CommonJS.
Reparsing as ES module because module syntax was detected. This incurs a performance overhead.
To eliminate this warning, add "type": "module" to <redacted-path>
(Use `node --trace-warnings ...` to show where the warning was created)
✔ water entry/surface/expiry/recovery reopen with original deadline and custody, then replay once (987.992459ms)
✔ cold elapsed debt settles the original drowning deadline before input (224.70225ms)
✔ real failed, uncertain absent and committed COMMIT outcomes fence water commands and reconcile once (1265.411917ms)
✔ malformed water and historical recovery rows refuse save_corrupt without rewriting progress (1079.130542ms)
✔ Book projects warning, confirmed remaining time, free Surface and selected original recovery once (328.028292ms)
✔ expiry COMMIT committed and absent branches reconcile one actual corpse with no split custody (335.521708ms)
✔ sleeping recovery stays ordinary and elapsed preflight within one generation still surfaces free (154.274875ms)
✔ real saved recovery preserves original roots when existing held gear forces overload (156.673875ms)
✔ two eligible corpses select one actual identity and keep the other original roots (203.37475ms)
ℹ tests 62
ℹ suites 0
ℹ pass 62
ℹ fail 0
ℹ cancelled 0
ℹ skipped 0
ℹ todo 0
ℹ duration_ms 8962.289375
