✖ Web reads preserve bound ordered rows beyond the bulk response capacity (10.974875ms)
ℹ tests 1
ℹ suites 0
ℹ pass 0
ℹ fail 1
ℹ cancelled 0
ℹ skipped 0
ℹ todo 0
ℹ duration_ms 122.19175

✖ failing tests:

test at mobile/app/sqlite-web.test.ts:8:1
✖ Web reads preserve bound ordered rows beyond the bulk response capacity (10.974875ms)
  Error: Sync operation timeout
      at Object.getAllSync (file://[redacted]:24:15)
      at Object.getAllSync (file://[redacted]:10:40)
      at TestContext.<anonymous> (file://[redacted]:29:19)
      at Test.runInAsyncScope (node:async_hooks:227:14)
      at Test.run (node:internal/test_runner/test:1402:25)
      at Test.start (node:internal/test_runner/test:1262:17)
      at startSubtestAfterBootstrap (node:internal/test_runner/harness:387:17)
      at process.processTicksAndRejections (node:internal/process/task_queues:104:5)
