✔ composition known answers (18.005625ms)
✔ character selection has the same one-row portable composition answer (0.553375ms)
✔ present null character row refuses selection (0.171625ms)
✔ invariant checks known answers, a holding and a violated case per invariant checked in both kernels (2.596625ms)
✔ invalid successful deltas fail their independent precondition check (0.421084ms)
✔ containment checks deep chains, untouched cycles and untouched capacity (13.655916ms)
✔ limits are named in the composition profile order (0.665584ms)
✔ composition-profile budgets: at the limit composes with the expected changes, one over faults (19.208917ms)
✔ a malformed barrier state faults precondition_failed (0.286708ms)
✔ opted recovery literal rows and independent metadata replay (3.429875ms)
✔ independent recovery replay rejects an unauthored stored rate (0.414334ms)
✔ recovery schema trust-boundary literals (0.829209ms)
✔ entity-resource overrides match literals and independent preconditions reject false success (1.6585ms)
✔ NPC HP schema trust-boundary literals (0.538167ms)
ℹ tests 14
ℹ suites 0
ℹ pass 14
ℹ fail 0
ℹ cancelled 0
ℹ skipped 0
ℹ todo 0
ℹ duration_ms 225.6835
