✔ knowledge composition matches independent row and refusal fixtures (44.049959ms)
✖ knowledge invariant refuses forged success over null visit and observation rows (1.249ms)
ℹ tests 2
ℹ suites 0
ℹ pass 1
ℹ fail 1
ℹ cancelled 0
ℹ skipped 0
ℹ todo 0
ℹ duration_ms 396.677042

✖ failing tests:

test at kernel/ts/test/knowledge_composition.test.ts:18:1
✖ knowledge invariant refuses forged success over null visit and observation rows (1.249ms)
  AssertionError [ERR_ASSERTION]: null-observation-is-not-absence
  
  true !== false
  
      at TestContext.<anonymous> (file://[worktree]/kernel/ts/test/knowledge_composition.test.ts:26:12)
      at Test.runInAsyncScope (node:async_hooks:227:14)
      at Test.run (node:internal/test_runner/test:1402:25)
      at Test.processPendingSubtests (node:internal/test_runner/test:974:18)
      at Test.postRun (node:internal/test_runner/test:1542:19)
      at Test.run (node:internal/test_runner/test:1467:12)
      at async startSubtestAfterBootstrap (node:internal/test_runner/harness:387:3) {
    generatedMessage: false,
    code: 'ERR_ASSERTION',
    actual: true,
    expected: false,
    operator: 'strictEqual',
    diff: 'simple'
  }
