✔ D10 real SQLite keeps each entry/Look and shared door commit across cold reopen and retry (1294.285709ms)
✔ D10 malformed and forged knowledge rows refuse in place without deleting saved progress (924.423ms)
✔ D10 failed and lost COMMIT keep whole knowledge and replay one accepted entry (175.704ms)
✔ D10 ferry, water entry/surface and due drowning return discover once and reopen at each intermediate (1343.291292ms)
(node:94174) [MODULE_TYPELESS_PACKAGE_JSON] Warning: Module type of file://[worktree]/mobile/app/book/d10.test.ts is not specified and it doesn't parse as CommonJS.
Reparsing as ES module because module syntax was detected. This incurs a performance overhead.
To eliminate this warning, add "type": "module" to [worktree]/mobile/app/package.json.
(Use `node --trace-warnings ...` to show where the warning was created)
✔ Where touch sends exact identity and labels here, saved last seen and unknown (1.356583ms)
(node:94175) [MODULE_TYPELESS_PACKAGE_JSON] Warning: Module type of file://[worktree]/mobile/app/chapter.test.ts is not specified and it doesn't parse as CommonJS.
Reparsing as ES module because module syntax was detected. This incurs a performance overhead.
To eliminate this warning, add "type": "module" to [worktree]/mobile/app/package.json.
(Use `node --trace-warnings ...` to show where the warning was created)
✔ the app opens and replaces only its chapter save, preserving existing Lantern and sampler saves (364.531625ms)
✔ the 0.0.9 chapter save is refused intact until explicit Start over (86.729ms)
✔ actual App pause and resume preserve 9ms plus 11ms as exactly one logical unit (73.527625ms)
✔ actual App stops unknown storage wakeups and resumes after confirmed user recovery (89.925333ms)
✔ old App wakeups cannot mutate the same remounted Game or a replacement save (125.983583ms)
ℹ tests 10
ℹ suites 0
ℹ pass 10
ℹ fail 0
ℹ cancelled 0
ℹ skipped 0
ℹ todo 0
ℹ duration_ms 4037.402333
