✔ D10 real SQLite keeps each entry/Look and shared door commit across cold reopen and retry (867.131542ms)
✖ D10 malformed and forged knowledge rows refuse in place without deleting saved progress (671.213292ms)
✔ D10 failed and lost COMMIT keep whole knowledge and replay one accepted entry (160.421125ms)
✔ D10 ferry, water entry/surface and due drowning return discover once and reopen at each intermediate (1139.749167ms)
ℹ tests 4
ℹ suites 0
ℹ pass 3
ℹ fail 1
ℹ cancelled 0
ℹ skipped 0
ℹ todo 0
ℹ duration_ms 3047.363708

✖ failing tests:

test at mobile/authority/local-story/d10_knowledge.test.ts:105:1
✖ D10 malformed and forged knowledge rows refuse in place without deleting saved progress (671.213292ms)
  AssertionError [ERR_ASSERTION]: unsafe_time
      at TestContext.<anonymous> (file://[worktree]/mobile/authority/local-story/d10_knowledge.test.ts:148:12)
      at Test.runInAsyncScope (node:async_hooks:227:14)
      at Test.run (node:internal/test_runner/test:1402:25)
      at Test.processPendingSubtests (node:internal/test_runner/test:974:18)
      at Test.postRun (node:internal/test_runner/test:1542:19)
      at Test.run (node:internal/test_runner/test:1467:12)
      at async startSubtestAfterBootstrap (node:internal/test_runner/harness:387:3) {
    generatedMessage: false,
    code: 'ERR_ASSERTION',
    actual: Error: invalid_canonical
        at notCanonical (file://[worktree]/kernel/ts/src/foundation/canonical.ts:179:9)
        at write (file://[worktree]/kernel/ts/src/foundation/canonical.ts:185:53)
        at write (file://[worktree]/kernel/ts/src/foundation/canonical.ts:205:7)
        at write (file://[worktree]/kernel/ts/src/foundation/canonical.ts:205:7)
        at write (file://[worktree]/kernel/ts/src/foundation/canonical.ts:205:7)
        at encode (file://[worktree]/kernel/ts/src/foundation/canonical.ts:169:3)
        at key (file://[worktree]/kernel/ts/src/foundation/compose_rows.ts:6:48)
        at same (file://[worktree]/kernel/ts/src/foundation/compose.ts:47:77)
        at receiptHistory (file://[worktree]/mobile/authority/local-story/receipt-history.ts:41:33)
        at liquidSave (file://[worktree]/mobile/authority/local-story/liquid-save.ts:30:3),
    operator: 'throws',
    diff: 'simple'
  }
