
> loka-kernel@0.0.0 test:sim
> node --test --test-reporter=${TEST_REPORTER:-spec} test/sim.test.ts

✔ two fresh ranges and regression seeds retain all sequence counts and coverage (290.873542ms)
✔ an unknown constructor action is safe to compare with admission (0.172583ms)
✔ a door verb listed under an alias key agrees with admission through its command (0.114667ms)
✔ service admission distinguishes foreign-world envelopes from current-world offers (0.14475ms)
✔ every registered invariant is checked per step, or says why not (0.586083ms)
✔ the regression seeds, then 500 fresh sequences, keep every invariant (3349.096541ms)
ℹ generator 17; regression seeds 432 35225 1791136864905; fresh seeds 1791349129566 to 1791349130065; 503 sequences, 16094 steps; lengths 1-8, 9-16, ... 57-64: 71 64 56 64 58 72 62 56; outcomes accepted, cooldown, exit_closed, exit_locked, fault budget_exceeded, fault evaluator_error, fault nonfuture_job, insufficient_resource, invalid_state, invalid_target, not_found, not_owned, not_present, permission_denied, unsupported_capability
✔ each regression seed still issues the command type it was kept for (59.782542ms)
✔ a seed gives byte-identical steps twice in one process and in another process (403.90775ms)
✔ red control: a planted rule bug (drop puts the item inside itself) is found and shrunk (210.36725ms)
✔ red control: a job completed in the root writer group trips job_complete_owned_by_run (100.628334ms)
✔ red control: a rejection that moves the clock trips rejection_consumes_nothing (0.54325ms)
✔ red control: an unknown command type accepted trips unknown_types_fail_closed (90.780667ms)
✔ red control: a GameView that disagrees with admission trips gameview_agrees_with_admission (349.083417ms)
✔ red control: a door verb listed but refused, or accepted but unlisted, trips gameview_agrees_with_admission (1118.103375ms)
✔ red control: wear listed but refused, or remove accepted but unlisted, trips gameview_agrees_with_admission (338.352125ms)
✔ red control: a recipe shown available, or refused for another code, trips gameview_agrees_with_admission (37.227459ms)
✔ red control: an accepted decision with an unregistered event trips unknown_types_fail_closed (2.254958ms)
✔ red control: an accepted step adopted wrong, or not composing, is adopt_mismatch (196.120792ms)
✔ red control: a throw inside a rule is a reported failure, not a crash of the runner (51.927834ms)
ℹ tests 19
ℹ suites 0
ℹ pass 19
ℹ fail 0
ℹ cancelled 0
ℹ skipped 0
ℹ todo 0
ℹ duration_ms 6829.758291
