✔ one fatal sequence preserves custody and returns the same body with exact restoration (6.713334ms)
✔ owners recover roots through ordinary Take while corpses remain fixed and private (59.572041ms)
✔ HP-zero NPC retains identity but leaves living projection and admission (5.563625ms)
✔ new API gate and narrow hydration reject invalid provenance/custody (42.948583ms)
✔ living projection refuses a missing required NPC HP row (1.151542ms)
✔ fatal transfer delta orders unsorted roots between initial placement and return (2.2935ms)
✔ settles burn intervals once and preserves exhaustion through refueling (20.161167ms)
✔ refuel conserves exact supply and preserves the settled effective lit state (7.066708ms)
✔ unavailable refuel controls and forged commands refuse atomically (35.164042ms)
✔ darkness shares projection/admission and never blocks the return stair (15.294584ms)
✔ real lethal combat leaves reachable owner-only corpse roots and nested goods in darkness (19.71ms)
✔ illumination shares the target policy caller query budget (0.382333ms)
✔ successor identity pin names the actual fresh rooms, subjects, jobs and equipment holders (0.284709ms)
✔ light projection respects loaded keyed target and input admission before offering a source (217.587292ms)
✔ paid outbound and free return join exact conserved balances and body entry (293.939834ms)
✔ unaffordable and forged endpoint offers refuse atomically (269.012834ms)
✔ recovery waiver uses actual death owner, isle room and contained roots (152.575542ms)
✔ Sedge teaches swim once freely through the original present dialogue (124.921417ms)
✔ loader rejects invalid endpoint, funding, action and free lesson bindings (698.041125ms)
✔ boarding remains inspectable with a disabled offer during a real encounter (187.350416ms)
✔ a fresh world mints IdSource ids and puts the player in the entry room (11.477958ms)
✔ a body out of mv waits an hour and moves again (59.956875ms)
✔ move north proposes one transfer and entity_entered_room, and commits it (4.60075ms)
✔ a scripted walk visits the expected rooms and rejects the known bad moves (11.035084ms)
✔ look is accepted with an empty delta and leaves the state unchanged (0.587459ms)
✔ unknown capabilities and other actors are rejected before any rule (0.563542ms)
✔ the movement invariants fail on a broken world (0.581541ms)
✔ the delta digest construction matches the Python known answer (0.614458ms)
✔ a foreign event faults unowned_event, and a rule mutating the world throws (1.373708ms)
✔ INSTALLED is each rule module and each implemented ruleless capability (5.668583ms)
ℹ tests 30
ℹ suites 0
ℹ pass 30
ℹ fail 0
ℹ cancelled 0
ℹ skipped 0
ℹ todo 0
ℹ duration_ms 8159.476417
