✖ knowledge composition matches independent row and refusal fixtures (4.736666ms)
ℹ tests 1
ℹ suites 0
ℹ pass 0
ℹ fail 1
ℹ cancelled 0
ℹ skipped 0
ℹ todo 0
ℹ duration_ms 159.030166

✖ failing tests:

test at kernel/ts/test/knowledge_composition.test.ts:8:1
✖ knowledge composition matches independent row and refusal fixtures (4.736666ms)
  AssertionError [ERR_ASSERTION]: observation-cannot-change-actor
  + actual - expected
  
    {
  +   changes: [
  +     {
  +       target: {
  +         actor_id: '10000000-0000-4000-8000-000000000001',
  +         kind: 'observation',
  +         npc_id: '30000000-0000-4000-8000-000000000001'
  +       },
  +       value: {
  +         actor_id: '30000000-0000-4000-8000-000000000001',
  +         at: 10,
  +         npc_id: '30000000-0000-4000-8000-000000000001',
  +         room_id: '20000000-0000-4000-8000-000000000001'
  +       }
  -   fault: {
  -     code: 'precondition_failed',
  -     kind: 'fault',
  -     target: {
  -       actor_id: '10000000-0000-4000-8000-000000000001',
  -       kind: 'observation',
  -       npc_id: '30000000-0000-4000-8000-000000000001'
        }
  +   ]
  -   }
    }
  
      at TestContext.<anonymous> (file://[worktree]/kernel/ts/test/knowledge_composition.test.ts:12:12)
      at Test.runInAsyncScope (node:async_hooks:227:14)
      at Test.run (node:internal/test_runner/test:1402:25)
      at Test.start (node:internal/test_runner/test:1262:17)
      at startSubtestAfterBootstrap (node:internal/test_runner/harness:387:17) {
    generatedMessage: false,
    code: 'ERR_ASSERTION',
    actual: { changes: [ [Object] ] },
    expected: { fault: { kind: 'fault', code: 'precondition_failed', target: [Object] } },
    operator: 'deepStrictEqual',
    diff: 'simple'
  }
