✔ only committed body entry adds a visited room; refused moves and rendering add none (27.706042ms)
✖ Look observes only visible local NPCs at its committed logical time (11.754292ms)
✔ real fatal sequence records Chapel return in the same adopted proposal (7.807584ms)
✔ both real recoverable boots retain exact ambiguous IDs and independent touch examination (9.380959ms)
ℹ tests 4
ℹ suites 0
ℹ pass 3
ℹ fail 1
ℹ cancelled 0
ℹ skipped 0
ℹ todo 0
ℹ duration_ms 235.944792

✖ failing tests:

test at kernel/ts/test/d10_knowledge.test.ts:69:1
✖ Look observes only visible local NPCs at its committed logical time (11.754292ms)
  AssertionError [ERR_ASSERTION]: The expression evaluated to a falsy value:
  
    assert.ok(gameView(local).known_npcs .some((n) => n.id === ash))
  
      at TestContext.<anonymous> (file://[worktree]/kernel/ts/test/d10_knowledge.test.ts:82:10)
      at Test.runInAsyncScope (node:async_hooks:227:14)
      at Test.run (node:internal/test_runner/test:1402:25)
      at Test.processPendingSubtests (node:internal/test_runner/test:974:18)
      at Test.postRun (node:internal/test_runner/test:1542:19)
      at Test.run (node:internal/test_runner/test:1467:12)
      at async startSubtestAfterBootstrap (node:internal/test_runner/harness:387:3) {
    generatedMessage: true,
    code: 'ERR_ASSERTION',
    actual: false,
    expected: true,
    operator: '==',
    diff: 'simple'
  }
