
> loka-kernel@0.0.0 test:sim
> node --test --test-reporter=${TEST_REPORTER:-spec} test/sim.test.ts

✔ two fresh ranges and regression seeds retain all sequence counts and coverage (317.69425ms)
✔ an unknown constructor action is safe to compare with admission (0.1795ms)
✔ a door verb listed under an alias key agrees with admission through its command (0.09525ms)
✔ service admission distinguishes foreign-world envelopes from current-world offers (0.19975ms)
✔ every registered invariant is checked per step, or says why not (0.422375ms)
✔ the regression seeds, then 500 fresh sequences, keep every invariant (3811.575958ms)
ℹ generator 17; regression seeds 432 35225 1791136864905; fresh seeds 1791349512473 to 1791349512972; 503 sequences, 16307 steps; lengths 1-8, 9-16, ... 57-64: 65 63 61 61 61 64 70 58; outcomes accepted, cooldown, exit_closed, exit_locked, fault budget_exceeded, fault evaluator_error, fault nonfuture_job, insufficient_resource, invalid_state, invalid_target, not_found, not_owned, not_present, permission_denied, unsupported_capability
✔ each regression seed still issues the command type it was kept for (76.961417ms)
✔ a seed gives byte-identical steps twice in one process and in another process (458.047625ms)
✔ red control: input mutation is caught before rollback checks read the changed world (0.720042ms)
✔ red control: a planted rule bug (drop puts the item inside itself) is found and shrunk (240.314875ms)
✔ red control: a job completed in the root writer group trips job_complete_owned_by_run (105.760208ms)
✔ red control: a rejection that moves the clock trips rejection_consumes_nothing (0.571792ms)
✔ red control: an unknown command type accepted trips unknown_types_fail_closed (81.77175ms)
✔ red control: a GameView that disagrees with admission trips gameview_agrees_with_admission (404.999083ms)
✔ red control: a door verb listed but refused, or accepted but unlisted, trips gameview_agrees_with_admission (1251.846333ms)
✔ red control: wear listed but refused, or remove accepted but unlisted, trips gameview_agrees_with_admission (418.919666ms)
✔ red control: a recipe shown available, or refused for another code, trips gameview_agrees_with_admission (45.972459ms)
✔ red control: an accepted decision with an unregistered event trips unknown_types_fail_closed (3.170625ms)
✔ red control: an accepted step adopted wrong, or not composing, is adopt_mismatch (256.023625ms)
✔ red control: a throw inside a rule is a reported failure, not a crash of the runner (66.611042ms)
ℹ tests 20
ℹ suites 0
ℹ pass 20
ℹ fail 0
ℹ cancelled 0
ℹ skipped 0
ℹ todo 0
ℹ duration_ms 7781.846
