✔ only committed body entry adds a visited room; refused moves and rendering add none (58.811209ms)
✖ Look observes only visible local NPCs at its committed logical time (18.036917ms)
✔ real fatal sequence records Chapel return in the same adopted proposal (26.741084ms)
ℹ tests 3
ℹ suites 0
ℹ pass 2
ℹ fail 1
ℹ cancelled 0
ℹ skipped 0
ℹ todo 0
ℹ duration_ms 449.913541

✖ failing tests:

test at kernel/ts/test/d10_knowledge.test.ts:68:1
✖ Look observes only visible local NPCs at its committed logical time (18.036917ms)
  AssertionError [ERR_ASSERTION]: Expected values to be strictly deep-equal:
  + actual - expected
  
    {
      actor_id: 'bd595711-ea5f-89a5-abb0-046cd349d2f9',
  +   at: 64801,
  -   at: 64800,
      npc_id: '7561d6c2-0c34-8719-9bc2-6851f7b04682',
  +   room_id: 'c502e9fc-8929-89a9-bf2d-3fbc2927aebf'
  -   room_id: '58ee172d-aa6f-8023-a3c1-a1d46af6d167'
    }
  
      at TestContext.<anonymous> (file://[worktree]/kernel/ts/test/d10_knowledge.test.ts:101:10)
      at Test.runInAsyncScope (node:async_hooks:227:14)
      at Test.run (node:internal/test_runner/test:1402:25)
      at Test.processPendingSubtests (node:internal/test_runner/test:974:18)
      at Test.postRun (node:internal/test_runner/test:1542:19)
      at Test.run (node:internal/test_runner/test:1467:12)
      at async startSubtestAfterBootstrap (node:internal/test_runner/harness:387:3) {
    generatedMessage: true,
    code: 'ERR_ASSERTION',
    actual: { actor_id: 'bd595711-ea5f-89a5-abb0-046cd349d2f9', npc_id: '7561d6c2-0c34-8719-9bc2-6851f7b04682', room_id: 'c502e9fc-8929-89a9-bf2d-3fbc2927aebf', at: 64801 },
    expected: { actor_id: 'bd595711-ea5f-89a5-abb0-046cd349d2f9', npc_id: '7561d6c2-0c34-8719-9bc2-6851f7b04682', room_id: '58ee172d-aa6f-8023-a3c1-a1d46af6d167', at: 64800 },
    operator: 'deepStrictEqual',
    diff: 'simple'
  }
