✔ settles burn intervals once and preserves exhaustion through refueling (4.1685ms)
✔ refuel conserves exact supply and preserves the settled effective lit state (1.009875ms)
✔ unavailable refuel controls and forged commands refuse atomically (7.080459ms)
✔ darkness shares projection/admission and never blocks the return stair (7.606542ms)
✔ real lethal combat leaves reachable owner-only corpse roots and nested goods in darkness (8.231375ms)
✔ illumination shares the target policy caller query budget (0.250958ms)
✔ successor identity pin names the actual fresh rooms, subjects, jobs and equipment holders (0.219541ms)
✔ light projection respects loaded keyed target and input admission before offering a source (107.371208ms)
✔ a fresh world gives each detail a target id after the rooms (3.488041ms)
✔ resolution is none, unique or ambiguous per the hand-written table (3.76125ms)
✔ look with a target_id examines a detail of this room, else not_found or not_present (0.607292ms)
✔ a lookup over 1024 candidates fails explicitly; 1024 are all returned (10.434292ms)
ℹ tests 12
ℹ suites 0
ℹ pass 12
ℹ fail 0
ℹ cancelled 0
ℹ skipped 0
ℹ todo 0
ℹ duration_ms 408.372666
