✔ one fatal sequence preserves custody and returns the same body with exact restoration (28.871333ms)
✔ owners recover roots through ordinary Take while corpses remain fixed and private (37.666125ms)
✔ HP-zero NPC retains identity but leaves living projection and admission (13.648667ms)
✔ new API gate and narrow hydration reject invalid provenance/custody (25.666667ms)
✔ living projection refuses a missing required NPC HP row (1.147958ms)
✔ fatal transfer delta orders unsorted roots between initial placement and return (1.361334ms)
✔ settles burn intervals once and preserves exhaustion through refueling (5.460459ms)
✔ refuel conserves exact supply and preserves the settled effective lit state (50.307083ms)
✔ unavailable refuel controls and forged commands refuse atomically (49.18825ms)
✔ darkness shares projection/admission and never blocks the return stair (13.963583ms)
✔ real lethal combat leaves reachable owner-only corpse roots and nested goods in darkness (22.486584ms)
✔ illumination shares the target policy caller query budget (0.30475ms)
✔ successor identity pin names the actual fresh rooms, subjects, jobs and equipment holders (0.257ms)
✔ light projection respects loaded keyed target and input admission before offering a source (334.514167ms)
✔ paid outbound and free return join exact conserved balances and body entry (234.88925ms)
✔ unaffordable and forged endpoint offers refuse atomically (359.621625ms)
✔ recovery waiver uses actual death owner, isle room and contained roots (205.60925ms)
✔ Sedge teaches swim once freely through the original present dialogue (158.244667ms)
✔ loader rejects invalid endpoint, funding, action and free lesson bindings (965.734166ms)
✔ boarding remains inspectable with a disabled offer during a real encounter (127.113958ms)
✔ a fresh world mints IdSource ids and puts the player in the entry room (137.759875ms)
✔ a body out of mv waits an hour and moves again (47.860458ms)
✔ move north proposes one transfer and entity_entered_room, and commits it (0.797ms)
✔ a scripted walk visits the expected rooms and rejects the known bad moves (13.472125ms)
✔ look is accepted with an empty delta and leaves the state unchanged (0.516292ms)
✔ unknown capabilities and other actors are rejected before any rule (0.516166ms)
✔ the movement invariants fail on a broken world (1.697167ms)
✔ the delta digest construction matches the Python known answer (0.593209ms)
✔ a foreign event faults unowned_event, and a rule mutating the world throws (0.987541ms)
✔ INSTALLED is each rule module and each implemented ruleless capability (5.488334ms)
ℹ tests 30
ℹ suites 0
ℹ pass 30
ℹ fail 0
ℹ cancelled 0
ℹ skipped 0
ℹ todo 0
ℹ duration_ms 7750.351542
