TAP version 13
# (node:71740) [MODULE_TYPELESS_PACKAGE_JSON] Warning: Module type of file://[home]/dev/lokacore-pm/mobile/app/book/food.test.ts is not specified and it doesn't parse as CommonJS.
# Reparsing as ES module because module syntax was detected. This incurs a performance overhead.
# To eliminate this warning, add "type": "module" to [home]/dev/lokacore-pm/mobile/app/package.json.
# (Use `node --trace-warnings ...` to show where the warning was created)
# Subtest: actual Book Item Eat returns World once on normal and uncertain settlement and cold remount
not ok 1 - actual Book Item Eat returns World once on normal and uncertain settlement and cold remount
  ---
  duration_ms: 393.517583
  type: 'test'
  location: '[home]/dev/lokacore-pm/mobile/app/book/food.test.ts:55:1'
  failureType: 'testCodeFailure'
  error: |-
    {"kind":"saved","replay":false,"revision":5,"decision":{"kind":"rejected","error":{"code":"unsupported_capability"}}}
    + actual - expected
    
    + 'rejected'
    - 'accepted'
    
  code: 'ERR_ASSERTION'
  name: 'AssertionError'
  expected: 'accepted'
  actual: 'rejected'
  operator: 'strictEqual'
  stack: |-
    invoke (file://[home]/dev/lokacore-pm/mobile/app/book/food.test.ts:72:16)
    TestContext.<anonymous> (file://[home]/dev/lokacore-pm/mobile/app/book/food.test.ts:78:7)
    Test.runInAsyncScope (node:async_hooks:227:14)
    Test.run (node:internal/test_runner/test:1402:25)
    Test.start (node:internal/test_runner/test:1262:17)
    startSubtestAfterBootstrap (node:internal/test_runner/harness:387:17)
    process.processTicksAndRejections (node:internal/process/task_queues:104:5)
  ...
# Subtest: real SQLite cold reopen retains one cause-bound bell cue
not ok 2 - real SQLite cold reopen retains one cause-bound bell cue
  ---
  duration_ms: 217.580791
  type: 'test'
  location: '[home]/dev/lokacore-pm/mobile/authority/local-story/d9.test.ts:185:1'
  failureType: 'testCodeFailure'
  error: |-
    Expected values to be strictly equal:
    + actual - expected
    
    + 'save_corrupt'
    - 'open'
    
  code: 'ERR_ASSERTION'
  name: 'AssertionError'
  expected: 'open'
  actual: 'save_corrupt'
  operator: 'strictEqual'
  stack: |-
    setup (file://[home]/dev/lokacore-pm/mobile/authority/local-story/d9.test.ts:121:10)
    TestContext.<anonymous> (file://[home]/dev/lokacore-pm/mobile/authority/local-story/d9.test.ts:188:13)
    Test.runInAsyncScope (node:async_hooks:227:14)
    Test.run (node:internal/test_runner/test:1402:25)
    Test.start (node:internal/test_runner/test:1262:17)
    startSubtestAfterBootstrap (node:internal/test_runner/harness:387:17)
  ...
# Subtest: real SQLite uncertain bell COMMIT reconciles one suppression and one resume job
not ok 3 - real SQLite uncertain bell COMMIT reconciles one suppression and one resume job
  ---
  duration_ms: 154.995958
  type: 'test'
  location: '[home]/dev/lokacore-pm/mobile/authority/local-story/d9.test.ts:218:1'
  failureType: 'testCodeFailure'
  error: |-
    Expected values to be strictly equal:
    + actual - expected
    
    + 'save_corrupt'
    - 'open'
    
  code: 'ERR_ASSERTION'
  name: 'AssertionError'
  expected: 'open'
  actual: 'save_corrupt'
  operator: 'strictEqual'
  stack: |-
    setup (file://[home]/dev/lokacore-pm/mobile/authority/local-story/d9.test.ts:121:10)
    TestContext.<anonymous> (file://[home]/dev/lokacore-pm/mobile/authority/local-story/d9.test.ts:227:15)
    Test.runInAsyncScope (node:async_hooks:227:14)
    Test.run (node:internal/test_runner/test:1402:25)
    Test.processPendingSubtests (node:internal/test_runner/test:974:18)
    Test.postRun (node:internal/test_runner/test:1542:19)
    Test.run (node:internal/test_runner/test:1467:12)
    async startSubtestAfterBootstrap (node:internal/test_runner/harness:387:3)
  ...
# Subtest: real SQLite fox Study corpse permits pickup then closes ingress after cold reopen
not ok 4 - real SQLite fox Study corpse permits pickup then closes ingress after cold reopen
  ---
  duration_ms: 152.657416
  type: 'test'
  location: '[home]/dev/lokacore-pm/mobile/authority/local-story/d9.test.ts:325:1'
  failureType: 'testCodeFailure'
  error: |-
    Expected values to be strictly equal:
    + actual - expected
    
    + 'save_corrupt'
    - 'open'
    
  code: 'ERR_ASSERTION'
  name: 'AssertionError'
  expected: 'open'
  actual: 'save_corrupt'
  operator: 'strictEqual'
  stack: |-
    setup (file://[home]/dev/lokacore-pm/mobile/authority/local-story/d9.test.ts:121:10)
    TestContext.<anonymous> (file://[home]/dev/lokacore-pm/mobile/authority/local-story/d9.test.ts:329:15)
    Test.runInAsyncScope (node:async_hooks:227:14)
    Test.run (node:internal/test_runner/test:1402:25)
    Test.processPendingSubtests (node:internal/test_runner/test:974:18)
    Test.postRun (node:internal/test_runner/test:1542:19)
    Test.run (node:internal/test_runner/test:1467:12)
    async Test.processPendingSubtests (node:internal/test_runner/test:974:7)
  ...
# Subtest: real SQLite stays/prior bell scene reopens before Continue
ok 5 - real SQLite stays/prior bell scene reopens before Continue
  ---
  duration_ms: 356.22425
  type: 'test'
  ...
# Subtest: terminal profiles preserve bound ledger and cellar offers through SQLite reopen
not ok 6 - terminal profiles preserve bound ledger and cellar offers through SQLite reopen
  ---
  duration_ms: 144.957416
  type: 'test'
  location: '[home]/dev/lokacore-pm/mobile/authority/local-story/d9.test.ts:478:1'
  failureType: 'testCodeFailure'
  error: |-
    Expected values to be strictly equal:
    + actual - expected
    
    + 'save_corrupt'
    - 'open'
    
  code: 'ERR_ASSERTION'
  name: 'AssertionError'
  expected: 'open'
  actual: 'save_corrupt'
  operator: 'strictEqual'
  stack: |-
    setup (file://[home]/dev/lokacore-pm/mobile/authority/local-story/d9.test.ts:121:10)
    TestContext.<anonymous> (file://[home]/dev/lokacore-pm/mobile/authority/local-story/d9.test.ts:486:15)
    Test.runInAsyncScope (node:async_hooks:227:14)
    Test.run (node:internal/test_runner/test:1402:25)
    Test.processPendingSubtests (node:internal/test_runner/test:974:18)
    Test.postRun (node:internal/test_runner/test:1542:19)
    Test.run (node:internal/test_runner/test:1467:12)
    async Test.processPendingSubtests (node:internal/test_runner/test:974:7)
  ...
# (node:71742) [MODULE_TYPELESS_PACKAGE_JSON] Warning: Module type of file://[home]/dev/lokacore-pm/mobile/app/book/presenter.ts is not specified and it doesn't parse as CommonJS.
# Reparsing as ES module because module syntax was detected. This incurs a performance overhead.
# To eliminate this warning, add "type": "module" to [home]/dev/lokacore-pm/mobile/app/package.json.
# (Use `node --trace-warnings ...` to show where the warning was created)
# Subtest: paid crossing, free Sedge lesson, six-room exploration and return reopen at committed boundaries
not ok 7 - paid crossing, free Sedge lesson, six-room exploration and return reopen at committed boundaries
  ---
  duration_ms: 228.968917
  type: 'test'
  location: '[home]/dev/lokacore-pm/mobile/authority/local-story/transport.test.ts:129:1'
  failureType: 'testCodeFailure'
  error: |-
    {"kind":"save_corrupt"}
    + actual - expected
    
    + 'save_corrupt'
    - 'open'
    
  code: 'ERR_ASSERTION'
  name: 'AssertionError'
  expected: 'open'
  actual: 'save_corrupt'
  operator: 'strictEqual'
  stack: |-
    open (file://[home]/dev/lokacore-pm/mobile/authority/local-story/transport.test.ts:34:12)
    setup (file://[home]/dev/lokacore-pm/mobile/authority/local-story/transport.test.ts:38:15)
    TestContext.<anonymous> (file://[home]/dev/lokacore-pm/mobile/authority/local-story/transport.test.ts:132:13)
    Test.runInAsyncScope (node:async_hooks:227:14)
    Test.run (node:internal/test_runner/test:1402:25)
    Test.start (node:internal/test_runner/test:1262:17)
    startSubtestAfterBootstrap (node:internal/test_runner/harness:387:17)
    process.processTicksAndRejections (node:internal/process/task_queues:104:5)
  ...
# Subtest: forged ferry receipts and saved custody refuse typed corruption without changing the database
not ok 8 - forged ferry receipts and saved custody refuse typed corruption without changing the database
  ---
  duration_ms: 170.37525
  type: 'test'
  location: '[home]/dev/lokacore-pm/mobile/authority/local-story/transport.test.ts:167:1'
  failureType: 'testCodeFailure'
  error: |-
    {"kind":"save_corrupt"}
    + actual - expected
    
    + 'save_corrupt'
    - 'open'
    
  code: 'ERR_ASSERTION'
  name: 'AssertionError'
  expected: 'open'
  actual: 'save_corrupt'
  operator: 'strictEqual'
  stack: |-
    open (file://[home]/dev/lokacore-pm/mobile/authority/local-story/transport.test.ts:34:12)
    setup (file://[home]/dev/lokacore-pm/mobile/authority/local-story/transport.test.ts:38:15)
    TestContext.<anonymous> (file://[home]/dev/lokacore-pm/mobile/authority/local-story/transport.test.ts:169:15)
    Test.runInAsyncScope (node:async_hooks:227:14)
    Test.run (node:internal/test_runner/test:1402:25)
    Test.processPendingSubtests (node:internal/test_runner/test:974:18)
    Test.postRun (node:internal/test_runner/test:1542:19)
    Test.run (node:internal/test_runner/test:1467:12)
    process.processTicksAndRejections (node:internal/process/task_queues:104:5)
    async startSubtestAfterBootstrap (node:internal/test_runner/harness:387:3)
  ...
# Subtest: real failed and uncertain COMMIT outcomes fence paid/free crossing and lesson then replay once
not ok 9 - real failed and uncertain COMMIT outcomes fence paid/free crossing and lesson then replay once
  ---
  duration_ms: 144.638833
  type: 'test'
  location: '[home]/dev/lokacore-pm/mobile/authority/local-story/transport.test.ts:204:1'
  failureType: 'testCodeFailure'
  error: |-
    {"kind":"save_corrupt"}
    + actual - expected
    
    + 'save_corrupt'
    - 'open'
    
  code: 'ERR_ASSERTION'
  name: 'AssertionError'
  expected: 'open'
  actual: 'save_corrupt'
  operator: 'strictEqual'
  stack: |-
    open (file://[home]/dev/lokacore-pm/mobile/authority/local-story/transport.test.ts:34:12)
    setup (file://[home]/dev/lokacore-pm/mobile/authority/local-story/transport.test.ts:38:15)
    TestContext.<anonymous> (file://[home]/dev/lokacore-pm/mobile/authority/local-story/transport.test.ts:207:58)
    Test.runInAsyncScope (node:async_hooks:227:14)
    Test.run (node:internal/test_runner/test:1402:25)
    Test.processPendingSubtests (node:internal/test_runner/test:974:18)
    Test.postRun (node:internal/test_runner/test:1542:19)
    Test.run (node:internal/test_runner/test:1467:12)
    process.processTicksAndRejections (node:internal/process/task_queues:104:5)
    async Test.processPendingSubtests (node:internal/test_runner/test:974:7)
  ...
# Subtest: Book projects an exact boarding control and restores one committed endpoint result
not ok 10 - Book projects an exact boarding control and restores one committed endpoint result
  ---
  duration_ms: 143.308042
  type: 'test'
  location: '[home]/dev/lokacore-pm/mobile/authority/local-story/transport.test.ts:277:1'
  failureType: 'testCodeFailure'
  error: |-
    {"kind":"save_corrupt"}
    + actual - expected
    
    + 'save_corrupt'
    - 'open'
    
  code: 'ERR_ASSERTION'
  name: 'AssertionError'
  expected: 'open'
  actual: 'save_corrupt'
  operator: 'strictEqual'
  stack: |-
    open (file://[home]/dev/lokacore-pm/mobile/authority/local-story/transport.test.ts:34:12)
    setup (file://[home]/dev/lokacore-pm/mobile/authority/local-story/transport.test.ts:38:15)
    TestContext.<anonymous> (file://[home]/dev/lokacore-pm/mobile/authority/local-story/transport.test.ts:278:13)
    Test.runInAsyncScope (node:async_hooks:227:14)
    Test.run (node:internal/test_runner/test:1402:25)
    Test.processPendingSubtests (node:internal/test_runner/test:974:18)
    Test.postRun (node:internal/test_runner/test:1542:19)
    Test.run (node:internal/test_runner/test:1467:12)
    process.processTicksAndRejections (node:internal/process/task_queues:104:5)
    async Test.processPendingSubtests (node:internal/test_runner/test:974:7)
  ...
# Subtest: the original following Wren crosses once without rescue credit; separated Wren stays behind
not ok 11 - the original following Wren crosses once without rescue credit; separated Wren stays behind
  ---
  duration_ms: 141.616958
  type: 'test'
  location: '[home]/dev/lokacore-pm/mobile/authority/local-story/transport.test.ts:305:1'
  failureType: 'testCodeFailure'
  error: |-
    {"kind":"save_corrupt"}
    + actual - expected
    
    + 'save_corrupt'
    - 'open'
    
  code: 'ERR_ASSERTION'
  name: 'AssertionError'
  expected: 'open'
  actual: 'save_corrupt'
  operator: 'strictEqual'
  stack: |-
    open (file://[home]/dev/lokacore-pm/mobile/authority/local-story/transport.test.ts:34:12)
    setup (file://[home]/dev/lokacore-pm/mobile/authority/local-story/transport.test.ts:38:15)
    deathSetup (file://[home]/dev/lokacore-pm/mobile/authority/local-story/transport.test.ts:373:10)
    TestContext.<anonymous> (file://[home]/dev/lokacore-pm/mobile/authority/local-story/transport.test.ts:306:13)
    Test.runInAsyncScope (node:async_hooks:227:14)
    Test.run (node:internal/test_runner/test:1402:25)
    Test.processPendingSubtests (node:internal/test_runner/test:974:18)
    Test.postRun (node:internal/test_runner/test:1542:19)
    Test.run (node:internal/test_runner/test:1467:12)
    process.processTicksAndRejections (node:internal/process/task_queues:104:5)
  ...
# Subtest: actual Chapel death return reaches the dark-loft corpse without gear and retains every nested identity on cold reopen
not ok 12 - actual Chapel death return reaches the dark-loft corpse without gear and retains every nested identity on cold reopen
  ---
  duration_ms: 146.901458
  type: 'test'
  location: '[home]/dev/lokacore-pm/mobile/authority/local-story/transport.test.ts:433:1'
  failureType: 'testCodeFailure'
  error: |-
    {"kind":"save_corrupt"}
    + actual - expected
    
    + 'save_corrupt'
    - 'open'
    
  code: 'ERR_ASSERTION'
  name: 'AssertionError'
  expected: 'open'
  actual: 'save_corrupt'
  operator: 'strictEqual'
  stack: |-
    open (file://[home]/dev/lokacore-pm/mobile/authority/local-story/transport.test.ts:34:12)
    setup (file://[home]/dev/lokacore-pm/mobile/authority/local-story/transport.test.ts:38:15)
    deathSetup (file://[home]/dev/lokacore-pm/mobile/authority/local-story/transport.test.ts:373:10)
    TestContext.<anonymous> (file://[home]/dev/lokacore-pm/mobile/authority/local-story/transport.test.ts:436:13)
    Test.runInAsyncScope (node:async_hooks:227:14)
    Test.run (node:internal/test_runner/test:1402:25)
    Test.processPendingSubtests (node:internal/test_runner/test:974:18)
    Test.postRun (node:internal/test_runner/test:1542:19)
    Test.run (node:internal/test_runner/test:1467:12)
    process.processTicksAndRejections (node:internal/process/task_queues:104:5)
  ...
# Subtest: a transport-only cartridge validates crossing receipts without another producer
not ok 13 - a transport-only cartridge validates crossing receipts without another producer
  ---
  duration_ms: 60.284792
  type: 'test'
  location: '[home]/dev/lokacore-pm/mobile/authority/local-story/transport.test.ts:480:1'
  failureType: 'testCodeFailure'
  error: "Cannot read properties of undefined (reading 'ashmere_missing_child@0.0.41:population/fen_hounds')"
  code: 'ERR_TEST_FAILURE'
  name: 'TypeError'
  stack: |-
    declarations (file://[home]/dev/lokacore-pm/kernel/ts/src/content/cartridge_expedition.ts:100:31)
    expedition (file://[home]/dev/lokacore-pm/kernel/ts/src/content/cartridge_expedition.ts:16:3)
    quests (file://[home]/dev/lokacore-pm/kernel/ts/src/content/cartridge_quests.ts:21:17)
    refStage (file://[home]/dev/lokacore-pm/kernel/ts/src/content/cartridge_refs.ts:216:15)
    declarations (file://[home]/dev/lokacore-pm/kernel/ts/src/content/cartridge.ts:257:8)
    file://[home]/dev/lokacore-pm/kernel/ts/src/content/cartridge.ts:79:11
    loadCartridge (file://[home]/dev/lokacore-pm/kernel/ts/src/content/cartridge.ts:83:16)
    fresh (file://[home]/dev/lokacore-pm/kernel/ts/test/transport_fixture.ts:50:14)
    setup (file://[home]/dev/lokacore-pm/mobile/authority/local-story/transport.test.ts:28:15)
    TestContext.<anonymous> (file://[home]/dev/lokacore-pm/mobile/authority/local-story/transport.test.ts:481:13)
  ...
# (node:71743) [MODULE_TYPELESS_PACKAGE_JSON] Warning: Module type of file://[home]/dev/lokacore-pm/mobile/app/book/presenter.ts is not specified and it doesn't parse as CommonJS.
# Reparsing as ES module because module syntax was detected. This incurs a performance overhead.
# To eliminate this warning, add "type": "module" to [home]/dev/lokacore-pm/mobile/app/package.json.
# (Use `node --trace-warnings ...` to show where the warning was created)
# Subtest: water entry/surface/expiry/recovery reopen with original deadline and custody, then replay once
not ok 14 - water entry/surface/expiry/recovery reopen with original deadline and custody, then replay once
  ---
  duration_ms: 210.484291
  type: 'test'
  location: '[home]/dev/lokacore-pm/mobile/authority/local-story/water.test.ts:119:1'
  failureType: 'testCodeFailure'
  error: |-
    {"kind":"save_corrupt"}
    + actual - expected
    
    + 'save_corrupt'
    - 'open'
    
  code: 'ERR_ASSERTION'
  name: 'AssertionError'
  expected: 'open'
  actual: 'save_corrupt'
  operator: 'strictEqual'
  stack: |-
    open (file://[home]/dev/lokacore-pm/mobile/authority/local-story/water.test.ts:23:12)
    setup (file://[home]/dev/lokacore-pm/mobile/authority/local-story/water.test.ts:27:15)
    TestContext.<anonymous> (file://[home]/dev/lokacore-pm/mobile/authority/local-story/water.test.ts:122:13)
    Test.runInAsyncScope (node:async_hooks:227:14)
    Test.run (node:internal/test_runner/test:1402:25)
    Test.start (node:internal/test_runner/test:1262:17)
    startSubtestAfterBootstrap (node:internal/test_runner/harness:387:17)
    process.processTicksAndRejections (node:internal/process/task_queues:104:5)
  ...
# Subtest: cold elapsed debt settles the original drowning deadline before input
not ok 15 - cold elapsed debt settles the original drowning deadline before input
  ---
  duration_ms: 151.231459
  type: 'test'
  location: '[home]/dev/lokacore-pm/mobile/authority/local-story/water.test.ts:172:1'
  failureType: 'testCodeFailure'
  error: |-
    {"kind":"save_corrupt"}
    + actual - expected
    
    + 'save_corrupt'
    - 'open'
    
  code: 'ERR_ASSERTION'
  name: 'AssertionError'
  expected: 'open'
  actual: 'save_corrupt'
  operator: 'strictEqual'
  stack: |-
    open (file://[home]/dev/lokacore-pm/mobile/authority/local-story/water.test.ts:23:12)
    setup (file://[home]/dev/lokacore-pm/mobile/authority/local-story/water.test.ts:27:15)
    TestContext.<anonymous> (file://[home]/dev/lokacore-pm/mobile/authority/local-story/water.test.ts:175:13)
    Test.runInAsyncScope (node:async_hooks:227:14)
    Test.run (node:internal/test_runner/test:1402:25)
    Test.processPendingSubtests (node:internal/test_runner/test:974:18)
    Test.postRun (node:internal/test_runner/test:1542:19)
    Test.run (node:internal/test_runner/test:1467:12)
    process.processTicksAndRejections (node:internal/process/task_queues:104:5)
    async startSubtestAfterBootstrap (node:internal/test_runner/harness:387:3)
  ...
# Subtest: real failed, uncertain absent and committed COMMIT outcomes fence water commands and reconcile once
not ok 16 - real failed, uncertain absent and committed COMMIT outcomes fence water commands and reconcile once
  ---
  duration_ms: 158.544834
  type: 'test'
  location: '[home]/dev/lokacore-pm/mobile/authority/local-story/water.test.ts:187:1'
  failureType: 'testCodeFailure'
  error: |-
    {"kind":"save_corrupt"}
    + actual - expected
    
    + 'save_corrupt'
    - 'open'
    
  code: 'ERR_ASSERTION'
  name: 'AssertionError'
  expected: 'open'
  actual: 'save_corrupt'
  operator: 'strictEqual'
  stack: |-
    open (file://[home]/dev/lokacore-pm/mobile/authority/local-story/water.test.ts:23:12)
    setup (file://[home]/dev/lokacore-pm/mobile/authority/local-story/water.test.ts:27:15)
    TestContext.<anonymous> (file://[home]/dev/lokacore-pm/mobile/authority/local-story/water.test.ts:190:17)
    Test.runInAsyncScope (node:async_hooks:227:14)
    Test.run (node:internal/test_runner/test:1402:25)
    Test.processPendingSubtests (node:internal/test_runner/test:974:18)
    Test.postRun (node:internal/test_runner/test:1542:19)
    Test.run (node:internal/test_runner/test:1467:12)
    process.processTicksAndRejections (node:internal/process/task_queues:104:5)
    async Test.processPendingSubtests (node:internal/test_runner/test:974:7)
  ...
# Subtest: malformed water and historical recovery rows refuse save_corrupt without rewriting progress
not ok 17 - malformed water and historical recovery rows refuse save_corrupt without rewriting progress
  ---
  duration_ms: 145.471
  type: 'test'
  location: '[home]/dev/lokacore-pm/mobile/authority/local-story/water.test.ts:246:1'
  failureType: 'testCodeFailure'
  error: |-
    {"kind":"save_corrupt"}
    + actual - expected
    
    + 'save_corrupt'
    - 'open'
    
  code: 'ERR_ASSERTION'
  name: 'AssertionError'
  expected: 'open'
  actual: 'save_corrupt'
  operator: 'strictEqual'
  stack: |-
    open (file://[home]/dev/lokacore-pm/mobile/authority/local-story/water.test.ts:23:12)
    setup (file://[home]/dev/lokacore-pm/mobile/authority/local-story/water.test.ts:27:15)
    TestContext.<anonymous> (file://[home]/dev/lokacore-pm/mobile/authority/local-story/water.test.ts:257:15)
    Test.runInAsyncScope (node:async_hooks:227:14)
    Test.run (node:internal/test_runner/test:1402:25)
    Test.processPendingSubtests (node:internal/test_runner/test:974:18)
    Test.postRun (node:internal/test_runner/test:1542:19)
    Test.run (node:internal/test_runner/test:1467:12)
    process.processTicksAndRejections (node:internal/process/task_queues:104:5)
    async Test.processPendingSubtests (node:internal/test_runner/test:974:7)
  ...
# Subtest: Book projects warning, confirmed remaining time, free Surface and selected original recovery once
not ok 18 - Book projects warning, confirmed remaining time, free Surface and selected original recovery once
  ---
  duration_ms: 153.669458
  type: 'test'
  location: '[home]/dev/lokacore-pm/mobile/authority/local-story/water.test.ts:317:1'
  failureType: 'testCodeFailure'
  error: |-
    {"kind":"save_corrupt"}
    + actual - expected
    
    + 'save_corrupt'
    - 'open'
    
  code: 'ERR_ASSERTION'
  name: 'AssertionError'
  expected: 'open'
  actual: 'save_corrupt'
  operator: 'strictEqual'
  stack: |-
    open (file://[home]/dev/lokacore-pm/mobile/authority/local-story/water.test.ts:23:12)
    setup (file://[home]/dev/lokacore-pm/mobile/authority/local-story/water.test.ts:27:15)
    TestContext.<anonymous> (file://[home]/dev/lokacore-pm/mobile/authority/local-story/water.test.ts:318:13)
    Test.runInAsyncScope (node:async_hooks:227:14)
    Test.run (node:internal/test_runner/test:1402:25)
    Test.processPendingSubtests (node:internal/test_runner/test:974:18)
    Test.postRun (node:internal/test_runner/test:1542:19)
    Test.run (node:internal/test_runner/test:1467:12)
    process.processTicksAndRejections (node:internal/process/task_queues:104:5)
    async Test.processPendingSubtests (node:internal/test_runner/test:974:7)
  ...
# Subtest: expiry COMMIT committed and absent branches reconcile one actual corpse with no split custody
not ok 19 - expiry COMMIT committed and absent branches reconcile one actual corpse with no split custody
  ---
  duration_ms: 145.311209
  type: 'test'
  location: '[home]/dev/lokacore-pm/mobile/authority/local-story/water.test.ts:356:1'
  failureType: 'testCodeFailure'
  error: |-
    {"kind":"save_corrupt"}
    + actual - expected
    
    + 'save_corrupt'
    - 'open'
    
  code: 'ERR_ASSERTION'
  name: 'AssertionError'
  expected: 'open'
  actual: 'save_corrupt'
  operator: 'strictEqual'
  stack: |-
    open (file://[home]/dev/lokacore-pm/mobile/authority/local-story/water.test.ts:23:12)
    setup (file://[home]/dev/lokacore-pm/mobile/authority/local-story/water.test.ts:27:15)
    TestContext.<anonymous> (file://[home]/dev/lokacore-pm/mobile/authority/local-story/water.test.ts:358:15)
    Test.runInAsyncScope (node:async_hooks:227:14)
    Test.run (node:internal/test_runner/test:1402:25)
    Test.processPendingSubtests (node:internal/test_runner/test:974:18)
    Test.postRun (node:internal/test_runner/test:1542:19)
    Test.run (node:internal/test_runner/test:1467:12)
    process.processTicksAndRejections (node:internal/process/task_queues:104:5)
    async Test.processPendingSubtests (node:internal/test_runner/test:974:7)
  ...
# Subtest: sleeping recovery stays ordinary and elapsed preflight within one generation still surfaces free
not ok 20 - sleeping recovery stays ordinary and elapsed preflight within one generation still surfaces free
  ---
  duration_ms: 143.475417
  type: 'test'
  location: '[home]/dev/lokacore-pm/mobile/authority/local-story/water.test.ts:407:1'
  failureType: 'testCodeFailure'
  error: |-
    {"kind":"save_corrupt"}
    + actual - expected
    
    + 'save_corrupt'
    - 'open'
    
  code: 'ERR_ASSERTION'
  name: 'AssertionError'
  expected: 'open'
  actual: 'save_corrupt'
  operator: 'strictEqual'
  stack: |-
    open (file://[home]/dev/lokacore-pm/mobile/authority/local-story/water.test.ts:23:12)
    setup (file://[home]/dev/lokacore-pm/mobile/authority/local-story/water.test.ts:27:15)
    TestContext.<anonymous> (file://[home]/dev/lokacore-pm/mobile/authority/local-story/water.test.ts:408:13)
    Test.runInAsyncScope (node:async_hooks:227:14)
    Test.run (node:internal/test_runner/test:1402:25)
    Test.processPendingSubtests (node:internal/test_runner/test:974:18)
    Test.postRun (node:internal/test_runner/test:1542:19)
    Test.run (node:internal/test_runner/test:1467:12)
    process.processTicksAndRejections (node:internal/process/task_queues:104:5)
    async Test.processPendingSubtests (node:internal/test_runner/test:974:7)
  ...
# Subtest: real saved recovery preserves original roots when existing held gear forces overload
not ok 21 - real saved recovery preserves original roots when existing held gear forces overload
  ---
  duration_ms: 132.976833
  type: 'test'
  location: '[home]/dev/lokacore-pm/mobile/authority/local-story/water.test.ts:439:1'
  failureType: 'testCodeFailure'
  error: |-
    {"kind":"save_corrupt"}
    + actual - expected
    
    + 'save_corrupt'
    - 'open'
    
  code: 'ERR_ASSERTION'
  name: 'AssertionError'
  expected: 'open'
  actual: 'save_corrupt'
  operator: 'strictEqual'
  stack: |-
    open (file://[home]/dev/lokacore-pm/mobile/authority/local-story/water.test.ts:23:12)
    setup (file://[home]/dev/lokacore-pm/mobile/authority/local-story/water.test.ts:27:15)
    TestContext.<anonymous> (file://[home]/dev/lokacore-pm/mobile/authority/local-story/water.test.ts:440:13)
    Test.runInAsyncScope (node:async_hooks:227:14)
    Test.run (node:internal/test_runner/test:1402:25)
    Test.processPendingSubtests (node:internal/test_runner/test:974:18)
    Test.postRun (node:internal/test_runner/test:1542:19)
    Test.run (node:internal/test_runner/test:1467:12)
    process.processTicksAndRejections (node:internal/process/task_queues:104:5)
    async Test.processPendingSubtests (node:internal/test_runner/test:974:7)
  ...
# Subtest: two eligible corpses select one actual identity and keep the other original roots
not ok 22 - two eligible corpses select one actual identity and keep the other original roots
  ---
  duration_ms: 125.335333
  type: 'test'
  location: '[home]/dev/lokacore-pm/mobile/authority/local-story/water.test.ts:466:1'
  failureType: 'testCodeFailure'
  error: |-
    {"kind":"save_corrupt"}
    + actual - expected
    
    + 'save_corrupt'
    - 'open'
    
  code: 'ERR_ASSERTION'
  name: 'AssertionError'
  expected: 'open'
  actual: 'save_corrupt'
  operator: 'strictEqual'
  stack: |-
    open (file://[home]/dev/lokacore-pm/mobile/authority/local-story/water.test.ts:23:12)
    setup (file://[home]/dev/lokacore-pm/mobile/authority/local-story/water.test.ts:27:15)
    TestContext.<anonymous> (file://[home]/dev/lokacore-pm/mobile/authority/local-story/water.test.ts:467:13)
    Test.runInAsyncScope (node:async_hooks:227:14)
    Test.run (node:internal/test_runner/test:1402:25)
    Test.processPendingSubtests (node:internal/test_runner/test:974:18)
    Test.postRun (node:internal/test_runner/test:1542:19)
    Test.run (node:internal/test_runner/test:1467:12)
    process.processTicksAndRejections (node:internal/process/task_queues:104:5)
    async Test.processPendingSubtests (node:internal/test_runner/test:974:7)
  ...
# (node:71744) [MODULE_TYPELESS_PACKAGE_JSON] Warning: Module type of file://[home]/dev/lokacore-pm/mobile/app/book/presenter.ts is not specified and it doesn't parse as CommonJS.
# Reparsing as ES module because module syntax was detected. This incurs a performance overhead.
# To eliminate this warning, add "type": "module" to [home]/dev/lokacore-pm/mobile/app/package.json.
# (Use `node --trace-warnings ...` to show where the warning was created)
# Subtest: Western rooms and both exact standalone Read histories survive cold SQLite reopen without story credit
not ok 23 - Western rooms and both exact standalone Read histories survive cold SQLite reopen without story credit
  ---
  duration_ms: 219.431333
  type: 'test'
  location: '[home]/dev/lokacore-pm/mobile/authority/local-story/western_ashmere.test.ts:80:1'
  failureType: 'testCodeFailure'
  error: |-
    {"kind":"saved","replay":false,"revision":0,"decision":{"kind":"rejected","error":{"code":"unsupported_capability"}}}
    + actual - expected
    
    + 'rejected'
    - 'accepted'
    
  code: 'ERR_ASSERTION'
  name: 'AssertionError'
  expected: 'accepted'
  actual: 'rejected'
  operator: 'strictEqual'
  stack: |-
    invoke (file://[home]/dev/lokacore-pm/mobile/authority/local-story/western_ashmere.test.ts:39:12)
    file://[home]/dev/lokacore-pm/mobile/authority/local-story/western_ashmere.test.ts:43:39
    Array.forEach (<anonymous>)
    Object.move (file://[home]/dev/lokacore-pm/mobile/authority/local-story/western_ashmere.test.ts:43:16)
    TestContext.<anonymous> (file://[home]/dev/lokacore-pm/mobile/authority/local-story/western_ashmere.test.ts:85:5)
    Test.runInAsyncScope (node:async_hooks:227:14)
    Test.run (node:internal/test_runner/test:1402:25)
    Test.start (node:internal/test_runner/test:1262:17)
    startSubtestAfterBootstrap (node:internal/test_runner/harness:387:17)
    process.processTicksAndRejections (node:internal/process/task_queues:104:5)
  ...
# Subtest: Hob departure and return retain original identity and saved Conversation Leave at the two dawn/dusk boundaries
not ok 24 - Hob departure and return retain original identity and saved Conversation Leave at the two dawn/dusk boundaries
  ---
  duration_ms: 146.538792
  type: 'test'
  location: '[home]/dev/lokacore-pm/mobile/authority/local-story/western_ashmere.test.ts:136:1'
  failureType: 'testCodeFailure'
  error: |-
    {"kind":"saved","replay":false,"revision":0,"decision":{"kind":"rejected","error":{"code":"unsupported_capability"}}}
    + actual - expected
    
    + 'rejected'
    - 'accepted'
    
  code: 'ERR_ASSERTION'
  name: 'AssertionError'
  expected: 'accepted'
  actual: 'rejected'
  operator: 'strictEqual'
  stack: |-
    Object.invoke (file://[home]/dev/lokacore-pm/mobile/authority/local-story/western_ashmere.test.ts:39:12)
    TestContext.<anonymous> (file://[home]/dev/lokacore-pm/mobile/authority/local-story/western_ashmere.test.ts:151:5)
    Test.runInAsyncScope (node:async_hooks:227:14)
    Test.run (node:internal/test_runner/test:1402:25)
    Test.processPendingSubtests (node:internal/test_runner/test:974:18)
    Test.postRun (node:internal/test_runner/test:1542:19)
    Test.run (node:internal/test_runner/test:1467:12)
    process.processTicksAndRejections (node:internal/process/task_queues:104:5)
    async startSubtestAfterBootstrap (node:internal/test_runner/harness:387:3)
  ...
# Subtest: actual death returns gearless through Chapel and recovers original nested possessions in both dark mill branches
not ok 25 - actual death returns gearless through Chapel and recovers original nested possessions in both dark mill branches
  ---
  duration_ms: 157.401375
  type: 'test'
  location: '[home]/dev/lokacore-pm/mobile/authority/local-story/western_ashmere.test.ts:184:1'
  failureType: 'testCodeFailure'
  error: |-
    {"kind":"saved","replay":false,"revision":0,"decision":{"kind":"rejected","error":{"code":"unsupported_capability"}}}
    + actual - expected
    
    + 'rejected'
    - 'accepted'
    
  code: 'ERR_ASSERTION'
  name: 'AssertionError'
  expected: 'accepted'
  actual: 'rejected'
  operator: 'strictEqual'
  stack: |-
    Object.invoke (file://[home]/dev/lokacore-pm/mobile/authority/local-story/western_ashmere.test.ts:39:12)
    TestContext.<anonymous> (file://[home]/dev/lokacore-pm/mobile/authority/local-story/western_ashmere.test.ts:218:7)
    Test.runInAsyncScope (node:async_hooks:227:14)
    Test.run (node:internal/test_runner/test:1402:25)
    Test.processPendingSubtests (node:internal/test_runner/test:974:18)
    Test.postRun (node:internal/test_runner/test:1542:19)
    Test.run (node:internal/test_runner/test:1467:12)
    process.processTicksAndRejections (node:internal/process/task_queues:104:5)
    async Test.processPendingSubtests (node:internal/test_runner/test:974:7)
  ...
1..25
# tests 25
# suites 0
# pass 1
# fail 24
# cancelled 0
# skipped 0
# todo 0
# duration_ms 2607.621125
