COMMAND: current-source headless sim seeds 1..200, stopped at first failure
EXIT: 1
{"seed":71,"failure":{"id":"gameview_agrees_with_admission","detail":"not_found","at":11},"commands":[{"id":"bdea6152-b93b-87c6-920f-f2f7843d2217","world_context_id":"3e9ccb79-f4fc-83fa-97ce-759251dc3441","payload":{"actor_id":"574dfb63-b6eb-8db4-bf09-d2c166de114b","type":"unlock","direction":"west"}},{"id":"ec819fd1-694c-8e2b-a708-d92a8e4ee4e0","world_context_id":"3e9ccb79-f4fc-83fa-97ce-759251dc3441","payload":{"actor_id":"574dfb63-b6eb-8db4-bf09-d2c166de114b","type":"wait","until":68400}},{"id":"6d84e88a-01fb-85d2-9ae7-2ae9cb4ca08c","world_context_id":"3e9ccb79-f4fc-83fa-97ce-759251dc3441","payload":{"actor_id":"574dfb63-b6eb-8db4-bf09-d2c166de114b","type":"wait","until":68400}},{"id":"17466062-f401-8bc9-bd41-74e5aa0f5134","world_context_id":"3e9ccb79-f4fc-83fa-97ce-759251dc3441","payload":{"actor_id":"574dfb63-b6eb-8db4-bf09-d2c166de114b","type":"toString"}},{"id":"e95e952a-0ba7-83d2-92fe-47332e817933","world_context_id":"3e9ccb79-f4fc-83fa-97ce-759251dc3441","payload":{"actor_id":"574dfb63-b6eb-8db4-bf09-d2c166de114b","type":"move","direction":"north"}},{"id":"2e322bf7-800b-890e-93f8-4f25dad38287","world_context_id":"3e9ccb79-f4fc-83fa-97ce-759251dc3441","payload":{"actor_id":"574dfb63-b6eb-8db4-bf09-d2c166de114b","type":"scan"}},{"id":"4e8efadf-9e51-8a96-96d9-eaa261b20e97","world_context_id":"3e9ccb79-f4fc-83fa-97ce-759251dc3441","payload":{"actor_id":"574dfb63-b6eb-8db4-bf09-d2c166de114b","type":"move","direction":"east"}},{"id":"cb19c5aa-f18c-8e19-87bf-d4e56dc669f0","world_context_id":"3e9ccb79-f4fc-83fa-97ce-759251dc3441","payload":{"actor_id":"574dfb63-b6eb-8db4-bf09-d2c166de114b","type":"dance"}},{"id":"aa6805aa-3d7d-8498-8c73-4235305fc6ba","world_context_id":"3e9ccb79-f4fc-83fa-97ce-759251dc3441","payload":{"actor_id":"574dfb63-b6eb-8db4-bf09-d2c166de114b","type":"look","target_id":"8f4e13ca-60f5-8940-8c25-0bf24a71fdef"}},{"id":"9f5d081d-edfc-8d69-8e58-dcc395279504","world_context_id":"3e9ccb79-f4fc-83fa-97ce-759251dc3441","payload":{"actor_id":"574dfb63-b6eb-8db4-bf09-d2c166de114b","type":"read"}},{"id":"b9dd40f9-c086-872c-8f1f-69cabbb441f1","world_context_id":"3e9ccb79-f4fc-83fa-97ce-759251dc3441","payload":{"actor_id":"574dfb63-b6eb-8db4-bf09-d2c166de114b","type":"wait","until":86400}},{"id":"30858780-d5d8-817d-ac0d-91e4e2e837a5","world_context_id":"80bb96e1-f6d7-8212-aba3-6dc0ebd97dba","payload":{"actor_id":"574dfb63-b6eb-8db4-bf09-d2c166de114b","type":"use_service","provider_id":"805e1ff5-143b-89c6-8977-3072d3ee0a45","service":{"cartridge_id":"ashmere_missing_child","cartridge_version":"0.0.30","key":"lantern_meal","kind":"service"},"quoted_price":2}}]}
node:internal/modules/run_main:107
    triggerUncaughtException(
    ^

AssertionError [ERR_ASSERTION]: {"seed":71,"failure":{"id":"gameview_agrees_with_admission","detail":"not_found","at":11}}
+ actual - expected

+ {
+   at: 11,
+   detail: 'not_found',
+   id: 'gameview_agrees_with_admission'
+ }
- undefined

    at file://[scratch-path] {
  generatedMessage: false,
  code: 'ERR_ASSERTION',
  actual: { id: 'gameview_agrees_with_admission', detail: 'not_found', at: 11 },
  expected: undefined,
  operator: 'strictEqual',
  diff: 'simple'
}

Node.js v24.21.0
