COMMAND: node --test mobile/app/book/notice_board.test.ts
EXIT: 0
(node:10720) [MODULE_TYPELESS_PACKAGE_JSON] Warning: Module type of file://[worktree]/mobile/app/book/notice_board.test.ts is not specified and it doesn't parse as CommonJS.
Reparsing as ES module because module syntax was detected. This incurs a performance overhead.
To eliminate this warning, add "type": "module" to [worktree]/mobile/app/package.json.
(Use `node --trace-warnings ...` to show where the warning was created)
✔ landing detail and two board children read exact targets and pop back without navigation receipts (64.366917ms)
✔ the south search reaches the oak and returns through visible fox clues (34.570167ms)
✔ cold Continue shows the confirmed notice once and restores its return route without Read (65.409833ms)
✔ an uncertain child read keeps an empty detail until its one receipt is confirmed (17.73775ms)
✔ long elapsed redraw retains board route and a real room change prunes it (26.728625ms)
✔ notice entries use available exact-target aliases and expose unavailable reasons (28.94375ms)
✔ Elspeth stays reachable all day and her Book replies direct a newcomer along usable exits (86.778541ms)
✔ Q1 drawing opens full item detail with Take and local Leave (18.916833ms)
✔ plank and hollow open descriptive noun detail pages without story credit (26.993584ms)
✔ Study is a detail-only empty-target control after Read/history and refreshes across elapsed redraw (34.989209ms)
✔ pending Study retains its detail context and restores exactly once without World narration (74.39675ms)
ℹ tests 11
ℹ suites 0
ℹ pass 11
ℹ fail 0
ℹ cancelled 0
ℹ skipped 0
ℹ todo 0
ℹ duration_ms 890.64925
