COMMAND: node --test mobile/authority/local-story/western_ashmere.test.ts
EXIT: 1
(node:6153) [MODULE_TYPELESS_PACKAGE_JSON] Warning: Module type of file://[worktree]/mobile/app/book/presenter.ts is not specified and it doesn't parse as CommonJS.
Reparsing as ES module because module syntax was detected. This incurs a performance overhead.
To eliminate this warning, add "type": "module" to [worktree]/mobile/app/package.json.
(Use `node --trace-warnings ...` to show where the warning was created)
✖ Western rooms and both exact standalone Read histories survive cold SQLite reopen without story credit (169.666708ms)
✔ Hob departure and return retain original identity and saved Conversation Leave at the two dawn/dusk boundaries (694.465375ms)
✔ actual death returns gearless through Chapel and recovers original nested possessions in both dark mill branches (1272.80775ms)
ℹ tests 3
ℹ suites 0
ℹ pass 2
ℹ fail 1
ℹ cancelled 0
ℹ skipped 0
ℹ todo 0
ℹ duration_ms 2876.871458

✖ failing tests:

test at mobile/authority/local-story/western_ashmere.test.ts:78:1
✖ Western rooms and both exact standalone Read histories survive cold SQLite reopen without story credit (169.666708ms)
  AssertionError [ERR_ASSERTION]: Expected values to be strictly deep-equal:
  + actual - expected
  
    [
  +   'This cottage is for sale. Enquiries may be left with the miller. No terms have been agreed.'
  -   'Grain received, flour delivered. Hob has balanced every line; a note in the margin reads: Mind the loose board upstairs.'
    ]
  
      at TestContext.<anonymous> (file://[worktree]/mobile/authority/local-story/western_ashmere.test.ts:100:12)
      at Test.runInAsyncScope (node:async_hooks:227:14)
      at Test.run (node:internal/test_runner/test:1402:25)
      at Test.start (node:internal/test_runner/test:1262:17)
      at startSubtestAfterBootstrap (node:internal/test_runner/harness:387:17)
      at process.processTicksAndRejections (node:internal/process/task_queues:104:5) {
    generatedMessage: true,
    code: 'ERR_ASSERTION',
    actual: [ 'This cottage is for sale. Enquiries may be left with the miller. No terms have been agreed.' ],
    expected: [ 'Grain received, flour delivered. Hob has balanced every line; a note in the margin reads: Mind the loose board upstairs.' ],
    operator: 'deepStrictEqual',
    diff: 'simple'
  }
