COMMAND: node --test kernel/ts/test/western_ashmere.test.ts
EXIT: 1
✔ literal Western Ashmere route visits all five rooms and returns through the preserved east exit (96.14725ms)
✖ original Hob starts at dusk in the loft and alternates at literal next-day schedule boundaries (54.637ms)
✔ illuminated Mill Cellar has no new NPC or rat population (64.535ms)
ℹ tests 3
ℹ suites 0
ℹ pass 2
ℹ fail 1
ℹ cancelled 0
ℹ skipped 0
ℹ todo 0
ℹ duration_ms 1089.134541

✖ failing tests:

test at kernel/ts/test/western_ashmere.test.ts:40:1
✖ original Hob starts at dusk in the loft and alternates at literal next-day schedule boundaries (54.637ms)
  AssertionError [ERR_ASSERTION]: Expected values to be strictly equal:
  + actual - expected
  
  + 'b03b53e3-456d-8c7a-b056-ff22f4adf06d'
  - '1f15fe56-3e56-8cfa-812b-1f231844c782'
  
      at TestContext.<anonymous> (file://[worktree]/kernel/ts/test/western_ashmere.test.ts:51:10)
      at Test.runInAsyncScope (node:async_hooks:227:14)
      at Test.run (node:internal/test_runner/test:1402:25)
      at Test.processPendingSubtests (node:internal/test_runner/test:974:18)
      at Test.postRun (node:internal/test_runner/test:1542:19)
      at Test.run (node:internal/test_runner/test:1467:12)
      at async startSubtestAfterBootstrap (node:internal/test_runner/harness:387:3) {
    generatedMessage: true,
    code: 'ERR_ASSERTION',
    actual: 'b03b53e3-456d-8c7a-b056-ff22f4adf06d',
    expected: '1f15fe56-3e56-8cfa-812b-1f231844c782',
    operator: 'strictEqual',
    diff: 'simple'
  }
