COMMAND: node --test kernel/ts/test/western_ashmere.test.ts mobile/authority/local-story/western_ashmere.test.ts
EXIT: 1
✔ literal Western Ashmere route visits all five rooms and returns through the preserved east exit (105.778542ms)
✖ original Hob starts at dusk in the loft and alternates at literal next-day schedule boundaries (64.461333ms)
✔ illuminated Mill Cellar has no new NPC or rat population (61.488958ms)
(node:5831) [MODULE_TYPELESS_PACKAGE_JSON] Warning: Module type of file://[worktree]/mobile/app/book/presenter.ts is not specified and it doesn't parse as CommonJS.
Reparsing as ES module because module syntax was detected. This incurs a performance overhead.
To eliminate this warning, add "type": "module" to [worktree]/mobile/app/package.json.
(Use `node --trace-warnings ...` to show where the warning was created)
✔ Western rooms and both exact standalone Read histories survive cold SQLite reopen without story credit (979.531625ms)
✖ Hob departure and return retain original identity and saved Conversation Leave at the two dawn/dusk boundaries (210.46225ms)
✔ actual death returns gearless through Chapel and recovers original nested possessions in both dark mill branches (1129.519334ms)
ℹ tests 6
ℹ suites 0
ℹ pass 4
ℹ fail 2
ℹ cancelled 0
ℹ skipped 0
ℹ todo 0
ℹ duration_ms 3367.71275

✖ failing tests:

test at kernel/ts/test/western_ashmere.test.ts:40:1
✖ original Hob starts at dusk in the loft and alternates at literal next-day schedule boundaries (64.461333ms)
  AssertionError [ERR_ASSERTION]: Expected values to be strictly equal:
  
  111600 !== 108000
  
      at TestContext.<anonymous> (file://[worktree]/kernel/ts/test/western_ashmere.test.ts:52:10)
      at Test.runInAsyncScope (node:async_hooks:227:14)
      at Test.run (node:internal/test_runner/test:1402:25)
      at Test.processPendingSubtests (node:internal/test_runner/test:974:18)
      at Test.postRun (node:internal/test_runner/test:1542:19)
      at Test.run (node:internal/test_runner/test:1467:12)
      at async startSubtestAfterBootstrap (node:internal/test_runner/harness:387:3) {
    generatedMessage: true,
    code: 'ERR_ASSERTION',
    actual: 111600,
    expected: 108000,
    operator: 'strictEqual',
    diff: 'simple'
  }

test at mobile/authority/local-story/western_ashmere.test.ts:133:1
✖ Hob departure and return retain original identity and saved Conversation Leave at the two dawn/dusk boundaries (210.46225ms)
  AssertionError [ERR_ASSERTION]: Expected values to be strictly deep-equal:
  + actual - expected
  
    [
      {
  +     id: '3592b213-4e3c-892f-bfca-e2653121110e',
  +     kind: 'thing'
  -     kind: 'dialogue',
  -     speaker: '3592b213-4e3c-892f-bfca-e2653121110e'
      }
    ]
  
      at TestContext.<anonymous> (file://[worktree]/mobile/authority/local-story/western_ashmere.test.ts:159:10)
      at Test.runInAsyncScope (node:async_hooks:227:14)
      at Test.run (node:internal/test_runner/test:1402:25)
      at Test.processPendingSubtests (node:internal/test_runner/test:974:18)
      at Test.postRun (node:internal/test_runner/test:1542:19)
      at Test.run (node:internal/test_runner/test:1467:12)
      at process.processTicksAndRejections (node:internal/process/task_queues:104:5)
      at async startSubtestAfterBootstrap (node:internal/test_runner/harness:387:3) {
    generatedMessage: true,
    code: 'ERR_ASSERTION',
    actual: [ { kind: 'thing', id: '3592b213-4e3c-892f-bfca-e2653121110e' } ],
    expected: [ { kind: 'dialogue', speaker: '3592b213-4e3c-892f-bfca-e2653121110e' } ],
    operator: 'deepStrictEqual',
    diff: 'simple'
  }
