COMMAND: node --test kernel/ts/test/western_ashmere.test.ts mobile/authority/local-story/western_ashmere.test.ts
EXIT: 1
✔ literal Western Ashmere route visits all five rooms and returns through the preserved east exit (91.114ms)
✖ original Hob starts at dusk in the loft and alternates at literal next-day schedule boundaries (63.686ms)
✔ illuminated Mill Cellar has no new NPC or rat population (52.673875ms)
(node:6027) [MODULE_TYPELESS_PACKAGE_JSON] Warning: Module type of file://[worktree]/mobile/app/book/presenter.ts is not specified and it doesn't parse as CommonJS.
Reparsing as ES module because module syntax was detected. This incurs a performance overhead.
To eliminate this warning, add "type": "module" to [worktree]/mobile/app/package.json.
(Use `node --trace-warnings ...` to show where the warning was created)
✔ Western rooms and both exact standalone Read histories survive cold SQLite reopen without story credit (839.116334ms)
✖ Hob departure and return retain original identity and saved Conversation Leave at the two dawn/dusk boundaries (508.877084ms)
✔ actual death returns gearless through Chapel and recovers original nested possessions in both dark mill branches (1078.257583ms)
ℹ tests 6
ℹ suites 0
ℹ pass 4
ℹ fail 2
ℹ cancelled 0
ℹ skipped 0
ℹ todo 0
ℹ duration_ms 3187.269834

✖ failing tests:

test at kernel/ts/test/western_ashmere.test.ts:40:1
✖ original Hob starts at dusk in the loft and alternates at literal next-day schedule boundaries (63.686ms)
  AssertionError [ERR_ASSERTION]: Expected values to be strictly equal:
  + actual - expected
  
  + 'b03b53e3-456d-8c7a-b056-ff22f4adf06d'
  - '1f15fe56-3e56-8cfa-812b-1f231844c782'
  
      at TestContext.<anonymous> (file://[worktree]/kernel/ts/test/western_ashmere.test.ts:96:10)
      at Test.runInAsyncScope (node:async_hooks:227:14)
      at Test.run (node:internal/test_runner/test:1402:25)
      at Test.processPendingSubtests (node:internal/test_runner/test:974:18)
      at Test.postRun (node:internal/test_runner/test:1542:19)
      at Test.run (node:internal/test_runner/test:1467:12)
      at async startSubtestAfterBootstrap (node:internal/test_runner/harness:387:3) {
    generatedMessage: true,
    code: 'ERR_ASSERTION',
    actual: 'b03b53e3-456d-8c7a-b056-ff22f4adf06d',
    expected: '1f15fe56-3e56-8cfa-812b-1f231844c782',
    operator: 'strictEqual',
    diff: 'simple'
  }

test at mobile/authority/local-story/western_ashmere.test.ts:133:1
✖ Hob departure and return retain original identity and saved Conversation Leave at the two dawn/dusk boundaries (508.877084ms)
  AssertionError [ERR_ASSERTION]: Expected values to be strictly equal:
  
  true !== false
  
      at TestContext.<anonymous> (file://[worktree]/mobile/authority/local-story/western_ashmere.test.ts:172:10)
      at Test.runInAsyncScope (node:async_hooks:227:14)
      at Test.run (node:internal/test_runner/test:1402:25)
      at Test.processPendingSubtests (node:internal/test_runner/test:974:18)
      at Test.postRun (node:internal/test_runner/test:1542:19)
      at Test.run (node:internal/test_runner/test:1467:12)
      at process.processTicksAndRejections (node:internal/process/task_queues:104:5)
      at async startSubtestAfterBootstrap (node:internal/test_runner/harness:387:3) {
    generatedMessage: true,
    code: 'ERR_ASSERTION',
    actual: true,
    expected: false,
    operator: 'strictEqual',
    diff: 'simple'
  }
