COMMAND: node --test kernel/ts/test/western_ashmere.test.ts
EXIT: 1
✔ literal Western Ashmere route visits all five rooms and returns through the preserved east exit (99.967875ms)
✔ original Hob starts at dusk in the loft and alternates at literal next-day schedule boundaries (136.510583ms)
✖ illuminated Mill Cellar has no new NPC or rat population (60.494667ms)
ℹ tests 3
ℹ suites 0
ℹ pass 2
ℹ fail 1
ℹ cancelled 0
ℹ skipped 0
ℹ todo 0
ℹ duration_ms 1226.331875

✖ failing tests:

test at kernel/ts/test/western_ashmere.test.ts:111:1
✖ illuminated Mill Cellar has no new NPC or rat population (60.494667ms)
  AssertionError [ERR_ASSERTION]: Expected values to be strictly deep-equal:
  + actual - expected
  
  + [
  +   {
  +     actions: [
  +       {
  +         action_key: 'attack',
  +         available: true,
  +         input: [],
  +         label: 'action.attack',
  +         target: {
  +           kind: 'entity',
  +           scopes: [
  +             'room_occupants'
  +           ]
  +         }
  +       }
  +     ],
  +     description: 'npc.cellar_rat.description',
  +     id: 'b53e677f-7d1b-8954-bab9-d66f7acf1f09',
  +     kind: 'npc',
  +     name: 'npc.cellar_rat.short'
  +   }
  + ]
  - []
  
      at TestContext.<anonymous> (file://[worktree]/kernel/ts/test/western_ashmere.test.ts:125:10)
      at Test.runInAsyncScope (node:async_hooks:227:14)
      at Test.run (node:internal/test_runner/test:1402:25)
      at Test.processPendingSubtests (node:internal/test_runner/test:974:18)
      at Test.postRun (node:internal/test_runner/test:1542:19)
      at Test.run (node:internal/test_runner/test:1467:12)
      at async Test.processPendingSubtests (node:internal/test_runner/test:974:7) {
    generatedMessage: true,
    code: 'ERR_ASSERTION',
    actual: [ { id: 'b53e677f-7d1b-8954-bab9-d66f7acf1f09', name: 'npc.cellar_rat.short', description: 'npc.cellar_rat.description', kind: 'npc', actions: [Array] } ],
    expected: [],
    operator: 'deepStrictEqual',
    diff: 'simple'
  }
