COMMAND: shasum -a 256 -c SHA256SUMS
EXIT: 0
baseline-focused.log: OK
d3-book-typecheck.log: OK
d3-compiler-focused.log: OK
d3-evidence-hook-red.log: OK
d3-existing-focused.log: OK
d3-forced-carry.log: OK
d3-sim-comparison.log: OK
d3-sim-diagnostic.log: OK
d3-sim-repro.log: OK
d3-source-commit.log: OK
d3-typecheck-final2.log: OK
final-compiler.log: OK
final-source-focused.log: OK
mutation-status.json: OK
new-document-binding-red.log: OK
new-hob-boundary-red.log: OK
new-mill-return-red.log: OK
old-control-status.json: OK
old-document-binding-survives.log: OK
old-hob-boundary-survives.log: OK
old-mill-return-survives.log: OK
old-s1-survives-new-rat.log: OK
red-hob-dawn.log: OK
red-hob-dusk.log: OK
red-hob-start.log: OK
red-ledger-binding.log: OK
red-mill-return.log: OK
red-mill_cellar-darkness.log: OK
red-mill_loft-darkness.log: OK
red-new-cellar-rat.log: OK
red-sign-binding.log: OK
restored-focused.log: OK
sim-envelope-repro.mjs: OK
